[GC (Allocation Failure)  76800K->35704K(249344K), 0.0181393 secs]
[GC (Allocation Failure)  112504K->58632K(249344K), 0.0187388 secs]
[GC (Allocation Failure)  135432K->81528K(249344K), 0.0173883 secs]
[GC (Allocation Failure)  158328K->104440K(249344K), 0.0169406 secs]
[GC (Allocation Failure)  181240K->127352K(249344K), 0.0167894 secs]
[GC (Allocation Failure)  204152K->150256K(207360K), 0.0179288 secs]
[Full GC (Ergonomics)  150256K->35463K(209408K), 0.0945119 secs]
[GC (Allocation Failure)  70279K->68359K(230400K), 0.0329431 secs]
[GC (Allocation Failure)  103175K->68359K(230400K), 0.0354176 secs]
[GC (Allocation Failure)  103175K->68359K(230400K), 0.0379225 secs]
[GC (Allocation Failure)  103175K->68391K(230400K), 0.0369393 secs]
[GC (Allocation Failure)  103207K->68359K(230400K), 0.0317856 secs]
[GC (Allocation Failure)  103175K->68359K(230400K), 0.0310215 secs]
[GC (Allocation Failure)  103175K->68359K(230400K), 0.0312382 secs]
[GC (Allocation Failure)  103175K->68359K(230400K), 0.0312036 secs]
[GC (Allocation Failure)  103175K->68359K(230400K), 0.0336316 secs]
[GC (Allocation Failure)  103175K->68359K(230400K), 0.0317656 secs]
[GC (Allocation Failure)  103175K->68327K(230400K), 0.0326710 secs]
[GC (Allocation Failure)  103143K->68359K(230400K), 0.0325092 secs]
[GC (Allocation Failure)  103175K->68359K(230400K), 0.0320164 secs]
[GC (Allocation Failure)  103175K->68359K(230400K), 0.0335026 secs]
[GC (Allocation Failure)  103175K->68359K(230400K), 0.0332560 secs]
[GC (Allocation Failure)  103175K->68359K(230400K), 0.0319827 secs]
[GC (Allocation Failure)  103175K->68391K(230400K), 0.0327586 secs]
[GC (Allocation Failure)  103207K->68391K(230400K), 0.0340117 secs]
[GC (Allocation Failure)  103207K->68359K(230400K), 0.0313691 secs]
[GC (Allocation Failure)  103175K->68359K(230400K), 0.0330304 secs]
[GC (Allocation Failure)  103175K->68327K(230400K), 0.0309952 secs]
[GC (Allocation Failure)  103143K->68359K(230400K), 0.0314166 secs]
[GC (Allocation Failure)  103175K->68391K(230400K), 0.0330650 secs]
[GC (Allocation Failure)  103207K->68391K(230400K), 0.0320497 secs]
[GC (Allocation Failure)  103207K->68359K(230400K), 0.0323675 secs]
[GC (Allocation Failure)  103175K->68359K(230400K), 0.0320861 secs]
[GC (Allocation Failure)  103175K->68359K(230400K), 0.0325905 secs]
[GC (Allocation Failure)  103175K->68359K(230400K), 0.0326337 secs]
[GC (Allocation Failure)  103175K->68327K(230400K), 0.0311539 secs]
[GC (Allocation Failure)  103143K->68359K(230400K), 0.0337425 secs]
[GC (Allocation Failure)  103175K->68359K(230400K), 0.0343834 secs]
[GC (Allocation Failure)  103175K->68391K(230400K), 0.0325143 secs]
[GC (Allocation Failure)  103207K->68327K(230400K), 0.0317411 secs]
[GC (Allocation Failure)  103143K->68359K(230400K), 0.0317027 secs]
[GC (Allocation Failure)  103175K->68359K(230400K), 0.0310281 secs]
[GC (Allocation Failure)  103175K->68359K(230400K), 0.0345881 secs]
[GC (Allocation Failure)  103175K->68391K(230400K), 0.0341182 secs]
[GC (Allocation Failure)  103207K->68359K(230400K), 0.0320978 secs]
[GC (Allocation Failure)  103175K->68359K(230400K), 0.0320628 secs]
[GC (Allocation Failure)  103175K->68359K(230400K), 0.0322227 secs]
[GC (Allocation Failure)  103175K->68359K(230400K), 0.0323248 secs]
[GC (Allocation Failure)  103175K->68359K(230400K), 0.0317562 secs]
[GC (Allocation Failure)  103175K->68359K(230400K), 0.0307007 secs]
[GC (Allocation Failure)  103175K->68391K(230912K), 0.0311192 secs]
[GC (Allocation Failure)  103719K->68327K(230400K), 0.0315336 secs]
[GC (Allocation Failure)  103655K->68359K(230912K), 0.0313114 secs]
[GC (Allocation Failure)  104199K->68327K(230912K), 0.0305270 secs]
[GC (Allocation Failure)  104167K->68359K(230912K), 0.0340426 secs]
[GC (Allocation Failure)  104199K->68359K(230912K), 0.0321854 secs]
[GC (Allocation Failure)  104199K->68359K(230912K), 0.0357427 secs]
[GC (Allocation Failure)  104199K->68359K(230912K), 0.0340670 secs]
[GC (Allocation Failure)  104199K->68391K(230912K), 0.0329314 secs]
[GC (Allocation Failure)  104231K->68359K(230912K), 0.0335310 secs]
[GC (Allocation Failure)  104199K->68391K(230912K), 0.0294823 secs]
[GC (Allocation Failure)  104231K->68359K(230912K), 0.0326101 secs]
[GC (Allocation Failure)  104199K->68359K(230912K), 0.0351238 secs]
[GC (Allocation Failure)  104199K->68327K(230912K), 0.0324582 secs]
[GC (Allocation Failure)  104167K->68391K(230912K), 0.0326430 secs]
[GC (Allocation Failure)  104231K->68359K(230912K), 0.0333151 secs]
[GC (Allocation Failure)  104199K->68359K(230912K), 0.0327493 secs]
[GC (Allocation Failure)  104199K->68391K(230912K), 0.0323284 secs]
[GC (Allocation Failure)  104231K->68327K(230912K), 0.0319483 secs]
[GC (Allocation Failure)  104167K->68359K(230912K), 0.0320772 secs]
[GC (Allocation Failure)  104199K->68359K(230912K), 0.0319504 secs]
[GC (Allocation Failure)  104199K->68359K(230912K), 0.0315135 secs]
[GC (Allocation Failure)  104199K->68359K(230912K), 0.0298021 secs]
[GC (Allocation Failure)  104199K->68359K(230912K), 0.0366631 secs]
[GC (Allocation Failure)  104199K->68359K(230912K), 0.0305702 secs]
[GC (Allocation Failure)  104199K->68359K(230912K), 0.0414412 secs]
[GC (Allocation Failure)  104199K->68359K(230912K), 0.0302191 secs]
[GC (Allocation Failure)  104199K->68359K(230912K), 0.0319724 secs]
[GC (Allocation Failure)  104199K->68327K(230912K), 0.0313849 secs]
[GC (Allocation Failure)  104167K->68359K(230912K), 0.0344823 secs]
[GC (Allocation Failure)  104199K->68359K(230912K), 0.0314215 secs]
[GC (Allocation Failure)  104199K->68391K(230912K), 0.0326716 secs]
[GC (Allocation Failure)  104231K->68359K(230912K), 0.0331149 secs]
[GC (Allocation Failure)  104199K->68391K(230912K), 0.0320308 secs]
[GC (Allocation Failure)  104231K->68359K(230912K), 0.0306270 secs]
[GC (Allocation Failure)  104199K->68359K(230912K), 0.0306974 secs]
[GC (Allocation Failure)  104199K->68391K(230912K), 0.0309477 secs]
[GC (Allocation Failure)  104231K->68359K(230912K), 0.0312444 secs]
[GC (Allocation Failure)  104199K->68359K(230912K), 0.0350729 secs]
[GC (Allocation Failure)  104199K->68359K(230912K), 0.0318927 secs]
[GC (Allocation Failure)  104199K->68359K(230912K), 0.0330364 secs]
[GC (Allocation Failure)  104199K->68391K(230912K), 0.0325289 secs]
[GC (Allocation Failure)  104231K->68359K(230912K), 0.0318183 secs]
[GC (Allocation Failure)  104199K->68327K(230912K), 0.0319459 secs]
[GC (Allocation Failure)  104167K->68359K(230912K), 0.0317631 secs]
[GC (Allocation Failure)  104199K->68359K(230912K), 0.0311647 secs]
[GC (Allocation Failure)  104199K->68359K(230912K), 0.0305088 secs]
[GC (Allocation Failure)  104199K->68391K(230912K), 0.0315995 secs]
[GC (Allocation Failure)  104231K->68359K(230912K), 0.0312077 secs]
[GC (Allocation Failure)  104199K->68391K(230912K), 0.0325188 secs]
[GC (Allocation Failure)  104231K->68327K(230912K), 0.0349816 secs]
[GC (Allocation Failure)  104167K->68359K(230912K), 0.0389999 secs]
[GC (Allocation Failure)  104199K->68359K(230912K), 0.0364906 secs]
[GC (Allocation Failure)  104199K->68359K(230912K), 0.0330004 secs]
[GC (Allocation Failure)  104199K->68391K(230912K), 0.0326846 secs]
[GC (Allocation Failure)  104231K->68359K(230912K), 0.0314005 secs]
[GC (Allocation Failure)  104199K->68359K(230912K), 0.0307485 secs]
[GC (Allocation Failure)  104199K->68359K(230912K), 0.0307504 secs]
[GC (Allocation Failure)  104199K->68359K(230912K), 0.0316216 secs]
[GC (Allocation Failure)  104199K->68359K(230912K), 0.0317450 secs]
[GC (Allocation Failure)  104199K->68359K(230912K), 0.0322756 secs]
[GC (Allocation Failure)  104199K->68359K(230912K), 0.0318823 secs]
[GC (Allocation Failure)  104199K->68359K(230912K), 0.0317239 secs]
[GC (Allocation Failure)  104199K->68359K(230912K), 0.0320560 secs]
[GC (Allocation Failure)  104199K->68359K(230912K), 0.0341917 secs]
[GC (Allocation Failure)  104199K->68359K(230912K), 0.0321634 secs]
[GC (Allocation Failure)  104199K->68359K(230912K), 0.0319876 secs]
[GC (Allocation Failure)  104199K->68327K(230912K), 0.0313783 secs]
[GC (Allocation Failure)  104167K->68391K(230912K), 0.0319614 secs]
[GC (Allocation Failure)  104231K->68359K(230912K), 0.0351986 secs]
[GC (Allocation Failure)  104199K->68327K(230912K), 0.0318163 secs]
[GC (Allocation Failure)  104167K->68327K(230912K), 0.0333420 secs]
[GC (Allocation Failure)  104167K->68359K(230912K), 0.0394700 secs]
[GC (Allocation Failure)  104199K->68391K(230912K), 0.0355716 secs]
[GC (Allocation Failure)  104231K->68359K(230912K), 0.0323964 secs]
[GC (Allocation Failure)  104199K->68359K(230912K), 0.0379927 secs]
[GC (Allocation Failure)  104199K->68359K(230912K), 0.0368077 secs]
[GC (Allocation Failure)  104199K->68359K(230912K), 0.0357143 secs]
[GC (Allocation Failure)  104199K->68327K(230912K), 0.0426908 secs]
[GC (Allocation Failure)  104167K->68359K(230912K), 0.0395247 secs]
[GC (Allocation Failure)  104199K->68359K(230912K), 0.0396330 secs]
[GC (Allocation Failure)  104199K->68391K(230912K), 0.0326242 secs]
[GC (Allocation Failure)  104231K->68359K(230912K), 0.0300450 secs]
[GC (Allocation Failure)  104199K->68359K(230912K), 0.0297674 secs]
[GC (Allocation Failure)  104199K->68359K(230912K), 0.0373594 secs]
[GC (Allocation Failure)  104199K->68359K(230912K), 0.0324124 secs]
[GC (Allocation Failure)  104199K->68359K(230912K), 0.0322730 secs]
[GC (Allocation Failure)  104199K->68391K(230912K), 0.0442273 secs]
[GC (Allocation Failure)  104231K->68327K(230912K), 0.0480794 secs]
[GC (Allocation Failure)  104167K->68359K(230912K), 0.0340656 secs]
[GC (Allocation Failure)  104199K->68359K(230912K), 0.0352666 secs]
[GC (Allocation Failure)  104199K->68359K(230912K), 0.0366104 secs]
[GC (Allocation Failure)  104199K->68359K(230912K), 0.0414104 secs]
[GC (Allocation Failure)  104199K->68391K(230912K), 0.0369707 secs]
[GC (Allocation Failure)  104231K->68359K(230912K), 0.0326771 secs]
[GC (Allocation Failure)  104199K->68327K(230912K), 0.0530782 secs]
[GC (Allocation Failure)  104167K->68359K(230912K), 0.0910088 secs]
[GC (Allocation Failure)  104199K->68359K(230912K), 0.0321123 secs]
[GC (Allocation Failure)  104199K->68359K(230912K), 0.0437783 secs]
[GC (Allocation Failure)  104199K->68327K(230912K), 0.0718196 secs]
[GC (Allocation Failure)  104167K->68327K(230912K), 0.0600277 secs]
[GC (Allocation Failure)  104167K->68359K(230912K), 0.1196561 secs]
[GC (Allocation Failure)  104199K->68327K(230912K), 0.0709233 secs]
[GC (Allocation Failure)  104167K->68359K(230912K), 0.0310719 secs]
[GC (Allocation Failure)  104199K->68359K(230912K), 0.0372260 secs]
[GC (Allocation Failure)  104199K->68327K(230912K), 0.1802333 secs]
[GC (Allocation Failure)  104167K->68327K(230912K), 0.0416497 secs]
[GC (Allocation Failure)  104167K->68327K(230912K), 0.0412279 secs]
[GC (Allocation Failure)  104167K->68327K(230912K), 0.0357573 secs]
[GC (Allocation Failure)  104167K->68359K(230912K), 0.0367109 secs]
[GC (Allocation Failure)  104199K->68359K(230912K), 0.0355973 secs]
[GC (Allocation Failure)  104199K->68391K(230912K), 0.0349025 secs]
[GC (Allocation Failure)  104231K->68359K(230912K), 0.0355818 secs]
[GC (Allocation Failure)  104199K->68327K(230912K), 0.0333076 secs]
[GC (Allocation Failure)  104167K->68391K(230912K), 0.0405317 secs]
[GC (Allocation Failure)  104231K->68327K(230912K), 0.0403907 secs]
[GC (Allocation Failure)  104167K->68359K(230912K), 0.0308361 secs]
[GC (Allocation Failure)  104199K->68359K(230912K), 0.0323131 secs]
[GC (Allocation Failure)  104199K->68359K(230912K), 0.0326600 secs]
[GC (Allocation Failure)  104199K->68359K(230912K), 0.0341101 secs]
[GC (Allocation Failure)  104199K->68327K(230912K), 0.0455289 secs]
[GC (Allocation Failure)  104167K->68391K(230912K), 0.0455127 secs]
[GC (Allocation Failure)  104231K->68327K(230912K), 0.0630450 secs]
[GC (Allocation Failure)  104167K->68359K(230912K), 0.0333243 secs]
[GC (Allocation Failure)  104199K->68327K(230912K), 0.0376238 secs]
[GC (Allocation Failure)  104167K->68327K(230912K), 0.0354153 secs]
[GC (Allocation Failure)  104167K->68327K(230912K), 0.0370107 secs]
[GC (Allocation Failure)  104167K->68359K(230912K), 0.0318950 secs]
[GC (Allocation Failure)  104199K->68359K(230912K), 0.0316089 secs]
[GC (Allocation Failure)  104199K->68359K(230912K), 0.0325406 secs]
[GC (Allocation Failure)  104199K->68391K(230912K), 0.0305085 secs]
[GC (Allocation Failure)  104231K->68327K(230912K), 0.0335793 secs]
[GC (Allocation Failure)  104167K->68391K(230912K), 0.0361819 secs]
[GC (Allocation Failure)  104231K->68327K(230912K), 0.0352963 secs]
[GC (Allocation Failure)  104167K->68359K(230912K), 0.0356148 secs]
[GC (Allocation Failure)  104199K->68359K(230912K), 0.0338921 secs]
[GC (Allocation Failure)  104199K->68359K(230912K), 0.0321755 secs]
[GC (Allocation Failure)  104199K->68327K(230912K), 0.0313357 secs]
[GC (Allocation Failure)  104167K->68359K(230912K), 0.0369476 secs]
[GC (Allocation Failure)  104199K->68359K(230912K), 0.0414493 secs]
[GC (Allocation Failure)  104199K->68359K(230912K), 0.0372328 secs]
[GC (Allocation Failure)  104199K->68359K(230912K), 0.0393280 secs]
[GC (Allocation Failure)  104199K->68327K(230912K), 0.0320148 secs]
[GC (Allocation Failure)  104167K->68359K(230912K), 0.0378552 secs]
[GC (Allocation Failure)  104199K->68359K(230912K), 0.0344988 secs]
[GC (Allocation Failure)  104199K->68359K(230912K), 0.0335554 secs]
[GC (Allocation Failure)  104199K->68359K(230912K), 0.0351137 secs]
[GC (Allocation Failure)  104199K->68359K(230912K), 0.0327933 secs]
[GC (Allocation Failure)  104199K->68327K(230912K), 0.0320224 secs]
[GC (Allocation Failure)  104167K->68359K(230912K), 0.0306850 secs]
[GC (Allocation Failure)  104199K->68391K(230912K), 0.0365140 secs]
[GC (Allocation Failure)  104231K->68391K(230912K), 0.0314829 secs]
[GC (Allocation Failure)  104231K->68359K(230912K), 0.0304160 secs]
[GC (Allocation Failure)  104199K->68359K(230912K), 0.0342098 secs]
[GC (Allocation Failure)  104199K->68327K(230912K), 0.0340367 secs]
[GC (Allocation Failure)  104167K->68391K(230912K), 0.0390391 secs]
[GC (Allocation Failure)  104231K->68359K(230912K), 0.0323748 secs]
[GC (Allocation Failure)  104199K->68327K(230912K), 0.0319490 secs]
[GC (Allocation Failure)  104167K->68359K(230912K), 0.0308747 secs]
[GC (Allocation Failure)  104199K->68327K(230912K), 0.0328173 secs]
[GC (Allocation Failure)  104167K->68359K(230912K), 0.0305056 secs]
[GC (Allocation Failure)  104199K->68359K(230912K), 0.0308689 secs]
[GC (Allocation Failure)  104199K->68327K(230912K), 0.0303107 secs]
[GC (Allocation Failure)  104167K->68359K(230912K), 0.0339462 secs]
[GC (Allocation Failure)  104199K->68327K(230912K), 0.0369368 secs]
[GC (Allocation Failure)  104167K->68359K(230912K), 0.0337057 secs]
[GC (Allocation Failure)  104199K->68391K(230912K), 0.0315832 secs]
[GC (Allocation Failure)  104231K->68359K(230912K), 0.0360700 secs]
[GC (Allocation Failure)  104199K->68391K(230912K), 0.0402745 secs]
[GC (Allocation Failure)  104231K->68327K(230912K), 0.0374563 secs]
[GC (Allocation Failure)  104167K->68327K(230912K), 0.0352185 secs]
[GC (Allocation Failure)  104167K->68327K(230912K), 0.0319019 secs]
[GC (Allocation Failure)  104167K->68327K(230912K), 0.0344417 secs]
[GC (Allocation Failure)  104167K->68327K(230912K), 0.0347763 secs]
[GC (Allocation Failure)  104167K->68359K(230912K), 0.0439611 secs]
[GC (Allocation Failure)  104199K->68359K(230912K), 0.0404839 secs]
[GC (Allocation Failure)  104199K->68359K(230912K), 0.0351192 secs]
[GC (Allocation Failure)  104199K->68359K(230912K), 0.0415129 secs]
[GC (Allocation Failure)  104199K->68327K(230912K), 0.0385213 secs]
[GC (Allocation Failure)  104167K->68359K(230912K), 0.0359449 secs]
[GC (Allocation Failure)  104199K->68391K(230912K), 0.0318667 secs]
[GC (Allocation Failure)  104231K->68359K(230912K), 0.0317118 secs]
[GC (Allocation Failure)  104199K->68359K(230912K), 0.0317406 secs]
[GC (Allocation Failure)  104199K->68327K(230912K), 0.0387433 secs]
[GC (Allocation Failure)  104167K->68359K(230912K), 0.0418987 secs]
[GC (Allocation Failure)  104199K->68359K(230912K), 0.0343835 secs]
[GC (Allocation Failure)  104199K->68359K(230912K), 0.0336079 secs]
[GC (Allocation Failure)  104199K->68359K(230912K), 0.0330123 secs]
[GC (Allocation Failure)  104199K->68391K(230912K), 0.0332771 secs]
[GC (Allocation Failure)  104231K->68359K(230912K), 0.0315501 secs]
[GC (Allocation Failure)  104199K->68359K(230912K), 0.0334440 secs]
[GC (Allocation Failure)  104199K->68359K(230912K), 0.0328665 secs]
[GC (Allocation Failure)  104199K->68359K(230912K), 0.0320496 secs]
[GC (Allocation Failure)  104199K->68359K(230912K), 0.0326803 secs]
[GC (Allocation Failure)  104199K->68391K(230912K), 0.0386994 secs]
[GC (Allocation Failure)  104231K->68391K(230912K), 0.0301224 secs]
[GC (Allocation Failure)  104231K->68359K(230912K), 0.0313903 secs]
[GC (Allocation Failure)  104199K->68327K(230912K), 1.1727659 secs]
[GC (Allocation Failure)  104167K->68327K(230912K), 0.0962054 secs]
[GC (Allocation Failure)  104167K->68359K(230912K), 0.0320648 secs]
[GC (Allocation Failure)  104199K->68359K(230912K), 0.0329732 secs]
[GC (Allocation Failure)  104199K->68327K(230912K), 0.0308717 secs]
[GC (Allocation Failure)  104167K->68359K(230912K), 0.0362177 secs]
[GC (Allocation Failure)  104199K->68359K(230912K), 0.0688047 secs]
[GC (Allocation Failure)  104199K->68359K(230912K), 0.0435520 secs]
[GC (Allocation Failure)  104199K->68359K(230912K), 0.0296453 secs]
[GC (Allocation Failure)  104199K->68359K(230912K), 0.1558622 secs]
[GC (Allocation Failure)  104199K->68327K(230912K), 0.0359180 secs]
[GC (Allocation Failure)  104167K->68359K(230912K), 0.0367549 secs]
[GC (Allocation Failure)  104199K->68327K(230912K), 0.5822361 secs]
[GC (Allocation Failure)  104167K->68359K(230912K), 0.0440782 secs]
[GC (Allocation Failure)  104199K->68327K(230912K), 0.0312318 secs]
[GC (Allocation Failure)  104167K->68391K(230912K), 0.0439636 secs]
[GC (Allocation Failure)  104231K->68359K(230912K), 0.0488238 secs]
[GC (Allocation Failure)  104199K->68359K(230912K), 0.0490002 secs]
[GC (Allocation Failure)  104199K->68359K(230912K), 0.0356557 secs]
[GC (Allocation Failure)  104199K->68359K(230912K), 0.0336209 secs]
[GC (Allocation Failure)  104199K->68327K(230912K), 0.0311939 secs]
[GC (Allocation Failure)  104167K->68359K(230912K), 0.0406328 secs]
[GC (Allocation Failure)  104199K->68359K(230912K), 0.0365995 secs]
[GC (Allocation Failure)  104199K->68359K(230912K), 0.0458723 secs]
[GC (Allocation Failure)  104199K->68391K(230912K), 0.0380707 secs]
[GC (Allocation Failure)  104231K->68359K(230912K), 0.8029947 secs]
[GC (Allocation Failure)  104199K->68327K(230912K), 1.7929135 secs]
[GC (Allocation Failure)  104167K->68391K(230912K), 0.0510465 secs]
[GC (Allocation Failure)  104231K->68359K(230912K), 0.0313263 secs]
[GC (Allocation Failure)  104199K->68359K(230912K), 0.0352026 secs]
[GC (Allocation Failure)  104199K->68391K(230912K), 0.0491612 secs]
[GC (Allocation Failure)  104231K->68359K(230912K), 0.0314490 secs]
[GC (Allocation Failure)  104199K->68391K(230912K), 0.0321605 secs]
[GC (Allocation Failure)  104231K->68359K(230912K), 0.0360263 secs]
[GC (Allocation Failure)  104199K->68391K(230912K), 0.0470238 secs]
[GC (Allocation Failure)  104231K->68359K(230912K), 0.0410559 secs]
[GC (Allocation Failure)  104199K->68359K(230912K), 0.0316151 secs]
[GC (Allocation Failure)  104199K->68359K(230912K), 0.0327208 secs]
[GC (Allocation Failure)  104199K->68359K(230912K), 0.0395073 secs]
[GC (Allocation Failure)  104199K->68359K(230912K), 0.0475684 secs]
[GC (Allocation Failure)  104199K->68359K(230912K), 0.0309877 secs]
[GC (Allocation Failure)  104199K->68391K(230912K), 0.2932389 secs]
[GC (Allocation Failure)  104231K->68359K(230912K), 0.0374122 secs]
[GC (Allocation Failure)  104199K->68359K(230912K), 0.0441512 secs]
[GC (Allocation Failure)  104199K->68327K(230912K), 0.0423955 secs]
[GC (Allocation Failure)  104167K->68359K(230912K), 0.0327636 secs]
[GC (Allocation Failure)  104199K->68359K(230912K), 0.0323603 secs]
[GC (Allocation Failure)  104199K->68359K(230912K), 0.0314890 secs]
[GC (Allocation Failure)  104199K->68359K(230912K), 0.0350145 secs]
[GC (Allocation Failure)  104199K->68327K(230912K), 0.1086020 secs]
[GC (Allocation Failure)  104167K->68327K(230912K), 0.1546896 secs]
[GC (Allocation Failure)  104167K->68359K(230912K), 0.0836485 secs]
[GC (Allocation Failure)  104199K->68359K(230912K), 0.1178206 secs]
[GC (Allocation Failure)  104199K->68391K(230912K), 0.1523368 secs]
[GC (Allocation Failure)  104231K->68327K(230912K), 0.3142765 secs]
[GC (Allocation Failure)  104167K->68359K(230912K), 0.0380076 secs]
[GC (Allocation Failure)  104199K->68327K(230912K), 0.0306679 secs]
[GC (Allocation Failure)  104167K->68359K(230912K), 0.0397589 secs]
[GC (Allocation Failure)  104199K->68359K(230912K), 0.0553686 secs]
[GC (Allocation Failure)  104199K->68359K(230912K), 0.0406130 secs]
[GC (Allocation Failure)  104199K->68391K(230912K), 0.0366275 secs]
[GC (Allocation Failure)  104231K->68359K(230912K), 0.0345607 secs]
[GC (Allocation Failure)  104199K->68359K(230912K), 0.0407810 secs]
[GC (Allocation Failure)  104199K->68359K(230912K), 0.0328586 secs]
[GC (Allocation Failure)  104199K->68391K(230912K), 0.0329393 secs]
[GC (Allocation Failure)  104231K->68359K(230912K), 0.0487555 secs]
[GC (Allocation Failure)  104199K->68359K(230912K), 0.0305851 secs]
[GC (Allocation Failure)  104199K->68359K(230912K), 0.0356895 secs]
[GC (Allocation Failure)  104199K->68359K(230912K), 0.0427172 secs]
[GC (Allocation Failure)  104199K->68359K(230912K), 0.0340485 secs]
[GC (Allocation Failure)  104199K->68359K(230912K), 0.0357802 secs]
[GC (Allocation Failure)  104199K->68359K(230912K), 0.0372119 secs]
[GC (Allocation Failure)  104199K->68327K(230912K), 0.0332833 secs]
[GC (Allocation Failure)  104167K->68359K(230912K), 0.0309681 secs]
[GC (Allocation Failure)  104199K->68359K(230912K), 0.0312538 secs]
[GC (Allocation Failure)  104199K->68391K(230912K), 0.0368357 secs]
[GC (Allocation Failure)  104231K->68359K(230912K), 0.0330891 secs]
[GC (Allocation Failure)  104199K->68327K(230912K), 0.0346880 secs]
[GC (Allocation Failure)  104167K->68359K(230912K), 0.0443260 secs]
[GC (Allocation Failure)  104199K->68359K(230912K), 0.0311182 secs]
[GC (Allocation Failure)  104199K->68359K(230912K), 0.0320223 secs]
[GC (Allocation Failure)  104199K->68391K(230912K), 0.0329219 secs]
[GC (Allocation Failure)  104231K->68327K(230912K), 0.0403699 secs]
[GC (Allocation Failure)  104167K->68391K(230912K), 0.0357183 secs]
[GC (Allocation Failure)  104231K->68391K(230912K), 0.0363864 secs]
[GC (Allocation Failure)  104231K->68359K(230912K), 0.0324994 secs]
[GC (Allocation Failure)  104199K->68327K(230912K), 0.0300641 secs]
[GC (Allocation Failure)  104167K->68327K(230912K), 0.0327480 secs]
[GC (Allocation Failure)  104167K->68327K(230912K), 0.0318704 secs]
[GC (Allocation Failure)  104167K->68359K(230912K), 0.0323267 secs]
[GC (Allocation Failure)  104199K->68359K(230912K), 0.0355682 secs]
[GC (Allocation Failure)  104199K->68391K(230912K), 0.0341455 secs]
[GC (Allocation Failure)  104231K->68327K(230912K), 0.0432408 secs]
[GC (Allocation Failure)  104167K->68359K(230912K), 0.0358026 secs]
[GC (Allocation Failure)  104199K->68359K(230912K), 0.0311065 secs]
[GC (Allocation Failure)  104199K->68359K(230912K), 0.0327595 secs]
[GC (Allocation Failure)  104199K->68359K(230912K), 0.0328578 secs]
[GC (Allocation Failure)  104199K->68359K(230912K), 0.0409941 secs]
[GC (Allocation Failure)  104199K->68359K(230912K), 0.0369633 secs]
[GC (Allocation Failure)  104199K->68359K(230912K), 0.0397345 secs]
[GC (Allocation Failure)  104199K->68359K(230912K), 0.0319319 secs]
[GC (Allocation Failure)  104199K->68327K(230912K), 0.0293179 secs]
[GC (Allocation Failure)  104167K->68359K(230912K), 0.0301757 secs]
[GC (Allocation Failure)  104199K->68391K(230912K), 0.0369701 secs]
[GC (Allocation Failure)  104231K->68359K(230912K), 0.0329833 secs]
[GC (Allocation Failure)  104199K->68359K(230912K), 0.0321057 secs]
[GC (Allocation Failure)  104199K->68391K(230912K), 0.0326050 secs]
[GC (Allocation Failure)  104231K->68359K(230912K), 0.0346300 secs]
[GC (Allocation Failure)  104199K->68359K(230912K), 0.0324608 secs]
[GC (Allocation Failure)  104199K->68391K(230912K), 0.0300615 secs]
[GC (Allocation Failure)  104231K->68359K(230912K), 0.0310938 secs]
[GC (Allocation Failure)  104199K->68359K(230912K), 0.0321894 secs]
[GC (Allocation Failure)  104199K->68359K(230912K), 0.0366723 secs]
[GC (Allocation Failure)  104199K->68359K(230912K), 0.0305836 secs]
[GC (Allocation Failure)  104199K->68391K(230912K), 0.0358239 secs]
[GC (Allocation Failure)  104231K->68359K(230912K), 0.0373783 secs]
[GC (Allocation Failure)  104199K->68359K(230912K), 0.0315385 secs]
[GC (Allocation Failure)  104199K->68359K(230912K), 0.0306496 secs]
[GC (Allocation Failure)  104199K->68359K(230912K), 0.0340195 secs]
[GC (Allocation Failure)  104199K->68359K(230912K), 0.0306422 secs]
[GC (Allocation Failure)  104199K->68359K(230912K), 0.0307574 secs]
[GC (Allocation Failure)  104199K->68359K(230912K), 0.0321836 secs]
[GC (Allocation Failure)  104199K->68359K(230912K), 0.0348456 secs]
[GC (Allocation Failure)  104199K->68359K(230912K), 0.0326066 secs]
[GC (Allocation Failure)  104199K->68327K(230912K), 0.0320166 secs]
[GC (Allocation Failure)  104167K->68327K(230912K), 0.0368286 secs]
[GC (Allocation Failure)  104167K->68359K(230912K), 0.0345426 secs]
[GC (Allocation Failure)  104199K->68359K(230912K), 0.0340927 secs]
[GC (Allocation Failure)  104199K->68359K(230912K), 0.0504252 secs]
[GC (Allocation Failure)  104199K->68391K(230912K), 0.0415255 secs]
[GC (Allocation Failure)  104231K->68359K(230912K), 0.0541873 secs]
[GC (Allocation Failure)  104199K->68359K(230912K), 0.0437521 secs]
[GC (Allocation Failure)  104199K->68391K(230912K), 0.0383168 secs]
[GC (Allocation Failure)  104231K->68359K(230912K), 0.0314669 secs]
[GC (Allocation Failure)  104199K->68391K(230912K), 0.0399631 secs]
[GC (Allocation Failure)  104231K->68391K(230912K), 0.0332148 secs]
[GC (Allocation Failure)  104231K->68391K(230912K), 0.0309973 secs]
[GC (Allocation Failure)  104231K->68359K(230912K), 0.0342540 secs]
[GC (Allocation Failure)  104199K->68359K(230912K), 0.0312946 secs]
[GC (Allocation Failure)  104199K->68359K(230912K), 0.0322594 secs]
[GC (Allocation Failure)  104199K->68359K(230912K), 0.0307000 secs]
[GC (Allocation Failure)  104199K->68327K(230912K), 0.0330603 secs]
[GC (Allocation Failure)  104167K->68359K(230912K), 0.0312221 secs]
[GC (Allocation Failure)  104199K->68359K(230912K), 0.0313624 secs]
[GC (Allocation Failure)  104199K->68359K(230912K), 0.0332227 secs]
[GC (Allocation Failure)  104199K->68327K(230912K), 0.0389117 secs]
[GC (Allocation Failure)  104167K->68359K(230912K), 0.0400860 secs]
[GC (Allocation Failure)  104199K->68327K(230912K), 0.0371739 secs]
[GC (Allocation Failure)  104167K->68327K(230912K), 0.0411890 secs]
[GC (Allocation Failure)  104167K->68359K(230912K), 0.0433435 secs]
[GC (Allocation Failure)  104199K->68327K(230912K), 0.0403671 secs]
[GC (Allocation Failure)  104167K->68391K(230912K), 0.0478714 secs]
[GC (Allocation Failure)  104231K->68359K(230912K), 0.0412046 secs]
[GC (Allocation Failure)  104199K->68359K(230912K), 0.0734994 secs]
[GC (Allocation Failure)  104199K->68327K(230912K), 0.0477091 secs]
[GC (Allocation Failure)  104167K->68327K(230912K), 0.0556366 secs]
[GC (Allocation Failure)  104167K->68359K(230912K), 0.0612098 secs]
[GC (Allocation Failure)  104199K->68391K(230912K), 0.0779430 secs]
[GC (Allocation Failure)  104231K->68327K(230912K), 0.0486600 secs]
[GC (Allocation Failure)  104167K->68327K(230912K), 0.0295714 secs]
[GC (Allocation Failure)  104167K->68359K(230912K), 0.0348580 secs]
[GC (Allocation Failure)  104199K->68391K(230912K), 0.0346709 secs]
[GC (Allocation Failure)  104231K->68359K(230912K), 0.0320839 secs]
[GC (Allocation Failure)  104199K->68327K(230912K), 0.0341736 secs]
[GC (Allocation Failure)  104167K->68359K(230912K), 0.0348865 secs]
[GC (Allocation Failure)  104199K->68391K(230912K), 0.0352962 secs]
[GC (Allocation Failure)  104231K->68391K(230912K), 0.0788040 secs]
[GC (Allocation Failure)  104231K->68391K(230912K), 0.0369964 secs]
[GC (Allocation Failure)  104231K->68359K(230912K), 0.0352803 secs]
[GC (Allocation Failure)  104199K->68359K(230912K), 0.0330663 secs]
[GC (Allocation Failure)  104199K->68359K(230912K), 0.0337231 secs]
[GC (Allocation Failure)  104199K->68359K(230912K), 0.0317106 secs]
[GC (Allocation Failure)  104199K->68327K(230912K), 0.0326418 secs]
[GC (Allocation Failure)  104167K->68359K(230912K), 0.0315387 secs]
[GC (Allocation Failure)  104199K->68327K(230912K), 0.1097448 secs]
[GC (Allocation Failure)  104167K->68327K(230912K), 0.0455802 secs]
[GC (Allocation Failure)  104167K->68359K(230912K), 0.0425575 secs]
[GC (Allocation Failure)  104199K->68359K(230912K), 0.0340833 secs]
[GC (Allocation Failure)  104199K->68359K(230912K), 0.0310277 secs]
[GC (Allocation Failure)  104199K->68359K(230912K), 0.0302061 secs]
[GC (Allocation Failure)  104199K->68391K(230912K), 0.0306950 secs]
[GC (Allocation Failure)  104231K->68359K(230912K), 0.0417992 secs]
[GC (Allocation Failure)  104199K->68391K(230912K), 0.0406114 secs]
[GC (Allocation Failure)  104231K->68359K(230912K), 0.0409757 secs]
[GC (Allocation Failure)  104199K->68391K(230912K), 0.0434183 secs]
[GC (Allocation Failure)  104231K->68359K(230912K), 0.0389538 secs]
[GC (Allocation Failure)  104199K->68359K(230912K), 0.0353665 secs]
[GC (Allocation Failure)  104199K->68327K(230912K), 0.0309712 secs]
[GC (Allocation Failure)  104167K->68359K(230912K), 0.0324111 secs]
[GC (Allocation Failure)  104199K->68327K(230912K), 0.0321697 secs]
[GC (Allocation Failure)  104167K->68327K(230912K), 0.0348991 secs]
[GC (Allocation Failure)  104167K->68359K(230912K), 0.0348943 secs]
[GC (Allocation Failure)  104199K->68327K(230912K), 0.0333212 secs]
[GC (Allocation Failure)  104167K->68359K(230912K), 0.0351106 secs]
[GC (Allocation Failure)  104199K->68359K(230912K), 0.0319118 secs]
[GC (Allocation Failure)  104199K->68359K(230912K), 0.0338089 secs]
[GC (Allocation Failure)  104199K->68359K(230912K), 0.0352534 secs]
[GC (Allocation Failure)  104199K->68359K(230912K), 0.0409637 secs]
[GC (Allocation Failure)  104199K->68359K(230912K), 0.0337934 secs]
[GC (Allocation Failure)  104199K->68359K(230912K), 0.0312690 secs]
[GC (Allocation Failure)  104199K->68359K(230912K), 0.0327398 secs]
[GC (Allocation Failure)  104199K->68359K(230912K), 0.0328231 secs]
[GC (Allocation Failure)  104199K->68359K(230912K), 0.0314318 secs]
[GC (Allocation Failure)  104199K->68359K(230912K), 0.0311004 secs]
[GC (Allocation Failure)  104199K->68359K(230912K), 0.0346488 secs]
[GC (Allocation Failure)  104199K->68359K(230912K), 0.0311236 secs]
[GC (Allocation Failure)  104199K->68359K(230912K), 0.0321002 secs]
[GC (Allocation Failure)  104199K->68391K(230912K), 0.0323731 secs]
[GC (Allocation Failure)  104231K->68359K(230912K), 0.0310704 secs]
[GC (Allocation Failure)  104199K->68327K(230912K), 0.0313677 secs]
[GC (Allocation Failure)  104167K->68359K(230912K), 0.0276487 secs]
[GC (Allocation Failure)  104199K->68391K(230912K), 0.0328548 secs]
[GC (Allocation Failure)  104231K->68359K(230912K), 0.0363963 secs]
[GC (Allocation Failure)  104199K->68359K(230912K), 0.0350930 secs]
[GC (Allocation Failure)  104199K->68391K(230912K), 0.0336304 secs]
[GC (Allocation Failure)  104231K->68391K(230912K), 0.0386241 secs]
[GC (Allocation Failure)  104231K->68359K(230912K), 0.0305002 secs]
[GC (Allocation Failure)  104199K->68359K(230912K), 0.0333560 secs]
[GC (Allocation Failure)  104199K->68359K(230912K), 0.0404791 secs]
[GC (Allocation Failure)  104199K->68391K(230912K), 0.0386212 secs]
[GC (Allocation Failure)  104231K->68327K(230912K), 0.0499796 secs]
[GC (Allocation Failure)  104167K->68359K(230912K), 0.0415875 secs]
[GC (Allocation Failure)  104199K->68327K(230912K), 0.0451749 secs]
[GC (Allocation Failure)  104167K->68327K(230912K), 0.0372233 secs]
[GC (Allocation Failure)  104167K->68359K(230912K), 0.0284678 secs]
[GC (Allocation Failure)  104199K->68391K(230912K), 0.0305219 secs]
[GC (Allocation Failure)  104231K->68359K(230912K), 0.0360238 secs]
[GC (Allocation Failure)  104199K->68359K(230912K), 0.0304902 secs]
[GC (Allocation Failure)  104199K->68359K(230912K), 0.0340270 secs]
[GC (Allocation Failure)  104199K->68359K(230912K), 0.0356883 secs]
[GC (Allocation Failure)  104199K->68359K(230912K), 0.0336229 secs]
[GC (Allocation Failure)  104199K->68327K(230912K), 0.0318754 secs]
[GC (Allocation Failure)  104167K->68359K(230912K), 0.0325421 secs]
[GC (Allocation Failure)  104199K->68327K(230912K), 0.0442981 secs]
[GC (Allocation Failure)  104167K->68359K(230912K), 0.0335234 secs]
[GC (Allocation Failure)  104199K->68359K(230912K), 0.0393598 secs]
[GC (Allocation Failure)  104199K->68359K(230912K), 0.0340230 secs]
[GC (Allocation Failure)  104199K->68359K(230912K), 0.0458755 secs]
[GC (Allocation Failure)  104199K->68359K(230912K), 0.0674459 secs]
[GC (Allocation Failure)  104199K->68359K(230912K), 0.0386932 secs]
[GC (Allocation Failure)  104199K->68359K(230912K), 0.0342263 secs]
[GC (Allocation Failure)  104199K->68359K(230912K), 0.0377423 secs]
[GC (Allocation Failure)  104199K->68391K(230912K), 0.0313292 secs]
[GC (Allocation Failure)  104231K->68359K(230912K), 0.0313070 secs]
[GC (Allocation Failure)  104199K->68359K(230912K), 0.0333351 secs]
[GC (Allocation Failure)  104199K->68359K(230912K), 0.0436891 secs]
[GC (Allocation Failure)  104199K->68359K(230912K), 0.0322853 secs]
[GC (Allocation Failure)  104199K->68359K(230912K), 0.0327094 secs]
[GC (Allocation Failure)  104199K->68359K(230912K), 0.0346219 secs]
[GC (Allocation Failure)  104199K->68391K(230912K), 0.0345426 secs]
[GC (Allocation Failure)  104231K->68391K(230912K), 0.0316021 secs]
[GC (Allocation Failure)  104231K->68327K(230912K), 0.0314927 secs]
[GC (Allocation Failure)  104167K->68359K(230912K), 0.0351711 secs]
[GC (Allocation Failure)  104199K->68359K(230912K), 0.0371488 secs]
[GC (Allocation Failure)  104199K->68359K(230912K), 0.0383417 secs]
[GC (Allocation Failure)  104199K->68359K(230912K), 0.0370835 secs]
[GC (Allocation Failure)  104199K->68327K(230912K), 0.0375797 secs]
[GC (Allocation Failure)  104167K->68359K(230912K), 0.0350334 secs]
[GC (Allocation Failure)  104199K->68359K(230912K), 0.0369923 secs]
[GC (Allocation Failure)  104199K->68359K(230912K), 0.0408136 secs]
[GC (Allocation Failure)  104199K->68359K(230912K), 0.0366109 secs]
[GC (Allocation Failure)  104199K->68359K(230912K), 0.0367664 secs]
[GC (Allocation Failure)  104199K->68359K(230912K), 0.0305916 secs]
[GC (Allocation Failure)  104199K->68359K(230912K), 0.0414320 secs]
[GC (Allocation Failure)  104199K->68359K(230912K), 0.0406309 secs]
[GC (Allocation Failure)  104199K->68327K(230912K), 0.0372348 secs]
[GC (Allocation Failure)  104167K->68391K(230912K), 0.0396447 secs]
[GC (Allocation Failure)  104231K->68359K(230912K), 0.0347118 secs]
[GC (Allocation Failure)  104199K->68391K(230912K), 0.0332793 secs]
[GC (Allocation Failure)  104231K->68359K(230912K), 0.0307508 secs]
[GC (Allocation Failure)  104199K->68359K(230912K), 0.0305648 secs]
[GC (Allocation Failure)  104199K->68359K(230912K), 0.0355846 secs]
[GC (Allocation Failure)  104199K->68359K(230912K), 0.0335513 secs]
[GC (Allocation Failure)  104199K->68391K(230912K), 0.0318320 secs]
[GC (Allocation Failure)  104231K->68359K(230912K), 0.0334771 secs]
[GC (Allocation Failure)  104199K->68391K(230912K), 0.0318164 secs]
[GC (Allocation Failure)  104231K->68359K(230912K), 0.0299551 secs]
[GC (Allocation Failure)  104199K->68327K(230912K), 0.0352139 secs]
[GC (Allocation Failure)  104167K->68359K(230912K), 0.0479006 secs]
[GC (Allocation Failure)  104199K->68359K(230912K), 0.0392091 secs]
[GC (Allocation Failure)  104199K->68391K(230912K), 0.0373777 secs]
[GC (Allocation Failure)  104231K->68359K(230912K), 0.0471356 secs]
[GC (Allocation Failure)  104199K->68359K(230912K), 0.0484056 secs]
[GC (Allocation Failure)  104199K->68359K(230912K), 0.0357969 secs]
[GC (Allocation Failure)  104199K->68359K(230912K), 0.0325639 secs]
[GC (Allocation Failure)  104199K->68359K(230912K), 0.0321009 secs]
[GC (Allocation Failure)  104199K->68359K(230912K), 0.0384012 secs]
[GC (Allocation Failure)  104199K->68359K(230912K), 0.0423721 secs]
[GC (Allocation Failure)  104199K->68359K(230912K), 0.0393762 secs]
[GC (Allocation Failure)  104199K->68359K(230912K), 0.0367953 secs]
[GC (Allocation Failure)  104199K->68359K(230912K), 0.0334779 secs]
[GC (Allocation Failure)  104199K->68359K(230912K), 0.0323953 secs]
[GC (Allocation Failure)  104199K->68359K(230912K), 0.0304133 secs]
[GC (Allocation Failure)  104199K->68391K(230912K), 0.0336569 secs]
[GC (Allocation Failure)  104231K->68359K(230912K), 0.0339843 secs]
[GC (Allocation Failure)  104199K->68359K(230912K), 0.0373840 secs]
[GC (Allocation Failure)  104199K->68359K(230912K), 0.0364403 secs]
[GC (Allocation Failure)  104199K->68359K(230912K), 0.0335471 secs]
[GC (Allocation Failure)  104199K->68327K(230912K), 0.0311503 secs]
[GC (Allocation Failure)  104167K->68359K(230912K), 0.0316474 secs]
[GC (Allocation Failure)  104199K->68359K(230912K), 0.0303843 secs]
[GC (Allocation Failure)  104199K->68359K(230912K), 0.0334048 secs]
[GC (Allocation Failure)  104199K->68391K(230912K), 0.0387960 secs]
[GC (Allocation Failure)  104231K->68359K(230912K), 0.0342182 secs]
[GC (Allocation Failure)  104199K->68359K(230912K), 0.0414424 secs]
[GC (Allocation Failure)  104199K->68359K(230912K), 0.0379307 secs]
[GC (Allocation Failure)  104199K->68359K(230912K), 0.0366013 secs]
[GC (Allocation Failure)  104199K->68359K(230912K), 0.0376743 secs]
[GC (Allocation Failure)  104199K->68327K(230912K), 0.0360042 secs]
[GC (Allocation Failure)  104167K->68391K(230912K), 0.0327798 secs]
[GC (Allocation Failure)  104231K->68391K(230912K), 0.0351567 secs]
[GC (Allocation Failure)  104231K->68391K(230912K), 0.0349038 secs]
[GC (Allocation Failure)  104231K->68359K(230912K), 0.0320088 secs]
[GC (Allocation Failure)  104199K->68359K(230912K), 0.0317340 secs]
[GC (Allocation Failure)  104199K->68359K(230912K), 0.0339624 secs]
[GC (Allocation Failure)  104199K->68359K(230912K), 0.0325956 secs]
[GC (Allocation Failure)  104199K->68359K(230912K), 0.0313479 secs]
[GC (Allocation Failure)  104199K->68359K(230912K), 0.0339036 secs]
[GC (Allocation Failure)  104199K->68359K(230912K), 0.0320976 secs]
[GC (Allocation Failure)  104199K->68327K(230912K), 0.0307541 secs]
[GC (Allocation Failure)  104167K->68359K(230912K), 0.0353841 secs]
[GC (Allocation Failure)  104199K->68359K(230912K), 0.0349910 secs]
[GC (Allocation Failure)  104199K->68359K(230912K), 0.0485826 secs]
[GC (Allocation Failure)  104199K->68359K(230912K), 0.0358989 secs]
[GC (Allocation Failure)  104199K->68359K(230912K), 0.0330778 secs]
[GC (Allocation Failure)  104199K->68327K(230912K), 0.0309238 secs]
[GC (Allocation Failure)  104167K->68359K(230912K), 0.0308730 secs]
[GC (Allocation Failure)  104199K->68359K(230912K), 0.0307437 secs]
[GC (Allocation Failure)  104199K->68327K(230912K), 0.0311025 secs]
[GC (Allocation Failure)  104167K->68359K(230912K), 0.0318937 secs]
[GC (Allocation Failure)  104199K->68359K(230912K), 0.0357658 secs]
[GC (Allocation Failure)  104199K->68327K(230912K), 0.0332608 secs]
[GC (Allocation Failure)  104167K->68359K(230912K), 0.0325185 secs]
[GC (Allocation Failure)  104199K->68359K(230912K), 0.0315917 secs]
[GC (Allocation Failure)  104199K->68359K(230912K), 0.0315395 secs]
[GC (Allocation Failure)  104199K->68359K(230912K), 0.0344771 secs]
[GC (Allocation Failure)  104199K->68327K(230912K), 0.0336531 secs]
[GC (Allocation Failure)  104167K->68359K(230912K), 0.0308361 secs]
[GC (Allocation Failure)  104199K->68359K(230912K), 0.0312475 secs]
[GC (Allocation Failure)  104199K->68359K(230912K), 0.0315081 secs]
[GC (Allocation Failure)  104199K->68359K(230912K), 0.0320249 secs]
[GC (Allocation Failure)  104199K->68327K(230912K), 0.0318029 secs]
[GC (Allocation Failure)  104167K->68359K(230912K), 0.0335857 secs]
[GC (Allocation Failure)  104199K->68359K(230912K), 0.0338433 secs]
[GC (Allocation Failure)  104199K->68359K(230912K), 0.0375179 secs]
[GC (Allocation Failure)  104199K->68359K(230912K), 0.0368503 secs]
[GC (Allocation Failure)  104199K->68359K(230912K), 0.0340726 secs]
[GC (Allocation Failure)  104199K->68359K(230912K), 0.0306891 secs]
[GC (Allocation Failure)  104199K->68327K(230912K), 0.0312454 secs]
[GC (Allocation Failure)  104167K->68359K(230912K), 0.0309152 secs]
[GC (Allocation Failure)  104199K->68391K(230912K), 0.0309494 secs]
[GC (Allocation Failure)  104231K->68359K(230912K), 0.0327919 secs]
[GC (Allocation Failure)  104199K->68359K(230912K), 0.0373980 secs]
[GC (Allocation Failure)  104199K->68359K(230912K), 0.0376412 secs]
[GC (Allocation Failure)  104199K->68359K(230912K), 0.0370527 secs]
[GC (Allocation Failure)  104199K->68327K(230912K), 0.0338509 secs]
[GC (Allocation Failure)  104167K->68359K(230912K), 0.0323110 secs]
[GC (Allocation Failure)  104199K->68359K(230912K), 0.0316871 secs]
[GC (Allocation Failure)  104199K->68327K(230912K), 0.0308580 secs]
[GC (Allocation Failure)  104167K->68391K(230912K), 0.0314459 secs]
[GC (Allocation Failure)  104231K->68327K(230912K), 0.0315529 secs]
[GC (Allocation Failure)  104167K->68359K(230912K), 0.0320326 secs]
[GC (Allocation Failure)  104199K->68359K(230912K), 0.0298126 secs]
[GC (Allocation Failure)  104199K->68327K(230912K), 0.0336570 secs]
[GC (Allocation Failure)  104167K->68359K(230912K), 0.0313643 secs]
[GC (Allocation Failure)  104199K->68359K(230912K), 0.0316771 secs]
[GC (Allocation Failure)  104199K->68327K(230912K), 0.0340257 secs]
[GC (Allocation Failure)  104167K->68359K(230912K), 0.0336003 secs]
[GC (Allocation Failure)  104199K->68359K(230912K), 0.0318201 secs]
[GC (Allocation Failure)  104199K->68359K(230912K), 0.0325849 secs]
[GC (Allocation Failure)  104199K->68391K(230912K), 0.0306751 secs]
[GC (Allocation Failure)  104231K->68359K(230912K), 0.0300368 secs]
[GC (Allocation Failure)  104199K->68327K(230912K), 0.0308605 secs]
[GC (Allocation Failure)  104167K->68359K(230912K), 0.0308352 secs]
[GC (Allocation Failure)  104199K->68391K(230912K), 0.0316175 secs]
[GC (Allocation Failure)  104231K->68359K(230912K), 0.0320981 secs]
[GC (Allocation Failure)  104199K->68359K(230912K), 0.0322764 secs]
[GC (Allocation Failure)  104199K->68327K(230912K), 0.0323799 secs]
[GC (Allocation Failure)  104167K->68391K(230912K), 0.0316424 secs]
[GC (Allocation Failure)  104231K->68359K(230912K), 0.0323623 secs]
[GC (Allocation Failure)  104199K->68359K(230912K), 0.0340813 secs]
[GC (Allocation Failure)  104199K->68359K(230912K), 0.0320613 secs]
[GC (Allocation Failure)  104199K->68327K(230912K), 0.0314168 secs]
[GC (Allocation Failure)  104167K->68391K(230912K), 0.0307377 secs]
[GC (Allocation Failure)  104231K->68359K(230912K), 0.0392526 secs]
[GC (Allocation Failure)  104199K->68359K(230912K), 0.0387818 secs]
[GC (Allocation Failure)  104199K->68391K(230912K), 0.0323282 secs]
[GC (Allocation Failure)  104231K->68359K(230912K), 0.0323001 secs]
[GC (Allocation Failure)  104199K->68327K(230912K), 0.0333216 secs]
[GC (Allocation Failure)  104167K->68391K(230912K), 0.0309321 secs]
[GC (Allocation Failure)  104231K->68327K(230912K), 0.0319683 secs]
[GC (Allocation Failure)  104167K->68359K(230912K), 0.0331659 secs]
[GC (Allocation Failure)  104199K->68359K(230912K), 0.0317641 secs]
[GC (Allocation Failure)  104199K->68391K(230912K), 0.0322417 secs]
[GC (Allocation Failure)  104231K->68359K(230912K), 0.0336592 secs]
[GC (Allocation Failure)  104199K->68327K(230912K), 0.0315204 secs]
[GC (Allocation Failure)  104167K->68391K(230912K), 0.0316410 secs]
[GC (Allocation Failure)  104231K->68359K(230912K), 0.0296182 secs]
[GC (Allocation Failure)  104199K->68359K(230912K), 0.0303488 secs]
[GC (Allocation Failure)  104199K->68327K(230912K), 0.0311555 secs]
[GC (Allocation Failure)  104167K->68359K(230912K), 0.0297939 secs]
[GC (Allocation Failure)  104199K->68391K(230912K), 0.0435317 secs]
[GC (Allocation Failure)  104231K->68359K(230912K), 0.0329096 secs]
[GC (Allocation Failure)  104199K->68359K(230912K), 0.0372485 secs]
[GC (Allocation Failure)  104199K->68359K(230912K), 0.0404917 secs]
[GC (Allocation Failure)  104199K->68359K(230912K), 0.0322120 secs]
[GC (Allocation Failure)  104199K->68359K(230912K), 0.0380831 secs]
[GC (Allocation Failure)  104199K->68359K(230912K), 0.0418246 secs]
[GC (Allocation Failure)  104199K->68359K(230912K), 0.0314344 secs]
[GC (Allocation Failure)  104199K->68359K(230912K), 0.0407533 secs]
[GC (Allocation Failure)  104199K->68359K(230912K), 0.0422180 secs]
[GC (Allocation Failure)  104199K->68359K(230912K), 0.0460887 secs]
[GC (Allocation Failure)  104199K->68359K(230912K), 0.0385460 secs]
[GC (Allocation Failure)  104199K->68359K(230912K), 0.0321110 secs]
[GC (Allocation Failure)  104199K->68391K(230912K), 0.0312698 secs]
[GC (Allocation Failure)  104231K->68359K(230912K), 0.0330405 secs]
[GC (Allocation Failure)  104199K->68359K(230912K), 0.0387229 secs]
[GC (Allocation Failure)  104199K->68359K(230912K), 0.0360634 secs]
[GC (Allocation Failure)  104199K->68359K(230912K), 0.0331018 secs]
[GC (Allocation Failure)  104199K->68391K(230912K), 0.0323474 secs]
[GC (Allocation Failure)  104231K->68327K(230912K), 0.0290567 secs]
[GC (Allocation Failure)  104167K->68391K(230912K), 0.0301523 secs]
[GC (Allocation Failure)  104231K->68359K(230912K), 0.0309771 secs]
[GC (Allocation Failure)  104199K->68359K(230912K), 0.0314690 secs]
[GC (Allocation Failure)  104199K->68359K(230912K), 0.0314844 secs]
[GC (Allocation Failure)  104199K->68359K(230912K), 0.0302482 secs]
[GC (Allocation Failure)  104199K->68391K(230912K), 0.0309832 secs]
[GC (Allocation Failure)  104231K->68359K(230912K), 0.0323073 secs]
[GC (Allocation Failure)  104199K->68391K(230912K), 0.0316440 secs]
[GC (Allocation Failure)  104231K->68359K(230912K), 0.0300484 secs]
[GC (Allocation Failure)  104199K->68359K(230912K), 0.0310048 secs]
[GC (Allocation Failure)  104199K->68327K(230912K), 0.0308691 secs]
[GC (Allocation Failure)  104167K->68327K(230912K), 0.0311947 secs]
[GC (Allocation Failure)  104167K->68359K(230912K), 0.0333544 secs]
[GC (Allocation Failure)  104199K->68359K(230912K), 0.0320250 secs]
[GC (Allocation Failure)  104199K->68359K(230912K), 0.0379728 secs]
[GC (Allocation Failure)  104199K->68327K(230912K), 0.0314556 secs]
[GC (Allocation Failure)  104167K->68359K(230912K), 0.0311881 secs]
[GC (Allocation Failure)  104199K->68359K(230912K), 0.0297609 secs]
[GC (Allocation Failure)  104199K->68359K(230912K), 0.0303361 secs]
[GC (Allocation Failure)  104199K->68359K(230912K), 0.0299074 secs]
[GC (Allocation Failure)  104199K->68359K(230912K), 0.0291830 secs]
[GC (Allocation Failure)  104199K->68327K(230912K), 0.0319506 secs]
[GC (Allocation Failure)  104167K->68359K(230912K), 0.0316100 secs]
[GC (Allocation Failure)  104199K->68359K(230912K), 0.0407320 secs]
[GC (Allocation Failure)  104199K->68327K(230912K), 0.0335163 secs]
[GC (Allocation Failure)  104167K->68359K(230912K), 0.0329427 secs]
[GC (Allocation Failure)  104199K->68359K(230912K), 0.0334414 secs]
[GC (Allocation Failure)  104199K->68359K(230912K), 0.0297456 secs]
[GC (Allocation Failure)  104199K->68391K(230912K), 0.0299428 secs]
[GC (Allocation Failure)  104231K->68359K(230912K), 0.0297139 secs]
[GC (Allocation Failure)  104199K->68359K(230912K), 0.0317131 secs]
[GC (Allocation Failure)  104199K->68359K(230912K), 0.0311404 secs]
[GC (Allocation Failure)  104199K->68391K(230912K), 0.0311690 secs]
[GC (Allocation Failure)  104231K->68359K(230912K), 0.0306226 secs]
[GC (Allocation Failure)  104199K->68327K(230912K), 0.0318220 secs]
[GC (Allocation Failure)  104167K->68359K(230912K), 0.0322699 secs]
[GC (Allocation Failure)  104199K->68359K(230912K), 0.0313417 secs]
[GC (Allocation Failure)  104199K->68359K(230912K), 0.0309729 secs]
[GC (Allocation Failure)  104199K->68359K(230912K), 0.0303223 secs]
[GC (Allocation Failure)  104199K->68359K(230912K), 0.0320075 secs]
[GC (Allocation Failure)  104199K->68391K(230912K), 0.0322763 secs]
[GC (Allocation Failure)  104231K->68327K(230912K), 0.0308011 secs]
[GC (Allocation Failure)  104167K->68327K(230912K), 0.0329759 secs]
[GC (Allocation Failure)  104167K->68359K(230912K), 0.0324190 secs]
[GC (Allocation Failure)  104199K->68359K(230912K), 0.0302824 secs]
[GC (Allocation Failure)  104199K->68327K(230912K), 0.0293868 secs]
[GC (Allocation Failure)  104167K->68359K(230912K), 0.0295881 secs]
[GC (Allocation Failure)  104199K->68359K(230912K), 0.0319978 secs]
[GC (Allocation Failure)  104199K->68359K(230912K), 0.0346546 secs]
[GC (Allocation Failure)  104199K->68391K(230912K), 0.0319312 secs]
[GC (Allocation Failure)  104231K->68359K(230912K), 0.0323562 secs]
[GC (Allocation Failure)  104199K->68327K(230912K), 0.0305587 secs]
[GC (Allocation Failure)  104167K->68359K(230912K), 0.0311742 secs]
[GC (Allocation Failure)  104199K->68359K(230912K), 0.0321063 secs]
[GC (Allocation Failure)  104199K->68327K(230912K), 0.0325879 secs]
[GC (Allocation Failure)  104167K->68391K(230912K), 0.0305515 secs]
[GC (Allocation Failure)  104231K->68359K(230912K), 0.0328260 secs]
[GC (Allocation Failure)  104199K->68359K(230912K), 0.0379563 secs]
[GC (Allocation Failure)  104199K->68359K(230912K), 0.0324414 secs]
[GC (Allocation Failure)  104199K->68359K(230912K), 0.0305677 secs]
[GC (Allocation Failure)  104199K->68359K(230912K), 0.0309638 secs]
[GC (Allocation Failure)  104199K->68359K(230912K), 0.0306173 secs]
[GC (Allocation Failure)  104199K->68359K(230912K), 0.0321123 secs]
[GC (Allocation Failure)  104199K->68391K(230912K), 0.0300138 secs]
[GC (Allocation Failure)  104231K->68359K(230912K), 0.0316930 secs]
[GC (Allocation Failure)  104199K->68359K(230912K), 0.0335445 secs]
[GC (Allocation Failure)  104199K->68359K(230912K), 0.0308047 secs]
[GC (Allocation Failure)  104199K->68359K(230912K), 0.0342543 secs]
[GC (Allocation Failure)  104199K->68359K(230912K), 0.0330838 secs]
[GC (Allocation Failure)  104199K->68327K(230912K), 0.0297288 secs]
[GC (Allocation Failure)  104167K->68359K(230912K), 0.0292512 secs]
[GC (Allocation Failure)  104199K->68391K(230912K), 0.0313616 secs]
[GC (Allocation Failure)  104231K->68359K(230912K), 0.0336056 secs]
[GC (Allocation Failure)  104199K->68327K(230912K), 0.0332020 secs]
[GC (Allocation Failure)  104167K->68359K(230912K), 0.0355004 secs]
[GC (Allocation Failure)  104199K->68391K(230912K), 0.0317635 secs]
[GC (Allocation Failure)  104231K->68359K(230912K), 0.0318412 secs]
[GC (Allocation Failure)  104199K->68327K(230912K), 0.0308169 secs]
[GC (Allocation Failure)  104167K->68327K(230912K), 0.0294852 secs]
[GC (Allocation Failure)  104167K->68359K(230912K), 0.0306183 secs]
[GC (Allocation Failure)  104199K->68359K(230912K), 0.0353567 secs]
[GC (Allocation Failure)  104199K->68359K(230912K), 0.0381436 secs]
[GC (Allocation Failure)  104199K->68359K(230912K), 0.0332998 secs]
[GC (Allocation Failure)  104199K->68359K(230912K), 0.0321866 secs]
[GC (Allocation Failure)  104199K->68359K(230912K), 0.0326749 secs]
[GC (Allocation Failure)  104199K->68359K(230912K), 0.0303842 secs]
[GC (Allocation Failure)  104199K->68359K(230912K), 0.0305607 secs]
[GC (Allocation Failure)  104199K->68359K(230912K), 0.0367923 secs]
[GC (Allocation Failure)  104199K->68359K(230912K), 0.0407908 secs]
[GC (Allocation Failure)  104199K->68327K(230912K), 0.0313142 secs]
[GC (Allocation Failure)  104167K->68359K(230912K), 0.0327643 secs]
[GC (Allocation Failure)  104199K->68391K(230912K), 0.0328247 secs]
[GC (Allocation Failure)  104231K->68359K(230912K), 0.0346122 secs]
[GC (Allocation Failure)  104199K->68359K(230912K), 0.0315016 secs]
[GC (Allocation Failure)  104199K->68359K(230912K), 0.0410243 secs]
[GC (Allocation Failure)  104199K->68359K(230912K), 0.0395535 secs]
[GC (Allocation Failure)  104199K->68359K(230912K), 0.0324298 secs]
[GC (Allocation Failure)  104199K->68359K(230912K), 0.0317480 secs]
[GC (Allocation Failure)  104199K->68359K(230912K), 0.0308376 secs]
[GC (Allocation Failure)  104199K->68359K(230912K), 0.0297976 secs]
[GC (Allocation Failure)  104199K->68327K(230912K), 0.0334722 secs]
[GC (Allocation Failure)  104167K->68359K(230912K), 0.0329160 secs]
[GC (Allocation Failure)  104199K->68359K(230912K), 0.0316063 secs]
[GC (Allocation Failure)  104199K->68359K(230912K), 0.0378886 secs]
[GC (Allocation Failure)  104199K->68359K(230912K), 0.0334138 secs]
[GC (Allocation Failure)  104199K->68391K(230912K), 0.0316739 secs]
[GC (Allocation Failure)  104231K->68391K(230912K), 0.0295299 secs]
[GC (Allocation Failure)  104231K->68359K(230912K), 0.0302147 secs]
[GC (Allocation Failure)  104199K->68359K(230912K), 0.0334080 secs]
[GC (Allocation Failure)  104199K->68359K(230912K), 0.0322904 secs]
[GC (Allocation Failure)  104199K->68327K(230912K), 0.0304585 secs]
[GC (Allocation Failure)  104167K->68327K(230912K), 0.0387722 secs]
[GC (Allocation Failure)  104167K->68359K(230912K), 0.0332219 secs]
[GC (Allocation Failure)  104199K->68359K(230912K), 0.0314043 secs]
[GC (Allocation Failure)  104199K->68359K(230912K), 0.0291704 secs]
[GC (Allocation Failure)  104199K->68359K(230912K), 0.0302066 secs]
[GC (Allocation Failure)  104199K->68359K(230912K), 0.0330881 secs]
[GC (Allocation Failure)  104199K->68327K(230912K), 0.0333960 secs]
[GC (Allocation Failure)  104167K->68327K(230912K), 0.0384035 secs]
[GC (Allocation Failure)  104167K->68327K(230912K), 0.0321838 secs]
[GC (Allocation Failure)  104167K->68391K(230912K), 0.0298038 secs]
[GC (Allocation Failure)  104231K->68327K(230912K), 0.0301603 secs]
[GC (Allocation Failure)  104167K->68327K(230912K), 0.0302484 secs]
[GC (Allocation Failure)  104167K->68359K(230912K), 0.0307056 secs]
[GC (Allocation Failure)  104199K->68327K(230912K), 0.0316221 secs]
[GC (Allocation Failure)  104167K->68359K(230912K), 0.0341270 secs]
[GC (Allocation Failure)  104199K->68359K(230912K), 0.0318035 secs]
[GC (Allocation Failure)  104199K->68359K(230912K), 0.0313535 secs]
[GC (Allocation Failure)  104199K->68359K(230912K), 0.0312718 secs]
[GC (Allocation Failure)  104199K->68359K(230912K), 0.0301447 secs]
[GC (Allocation Failure)  104199K->68359K(230912K), 0.0300910 secs]
[GC (Allocation Failure)  104199K->68391K(230912K), 0.0302217 secs]
[GC (Allocation Failure)  104231K->68359K(230912K), 0.0303577 secs]
[GC (Allocation Failure)  104199K->68391K(230912K), 0.0346236 secs]
[GC (Allocation Failure)  104231K->68359K(230912K), 0.0333006 secs]
[GC (Allocation Failure)  104199K->68359K(230912K), 0.0352385 secs]
[GC (Allocation Failure)  104199K->68327K(230912K), 0.0357939 secs]
[GC (Allocation Failure)  104167K->68327K(230912K), 0.0327830 secs]
[GC (Allocation Failure)  104167K->68391K(230912K), 0.0318807 secs]
[GC (Allocation Failure)  104231K->68359K(230912K), 0.0305405 secs]
[GC (Allocation Failure)  104199K->68327K(230912K), 0.0316760 secs]
[GC (Allocation Failure)  104167K->68327K(230912K), 0.0373880 secs]
[GC (Allocation Failure)  104167K->68359K(230912K), 0.0378578 secs]
[GC (Allocation Failure)  104199K->68359K(230912K), 0.0354871 secs]
[GC (Allocation Failure)  104199K->68359K(230912K), 0.0328680 secs]
[GC (Allocation Failure)  104199K->68359K(230912K), 0.0302155 secs]
[GC (Allocation Failure)  104199K->68391K(230912K), 0.0300509 secs]
[GC (Allocation Failure)  104231K->68391K(230912K), 0.0362282 secs]
[GC (Allocation Failure)  104231K->68359K(230912K), 0.0406213 secs]
[GC (Allocation Failure)  104199K->68391K(230912K), 0.0353908 secs]
[GC (Allocation Failure)  104231K->68391K(230912K), 0.0341523 secs]
[GC (Allocation Failure)  104231K->68359K(230912K), 0.0299198 secs]
[GC (Allocation Failure)  104199K->68359K(230912K), 0.0311449 secs]
[GC (Allocation Failure)  104199K->68359K(230912K), 0.0311535 secs]
[GC (Allocation Failure)  104199K->68359K(230912K), 0.0313639 secs]
[GC (Allocation Failure)  104199K->68359K(230912K), 0.0331260 secs]
[GC (Allocation Failure)  104199K->68327K(230912K), 0.0311093 secs]
[GC (Allocation Failure)  104167K->68391K(230912K), 0.0309896 secs]
[GC (Allocation Failure)  104231K->68359K(230912K), 0.0314364 secs]
[GC (Allocation Failure)  104199K->68359K(230912K), 0.0310059 secs]
[GC (Allocation Failure)  104199K->68359K(230912K), 0.0321058 secs]
[GC (Allocation Failure)  104199K->68359K(230912K), 0.0341592 secs]
[GC (Allocation Failure)  104199K->68391K(230912K), 0.0322112 secs]
[GC (Allocation Failure)  104231K->68359K(230912K), 0.0319184 secs]
[GC (Allocation Failure)  104199K->68391K(230912K), 0.0320737 secs]
[GC (Allocation Failure)  104231K->68359K(230912K), 0.0349134 secs]
[GC (Allocation Failure)  104199K->68391K(230912K), 0.0319838 secs]
[GC (Allocation Failure)  104231K->68359K(230912K), 0.0321192 secs]
[GC (Allocation Failure)  104199K->68327K(230912K), 0.0303062 secs]
[GC (Allocation Failure)  104167K->68359K(230912K), 0.0314716 secs]
[GC (Allocation Failure)  104199K->68359K(230912K), 0.0296227 secs]
[GC (Allocation Failure)  104199K->68359K(230912K), 0.0320810 secs]
[GC (Allocation Failure)  104199K->68359K(230912K), 0.0327657 secs]
[GC (Allocation Failure)  104199K->68359K(230912K), 0.0318573 secs]
[GC (Allocation Failure)  104199K->68359K(230912K), 0.0310726 secs]
[GC (Allocation Failure)  104199K->68359K(230912K), 0.0334645 secs]
[GC (Allocation Failure)  104199K->68391K(230912K), 0.0319228 secs]
[GC (Allocation Failure)  104231K->68359K(230912K), 0.0327652 secs]
[GC (Allocation Failure)  104199K->68391K(230912K), 0.0312337 secs]
[GC (Allocation Failure)  104231K->68327K(230912K), 0.0303069 secs]
[GC (Allocation Failure)  104167K->68359K(230912K), 0.0357564 secs]
[GC (Allocation Failure)  104199K->68359K(230912K), 0.0384210 secs]
[GC (Allocation Failure)  104199K->68359K(230912K), 0.0309720 secs]
[GC (Allocation Failure)  104199K->68359K(230912K), 0.0334562 secs]
[GC (Allocation Failure)  104199K->68391K(230912K), 0.0310040 secs]
[GC (Allocation Failure)  104231K->68359K(230912K), 0.0295570 secs]
[GC (Allocation Failure)  104199K->68359K(230912K), 0.0293691 secs]
[GC (Allocation Failure)  104199K->68391K(230912K), 0.0360861 secs]
[GC (Allocation Failure)  104231K->68327K(230912K), 0.0341665 secs]
[GC (Allocation Failure)  104167K->68391K(230912K), 0.0319090 secs]
[GC (Allocation Failure)  104231K->68359K(230912K), 0.0306270 secs]
[GC (Allocation Failure)  104199K->68391K(230912K), 0.0322039 secs]
[GC (Allocation Failure)  104231K->68359K(230912K), 0.0301125 secs]
[GC (Allocation Failure)  104199K->68359K(230912K), 0.0296263 secs]
[GC (Allocation Failure)  104199K->68391K(230912K), 0.0288689 secs]
[GC (Allocation Failure)  104231K->68391K(230912K), 0.0362130 secs]
[GC (Allocation Failure)  104231K->68327K(230912K), 0.0336557 secs]
[GC (Allocation Failure)  104167K->68359K(230912K), 0.0326945 secs]
[GC (Allocation Failure)  104199K->68359K(230912K), 0.0347893 secs]
[GC (Allocation Failure)  104199K->68359K(230912K), 0.0322134 secs]
[GC (Allocation Failure)  104199K->68359K(230912K), 0.0311231 secs]
[GC (Allocation Failure)  104199K->68359K(230912K), 0.0303969 secs]
[GC (Allocation Failure)  104199K->68391K(230912K), 0.0283364 secs]
[GC (Allocation Failure)  104231K->68359K(230912K), 0.0356729 secs]
[GC (Allocation Failure)  104199K->68359K(230912K), 0.0317836 secs]
[GC (Allocation Failure)  104199K->68391K(230912K), 0.0305908 secs]
[GC (Allocation Failure)  104231K->68391K(230912K), 0.0327412 secs]
[GC (Allocation Failure)  104231K->68327K(230912K), 0.0322781 secs]
[GC (Allocation Failure)  104167K->68359K(230912K), 0.0310643 secs]
[GC (Allocation Failure)  104199K->68327K(230912K), 0.0307610 secs]
[GC (Allocation Failure)  104167K->68359K(230912K), 0.0300933 secs]
[GC (Allocation Failure)  104199K->68359K(230912K), 0.0376473 secs]
[GC (Allocation Failure)  104199K->68391K(230912K), 0.0399479 secs]
[GC (Allocation Failure)  104231K->68359K(230912K), 0.0304536 secs]
[GC (Allocation Failure)  104199K->68359K(230912K), 0.0335205 secs]
[GC (Allocation Failure)  104199K->68359K(230912K), 0.0300003 secs]
[GC (Allocation Failure)  104199K->68327K(230912K), 0.0334867 secs]
[GC (Allocation Failure)  104167K->68359K(230912K), 0.0299416 secs]
[GC (Allocation Failure)  104199K->68359K(230912K), 0.0310093 secs]
[GC (Allocation Failure)  104199K->68359K(230912K), 0.0325717 secs]
[GC (Allocation Failure)  104199K->68359K(230912K), 0.0312900 secs]
[GC (Allocation Failure)  104199K->68359K(230912K), 0.0306038 secs]
[GC (Allocation Failure)  104199K->68359K(230912K), 0.0313264 secs]
[GC (Allocation Failure)  104199K->68327K(230912K), 0.0308794 secs]
[GC (Allocation Failure)  104167K->68391K(230912K), 0.0295703 secs]
[GC (Allocation Failure)  104231K->68359K(230912K), 0.0300955 secs]
[GC (Allocation Failure)  104199K->68359K(230912K), 0.0358409 secs]
[GC (Allocation Failure)  104199K->68327K(230912K), 0.0305391 secs]
[GC (Allocation Failure)  104167K->68359K(230912K), 0.0315037 secs]
[GC (Allocation Failure)  104199K->68391K(230912K), 0.0315746 secs]
[GC (Allocation Failure)  104231K->68391K(230912K), 0.0352121 secs]
[GC (Allocation Failure)  104231K->68327K(230912K), 0.0346004 secs]
[GC (Allocation Failure)  104167K->68391K(230912K), 0.0296767 secs]
[GC (Allocation Failure)  104231K->68359K(230912K), 0.0292670 secs]
[GC (Allocation Failure)  104199K->68359K(230912K), 0.0325613 secs]
[GC (Allocation Failure)  104199K->68359K(230912K), 0.0363721 secs]
[GC (Allocation Failure)  104199K->68359K(230912K), 0.0326958 secs]
[GC (Allocation Failure)  104199K->68359K(230912K), 0.0328529 secs]
[GC (Allocation Failure)  104199K->68391K(230912K), 0.0368389 secs]
[GC (Allocation Failure)  104231K->68391K(230912K), 0.0321625 secs]
[GC (Allocation Failure)  104231K->68327K(230912K), 0.0310362 secs]
[GC (Allocation Failure)  104167K->68359K(230912K), 0.0309346 secs]
[GC (Allocation Failure)  104199K->68359K(230912K), 0.0293137 secs]
[GC (Allocation Failure)  104199K->68391K(230912K), 0.0362579 secs]
[GC (Allocation Failure)  104231K->68359K(230912K), 0.0336440 secs]
[GC (Allocation Failure)  104199K->68327K(230912K), 0.0315789 secs]
[GC (Allocation Failure)  104167K->68359K(230912K), 0.0314362 secs]
[GC (Allocation Failure)  104199K->68391K(230912K), 0.0318348 secs]
[GC (Allocation Failure)  104231K->68391K(230912K), 0.0309865 secs]
[GC (Allocation Failure)  104231K->68359K(230912K), 0.0304955 secs]
[GC (Allocation Failure)  104199K->68359K(230912K), 0.0307723 secs]
[GC (Allocation Failure)  104199K->68359K(230912K), 0.0297506 secs]
[GC (Allocation Failure)  104199K->68327K(230912K), 0.0316872 secs]
[GC (Allocation Failure)  104167K->68359K(230912K), 0.0313846 secs]
[GC (Allocation Failure)  104199K->68391K(230912K), 0.0306069 secs]
[GC (Allocation Failure)  104231K->68359K(230912K), 0.0310152 secs]
[GC (Allocation Failure)  104199K->68359K(230912K), 0.0330995 secs]
[GC (Allocation Failure)  104199K->68391K(230912K), 0.0319078 secs]
[GC (Allocation Failure)  104231K->68327K(230912K), 0.0307292 secs]
[GC (Allocation Failure)  104167K->68359K(230912K), 0.0306723 secs]
[GC (Allocation Failure)  104199K->68391K(230912K), 0.0298575 secs]
[GC (Allocation Failure)  104231K->68327K(230912K), 0.0315418 secs]
[GC (Allocation Failure)  104167K->68359K(230912K), 0.0320447 secs]
[GC (Allocation Failure)  104199K->68359K(230912K), 0.0299961 secs]
[GC (Allocation Failure)  104199K->68359K(230912K), 0.0392915 secs]
[GC (Allocation Failure)  104199K->68359K(230912K), 0.0320378 secs]
[GC (Allocation Failure)  104199K->68359K(230912K), 0.0306359 secs]
[GC (Allocation Failure)  104199K->68359K(230912K), 0.0301793 secs]
[GC (Allocation Failure)  104199K->68327K(230912K), 0.0304737 secs]
[GC (Allocation Failure)  104167K->68359K(230912K), 0.0314659 secs]
[GC (Allocation Failure)  104199K->68359K(230912K), 0.0324686 secs]
[GC (Allocation Failure)  104199K->68391K(230912K), 0.0358834 secs]
[GC (Allocation Failure)  104231K->68327K(230912K), 0.0369906 secs]
[GC (Allocation Failure)  104167K->68391K(230912K), 0.0353168 secs]
[GC (Allocation Failure)  104231K->68359K(230912K), 0.0306542 secs]
[GC (Allocation Failure)  104199K->68327K(230912K), 0.0304352 secs]
[GC (Allocation Failure)  104167K->68359K(230912K), 0.0309240 secs]
[GC (Allocation Failure)  104199K->68359K(230912K), 0.0308148 secs]
[GC (Allocation Failure)  104199K->68359K(230912K), 0.0315787 secs]
[GC (Allocation Failure)  104199K->68359K(230912K), 0.0304005 secs]
[GC (Allocation Failure)  104199K->68359K(230912K), 0.0316576 secs]
[GC (Allocation Failure)  104199K->68359K(230912K), 0.0311193 secs]
[GC (Allocation Failure)  104199K->68359K(230912K), 0.0300668 secs]
[GC (Allocation Failure)  104199K->68359K(230912K), 0.0307815 secs]
[GC (Allocation Failure)  104199K->68391K(230912K), 0.0298223 secs]
[GC (Allocation Failure)  104231K->68359K(230912K), 0.0292910 secs]
[GC (Allocation Failure)  104199K->68359K(230912K), 0.0320731 secs]
[GC (Allocation Failure)  104199K->68359K(230912K), 0.0333926 secs]
[GC (Allocation Failure)  104199K->68359K(230912K), 0.0313505 secs]
[GC (Allocation Failure)  104199K->68359K(230912K), 0.0306635 secs]
[GC (Allocation Failure)  104199K->68327K(230912K), 0.0374959 secs]
[GC (Allocation Failure)  104167K->68359K(230912K), 0.0310326 secs]
[GC (Allocation Failure)  104199K->68359K(230912K), 0.0304278 secs]
[GC (Allocation Failure)  104199K->68359K(230912K), 0.0304128 secs]
[GC (Allocation Failure)  104199K->68359K(230912K), 0.0304567 secs]
[GC (Allocation Failure)  104199K->68359K(230912K), 0.0321834 secs]
[GC (Allocation Failure)  104199K->68359K(230912K), 0.0359940 secs]
[GC (Allocation Failure)  104199K->68327K(230912K), 0.0318690 secs]
[GC (Allocation Failure)  104167K->68359K(230912K), 0.0311552 secs]
[GC (Allocation Failure)  104199K->68391K(230912K), 0.0310955 secs]
[GC (Allocation Failure)  104231K->68359K(230912K), 0.0319511 secs]
[GC (Allocation Failure)  104199K->68327K(230912K), 0.0321170 secs]
[GC (Allocation Failure)  104167K->68359K(230912K), 0.0352429 secs]
[GC (Allocation Failure)  104199K->68359K(230912K), 0.0370034 secs]
[GC (Allocation Failure)  104199K->68359K(230912K), 0.0351129 secs]
[GC (Allocation Failure)  104199K->68359K(230912K), 0.0306465 secs]
[GC (Allocation Failure)  104199K->68327K(230912K), 0.0308151 secs]
[GC (Allocation Failure)  104167K->68327K(230912K), 0.0311540 secs]
[GC (Allocation Failure)  104167K->68327K(230912K), 0.0308500 secs]
[GC (Allocation Failure)  104167K->68359K(230912K), 0.0324763 secs]
[GC (Allocation Failure)  104199K->68359K(230912K), 0.0320710 secs]
[GC (Allocation Failure)  104199K->68359K(230912K), 0.0308521 secs]
[GC (Allocation Failure)  104199K->68359K(230912K), 0.0316646 secs]
[GC (Allocation Failure)  104199K->68359K(230912K), 0.0326056 secs]
[GC (Allocation Failure)  104199K->68359K(230912K), 0.0322385 secs]
[GC (Allocation Failure)  104199K->68359K(230912K), 0.0352310 secs]
[GC (Allocation Failure)  104199K->68359K(230912K), 0.0316867 secs]
[GC (Allocation Failure)  104199K->68359K(230912K), 0.0312778 secs]
[GC (Allocation Failure)  104199K->68359K(230912K), 0.0311158 secs]
[GC (Allocation Failure)  104199K->68359K(230912K), 0.0302421 secs]
[GC (Allocation Failure)  104199K->68359K(230912K), 0.0320010 secs]
[GC (Allocation Failure)  104199K->68359K(230912K), 0.0322436 secs]
[GC (Allocation Failure)  104199K->68359K(230912K), 0.0328347 secs]
[GC (Allocation Failure)  104199K->68359K(230912K), 0.0421385 secs]
[GC (Allocation Failure)  104199K->68359K(230912K), 0.0319348 secs]
[GC (Allocation Failure)  104199K->68359K(230912K), 0.0319997 secs]
[GC (Allocation Failure)  104199K->68327K(230912K), 0.0320486 secs]
[GC (Allocation Failure)  104167K->68359K(230912K), 0.0316100 secs]
[GC (Allocation Failure)  104199K->68359K(230912K), 0.0317526 secs]
[GC (Allocation Failure)  104199K->68327K(230912K), 0.0331980 secs]
[GC (Allocation Failure)  104167K->68359K(230912K), 0.0325826 secs]
[GC (Allocation Failure)  104199K->68359K(230912K), 0.0321623 secs]
[GC (Allocation Failure)  104199K->68359K(230912K), 0.0325427 secs]
[GC (Allocation Failure)  104199K->68359K(230912K), 0.0315338 secs]
[GC (Allocation Failure)  104199K->68359K(230912K), 0.0322560 secs]
[GC (Allocation Failure)  104199K->68359K(230912K), 0.0326364 secs]
[GC (Allocation Failure)  104199K->68327K(230912K), 0.0312362 secs]
[GC (Allocation Failure)  104167K->68391K(230912K), 0.0296379 secs]
[GC (Allocation Failure)  104231K->68359K(230912K), 0.0323416 secs]
[GC (Allocation Failure)  104199K->68327K(230912K), 0.0320896 secs]
[GC (Allocation Failure)  104167K->68327K(230912K), 0.0310612 secs]
[GC (Allocation Failure)  104167K->68391K(230912K), 0.0314101 secs]
[GC (Allocation Failure)  104231K->68359K(230912K), 0.0332301 secs]
[GC (Allocation Failure)  104199K->68359K(230912K), 0.0314638 secs]
[GC (Allocation Failure)  104199K->68359K(230912K), 0.0321362 secs]
[GC (Allocation Failure)  104199K->68359K(230912K), 0.0308425 secs]
[GC (Allocation Failure)  104199K->68391K(230912K), 0.0311887 secs]
[GC (Allocation Failure)  104231K->68359K(230912K), 0.0304449 secs]
[GC (Allocation Failure)  104199K->68391K(230912K), 0.0314990 secs]
[GC (Allocation Failure)  104231K->68327K(230912K), 0.0326761 secs]
[GC (Allocation Failure)  104167K->68359K(230912K), 0.0316374 secs]
[GC (Allocation Failure)  104199K->68327K(230912K), 0.0319502 secs]
[GC (Allocation Failure)  104167K->68359K(230912K), 0.0321799 secs]
[GC (Allocation Failure)  104199K->68327K(230912K), 0.0314897 secs]
[GC (Allocation Failure)  104167K->68359K(230912K), 0.0326811 secs]
[GC (Allocation Failure)  104199K->68359K(230912K), 0.0322332 secs]
[GC (Allocation Failure)  104199K->68391K(230912K), 0.0314865 secs]
[GC (Allocation Failure)  104231K->68391K(230912K), 0.0334951 secs]
[GC (Allocation Failure)  104231K->68359K(230912K), 0.0331108 secs]
[GC (Allocation Failure)  104199K->68391K(230912K), 0.0310441 secs]
[GC (Allocation Failure)  104231K->68359K(230912K), 0.0343948 secs]
[GC (Allocation Failure)  104199K->68359K(230912K), 0.0388653 secs]
[GC (Allocation Failure)  104199K->68359K(230912K), 0.0326427 secs]
[GC (Allocation Failure)  104199K->68359K(230912K), 0.0321054 secs]
[GC (Allocation Failure)  104199K->68359K(230912K), 0.0332541 secs]
[GC (Allocation Failure)  104199K->68391K(230912K), 0.0312010 secs]
[GC (Allocation Failure)  104231K->68359K(230912K), 0.0317263 secs]
[GC (Allocation Failure)  104199K->68359K(230912K), 0.0312734 secs]
[GC (Allocation Failure)  104199K->68359K(230912K), 0.0325775 secs]
[GC (Allocation Failure)  104199K->68359K(230912K), 0.0354598 secs]
[GC (Allocation Failure)  104199K->68359K(230912K), 0.0392139 secs]
[GC (Allocation Failure)  104199K->68327K(230912K), 0.0316933 secs]
[GC (Allocation Failure)  104167K->68359K(230912K), 0.0327564 secs]
[GC (Allocation Failure)  104199K->68359K(230912K), 0.0323446 secs]
[GC (Allocation Failure)  104199K->68359K(230912K), 0.0313045 secs]
[GC (Allocation Failure)  104199K->68359K(230912K), 0.0312564 secs]
[GC (Allocation Failure)  104199K->68359K(230912K), 0.0327497 secs]
[GC (Allocation Failure)  104199K->68359K(230912K), 0.0308329 secs]
[GC (Allocation Failure)  104199K->68359K(230912K), 0.0319034 secs]
[GC (Allocation Failure)  104199K->68359K(230912K), 0.0315335 secs]
[GC (Allocation Failure)  104199K->68327K(230912K), 0.0319803 secs]
[GC (Allocation Failure)  104167K->68391K(230912K), 0.0321177 secs]
[GC (Allocation Failure)  104231K->68327K(230912K), 0.0335160 secs]
[GC (Allocation Failure)  104167K->68391K(230912K), 0.0313593 secs]
[GC (Allocation Failure)  104231K->68359K(230912K), 0.0306953 secs]
[GC (Allocation Failure)  104199K->68391K(230912K), 0.0310989 secs]
[GC (Allocation Failure)  104231K->68359K(230912K), 0.0311945 secs]
[GC (Allocation Failure)  104199K->68359K(230912K), 0.0319429 secs]
[GC (Allocation Failure)  104199K->68359K(230912K), 0.0313526 secs]
[GC (Allocation Failure)  104199K->68359K(230912K), 0.0311336 secs]
[GC (Allocation Failure)  104199K->68359K(230912K), 0.0321738 secs]
[GC (Allocation Failure)  104199K->68391K(230912K), 0.0314082 secs]
[GC (Allocation Failure)  104231K->68359K(230912K), 0.0357841 secs]
[GC (Allocation Failure)  104199K->68359K(230912K), 0.0335576 secs]
[GC (Allocation Failure)  104199K->68359K(230912K), 0.0323126 secs]
[GC (Allocation Failure)  104199K->68359K(230912K), 0.0349417 secs]
[GC (Allocation Failure)  104199K->68327K(230912K), 0.0336973 secs]
[GC (Allocation Failure)  104167K->68391K(230912K), 0.0304638 secs]
[GC (Allocation Failure)  104231K->68391K(230912K), 0.0321107 secs]
[GC (Allocation Failure)  104231K->68359K(230912K), 0.0289290 secs]
[GC (Allocation Failure)  104199K->68359K(230912K), 0.0403817 secs]
[GC (Allocation Failure)  104199K->68359K(230912K), 0.0340248 secs]
[GC (Allocation Failure)  104199K->68359K(230912K), 0.0312728 secs]
[GC (Allocation Failure)  104199K->68359K(230912K), 0.0328318 secs]
[GC (Allocation Failure)  104199K->68327K(230912K), 0.0311141 secs]
[GC (Allocation Failure)  104167K->68327K(230912K), 0.0307237 secs]
[GC (Allocation Failure)  104167K->68327K(230912K), 0.0301460 secs]
[GC (Allocation Failure)  104167K->68359K(230912K), 0.0319168 secs]
[GC (Allocation Failure)  104199K->68359K(230912K), 0.0319683 secs]
[GC (Allocation Failure)  104199K->68391K(230912K), 0.0320355 secs]
[GC (Allocation Failure)  104231K->68359K(230912K), 0.0319418 secs]
[GC (Allocation Failure)  104199K->68359K(230912K), 0.0317377 secs]
[GC (Allocation Failure)  104199K->68391K(230912K), 0.0325240 secs]
[GC (Allocation Failure)  104231K->68359K(230912K), 0.0345469 secs]
[GC (Allocation Failure)  104199K->68359K(230912K), 0.0313578 secs]
[GC (Allocation Failure)  104199K->68359K(230912K), 0.0321357 secs]
[GC (Allocation Failure)  104199K->68359K(230912K), 0.0309304 secs]
[GC (Allocation Failure)  104199K->68359K(230912K), 0.0307936 secs]
[GC (Allocation Failure)  104199K->68359K(230912K), 0.0330597 secs]
[GC (Allocation Failure)  104199K->68391K(230912K), 0.0317705 secs]
[GC (Allocation Failure)  104231K->68359K(230912K), 0.0319107 secs]
[GC (Allocation Failure)  104199K->68327K(230912K), 0.0362311 secs]
[GC (Allocation Failure)  104167K->68359K(230912K), 0.0316896 secs]
[GC (Allocation Failure)  104199K->68391K(230912K), 0.0347649 secs]
[GC (Allocation Failure)  104231K->68359K(230912K), 0.0320637 secs]
[GC (Allocation Failure)  104199K->68391K(230912K), 0.0312029 secs]
[GC (Allocation Failure)  104231K->68359K(230912K), 0.0316504 secs]
[GC (Allocation Failure)  104199K->68327K(230912K), 0.0299423 secs]
[GC (Allocation Failure)  104167K->68359K(230912K), 0.0342997 secs]
[GC (Allocation Failure)  104199K->68327K(230912K), 0.0372076 secs]
[GC (Allocation Failure)  104167K->68359K(230912K), 0.0372802 secs]
[GC (Allocation Failure)  104199K->68359K(230912K), 0.0322790 secs]
[GC (Allocation Failure)  104199K->68359K(230912K), 0.0320785 secs]
[GC (Allocation Failure)  104199K->68359K(230912K), 0.0312153 secs]
[GC (Allocation Failure)  104199K->68359K(230912K), 0.0310175 secs]
[GC (Allocation Failure)  104199K->68359K(230912K), 0.0312224 secs]
[GC (Allocation Failure)  104199K->68359K(230912K), 0.0329377 secs]
[GC (Allocation Failure)  104199K->68359K(230912K), 0.0326049 secs]
[GC (Allocation Failure)  104199K->68359K(230912K), 0.0322061 secs]
[GC (Allocation Failure)  104199K->68359K(230912K), 0.0337020 secs]
[GC (Allocation Failure)  104199K->68327K(230912K), 0.0329308 secs]
[GC (Allocation Failure)  104167K->68359K(230912K), 0.0315712 secs]
[GC (Allocation Failure)  104199K->68359K(230912K), 0.0337133 secs]
[GC (Allocation Failure)  104199K->68359K(230912K), 0.0322132 secs]
[GC (Allocation Failure)  104199K->68327K(230912K), 0.0312686 secs]
[GC (Allocation Failure)  104167K->68359K(230912K), 0.0307328 secs]
[GC (Allocation Failure)  104199K->68359K(230912K), 0.0304957 secs]
[GC (Allocation Failure)  104199K->68359K(230912K), 0.0329821 secs]
[GC (Allocation Failure)  104199K->68359K(230912K), 0.0324065 secs]
[GC (Allocation Failure)  104199K->68359K(230912K), 0.0320936 secs]
[GC (Allocation Failure)  104199K->68359K(230912K), 0.0316807 secs]
[GC (Allocation Failure)  104199K->68359K(230912K), 0.0318750 secs]
[GC (Allocation Failure)  104199K->68359K(230912K), 0.0338746 secs]
[GC (Allocation Failure)  104199K->68391K(230912K), 0.0334519 secs]
[GC (Allocation Failure)  104231K->68359K(230912K), 0.0323590 secs]
[GC (Allocation Failure)  104199K->68359K(230912K), 0.0311222 secs]
[GC (Allocation Failure)  104199K->68391K(230912K), 0.0313659 secs]
[GC (Allocation Failure)  104231K->68391K(230912K), 0.0310682 secs]
[GC (Allocation Failure)  104231K->68327K(230912K), 0.0308589 secs]
[GC (Allocation Failure)  104167K->68359K(230912K), 0.0327982 secs]
[GC (Allocation Failure)  104199K->68359K(230912K), 0.0384130 secs]
[GC (Allocation Failure)  104199K->68359K(230912K), 0.0333931 secs]
[GC (Allocation Failure)  104199K->68391K(230912K), 0.0314913 secs]
[GC (Allocation Failure)  104231K->68391K(230912K), 0.0313092 secs]
[GC (Allocation Failure)  104231K->68327K(230912K), 0.0313601 secs]
[GC (Allocation Failure)  104167K->68391K(230912K), 0.0302745 secs]
[GC (Allocation Failure)  104231K->68359K(230912K), 0.0307750 secs]
[GC (Allocation Failure)  104199K->68327K(230912K), 0.0319405 secs]
[GC (Allocation Failure)  104167K->68359K(230912K), 0.0352801 secs]
[GC (Allocation Failure)  104199K->68359K(230912K), 0.0325215 secs]
[GC (Allocation Failure)  104199K->68391K(230912K), 0.0315544 secs]
[GC (Allocation Failure)  104231K->68359K(230912K), 0.0323783 secs]
[GC (Allocation Failure)  104199K->68359K(230912K), 0.0339493 secs]
[GC (Allocation Failure)  104199K->68359K(230912K), 0.0306642 secs]
[GC (Allocation Failure)  104199K->68359K(230912K), 0.0316829 secs]
[GC (Allocation Failure)  104199K->68359K(230912K), 0.0312122 secs]
[GC (Allocation Failure)  104199K->68359K(230912K), 0.0319971 secs]
[GC (Allocation Failure)  104199K->68359K(230912K), 0.0317217 secs]
[GC (Allocation Failure)  104199K->68359K(230912K), 0.0308712 secs]
[GC (Allocation Failure)  104199K->68359K(230912K), 0.0312890 secs]
[GC (Allocation Failure)  104199K->68359K(230912K), 0.0338468 secs]
[GC (Allocation Failure)  104199K->68359K(230912K), 0.0348852 secs]
[GC (Allocation Failure)  104199K->68327K(230912K), 0.0411021 secs]
[GC (Allocation Failure)  104167K->68391K(230912K), 0.0324414 secs]
[GC (Allocation Failure)  104231K->68359K(230912K), 0.0316834 secs]
[GC (Allocation Failure)  104199K->68359K(230912K), 0.0316870 secs]
[GC (Allocation Failure)  104199K->68359K(230912K), 0.0304013 secs]
[GC (Allocation Failure)  104199K->68327K(230912K), 0.0310065 secs]
[GC (Allocation Failure)  104167K->68359K(230912K), 0.0291999 secs]
[GC (Allocation Failure)  104199K->68391K(230912K), 0.0349816 secs]
[GC (Allocation Failure)  104231K->68359K(230912K), 0.0388812 secs]
[GC (Allocation Failure)  104199K->68359K(230912K), 0.0686575 secs]
[GC (Allocation Failure)  104199K->68391K(230912K), 0.0358075 secs]
[GC (Allocation Failure)  104231K->68359K(230912K), 0.0310721 secs]
[GC (Allocation Failure)  104199K->68359K(230912K), 0.0304552 secs]
[GC (Allocation Failure)  104199K->68359K(230912K), 0.0312561 secs]
[GC (Allocation Failure)  104199K->68359K(230912K), 0.0320852 secs]
[GC (Allocation Failure)  104199K->68359K(230912K), 0.0324519 secs]
[GC (Allocation Failure)  104199K->68359K(230912K), 0.0335239 secs]
[GC (Allocation Failure)  104199K->68391K(230912K), 0.0317404 secs]
[GC (Allocation Failure)  104231K->68359K(230912K), 0.0326435 secs]
[GC (Allocation Failure)  104199K->68327K(230912K), 0.0316577 secs]
[GC (Allocation Failure)  104167K->68391K(230912K), 0.0312174 secs]
[GC (Allocation Failure)  104231K->68391K(230912K), 0.0346584 secs]
[GC (Allocation Failure)  104231K->68327K(230912K), 0.0318091 secs]
[GC (Allocation Failure)  104167K->68359K(230912K), 0.0308774 secs]
[GC (Allocation Failure)  104199K->68359K(230912K), 0.0311662 secs]
[GC (Allocation Failure)  104199K->68327K(230912K), 0.0305873 secs]
[GC (Allocation Failure)  104167K->68359K(230912K), 0.0316795 secs]
[GC (Allocation Failure)  104199K->68391K(230912K), 0.0337515 secs]
[GC (Allocation Failure)  104231K->68391K(230912K), 0.0351192 secs]
[GC (Allocation Failure)  104231K->68391K(230912K), 0.0420032 secs]
[GC (Allocation Failure)  104231K->68359K(230912K), 0.0350071 secs]
[GC (Allocation Failure)  104199K->68359K(230912K), 0.0331087 secs]
[GC (Allocation Failure)  104199K->68359K(230912K), 0.0326585 secs]
[GC (Allocation Failure)  104199K->68359K(230912K), 0.0316418 secs]
[GC (Allocation Failure)  104199K->68359K(230912K), 0.0321404 secs]
[GC (Allocation Failure)  104199K->68359K(230912K), 0.0411120 secs]
[GC (Allocation Failure)  104199K->68359K(230912K), 0.0403491 secs]
[GC (Allocation Failure)  104199K->68391K(230912K), 0.0352181 secs]
[GC (Allocation Failure)  104231K->68391K(230912K), 0.0369019 secs]
[GC (Allocation Failure)  104231K->68359K(230912K), 0.0342504 secs]
[GC (Allocation Failure)  104199K->68359K(230912K), 0.0314756 secs]
[GC (Allocation Failure)  104199K->68359K(230912K), 0.0309391 secs]
[GC (Allocation Failure)  104199K->68391K(230912K), 0.0307802 secs]
[GC (Allocation Failure)  104231K->68327K(230912K), 0.0311103 secs]
[GC (Allocation Failure)  104167K->68391K(230912K), 0.0313448 secs]
[GC (Allocation Failure)  104231K->68359K(230912K), 0.0319786 secs]
[GC (Allocation Failure)  104199K->68359K(230912K), 0.0334909 secs]
[GC (Allocation Failure)  104199K->68359K(230912K), 0.0329769 secs]
[GC (Allocation Failure)  104199K->68359K(230912K), 0.0322076 secs]
[GC (Allocation Failure)  104199K->68391K(230912K), 0.0317882 secs]
[GC (Allocation Failure)  104231K->68359K(230912K), 0.0324767 secs]
[GC (Allocation Failure)  104199K->68327K(230912K), 0.0333636 secs]
[GC (Allocation Failure)  104167K->68391K(230912K), 0.0320151 secs]
[GC (Allocation Failure)  104231K->68359K(230912K), 0.0314324 secs]
[GC (Allocation Failure)  104199K->68391K(230912K), 0.0314979 secs]
[GC (Allocation Failure)  104231K->68359K(230912K), 0.0311332 secs]
[GC (Allocation Failure)  104199K->68359K(230912K), 0.0303880 secs]
[GC (Allocation Failure)  104199K->68391K(230912K), 0.0326365 secs]
[GC (Allocation Failure)  104231K->68391K(230912K), 0.0402209 secs]
[GC (Allocation Failure)  104231K->68359K(230912K), 0.0444912 secs]
[GC (Allocation Failure)  104199K->68391K(230912K), 0.0322489 secs]
[GC (Allocation Failure)  104231K->68327K(230912K), 0.0307383 secs]
[GC (Allocation Failure)  104167K->68327K(230912K), 0.0323364 secs]
[GC (Allocation Failure)  104167K->68391K(230912K), 0.0312760 secs]
[GC (Allocation Failure)  104231K->68359K(230912K), 0.0344247 secs]
[GC (Allocation Failure)  104199K->68359K(230912K), 0.0383039 secs]
[GC (Allocation Failure)  104199K->68391K(230912K), 0.0327114 secs]
[GC (Allocation Failure)  104231K->68327K(230912K), 0.0302279 secs]
[GC (Allocation Failure)  104167K->68391K(230912K), 0.0319412 secs]
[GC (Allocation Failure)  104231K->68359K(230912K), 0.0351012 secs]
[GC (Allocation Failure)  104199K->68327K(230912K), 0.0385843 secs]
[GC (Allocation Failure)  104167K->68391K(230912K), 0.0327275 secs]
[GC (Allocation Failure)  104231K->68359K(230912K), 0.0301826 secs]
[GC (Allocation Failure)  104199K->68359K(230912K), 0.0309588 secs]
[GC (Allocation Failure)  104199K->68359K(230912K), 0.0328174 secs]
[GC (Allocation Failure)  104199K->68359K(230912K), 0.0315666 secs]
[GC (Allocation Failure)  104199K->68359K(230912K), 0.0322714 secs]
[GC (Allocation Failure)  104199K->68359K(230912K), 0.0364831 secs]
[GC (Allocation Failure)  104199K->68359K(230912K), 0.0366472 secs]
[GC (Allocation Failure)  104199K->68391K(230912K), 0.0309081 secs]
[GC (Allocation Failure)  104231K->68359K(230912K), 0.0320118 secs]
[GC (Allocation Failure)  104199K->68359K(230912K), 0.0306952 secs]
[GC (Allocation Failure)  104199K->68391K(230912K), 0.0308239 secs]
[GC (Allocation Failure)  104231K->68391K(230912K), 0.0301805 secs]
[GC (Allocation Failure)  104231K->68359K(230912K), 0.0326309 secs]
[GC (Allocation Failure)  104199K->68359K(230912K), 0.0367666 secs]
[GC (Allocation Failure)  104199K->68359K(230912K), 0.0432988 secs]
[GC (Allocation Failure)  104199K->68327K(230912K), 0.0350272 secs]
[GC (Allocation Failure)  104167K->68327K(230912K), 0.0337827 secs]
[GC (Allocation Failure)  104167K->68359K(230912K), 0.0329294 secs]
[GC (Allocation Failure)  104199K->68359K(230912K), 0.0294952 secs]
[GC (Allocation Failure)  104199K->68359K(230912K), 0.0309922 secs]
[GC (Allocation Failure)  104199K->68391K(230912K), 0.0286688 secs]
[GC (Allocation Failure)  104231K->68359K(230912K), 0.0400161 secs]
[GC (Allocation Failure)  104199K->68327K(230912K), 0.0330997 secs]
[GC (Allocation Failure)  104167K->68391K(230912K), 0.0327561 secs]
[GC (Allocation Failure)  104231K->68359K(230912K), 0.0330176 secs]
[GC (Allocation Failure)  104199K->68391K(230912K), 0.0309674 secs]
[GC (Allocation Failure)  104231K->68359K(230912K), 0.0322636 secs]
[GC (Allocation Failure)  104199K->68327K(230912K), 0.0315649 secs]
[GC (Allocation Failure)  104167K->68327K(230912K), 0.0447836 secs]
[GC (Allocation Failure)  104167K->68327K(230912K), 0.0382706 secs]
[GC (Allocation Failure)  104167K->68359K(230912K), 0.0337525 secs]
[GC (Allocation Failure)  104199K->68359K(230912K), 0.0315407 secs]
[GC (Allocation Failure)  104199K->68359K(230912K), 0.0301478 secs]
[GC (Allocation Failure)  104199K->68391K(230912K), 0.0301429 secs]
[GC (Allocation Failure)  104231K->68327K(230912K), 0.0398623 secs]
[GC (Allocation Failure)  104167K->68359K(230912K), 0.0361841 secs]
[GC (Allocation Failure)  104199K->68359K(230912K), 0.0364352 secs]
[GC (Allocation Failure)  104199K->68359K(230912K), 0.0387018 secs]
[GC (Allocation Failure)  104199K->68359K(230912K), 0.0400521 secs]
[GC (Allocation Failure)  104199K->68359K(230912K), 0.0353326 secs]
[GC (Allocation Failure)  104199K->68391K(230912K), 0.0495072 secs]
[GC (Allocation Failure)  104231K->68327K(230912K), 0.0422832 secs]
[GC (Allocation Failure)  104167K->68359K(230912K), 0.0405904 secs]
[GC (Allocation Failure)  104199K->68391K(230912K), 0.0306405 secs]
[GC (Allocation Failure)  104231K->68359K(230912K), 0.0325754 secs]
[GC (Allocation Failure)  104199K->68327K(230912K), 0.0335821 secs]
[GC (Allocation Failure)  104167K->68359K(230912K), 0.0399374 secs]
[GC (Allocation Failure)  104199K->68359K(230912K), 0.0377116 secs]
[GC (Allocation Failure)  104199K->68359K(230912K), 0.0357947 secs]
[GC (Allocation Failure)  104199K->68359K(230912K), 0.0370447 secs]
[GC (Allocation Failure)  104199K->68359K(230912K), 0.0345609 secs]
[GC (Allocation Failure)  104199K->68391K(230912K), 0.0305463 secs]
[GC (Allocation Failure)  104231K->68359K(230912K), 0.0467811 secs]
[GC (Allocation Failure)  104199K->68359K(230912K), 0.0315324 secs]
[GC (Allocation Failure)  104199K->68391K(230912K), 0.0428130 secs]
[GC (Allocation Failure)  104231K->68359K(230912K), 0.0315663 secs]
[GC (Allocation Failure)  104199K->68359K(230912K), 0.0395291 secs]
[GC (Allocation Failure)  104199K->68327K(230912K), 0.0328247 secs]
[GC (Allocation Failure)  104167K->68359K(230912K), 0.0302094 secs]
[GC (Allocation Failure)  104199K->68359K(230912K), 0.0390503 secs]
[GC (Allocation Failure)  104199K->68359K(230912K), 0.0316107 secs]
[GC (Allocation Failure)  104199K->68359K(230912K), 0.0312356 secs]
[GC (Allocation Failure)  104199K->68359K(230912K), 0.0363120 secs]
[GC (Allocation Failure)  104199K->68359K(230912K), 0.0435251 secs]
[GC (Allocation Failure)  104199K->68359K(230912K), 0.0362196 secs]
[GC (Allocation Failure)  104199K->68327K(230912K), 0.0316804 secs]
[GC (Allocation Failure)  104167K->68327K(230912K), 0.0554242 secs]
[GC (Allocation Failure)  104167K->68359K(230912K), 0.0342336 secs]
[GC (Allocation Failure)  104199K->68359K(230912K), 0.0329028 secs]
[GC (Allocation Failure)  104199K->68391K(230912K), 0.0462982 secs]
[GC (Allocation Failure)  104231K->68359K(230912K), 0.0332166 secs]
[GC (Allocation Failure)  104199K->68359K(230912K), 0.0443850 secs]
[GC (Allocation Failure)  104199K->68359K(230912K), 0.0665595 secs]
[GC (Allocation Failure)  104199K->68359K(230912K), 0.0484337 secs]
[GC (Allocation Failure)  104199K->68327K(230912K), 0.0339544 secs]
[GC (Allocation Failure)  104167K->68391K(230912K), 0.0449327 secs]
[GC (Allocation Failure)  104231K->68359K(230912K), 0.0520649 secs]
[GC (Allocation Failure)  104199K->68359K(230912K), 0.0453828 secs]
[GC (Allocation Failure)  104199K->68359K(230912K), 0.0356734 secs]
[GC (Allocation Failure)  104199K->68359K(230912K), 0.0409475 secs]
[GC (Allocation Failure)  104199K->68327K(230912K), 0.0638310 secs]
[GC (Allocation Failure)  104167K->68359K(230912K), 0.0477157 secs]
[GC (Allocation Failure)  104199K->68359K(230912K), 0.0486804 secs]
[GC (Allocation Failure)  104199K->68327K(230912K), 0.0400869 secs]
[GC (Allocation Failure)  104167K->68359K(230912K), 0.0360927 secs]
[GC (Allocation Failure)  104199K->68327K(230912K), 0.0360737 secs]
[GC (Allocation Failure)  104167K->68359K(230912K), 0.0318503 secs]
[GC (Allocation Failure)  104199K->68359K(230912K), 0.0346059 secs]
[GC (Allocation Failure)  104199K->68359K(230912K), 0.0330062 secs]
[GC (Allocation Failure)  104199K->68327K(230912K), 0.0360887 secs]
[GC (Allocation Failure)  104167K->68359K(230912K), 0.0391121 secs]
[GC (Allocation Failure)  104199K->68327K(230912K), 0.0305563 secs]
[GC (Allocation Failure)  104167K->68359K(230912K), 0.0332156 secs]
[GC (Allocation Failure)  104199K->68327K(230912K), 0.0398932 secs]
[GC (Allocation Failure)  104167K->68391K(230912K), 0.0361611 secs]
[GC (Allocation Failure)  104231K->68391K(230912K), 0.0362076 secs]
[GC (Allocation Failure)  104231K->68359K(230912K), 0.0308902 secs]
[GC (Allocation Failure)  104199K->68359K(230912K), 0.0335396 secs]
[GC (Allocation Failure)  104199K->68359K(230912K), 0.0312957 secs]
[GC (Allocation Failure)  104199K->68359K(230912K), 0.0315688 secs]
[GC (Allocation Failure)  104199K->68359K(230912K), 0.0334791 secs]
[GC (Allocation Failure)  104199K->68327K(230912K), 0.0452130 secs]
[GC (Allocation Failure)  104167K->68359K(230912K), 0.0606526 secs]
[GC (Allocation Failure)  104199K->68391K(230912K), 0.0597617 secs]
[GC (Allocation Failure)  104231K->68391K(230912K), 0.0506564 secs]
[GC (Allocation Failure)  104231K->68359K(230912K), 0.0339972 secs]
[GC (Allocation Failure)  104199K->68327K(230912K), 0.0381960 secs]
[GC (Allocation Failure)  104167K->68359K(230912K), 0.0457690 secs]
[GC (Allocation Failure)  104199K->68359K(230912K), 0.0507868 secs]
[GC (Allocation Failure)  104199K->68359K(230912K), 0.0572174 secs]
[GC (Allocation Failure)  104199K->68359K(230912K), 0.0437528 secs]
[GC (Allocation Failure)  104199K->68391K(230912K), 0.0317532 secs]
[GC (Allocation Failure)  104231K->68359K(230912K), 0.0460925 secs]
[GC (Allocation Failure)  104199K->68391K(230912K), 0.0499506 secs]
[GC (Allocation Failure)  104231K->68359K(230912K), 0.0471829 secs]
[GC (Allocation Failure)  104199K->68359K(230912K), 0.0477940 secs]
[GC (Allocation Failure)  104199K->68359K(230912K), 0.0381020 secs]
[GC (Allocation Failure)  104199K->68327K(230912K), 0.0410467 secs]
[GC (Allocation Failure)  104167K->68359K(230912K), 0.0357533 secs]
[GC (Allocation Failure)  104199K->68359K(230912K), 0.0393103 secs]
[GC (Allocation Failure)  104199K->68391K(230912K), 0.0521653 secs]
[GC (Allocation Failure)  104231K->68359K(230912K), 0.0576375 secs]
[GC (Allocation Failure)  104199K->68391K(230912K), 0.0411338 secs]
[GC (Allocation Failure)  104231K->68327K(230912K), 0.0382824 secs]
[GC (Allocation Failure)  104167K->68359K(230912K), 0.0405206 secs]
[GC (Allocation Failure)  104199K->68359K(230912K), 0.0345696 secs]
[GC (Allocation Failure)  104199K->68327K(230912K), 0.0498064 secs]
[GC (Allocation Failure)  104167K->68327K(230912K), 0.0407554 secs]
[GC (Allocation Failure)  104167K->68327K(230912K), 0.0326055 secs]
[GC (Allocation Failure)  104167K->68391K(230912K), 0.0328243 secs]
[GC (Allocation Failure)  104231K->68359K(230912K), 0.0416672 secs]
[GC (Allocation Failure)  104199K->68359K(230912K), 0.0644171 secs]
[GC (Allocation Failure)  104199K->68359K(230912K), 0.0434784 secs]
[GC (Allocation Failure)  104199K->68359K(230912K), 0.0455896 secs]
[GC (Allocation Failure)  104199K->68359K(230912K), 0.0428156 secs]
[GC (Allocation Failure)  104199K->68391K(230912K), 0.0319859 secs]
[GC (Allocation Failure)  104231K->68359K(230912K), 0.0310746 secs]
[GC (Allocation Failure)  104199K->68359K(230912K), 0.0331219 secs]
[GC (Allocation Failure)  104199K->68359K(230912K), 0.0353200 secs]
[GC (Allocation Failure)  104199K->68359K(230912K), 0.0381701 secs]
[GC (Allocation Failure)  104199K->68359K(230912K), 0.0369497 secs]
[GC (Allocation Failure)  104199K->68359K(230912K), 0.0366104 secs]
[GC (Allocation Failure)  104199K->68359K(230912K), 0.0355054 secs]
[GC (Allocation Failure)  104199K->68391K(230912K), 0.0373603 secs]
[GC (Allocation Failure)  104231K->68359K(230912K), 0.0341992 secs]
[GC (Allocation Failure)  104199K->68391K(230912K), 0.0356096 secs]
[GC (Allocation Failure)  104231K->68359K(230912K), 0.0383742 secs]
[GC (Allocation Failure)  104199K->68359K(230912K), 0.0421767 secs]
[GC (Allocation Failure)  104199K->68327K(230912K), 0.0365287 secs]
[GC (Allocation Failure)  104167K->68359K(230912K), 0.0357993 secs]
[GC (Allocation Failure)  104199K->68359K(230912K), 0.0324418 secs]
[GC (Allocation Failure)  104199K->68359K(230912K), 0.0333801 secs]
[GC (Allocation Failure)  104199K->68359K(230912K), 0.0334003 secs]
[GC (Allocation Failure)  104199K->68359K(230912K), 0.0393562 secs]
[GC (Allocation Failure)  104199K->68359K(230912K), 0.0438281 secs]
[GC (Allocation Failure)  104199K->68327K(230912K), 0.0380678 secs]
[GC (Allocation Failure)  104167K->68359K(230912K), 0.0351113 secs]
[GC (Allocation Failure)  104199K->68359K(230912K), 0.0356859 secs]
[GC (Allocation Failure)  104199K->68359K(230912K), 0.0321584 secs]
[GC (Allocation Failure)  104199K->68391K(230912K), 0.0305573 secs]
[GC (Allocation Failure)  104231K->68359K(230912K), 0.0400469 secs]
[GC (Allocation Failure)  104199K->68391K(230912K), 0.0370773 secs]
[GC (Allocation Failure)  104231K->68359K(230912K), 0.0347122 secs]
[GC (Allocation Failure)  104199K->68359K(230912K), 0.0325444 secs]
[GC (Allocation Failure)  104199K->68359K(230912K), 0.0301279 secs]
[GC (Allocation Failure)  104199K->68391K(230912K), 0.0305914 secs]
[GC (Allocation Failure)  104231K->68359K(230912K), 0.0307000 secs]
[GC (Allocation Failure)  104199K->68327K(230912K), 0.0373917 secs]
[GC (Allocation Failure)  104167K->68391K(230912K), 0.0310592 secs]
[GC (Allocation Failure)  104231K->68359K(230912K), 0.0321259 secs]
[GC (Allocation Failure)  104199K->68391K(230912K), 0.0380430 secs]
[GC (Allocation Failure)  104231K->68327K(230912K), 0.0371724 secs]
[GC (Allocation Failure)  104167K->68359K(230912K), 0.0331621 secs]
[GC (Allocation Failure)  104199K->68391K(230912K), 0.0324129 secs]
[GC (Allocation Failure)  104231K->68391K(230912K), 0.0294207 secs]
[GC (Allocation Failure)  104231K->68359K(230912K), 0.0303579 secs]
[GC (Allocation Failure)  104199K->68359K(230912K), 0.0711266 secs]
[GC (Allocation Failure)  104199K->68327K(230912K), 0.0406509 secs]
[GC (Allocation Failure)  104167K->68327K(230912K), 0.0368366 secs]
[GC (Allocation Failure)  104167K->68359K(230912K), 0.0351455 secs]
[GC (Allocation Failure)  104199K->68359K(230912K), 0.0312171 secs]
[GC (Allocation Failure)  104199K->68327K(230912K), 0.0314737 secs]
[GC (Allocation Failure)  104167K->68359K(230912K), 0.0313025 secs]
[GC (Allocation Failure)  104199K->68327K(230912K), 0.0445323 secs]
[GC (Allocation Failure)  104167K->68359K(230912K), 0.0319548 secs]
[GC (Allocation Failure)  104199K->68359K(230912K), 0.0355892 secs]
[GC (Allocation Failure)  104199K->68359K(230912K), 0.0358903 secs]
[GC (Allocation Failure)  104199K->68391K(230912K), 0.0308564 secs]
[GC (Allocation Failure)  104231K->68327K(230912K), 0.0311971 secs]
[GC (Allocation Failure)  104167K->68359K(230912K), 0.0352469 secs]
[GC (Allocation Failure)  104199K->68359K(230912K), 0.0315758 secs]
[GC (Allocation Failure)  104199K->68391K(230912K), 0.0303762 secs]
[GC (Allocation Failure)  104231K->68359K(230912K), 0.0407899 secs]
[GC (Allocation Failure)  104199K->68359K(230912K), 0.0309172 secs]
[GC (Allocation Failure)  104199K->68359K(230912K), 0.0344589 secs]
[GC (Allocation Failure)  104199K->68391K(230912K), 0.0402448 secs]
[GC (Allocation Failure)  104231K->68359K(230912K), 0.0315458 secs]
[GC (Allocation Failure)  104199K->68359K(230912K), 0.0441782 secs]
[GC (Allocation Failure)  104199K->68359K(230912K), 0.0456714 secs]
[GC (Allocation Failure)  104199K->68327K(230912K), 0.0369978 secs]
[GC (Allocation Failure)  104167K->68359K(230912K), 0.0324123 secs]
[GC (Allocation Failure)  104199K->68359K(230912K), 0.0328528 secs]
[GC (Allocation Failure)  104199K->68359K(230912K), 0.0326810 secs]
[GC (Allocation Failure)  104199K->68359K(230912K), 0.0369204 secs]
[GC (Allocation Failure)  104199K->68327K(230912K), 0.0420461 secs]
[GC (Allocation Failure)  104167K->68359K(230912K), 0.0367318 secs]
[GC (Allocation Failure)  104199K->68391K(230912K), 0.0424904 secs]
[GC (Allocation Failure)  104231K->68359K(230912K), 0.0329382 secs]
[GC (Allocation Failure)  104199K->68359K(230912K), 0.0319230 secs]
[GC (Allocation Failure)  104199K->68391K(230912K), 0.0332214 secs]
[GC (Allocation Failure)  104231K->68359K(230912K), 0.0308083 secs]
[GC (Allocation Failure)  104199K->68359K(230912K), 0.0333548 secs]
[GC (Allocation Failure)  104199K->68359K(230912K), 0.0351264 secs]
[GC (Allocation Failure)  104199K->68359K(230912K), 0.0317375 secs]
[GC (Allocation Failure)  104199K->68327K(230912K), 0.0314425 secs]
[GC (Allocation Failure)  104167K->68359K(230912K), 0.0305889 secs]
[GC (Allocation Failure)  104199K->68327K(230912K), 0.0319588 secs]
[GC (Allocation Failure)  104167K->68391K(230912K), 0.0339905 secs]
[GC (Allocation Failure)  104231K->68391K(230912K), 0.0314680 secs]
[GC (Allocation Failure)  104231K->68359K(230912K), 0.0314891 secs]
[GC (Allocation Failure)  104199K->68359K(230912K), 0.0332654 secs]
[GC (Allocation Failure)  104199K->68359K(230912K), 0.0393392 secs]
[GC (Allocation Failure)  104199K->68359K(230912K), 0.0370087 secs]
[GC (Allocation Failure)  104199K->68359K(230912K), 0.0353438 secs]
[GC (Allocation Failure)  104199K->68359K(230912K), 0.0396031 secs]
[GC (Allocation Failure)  104199K->68359K(230912K), 0.0436741 secs]
[GC (Allocation Failure)  104199K->68359K(230912K), 0.0352711 secs]
[GC (Allocation Failure)  104199K->68327K(230912K), 0.0332435 secs]
[GC (Allocation Failure)  104167K->68327K(230912K), 0.0328906 secs]
[GC (Allocation Failure)  104167K->68359K(230912K), 0.0310867 secs]
[GC (Allocation Failure)  104199K->68359K(230912K), 0.0351247 secs]
[GC (Allocation Failure)  104199K->68359K(230912K), 0.0387811 secs]
[GC (Allocation Failure)  104199K->68359K(230912K), 0.0495186 secs]
[GC (Allocation Failure)  104199K->68391K(230912K), 0.0476669 secs]
[GC (Allocation Failure)  104231K->68359K(230912K), 0.0549417 secs]
[GC (Allocation Failure)  104199K->68359K(230912K), 0.0416518 secs]
[GC (Allocation Failure)  104199K->68359K(230912K), 0.0354634 secs]
[GC (Allocation Failure)  104199K->68359K(230912K), 0.0309125 secs]
[GC (Allocation Failure)  104199K->68359K(230912K), 0.0418210 secs]
[GC (Allocation Failure)  104199K->68359K(230912K), 0.0460184 secs]
[GC (Allocation Failure)  104199K->68391K(230912K), 0.0475350 secs]
[GC (Allocation Failure)  104231K->68359K(230912K), 0.0381269 secs]
[GC (Allocation Failure)  104199K->68359K(230912K), 0.0390493 secs]
[GC (Allocation Failure)  104199K->68391K(230912K), 0.0377025 secs]
[GC (Allocation Failure)  104231K->68327K(230912K), 0.0350806 secs]
[GC (Allocation Failure)  104167K->68359K(230912K), 0.0334949 secs]
[GC (Allocation Failure)  104199K->68391K(230912K), 0.0704424 secs]
[GC (Allocation Failure)  104231K->68359K(230912K), 0.0500330 secs]
[GC (Allocation Failure)  104199K->68359K(230912K), 0.0350252 secs]
[GC (Allocation Failure)  104199K->68359K(230912K), 0.0361265 secs]
[GC (Allocation Failure)  104199K->68359K(230912K), 0.0527240 secs]
[GC (Allocation Failure)  104199K->68359K(230912K), 0.0415153 secs]
[GC (Allocation Failure)  104199K->68359K(230912K), 0.0517500 secs]
[GC (Allocation Failure)  104199K->68359K(230912K), 0.0393538 secs]
[GC (Allocation Failure)  104199K->68391K(230912K), 0.0381478 secs]
[GC (Allocation Failure)  104231K->68359K(230912K), 0.0337196 secs]
[GC (Allocation Failure)  104199K->68359K(230912K), 0.0437449 secs]
[GC (Allocation Failure)  104199K->68359K(230912K), 0.0471061 secs]
[GC (Allocation Failure)  104199K->68327K(230912K), 0.0397414 secs]
[GC (Allocation Failure)  104167K->68359K(230912K), 0.0428688 secs]
[GC (Allocation Failure)  104199K->68359K(230912K), 0.0326598 secs]
[GC (Allocation Failure)  104199K->68359K(230912K), 0.0312826 secs]
[GC (Allocation Failure)  104199K->68359K(230912K), 0.0429060 secs]
[GC (Allocation Failure)  104199K->68359K(230912K), 0.0289550 secs]
[GC (Allocation Failure)  104199K->68359K(230912K), 0.1042700 secs]
[GC (Allocation Failure)  104199K->68359K(230912K), 0.0628140 secs]
[GC (Allocation Failure)  104199K->68327K(230912K), 0.0465875 secs]
[GC (Allocation Failure)  104167K->68359K(230912K), 0.0364108 secs]
[GC (Allocation Failure)  104199K->68359K(230912K), 0.0379577 secs]
[GC (Allocation Failure)  104199K->68391K(230912K), 0.0335081 secs]
[GC (Allocation Failure)  104231K->68359K(230912K), 0.0324845 secs]
[GC (Allocation Failure)  104199K->68359K(230912K), 0.0369627 secs]
[GC (Allocation Failure)  104199K->68359K(230912K), 0.0552188 secs]
[GC (Allocation Failure)  104199K->68327K(230912K), 0.0455768 secs]
[GC (Allocation Failure)  104167K->68359K(230912K), 0.0557361 secs]
[GC (Allocation Failure)  104199K->68359K(230912K), 0.0482083 secs]
[GC (Allocation Failure)  104199K->68359K(230912K), 0.0466379 secs]
[GC (Allocation Failure)  104199K->68359K(230912K), 0.0366925 secs]
[GC (Allocation Failure)  104199K->68359K(230912K), 0.0435181 secs]
[GC (Allocation Failure)  104199K->68359K(230912K), 0.0607007 secs]
[GC (Allocation Failure)  104199K->68359K(230912K), 0.0433311 secs]
[GC (Allocation Failure)  104199K->68359K(230912K), 0.0360173 secs]
[GC (Allocation Failure)  104199K->68391K(230912K), 0.0351693 secs]
[GC (Allocation Failure)  104231K->68359K(230912K), 0.0338899 secs]
[GC (Allocation Failure)  104199K->68359K(230912K), 0.0429206 secs]
[GC (Allocation Failure)  104199K->68359K(230912K), 0.0506030 secs]
[GC (Allocation Failure)  104199K->68391K(230912K), 0.0478694 secs]
[GC (Allocation Failure)  104231K->68359K(230912K), 0.0359261 secs]
[GC (Allocation Failure)  104199K->68391K(230912K), 0.0313107 secs]
[GC (Allocation Failure)  104231K->68359K(230912K), 0.0386535 secs]
[GC (Allocation Failure)  104199K->68391K(230912K), 0.0320876 secs]
[GC (Allocation Failure)  104231K->68359K(230912K), 0.0522067 secs]
[GC (Allocation Failure)  104199K->68359K(230912K), 0.0418205 secs]
[GC (Allocation Failure)  104199K->68359K(230912K), 0.0509589 secs]
[GC (Allocation Failure)  104199K->68359K(230912K), 0.0404623 secs]
[GC (Allocation Failure)  104199K->68359K(230912K), 0.0302508 secs]
[GC (Allocation Failure)  104199K->68359K(230912K), 0.0322729 secs]
[GC (Allocation Failure)  104199K->68359K(230912K), 0.0399600 secs]
[GC (Allocation Failure)  104199K->68359K(230912K), 0.0411170 secs]
[GC (Allocation Failure)  104199K->68327K(230912K), 0.0377394 secs]
[GC (Allocation Failure)  104167K->68359K(230912K), 0.0335389 secs]
[GC (Allocation Failure)  104199K->68391K(230912K), 0.0355326 secs]
[GC (Allocation Failure)  104231K->68359K(230912K), 0.0423927 secs]
[GC (Allocation Failure)  104199K->68359K(230912K), 0.0392483 secs]
[GC (Allocation Failure)  104199K->68327K(230912K), 0.0414175 secs]
[GC (Allocation Failure)  104167K->68359K(230912K), 0.0436835 secs]
[GC (Allocation Failure)  104199K->68359K(230912K), 0.0361681 secs]
[GC (Allocation Failure)  104199K->68359K(230912K), 0.0333648 secs]
[GC (Allocation Failure)  104199K->68359K(230912K), 0.0374201 secs]
[GC (Allocation Failure)  104199K->68391K(230912K), 0.0324701 secs]
[GC (Allocation Failure)  104231K->68359K(230912K), 0.0312663 secs]
[GC (Allocation Failure)  104199K->68359K(230912K), 0.0303873 secs]
[GC (Allocation Failure)  104199K->68391K(230912K), 0.0367963 secs]
[GC (Allocation Failure)  104231K->68359K(230912K), 0.0385719 secs]
[GC (Allocation Failure)  104199K->68359K(230912K), 0.0331568 secs]
[GC (Allocation Failure)  104199K->68359K(230912K), 0.0323625 secs]
[GC (Allocation Failure)  104199K->68359K(230912K), 0.0350841 secs]
[GC (Allocation Failure)  104199K->68327K(230912K), 0.0314291 secs]
[GC (Allocation Failure)  104167K->68327K(230912K), 0.0307307 secs]
[GC (Allocation Failure)  104167K->68359K(230912K), 0.0326997 secs]
[GC (Allocation Failure)  104199K->68359K(230912K), 0.0317732 secs]
[GC (Allocation Failure)  104199K->68359K(230912K), 0.0316098 secs]
[GC (Allocation Failure)  104199K->68359K(230912K), 0.0325803 secs]
[GC (Allocation Failure)  104199K->68359K(230912K), 0.0317079 secs]
[GC (Allocation Failure)  104199K->68359K(230912K), 0.0351164 secs]
[GC (Allocation Failure)  104199K->68327K(230912K), 0.0321968 secs]
[GC (Allocation Failure)  104167K->68391K(230912K), 0.0306389 secs]
[GC (Allocation Failure)  104231K->68359K(230912K), 0.0309042 secs]
[GC (Allocation Failure)  104199K->68327K(230912K), 0.0311009 secs]
[GC (Allocation Failure)  104167K->68359K(230912K), 0.0351700 secs]
[GC (Allocation Failure)  104199K->68327K(230912K), 0.0370434 secs]
[GC (Allocation Failure)  104167K->68327K(230912K), 0.0395956 secs]
[GC (Allocation Failure)  104167K->68391K(230912K), 0.0320594 secs]
[GC (Allocation Failure)  104231K->68391K(230912K), 0.0309738 secs]
[GC (Allocation Failure)  104231K->68359K(230912K), 0.0308949 secs]
[GC (Allocation Failure)  104199K->68359K(230912K), 0.0345953 secs]
[GC (Allocation Failure)  104199K->68359K(230912K), 0.0308504 secs]
[GC (Allocation Failure)  104199K->68359K(230912K), 0.0311212 secs]
[GC (Allocation Failure)  104199K->68391K(230912K), 0.0333241 secs]
[GC (Allocation Failure)  104231K->68359K(230912K), 0.0306499 secs]
[GC (Allocation Failure)  104199K->68359K(230912K), 0.0322536 secs]
[GC (Allocation Failure)  104199K->68327K(230912K), 0.0318512 secs]
[GC (Allocation Failure)  104167K->68327K(230912K), 0.0321972 secs]
[GC (Allocation Failure)  104167K->68359K(230912K), 0.0344644 secs]
[GC (Allocation Failure)  104199K->68359K(230912K), 0.0314295 secs]
[GC (Allocation Failure)  104199K->68359K(230912K), 0.0338356 secs]
[GC (Allocation Failure)  104199K->68359K(230912K), 0.0312830 secs]
[GC (Allocation Failure)  104199K->68359K(230912K), 0.0303302 secs]
[GC (Allocation Failure)  104199K->68359K(230912K), 0.0355035 secs]
[GC (Allocation Failure)  104199K->68359K(230912K), 0.0330134 secs]
[GC (Allocation Failure)  104199K->68359K(230912K), 0.0318352 secs]
[GC (Allocation Failure)  104199K->68359K(230912K), 0.0323088 secs]
[GC (Allocation Failure)  104199K->68359K(230912K), 0.0336124 secs]
[GC (Allocation Failure)  104199K->68359K(230912K), 0.0323846 secs]
[GC (Allocation Failure)  104199K->68359K(230912K), 0.0383984 secs]
[GC (Allocation Failure)  104199K->68359K(230912K), 0.0318231 secs]
[GC (Allocation Failure)  104199K->68359K(230912K), 0.0325460 secs]
[GC (Allocation Failure)  104199K->68359K(230912K), 0.0322190 secs]
[GC (Allocation Failure)  104199K->68391K(230912K), 0.0311305 secs]
[GC (Allocation Failure)  104231K->68391K(230912K), 0.0313950 secs]
[GC (Allocation Failure)  104231K->68359K(230912K), 0.0314336 secs]
[GC (Allocation Failure)  104199K->68391K(230912K), 0.0349476 secs]
[GC (Allocation Failure)  104231K->68359K(230912K), 0.0380167 secs]
[GC (Allocation Failure)  104199K->68327K(230912K), 0.0403235 secs]
[GC (Allocation Failure)  104167K->68327K(230912K), 0.0350062 secs]
[GC (Allocation Failure)  104167K->68359K(230912K), 0.0315854 secs]
[GC (Allocation Failure)  104199K->68359K(230912K), 0.0316857 secs]
[GC (Allocation Failure)  104199K->68359K(230912K), 0.0310364 secs]
[GC (Allocation Failure)  104199K->68391K(230912K), 0.0303876 secs]
[GC (Allocation Failure)  104231K->68359K(230912K), 0.0312471 secs]
[GC (Allocation Failure)  104199K->68327K(230912K), 0.0311629 secs]
[GC (Allocation Failure)  104167K->68359K(230912K), 0.0322677 secs]
[GC (Allocation Failure)  104199K->68359K(230912K), 0.0367206 secs]
[GC (Allocation Failure)  104199K->68359K(230912K), 0.0366597 secs]
[GC (Allocation Failure)  104199K->68359K(230912K), 0.0331434 secs]
[GC (Allocation Failure)  104199K->68359K(230912K), 0.0337432 secs]
[GC (Allocation Failure)  104199K->68359K(230912K), 0.0330584 secs]
[GC (Allocation Failure)  104199K->68359K(230912K), 0.0310112 secs]
[GC (Allocation Failure)  104199K->68359K(230912K), 0.0305122 secs]
[GC (Allocation Failure)  104199K->68359K(230912K), 0.0354915 secs]
[GC (Allocation Failure)  104199K->68327K(230912K), 0.0318846 secs]
[GC (Allocation Failure)  104167K->68359K(230912K), 0.0320520 secs]
[GC (Allocation Failure)  104199K->68359K(230912K), 0.0381253 secs]
[GC (Allocation Failure)  104199K->68327K(230912K), 0.0336509 secs]
[GC (Allocation Failure)  104167K->68359K(230912K), 0.0329579 secs]
[GC (Allocation Failure)  104199K->68391K(230912K), 0.0318267 secs]
[GC (Allocation Failure)  104231K->68359K(230912K), 0.0303992 secs]
[GC (Allocation Failure)  104199K->68391K(230912K), 0.0317617 secs]
[GC (Allocation Failure)  104231K->68359K(230912K), 0.0319747 secs]
[GC (Allocation Failure)  104199K->68391K(230912K), 0.0346162 secs]
[GC (Allocation Failure)  104231K->68359K(230912K), 0.0398421 secs]
[GC (Allocation Failure)  104199K->68359K(230912K), 0.0346592 secs]
[GC (Allocation Failure)  104199K->68359K(230912K), 0.0340760 secs]
[GC (Allocation Failure)  104199K->68327K(230912K), 0.0359354 secs]
[GC (Allocation Failure)  104167K->68359K(230912K), 0.0311758 secs]
[GC (Allocation Failure)  104199K->68359K(230912K), 0.0315485 secs]
[GC (Allocation Failure)  104199K->68359K(230912K), 0.0308010 secs]
[GC (Allocation Failure)  104199K->68359K(230912K), 0.0333995 secs]
[GC (Allocation Failure)  104199K->68359K(230912K), 0.0321948 secs]
[GC (Allocation Failure)  104199K->68327K(230912K), 0.0319470 secs]
[GC (Allocation Failure)  104167K->68359K(230912K), 0.0315481 secs]
[GC (Allocation Failure)  104199K->68359K(230912K), 0.0331524 secs]
[GC (Allocation Failure)  104199K->68359K(230912K), 0.0325605 secs]
[GC (Allocation Failure)  104199K->68359K(230912K), 0.0327219 secs]
[GC (Allocation Failure)  104199K->68359K(230912K), 0.0318159 secs]
[GC (Allocation Failure)  104199K->68359K(230912K), 0.0312316 secs]
[GC (Allocation Failure)  104199K->68359K(230912K), 0.0306462 secs]
[GC (Allocation Failure)  104199K->68359K(230912K), 0.0333482 secs]
[GC (Allocation Failure)  104199K->68359K(230912K), 0.0343799 secs]
[GC (Allocation Failure)  104199K->68391K(230912K), 0.0354566 secs]
[GC (Allocation Failure)  104231K->68359K(230912K), 0.0335032 secs]
[GC (Allocation Failure)  104199K->68359K(230912K), 0.0397816 secs]
[GC (Allocation Failure)  104199K->68327K(230912K), 0.0330107 secs]
[GC (Allocation Failure)  104167K->68359K(230912K), 0.0300595 secs]
[GC (Allocation Failure)  104199K->68327K(230912K), 0.0341840 secs]
[GC (Allocation Failure)  104167K->68359K(230912K), 0.0314340 secs]
[GC (Allocation Failure)  104199K->68359K(230912K), 0.0318831 secs]
[GC (Allocation Failure)  104199K->68359K(230912K), 0.0305514 secs]
[GC (Allocation Failure)  104199K->68359K(230912K), 0.0352191 secs]
[GC (Allocation Failure)  104199K->68359K(230912K), 0.0415919 secs]
[GC (Allocation Failure)  104199K->68359K(230912K), 0.0312255 secs]
[GC (Allocation Failure)  104199K->68359K(230912K), 0.0360793 secs]
[GC (Allocation Failure)  104199K->68359K(230912K), 0.0415832 secs]
[GC (Allocation Failure)  104199K->68359K(230912K), 0.0316846 secs]
[GC (Allocation Failure)  104199K->68359K(230912K), 0.0326675 secs]
[GC (Allocation Failure)  104199K->68359K(230912K), 0.0309071 secs]
[GC (Allocation Failure)  104199K->68359K(230912K), 0.0328135 secs]
[GC (Allocation Failure)  104199K->68359K(230912K), 0.0315481 secs]
[GC (Allocation Failure)  104199K->68359K(230912K), 0.0329926 secs]
[GC (Allocation Failure)  104199K->68359K(230912K), 0.0318077 secs]
[GC (Allocation Failure)  104199K->68359K(230912K), 0.0303189 secs]
[GC (Allocation Failure)  104199K->68359K(230912K), 0.0310940 secs]
[GC (Allocation Failure)  104199K->68359K(230912K), 0.0309376 secs]
[GC (Allocation Failure)  104199K->68327K(230912K), 0.0348648 secs]
[GC (Allocation Failure)  104167K->68359K(230912K), 0.0360341 secs]
[GC (Allocation Failure)  104199K->68359K(230912K), 0.0320048 secs]
[GC (Allocation Failure)  104199K->68359K(230912K), 0.0302228 secs]
[GC (Allocation Failure)  104199K->68391K(230912K), 0.0310014 secs]
[GC (Allocation Failure)  104231K->68327K(230912K), 0.0303273 secs]
[GC (Allocation Failure)  104167K->68359K(230912K), 0.0324188 secs]
[GC (Allocation Failure)  104199K->68359K(230912K), 0.0318476 secs]
[GC (Allocation Failure)  104199K->68327K(230912K), 0.0325339 secs]
[GC (Allocation Failure)  104167K->68359K(230912K), 0.0327868 secs]
[GC (Allocation Failure)  104199K->68359K(230912K), 0.0311375 secs]
[GC (Allocation Failure)  104199K->68359K(230912K), 0.0338062 secs]
[GC (Allocation Failure)  104199K->68359K(230912K), 0.0311329 secs]
[GC (Allocation Failure)  104199K->68359K(230912K), 0.0298020 secs]
[GC (Allocation Failure)  104199K->68327K(230912K), 0.0301934 secs]
[GC (Allocation Failure)  104167K->68359K(230912K), 0.0311945 secs]
[GC (Allocation Failure)  104199K->68327K(230912K), 0.0300836 secs]
[GC (Allocation Failure)  104167K->68359K(230912K), 0.0351767 secs]
[GC (Allocation Failure)  104199K->68359K(230912K), 0.0390412 secs]
[GC (Allocation Failure)  104199K->68359K(230912K), 0.0359128 secs]
[GC (Allocation Failure)  104199K->68359K(230912K), 0.0350129 secs]
[GC (Allocation Failure)  104199K->68359K(230912K), 0.0300847 secs]
[GC (Allocation Failure)  104199K->68391K(230912K), 0.0300121 secs]
[GC (Allocation Failure)  104231K->68391K(230912K), 0.0311124 secs]
[GC (Allocation Failure)  104231K->68359K(230912K), 0.0335791 secs]
[GC (Allocation Failure)  104199K->68359K(230912K), 0.0315227 secs]
[GC (Allocation Failure)  104199K->68391K(230912K), 0.0334196 secs]
[GC (Allocation Failure)  104231K->68359K(230912K), 0.0372322 secs]
[GC (Allocation Failure)  104199K->68359K(230912K), 0.0336426 secs]
[GC (Allocation Failure)  104199K->68359K(230912K), 0.0301388 secs]
[GC (Allocation Failure)  104199K->68359K(230912K), 0.0304817 secs]
[GC (Allocation Failure)  104199K->68359K(230912K), 0.0311857 secs]
[GC (Allocation Failure)  104199K->68327K(230912K), 0.0311159 secs]
[GC (Allocation Failure)  104167K->68359K(230912K), 0.0326592 secs]
[GC (Allocation Failure)  104199K->68327K(230912K), 0.0363211 secs]
[GC (Allocation Failure)  104167K->68359K(230912K), 0.0306203 secs]
[GC (Allocation Failure)  104199K->68359K(230912K), 0.0326467 secs]
[GC (Allocation Failure)  104199K->68359K(230912K), 0.0410547 secs]
[GC (Allocation Failure)  104199K->68391K(230912K), 0.0318374 secs]
[GC (Allocation Failure)  104231K->68359K(230912K), 0.0321398 secs]
[GC (Allocation Failure)  104199K->68391K(230912K), 0.0316224 secs]
[GC (Allocation Failure)  104231K->68359K(230912K), 0.0325539 secs]
[GC (Allocation Failure)  104199K->68327K(230912K), 0.0322946 secs]
[GC (Allocation Failure)  104167K->68359K(230912K), 0.0303373 secs]
[GC (Allocation Failure)  104199K->68391K(230912K), 0.0307592 secs]
[GC (Allocation Failure)  104231K->68359K(230912K), 0.0307223 secs]
[GC (Allocation Failure)  104199K->68359K(230912K), 0.0311166 secs]
[GC (Allocation Failure)  104199K->68359K(230912K), 0.0382294 secs]
[GC (Allocation Failure)  104199K->68359K(230912K), 0.0321467 secs]
[GC (Allocation Failure)  104199K->68359K(230912K), 0.0324788 secs]
[GC (Allocation Failure)  104199K->68391K(230912K), 0.0302582 secs]
[GC (Allocation Failure)  104231K->68327K(230912K), 0.0319682 secs]
[GC (Allocation Failure)  104167K->68359K(230912K), 0.0358519 secs]
[GC (Allocation Failure)  104199K->68391K(230912K), 0.0320693 secs]
[GC (Allocation Failure)  104231K->68359K(230912K), 0.0314385 secs]
[GC (Allocation Failure)  104199K->68359K(230912K), 0.0318037 secs]
[GC (Allocation Failure)  104199K->68359K(230912K), 0.0320291 secs]
[GC (Allocation Failure)  104199K->68359K(230912K), 0.0320932 secs]
[GC (Allocation Failure)  104199K->68359K(230912K), 0.0328845 secs]
[GC (Allocation Failure)  104199K->68359K(230912K), 0.0343351 secs]
[GC (Allocation Failure)  104199K->68359K(230912K), 0.0323943 secs]
[GC (Allocation Failure)  104199K->68391K(230912K), 0.0373282 secs]
[GC (Allocation Failure)  104231K->68359K(230912K), 0.0363588 secs]
[GC (Allocation Failure)  104199K->68359K(230912K), 0.0312969 secs]
[GC (Allocation Failure)  104199K->68327K(230912K), 0.0312309 secs]
[GC (Allocation Failure)  104167K->68359K(230912K), 0.0313903 secs]
[GC (Allocation Failure)  104199K->68359K(230912K), 0.0296008 secs]
[GC (Allocation Failure)  104199K->68327K(230912K), 0.0317424 secs]
[GC (Allocation Failure)  104167K->68359K(230912K), 0.0318613 secs]
[GC (Allocation Failure)  104199K->68359K(230912K), 0.0316500 secs]
[GC (Allocation Failure)  104199K->68359K(230912K), 0.0308735 secs]
[GC (Allocation Failure)  104199K->68359K(230912K), 0.0321283 secs]
[GC (Allocation Failure)  104199K->68391K(230912K), 0.0306285 secs]
[GC (Allocation Failure)  104231K->68359K(230912K), 0.0317472 secs]
[GC (Allocation Failure)  104199K->68359K(230912K), 0.0336963 secs]
[GC (Allocation Failure)  104199K->68327K(230912K), 0.0317652 secs]
[GC (Allocation Failure)  104167K->68359K(230912K), 0.0314435 secs]
[GC (Allocation Failure)  104199K->68327K(230912K), 0.0320531 secs]
[GC (Allocation Failure)  104167K->68391K(230912K), 0.0307389 secs]
[GC (Allocation Failure)  104231K->68359K(230912K), 0.0329877 secs]
[GC (Allocation Failure)  104199K->68359K(230912K), 0.0380786 secs]
[GC (Allocation Failure)  104199K->68359K(230912K), 0.0380163 secs]
[GC (Allocation Failure)  104199K->68327K(230912K), 0.0338934 secs]
[GC (Allocation Failure)  104167K->68359K(230912K), 0.0318339 secs]
[GC (Allocation Failure)  104199K->68359K(230912K), 0.0315605 secs]
[GC (Allocation Failure)  104199K->68359K(230912K), 0.0309157 secs]
[GC (Allocation Failure)  104199K->68359K(230912K), 0.0313242 secs]
[GC (Allocation Failure)  104199K->68359K(230912K), 0.0318545 secs]
[GC (Allocation Failure)  104199K->68359K(230912K), 0.0318923 secs]
[GC (Allocation Failure)  104199K->68391K(230912K), 0.0320467 secs]
[GC (Allocation Failure)  104231K->68359K(230912K), 0.0319620 secs]
[GC (Allocation Failure)  104199K->68359K(230912K), 0.0339956 secs]
[GC (Allocation Failure)  104199K->68359K(230912K), 0.0325937 secs]
[GC (Allocation Failure)  104199K->68359K(230912K), 0.0316795 secs]
[GC (Allocation Failure)  104199K->68327K(230912K), 0.0313509 secs]
[GC (Allocation Failure)  104167K->68359K(230912K), 0.0316021 secs]
[GC (Allocation Failure)  104199K->68359K(230912K), 0.0315874 secs]
[GC (Allocation Failure)  104199K->68391K(230912K), 0.0309600 secs]
[GC (Allocation Failure)  104231K->68359K(230912K), 0.0311207 secs]
[GC (Allocation Failure)  104199K->68391K(230912K), 0.0314863 secs]
[GC (Allocation Failure)  104231K->68359K(230912K), 0.0338763 secs]
[GC (Allocation Failure)  104199K->68359K(230912K), 0.0334740 secs]
[GC (Allocation Failure)  104199K->68359K(230912K), 0.0349539 secs]
[GC (Allocation Failure)  104199K->68359K(230912K), 0.0308142 secs]
[GC (Allocation Failure)  104199K->68359K(230912K), 0.0317956 secs]
[GC (Allocation Failure)  104199K->68359K(230912K), 0.0299985 secs]
[GC (Allocation Failure)  104199K->68359K(230912K), 0.0517932 secs]
[GC (Allocation Failure)  104199K->68391K(230912K), 0.0328680 secs]
[GC (Allocation Failure)  104231K->68359K(230912K), 0.0380221 secs]
[GC (Allocation Failure)  104199K->68359K(230912K), 0.0501330 secs]
[GC (Allocation Failure)  104199K->68359K(230912K), 0.0351572 secs]
[GC (Allocation Failure)  104199K->68359K(230912K), 0.0604247 secs]
[GC (Allocation Failure)  104199K->68327K(230912K), 0.0408396 secs]
[GC (Allocation Failure)  104167K->68359K(230912K), 0.0606076 secs]
[GC (Allocation Failure)  104199K->68359K(230912K), 0.0498533 secs]
[GC (Allocation Failure)  104199K->68359K(230912K), 0.0462732 secs]
[GC (Allocation Failure)  104199K->68359K(230912K), 0.0554718 secs]
[GC (Allocation Failure)  104199K->68391K(230912K), 0.0480993 secs]
[GC (Allocation Failure)  104231K->68327K(230912K), 0.0483206 secs]
[GC (Allocation Failure)  104167K->68359K(230912K), 0.0426133 secs]
[GC (Allocation Failure)  104199K->68359K(230912K), 0.0385941 secs]
[GC (Allocation Failure)  104199K->68327K(230912K), 0.0448182 secs]
[GC (Allocation Failure)  104167K->68359K(230912K), 0.0336653 secs]
[GC (Allocation Failure)  104199K->68359K(230912K), 0.0467963 secs]
[GC (Allocation Failure)  104199K->68359K(230912K), 0.0396985 secs]
[GC (Allocation Failure)  104199K->68359K(230912K), 0.0547121 secs]
[GC (Allocation Failure)  104199K->68359K(230912K), 0.0640717 secs]
[GC (Allocation Failure)  104199K->68327K(230912K), 0.0404813 secs]
[GC (Allocation Failure)  104167K->68391K(230912K), 0.0398271 secs]
[GC (Allocation Failure)  104231K->68359K(230912K), 0.0335182 secs]
[GC (Allocation Failure)  104199K->68359K(230912K), 0.0561349 secs]
[GC (Allocation Failure)  104199K->68327K(230912K), 0.0549331 secs]
[GC (Allocation Failure)  104167K->68359K(230912K), 0.0333083 secs]
[GC (Allocation Failure)  104199K->68359K(230912K), 0.0414430 secs]
[GC (Allocation Failure)  104199K->68359K(230912K), 0.0417379 secs]
[GC (Allocation Failure)  104199K->68359K(230912K), 0.0427023 secs]
[GC (Allocation Failure)  104199K->68391K(230912K), 0.0381168 secs]
[GC (Allocation Failure)  104231K->68359K(230912K), 0.0366983 secs]
[GC (Allocation Failure)  104199K->68327K(230912K), 0.0367291 secs]
[GC (Allocation Failure)  104167K->68391K(230912K), 0.0344066 secs]
[GC (Allocation Failure)  104231K->68359K(230912K), 0.0432529 secs]
[GC (Allocation Failure)  104199K->68327K(230912K), 0.0537675 secs]
[GC (Allocation Failure)  104167K->68359K(230912K), 0.0394418 secs]
[GC (Allocation Failure)  104199K->68327K(230912K), 0.0401754 secs]
[GC (Allocation Failure)  104167K->68359K(230912K), 0.0355632 secs]
[GC (Allocation Failure)  104199K->68359K(230912K), 0.0350028 secs]
[GC (Allocation Failure)  104199K->68391K(230912K), 0.0334021 secs]
[GC (Allocation Failure)  104231K->68359K(230912K), 0.0325903 secs]
[GC (Allocation Failure)  104199K->68391K(230912K), 0.0364031 secs]
[GC (Allocation Failure)  104231K->68327K(230912K), 0.0420278 secs]
[GC (Allocation Failure)  104167K->68327K(230912K), 0.0312226 secs]
[GC (Allocation Failure)  104167K->68327K(230912K), 0.0378555 secs]
[GC (Allocation Failure)  104167K->68359K(230912K), 0.0454799 secs]
[GC (Allocation Failure)  104199K->68359K(230912K), 0.0416546 secs]
[GC (Allocation Failure)  104199K->68359K(230912K), 0.0368502 secs]
[GC (Allocation Failure)  104199K->68327K(230912K), 0.0486479 secs]
[GC (Allocation Failure)  104167K->68359K(230912K), 0.0314413 secs]
[GC (Allocation Failure)  104199K->68327K(230912K), 0.0372815 secs]
[GC (Allocation Failure)  104167K->68359K(230912K), 0.0612898 secs]
[GC (Allocation Failure)  104199K->68391K(230912K), 0.0472258 secs]
[GC (Allocation Failure)  104231K->68359K(230912K), 0.0360319 secs]
[GC (Allocation Failure)  104199K->68359K(230912K), 0.0335958 secs]
[GC (Allocation Failure)  104199K->68359K(230912K), 0.0319064 secs]
[GC (Allocation Failure)  104199K->68391K(230912K), 0.0431815 secs]
[GC (Allocation Failure)  104231K->68359K(230912K), 0.0771482 secs]
[GC (Allocation Failure)  104199K->68391K(230912K), 0.0326825 secs]
[GC (Allocation Failure)  104231K->68327K(230912K), 0.0615651 secs]
[GC (Allocation Failure)  104167K->68359K(230912K), 0.0799193 secs]
[GC (Allocation Failure)  104199K->68359K(230912K), 0.0538423 secs]
[GC (Allocation Failure)  104199K->68327K(230912K), 0.0664038 secs]
[GC (Allocation Failure)  104167K->68359K(230912K), 0.0738827 secs]
[GC (Allocation Failure)  104199K->68359K(230912K), 0.0488154 secs]
[GC (Allocation Failure)  104199K->68359K(230912K), 0.0444401 secs]
[GC (Allocation Failure)  104199K->68327K(230912K), 0.0394657 secs]
[GC (Allocation Failure)  104167K->68359K(230912K), 0.0308449 secs]
[GC (Allocation Failure)  104199K->68327K(230912K), 0.0437016 secs]
[GC (Allocation Failure)  104167K->68391K(230912K), 0.0470110 secs]
[GC (Allocation Failure)  104231K->68327K(230912K), 0.0305198 secs]
[GC (Allocation Failure)  104167K->68359K(230912K), 0.0362743 secs]
[GC (Allocation Failure)  104199K->68359K(230912K), 0.0400696 secs]
[GC (Allocation Failure)  104199K->68359K(230912K), 0.0395557 secs]
[GC (Allocation Failure)  104199K->68359K(230912K), 0.0392005 secs]
[GC (Allocation Failure)  104199K->68391K(230912K), 0.0391805 secs]
[GC (Allocation Failure)  104231K->68359K(230912K), 0.0369284 secs]
[GC (Allocation Failure)  104199K->68327K(230912K), 0.0319221 secs]
[GC (Allocation Failure)  104167K->68327K(230912K), 0.0369161 secs]
[GC (Allocation Failure)  104167K->68391K(230912K), 0.0397875 secs]
[GC (Allocation Failure)  104231K->68327K(230912K), 0.0350436 secs]
[GC (Allocation Failure)  104167K->68327K(230912K), 0.0443656 secs]
[GC (Allocation Failure)  104167K->68391K(230912K), 0.0422973 secs]
[GC (Allocation Failure)  104231K->68359K(230912K), 0.0300918 secs]
[GC (Allocation Failure)  104199K->68359K(230912K), 0.0417582 secs]
[GC (Allocation Failure)  104199K->68359K(230912K), 0.0302742 secs]
[GC (Allocation Failure)  104199K->68359K(230912K), 0.0315404 secs]
[GC (Allocation Failure)  104199K->68359K(230912K), 0.0363167 secs]
[GC (Allocation Failure)  104199K->68327K(230912K), 0.0407184 secs]
[GC (Allocation Failure)  104167K->68327K(230912K), 0.0382112 secs]
[GC (Allocation Failure)  104167K->68359K(230912K), 0.0345318 secs]
[GC (Allocation Failure)  104199K->68327K(230912K), 0.0329913 secs]
[GC (Allocation Failure)  104167K->68359K(230912K), 0.0314124 secs]
[GC (Allocation Failure)  104199K->68327K(230912K), 0.0296773 secs]
[GC (Allocation Failure)  104167K->68391K(230912K), 0.0354873 secs]
[GC (Allocation Failure)  104231K->68359K(230912K), 0.0334291 secs]
[GC (Allocation Failure)  104199K->68391K(230912K), 0.0282729 secs]
[GC (Allocation Failure)  104231K->68327K(230912K), 0.0299601 secs]
[GC (Allocation Failure)  104167K->68359K(230912K), 0.0375759 secs]
[GC (Allocation Failure)  104199K->68359K(230912K), 0.0459866 secs]
[GC (Allocation Failure)  104199K->68359K(230912K), 0.0419119 secs]
[GC (Allocation Failure)  104199K->68327K(230912K), 0.0415142 secs]
[GC (Allocation Failure)  104167K->68391K(230912K), 0.0390324 secs]
[GC (Allocation Failure)  104231K->68359K(230912K), 0.0345106 secs]
[GC (Allocation Failure)  104199K->68327K(230912K), 0.0468097 secs]
[GC (Allocation Failure)  104167K->68327K(230912K), 0.0416817 secs]
