{Heap before GC invocations=1 (full 0):
 PSYoungGen      total 89600K, used 76800K [0x00000007b9c00000, 0x00000007c0000000, 0x00000007c0000000)
  eden space 76800K, 100% used [0x00000007b9c00000,0x00000007be700000,0x00000007be700000)
  from space 12800K, 0% used [0x00000007bf380000,0x00000007bf380000,0x00000007c0000000)
  to   space 12800K, 0% used [0x00000007be700000,0x00000007be700000,0x00000007bf380000)
 ParOldGen       total 159744K, used 0K [0x00000006c1800000, 0x00000006cb400000, 0x00000007b9c00000)
  object space 159744K, 0% used [0x00000006c1800000,0x00000006c1800000,0x00000006cb400000)
 Metaspace       used 2707K, capacity 4486K, committed 4864K, reserved 1056768K
  class space    used 302K, capacity 386K, committed 512K, reserved 1048576K
[GC (Allocation Failure)  76800K->35688K(249344K), 0.0177635 secs]
Heap after GC invocations=1 (full 0):
 PSYoungGen      total 89600K, used 12784K [0x00000007b9c00000, 0x00000007c0000000, 0x00000007c0000000)
  eden space 76800K, 0% used [0x00000007b9c00000,0x00000007b9c00000,0x00000007be700000)
  from space 12800K, 99% used [0x00000007be700000,0x00000007bf37c050,0x00000007bf380000)
  to   space 12800K, 0% used [0x00000007bf380000,0x00000007bf380000,0x00000007c0000000)
 ParOldGen       total 159744K, used 22904K [0x00000006c1800000, 0x00000006cb400000, 0x00000007b9c00000)
  object space 159744K, 14% used [0x00000006c1800000,0x00000006c2e5e000,0x00000006cb400000)
 Metaspace       used 2707K, capacity 4486K, committed 4864K, reserved 1056768K
  class space    used 302K, capacity 386K, committed 512K, reserved 1048576K
}
{Heap before GC invocations=2 (full 0):
 PSYoungGen      total 89600K, used 89584K [0x00000007b9c00000, 0x00000007c0000000, 0x00000007c0000000)
  eden space 76800K, 100% used [0x00000007b9c00000,0x00000007be700000,0x00000007be700000)
  from space 12800K, 99% used [0x00000007be700000,0x00000007bf37c050,0x00000007bf380000)
  to   space 12800K, 0% used [0x00000007bf380000,0x00000007bf380000,0x00000007c0000000)
 ParOldGen       total 159744K, used 22904K [0x00000006c1800000, 0x00000006cb400000, 0x00000007b9c00000)
  object space 159744K, 14% used [0x00000006c1800000,0x00000006c2e5e000,0x00000006cb400000)
 Metaspace       used 2707K, capacity 4486K, committed 4864K, reserved 1056768K
  class space    used 302K, capacity 386K, committed 512K, reserved 1048576K
[GC (Allocation Failure)  112488K->58584K(249344K), 0.0179804 secs]
Heap after GC invocations=2 (full 0):
 PSYoungGen      total 89600K, used 12784K [0x00000007b9c00000, 0x00000007c0000000, 0x00000007c0000000)
  eden space 76800K, 0% used [0x00000007b9c00000,0x00000007b9c00000,0x00000007be700000)
  from space 12800K, 99% used [0x00000007bf380000,0x00000007bfffc050,0x00000007c0000000)
  to   space 12800K, 0% used [0x00000007be700000,0x00000007be700000,0x00000007bf380000)
 ParOldGen       total 159744K, used 45800K [0x00000006c1800000, 0x00000006cb400000, 0x00000007b9c00000)
  object space 159744K, 28% used [0x00000006c1800000,0x00000006c44ba000,0x00000006cb400000)
 Metaspace       used 2707K, capacity 4486K, committed 4864K, reserved 1056768K
  class space    used 302K, capacity 386K, committed 512K, reserved 1048576K
}
{Heap before GC invocations=3 (full 0):
 PSYoungGen      total 89600K, used 89584K [0x00000007b9c00000, 0x00000007c0000000, 0x00000007c0000000)
  eden space 76800K, 100% used [0x00000007b9c00000,0x00000007be700000,0x00000007be700000)
  from space 12800K, 99% used [0x00000007bf380000,0x00000007bfffc050,0x00000007c0000000)
  to   space 12800K, 0% used [0x00000007be700000,0x00000007be700000,0x00000007bf380000)
 ParOldGen       total 159744K, used 45800K [0x00000006c1800000, 0x00000006cb400000, 0x00000007b9c00000)
  object space 159744K, 28% used [0x00000006c1800000,0x00000006c44ba000,0x00000006cb400000)
 Metaspace       used 2707K, capacity 4486K, committed 4864K, reserved 1056768K
  class space    used 302K, capacity 386K, committed 512K, reserved 1048576K
[GC (Allocation Failure)  135384K->81480K(249344K), 0.0166995 secs]
Heap after GC invocations=3 (full 0):
 PSYoungGen      total 89600K, used 12784K [0x00000007b9c00000, 0x00000007c0000000, 0x00000007c0000000)
  eden space 76800K, 0% used [0x00000007b9c00000,0x00000007b9c00000,0x00000007be700000)
  from space 12800K, 99% used [0x00000007be700000,0x00000007bf37c030,0x00000007bf380000)
  to   space 12800K, 0% used [0x00000007bf380000,0x00000007bf380000,0x00000007c0000000)
 ParOldGen       total 159744K, used 68696K [0x00000006c1800000, 0x00000006cb400000, 0x00000007b9c00000)
  object space 159744K, 43% used [0x00000006c1800000,0x00000006c5b16000,0x00000006cb400000)
 Metaspace       used 2707K, capacity 4486K, committed 4864K, reserved 1056768K
  class space    used 302K, capacity 386K, committed 512K, reserved 1048576K
}
{Heap before GC invocations=4 (full 0):
 PSYoungGen      total 89600K, used 89584K [0x00000007b9c00000, 0x00000007c0000000, 0x00000007c0000000)
  eden space 76800K, 100% used [0x00000007b9c00000,0x00000007be700000,0x00000007be700000)
  from space 12800K, 99% used [0x00000007be700000,0x00000007bf37c030,0x00000007bf380000)
  to   space 12800K, 0% used [0x00000007bf380000,0x00000007bf380000,0x00000007c0000000)
 ParOldGen       total 159744K, used 68696K [0x00000006c1800000, 0x00000006cb400000, 0x00000007b9c00000)
  object space 159744K, 43% used [0x00000006c1800000,0x00000006c5b16000,0x00000006cb400000)
 Metaspace       used 2707K, capacity 4486K, committed 4864K, reserved 1056768K
  class space    used 302K, capacity 386K, committed 512K, reserved 1048576K
[GC (Allocation Failure)  158280K->104440K(249344K), 0.0189186 secs]
Heap after GC invocations=4 (full 0):
 PSYoungGen      total 89600K, used 12776K [0x00000007b9c00000, 0x00000007c0000000, 0x00000007c0000000)
  eden space 76800K, 0% used [0x00000007b9c00000,0x00000007b9c00000,0x00000007be700000)
  from space 12800K, 99% used [0x00000007bf380000,0x00000007bfffa040,0x00000007c0000000)
  to   space 12800K, 0% used [0x00000007be700000,0x00000007be700000,0x00000007bf380000)
 ParOldGen       total 159744K, used 91664K [0x00000006c1800000, 0x00000006cb400000, 0x00000007b9c00000)
  object space 159744K, 57% used [0x00000006c1800000,0x00000006c7184000,0x00000006cb400000)
 Metaspace       used 2707K, capacity 4486K, committed 4864K, reserved 1056768K
  class space    used 302K, capacity 386K, committed 512K, reserved 1048576K
}
{Heap before GC invocations=5 (full 0):
 PSYoungGen      total 89600K, used 89576K [0x00000007b9c00000, 0x00000007c0000000, 0x00000007c0000000)
  eden space 76800K, 100% used [0x00000007b9c00000,0x00000007be700000,0x00000007be700000)
  from space 12800K, 99% used [0x00000007bf380000,0x00000007bfffa040,0x00000007c0000000)
  to   space 12800K, 0% used [0x00000007be700000,0x00000007be700000,0x00000007bf380000)
 ParOldGen       total 159744K, used 91664K [0x00000006c1800000, 0x00000006cb400000, 0x00000007b9c00000)
  object space 159744K, 57% used [0x00000006c1800000,0x00000006c7184000,0x00000006cb400000)
 Metaspace       used 2707K, capacity 4486K, committed 4864K, reserved 1056768K
  class space    used 302K, capacity 386K, committed 512K, reserved 1048576K
[GC (Allocation Failure)  181240K->127344K(249344K), 0.0176682 secs]
Heap after GC invocations=5 (full 0):
 PSYoungGen      total 89600K, used 12784K [0x00000007b9c00000, 0x00000007c0000000, 0x00000007c0000000)
  eden space 76800K, 0% used [0x00000007b9c00000,0x00000007b9c00000,0x00000007be700000)
  from space 12800K, 99% used [0x00000007be700000,0x00000007bf37c050,0x00000007bf380000)
  to   space 12800K, 0% used [0x00000007bf380000,0x00000007bf380000,0x00000007c0000000)
 ParOldGen       total 159744K, used 114560K [0x00000006c1800000, 0x00000006cb400000, 0x00000007b9c00000)
  object space 159744K, 71% used [0x00000006c1800000,0x00000006c87e0000,0x00000006cb400000)
 Metaspace       used 2707K, capacity 4486K, committed 4864K, reserved 1056768K
  class space    used 302K, capacity 386K, committed 512K, reserved 1048576K
}
{Heap before GC invocations=6 (full 0):
 PSYoungGen      total 89600K, used 89584K [0x00000007b9c00000, 0x00000007c0000000, 0x00000007c0000000)
  eden space 76800K, 100% used [0x00000007b9c00000,0x00000007be700000,0x00000007be700000)
  from space 12800K, 99% used [0x00000007be700000,0x00000007bf37c050,0x00000007bf380000)
  to   space 12800K, 0% used [0x00000007bf380000,0x00000007bf380000,0x00000007c0000000)
 ParOldGen       total 159744K, used 114560K [0x00000006c1800000, 0x00000006cb400000, 0x00000007b9c00000)
  object space 159744K, 71% used [0x00000006c1800000,0x00000006c87e0000,0x00000006cb400000)
 Metaspace       used 2707K, capacity 4486K, committed 4864K, reserved 1056768K
  class space    used 302K, capacity 386K, committed 512K, reserved 1048576K
[GC (Allocation Failure)  204144K->150248K(207360K), 0.0184340 secs]
Heap after GC invocations=6 (full 0):
 PSYoungGen      total 47616K, used 12784K [0x00000007b9c00000, 0x00000007c0000000, 0x00000007c0000000)
  eden space 34816K, 0% used [0x00000007b9c00000,0x00000007b9c00000,0x00000007bbe00000)
  from space 12800K, 99% used [0x00000007bf380000,0x00000007bfffc050,0x00000007c0000000)
  to   space 33792K, 0% used [0x00000007bbe00000,0x00000007bbe00000,0x00000007bdf00000)
 ParOldGen       total 159744K, used 137464K [0x00000006c1800000, 0x00000006cb400000, 0x00000007b9c00000)
  object space 159744K, 86% used [0x00000006c1800000,0x00000006c9e3e000,0x00000006cb400000)
 Metaspace       used 2707K, capacity 4486K, committed 4864K, reserved 1056768K
  class space    used 302K, capacity 386K, committed 512K, reserved 1048576K
}
{Heap before GC invocations=7 (full 1):
 PSYoungGen      total 47616K, used 12784K [0x00000007b9c00000, 0x00000007c0000000, 0x00000007c0000000)
  eden space 34816K, 0% used [0x00000007b9c00000,0x00000007b9c00000,0x00000007bbe00000)
  from space 12800K, 99% used [0x00000007bf380000,0x00000007bfffc050,0x00000007c0000000)
  to   space 33792K, 0% used [0x00000007bbe00000,0x00000007bbe00000,0x00000007bdf00000)
 ParOldGen       total 159744K, used 137464K [0x00000006c1800000, 0x00000006cb400000, 0x00000007b9c00000)
  object space 159744K, 86% used [0x00000006c1800000,0x00000006c9e3e000,0x00000006cb400000)
 Metaspace       used 2707K, capacity 4486K, committed 4864K, reserved 1056768K
  class space    used 302K, capacity 386K, committed 512K, reserved 1048576K
[Full GC (Ergonomics)  150248K->35463K(208896K), 0.0946369 secs]
Heap after GC invocations=7 (full 1):
 PSYoungGen      total 47616K, used 0K [0x00000007b9c00000, 0x00000007c0000000, 0x00000007c0000000)
  eden space 34816K, 0% used [0x00000007b9c00000,0x00000007b9c00000,0x00000007bbe00000)
  from space 12800K, 0% used [0x00000007bf380000,0x00000007bf380000,0x00000007c0000000)
  to   space 33792K, 0% used [0x00000007bbe00000,0x00000007bbe00000,0x00000007bdf00000)
 ParOldGen       total 161280K, used 35463K [0x00000006c1800000, 0x00000006cb580000, 0x00000007b9c00000)
  object space 161280K, 21% used [0x00000006c1800000,0x00000006c3aa1e80,0x00000006cb580000)
 Metaspace       used 2707K, capacity 4486K, committed 4864K, reserved 1056768K
  class space    used 302K, capacity 386K, committed 512K, reserved 1048576K
}
{Heap before GC invocations=8 (full 1):
 PSYoungGen      total 47616K, used 34816K [0x00000007b9c00000, 0x00000007c0000000, 0x00000007c0000000)
  eden space 34816K, 100% used [0x00000007b9c00000,0x00000007bbe00000,0x00000007bbe00000)
  from space 12800K, 0% used [0x00000007bf380000,0x00000007bf380000,0x00000007c0000000)
  to   space 33792K, 0% used [0x00000007bbe00000,0x00000007bbe00000,0x00000007bdf00000)
 ParOldGen       total 161280K, used 35463K [0x00000006c1800000, 0x00000006cb580000, 0x00000007b9c00000)
  object space 161280K, 21% used [0x00000006c1800000,0x00000006c3aa1e80,0x00000006cb580000)
 Metaspace       used 2707K, capacity 4486K, committed 4864K, reserved 1056768K
  class space    used 302K, capacity 386K, committed 512K, reserved 1048576K
[GC (Allocation Failure)  70279K->68359K(229888K), 0.0309538 secs]
Heap after GC invocations=8 (full 1):
 PSYoungGen      total 68608K, used 32896K [0x00000007b9c00000, 0x00000007c0000000, 0x00000007c0000000)
  eden space 34816K, 0% used [0x00000007b9c00000,0x00000007b9c00000,0x00000007bbe00000)
  from space 33792K, 97% used [0x00000007bbe00000,0x00000007bde20000,0x00000007bdf00000)
  to   space 33792K, 0% used [0x00000007bdf00000,0x00000007bdf00000,0x00000007c0000000)
 ParOldGen       total 161280K, used 35463K [0x00000006c1800000, 0x00000006cb580000, 0x00000007b9c00000)
  object space 161280K, 21% used [0x00000006c1800000,0x00000006c3aa1e80,0x00000006cb580000)
 Metaspace       used 2707K, capacity 4486K, committed 4864K, reserved 1056768K
  class space    used 302K, capacity 386K, committed 512K, reserved 1048576K
}
{Heap before GC invocations=9 (full 1):
 PSYoungGen      total 68608K, used 67712K [0x00000007b9c00000, 0x00000007c0000000, 0x00000007c0000000)
  eden space 34816K, 100% used [0x00000007b9c00000,0x00000007bbe00000,0x00000007bbe00000)
  from space 33792K, 97% used [0x00000007bbe00000,0x00000007bde20000,0x00000007bdf00000)
  to   space 33792K, 0% used [0x00000007bdf00000,0x00000007bdf00000,0x00000007c0000000)
 ParOldGen       total 161280K, used 35463K [0x00000006c1800000, 0x00000006cb580000, 0x00000007b9c00000)
  object space 161280K, 21% used [0x00000006c1800000,0x00000006c3aa1e80,0x00000006cb580000)
 Metaspace       used 2707K, capacity 4486K, committed 4864K, reserved 1056768K
  class space    used 302K, capacity 386K, committed 512K, reserved 1048576K
[GC (Allocation Failure)  103175K->68359K(229888K), 0.0331162 secs]
Heap after GC invocations=9 (full 1):
 PSYoungGen      total 68608K, used 32896K [0x00000007b9c00000, 0x00000007c0000000, 0x00000007c0000000)
  eden space 34816K, 0% used [0x00000007b9c00000,0x00000007b9c00000,0x00000007bbe00000)
  from space 33792K, 97% used [0x00000007bdf00000,0x00000007bff20000,0x00000007c0000000)
  to   space 33792K, 0% used [0x00000007bbe00000,0x00000007bbe00000,0x00000007bdf00000)
 ParOldGen       total 161280K, used 35463K [0x00000006c1800000, 0x00000006cb580000, 0x00000007b9c00000)
  object space 161280K, 21% used [0x00000006c1800000,0x00000006c3aa1e80,0x00000006cb580000)
 Metaspace       used 2707K, capacity 4486K, committed 4864K, reserved 1056768K
  class space    used 302K, capacity 386K, committed 512K, reserved 1048576K
}
{Heap before GC invocations=10 (full 1):
 PSYoungGen      total 68608K, used 67712K [0x00000007b9c00000, 0x00000007c0000000, 0x00000007c0000000)
  eden space 34816K, 100% used [0x00000007b9c00000,0x00000007bbe00000,0x00000007bbe00000)
  from space 33792K, 97% used [0x00000007bdf00000,0x00000007bff20000,0x00000007c0000000)
  to   space 33792K, 0% used [0x00000007bbe00000,0x00000007bbe00000,0x00000007bdf00000)
 ParOldGen       total 161280K, used 35463K [0x00000006c1800000, 0x00000006cb580000, 0x00000007b9c00000)
  object space 161280K, 21% used [0x00000006c1800000,0x00000006c3aa1e80,0x00000006cb580000)
 Metaspace       used 2707K, capacity 4486K, committed 4864K, reserved 1056768K
  class space    used 302K, capacity 386K, committed 512K, reserved 1048576K
[GC (Allocation Failure)  103175K->68391K(229888K), 0.0318850 secs]
Heap after GC invocations=10 (full 1):
 PSYoungGen      total 68608K, used 32928K [0x00000007b9c00000, 0x00000007c0000000, 0x00000007c0000000)
  eden space 34816K, 0% used [0x00000007b9c00000,0x00000007b9c00000,0x00000007bbe00000)
  from space 33792K, 97% used [0x00000007bbe00000,0x00000007bde28000,0x00000007bdf00000)
  to   space 33792K, 0% used [0x00000007bdf00000,0x00000007bdf00000,0x00000007c0000000)
 ParOldGen       total 161280K, used 35463K [0x00000006c1800000, 0x00000006cb580000, 0x00000007b9c00000)
  object space 161280K, 21% used [0x00000006c1800000,0x00000006c3aa1e80,0x00000006cb580000)
 Metaspace       used 2707K, capacity 4486K, committed 4864K, reserved 1056768K
  class space    used 302K, capacity 386K, committed 512K, reserved 1048576K
}
{Heap before GC invocations=11 (full 1):
 PSYoungGen      total 68608K, used 67744K [0x00000007b9c00000, 0x00000007c0000000, 0x00000007c0000000)
  eden space 34816K, 100% used [0x00000007b9c00000,0x00000007bbe00000,0x00000007bbe00000)
  from space 33792K, 97% used [0x00000007bbe00000,0x00000007bde28000,0x00000007bdf00000)
  to   space 33792K, 0% used [0x00000007bdf00000,0x00000007bdf00000,0x00000007c0000000)
 ParOldGen       total 161280K, used 35463K [0x00000006c1800000, 0x00000006cb580000, 0x00000007b9c00000)
  object space 161280K, 21% used [0x00000006c1800000,0x00000006c3aa1e80,0x00000006cb580000)
 Metaspace       used 2707K, capacity 4486K, committed 4864K, reserved 1056768K
  class space    used 302K, capacity 386K, committed 512K, reserved 1048576K
[GC (Allocation Failure)  103207K->68391K(229888K), 0.0330070 secs]
Heap after GC invocations=11 (full 1):
 PSYoungGen      total 68608K, used 32928K [0x00000007b9c00000, 0x00000007c0000000, 0x00000007c0000000)
  eden space 34816K, 0% used [0x00000007b9c00000,0x00000007b9c00000,0x00000007bbe00000)
  from space 33792K, 97% used [0x00000007bdf00000,0x00000007bff28000,0x00000007c0000000)
  to   space 33792K, 0% used [0x00000007bbe00000,0x00000007bbe00000,0x00000007bdf00000)
 ParOldGen       total 161280K, used 35463K [0x00000006c1800000, 0x00000006cb580000, 0x00000007b9c00000)
  object space 161280K, 21% used [0x00000006c1800000,0x00000006c3aa1e80,0x00000006cb580000)
 Metaspace       used 2707K, capacity 4486K, committed 4864K, reserved 1056768K
  class space    used 302K, capacity 386K, committed 512K, reserved 1048576K
}
{Heap before GC invocations=12 (full 1):
 PSYoungGen      total 68608K, used 67744K [0x00000007b9c00000, 0x00000007c0000000, 0x00000007c0000000)
  eden space 34816K, 100% used [0x00000007b9c00000,0x00000007bbe00000,0x00000007bbe00000)
  from space 33792K, 97% used [0x00000007bdf00000,0x00000007bff28000,0x00000007c0000000)
  to   space 33792K, 0% used [0x00000007bbe00000,0x00000007bbe00000,0x00000007bdf00000)
 ParOldGen       total 161280K, used 35463K [0x00000006c1800000, 0x00000006cb580000, 0x00000007b9c00000)
  object space 161280K, 21% used [0x00000006c1800000,0x00000006c3aa1e80,0x00000006cb580000)
 Metaspace       used 2707K, capacity 4486K, committed 4864K, reserved 1056768K
  class space    used 302K, capacity 386K, committed 512K, reserved 1048576K
[GC (Allocation Failure)  103207K->68359K(229888K), 0.0326495 secs]
Heap after GC invocations=12 (full 1):
 PSYoungGen      total 68608K, used 32896K [0x00000007b9c00000, 0x00000007c0000000, 0x00000007c0000000)
  eden space 34816K, 0% used [0x00000007b9c00000,0x00000007b9c00000,0x00000007bbe00000)
  from space 33792K, 97% used [0x00000007bbe00000,0x00000007bde20000,0x00000007bdf00000)
  to   space 33792K, 0% used [0x00000007bdf00000,0x00000007bdf00000,0x00000007c0000000)
 ParOldGen       total 161280K, used 35463K [0x00000006c1800000, 0x00000006cb580000, 0x00000007b9c00000)
  object space 161280K, 21% used [0x00000006c1800000,0x00000006c3aa1e80,0x00000006cb580000)
 Metaspace       used 2707K, capacity 4486K, committed 4864K, reserved 1056768K
  class space    used 302K, capacity 386K, committed 512K, reserved 1048576K
}
{Heap before GC invocations=13 (full 1):
 PSYoungGen      total 68608K, used 67712K [0x00000007b9c00000, 0x00000007c0000000, 0x00000007c0000000)
  eden space 34816K, 100% used [0x00000007b9c00000,0x00000007bbe00000,0x00000007bbe00000)
  from space 33792K, 97% used [0x00000007bbe00000,0x00000007bde20000,0x00000007bdf00000)
  to   space 33792K, 0% used [0x00000007bdf00000,0x00000007bdf00000,0x00000007c0000000)
 ParOldGen       total 161280K, used 35463K [0x00000006c1800000, 0x00000006cb580000, 0x00000007b9c00000)
  object space 161280K, 21% used [0x00000006c1800000,0x00000006c3aa1e80,0x00000006cb580000)
 Metaspace       used 2707K, capacity 4486K, committed 4864K, reserved 1056768K
  class space    used 302K, capacity 386K, committed 512K, reserved 1048576K
[GC (Allocation Failure)  103175K->68359K(229888K), 0.0323526 secs]
Heap after GC invocations=13 (full 1):
 PSYoungGen      total 68608K, used 32896K [0x00000007b9c00000, 0x00000007c0000000, 0x00000007c0000000)
  eden space 34816K, 0% used [0x00000007b9c00000,0x00000007b9c00000,0x00000007bbe00000)
  from space 33792K, 97% used [0x00000007bdf00000,0x00000007bff20000,0x00000007c0000000)
  to   space 33792K, 0% used [0x00000007bbe00000,0x00000007bbe00000,0x00000007bdf00000)
 ParOldGen       total 161280K, used 35463K [0x00000006c1800000, 0x00000006cb580000, 0x00000007b9c00000)
  object space 161280K, 21% used [0x00000006c1800000,0x00000006c3aa1e80,0x00000006cb580000)
 Metaspace       used 2707K, capacity 4486K, committed 4864K, reserved 1056768K
  class space    used 302K, capacity 386K, committed 512K, reserved 1048576K
}
{Heap before GC invocations=14 (full 1):
 PSYoungGen      total 68608K, used 67712K [0x00000007b9c00000, 0x00000007c0000000, 0x00000007c0000000)
  eden space 34816K, 100% used [0x00000007b9c00000,0x00000007bbe00000,0x00000007bbe00000)
  from space 33792K, 97% used [0x00000007bdf00000,0x00000007bff20000,0x00000007c0000000)
  to   space 33792K, 0% used [0x00000007bbe00000,0x00000007bbe00000,0x00000007bdf00000)
 ParOldGen       total 161280K, used 35463K [0x00000006c1800000, 0x00000006cb580000, 0x00000007b9c00000)
  object space 161280K, 21% used [0x00000006c1800000,0x00000006c3aa1e80,0x00000006cb580000)
 Metaspace       used 2707K, capacity 4486K, committed 4864K, reserved 1056768K
  class space    used 302K, capacity 386K, committed 512K, reserved 1048576K
[GC (Allocation Failure)  103175K->68359K(229888K), 0.0316901 secs]
Heap after GC invocations=14 (full 1):
 PSYoungGen      total 68608K, used 32896K [0x00000007b9c00000, 0x00000007c0000000, 0x00000007c0000000)
  eden space 34816K, 0% used [0x00000007b9c00000,0x00000007b9c00000,0x00000007bbe00000)
  from space 33792K, 97% used [0x00000007bbe00000,0x00000007bde20000,0x00000007bdf00000)
  to   space 33792K, 0% used [0x00000007bdf00000,0x00000007bdf00000,0x00000007c0000000)
 ParOldGen       total 161280K, used 35463K [0x00000006c1800000, 0x00000006cb580000, 0x00000007b9c00000)
  object space 161280K, 21% used [0x00000006c1800000,0x00000006c3aa1e80,0x00000006cb580000)
 Metaspace       used 2707K, capacity 4486K, committed 4864K, reserved 1056768K
  class space    used 302K, capacity 386K, committed 512K, reserved 1048576K
}
{Heap before GC invocations=15 (full 1):
 PSYoungGen      total 68608K, used 67712K [0x00000007b9c00000, 0x00000007c0000000, 0x00000007c0000000)
  eden space 34816K, 100% used [0x00000007b9c00000,0x00000007bbe00000,0x00000007bbe00000)
  from space 33792K, 97% used [0x00000007bbe00000,0x00000007bde20000,0x00000007bdf00000)
  to   space 33792K, 0% used [0x00000007bdf00000,0x00000007bdf00000,0x00000007c0000000)
 ParOldGen       total 161280K, used 35463K [0x00000006c1800000, 0x00000006cb580000, 0x00000007b9c00000)
  object space 161280K, 21% used [0x00000006c1800000,0x00000006c3aa1e80,0x00000006cb580000)
 Metaspace       used 2707K, capacity 4486K, committed 4864K, reserved 1056768K
  class space    used 302K, capacity 386K, committed 512K, reserved 1048576K
[GC (Allocation Failure)  103175K->68359K(229888K), 0.0316241 secs]
Heap after GC invocations=15 (full 1):
 PSYoungGen      total 68608K, used 32896K [0x00000007b9c00000, 0x00000007c0000000, 0x00000007c0000000)
  eden space 34816K, 0% used [0x00000007b9c00000,0x00000007b9c00000,0x00000007bbe00000)
  from space 33792K, 97% used [0x00000007bdf00000,0x00000007bff20000,0x00000007c0000000)
  to   space 33792K, 0% used [0x00000007bbe00000,0x00000007bbe00000,0x00000007bdf00000)
 ParOldGen       total 161280K, used 35463K [0x00000006c1800000, 0x00000006cb580000, 0x00000007b9c00000)
  object space 161280K, 21% used [0x00000006c1800000,0x00000006c3aa1e80,0x00000006cb580000)
 Metaspace       used 2707K, capacity 4486K, committed 4864K, reserved 1056768K
  class space    used 302K, capacity 386K, committed 512K, reserved 1048576K
}
{Heap before GC invocations=16 (full 1):
 PSYoungGen      total 68608K, used 67712K [0x00000007b9c00000, 0x00000007c0000000, 0x00000007c0000000)
  eden space 34816K, 100% used [0x00000007b9c00000,0x00000007bbe00000,0x00000007bbe00000)
  from space 33792K, 97% used [0x00000007bdf00000,0x00000007bff20000,0x00000007c0000000)
  to   space 33792K, 0% used [0x00000007bbe00000,0x00000007bbe00000,0x00000007bdf00000)
 ParOldGen       total 161280K, used 35463K [0x00000006c1800000, 0x00000006cb580000, 0x00000007b9c00000)
  object space 161280K, 21% used [0x00000006c1800000,0x00000006c3aa1e80,0x00000006cb580000)
 Metaspace       used 2707K, capacity 4486K, committed 4864K, reserved 1056768K
  class space    used 302K, capacity 386K, committed 512K, reserved 1048576K
[GC (Allocation Failure)  103175K->68359K(229888K), 0.0332717 secs]
Heap after GC invocations=16 (full 1):
 PSYoungGen      total 68608K, used 32896K [0x00000007b9c00000, 0x00000007c0000000, 0x00000007c0000000)
  eden space 34816K, 0% used [0x00000007b9c00000,0x00000007b9c00000,0x00000007bbe00000)
  from space 33792K, 97% used [0x00000007bbe00000,0x00000007bde20000,0x00000007bdf00000)
  to   space 33792K, 0% used [0x00000007bdf00000,0x00000007bdf00000,0x00000007c0000000)
 ParOldGen       total 161280K, used 35463K [0x00000006c1800000, 0x00000006cb580000, 0x00000007b9c00000)
  object space 161280K, 21% used [0x00000006c1800000,0x00000006c3aa1e80,0x00000006cb580000)
 Metaspace       used 2707K, capacity 4486K, committed 4864K, reserved 1056768K
  class space    used 302K, capacity 386K, committed 512K, reserved 1048576K
}
{Heap before GC invocations=17 (full 1):
 PSYoungGen      total 68608K, used 67712K [0x00000007b9c00000, 0x00000007c0000000, 0x00000007c0000000)
  eden space 34816K, 100% used [0x00000007b9c00000,0x00000007bbe00000,0x00000007bbe00000)
  from space 33792K, 97% used [0x00000007bbe00000,0x00000007bde20000,0x00000007bdf00000)
  to   space 33792K, 0% used [0x00000007bdf00000,0x00000007bdf00000,0x00000007c0000000)
 ParOldGen       total 161280K, used 35463K [0x00000006c1800000, 0x00000006cb580000, 0x00000007b9c00000)
  object space 161280K, 21% used [0x00000006c1800000,0x00000006c3aa1e80,0x00000006cb580000)
 Metaspace       used 2707K, capacity 4486K, committed 4864K, reserved 1056768K
  class space    used 302K, capacity 386K, committed 512K, reserved 1048576K
[GC (Allocation Failure)  103175K->68327K(229888K), 0.0324112 secs]
Heap after GC invocations=17 (full 1):
 PSYoungGen      total 68608K, used 32864K [0x00000007b9c00000, 0x00000007c0000000, 0x00000007c0000000)
  eden space 34816K, 0% used [0x00000007b9c00000,0x00000007b9c00000,0x00000007bbe00000)
  from space 33792K, 97% used [0x00000007bdf00000,0x00000007bff18000,0x00000007c0000000)
  to   space 33792K, 0% used [0x00000007bbe00000,0x00000007bbe00000,0x00000007bdf00000)
 ParOldGen       total 161280K, used 35463K [0x00000006c1800000, 0x00000006cb580000, 0x00000007b9c00000)
  object space 161280K, 21% used [0x00000006c1800000,0x00000006c3aa1e80,0x00000006cb580000)
 Metaspace       used 2707K, capacity 4486K, committed 4864K, reserved 1056768K
  class space    used 302K, capacity 386K, committed 512K, reserved 1048576K
}
{Heap before GC invocations=18 (full 1):
 PSYoungGen      total 68608K, used 67680K [0x00000007b9c00000, 0x00000007c0000000, 0x00000007c0000000)
  eden space 34816K, 100% used [0x00000007b9c00000,0x00000007bbe00000,0x00000007bbe00000)
  from space 33792K, 97% used [0x00000007bdf00000,0x00000007bff18000,0x00000007c0000000)
  to   space 33792K, 0% used [0x00000007bbe00000,0x00000007bbe00000,0x00000007bdf00000)
 ParOldGen       total 161280K, used 35463K [0x00000006c1800000, 0x00000006cb580000, 0x00000007b9c00000)
  object space 161280K, 21% used [0x00000006c1800000,0x00000006c3aa1e80,0x00000006cb580000)
 Metaspace       used 2707K, capacity 4486K, committed 4864K, reserved 1056768K
  class space    used 302K, capacity 386K, committed 512K, reserved 1048576K
[GC (Allocation Failure)  103143K->68327K(229888K), 0.0310787 secs]
Heap after GC invocations=18 (full 1):
 PSYoungGen      total 68608K, used 32864K [0x00000007b9c00000, 0x00000007c0000000, 0x00000007c0000000)
  eden space 34816K, 0% used [0x00000007b9c00000,0x00000007b9c00000,0x00000007bbe00000)
  from space 33792K, 97% used [0x00000007bbe00000,0x00000007bde18000,0x00000007bdf00000)
  to   space 33792K, 0% used [0x00000007bdf00000,0x00000007bdf00000,0x00000007c0000000)
 ParOldGen       total 161280K, used 35463K [0x00000006c1800000, 0x00000006cb580000, 0x00000007b9c00000)
  object space 161280K, 21% used [0x00000006c1800000,0x00000006c3aa1e80,0x00000006cb580000)
 Metaspace       used 2707K, capacity 4486K, committed 4864K, reserved 1056768K
  class space    used 302K, capacity 386K, committed 512K, reserved 1048576K
}
{Heap before GC invocations=19 (full 1):
 PSYoungGen      total 68608K, used 67680K [0x00000007b9c00000, 0x00000007c0000000, 0x00000007c0000000)
  eden space 34816K, 100% used [0x00000007b9c00000,0x00000007bbe00000,0x00000007bbe00000)
  from space 33792K, 97% used [0x00000007bbe00000,0x00000007bde18000,0x00000007bdf00000)
  to   space 33792K, 0% used [0x00000007bdf00000,0x00000007bdf00000,0x00000007c0000000)
 ParOldGen       total 161280K, used 35463K [0x00000006c1800000, 0x00000006cb580000, 0x00000007b9c00000)
  object space 161280K, 21% used [0x00000006c1800000,0x00000006c3aa1e80,0x00000006cb580000)
 Metaspace       used 2707K, capacity 4486K, committed 4864K, reserved 1056768K
  class space    used 302K, capacity 386K, committed 512K, reserved 1048576K
[GC (Allocation Failure)  103143K->68359K(229888K), 0.0311970 secs]
Heap after GC invocations=19 (full 1):
 PSYoungGen      total 68608K, used 32896K [0x00000007b9c00000, 0x00000007c0000000, 0x00000007c0000000)
  eden space 34816K, 0% used [0x00000007b9c00000,0x00000007b9c00000,0x00000007bbe00000)
  from space 33792K, 97% used [0x00000007bdf00000,0x00000007bff20000,0x00000007c0000000)
  to   space 33792K, 0% used [0x00000007bbe00000,0x00000007bbe00000,0x00000007bdf00000)
 ParOldGen       total 161280K, used 35463K [0x00000006c1800000, 0x00000006cb580000, 0x00000007b9c00000)
  object space 161280K, 21% used [0x00000006c1800000,0x00000006c3aa1e80,0x00000006cb580000)
 Metaspace       used 2707K, capacity 4486K, committed 4864K, reserved 1056768K
  class space    used 302K, capacity 386K, committed 512K, reserved 1048576K
}
{Heap before GC invocations=20 (full 1):
 PSYoungGen      total 68608K, used 67712K [0x00000007b9c00000, 0x00000007c0000000, 0x00000007c0000000)
  eden space 34816K, 100% used [0x00000007b9c00000,0x00000007bbe00000,0x00000007bbe00000)
  from space 33792K, 97% used [0x00000007bdf00000,0x00000007bff20000,0x00000007c0000000)
  to   space 33792K, 0% used [0x00000007bbe00000,0x00000007bbe00000,0x00000007bdf00000)
 ParOldGen       total 161280K, used 35463K [0x00000006c1800000, 0x00000006cb580000, 0x00000007b9c00000)
  object space 161280K, 21% used [0x00000006c1800000,0x00000006c3aa1e80,0x00000006cb580000)
 Metaspace       used 2707K, capacity 4486K, committed 4864K, reserved 1056768K
  class space    used 302K, capacity 386K, committed 512K, reserved 1048576K
[GC (Allocation Failure)  103175K->68359K(229888K), 0.0318202 secs]
Heap after GC invocations=20 (full 1):
 PSYoungGen      total 68608K, used 32896K [0x00000007b9c00000, 0x00000007c0000000, 0x00000007c0000000)
  eden space 34816K, 0% used [0x00000007b9c00000,0x00000007b9c00000,0x00000007bbe00000)
  from space 33792K, 97% used [0x00000007bbe00000,0x00000007bde20000,0x00000007bdf00000)
  to   space 33792K, 0% used [0x00000007bdf00000,0x00000007bdf00000,0x00000007c0000000)
 ParOldGen       total 161280K, used 35463K [0x00000006c1800000, 0x00000006cb580000, 0x00000007b9c00000)
  object space 161280K, 21% used [0x00000006c1800000,0x00000006c3aa1e80,0x00000006cb580000)
 Metaspace       used 2707K, capacity 4486K, committed 4864K, reserved 1056768K
  class space    used 302K, capacity 386K, committed 512K, reserved 1048576K
}
{Heap before GC invocations=21 (full 1):
 PSYoungGen      total 68608K, used 67712K [0x00000007b9c00000, 0x00000007c0000000, 0x00000007c0000000)
  eden space 34816K, 100% used [0x00000007b9c00000,0x00000007bbe00000,0x00000007bbe00000)
  from space 33792K, 97% used [0x00000007bbe00000,0x00000007bde20000,0x00000007bdf00000)
  to   space 33792K, 0% used [0x00000007bdf00000,0x00000007bdf00000,0x00000007c0000000)
 ParOldGen       total 161280K, used 35463K [0x00000006c1800000, 0x00000006cb580000, 0x00000007b9c00000)
  object space 161280K, 21% used [0x00000006c1800000,0x00000006c3aa1e80,0x00000006cb580000)
 Metaspace       used 2707K, capacity 4486K, committed 4864K, reserved 1056768K
  class space    used 302K, capacity 386K, committed 512K, reserved 1048576K
[GC (Allocation Failure)  103175K->68391K(229888K), 0.0336092 secs]
Heap after GC invocations=21 (full 1):
 PSYoungGen      total 68608K, used 32928K [0x00000007b9c00000, 0x00000007c0000000, 0x00000007c0000000)
  eden space 34816K, 0% used [0x00000007b9c00000,0x00000007b9c00000,0x00000007bbe00000)
  from space 33792K, 97% used [0x00000007bdf00000,0x00000007bff28000,0x00000007c0000000)
  to   space 33792K, 0% used [0x00000007bbe00000,0x00000007bbe00000,0x00000007bdf00000)
 ParOldGen       total 161280K, used 35463K [0x00000006c1800000, 0x00000006cb580000, 0x00000007b9c00000)
  object space 161280K, 21% used [0x00000006c1800000,0x00000006c3aa1e80,0x00000006cb580000)
 Metaspace       used 2707K, capacity 4486K, committed 4864K, reserved 1056768K
  class space    used 302K, capacity 386K, committed 512K, reserved 1048576K
}
{Heap before GC invocations=22 (full 1):
 PSYoungGen      total 68608K, used 67744K [0x00000007b9c00000, 0x00000007c0000000, 0x00000007c0000000)
  eden space 34816K, 100% used [0x00000007b9c00000,0x00000007bbe00000,0x00000007bbe00000)
  from space 33792K, 97% used [0x00000007bdf00000,0x00000007bff28000,0x00000007c0000000)
  to   space 33792K, 0% used [0x00000007bbe00000,0x00000007bbe00000,0x00000007bdf00000)
 ParOldGen       total 161280K, used 35463K [0x00000006c1800000, 0x00000006cb580000, 0x00000007b9c00000)
  object space 161280K, 21% used [0x00000006c1800000,0x00000006c3aa1e80,0x00000006cb580000)
 Metaspace       used 2707K, capacity 4486K, committed 4864K, reserved 1056768K
  class space    used 302K, capacity 386K, committed 512K, reserved 1048576K
[GC (Allocation Failure)  103207K->68391K(229888K), 0.0492561 secs]
Heap after GC invocations=22 (full 1):
 PSYoungGen      total 68608K, used 32928K [0x00000007b9c00000, 0x00000007c0000000, 0x00000007c0000000)
  eden space 34816K, 0% used [0x00000007b9c00000,0x00000007b9c00000,0x00000007bbe00000)
  from space 33792K, 97% used [0x00000007bbe00000,0x00000007bde28000,0x00000007bdf00000)
  to   space 33792K, 0% used [0x00000007bdf00000,0x00000007bdf00000,0x00000007c0000000)
 ParOldGen       total 161280K, used 35463K [0x00000006c1800000, 0x00000006cb580000, 0x00000007b9c00000)
  object space 161280K, 21% used [0x00000006c1800000,0x00000006c3aa1e80,0x00000006cb580000)
 Metaspace       used 2707K, capacity 4486K, committed 4864K, reserved 1056768K
  class space    used 302K, capacity 386K, committed 512K, reserved 1048576K
}
{Heap before GC invocations=23 (full 1):
 PSYoungGen      total 68608K, used 67744K [0x00000007b9c00000, 0x00000007c0000000, 0x00000007c0000000)
  eden space 34816K, 100% used [0x00000007b9c00000,0x00000007bbe00000,0x00000007bbe00000)
  from space 33792K, 97% used [0x00000007bbe00000,0x00000007bde28000,0x00000007bdf00000)
  to   space 33792K, 0% used [0x00000007bdf00000,0x00000007bdf00000,0x00000007c0000000)
 ParOldGen       total 161280K, used 35463K [0x00000006c1800000, 0x00000006cb580000, 0x00000007b9c00000)
  object space 161280K, 21% used [0x00000006c1800000,0x00000006c3aa1e80,0x00000006cb580000)
 Metaspace       used 2707K, capacity 4486K, committed 4864K, reserved 1056768K
  class space    used 302K, capacity 386K, committed 512K, reserved 1048576K
[GC (Allocation Failure)  103207K->68327K(229888K), 0.0391343 secs]
Heap after GC invocations=23 (full 1):
 PSYoungGen      total 68608K, used 32864K [0x00000007b9c00000, 0x00000007c0000000, 0x00000007c0000000)
  eden space 34816K, 0% used [0x00000007b9c00000,0x00000007b9c00000,0x00000007bbe00000)
  from space 33792K, 97% used [0x00000007bdf00000,0x00000007bff18000,0x00000007c0000000)
  to   space 33792K, 0% used [0x00000007bbe00000,0x00000007bbe00000,0x00000007bdf00000)
 ParOldGen       total 161280K, used 35463K [0x00000006c1800000, 0x00000006cb580000, 0x00000007b9c00000)
  object space 161280K, 21% used [0x00000006c1800000,0x00000006c3aa1e80,0x00000006cb580000)
 Metaspace       used 2707K, capacity 4486K, committed 4864K, reserved 1056768K
  class space    used 302K, capacity 386K, committed 512K, reserved 1048576K
}
{Heap before GC invocations=24 (full 1):
 PSYoungGen      total 68608K, used 67680K [0x00000007b9c00000, 0x00000007c0000000, 0x00000007c0000000)
  eden space 34816K, 100% used [0x00000007b9c00000,0x00000007bbe00000,0x00000007bbe00000)
  from space 33792K, 97% used [0x00000007bdf00000,0x00000007bff18000,0x00000007c0000000)
  to   space 33792K, 0% used [0x00000007bbe00000,0x00000007bbe00000,0x00000007bdf00000)
 ParOldGen       total 161280K, used 35463K [0x00000006c1800000, 0x00000006cb580000, 0x00000007b9c00000)
  object space 161280K, 21% used [0x00000006c1800000,0x00000006c3aa1e80,0x00000006cb580000)
 Metaspace       used 2707K, capacity 4486K, committed 4864K, reserved 1056768K
  class space    used 302K, capacity 386K, committed 512K, reserved 1048576K
[GC (Allocation Failure)  103143K->68359K(229888K), 0.0358015 secs]
Heap after GC invocations=24 (full 1):
 PSYoungGen      total 68608K, used 32896K [0x00000007b9c00000, 0x00000007c0000000, 0x00000007c0000000)
  eden space 34816K, 0% used [0x00000007b9c00000,0x00000007b9c00000,0x00000007bbe00000)
  from space 33792K, 97% used [0x00000007bbe00000,0x00000007bde20000,0x00000007bdf00000)
  to   space 33792K, 0% used [0x00000007bdf00000,0x00000007bdf00000,0x00000007c0000000)
 ParOldGen       total 161280K, used 35463K [0x00000006c1800000, 0x00000006cb580000, 0x00000007b9c00000)
  object space 161280K, 21% used [0x00000006c1800000,0x00000006c3aa1e80,0x00000006cb580000)
 Metaspace       used 2707K, capacity 4486K, committed 4864K, reserved 1056768K
  class space    used 302K, capacity 386K, committed 512K, reserved 1048576K
}
{Heap before GC invocations=25 (full 1):
 PSYoungGen      total 68608K, used 67712K [0x00000007b9c00000, 0x00000007c0000000, 0x00000007c0000000)
  eden space 34816K, 100% used [0x00000007b9c00000,0x00000007bbe00000,0x00000007bbe00000)
  from space 33792K, 97% used [0x00000007bbe00000,0x00000007bde20000,0x00000007bdf00000)
  to   space 33792K, 0% used [0x00000007bdf00000,0x00000007bdf00000,0x00000007c0000000)
 ParOldGen       total 161280K, used 35463K [0x00000006c1800000, 0x00000006cb580000, 0x00000007b9c00000)
  object space 161280K, 21% used [0x00000006c1800000,0x00000006c3aa1e80,0x00000006cb580000)
 Metaspace       used 2707K, capacity 4486K, committed 4864K, reserved 1056768K
  class space    used 302K, capacity 386K, committed 512K, reserved 1048576K
[GC (Allocation Failure)  103175K->68359K(229888K), 0.0317728 secs]
Heap after GC invocations=25 (full 1):
 PSYoungGen      total 68608K, used 32896K [0x00000007b9c00000, 0x00000007c0000000, 0x00000007c0000000)
  eden space 34816K, 0% used [0x00000007b9c00000,0x00000007b9c00000,0x00000007bbe00000)
  from space 33792K, 97% used [0x00000007bdf00000,0x00000007bff20000,0x00000007c0000000)
  to   space 33792K, 0% used [0x00000007bbe00000,0x00000007bbe00000,0x00000007bdf00000)
 ParOldGen       total 161280K, used 35463K [0x00000006c1800000, 0x00000006cb580000, 0x00000007b9c00000)
  object space 161280K, 21% used [0x00000006c1800000,0x00000006c3aa1e80,0x00000006cb580000)
 Metaspace       used 2707K, capacity 4486K, committed 4864K, reserved 1056768K
  class space    used 302K, capacity 386K, committed 512K, reserved 1048576K
}
{Heap before GC invocations=26 (full 1):
 PSYoungGen      total 68608K, used 67712K [0x00000007b9c00000, 0x00000007c0000000, 0x00000007c0000000)
  eden space 34816K, 100% used [0x00000007b9c00000,0x00000007bbe00000,0x00000007bbe00000)
  from space 33792K, 97% used [0x00000007bdf00000,0x00000007bff20000,0x00000007c0000000)
  to   space 33792K, 0% used [0x00000007bbe00000,0x00000007bbe00000,0x00000007bdf00000)
 ParOldGen       total 161280K, used 35463K [0x00000006c1800000, 0x00000006cb580000, 0x00000007b9c00000)
  object space 161280K, 21% used [0x00000006c1800000,0x00000006c3aa1e80,0x00000006cb580000)
 Metaspace       used 2707K, capacity 4486K, committed 4864K, reserved 1056768K
  class space    used 302K, capacity 386K, committed 512K, reserved 1048576K
[GC (Allocation Failure)  103175K->68359K(229888K), 0.0319604 secs]
Heap after GC invocations=26 (full 1):
 PSYoungGen      total 68608K, used 32896K [0x00000007b9c00000, 0x00000007c0000000, 0x00000007c0000000)
  eden space 34816K, 0% used [0x00000007b9c00000,0x00000007b9c00000,0x00000007bbe00000)
  from space 33792K, 97% used [0x00000007bbe00000,0x00000007bde20000,0x00000007bdf00000)
  to   space 33792K, 0% used [0x00000007bdf00000,0x00000007bdf00000,0x00000007c0000000)
 ParOldGen       total 161280K, used 35463K [0x00000006c1800000, 0x00000006cb580000, 0x00000007b9c00000)
  object space 161280K, 21% used [0x00000006c1800000,0x00000006c3aa1e80,0x00000006cb580000)
 Metaspace       used 2707K, capacity 4486K, committed 4864K, reserved 1056768K
  class space    used 302K, capacity 386K, committed 512K, reserved 1048576K
}
{Heap before GC invocations=27 (full 1):
 PSYoungGen      total 68608K, used 67712K [0x00000007b9c00000, 0x00000007c0000000, 0x00000007c0000000)
  eden space 34816K, 100% used [0x00000007b9c00000,0x00000007bbe00000,0x00000007bbe00000)
  from space 33792K, 97% used [0x00000007bbe00000,0x00000007bde20000,0x00000007bdf00000)
  to   space 33792K, 0% used [0x00000007bdf00000,0x00000007bdf00000,0x00000007c0000000)
 ParOldGen       total 161280K, used 35463K [0x00000006c1800000, 0x00000006cb580000, 0x00000007b9c00000)
  object space 161280K, 21% used [0x00000006c1800000,0x00000006c3aa1e80,0x00000006cb580000)
 Metaspace       used 2707K, capacity 4486K, committed 4864K, reserved 1056768K
  class space    used 302K, capacity 386K, committed 512K, reserved 1048576K
[GC (Allocation Failure)  103175K->68359K(229888K), 0.0315275 secs]
Heap after GC invocations=27 (full 1):
 PSYoungGen      total 68608K, used 32896K [0x00000007b9c00000, 0x00000007c0000000, 0x00000007c0000000)
  eden space 34816K, 0% used [0x00000007b9c00000,0x00000007b9c00000,0x00000007bbe00000)
  from space 33792K, 97% used [0x00000007bdf00000,0x00000007bff20000,0x00000007c0000000)
  to   space 33792K, 0% used [0x00000007bbe00000,0x00000007bbe00000,0x00000007bdf00000)
 ParOldGen       total 161280K, used 35463K [0x00000006c1800000, 0x00000006cb580000, 0x00000007b9c00000)
  object space 161280K, 21% used [0x00000006c1800000,0x00000006c3aa1e80,0x00000006cb580000)
 Metaspace       used 2707K, capacity 4486K, committed 4864K, reserved 1056768K
  class space    used 302K, capacity 386K, committed 512K, reserved 1048576K
}
{Heap before GC invocations=28 (full 1):
 PSYoungGen      total 68608K, used 67712K [0x00000007b9c00000, 0x00000007c0000000, 0x00000007c0000000)
  eden space 34816K, 100% used [0x00000007b9c00000,0x00000007bbe00000,0x00000007bbe00000)
  from space 33792K, 97% used [0x00000007bdf00000,0x00000007bff20000,0x00000007c0000000)
  to   space 33792K, 0% used [0x00000007bbe00000,0x00000007bbe00000,0x00000007bdf00000)
 ParOldGen       total 161280K, used 35463K [0x00000006c1800000, 0x00000006cb580000, 0x00000007b9c00000)
  object space 161280K, 21% used [0x00000006c1800000,0x00000006c3aa1e80,0x00000006cb580000)
 Metaspace       used 2707K, capacity 4486K, committed 4864K, reserved 1056768K
  class space    used 302K, capacity 386K, committed 512K, reserved 1048576K
[GC (Allocation Failure)  103175K->68327K(229888K), 0.0317649 secs]
Heap after GC invocations=28 (full 1):
 PSYoungGen      total 68608K, used 32864K [0x00000007b9c00000, 0x00000007c0000000, 0x00000007c0000000)
  eden space 34816K, 0% used [0x00000007b9c00000,0x00000007b9c00000,0x00000007bbe00000)
  from space 33792K, 97% used [0x00000007bbe00000,0x00000007bde18000,0x00000007bdf00000)
  to   space 33792K, 0% used [0x00000007bdf00000,0x00000007bdf00000,0x00000007c0000000)
 ParOldGen       total 161280K, used 35463K [0x00000006c1800000, 0x00000006cb580000, 0x00000007b9c00000)
  object space 161280K, 21% used [0x00000006c1800000,0x00000006c3aa1e80,0x00000006cb580000)
 Metaspace       used 2707K, capacity 4486K, committed 4864K, reserved 1056768K
  class space    used 302K, capacity 386K, committed 512K, reserved 1048576K
}
{Heap before GC invocations=29 (full 1):
 PSYoungGen      total 68608K, used 67680K [0x00000007b9c00000, 0x00000007c0000000, 0x00000007c0000000)
  eden space 34816K, 100% used [0x00000007b9c00000,0x00000007bbe00000,0x00000007bbe00000)
  from space 33792K, 97% used [0x00000007bbe00000,0x00000007bde18000,0x00000007bdf00000)
  to   space 33792K, 0% used [0x00000007bdf00000,0x00000007bdf00000,0x00000007c0000000)
 ParOldGen       total 161280K, used 35463K [0x00000006c1800000, 0x00000006cb580000, 0x00000007b9c00000)
  object space 161280K, 21% used [0x00000006c1800000,0x00000006c3aa1e80,0x00000006cb580000)
 Metaspace       used 2707K, capacity 4486K, committed 4864K, reserved 1056768K
  class space    used 302K, capacity 386K, committed 512K, reserved 1048576K
[GC (Allocation Failure)  103143K->68327K(229888K), 0.0367622 secs]
Heap after GC invocations=29 (full 1):
 PSYoungGen      total 68608K, used 32864K [0x00000007b9c00000, 0x00000007c0000000, 0x00000007c0000000)
  eden space 34816K, 0% used [0x00000007b9c00000,0x00000007b9c00000,0x00000007bbe00000)
  from space 33792K, 97% used [0x00000007bdf00000,0x00000007bff18000,0x00000007c0000000)
  to   space 33792K, 0% used [0x00000007bbe00000,0x00000007bbe00000,0x00000007bdf00000)
 ParOldGen       total 161280K, used 35463K [0x00000006c1800000, 0x00000006cb580000, 0x00000007b9c00000)
  object space 161280K, 21% used [0x00000006c1800000,0x00000006c3aa1e80,0x00000006cb580000)
 Metaspace       used 2707K, capacity 4486K, committed 4864K, reserved 1056768K
  class space    used 302K, capacity 386K, committed 512K, reserved 1048576K
}
{Heap before GC invocations=30 (full 1):
 PSYoungGen      total 68608K, used 67680K [0x00000007b9c00000, 0x00000007c0000000, 0x00000007c0000000)
  eden space 34816K, 100% used [0x00000007b9c00000,0x00000007bbe00000,0x00000007bbe00000)
  from space 33792K, 97% used [0x00000007bdf00000,0x00000007bff18000,0x00000007c0000000)
  to   space 33792K, 0% used [0x00000007bbe00000,0x00000007bbe00000,0x00000007bdf00000)
 ParOldGen       total 161280K, used 35463K [0x00000006c1800000, 0x00000006cb580000, 0x00000007b9c00000)
  object space 161280K, 21% used [0x00000006c1800000,0x00000006c3aa1e80,0x00000006cb580000)
 Metaspace       used 2707K, capacity 4486K, committed 4864K, reserved 1056768K
  class space    used 302K, capacity 386K, committed 512K, reserved 1048576K
[GC (Allocation Failure)  103143K->68359K(229888K), 0.0397996 secs]
Heap after GC invocations=30 (full 1):
 PSYoungGen      total 68608K, used 32896K [0x00000007b9c00000, 0x00000007c0000000, 0x00000007c0000000)
  eden space 34816K, 0% used [0x00000007b9c00000,0x00000007b9c00000,0x00000007bbe00000)
  from space 33792K, 97% used [0x00000007bbe00000,0x00000007bde20000,0x00000007bdf00000)
  to   space 33792K, 0% used [0x00000007bdf00000,0x00000007bdf00000,0x00000007c0000000)
 ParOldGen       total 161280K, used 35463K [0x00000006c1800000, 0x00000006cb580000, 0x00000007b9c00000)
  object space 161280K, 21% used [0x00000006c1800000,0x00000006c3aa1e80,0x00000006cb580000)
 Metaspace       used 2707K, capacity 4486K, committed 4864K, reserved 1056768K
  class space    used 302K, capacity 386K, committed 512K, reserved 1048576K
}
{Heap before GC invocations=31 (full 1):
 PSYoungGen      total 68608K, used 67712K [0x00000007b9c00000, 0x00000007c0000000, 0x00000007c0000000)
  eden space 34816K, 100% used [0x00000007b9c00000,0x00000007bbe00000,0x00000007bbe00000)
  from space 33792K, 97% used [0x00000007bbe00000,0x00000007bde20000,0x00000007bdf00000)
  to   space 33792K, 0% used [0x00000007bdf00000,0x00000007bdf00000,0x00000007c0000000)
 ParOldGen       total 161280K, used 35463K [0x00000006c1800000, 0x00000006cb580000, 0x00000007b9c00000)
  object space 161280K, 21% used [0x00000006c1800000,0x00000006c3aa1e80,0x00000006cb580000)
 Metaspace       used 2707K, capacity 4486K, committed 4864K, reserved 1056768K
  class space    used 302K, capacity 386K, committed 512K, reserved 1048576K
[GC (Allocation Failure)  103175K->68327K(229888K), 0.0363013 secs]
Heap after GC invocations=31 (full 1):
 PSYoungGen      total 68608K, used 32864K [0x00000007b9c00000, 0x00000007c0000000, 0x00000007c0000000)
  eden space 34816K, 0% used [0x00000007b9c00000,0x00000007b9c00000,0x00000007bbe00000)
  from space 33792K, 97% used [0x00000007bdf00000,0x00000007bff18000,0x00000007c0000000)
  to   space 33792K, 0% used [0x00000007bbe00000,0x00000007bbe00000,0x00000007bdf00000)
 ParOldGen       total 161280K, used 35463K [0x00000006c1800000, 0x00000006cb580000, 0x00000007b9c00000)
  object space 161280K, 21% used [0x00000006c1800000,0x00000006c3aa1e80,0x00000006cb580000)
 Metaspace       used 2707K, capacity 4486K, committed 4864K, reserved 1056768K
  class space    used 302K, capacity 386K, committed 512K, reserved 1048576K
}
{Heap before GC invocations=32 (full 1):
 PSYoungGen      total 68608K, used 67680K [0x00000007b9c00000, 0x00000007c0000000, 0x00000007c0000000)
  eden space 34816K, 100% used [0x00000007b9c00000,0x00000007bbe00000,0x00000007bbe00000)
  from space 33792K, 97% used [0x00000007bdf00000,0x00000007bff18000,0x00000007c0000000)
  to   space 33792K, 0% used [0x00000007bbe00000,0x00000007bbe00000,0x00000007bdf00000)
 ParOldGen       total 161280K, used 35463K [0x00000006c1800000, 0x00000006cb580000, 0x00000007b9c00000)
  object space 161280K, 21% used [0x00000006c1800000,0x00000006c3aa1e80,0x00000006cb580000)
 Metaspace       used 2707K, capacity 4486K, committed 4864K, reserved 1056768K
  class space    used 302K, capacity 386K, committed 512K, reserved 1048576K
[GC (Allocation Failure)  103143K->68327K(229888K), 0.0415061 secs]
Heap after GC invocations=32 (full 1):
 PSYoungGen      total 68608K, used 32864K [0x00000007b9c00000, 0x00000007c0000000, 0x00000007c0000000)
  eden space 34816K, 0% used [0x00000007b9c00000,0x00000007b9c00000,0x00000007bbe00000)
  from space 33792K, 97% used [0x00000007bbe00000,0x00000007bde18000,0x00000007bdf00000)
  to   space 33792K, 0% used [0x00000007bdf00000,0x00000007bdf00000,0x00000007c0000000)
 ParOldGen       total 161280K, used 35463K [0x00000006c1800000, 0x00000006cb580000, 0x00000007b9c00000)
  object space 161280K, 21% used [0x00000006c1800000,0x00000006c3aa1e80,0x00000006cb580000)
 Metaspace       used 2707K, capacity 4486K, committed 4864K, reserved 1056768K
  class space    used 302K, capacity 386K, committed 512K, reserved 1048576K
}
{Heap before GC invocations=33 (full 1):
 PSYoungGen      total 68608K, used 67680K [0x00000007b9c00000, 0x00000007c0000000, 0x00000007c0000000)
  eden space 34816K, 100% used [0x00000007b9c00000,0x00000007bbe00000,0x00000007bbe00000)
  from space 33792K, 97% used [0x00000007bbe00000,0x00000007bde18000,0x00000007bdf00000)
  to   space 33792K, 0% used [0x00000007bdf00000,0x00000007bdf00000,0x00000007c0000000)
 ParOldGen       total 161280K, used 35463K [0x00000006c1800000, 0x00000006cb580000, 0x00000007b9c00000)
  object space 161280K, 21% used [0x00000006c1800000,0x00000006c3aa1e80,0x00000006cb580000)
 Metaspace       used 2707K, capacity 4486K, committed 4864K, reserved 1056768K
  class space    used 302K, capacity 386K, committed 512K, reserved 1048576K
[GC (Allocation Failure)  103143K->68327K(229888K), 0.0337853 secs]
Heap after GC invocations=33 (full 1):
 PSYoungGen      total 68608K, used 32864K [0x00000007b9c00000, 0x00000007c0000000, 0x00000007c0000000)
  eden space 34816K, 0% used [0x00000007b9c00000,0x00000007b9c00000,0x00000007bbe00000)
  from space 33792K, 97% used [0x00000007bdf00000,0x00000007bff18000,0x00000007c0000000)
  to   space 33792K, 0% used [0x00000007bbe00000,0x00000007bbe00000,0x00000007bdf00000)
 ParOldGen       total 161280K, used 35463K [0x00000006c1800000, 0x00000006cb580000, 0x00000007b9c00000)
  object space 161280K, 21% used [0x00000006c1800000,0x00000006c3aa1e80,0x00000006cb580000)
 Metaspace       used 2707K, capacity 4486K, committed 4864K, reserved 1056768K
  class space    used 302K, capacity 386K, committed 512K, reserved 1048576K
}
{Heap before GC invocations=34 (full 1):
 PSYoungGen      total 68608K, used 67680K [0x00000007b9c00000, 0x00000007c0000000, 0x00000007c0000000)
  eden space 34816K, 100% used [0x00000007b9c00000,0x00000007bbe00000,0x00000007bbe00000)
  from space 33792K, 97% used [0x00000007bdf00000,0x00000007bff18000,0x00000007c0000000)
  to   space 33792K, 0% used [0x00000007bbe00000,0x00000007bbe00000,0x00000007bdf00000)
 ParOldGen       total 161280K, used 35463K [0x00000006c1800000, 0x00000006cb580000, 0x00000007b9c00000)
  object space 161280K, 21% used [0x00000006c1800000,0x00000006c3aa1e80,0x00000006cb580000)
 Metaspace       used 2707K, capacity 4486K, committed 4864K, reserved 1056768K
  class space    used 302K, capacity 386K, committed 512K, reserved 1048576K
[GC (Allocation Failure)  103143K->68359K(229888K), 0.0343674 secs]
Heap after GC invocations=34 (full 1):
 PSYoungGen      total 68608K, used 32896K [0x00000007b9c00000, 0x00000007c0000000, 0x00000007c0000000)
  eden space 34816K, 0% used [0x00000007b9c00000,0x00000007b9c00000,0x00000007bbe00000)
  from space 33792K, 97% used [0x00000007bbe00000,0x00000007bde20000,0x00000007bdf00000)
  to   space 33792K, 0% used [0x00000007bdf00000,0x00000007bdf00000,0x00000007c0000000)
 ParOldGen       total 161280K, used 35463K [0x00000006c1800000, 0x00000006cb580000, 0x00000007b9c00000)
  object space 161280K, 21% used [0x00000006c1800000,0x00000006c3aa1e80,0x00000006cb580000)
 Metaspace       used 2707K, capacity 4486K, committed 4864K, reserved 1056768K
  class space    used 302K, capacity 386K, committed 512K, reserved 1048576K
}
{Heap before GC invocations=35 (full 1):
 PSYoungGen      total 68608K, used 67712K [0x00000007b9c00000, 0x00000007c0000000, 0x00000007c0000000)
  eden space 34816K, 100% used [0x00000007b9c00000,0x00000007bbe00000,0x00000007bbe00000)
  from space 33792K, 97% used [0x00000007bbe00000,0x00000007bde20000,0x00000007bdf00000)
  to   space 33792K, 0% used [0x00000007bdf00000,0x00000007bdf00000,0x00000007c0000000)
 ParOldGen       total 161280K, used 35463K [0x00000006c1800000, 0x00000006cb580000, 0x00000007b9c00000)
  object space 161280K, 21% used [0x00000006c1800000,0x00000006c3aa1e80,0x00000006cb580000)
 Metaspace       used 2707K, capacity 4486K, committed 4864K, reserved 1056768K
  class space    used 302K, capacity 386K, committed 512K, reserved 1048576K
[GC (Allocation Failure)  103175K->68359K(229888K), 0.0360888 secs]
Heap after GC invocations=35 (full 1):
 PSYoungGen      total 68608K, used 32896K [0x00000007b9c00000, 0x00000007c0000000, 0x00000007c0000000)
  eden space 34816K, 0% used [0x00000007b9c00000,0x00000007b9c00000,0x00000007bbe00000)
  from space 33792K, 97% used [0x00000007bdf00000,0x00000007bff20000,0x00000007c0000000)
  to   space 33792K, 0% used [0x00000007bbe00000,0x00000007bbe00000,0x00000007bdf00000)
 ParOldGen       total 161280K, used 35463K [0x00000006c1800000, 0x00000006cb580000, 0x00000007b9c00000)
  object space 161280K, 21% used [0x00000006c1800000,0x00000006c3aa1e80,0x00000006cb580000)
 Metaspace       used 2707K, capacity 4486K, committed 4864K, reserved 1056768K
  class space    used 302K, capacity 386K, committed 512K, reserved 1048576K
}
{Heap before GC invocations=36 (full 1):
 PSYoungGen      total 68608K, used 67712K [0x00000007b9c00000, 0x00000007c0000000, 0x00000007c0000000)
  eden space 34816K, 100% used [0x00000007b9c00000,0x00000007bbe00000,0x00000007bbe00000)
  from space 33792K, 97% used [0x00000007bdf00000,0x00000007bff20000,0x00000007c0000000)
  to   space 33792K, 0% used [0x00000007bbe00000,0x00000007bbe00000,0x00000007bdf00000)
 ParOldGen       total 161280K, used 35463K [0x00000006c1800000, 0x00000006cb580000, 0x00000007b9c00000)
  object space 161280K, 21% used [0x00000006c1800000,0x00000006c3aa1e80,0x00000006cb580000)
 Metaspace       used 2707K, capacity 4486K, committed 4864K, reserved 1056768K
  class space    used 302K, capacity 386K, committed 512K, reserved 1048576K
[GC (Allocation Failure)  103175K->68359K(229888K), 0.0347181 secs]
Heap after GC invocations=36 (full 1):
 PSYoungGen      total 68608K, used 32896K [0x00000007b9c00000, 0x00000007c0000000, 0x00000007c0000000)
  eden space 34816K, 0% used [0x00000007b9c00000,0x00000007b9c00000,0x00000007bbe00000)
  from space 33792K, 97% used [0x00000007bbe00000,0x00000007bde20000,0x00000007bdf00000)
  to   space 33792K, 0% used [0x00000007bdf00000,0x00000007bdf00000,0x00000007c0000000)
 ParOldGen       total 161280K, used 35463K [0x00000006c1800000, 0x00000006cb580000, 0x00000007b9c00000)
  object space 161280K, 21% used [0x00000006c1800000,0x00000006c3aa1e80,0x00000006cb580000)
 Metaspace       used 2707K, capacity 4486K, committed 4864K, reserved 1056768K
  class space    used 302K, capacity 386K, committed 512K, reserved 1048576K
}
{Heap before GC invocations=37 (full 1):
 PSYoungGen      total 68608K, used 67712K [0x00000007b9c00000, 0x00000007c0000000, 0x00000007c0000000)
  eden space 34816K, 100% used [0x00000007b9c00000,0x00000007bbe00000,0x00000007bbe00000)
  from space 33792K, 97% used [0x00000007bbe00000,0x00000007bde20000,0x00000007bdf00000)
  to   space 33792K, 0% used [0x00000007bdf00000,0x00000007bdf00000,0x00000007c0000000)
 ParOldGen       total 161280K, used 35463K [0x00000006c1800000, 0x00000006cb580000, 0x00000007b9c00000)
  object space 161280K, 21% used [0x00000006c1800000,0x00000006c3aa1e80,0x00000006cb580000)
 Metaspace       used 2707K, capacity 4486K, committed 4864K, reserved 1056768K
  class space    used 302K, capacity 386K, committed 512K, reserved 1048576K
[GC (Allocation Failure)  103175K->68359K(229888K), 0.0426489 secs]
Heap after GC invocations=37 (full 1):
 PSYoungGen      total 68608K, used 32896K [0x00000007b9c00000, 0x00000007c0000000, 0x00000007c0000000)
  eden space 34816K, 0% used [0x00000007b9c00000,0x00000007b9c00000,0x00000007bbe00000)
  from space 33792K, 97% used [0x00000007bdf00000,0x00000007bff20000,0x00000007c0000000)
  to   space 33792K, 0% used [0x00000007bbe00000,0x00000007bbe00000,0x00000007bdf00000)
 ParOldGen       total 161280K, used 35463K [0x00000006c1800000, 0x00000006cb580000, 0x00000007b9c00000)
  object space 161280K, 21% used [0x00000006c1800000,0x00000006c3aa1e80,0x00000006cb580000)
 Metaspace       used 2707K, capacity 4486K, committed 4864K, reserved 1056768K
  class space    used 302K, capacity 386K, committed 512K, reserved 1048576K
}
{Heap before GC invocations=38 (full 1):
 PSYoungGen      total 68608K, used 67712K [0x00000007b9c00000, 0x00000007c0000000, 0x00000007c0000000)
  eden space 34816K, 100% used [0x00000007b9c00000,0x00000007bbe00000,0x00000007bbe00000)
  from space 33792K, 97% used [0x00000007bdf00000,0x00000007bff20000,0x00000007c0000000)
  to   space 33792K, 0% used [0x00000007bbe00000,0x00000007bbe00000,0x00000007bdf00000)
 ParOldGen       total 161280K, used 35463K [0x00000006c1800000, 0x00000006cb580000, 0x00000007b9c00000)
  object space 161280K, 21% used [0x00000006c1800000,0x00000006c3aa1e80,0x00000006cb580000)
 Metaspace       used 2707K, capacity 4486K, committed 4864K, reserved 1056768K
  class space    used 302K, capacity 386K, committed 512K, reserved 1048576K
[GC (Allocation Failure)  103175K->68359K(229888K), 0.0369049 secs]
Heap after GC invocations=38 (full 1):
 PSYoungGen      total 68608K, used 32896K [0x00000007b9c00000, 0x00000007c0000000, 0x00000007c0000000)
  eden space 34816K, 0% used [0x00000007b9c00000,0x00000007b9c00000,0x00000007bbe00000)
  from space 33792K, 97% used [0x00000007bbe00000,0x00000007bde20000,0x00000007bdf00000)
  to   space 33792K, 0% used [0x00000007bdf00000,0x00000007bdf00000,0x00000007c0000000)
 ParOldGen       total 161280K, used 35463K [0x00000006c1800000, 0x00000006cb580000, 0x00000007b9c00000)
  object space 161280K, 21% used [0x00000006c1800000,0x00000006c3aa1e80,0x00000006cb580000)
 Metaspace       used 2707K, capacity 4486K, committed 4864K, reserved 1056768K
  class space    used 302K, capacity 386K, committed 512K, reserved 1048576K
}
{Heap before GC invocations=39 (full 1):
 PSYoungGen      total 68608K, used 67712K [0x00000007b9c00000, 0x00000007c0000000, 0x00000007c0000000)
  eden space 34816K, 100% used [0x00000007b9c00000,0x00000007bbe00000,0x00000007bbe00000)
  from space 33792K, 97% used [0x00000007bbe00000,0x00000007bde20000,0x00000007bdf00000)
  to   space 33792K, 0% used [0x00000007bdf00000,0x00000007bdf00000,0x00000007c0000000)
 ParOldGen       total 161280K, used 35463K [0x00000006c1800000, 0x00000006cb580000, 0x00000007b9c00000)
  object space 161280K, 21% used [0x00000006c1800000,0x00000006c3aa1e80,0x00000006cb580000)
 Metaspace       used 2707K, capacity 4486K, committed 4864K, reserved 1056768K
  class space    used 302K, capacity 386K, committed 512K, reserved 1048576K
[GC (Allocation Failure)  103175K->68359K(229888K), 0.0348982 secs]
Heap after GC invocations=39 (full 1):
 PSYoungGen      total 68608K, used 32896K [0x00000007b9c00000, 0x00000007c0000000, 0x00000007c0000000)
  eden space 34816K, 0% used [0x00000007b9c00000,0x00000007b9c00000,0x00000007bbe00000)
  from space 33792K, 97% used [0x00000007bdf00000,0x00000007bff20000,0x00000007c0000000)
  to   space 33792K, 0% used [0x00000007bbe00000,0x00000007bbe00000,0x00000007bdf00000)
 ParOldGen       total 161280K, used 35463K [0x00000006c1800000, 0x00000006cb580000, 0x00000007b9c00000)
  object space 161280K, 21% used [0x00000006c1800000,0x00000006c3aa1e80,0x00000006cb580000)
 Metaspace       used 2707K, capacity 4486K, committed 4864K, reserved 1056768K
  class space    used 302K, capacity 386K, committed 512K, reserved 1048576K
}
{Heap before GC invocations=40 (full 1):
 PSYoungGen      total 68608K, used 67712K [0x00000007b9c00000, 0x00000007c0000000, 0x00000007c0000000)
  eden space 34816K, 100% used [0x00000007b9c00000,0x00000007bbe00000,0x00000007bbe00000)
  from space 33792K, 97% used [0x00000007bdf00000,0x00000007bff20000,0x00000007c0000000)
  to   space 33792K, 0% used [0x00000007bbe00000,0x00000007bbe00000,0x00000007bdf00000)
 ParOldGen       total 161280K, used 35463K [0x00000006c1800000, 0x00000006cb580000, 0x00000007b9c00000)
  object space 161280K, 21% used [0x00000006c1800000,0x00000006c3aa1e80,0x00000006cb580000)
 Metaspace       used 2707K, capacity 4486K, committed 4864K, reserved 1056768K
  class space    used 302K, capacity 386K, committed 512K, reserved 1048576K
[GC (Allocation Failure)  103175K->68359K(229888K), 0.0342091 secs]
Heap after GC invocations=40 (full 1):
 PSYoungGen      total 68608K, used 32896K [0x00000007b9c00000, 0x00000007c0000000, 0x00000007c0000000)
  eden space 34816K, 0% used [0x00000007b9c00000,0x00000007b9c00000,0x00000007bbe00000)
  from space 33792K, 97% used [0x00000007bbe00000,0x00000007bde20000,0x00000007bdf00000)
  to   space 33792K, 0% used [0x00000007bdf00000,0x00000007bdf00000,0x00000007c0000000)
 ParOldGen       total 161280K, used 35463K [0x00000006c1800000, 0x00000006cb580000, 0x00000007b9c00000)
  object space 161280K, 21% used [0x00000006c1800000,0x00000006c3aa1e80,0x00000006cb580000)
 Metaspace       used 2707K, capacity 4486K, committed 4864K, reserved 1056768K
  class space    used 302K, capacity 386K, committed 512K, reserved 1048576K
}
{Heap before GC invocations=41 (full 1):
 PSYoungGen      total 68608K, used 67712K [0x00000007b9c00000, 0x00000007c0000000, 0x00000007c0000000)
  eden space 34816K, 100% used [0x00000007b9c00000,0x00000007bbe00000,0x00000007bbe00000)
  from space 33792K, 97% used [0x00000007bbe00000,0x00000007bde20000,0x00000007bdf00000)
  to   space 33792K, 0% used [0x00000007bdf00000,0x00000007bdf00000,0x00000007c0000000)
 ParOldGen       total 161280K, used 35463K [0x00000006c1800000, 0x00000006cb580000, 0x00000007b9c00000)
  object space 161280K, 21% used [0x00000006c1800000,0x00000006c3aa1e80,0x00000006cb580000)
 Metaspace       used 2707K, capacity 4486K, committed 4864K, reserved 1056768K
  class space    used 302K, capacity 386K, committed 512K, reserved 1048576K
[GC (Allocation Failure)  103175K->68327K(229888K), 0.0312995 secs]
Heap after GC invocations=41 (full 1):
 PSYoungGen      total 68608K, used 32864K [0x00000007b9c00000, 0x00000007c0000000, 0x00000007c0000000)
  eden space 34816K, 0% used [0x00000007b9c00000,0x00000007b9c00000,0x00000007bbe00000)
  from space 33792K, 97% used [0x00000007bdf00000,0x00000007bff18000,0x00000007c0000000)
  to   space 33792K, 0% used [0x00000007bbe00000,0x00000007bbe00000,0x00000007bdf00000)
 ParOldGen       total 161280K, used 35463K [0x00000006c1800000, 0x00000006cb580000, 0x00000007b9c00000)
  object space 161280K, 21% used [0x00000006c1800000,0x00000006c3aa1e80,0x00000006cb580000)
 Metaspace       used 2707K, capacity 4486K, committed 4864K, reserved 1056768K
  class space    used 302K, capacity 386K, committed 512K, reserved 1048576K
}
{Heap before GC invocations=42 (full 1):
 PSYoungGen      total 68608K, used 67680K [0x00000007b9c00000, 0x00000007c0000000, 0x00000007c0000000)
  eden space 34816K, 100% used [0x00000007b9c00000,0x00000007bbe00000,0x00000007bbe00000)
  from space 33792K, 97% used [0x00000007bdf00000,0x00000007bff18000,0x00000007c0000000)
  to   space 33792K, 0% used [0x00000007bbe00000,0x00000007bbe00000,0x00000007bdf00000)
 ParOldGen       total 161280K, used 35463K [0x00000006c1800000, 0x00000006cb580000, 0x00000007b9c00000)
  object space 161280K, 21% used [0x00000006c1800000,0x00000006c3aa1e80,0x00000006cb580000)
 Metaspace       used 2707K, capacity 4486K, committed 4864K, reserved 1056768K
  class space    used 302K, capacity 386K, committed 512K, reserved 1048576K
[GC (Allocation Failure)  103143K->68359K(229888K), 0.0373762 secs]
Heap after GC invocations=42 (full 1):
 PSYoungGen      total 68608K, used 32896K [0x00000007b9c00000, 0x00000007c0000000, 0x00000007c0000000)
  eden space 34816K, 0% used [0x00000007b9c00000,0x00000007b9c00000,0x00000007bbe00000)
  from space 33792K, 97% used [0x00000007bbe00000,0x00000007bde20000,0x00000007bdf00000)
  to   space 33792K, 0% used [0x00000007bdf00000,0x00000007bdf00000,0x00000007c0000000)
 ParOldGen       total 161280K, used 35463K [0x00000006c1800000, 0x00000006cb580000, 0x00000007b9c00000)
  object space 161280K, 21% used [0x00000006c1800000,0x00000006c3aa1e80,0x00000006cb580000)
 Metaspace       used 2707K, capacity 4486K, committed 4864K, reserved 1056768K
  class space    used 302K, capacity 386K, committed 512K, reserved 1048576K
}
{Heap before GC invocations=43 (full 1):
 PSYoungGen      total 68608K, used 67712K [0x00000007b9c00000, 0x00000007c0000000, 0x00000007c0000000)
  eden space 34816K, 100% used [0x00000007b9c00000,0x00000007bbe00000,0x00000007bbe00000)
  from space 33792K, 97% used [0x00000007bbe00000,0x00000007bde20000,0x00000007bdf00000)
  to   space 33792K, 0% used [0x00000007bdf00000,0x00000007bdf00000,0x00000007c0000000)
 ParOldGen       total 161280K, used 35463K [0x00000006c1800000, 0x00000006cb580000, 0x00000007b9c00000)
  object space 161280K, 21% used [0x00000006c1800000,0x00000006c3aa1e80,0x00000006cb580000)
 Metaspace       used 2707K, capacity 4486K, committed 4864K, reserved 1056768K
  class space    used 302K, capacity 386K, committed 512K, reserved 1048576K
[GC (Allocation Failure)  103175K->68359K(229888K), 0.0505435 secs]
Heap after GC invocations=43 (full 1):
 PSYoungGen      total 68608K, used 32896K [0x00000007b9c00000, 0x00000007c0000000, 0x00000007c0000000)
  eden space 34816K, 0% used [0x00000007b9c00000,0x00000007b9c00000,0x00000007bbe00000)
  from space 33792K, 97% used [0x00000007bdf00000,0x00000007bff20000,0x00000007c0000000)
  to   space 33792K, 0% used [0x00000007bbe00000,0x00000007bbe00000,0x00000007bdf00000)
 ParOldGen       total 161280K, used 35463K [0x00000006c1800000, 0x00000006cb580000, 0x00000007b9c00000)
  object space 161280K, 21% used [0x00000006c1800000,0x00000006c3aa1e80,0x00000006cb580000)
 Metaspace       used 2707K, capacity 4486K, committed 4864K, reserved 1056768K
  class space    used 302K, capacity 386K, committed 512K, reserved 1048576K
}
{Heap before GC invocations=44 (full 1):
 PSYoungGen      total 68608K, used 67712K [0x00000007b9c00000, 0x00000007c0000000, 0x00000007c0000000)
  eden space 34816K, 100% used [0x00000007b9c00000,0x00000007bbe00000,0x00000007bbe00000)
  from space 33792K, 97% used [0x00000007bdf00000,0x00000007bff20000,0x00000007c0000000)
  to   space 33792K, 0% used [0x00000007bbe00000,0x00000007bbe00000,0x00000007bdf00000)
 ParOldGen       total 161280K, used 35463K [0x00000006c1800000, 0x00000006cb580000, 0x00000007b9c00000)
  object space 161280K, 21% used [0x00000006c1800000,0x00000006c3aa1e80,0x00000006cb580000)
 Metaspace       used 2707K, capacity 4486K, committed 4864K, reserved 1056768K
  class space    used 302K, capacity 386K, committed 512K, reserved 1048576K
[GC (Allocation Failure)  103175K->68359K(229888K), 0.0403525 secs]
Heap after GC invocations=44 (full 1):
 PSYoungGen      total 68608K, used 32896K [0x00000007b9c00000, 0x00000007c0000000, 0x00000007c0000000)
  eden space 34816K, 0% used [0x00000007b9c00000,0x00000007b9c00000,0x00000007bbe00000)
  from space 33792K, 97% used [0x00000007bbe00000,0x00000007bde20000,0x00000007bdf00000)
  to   space 33792K, 0% used [0x00000007bdf00000,0x00000007bdf00000,0x00000007c0000000)
 ParOldGen       total 161280K, used 35463K [0x00000006c1800000, 0x00000006cb580000, 0x00000007b9c00000)
  object space 161280K, 21% used [0x00000006c1800000,0x00000006c3aa1e80,0x00000006cb580000)
 Metaspace       used 2707K, capacity 4486K, committed 4864K, reserved 1056768K
  class space    used 302K, capacity 386K, committed 512K, reserved 1048576K
}
{Heap before GC invocations=45 (full 1):
 PSYoungGen      total 68608K, used 67712K [0x00000007b9c00000, 0x00000007c0000000, 0x00000007c0000000)
  eden space 34816K, 100% used [0x00000007b9c00000,0x00000007bbe00000,0x00000007bbe00000)
  from space 33792K, 97% used [0x00000007bbe00000,0x00000007bde20000,0x00000007bdf00000)
  to   space 33792K, 0% used [0x00000007bdf00000,0x00000007bdf00000,0x00000007c0000000)
 ParOldGen       total 161280K, used 35463K [0x00000006c1800000, 0x00000006cb580000, 0x00000007b9c00000)
  object space 161280K, 21% used [0x00000006c1800000,0x00000006c3aa1e80,0x00000006cb580000)
 Metaspace       used 2707K, capacity 4486K, committed 4864K, reserved 1056768K
  class space    used 302K, capacity 386K, committed 512K, reserved 1048576K
[GC (Allocation Failure)  103175K->68359K(229888K), 0.0413858 secs]
Heap after GC invocations=45 (full 1):
 PSYoungGen      total 68608K, used 32896K [0x00000007b9c00000, 0x00000007c0000000, 0x00000007c0000000)
  eden space 34816K, 0% used [0x00000007b9c00000,0x00000007b9c00000,0x00000007bbe00000)
  from space 33792K, 97% used [0x00000007bdf00000,0x00000007bff20000,0x00000007c0000000)
  to   space 33792K, 0% used [0x00000007bbe00000,0x00000007bbe00000,0x00000007bdf00000)
 ParOldGen       total 161280K, used 35463K [0x00000006c1800000, 0x00000006cb580000, 0x00000007b9c00000)
  object space 161280K, 21% used [0x00000006c1800000,0x00000006c3aa1e80,0x00000006cb580000)
 Metaspace       used 2707K, capacity 4486K, committed 4864K, reserved 1056768K
  class space    used 302K, capacity 386K, committed 512K, reserved 1048576K
}
{Heap before GC invocations=46 (full 1):
 PSYoungGen      total 68608K, used 67712K [0x00000007b9c00000, 0x00000007c0000000, 0x00000007c0000000)
  eden space 34816K, 100% used [0x00000007b9c00000,0x00000007bbe00000,0x00000007bbe00000)
  from space 33792K, 97% used [0x00000007bdf00000,0x00000007bff20000,0x00000007c0000000)
  to   space 33792K, 0% used [0x00000007bbe00000,0x00000007bbe00000,0x00000007bdf00000)
 ParOldGen       total 161280K, used 35463K [0x00000006c1800000, 0x00000006cb580000, 0x00000007b9c00000)
  object space 161280K, 21% used [0x00000006c1800000,0x00000006c3aa1e80,0x00000006cb580000)
 Metaspace       used 2707K, capacity 4486K, committed 4864K, reserved 1056768K
  class space    used 302K, capacity 386K, committed 512K, reserved 1048576K
[GC (Allocation Failure)  103175K->68327K(229888K), 0.0437567 secs]
Heap after GC invocations=46 (full 1):
 PSYoungGen      total 68608K, used 32864K [0x00000007b9c00000, 0x00000007c0000000, 0x00000007c0000000)
  eden space 34816K, 0% used [0x00000007b9c00000,0x00000007b9c00000,0x00000007bbe00000)
  from space 33792K, 97% used [0x00000007bbe00000,0x00000007bde18000,0x00000007bdf00000)
  to   space 33792K, 0% used [0x00000007bdf00000,0x00000007bdf00000,0x00000007c0000000)
 ParOldGen       total 161280K, used 35463K [0x00000006c1800000, 0x00000006cb580000, 0x00000007b9c00000)
  object space 161280K, 21% used [0x00000006c1800000,0x00000006c3aa1e80,0x00000006cb580000)
 Metaspace       used 2707K, capacity 4486K, committed 4864K, reserved 1056768K
  class space    used 302K, capacity 386K, committed 512K, reserved 1048576K
}
{Heap before GC invocations=47 (full 1):
 PSYoungGen      total 68608K, used 67680K [0x00000007b9c00000, 0x00000007c0000000, 0x00000007c0000000)
  eden space 34816K, 100% used [0x00000007b9c00000,0x00000007bbe00000,0x00000007bbe00000)
  from space 33792K, 97% used [0x00000007bbe00000,0x00000007bde18000,0x00000007bdf00000)
  to   space 33792K, 0% used [0x00000007bdf00000,0x00000007bdf00000,0x00000007c0000000)
 ParOldGen       total 161280K, used 35463K [0x00000006c1800000, 0x00000006cb580000, 0x00000007b9c00000)
  object space 161280K, 21% used [0x00000006c1800000,0x00000006c3aa1e80,0x00000006cb580000)
 Metaspace       used 2707K, capacity 4486K, committed 4864K, reserved 1056768K
  class space    used 302K, capacity 386K, committed 512K, reserved 1048576K
[GC (Allocation Failure)  103143K->68327K(229888K), 0.0347422 secs]
Heap after GC invocations=47 (full 1):
 PSYoungGen      total 68608K, used 32864K [0x00000007b9c00000, 0x00000007c0000000, 0x00000007c0000000)
  eden space 34816K, 0% used [0x00000007b9c00000,0x00000007b9c00000,0x00000007bbe00000)
  from space 33792K, 97% used [0x00000007bdf00000,0x00000007bff18000,0x00000007c0000000)
  to   space 33792K, 0% used [0x00000007bbe00000,0x00000007bbe00000,0x00000007bdf00000)
 ParOldGen       total 161280K, used 35463K [0x00000006c1800000, 0x00000006cb580000, 0x00000007b9c00000)
  object space 161280K, 21% used [0x00000006c1800000,0x00000006c3aa1e80,0x00000006cb580000)
 Metaspace       used 2707K, capacity 4486K, committed 4864K, reserved 1056768K
  class space    used 302K, capacity 386K, committed 512K, reserved 1048576K
}
{Heap before GC invocations=48 (full 1):
 PSYoungGen      total 68608K, used 67680K [0x00000007b9c00000, 0x00000007c0000000, 0x00000007c0000000)
  eden space 34816K, 100% used [0x00000007b9c00000,0x00000007bbe00000,0x00000007bbe00000)
  from space 33792K, 97% used [0x00000007bdf00000,0x00000007bff18000,0x00000007c0000000)
  to   space 33792K, 0% used [0x00000007bbe00000,0x00000007bbe00000,0x00000007bdf00000)
 ParOldGen       total 161280K, used 35463K [0x00000006c1800000, 0x00000006cb580000, 0x00000007b9c00000)
  object space 161280K, 21% used [0x00000006c1800000,0x00000006c3aa1e80,0x00000006cb580000)
 Metaspace       used 2707K, capacity 4486K, committed 4864K, reserved 1056768K
  class space    used 302K, capacity 386K, committed 512K, reserved 1048576K
[GC (Allocation Failure)  103143K->68391K(229888K), 0.0338121 secs]
Heap after GC invocations=48 (full 1):
 PSYoungGen      total 68608K, used 32928K [0x00000007b9c00000, 0x00000007c0000000, 0x00000007c0000000)
  eden space 34816K, 0% used [0x00000007b9c00000,0x00000007b9c00000,0x00000007bbe00000)
  from space 33792K, 97% used [0x00000007bbe00000,0x00000007bde28000,0x00000007bdf00000)
  to   space 33792K, 0% used [0x00000007bdf00000,0x00000007bdf00000,0x00000007c0000000)
 ParOldGen       total 161280K, used 35463K [0x00000006c1800000, 0x00000006cb580000, 0x00000007b9c00000)
  object space 161280K, 21% used [0x00000006c1800000,0x00000006c3aa1e80,0x00000006cb580000)
 Metaspace       used 2707K, capacity 4486K, committed 4864K, reserved 1056768K
  class space    used 302K, capacity 386K, committed 512K, reserved 1048576K
}
{Heap before GC invocations=49 (full 1):
 PSYoungGen      total 68608K, used 67744K [0x00000007b9c00000, 0x00000007c0000000, 0x00000007c0000000)
  eden space 34816K, 100% used [0x00000007b9c00000,0x00000007bbe00000,0x00000007bbe00000)
  from space 33792K, 97% used [0x00000007bbe00000,0x00000007bde28000,0x00000007bdf00000)
  to   space 33792K, 0% used [0x00000007bdf00000,0x00000007bdf00000,0x00000007c0000000)
 ParOldGen       total 161280K, used 35463K [0x00000006c1800000, 0x00000006cb580000, 0x00000007b9c00000)
  object space 161280K, 21% used [0x00000006c1800000,0x00000006c3aa1e80,0x00000006cb580000)
 Metaspace       used 2707K, capacity 4486K, committed 4864K, reserved 1056768K
  class space    used 302K, capacity 386K, committed 512K, reserved 1048576K
[GC (Allocation Failure)  103207K->68359K(229888K), 0.0405357 secs]
Heap after GC invocations=49 (full 1):
 PSYoungGen      total 68608K, used 32896K [0x00000007b9c00000, 0x00000007c0000000, 0x00000007c0000000)
  eden space 34816K, 0% used [0x00000007b9c00000,0x00000007b9c00000,0x00000007bbe00000)
  from space 33792K, 97% used [0x00000007bdf00000,0x00000007bff20000,0x00000007c0000000)
  to   space 33792K, 0% used [0x00000007bbe00000,0x00000007bbe00000,0x00000007bdf00000)
 ParOldGen       total 161280K, used 35463K [0x00000006c1800000, 0x00000006cb580000, 0x00000007b9c00000)
  object space 161280K, 21% used [0x00000006c1800000,0x00000006c3aa1e80,0x00000006cb580000)
 Metaspace       used 2707K, capacity 4486K, committed 4864K, reserved 1056768K
  class space    used 302K, capacity 386K, committed 512K, reserved 1048576K
}
{Heap before GC invocations=50 (full 1):
 PSYoungGen      total 68608K, used 67712K [0x00000007b9c00000, 0x00000007c0000000, 0x00000007c0000000)
  eden space 34816K, 100% used [0x00000007b9c00000,0x00000007bbe00000,0x00000007bbe00000)
  from space 33792K, 97% used [0x00000007bdf00000,0x00000007bff20000,0x00000007c0000000)
  to   space 33792K, 0% used [0x00000007bbe00000,0x00000007bbe00000,0x00000007bdf00000)
 ParOldGen       total 161280K, used 35463K [0x00000006c1800000, 0x00000006cb580000, 0x00000007b9c00000)
  object space 161280K, 21% used [0x00000006c1800000,0x00000006c3aa1e80,0x00000006cb580000)
 Metaspace       used 2707K, capacity 4486K, committed 4864K, reserved 1056768K
  class space    used 302K, capacity 386K, committed 512K, reserved 1048576K
[GC (Allocation Failure)  103175K->68359K(229888K), 0.0550773 secs]
Heap after GC invocations=50 (full 1):
 PSYoungGen      total 68608K, used 32896K [0x00000007b9c00000, 0x00000007c0000000, 0x00000007c0000000)
  eden space 34816K, 0% used [0x00000007b9c00000,0x00000007b9c00000,0x00000007bbe00000)
  from space 33792K, 97% used [0x00000007bbe00000,0x00000007bde20000,0x00000007bdf00000)
  to   space 33792K, 0% used [0x00000007bdf00000,0x00000007bdf00000,0x00000007c0000000)
 ParOldGen       total 161280K, used 35463K [0x00000006c1800000, 0x00000006cb580000, 0x00000007b9c00000)
  object space 161280K, 21% used [0x00000006c1800000,0x00000006c3aa1e80,0x00000006cb580000)
 Metaspace       used 2707K, capacity 4486K, committed 4864K, reserved 1056768K
  class space    used 302K, capacity 386K, committed 512K, reserved 1048576K
}
{Heap before GC invocations=51 (full 1):
 PSYoungGen      total 68608K, used 67712K [0x00000007b9c00000, 0x00000007c0000000, 0x00000007c0000000)
  eden space 34816K, 100% used [0x00000007b9c00000,0x00000007bbe00000,0x00000007bbe00000)
  from space 33792K, 97% used [0x00000007bbe00000,0x00000007bde20000,0x00000007bdf00000)
  to   space 33792K, 0% used [0x00000007bdf00000,0x00000007bdf00000,0x00000007c0000000)
 ParOldGen       total 161280K, used 35463K [0x00000006c1800000, 0x00000006cb580000, 0x00000007b9c00000)
  object space 161280K, 21% used [0x00000006c1800000,0x00000006c3aa1e80,0x00000006cb580000)
 Metaspace       used 2707K, capacity 4486K, committed 4864K, reserved 1056768K
  class space    used 302K, capacity 386K, committed 512K, reserved 1048576K
[GC (Allocation Failure)  103175K->68359K(230400K), 0.0457819 secs]
Heap after GC invocations=51 (full 1):
 PSYoungGen      total 69120K, used 32896K [0x00000007b9c00000, 0x00000007c0000000, 0x00000007c0000000)
  eden space 35328K, 0% used [0x00000007b9c00000,0x00000007b9c00000,0x00000007bbe80000)
  from space 33792K, 97% used [0x00000007bdf00000,0x00000007bff20000,0x00000007c0000000)
  to   space 33280K, 0% used [0x00000007bbe80000,0x00000007bbe80000,0x00000007bdf00000)
 ParOldGen       total 161280K, used 35463K [0x00000006c1800000, 0x00000006cb580000, 0x00000007b9c00000)
  object space 161280K, 21% used [0x00000006c1800000,0x00000006c3aa1e80,0x00000006cb580000)
 Metaspace       used 2707K, capacity 4486K, committed 4864K, reserved 1056768K
  class space    used 302K, capacity 386K, committed 512K, reserved 1048576K
}
{Heap before GC invocations=52 (full 1):
 PSYoungGen      total 69120K, used 68224K [0x00000007b9c00000, 0x00000007c0000000, 0x00000007c0000000)
  eden space 35328K, 100% used [0x00000007b9c00000,0x00000007bbe80000,0x00000007bbe80000)
  from space 33792K, 97% used [0x00000007bdf00000,0x00000007bff20000,0x00000007c0000000)
  to   space 33280K, 0% used [0x00000007bbe80000,0x00000007bbe80000,0x00000007bdf00000)
 ParOldGen       total 161280K, used 35463K [0x00000006c1800000, 0x00000006cb580000, 0x00000007b9c00000)
  object space 161280K, 21% used [0x00000006c1800000,0x00000006c3aa1e80,0x00000006cb580000)
 Metaspace       used 2707K, capacity 4486K, committed 4864K, reserved 1056768K
  class space    used 302K, capacity 386K, committed 512K, reserved 1048576K
[GC (Allocation Failure)  103687K->68359K(229888K), 0.0333928 secs]
Heap after GC invocations=52 (full 1):
 PSYoungGen      total 68608K, used 32896K [0x00000007b9c00000, 0x00000007c0000000, 0x00000007c0000000)
  eden space 35328K, 0% used [0x00000007b9c00000,0x00000007b9c00000,0x00000007bbe80000)
  from space 33280K, 98% used [0x00000007bbe80000,0x00000007bdea0000,0x00000007bdf00000)
  to   space 33280K, 0% used [0x00000007bdf80000,0x00000007bdf80000,0x00000007c0000000)
 ParOldGen       total 161280K, used 35463K [0x00000006c1800000, 0x00000006cb580000, 0x00000007b9c00000)
  object space 161280K, 21% used [0x00000006c1800000,0x00000006c3aa1e80,0x00000006cb580000)
 Metaspace       used 2707K, capacity 4486K, committed 4864K, reserved 1056768K
  class space    used 302K, capacity 386K, committed 512K, reserved 1048576K
}
{Heap before GC invocations=53 (full 1):
 PSYoungGen      total 68608K, used 68224K [0x00000007b9c00000, 0x00000007c0000000, 0x00000007c0000000)
  eden space 35328K, 100% used [0x00000007b9c00000,0x00000007bbe80000,0x00000007bbe80000)
  from space 33280K, 98% used [0x00000007bbe80000,0x00000007bdea0000,0x00000007bdf00000)
  to   space 33280K, 0% used [0x00000007bdf80000,0x00000007bdf80000,0x00000007c0000000)
 ParOldGen       total 161280K, used 35463K [0x00000006c1800000, 0x00000006cb580000, 0x00000007b9c00000)
  object space 161280K, 21% used [0x00000006c1800000,0x00000006c3aa1e80,0x00000006cb580000)
 Metaspace       used 2707K, capacity 4486K, committed 4864K, reserved 1056768K
  class space    used 302K, capacity 386K, committed 512K, reserved 1048576K
[GC (Allocation Failure)  103687K->68359K(230400K), 0.0359639 secs]
Heap after GC invocations=53 (full 1):
 PSYoungGen      total 69120K, used 32896K [0x00000007b9c00000, 0x00000007c0000000, 0x00000007c0000000)
  eden space 35840K, 0% used [0x00000007b9c00000,0x00000007b9c00000,0x00000007bbf00000)
  from space 33280K, 98% used [0x00000007bdf80000,0x00000007bffa0000,0x00000007c0000000)
  to   space 33280K, 0% used [0x00000007bbf00000,0x00000007bbf00000,0x00000007bdf80000)
 ParOldGen       total 161280K, used 35463K [0x00000006c1800000, 0x00000006cb580000, 0x00000007b9c00000)
  object space 161280K, 21% used [0x00000006c1800000,0x00000006c3aa1e80,0x00000006cb580000)
 Metaspace       used 2707K, capacity 4486K, committed 4864K, reserved 1056768K
  class space    used 302K, capacity 386K, committed 512K, reserved 1048576K
}
{Heap before GC invocations=54 (full 1):
 PSYoungGen      total 69120K, used 68736K [0x00000007b9c00000, 0x00000007c0000000, 0x00000007c0000000)
  eden space 35840K, 100% used [0x00000007b9c00000,0x00000007bbf00000,0x00000007bbf00000)
  from space 33280K, 98% used [0x00000007bdf80000,0x00000007bffa0000,0x00000007c0000000)
  to   space 33280K, 0% used [0x00000007bbf00000,0x00000007bbf00000,0x00000007bdf80000)
 ParOldGen       total 161280K, used 35463K [0x00000006c1800000, 0x00000006cb580000, 0x00000007b9c00000)
  object space 161280K, 21% used [0x00000006c1800000,0x00000006c3aa1e80,0x00000006cb580000)
 Metaspace       used 2707K, capacity 4486K, committed 4864K, reserved 1056768K
  class space    used 302K, capacity 386K, committed 512K, reserved 1048576K
[GC (Allocation Failure)  104199K->68391K(230400K), 0.0392986 secs]
Heap after GC invocations=54 (full 1):
 PSYoungGen      total 69120K, used 32928K [0x00000007b9c00000, 0x00000007c0000000, 0x00000007c0000000)
  eden space 35840K, 0% used [0x00000007b9c00000,0x00000007b9c00000,0x00000007bbf00000)
  from space 33280K, 98% used [0x00000007bbf00000,0x00000007bdf28000,0x00000007bdf80000)
  to   space 33280K, 0% used [0x00000007bdf80000,0x00000007bdf80000,0x00000007c0000000)
 ParOldGen       total 161280K, used 35463K [0x00000006c1800000, 0x00000006cb580000, 0x00000007b9c00000)
  object space 161280K, 21% used [0x00000006c1800000,0x00000006c3aa1e80,0x00000006cb580000)
 Metaspace       used 2707K, capacity 4486K, committed 4864K, reserved 1056768K
  class space    used 302K, capacity 386K, committed 512K, reserved 1048576K
}
{Heap before GC invocations=55 (full 1):
 PSYoungGen      total 69120K, used 68768K [0x00000007b9c00000, 0x00000007c0000000, 0x00000007c0000000)
  eden space 35840K, 100% used [0x00000007b9c00000,0x00000007bbf00000,0x00000007bbf00000)
  from space 33280K, 98% used [0x00000007bbf00000,0x00000007bdf28000,0x00000007bdf80000)
  to   space 33280K, 0% used [0x00000007bdf80000,0x00000007bdf80000,0x00000007c0000000)
 ParOldGen       total 161280K, used 35463K [0x00000006c1800000, 0x00000006cb580000, 0x00000007b9c00000)
  object space 161280K, 21% used [0x00000006c1800000,0x00000006c3aa1e80,0x00000006cb580000)
 Metaspace       used 2707K, capacity 4486K, committed 4864K, reserved 1056768K
  class space    used 302K, capacity 386K, committed 512K, reserved 1048576K
[GC (Allocation Failure)  104231K->68391K(230400K), 0.0387650 secs]
Heap after GC invocations=55 (full 1):
 PSYoungGen      total 69120K, used 32928K [0x00000007b9c00000, 0x00000007c0000000, 0x00000007c0000000)
  eden space 35840K, 0% used [0x00000007b9c00000,0x00000007b9c00000,0x00000007bbf00000)
  from space 33280K, 98% used [0x00000007bdf80000,0x00000007bffa8000,0x00000007c0000000)
  to   space 33280K, 0% used [0x00000007bbf00000,0x00000007bbf00000,0x00000007bdf80000)
 ParOldGen       total 161280K, used 35463K [0x00000006c1800000, 0x00000006cb580000, 0x00000007b9c00000)
  object space 161280K, 21% used [0x00000006c1800000,0x00000006c3aa1e80,0x00000006cb580000)
 Metaspace       used 2707K, capacity 4486K, committed 4864K, reserved 1056768K
  class space    used 302K, capacity 386K, committed 512K, reserved 1048576K
}
{Heap before GC invocations=56 (full 1):
 PSYoungGen      total 69120K, used 68768K [0x00000007b9c00000, 0x00000007c0000000, 0x00000007c0000000)
  eden space 35840K, 100% used [0x00000007b9c00000,0x00000007bbf00000,0x00000007bbf00000)
  from space 33280K, 98% used [0x00000007bdf80000,0x00000007bffa8000,0x00000007c0000000)
  to   space 33280K, 0% used [0x00000007bbf00000,0x00000007bbf00000,0x00000007bdf80000)
 ParOldGen       total 161280K, used 35463K [0x00000006c1800000, 0x00000006cb580000, 0x00000007b9c00000)
  object space 161280K, 21% used [0x00000006c1800000,0x00000006c3aa1e80,0x00000006cb580000)
 Metaspace       used 2707K, capacity 4486K, committed 4864K, reserved 1056768K
  class space    used 302K, capacity 386K, committed 512K, reserved 1048576K
[GC (Allocation Failure)  104231K->68327K(230400K), 0.0387088 secs]
Heap after GC invocations=56 (full 1):
 PSYoungGen      total 69120K, used 32864K [0x00000007b9c00000, 0x00000007c0000000, 0x00000007c0000000)
  eden space 35840K, 0% used [0x00000007b9c00000,0x00000007b9c00000,0x00000007bbf00000)
  from space 33280K, 98% used [0x00000007bbf00000,0x00000007bdf18000,0x00000007bdf80000)
  to   space 33280K, 0% used [0x00000007bdf80000,0x00000007bdf80000,0x00000007c0000000)
 ParOldGen       total 161280K, used 35463K [0x00000006c1800000, 0x00000006cb580000, 0x00000007b9c00000)
  object space 161280K, 21% used [0x00000006c1800000,0x00000006c3aa1e80,0x00000006cb580000)
 Metaspace       used 2707K, capacity 4486K, committed 4864K, reserved 1056768K
  class space    used 302K, capacity 386K, committed 512K, reserved 1048576K
}
{Heap before GC invocations=57 (full 1):
 PSYoungGen      total 69120K, used 68704K [0x00000007b9c00000, 0x00000007c0000000, 0x00000007c0000000)
  eden space 35840K, 100% used [0x00000007b9c00000,0x00000007bbf00000,0x00000007bbf00000)
  from space 33280K, 98% used [0x00000007bbf00000,0x00000007bdf18000,0x00000007bdf80000)
  to   space 33280K, 0% used [0x00000007bdf80000,0x00000007bdf80000,0x00000007c0000000)
 ParOldGen       total 161280K, used 35463K [0x00000006c1800000, 0x00000006cb580000, 0x00000007b9c00000)
  object space 161280K, 21% used [0x00000006c1800000,0x00000006c3aa1e80,0x00000006cb580000)
 Metaspace       used 2707K, capacity 4486K, committed 4864K, reserved 1056768K
  class space    used 302K, capacity 386K, committed 512K, reserved 1048576K
[GC (Allocation Failure)  104167K->68359K(230400K), 0.0323053 secs]
Heap after GC invocations=57 (full 1):
 PSYoungGen      total 69120K, used 32896K [0x00000007b9c00000, 0x00000007c0000000, 0x00000007c0000000)
  eden space 35840K, 0% used [0x00000007b9c00000,0x00000007b9c00000,0x00000007bbf00000)
  from space 33280K, 98% used [0x00000007bdf80000,0x00000007bffa0000,0x00000007c0000000)
  to   space 33280K, 0% used [0x00000007bbf00000,0x00000007bbf00000,0x00000007bdf80000)
 ParOldGen       total 161280K, used 35463K [0x00000006c1800000, 0x00000006cb580000, 0x00000007b9c00000)
  object space 161280K, 21% used [0x00000006c1800000,0x00000006c3aa1e80,0x00000006cb580000)
 Metaspace       used 2707K, capacity 4486K, committed 4864K, reserved 1056768K
  class space    used 302K, capacity 386K, committed 512K, reserved 1048576K
}
{Heap before GC invocations=58 (full 1):
 PSYoungGen      total 69120K, used 68736K [0x00000007b9c00000, 0x00000007c0000000, 0x00000007c0000000)
  eden space 35840K, 100% used [0x00000007b9c00000,0x00000007bbf00000,0x00000007bbf00000)
  from space 33280K, 98% used [0x00000007bdf80000,0x00000007bffa0000,0x00000007c0000000)
  to   space 33280K, 0% used [0x00000007bbf00000,0x00000007bbf00000,0x00000007bdf80000)
 ParOldGen       total 161280K, used 35463K [0x00000006c1800000, 0x00000006cb580000, 0x00000007b9c00000)
  object space 161280K, 21% used [0x00000006c1800000,0x00000006c3aa1e80,0x00000006cb580000)
 Metaspace       used 2707K, capacity 4486K, committed 4864K, reserved 1056768K
  class space    used 302K, capacity 386K, committed 512K, reserved 1048576K
[GC (Allocation Failure)  104199K->68359K(230400K), 0.0405406 secs]
Heap after GC invocations=58 (full 1):
 PSYoungGen      total 69120K, used 32896K [0x00000007b9c00000, 0x00000007c0000000, 0x00000007c0000000)
  eden space 35840K, 0% used [0x00000007b9c00000,0x00000007b9c00000,0x00000007bbf00000)
  from space 33280K, 98% used [0x00000007bbf00000,0x00000007bdf20000,0x00000007bdf80000)
  to   space 33280K, 0% used [0x00000007bdf80000,0x00000007bdf80000,0x00000007c0000000)
 ParOldGen       total 161280K, used 35463K [0x00000006c1800000, 0x00000006cb580000, 0x00000007b9c00000)
  object space 161280K, 21% used [0x00000006c1800000,0x00000006c3aa1e80,0x00000006cb580000)
 Metaspace       used 2707K, capacity 4486K, committed 4864K, reserved 1056768K
  class space    used 302K, capacity 386K, committed 512K, reserved 1048576K
}
{Heap before GC invocations=59 (full 1):
 PSYoungGen      total 69120K, used 68736K [0x00000007b9c00000, 0x00000007c0000000, 0x00000007c0000000)
  eden space 35840K, 100% used [0x00000007b9c00000,0x00000007bbf00000,0x00000007bbf00000)
  from space 33280K, 98% used [0x00000007bbf00000,0x00000007bdf20000,0x00000007bdf80000)
  to   space 33280K, 0% used [0x00000007bdf80000,0x00000007bdf80000,0x00000007c0000000)
 ParOldGen       total 161280K, used 35463K [0x00000006c1800000, 0x00000006cb580000, 0x00000007b9c00000)
  object space 161280K, 21% used [0x00000006c1800000,0x00000006c3aa1e80,0x00000006cb580000)
 Metaspace       used 2707K, capacity 4486K, committed 4864K, reserved 1056768K
  class space    used 302K, capacity 386K, committed 512K, reserved 1048576K
[GC (Allocation Failure)  104199K->68359K(230400K), 0.0362355 secs]
Heap after GC invocations=59 (full 1):
 PSYoungGen      total 69120K, used 32896K [0x00000007b9c00000, 0x00000007c0000000, 0x00000007c0000000)
  eden space 35840K, 0% used [0x00000007b9c00000,0x00000007b9c00000,0x00000007bbf00000)
  from space 33280K, 98% used [0x00000007bdf80000,0x00000007bffa0000,0x00000007c0000000)
  to   space 33280K, 0% used [0x00000007bbf00000,0x00000007bbf00000,0x00000007bdf80000)
 ParOldGen       total 161280K, used 35463K [0x00000006c1800000, 0x00000006cb580000, 0x00000007b9c00000)
  object space 161280K, 21% used [0x00000006c1800000,0x00000006c3aa1e80,0x00000006cb580000)
 Metaspace       used 2707K, capacity 4486K, committed 4864K, reserved 1056768K
  class space    used 302K, capacity 386K, committed 512K, reserved 1048576K
}
{Heap before GC invocations=60 (full 1):
 PSYoungGen      total 69120K, used 68736K [0x00000007b9c00000, 0x00000007c0000000, 0x00000007c0000000)
  eden space 35840K, 100% used [0x00000007b9c00000,0x00000007bbf00000,0x00000007bbf00000)
  from space 33280K, 98% used [0x00000007bdf80000,0x00000007bffa0000,0x00000007c0000000)
  to   space 33280K, 0% used [0x00000007bbf00000,0x00000007bbf00000,0x00000007bdf80000)
 ParOldGen       total 161280K, used 35463K [0x00000006c1800000, 0x00000006cb580000, 0x00000007b9c00000)
  object space 161280K, 21% used [0x00000006c1800000,0x00000006c3aa1e80,0x00000006cb580000)
 Metaspace       used 2707K, capacity 4486K, committed 4864K, reserved 1056768K
  class space    used 302K, capacity 386K, committed 512K, reserved 1048576K
[GC (Allocation Failure)  104199K->68359K(230400K), 0.0378469 secs]
Heap after GC invocations=60 (full 1):
 PSYoungGen      total 69120K, used 32896K [0x00000007b9c00000, 0x00000007c0000000, 0x00000007c0000000)
  eden space 35840K, 0% used [0x00000007b9c00000,0x00000007b9c00000,0x00000007bbf00000)
  from space 33280K, 98% used [0x00000007bbf00000,0x00000007bdf20000,0x00000007bdf80000)
  to   space 33280K, 0% used [0x00000007bdf80000,0x00000007bdf80000,0x00000007c0000000)
 ParOldGen       total 161280K, used 35463K [0x00000006c1800000, 0x00000006cb580000, 0x00000007b9c00000)
  object space 161280K, 21% used [0x00000006c1800000,0x00000006c3aa1e80,0x00000006cb580000)
 Metaspace       used 2707K, capacity 4486K, committed 4864K, reserved 1056768K
  class space    used 302K, capacity 386K, committed 512K, reserved 1048576K
}
{Heap before GC invocations=61 (full 1):
 PSYoungGen      total 69120K, used 68736K [0x00000007b9c00000, 0x00000007c0000000, 0x00000007c0000000)
  eden space 35840K, 100% used [0x00000007b9c00000,0x00000007bbf00000,0x00000007bbf00000)
  from space 33280K, 98% used [0x00000007bbf00000,0x00000007bdf20000,0x00000007bdf80000)
  to   space 33280K, 0% used [0x00000007bdf80000,0x00000007bdf80000,0x00000007c0000000)
 ParOldGen       total 161280K, used 35463K [0x00000006c1800000, 0x00000006cb580000, 0x00000007b9c00000)
  object space 161280K, 21% used [0x00000006c1800000,0x00000006c3aa1e80,0x00000006cb580000)
 Metaspace       used 2707K, capacity 4486K, committed 4864K, reserved 1056768K
  class space    used 302K, capacity 386K, committed 512K, reserved 1048576K
[GC (Allocation Failure)  104199K->68359K(230400K), 0.0341478 secs]
Heap after GC invocations=61 (full 1):
 PSYoungGen      total 69120K, used 32896K [0x00000007b9c00000, 0x00000007c0000000, 0x00000007c0000000)
  eden space 35840K, 0% used [0x00000007b9c00000,0x00000007b9c00000,0x00000007bbf00000)
  from space 33280K, 98% used [0x00000007bdf80000,0x00000007bffa0000,0x00000007c0000000)
  to   space 33280K, 0% used [0x00000007bbf00000,0x00000007bbf00000,0x00000007bdf80000)
 ParOldGen       total 161280K, used 35463K [0x00000006c1800000, 0x00000006cb580000, 0x00000007b9c00000)
  object space 161280K, 21% used [0x00000006c1800000,0x00000006c3aa1e80,0x00000006cb580000)
 Metaspace       used 2707K, capacity 4486K, committed 4864K, reserved 1056768K
  class space    used 302K, capacity 386K, committed 512K, reserved 1048576K
}
{Heap before GC invocations=62 (full 1):
 PSYoungGen      total 69120K, used 68736K [0x00000007b9c00000, 0x00000007c0000000, 0x00000007c0000000)
  eden space 35840K, 100% used [0x00000007b9c00000,0x00000007bbf00000,0x00000007bbf00000)
  from space 33280K, 98% used [0x00000007bdf80000,0x00000007bffa0000,0x00000007c0000000)
  to   space 33280K, 0% used [0x00000007bbf00000,0x00000007bbf00000,0x00000007bdf80000)
 ParOldGen       total 161280K, used 35463K [0x00000006c1800000, 0x00000006cb580000, 0x00000007b9c00000)
  object space 161280K, 21% used [0x00000006c1800000,0x00000006c3aa1e80,0x00000006cb580000)
 Metaspace       used 2707K, capacity 4486K, committed 4864K, reserved 1056768K
  class space    used 302K, capacity 386K, committed 512K, reserved 1048576K
[GC (Allocation Failure)  104199K->68391K(230400K), 0.0307128 secs]
Heap after GC invocations=62 (full 1):
 PSYoungGen      total 69120K, used 32928K [0x00000007b9c00000, 0x00000007c0000000, 0x00000007c0000000)
  eden space 35840K, 0% used [0x00000007b9c00000,0x00000007b9c00000,0x00000007bbf00000)
  from space 33280K, 98% used [0x00000007bbf00000,0x00000007bdf28000,0x00000007bdf80000)
  to   space 33280K, 0% used [0x00000007bdf80000,0x00000007bdf80000,0x00000007c0000000)
 ParOldGen       total 161280K, used 35463K [0x00000006c1800000, 0x00000006cb580000, 0x00000007b9c00000)
  object space 161280K, 21% used [0x00000006c1800000,0x00000006c3aa1e80,0x00000006cb580000)
 Metaspace       used 2707K, capacity 4486K, committed 4864K, reserved 1056768K
  class space    used 302K, capacity 386K, committed 512K, reserved 1048576K
}
{Heap before GC invocations=63 (full 1):
 PSYoungGen      total 69120K, used 68768K [0x00000007b9c00000, 0x00000007c0000000, 0x00000007c0000000)
  eden space 35840K, 100% used [0x00000007b9c00000,0x00000007bbf00000,0x00000007bbf00000)
  from space 33280K, 98% used [0x00000007bbf00000,0x00000007bdf28000,0x00000007bdf80000)
  to   space 33280K, 0% used [0x00000007bdf80000,0x00000007bdf80000,0x00000007c0000000)
 ParOldGen       total 161280K, used 35463K [0x00000006c1800000, 0x00000006cb580000, 0x00000007b9c00000)
  object space 161280K, 21% used [0x00000006c1800000,0x00000006c3aa1e80,0x00000006cb580000)
 Metaspace       used 2707K, capacity 4486K, committed 4864K, reserved 1056768K
  class space    used 302K, capacity 386K, committed 512K, reserved 1048576K
[GC (Allocation Failure)  104231K->68327K(230400K), 0.0328619 secs]
Heap after GC invocations=63 (full 1):
 PSYoungGen      total 69120K, used 32864K [0x00000007b9c00000, 0x00000007c0000000, 0x00000007c0000000)
  eden space 35840K, 0% used [0x00000007b9c00000,0x00000007b9c00000,0x00000007bbf00000)
  from space 33280K, 98% used [0x00000007bdf80000,0x00000007bff98000,0x00000007c0000000)
  to   space 33280K, 0% used [0x00000007bbf00000,0x00000007bbf00000,0x00000007bdf80000)
 ParOldGen       total 161280K, used 35463K [0x00000006c1800000, 0x00000006cb580000, 0x00000007b9c00000)
  object space 161280K, 21% used [0x00000006c1800000,0x00000006c3aa1e80,0x00000006cb580000)
 Metaspace       used 2707K, capacity 4486K, committed 4864K, reserved 1056768K
  class space    used 302K, capacity 386K, committed 512K, reserved 1048576K
}
{Heap before GC invocations=64 (full 1):
 PSYoungGen      total 69120K, used 68704K [0x00000007b9c00000, 0x00000007c0000000, 0x00000007c0000000)
  eden space 35840K, 100% used [0x00000007b9c00000,0x00000007bbf00000,0x00000007bbf00000)
  from space 33280K, 98% used [0x00000007bdf80000,0x00000007bff98000,0x00000007c0000000)
  to   space 33280K, 0% used [0x00000007bbf00000,0x00000007bbf00000,0x00000007bdf80000)
 ParOldGen       total 161280K, used 35463K [0x00000006c1800000, 0x00000006cb580000, 0x00000007b9c00000)
  object space 161280K, 21% used [0x00000006c1800000,0x00000006c3aa1e80,0x00000006cb580000)
 Metaspace       used 2707K, capacity 4486K, committed 4864K, reserved 1056768K
  class space    used 302K, capacity 386K, committed 512K, reserved 1048576K
[GC (Allocation Failure)  104167K->68391K(230400K), 0.0342750 secs]
Heap after GC invocations=64 (full 1):
 PSYoungGen      total 69120K, used 32928K [0x00000007b9c00000, 0x00000007c0000000, 0x00000007c0000000)
  eden space 35840K, 0% used [0x00000007b9c00000,0x00000007b9c00000,0x00000007bbf00000)
  from space 33280K, 98% used [0x00000007bbf00000,0x00000007bdf28000,0x00000007bdf80000)
  to   space 33280K, 0% used [0x00000007bdf80000,0x00000007bdf80000,0x00000007c0000000)
 ParOldGen       total 161280K, used 35463K [0x00000006c1800000, 0x00000006cb580000, 0x00000007b9c00000)
  object space 161280K, 21% used [0x00000006c1800000,0x00000006c3aa1e80,0x00000006cb580000)
 Metaspace       used 2707K, capacity 4486K, committed 4864K, reserved 1056768K
  class space    used 302K, capacity 386K, committed 512K, reserved 1048576K
}
{Heap before GC invocations=65 (full 1):
 PSYoungGen      total 69120K, used 68768K [0x00000007b9c00000, 0x00000007c0000000, 0x00000007c0000000)
  eden space 35840K, 100% used [0x00000007b9c00000,0x00000007bbf00000,0x00000007bbf00000)
  from space 33280K, 98% used [0x00000007bbf00000,0x00000007bdf28000,0x00000007bdf80000)
  to   space 33280K, 0% used [0x00000007bdf80000,0x00000007bdf80000,0x00000007c0000000)
 ParOldGen       total 161280K, used 35463K [0x00000006c1800000, 0x00000006cb580000, 0x00000007b9c00000)
  object space 161280K, 21% used [0x00000006c1800000,0x00000006c3aa1e80,0x00000006cb580000)
 Metaspace       used 2707K, capacity 4486K, committed 4864K, reserved 1056768K
  class space    used 302K, capacity 386K, committed 512K, reserved 1048576K
[GC (Allocation Failure)  104231K->68327K(230400K), 0.0321695 secs]
Heap after GC invocations=65 (full 1):
 PSYoungGen      total 69120K, used 32864K [0x00000007b9c00000, 0x00000007c0000000, 0x00000007c0000000)
  eden space 35840K, 0% used [0x00000007b9c00000,0x00000007b9c00000,0x00000007bbf00000)
  from space 33280K, 98% used [0x00000007bdf80000,0x00000007bff98000,0x00000007c0000000)
  to   space 33280K, 0% used [0x00000007bbf00000,0x00000007bbf00000,0x00000007bdf80000)
 ParOldGen       total 161280K, used 35463K [0x00000006c1800000, 0x00000006cb580000, 0x00000007b9c00000)
  object space 161280K, 21% used [0x00000006c1800000,0x00000006c3aa1e80,0x00000006cb580000)
 Metaspace       used 2707K, capacity 4486K, committed 4864K, reserved 1056768K
  class space    used 302K, capacity 386K, committed 512K, reserved 1048576K
}
{Heap before GC invocations=66 (full 1):
 PSYoungGen      total 69120K, used 68704K [0x00000007b9c00000, 0x00000007c0000000, 0x00000007c0000000)
  eden space 35840K, 100% used [0x00000007b9c00000,0x00000007bbf00000,0x00000007bbf00000)
  from space 33280K, 98% used [0x00000007bdf80000,0x00000007bff98000,0x00000007c0000000)
  to   space 33280K, 0% used [0x00000007bbf00000,0x00000007bbf00000,0x00000007bdf80000)
 ParOldGen       total 161280K, used 35463K [0x00000006c1800000, 0x00000006cb580000, 0x00000007b9c00000)
  object space 161280K, 21% used [0x00000006c1800000,0x00000006c3aa1e80,0x00000006cb580000)
 Metaspace       used 2707K, capacity 4486K, committed 4864K, reserved 1056768K
  class space    used 302K, capacity 386K, committed 512K, reserved 1048576K
[GC (Allocation Failure)  104167K->68359K(230400K), 0.0347128 secs]
Heap after GC invocations=66 (full 1):
 PSYoungGen      total 69120K, used 32896K [0x00000007b9c00000, 0x00000007c0000000, 0x00000007c0000000)
  eden space 35840K, 0% used [0x00000007b9c00000,0x00000007b9c00000,0x00000007bbf00000)
  from space 33280K, 98% used [0x00000007bbf00000,0x00000007bdf20000,0x00000007bdf80000)
  to   space 33280K, 0% used [0x00000007bdf80000,0x00000007bdf80000,0x00000007c0000000)
 ParOldGen       total 161280K, used 35463K [0x00000006c1800000, 0x00000006cb580000, 0x00000007b9c00000)
  object space 161280K, 21% used [0x00000006c1800000,0x00000006c3aa1e80,0x00000006cb580000)
 Metaspace       used 2707K, capacity 4486K, committed 4864K, reserved 1056768K
  class space    used 302K, capacity 386K, committed 512K, reserved 1048576K
}
{Heap before GC invocations=67 (full 1):
 PSYoungGen      total 69120K, used 68736K [0x00000007b9c00000, 0x00000007c0000000, 0x00000007c0000000)
  eden space 35840K, 100% used [0x00000007b9c00000,0x00000007bbf00000,0x00000007bbf00000)
  from space 33280K, 98% used [0x00000007bbf00000,0x00000007bdf20000,0x00000007bdf80000)
  to   space 33280K, 0% used [0x00000007bdf80000,0x00000007bdf80000,0x00000007c0000000)
 ParOldGen       total 161280K, used 35463K [0x00000006c1800000, 0x00000006cb580000, 0x00000007b9c00000)
  object space 161280K, 21% used [0x00000006c1800000,0x00000006c3aa1e80,0x00000006cb580000)
 Metaspace       used 2707K, capacity 4486K, committed 4864K, reserved 1056768K
  class space    used 302K, capacity 386K, committed 512K, reserved 1048576K
[GC (Allocation Failure)  104199K->68359K(230400K), 0.0332588 secs]
Heap after GC invocations=67 (full 1):
 PSYoungGen      total 69120K, used 32896K [0x00000007b9c00000, 0x00000007c0000000, 0x00000007c0000000)
  eden space 35840K, 0% used [0x00000007b9c00000,0x00000007b9c00000,0x00000007bbf00000)
  from space 33280K, 98% used [0x00000007bdf80000,0x00000007bffa0000,0x00000007c0000000)
  to   space 33280K, 0% used [0x00000007bbf00000,0x00000007bbf00000,0x00000007bdf80000)
 ParOldGen       total 161280K, used 35463K [0x00000006c1800000, 0x00000006cb580000, 0x00000007b9c00000)
  object space 161280K, 21% used [0x00000006c1800000,0x00000006c3aa1e80,0x00000006cb580000)
 Metaspace       used 2707K, capacity 4486K, committed 4864K, reserved 1056768K
  class space    used 302K, capacity 386K, committed 512K, reserved 1048576K
}
{Heap before GC invocations=68 (full 1):
 PSYoungGen      total 69120K, used 68736K [0x00000007b9c00000, 0x00000007c0000000, 0x00000007c0000000)
  eden space 35840K, 100% used [0x00000007b9c00000,0x00000007bbf00000,0x00000007bbf00000)
  from space 33280K, 98% used [0x00000007bdf80000,0x00000007bffa0000,0x00000007c0000000)
  to   space 33280K, 0% used [0x00000007bbf00000,0x00000007bbf00000,0x00000007bdf80000)
 ParOldGen       total 161280K, used 35463K [0x00000006c1800000, 0x00000006cb580000, 0x00000007b9c00000)
  object space 161280K, 21% used [0x00000006c1800000,0x00000006c3aa1e80,0x00000006cb580000)
 Metaspace       used 2707K, capacity 4486K, committed 4864K, reserved 1056768K
  class space    used 302K, capacity 386K, committed 512K, reserved 1048576K
[GC (Allocation Failure)  104199K->68327K(230400K), 0.0331258 secs]
Heap after GC invocations=68 (full 1):
 PSYoungGen      total 69120K, used 32864K [0x00000007b9c00000, 0x00000007c0000000, 0x00000007c0000000)
  eden space 35840K, 0% used [0x00000007b9c00000,0x00000007b9c00000,0x00000007bbf00000)
  from space 33280K, 98% used [0x00000007bbf00000,0x00000007bdf18000,0x00000007bdf80000)
  to   space 33280K, 0% used [0x00000007bdf80000,0x00000007bdf80000,0x00000007c0000000)
 ParOldGen       total 161280K, used 35463K [0x00000006c1800000, 0x00000006cb580000, 0x00000007b9c00000)
  object space 161280K, 21% used [0x00000006c1800000,0x00000006c3aa1e80,0x00000006cb580000)
 Metaspace       used 2707K, capacity 4486K, committed 4864K, reserved 1056768K
  class space    used 302K, capacity 386K, committed 512K, reserved 1048576K
}
{Heap before GC invocations=69 (full 1):
 PSYoungGen      total 69120K, used 68704K [0x00000007b9c00000, 0x00000007c0000000, 0x00000007c0000000)
  eden space 35840K, 100% used [0x00000007b9c00000,0x00000007bbf00000,0x00000007bbf00000)
  from space 33280K, 98% used [0x00000007bbf00000,0x00000007bdf18000,0x00000007bdf80000)
  to   space 33280K, 0% used [0x00000007bdf80000,0x00000007bdf80000,0x00000007c0000000)
 ParOldGen       total 161280K, used 35463K [0x00000006c1800000, 0x00000006cb580000, 0x00000007b9c00000)
  object space 161280K, 21% used [0x00000006c1800000,0x00000006c3aa1e80,0x00000006cb580000)
 Metaspace       used 2707K, capacity 4486K, committed 4864K, reserved 1056768K
  class space    used 302K, capacity 386K, committed 512K, reserved 1048576K
[GC (Allocation Failure)  104167K->68391K(230400K), 0.0617293 secs]
Heap after GC invocations=69 (full 1):
 PSYoungGen      total 69120K, used 32928K [0x00000007b9c00000, 0x00000007c0000000, 0x00000007c0000000)
  eden space 35840K, 0% used [0x00000007b9c00000,0x00000007b9c00000,0x00000007bbf00000)
  from space 33280K, 98% used [0x00000007bdf80000,0x00000007bffa8000,0x00000007c0000000)
  to   space 33280K, 0% used [0x00000007bbf00000,0x00000007bbf00000,0x00000007bdf80000)
 ParOldGen       total 161280K, used 35463K [0x00000006c1800000, 0x00000006cb580000, 0x00000007b9c00000)
  object space 161280K, 21% used [0x00000006c1800000,0x00000006c3aa1e80,0x00000006cb580000)
 Metaspace       used 2707K, capacity 4486K, committed 4864K, reserved 1056768K
  class space    used 302K, capacity 386K, committed 512K, reserved 1048576K
}
{Heap before GC invocations=70 (full 1):
 PSYoungGen      total 69120K, used 68768K [0x00000007b9c00000, 0x00000007c0000000, 0x00000007c0000000)
  eden space 35840K, 100% used [0x00000007b9c00000,0x00000007bbf00000,0x00000007bbf00000)
  from space 33280K, 98% used [0x00000007bdf80000,0x00000007bffa8000,0x00000007c0000000)
  to   space 33280K, 0% used [0x00000007bbf00000,0x00000007bbf00000,0x00000007bdf80000)
 ParOldGen       total 161280K, used 35463K [0x00000006c1800000, 0x00000006cb580000, 0x00000007b9c00000)
  object space 161280K, 21% used [0x00000006c1800000,0x00000006c3aa1e80,0x00000006cb580000)
 Metaspace       used 2707K, capacity 4486K, committed 4864K, reserved 1056768K
  class space    used 302K, capacity 386K, committed 512K, reserved 1048576K
[GC (Allocation Failure)  104231K->68359K(230400K), 0.0453266 secs]
Heap after GC invocations=70 (full 1):
 PSYoungGen      total 69120K, used 32896K [0x00000007b9c00000, 0x00000007c0000000, 0x00000007c0000000)
  eden space 35840K, 0% used [0x00000007b9c00000,0x00000007b9c00000,0x00000007bbf00000)
  from space 33280K, 98% used [0x00000007bbf00000,0x00000007bdf20000,0x00000007bdf80000)
  to   space 33280K, 0% used [0x00000007bdf80000,0x00000007bdf80000,0x00000007c0000000)
 ParOldGen       total 161280K, used 35463K [0x00000006c1800000, 0x00000006cb580000, 0x00000007b9c00000)
  object space 161280K, 21% used [0x00000006c1800000,0x00000006c3aa1e80,0x00000006cb580000)
 Metaspace       used 2707K, capacity 4486K, committed 4864K, reserved 1056768K
  class space    used 302K, capacity 386K, committed 512K, reserved 1048576K
}
{Heap before GC invocations=71 (full 1):
 PSYoungGen      total 69120K, used 68736K [0x00000007b9c00000, 0x00000007c0000000, 0x00000007c0000000)
  eden space 35840K, 100% used [0x00000007b9c00000,0x00000007bbf00000,0x00000007bbf00000)
  from space 33280K, 98% used [0x00000007bbf00000,0x00000007bdf20000,0x00000007bdf80000)
  to   space 33280K, 0% used [0x00000007bdf80000,0x00000007bdf80000,0x00000007c0000000)
 ParOldGen       total 161280K, used 35463K [0x00000006c1800000, 0x00000006cb580000, 0x00000007b9c00000)
  object space 161280K, 21% used [0x00000006c1800000,0x00000006c3aa1e80,0x00000006cb580000)
 Metaspace       used 2707K, capacity 4486K, committed 4864K, reserved 1056768K
  class space    used 302K, capacity 386K, committed 512K, reserved 1048576K
[GC (Allocation Failure)  104199K->68359K(230400K), 0.0346037 secs]
Heap after GC invocations=71 (full 1):
 PSYoungGen      total 69120K, used 32896K [0x00000007b9c00000, 0x00000007c0000000, 0x00000007c0000000)
  eden space 35840K, 0% used [0x00000007b9c00000,0x00000007b9c00000,0x00000007bbf00000)
  from space 33280K, 98% used [0x00000007bdf80000,0x00000007bffa0000,0x00000007c0000000)
  to   space 33280K, 0% used [0x00000007bbf00000,0x00000007bbf00000,0x00000007bdf80000)
 ParOldGen       total 161280K, used 35463K [0x00000006c1800000, 0x00000006cb580000, 0x00000007b9c00000)
  object space 161280K, 21% used [0x00000006c1800000,0x00000006c3aa1e80,0x00000006cb580000)
 Metaspace       used 2707K, capacity 4486K, committed 4864K, reserved 1056768K
  class space    used 302K, capacity 386K, committed 512K, reserved 1048576K
}
{Heap before GC invocations=72 (full 1):
 PSYoungGen      total 69120K, used 68736K [0x00000007b9c00000, 0x00000007c0000000, 0x00000007c0000000)
  eden space 35840K, 100% used [0x00000007b9c00000,0x00000007bbf00000,0x00000007bbf00000)
  from space 33280K, 98% used [0x00000007bdf80000,0x00000007bffa0000,0x00000007c0000000)
  to   space 33280K, 0% used [0x00000007bbf00000,0x00000007bbf00000,0x00000007bdf80000)
 ParOldGen       total 161280K, used 35463K [0x00000006c1800000, 0x00000006cb580000, 0x00000007b9c00000)
  object space 161280K, 21% used [0x00000006c1800000,0x00000006c3aa1e80,0x00000006cb580000)
 Metaspace       used 2707K, capacity 4486K, committed 4864K, reserved 1056768K
  class space    used 302K, capacity 386K, committed 512K, reserved 1048576K
[GC (Allocation Failure)  104199K->68327K(230400K), 0.0493350 secs]
Heap after GC invocations=72 (full 1):
 PSYoungGen      total 69120K, used 32864K [0x00000007b9c00000, 0x00000007c0000000, 0x00000007c0000000)
  eden space 35840K, 0% used [0x00000007b9c00000,0x00000007b9c00000,0x00000007bbf00000)
  from space 33280K, 98% used [0x00000007bbf00000,0x00000007bdf18000,0x00000007bdf80000)
  to   space 33280K, 0% used [0x00000007bdf80000,0x00000007bdf80000,0x00000007c0000000)
 ParOldGen       total 161280K, used 35463K [0x00000006c1800000, 0x00000006cb580000, 0x00000007b9c00000)
  object space 161280K, 21% used [0x00000006c1800000,0x00000006c3aa1e80,0x00000006cb580000)
 Metaspace       used 2707K, capacity 4486K, committed 4864K, reserved 1056768K
  class space    used 302K, capacity 386K, committed 512K, reserved 1048576K
}
{Heap before GC invocations=73 (full 1):
 PSYoungGen      total 69120K, used 68704K [0x00000007b9c00000, 0x00000007c0000000, 0x00000007c0000000)
  eden space 35840K, 100% used [0x00000007b9c00000,0x00000007bbf00000,0x00000007bbf00000)
  from space 33280K, 98% used [0x00000007bbf00000,0x00000007bdf18000,0x00000007bdf80000)
  to   space 33280K, 0% used [0x00000007bdf80000,0x00000007bdf80000,0x00000007c0000000)
 ParOldGen       total 161280K, used 35463K [0x00000006c1800000, 0x00000006cb580000, 0x00000007b9c00000)
  object space 161280K, 21% used [0x00000006c1800000,0x00000006c3aa1e80,0x00000006cb580000)
 Metaspace       used 2707K, capacity 4486K, committed 4864K, reserved 1056768K
  class space    used 302K, capacity 386K, committed 512K, reserved 1048576K
[GC (Allocation Failure)  104167K->68327K(230400K), 0.0463523 secs]
Heap after GC invocations=73 (full 1):
 PSYoungGen      total 69120K, used 32864K [0x00000007b9c00000, 0x00000007c0000000, 0x00000007c0000000)
  eden space 35840K, 0% used [0x00000007b9c00000,0x00000007b9c00000,0x00000007bbf00000)
  from space 33280K, 98% used [0x00000007bdf80000,0x00000007bff98000,0x00000007c0000000)
  to   space 33280K, 0% used [0x00000007bbf00000,0x00000007bbf00000,0x00000007bdf80000)
 ParOldGen       total 161280K, used 35463K [0x00000006c1800000, 0x00000006cb580000, 0x00000007b9c00000)
  object space 161280K, 21% used [0x00000006c1800000,0x00000006c3aa1e80,0x00000006cb580000)
 Metaspace       used 2707K, capacity 4486K, committed 4864K, reserved 1056768K
  class space    used 302K, capacity 386K, committed 512K, reserved 1048576K
}
{Heap before GC invocations=74 (full 1):
 PSYoungGen      total 69120K, used 68704K [0x00000007b9c00000, 0x00000007c0000000, 0x00000007c0000000)
  eden space 35840K, 100% used [0x00000007b9c00000,0x00000007bbf00000,0x00000007bbf00000)
  from space 33280K, 98% used [0x00000007bdf80000,0x00000007bff98000,0x00000007c0000000)
  to   space 33280K, 0% used [0x00000007bbf00000,0x00000007bbf00000,0x00000007bdf80000)
 ParOldGen       total 161280K, used 35463K [0x00000006c1800000, 0x00000006cb580000, 0x00000007b9c00000)
  object space 161280K, 21% used [0x00000006c1800000,0x00000006c3aa1e80,0x00000006cb580000)
 Metaspace       used 2707K, capacity 4486K, committed 4864K, reserved 1056768K
  class space    used 302K, capacity 386K, committed 512K, reserved 1048576K
[GC (Allocation Failure)  104167K->68359K(230400K), 0.0447618 secs]
Heap after GC invocations=74 (full 1):
 PSYoungGen      total 69120K, used 32896K [0x00000007b9c00000, 0x00000007c0000000, 0x00000007c0000000)
  eden space 35840K, 0% used [0x00000007b9c00000,0x00000007b9c00000,0x00000007bbf00000)
  from space 33280K, 98% used [0x00000007bbf00000,0x00000007bdf20000,0x00000007bdf80000)
  to   space 33280K, 0% used [0x00000007bdf80000,0x00000007bdf80000,0x00000007c0000000)
 ParOldGen       total 161280K, used 35463K [0x00000006c1800000, 0x00000006cb580000, 0x00000007b9c00000)
  object space 161280K, 21% used [0x00000006c1800000,0x00000006c3aa1e80,0x00000006cb580000)
 Metaspace       used 2707K, capacity 4486K, committed 4864K, reserved 1056768K
  class space    used 302K, capacity 386K, committed 512K, reserved 1048576K
}
{Heap before GC invocations=75 (full 1):
 PSYoungGen      total 69120K, used 68736K [0x00000007b9c00000, 0x00000007c0000000, 0x00000007c0000000)
  eden space 35840K, 100% used [0x00000007b9c00000,0x00000007bbf00000,0x00000007bbf00000)
  from space 33280K, 98% used [0x00000007bbf00000,0x00000007bdf20000,0x00000007bdf80000)
  to   space 33280K, 0% used [0x00000007bdf80000,0x00000007bdf80000,0x00000007c0000000)
 ParOldGen       total 161280K, used 35463K [0x00000006c1800000, 0x00000006cb580000, 0x00000007b9c00000)
  object space 161280K, 21% used [0x00000006c1800000,0x00000006c3aa1e80,0x00000006cb580000)
 Metaspace       used 2707K, capacity 4486K, committed 4864K, reserved 1056768K
  class space    used 302K, capacity 386K, committed 512K, reserved 1048576K
[GC (Allocation Failure)  104199K->68327K(230400K), 0.0414121 secs]
Heap after GC invocations=75 (full 1):
 PSYoungGen      total 69120K, used 32864K [0x00000007b9c00000, 0x00000007c0000000, 0x00000007c0000000)
  eden space 35840K, 0% used [0x00000007b9c00000,0x00000007b9c00000,0x00000007bbf00000)
  from space 33280K, 98% used [0x00000007bdf80000,0x00000007bff98000,0x00000007c0000000)
  to   space 33280K, 0% used [0x00000007bbf00000,0x00000007bbf00000,0x00000007bdf80000)
 ParOldGen       total 161280K, used 35463K [0x00000006c1800000, 0x00000006cb580000, 0x00000007b9c00000)
  object space 161280K, 21% used [0x00000006c1800000,0x00000006c3aa1e80,0x00000006cb580000)
 Metaspace       used 2707K, capacity 4486K, committed 4864K, reserved 1056768K
  class space    used 302K, capacity 386K, committed 512K, reserved 1048576K
}
{Heap before GC invocations=76 (full 1):
 PSYoungGen      total 69120K, used 68704K [0x00000007b9c00000, 0x00000007c0000000, 0x00000007c0000000)
  eden space 35840K, 100% used [0x00000007b9c00000,0x00000007bbf00000,0x00000007bbf00000)
  from space 33280K, 98% used [0x00000007bdf80000,0x00000007bff98000,0x00000007c0000000)
  to   space 33280K, 0% used [0x00000007bbf00000,0x00000007bbf00000,0x00000007bdf80000)
 ParOldGen       total 161280K, used 35463K [0x00000006c1800000, 0x00000006cb580000, 0x00000007b9c00000)
  object space 161280K, 21% used [0x00000006c1800000,0x00000006c3aa1e80,0x00000006cb580000)
 Metaspace       used 2707K, capacity 4486K, committed 4864K, reserved 1056768K
  class space    used 302K, capacity 386K, committed 512K, reserved 1048576K
[GC (Allocation Failure)  104167K->68359K(230400K), 0.0439952 secs]
Heap after GC invocations=76 (full 1):
 PSYoungGen      total 69120K, used 32896K [0x00000007b9c00000, 0x00000007c0000000, 0x00000007c0000000)
  eden space 35840K, 0% used [0x00000007b9c00000,0x00000007b9c00000,0x00000007bbf00000)
  from space 33280K, 98% used [0x00000007bbf00000,0x00000007bdf20000,0x00000007bdf80000)
  to   space 33280K, 0% used [0x00000007bdf80000,0x00000007bdf80000,0x00000007c0000000)
 ParOldGen       total 161280K, used 35463K [0x00000006c1800000, 0x00000006cb580000, 0x00000007b9c00000)
  object space 161280K, 21% used [0x00000006c1800000,0x00000006c3aa1e80,0x00000006cb580000)
 Metaspace       used 2707K, capacity 4486K, committed 4864K, reserved 1056768K
  class space    used 302K, capacity 386K, committed 512K, reserved 1048576K
}
{Heap before GC invocations=77 (full 1):
 PSYoungGen      total 69120K, used 68736K [0x00000007b9c00000, 0x00000007c0000000, 0x00000007c0000000)
  eden space 35840K, 100% used [0x00000007b9c00000,0x00000007bbf00000,0x00000007bbf00000)
  from space 33280K, 98% used [0x00000007bbf00000,0x00000007bdf20000,0x00000007bdf80000)
  to   space 33280K, 0% used [0x00000007bdf80000,0x00000007bdf80000,0x00000007c0000000)
 ParOldGen       total 161280K, used 35463K [0x00000006c1800000, 0x00000006cb580000, 0x00000007b9c00000)
  object space 161280K, 21% used [0x00000006c1800000,0x00000006c3aa1e80,0x00000006cb580000)
 Metaspace       used 2707K, capacity 4486K, committed 4864K, reserved 1056768K
  class space    used 302K, capacity 386K, committed 512K, reserved 1048576K
[GC (Allocation Failure)  104199K->68359K(230400K), 0.0444949 secs]
Heap after GC invocations=77 (full 1):
 PSYoungGen      total 69120K, used 32896K [0x00000007b9c00000, 0x00000007c0000000, 0x00000007c0000000)
  eden space 35840K, 0% used [0x00000007b9c00000,0x00000007b9c00000,0x00000007bbf00000)
  from space 33280K, 98% used [0x00000007bdf80000,0x00000007bffa0000,0x00000007c0000000)
  to   space 33280K, 0% used [0x00000007bbf00000,0x00000007bbf00000,0x00000007bdf80000)
 ParOldGen       total 161280K, used 35463K [0x00000006c1800000, 0x00000006cb580000, 0x00000007b9c00000)
  object space 161280K, 21% used [0x00000006c1800000,0x00000006c3aa1e80,0x00000006cb580000)
 Metaspace       used 2707K, capacity 4486K, committed 4864K, reserved 1056768K
  class space    used 302K, capacity 386K, committed 512K, reserved 1048576K
}
{Heap before GC invocations=78 (full 1):
 PSYoungGen      total 69120K, used 68736K [0x00000007b9c00000, 0x00000007c0000000, 0x00000007c0000000)
  eden space 35840K, 100% used [0x00000007b9c00000,0x00000007bbf00000,0x00000007bbf00000)
  from space 33280K, 98% used [0x00000007bdf80000,0x00000007bffa0000,0x00000007c0000000)
  to   space 33280K, 0% used [0x00000007bbf00000,0x00000007bbf00000,0x00000007bdf80000)
 ParOldGen       total 161280K, used 35463K [0x00000006c1800000, 0x00000006cb580000, 0x00000007b9c00000)
  object space 161280K, 21% used [0x00000006c1800000,0x00000006c3aa1e80,0x00000006cb580000)
 Metaspace       used 2707K, capacity 4486K, committed 4864K, reserved 1056768K
  class space    used 302K, capacity 386K, committed 512K, reserved 1048576K
[GC (Allocation Failure)  104199K->68391K(230400K), 0.0656412 secs]
Heap after GC invocations=78 (full 1):
 PSYoungGen      total 69120K, used 32928K [0x00000007b9c00000, 0x00000007c0000000, 0x00000007c0000000)
  eden space 35840K, 0% used [0x00000007b9c00000,0x00000007b9c00000,0x00000007bbf00000)
  from space 33280K, 98% used [0x00000007bbf00000,0x00000007bdf28000,0x00000007bdf80000)
  to   space 33280K, 0% used [0x00000007bdf80000,0x00000007bdf80000,0x00000007c0000000)
 ParOldGen       total 161280K, used 35463K [0x00000006c1800000, 0x00000006cb580000, 0x00000007b9c00000)
  object space 161280K, 21% used [0x00000006c1800000,0x00000006c3aa1e80,0x00000006cb580000)
 Metaspace       used 2707K, capacity 4486K, committed 4864K, reserved 1056768K
  class space    used 302K, capacity 386K, committed 512K, reserved 1048576K
}
{Heap before GC invocations=79 (full 1):
 PSYoungGen      total 69120K, used 68768K [0x00000007b9c00000, 0x00000007c0000000, 0x00000007c0000000)
  eden space 35840K, 100% used [0x00000007b9c00000,0x00000007bbf00000,0x00000007bbf00000)
  from space 33280K, 98% used [0x00000007bbf00000,0x00000007bdf28000,0x00000007bdf80000)
  to   space 33280K, 0% used [0x00000007bdf80000,0x00000007bdf80000,0x00000007c0000000)
 ParOldGen       total 161280K, used 35463K [0x00000006c1800000, 0x00000006cb580000, 0x00000007b9c00000)
  object space 161280K, 21% used [0x00000006c1800000,0x00000006c3aa1e80,0x00000006cb580000)
 Metaspace       used 2707K, capacity 4486K, committed 4864K, reserved 1056768K
  class space    used 302K, capacity 386K, committed 512K, reserved 1048576K
[GC (Allocation Failure)  104231K->68359K(230400K), 0.0421006 secs]
Heap after GC invocations=79 (full 1):
 PSYoungGen      total 69120K, used 32896K [0x00000007b9c00000, 0x00000007c0000000, 0x00000007c0000000)
  eden space 35840K, 0% used [0x00000007b9c00000,0x00000007b9c00000,0x00000007bbf00000)
  from space 33280K, 98% used [0x00000007bdf80000,0x00000007bffa0000,0x00000007c0000000)
  to   space 33280K, 0% used [0x00000007bbf00000,0x00000007bbf00000,0x00000007bdf80000)
 ParOldGen       total 161280K, used 35463K [0x00000006c1800000, 0x00000006cb580000, 0x00000007b9c00000)
  object space 161280K, 21% used [0x00000006c1800000,0x00000006c3aa1e80,0x00000006cb580000)
 Metaspace       used 2707K, capacity 4486K, committed 4864K, reserved 1056768K
  class space    used 302K, capacity 386K, committed 512K, reserved 1048576K
}
{Heap before GC invocations=80 (full 1):
 PSYoungGen      total 69120K, used 68736K [0x00000007b9c00000, 0x00000007c0000000, 0x00000007c0000000)
  eden space 35840K, 100% used [0x00000007b9c00000,0x00000007bbf00000,0x00000007bbf00000)
  from space 33280K, 98% used [0x00000007bdf80000,0x00000007bffa0000,0x00000007c0000000)
  to   space 33280K, 0% used [0x00000007bbf00000,0x00000007bbf00000,0x00000007bdf80000)
 ParOldGen       total 161280K, used 35463K [0x00000006c1800000, 0x00000006cb580000, 0x00000007b9c00000)
  object space 161280K, 21% used [0x00000006c1800000,0x00000006c3aa1e80,0x00000006cb580000)
 Metaspace       used 2707K, capacity 4486K, committed 4864K, reserved 1056768K
  class space    used 302K, capacity 386K, committed 512K, reserved 1048576K
[GC (Allocation Failure)  104199K->68359K(230400K), 0.0587181 secs]
Heap after GC invocations=80 (full 1):
 PSYoungGen      total 69120K, used 32896K [0x00000007b9c00000, 0x00000007c0000000, 0x00000007c0000000)
  eden space 35840K, 0% used [0x00000007b9c00000,0x00000007b9c00000,0x00000007bbf00000)
  from space 33280K, 98% used [0x00000007bbf00000,0x00000007bdf20000,0x00000007bdf80000)
  to   space 33280K, 0% used [0x00000007bdf80000,0x00000007bdf80000,0x00000007c0000000)
 ParOldGen       total 161280K, used 35463K [0x00000006c1800000, 0x00000006cb580000, 0x00000007b9c00000)
  object space 161280K, 21% used [0x00000006c1800000,0x00000006c3aa1e80,0x00000006cb580000)
 Metaspace       used 2707K, capacity 4486K, committed 4864K, reserved 1056768K
  class space    used 302K, capacity 386K, committed 512K, reserved 1048576K
}
{Heap before GC invocations=81 (full 1):
 PSYoungGen      total 69120K, used 68736K [0x00000007b9c00000, 0x00000007c0000000, 0x00000007c0000000)
  eden space 35840K, 100% used [0x00000007b9c00000,0x00000007bbf00000,0x00000007bbf00000)
  from space 33280K, 98% used [0x00000007bbf00000,0x00000007bdf20000,0x00000007bdf80000)
  to   space 33280K, 0% used [0x00000007bdf80000,0x00000007bdf80000,0x00000007c0000000)
 ParOldGen       total 161280K, used 35463K [0x00000006c1800000, 0x00000006cb580000, 0x00000007b9c00000)
  object space 161280K, 21% used [0x00000006c1800000,0x00000006c3aa1e80,0x00000006cb580000)
 Metaspace       used 2707K, capacity 4486K, committed 4864K, reserved 1056768K
  class space    used 302K, capacity 386K, committed 512K, reserved 1048576K
[GC (Allocation Failure)  104199K->68359K(230400K), 0.0375020 secs]
Heap after GC invocations=81 (full 1):
 PSYoungGen      total 69120K, used 32896K [0x00000007b9c00000, 0x00000007c0000000, 0x00000007c0000000)
  eden space 35840K, 0% used [0x00000007b9c00000,0x00000007b9c00000,0x00000007bbf00000)
  from space 33280K, 98% used [0x00000007bdf80000,0x00000007bffa0000,0x00000007c0000000)
  to   space 33280K, 0% used [0x00000007bbf00000,0x00000007bbf00000,0x00000007bdf80000)
 ParOldGen       total 161280K, used 35463K [0x00000006c1800000, 0x00000006cb580000, 0x00000007b9c00000)
  object space 161280K, 21% used [0x00000006c1800000,0x00000006c3aa1e80,0x00000006cb580000)
 Metaspace       used 2707K, capacity 4486K, committed 4864K, reserved 1056768K
  class space    used 302K, capacity 386K, committed 512K, reserved 1048576K
}
{Heap before GC invocations=82 (full 1):
 PSYoungGen      total 69120K, used 68736K [0x00000007b9c00000, 0x00000007c0000000, 0x00000007c0000000)
  eden space 35840K, 100% used [0x00000007b9c00000,0x00000007bbf00000,0x00000007bbf00000)
  from space 33280K, 98% used [0x00000007bdf80000,0x00000007bffa0000,0x00000007c0000000)
  to   space 33280K, 0% used [0x00000007bbf00000,0x00000007bbf00000,0x00000007bdf80000)
 ParOldGen       total 161280K, used 35463K [0x00000006c1800000, 0x00000006cb580000, 0x00000007b9c00000)
  object space 161280K, 21% used [0x00000006c1800000,0x00000006c3aa1e80,0x00000006cb580000)
 Metaspace       used 2707K, capacity 4486K, committed 4864K, reserved 1056768K
  class space    used 302K, capacity 386K, committed 512K, reserved 1048576K
[GC (Allocation Failure)  104199K->68327K(230400K), 0.0339307 secs]
Heap after GC invocations=82 (full 1):
 PSYoungGen      total 69120K, used 32864K [0x00000007b9c00000, 0x00000007c0000000, 0x00000007c0000000)
  eden space 35840K, 0% used [0x00000007b9c00000,0x00000007b9c00000,0x00000007bbf00000)
  from space 33280K, 98% used [0x00000007bbf00000,0x00000007bdf18000,0x00000007bdf80000)
  to   space 33280K, 0% used [0x00000007bdf80000,0x00000007bdf80000,0x00000007c0000000)
 ParOldGen       total 161280K, used 35463K [0x00000006c1800000, 0x00000006cb580000, 0x00000007b9c00000)
  object space 161280K, 21% used [0x00000006c1800000,0x00000006c3aa1e80,0x00000006cb580000)
 Metaspace       used 2707K, capacity 4486K, committed 4864K, reserved 1056768K
  class space    used 302K, capacity 386K, committed 512K, reserved 1048576K
}
{Heap before GC invocations=83 (full 1):
 PSYoungGen      total 69120K, used 68704K [0x00000007b9c00000, 0x00000007c0000000, 0x00000007c0000000)
  eden space 35840K, 100% used [0x00000007b9c00000,0x00000007bbf00000,0x00000007bbf00000)
  from space 33280K, 98% used [0x00000007bbf00000,0x00000007bdf18000,0x00000007bdf80000)
  to   space 33280K, 0% used [0x00000007bdf80000,0x00000007bdf80000,0x00000007c0000000)
 ParOldGen       total 161280K, used 35463K [0x00000006c1800000, 0x00000006cb580000, 0x00000007b9c00000)
  object space 161280K, 21% used [0x00000006c1800000,0x00000006c3aa1e80,0x00000006cb580000)
 Metaspace       used 2707K, capacity 4486K, committed 4864K, reserved 1056768K
  class space    used 302K, capacity 386K, committed 512K, reserved 1048576K
[GC (Allocation Failure)  104167K->68327K(230400K), 0.0380036 secs]
Heap after GC invocations=83 (full 1):
 PSYoungGen      total 69120K, used 32864K [0x00000007b9c00000, 0x00000007c0000000, 0x00000007c0000000)
  eden space 35840K, 0% used [0x00000007b9c00000,0x00000007b9c00000,0x00000007bbf00000)
  from space 33280K, 98% used [0x00000007bdf80000,0x00000007bff98000,0x00000007c0000000)
  to   space 33280K, 0% used [0x00000007bbf00000,0x00000007bbf00000,0x00000007bdf80000)
 ParOldGen       total 161280K, used 35463K [0x00000006c1800000, 0x00000006cb580000, 0x00000007b9c00000)
  object space 161280K, 21% used [0x00000006c1800000,0x00000006c3aa1e80,0x00000006cb580000)
 Metaspace       used 2707K, capacity 4486K, committed 4864K, reserved 1056768K
  class space    used 302K, capacity 386K, committed 512K, reserved 1048576K
}
{Heap before GC invocations=84 (full 1):
 PSYoungGen      total 69120K, used 68704K [0x00000007b9c00000, 0x00000007c0000000, 0x00000007c0000000)
  eden space 35840K, 100% used [0x00000007b9c00000,0x00000007bbf00000,0x00000007bbf00000)
  from space 33280K, 98% used [0x00000007bdf80000,0x00000007bff98000,0x00000007c0000000)
  to   space 33280K, 0% used [0x00000007bbf00000,0x00000007bbf00000,0x00000007bdf80000)
 ParOldGen       total 161280K, used 35463K [0x00000006c1800000, 0x00000006cb580000, 0x00000007b9c00000)
  object space 161280K, 21% used [0x00000006c1800000,0x00000006c3aa1e80,0x00000006cb580000)
 Metaspace       used 2707K, capacity 4486K, committed 4864K, reserved 1056768K
  class space    used 302K, capacity 386K, committed 512K, reserved 1048576K
[GC (Allocation Failure)  104167K->68359K(230400K), 0.0414474 secs]
Heap after GC invocations=84 (full 1):
 PSYoungGen      total 69120K, used 32896K [0x00000007b9c00000, 0x00000007c0000000, 0x00000007c0000000)
  eden space 35840K, 0% used [0x00000007b9c00000,0x00000007b9c00000,0x00000007bbf00000)
  from space 33280K, 98% used [0x00000007bbf00000,0x00000007bdf20000,0x00000007bdf80000)
  to   space 33280K, 0% used [0x00000007bdf80000,0x00000007bdf80000,0x00000007c0000000)
 ParOldGen       total 161280K, used 35463K [0x00000006c1800000, 0x00000006cb580000, 0x00000007b9c00000)
  object space 161280K, 21% used [0x00000006c1800000,0x00000006c3aa1e80,0x00000006cb580000)
 Metaspace       used 2707K, capacity 4486K, committed 4864K, reserved 1056768K
  class space    used 302K, capacity 386K, committed 512K, reserved 1048576K
}
{Heap before GC invocations=85 (full 1):
 PSYoungGen      total 69120K, used 68736K [0x00000007b9c00000, 0x00000007c0000000, 0x00000007c0000000)
  eden space 35840K, 100% used [0x00000007b9c00000,0x00000007bbf00000,0x00000007bbf00000)
  from space 33280K, 98% used [0x00000007bbf00000,0x00000007bdf20000,0x00000007bdf80000)
  to   space 33280K, 0% used [0x00000007bdf80000,0x00000007bdf80000,0x00000007c0000000)
 ParOldGen       total 161280K, used 35463K [0x00000006c1800000, 0x00000006cb580000, 0x00000007b9c00000)
  object space 161280K, 21% used [0x00000006c1800000,0x00000006c3aa1e80,0x00000006cb580000)
 Metaspace       used 2707K, capacity 4486K, committed 4864K, reserved 1056768K
  class space    used 302K, capacity 386K, committed 512K, reserved 1048576K
[GC (Allocation Failure)  104199K->68391K(230400K), 0.0433235 secs]
Heap after GC invocations=85 (full 1):
 PSYoungGen      total 69120K, used 32928K [0x00000007b9c00000, 0x00000007c0000000, 0x00000007c0000000)
  eden space 35840K, 0% used [0x00000007b9c00000,0x00000007b9c00000,0x00000007bbf00000)
  from space 33280K, 98% used [0x00000007bdf80000,0x00000007bffa8000,0x00000007c0000000)
  to   space 33280K, 0% used [0x00000007bbf00000,0x00000007bbf00000,0x00000007bdf80000)
 ParOldGen       total 161280K, used 35463K [0x00000006c1800000, 0x00000006cb580000, 0x00000007b9c00000)
  object space 161280K, 21% used [0x00000006c1800000,0x00000006c3aa1e80,0x00000006cb580000)
 Metaspace       used 2707K, capacity 4486K, committed 4864K, reserved 1056768K
  class space    used 302K, capacity 386K, committed 512K, reserved 1048576K
}
{Heap before GC invocations=86 (full 1):
 PSYoungGen      total 69120K, used 68768K [0x00000007b9c00000, 0x00000007c0000000, 0x00000007c0000000)
  eden space 35840K, 100% used [0x00000007b9c00000,0x00000007bbf00000,0x00000007bbf00000)
  from space 33280K, 98% used [0x00000007bdf80000,0x00000007bffa8000,0x00000007c0000000)
  to   space 33280K, 0% used [0x00000007bbf00000,0x00000007bbf00000,0x00000007bdf80000)
 ParOldGen       total 161280K, used 35463K [0x00000006c1800000, 0x00000006cb580000, 0x00000007b9c00000)
  object space 161280K, 21% used [0x00000006c1800000,0x00000006c3aa1e80,0x00000006cb580000)
 Metaspace       used 2707K, capacity 4486K, committed 4864K, reserved 1056768K
  class space    used 302K, capacity 386K, committed 512K, reserved 1048576K
[GC (Allocation Failure)  104231K->68359K(230400K), 0.0458357 secs]
Heap after GC invocations=86 (full 1):
 PSYoungGen      total 69120K, used 32896K [0x00000007b9c00000, 0x00000007c0000000, 0x00000007c0000000)
  eden space 35840K, 0% used [0x00000007b9c00000,0x00000007b9c00000,0x00000007bbf00000)
  from space 33280K, 98% used [0x00000007bbf00000,0x00000007bdf20000,0x00000007bdf80000)
  to   space 33280K, 0% used [0x00000007bdf80000,0x00000007bdf80000,0x00000007c0000000)
 ParOldGen       total 161280K, used 35463K [0x00000006c1800000, 0x00000006cb580000, 0x00000007b9c00000)
  object space 161280K, 21% used [0x00000006c1800000,0x00000006c3aa1e80,0x00000006cb580000)
 Metaspace       used 2707K, capacity 4486K, committed 4864K, reserved 1056768K
  class space    used 302K, capacity 386K, committed 512K, reserved 1048576K
}
{Heap before GC invocations=87 (full 1):
 PSYoungGen      total 69120K, used 68736K [0x00000007b9c00000, 0x00000007c0000000, 0x00000007c0000000)
  eden space 35840K, 100% used [0x00000007b9c00000,0x00000007bbf00000,0x00000007bbf00000)
  from space 33280K, 98% used [0x00000007bbf00000,0x00000007bdf20000,0x00000007bdf80000)
  to   space 33280K, 0% used [0x00000007bdf80000,0x00000007bdf80000,0x00000007c0000000)
 ParOldGen       total 161280K, used 35463K [0x00000006c1800000, 0x00000006cb580000, 0x00000007b9c00000)
  object space 161280K, 21% used [0x00000006c1800000,0x00000006c3aa1e80,0x00000006cb580000)
 Metaspace       used 2707K, capacity 4486K, committed 4864K, reserved 1056768K
  class space    used 302K, capacity 386K, committed 512K, reserved 1048576K
[GC (Allocation Failure)  104199K->68327K(230400K), 0.0435082 secs]
Heap after GC invocations=87 (full 1):
 PSYoungGen      total 69120K, used 32864K [0x00000007b9c00000, 0x00000007c0000000, 0x00000007c0000000)
  eden space 35840K, 0% used [0x00000007b9c00000,0x00000007b9c00000,0x00000007bbf00000)
  from space 33280K, 98% used [0x00000007bdf80000,0x00000007bff98000,0x00000007c0000000)
  to   space 33280K, 0% used [0x00000007bbf00000,0x00000007bbf00000,0x00000007bdf80000)
 ParOldGen       total 161280K, used 35463K [0x00000006c1800000, 0x00000006cb580000, 0x00000007b9c00000)
  object space 161280K, 21% used [0x00000006c1800000,0x00000006c3aa1e80,0x00000006cb580000)
 Metaspace       used 2707K, capacity 4486K, committed 4864K, reserved 1056768K
  class space    used 302K, capacity 386K, committed 512K, reserved 1048576K
}
{Heap before GC invocations=88 (full 1):
 PSYoungGen      total 69120K, used 68704K [0x00000007b9c00000, 0x00000007c0000000, 0x00000007c0000000)
  eden space 35840K, 100% used [0x00000007b9c00000,0x00000007bbf00000,0x00000007bbf00000)
  from space 33280K, 98% used [0x00000007bdf80000,0x00000007bff98000,0x00000007c0000000)
  to   space 33280K, 0% used [0x00000007bbf00000,0x00000007bbf00000,0x00000007bdf80000)
 ParOldGen       total 161280K, used 35463K [0x00000006c1800000, 0x00000006cb580000, 0x00000007b9c00000)
  object space 161280K, 21% used [0x00000006c1800000,0x00000006c3aa1e80,0x00000006cb580000)
 Metaspace       used 2707K, capacity 4486K, committed 4864K, reserved 1056768K
  class space    used 302K, capacity 386K, committed 512K, reserved 1048576K
[GC (Allocation Failure)  104167K->68327K(230400K), 0.0491184 secs]
Heap after GC invocations=88 (full 1):
 PSYoungGen      total 69120K, used 32864K [0x00000007b9c00000, 0x00000007c0000000, 0x00000007c0000000)
  eden space 35840K, 0% used [0x00000007b9c00000,0x00000007b9c00000,0x00000007bbf00000)
  from space 33280K, 98% used [0x00000007bbf00000,0x00000007bdf18000,0x00000007bdf80000)
  to   space 33280K, 0% used [0x00000007bdf80000,0x00000007bdf80000,0x00000007c0000000)
 ParOldGen       total 161280K, used 35463K [0x00000006c1800000, 0x00000006cb580000, 0x00000007b9c00000)
  object space 161280K, 21% used [0x00000006c1800000,0x00000006c3aa1e80,0x00000006cb580000)
 Metaspace       used 2707K, capacity 4486K, committed 4864K, reserved 1056768K
  class space    used 302K, capacity 386K, committed 512K, reserved 1048576K
}
{Heap before GC invocations=89 (full 1):
 PSYoungGen      total 69120K, used 68704K [0x00000007b9c00000, 0x00000007c0000000, 0x00000007c0000000)
  eden space 35840K, 100% used [0x00000007b9c00000,0x00000007bbf00000,0x00000007bbf00000)
  from space 33280K, 98% used [0x00000007bbf00000,0x00000007bdf18000,0x00000007bdf80000)
  to   space 33280K, 0% used [0x00000007bdf80000,0x00000007bdf80000,0x00000007c0000000)
 ParOldGen       total 161280K, used 35463K [0x00000006c1800000, 0x00000006cb580000, 0x00000007b9c00000)
  object space 161280K, 21% used [0x00000006c1800000,0x00000006c3aa1e80,0x00000006cb580000)
 Metaspace       used 2707K, capacity 4486K, committed 4864K, reserved 1056768K
  class space    used 302K, capacity 386K, committed 512K, reserved 1048576K
[GC (Allocation Failure)  104167K->68327K(230400K), 0.0375430 secs]
Heap after GC invocations=89 (full 1):
 PSYoungGen      total 69120K, used 32864K [0x00000007b9c00000, 0x00000007c0000000, 0x00000007c0000000)
  eden space 35840K, 0% used [0x00000007b9c00000,0x00000007b9c00000,0x00000007bbf00000)
  from space 33280K, 98% used [0x00000007bdf80000,0x00000007bff98000,0x00000007c0000000)
  to   space 33280K, 0% used [0x00000007bbf00000,0x00000007bbf00000,0x00000007bdf80000)
 ParOldGen       total 161280K, used 35463K [0x00000006c1800000, 0x00000006cb580000, 0x00000007b9c00000)
  object space 161280K, 21% used [0x00000006c1800000,0x00000006c3aa1e80,0x00000006cb580000)
 Metaspace       used 2707K, capacity 4486K, committed 4864K, reserved 1056768K
  class space    used 302K, capacity 386K, committed 512K, reserved 1048576K
}
{Heap before GC invocations=90 (full 1):
 PSYoungGen      total 69120K, used 68704K [0x00000007b9c00000, 0x00000007c0000000, 0x00000007c0000000)
  eden space 35840K, 100% used [0x00000007b9c00000,0x00000007bbf00000,0x00000007bbf00000)
  from space 33280K, 98% used [0x00000007bdf80000,0x00000007bff98000,0x00000007c0000000)
  to   space 33280K, 0% used [0x00000007bbf00000,0x00000007bbf00000,0x00000007bdf80000)
 ParOldGen       total 161280K, used 35463K [0x00000006c1800000, 0x00000006cb580000, 0x00000007b9c00000)
  object space 161280K, 21% used [0x00000006c1800000,0x00000006c3aa1e80,0x00000006cb580000)
 Metaspace       used 2707K, capacity 4486K, committed 4864K, reserved 1056768K
  class space    used 302K, capacity 386K, committed 512K, reserved 1048576K
[GC (Allocation Failure)  104167K->68359K(230400K), 0.0345237 secs]
Heap after GC invocations=90 (full 1):
 PSYoungGen      total 69120K, used 32896K [0x00000007b9c00000, 0x00000007c0000000, 0x00000007c0000000)
  eden space 35840K, 0% used [0x00000007b9c00000,0x00000007b9c00000,0x00000007bbf00000)
  from space 33280K, 98% used [0x00000007bbf00000,0x00000007bdf20000,0x00000007bdf80000)
  to   space 33280K, 0% used [0x00000007bdf80000,0x00000007bdf80000,0x00000007c0000000)
 ParOldGen       total 161280K, used 35463K [0x00000006c1800000, 0x00000006cb580000, 0x00000007b9c00000)
  object space 161280K, 21% used [0x00000006c1800000,0x00000006c3aa1e80,0x00000006cb580000)
 Metaspace       used 2707K, capacity 4486K, committed 4864K, reserved 1056768K
  class space    used 302K, capacity 386K, committed 512K, reserved 1048576K
}
{Heap before GC invocations=91 (full 1):
 PSYoungGen      total 69120K, used 68736K [0x00000007b9c00000, 0x00000007c0000000, 0x00000007c0000000)
  eden space 35840K, 100% used [0x00000007b9c00000,0x00000007bbf00000,0x00000007bbf00000)
  from space 33280K, 98% used [0x00000007bbf00000,0x00000007bdf20000,0x00000007bdf80000)
  to   space 33280K, 0% used [0x00000007bdf80000,0x00000007bdf80000,0x00000007c0000000)
 ParOldGen       total 161280K, used 35463K [0x00000006c1800000, 0x00000006cb580000, 0x00000007b9c00000)
  object space 161280K, 21% used [0x00000006c1800000,0x00000006c3aa1e80,0x00000006cb580000)
 Metaspace       used 2707K, capacity 4486K, committed 4864K, reserved 1056768K
  class space    used 302K, capacity 386K, committed 512K, reserved 1048576K
[GC (Allocation Failure)  104199K->68327K(230400K), 0.0886909 secs]
Heap after GC invocations=91 (full 1):
 PSYoungGen      total 69120K, used 32864K [0x00000007b9c00000, 0x00000007c0000000, 0x00000007c0000000)
  eden space 35840K, 0% used [0x00000007b9c00000,0x00000007b9c00000,0x00000007bbf00000)
  from space 33280K, 98% used [0x00000007bdf80000,0x00000007bff98000,0x00000007c0000000)
  to   space 33280K, 0% used [0x00000007bbf00000,0x00000007bbf00000,0x00000007bdf80000)
 ParOldGen       total 161280K, used 35463K [0x00000006c1800000, 0x00000006cb580000, 0x00000007b9c00000)
  object space 161280K, 21% used [0x00000006c1800000,0x00000006c3aa1e80,0x00000006cb580000)
 Metaspace       used 2707K, capacity 4486K, committed 4864K, reserved 1056768K
  class space    used 302K, capacity 386K, committed 512K, reserved 1048576K
}
{Heap before GC invocations=92 (full 1):
 PSYoungGen      total 69120K, used 68704K [0x00000007b9c00000, 0x00000007c0000000, 0x00000007c0000000)
  eden space 35840K, 100% used [0x00000007b9c00000,0x00000007bbf00000,0x00000007bbf00000)
  from space 33280K, 98% used [0x00000007bdf80000,0x00000007bff98000,0x00000007c0000000)
  to   space 33280K, 0% used [0x00000007bbf00000,0x00000007bbf00000,0x00000007bdf80000)
 ParOldGen       total 161280K, used 35463K [0x00000006c1800000, 0x00000006cb580000, 0x00000007b9c00000)
  object space 161280K, 21% used [0x00000006c1800000,0x00000006c3aa1e80,0x00000006cb580000)
 Metaspace       used 2707K, capacity 4486K, committed 4864K, reserved 1056768K
  class space    used 302K, capacity 386K, committed 512K, reserved 1048576K
[GC (Allocation Failure)  104167K->68359K(230400K), 0.0555870 secs]
Heap after GC invocations=92 (full 1):
 PSYoungGen      total 69120K, used 32896K [0x00000007b9c00000, 0x00000007c0000000, 0x00000007c0000000)
  eden space 35840K, 0% used [0x00000007b9c00000,0x00000007b9c00000,0x00000007bbf00000)
  from space 33280K, 98% used [0x00000007bbf00000,0x00000007bdf20000,0x00000007bdf80000)
  to   space 33280K, 0% used [0x00000007bdf80000,0x00000007bdf80000,0x00000007c0000000)
 ParOldGen       total 161280K, used 35463K [0x00000006c1800000, 0x00000006cb580000, 0x00000007b9c00000)
  object space 161280K, 21% used [0x00000006c1800000,0x00000006c3aa1e80,0x00000006cb580000)
 Metaspace       used 2707K, capacity 4486K, committed 4864K, reserved 1056768K
  class space    used 302K, capacity 386K, committed 512K, reserved 1048576K
}
{Heap before GC invocations=93 (full 1):
 PSYoungGen      total 69120K, used 68736K [0x00000007b9c00000, 0x00000007c0000000, 0x00000007c0000000)
  eden space 35840K, 100% used [0x00000007b9c00000,0x00000007bbf00000,0x00000007bbf00000)
  from space 33280K, 98% used [0x00000007bbf00000,0x00000007bdf20000,0x00000007bdf80000)
  to   space 33280K, 0% used [0x00000007bdf80000,0x00000007bdf80000,0x00000007c0000000)
 ParOldGen       total 161280K, used 35463K [0x00000006c1800000, 0x00000006cb580000, 0x00000007b9c00000)
  object space 161280K, 21% used [0x00000006c1800000,0x00000006c3aa1e80,0x00000006cb580000)
 Metaspace       used 2707K, capacity 4486K, committed 4864K, reserved 1056768K
  class space    used 302K, capacity 386K, committed 512K, reserved 1048576K
[GC (Allocation Failure)  104199K->68359K(230400K), 0.0334013 secs]
Heap after GC invocations=93 (full 1):
 PSYoungGen      total 69120K, used 32896K [0x00000007b9c00000, 0x00000007c0000000, 0x00000007c0000000)
  eden space 35840K, 0% used [0x00000007b9c00000,0x00000007b9c00000,0x00000007bbf00000)
  from space 33280K, 98% used [0x00000007bdf80000,0x00000007bffa0000,0x00000007c0000000)
  to   space 33280K, 0% used [0x00000007bbf00000,0x00000007bbf00000,0x00000007bdf80000)
 ParOldGen       total 161280K, used 35463K [0x00000006c1800000, 0x00000006cb580000, 0x00000007b9c00000)
  object space 161280K, 21% used [0x00000006c1800000,0x00000006c3aa1e80,0x00000006cb580000)
 Metaspace       used 2707K, capacity 4486K, committed 4864K, reserved 1056768K
  class space    used 302K, capacity 386K, committed 512K, reserved 1048576K
}
{Heap before GC invocations=94 (full 1):
 PSYoungGen      total 69120K, used 68736K [0x00000007b9c00000, 0x00000007c0000000, 0x00000007c0000000)
  eden space 35840K, 100% used [0x00000007b9c00000,0x00000007bbf00000,0x00000007bbf00000)
  from space 33280K, 98% used [0x00000007bdf80000,0x00000007bffa0000,0x00000007c0000000)
  to   space 33280K, 0% used [0x00000007bbf00000,0x00000007bbf00000,0x00000007bdf80000)
 ParOldGen       total 161280K, used 35463K [0x00000006c1800000, 0x00000006cb580000, 0x00000007b9c00000)
  object space 161280K, 21% used [0x00000006c1800000,0x00000006c3aa1e80,0x00000006cb580000)
 Metaspace       used 2707K, capacity 4486K, committed 4864K, reserved 1056768K
  class space    used 302K, capacity 386K, committed 512K, reserved 1048576K
[GC (Allocation Failure)  104199K->68391K(230400K), 0.0317047 secs]
Heap after GC invocations=94 (full 1):
 PSYoungGen      total 69120K, used 32928K [0x00000007b9c00000, 0x00000007c0000000, 0x00000007c0000000)
  eden space 35840K, 0% used [0x00000007b9c00000,0x00000007b9c00000,0x00000007bbf00000)
  from space 33280K, 98% used [0x00000007bbf00000,0x00000007bdf28000,0x00000007bdf80000)
  to   space 33280K, 0% used [0x00000007bdf80000,0x00000007bdf80000,0x00000007c0000000)
 ParOldGen       total 161280K, used 35463K [0x00000006c1800000, 0x00000006cb580000, 0x00000007b9c00000)
  object space 161280K, 21% used [0x00000006c1800000,0x00000006c3aa1e80,0x00000006cb580000)
 Metaspace       used 2707K, capacity 4486K, committed 4864K, reserved 1056768K
  class space    used 302K, capacity 386K, committed 512K, reserved 1048576K
}
{Heap before GC invocations=95 (full 1):
 PSYoungGen      total 69120K, used 68768K [0x00000007b9c00000, 0x00000007c0000000, 0x00000007c0000000)
  eden space 35840K, 100% used [0x00000007b9c00000,0x00000007bbf00000,0x00000007bbf00000)
  from space 33280K, 98% used [0x00000007bbf00000,0x00000007bdf28000,0x00000007bdf80000)
  to   space 33280K, 0% used [0x00000007bdf80000,0x00000007bdf80000,0x00000007c0000000)
 ParOldGen       total 161280K, used 35463K [0x00000006c1800000, 0x00000006cb580000, 0x00000007b9c00000)
  object space 161280K, 21% used [0x00000006c1800000,0x00000006c3aa1e80,0x00000006cb580000)
 Metaspace       used 2707K, capacity 4486K, committed 4864K, reserved 1056768K
  class space    used 302K, capacity 386K, committed 512K, reserved 1048576K
[GC (Allocation Failure)  104231K->68359K(230400K), 0.0443896 secs]
Heap after GC invocations=95 (full 1):
 PSYoungGen      total 69120K, used 32896K [0x00000007b9c00000, 0x00000007c0000000, 0x00000007c0000000)
  eden space 35840K, 0% used [0x00000007b9c00000,0x00000007b9c00000,0x00000007bbf00000)
  from space 33280K, 98% used [0x00000007bdf80000,0x00000007bffa0000,0x00000007c0000000)
  to   space 33280K, 0% used [0x00000007bbf00000,0x00000007bbf00000,0x00000007bdf80000)
 ParOldGen       total 161280K, used 35463K [0x00000006c1800000, 0x00000006cb580000, 0x00000007b9c00000)
  object space 161280K, 21% used [0x00000006c1800000,0x00000006c3aa1e80,0x00000006cb580000)
 Metaspace       used 2707K, capacity 4486K, committed 4864K, reserved 1056768K
  class space    used 302K, capacity 386K, committed 512K, reserved 1048576K
}
{Heap before GC invocations=96 (full 1):
 PSYoungGen      total 69120K, used 68736K [0x00000007b9c00000, 0x00000007c0000000, 0x00000007c0000000)
  eden space 35840K, 100% used [0x00000007b9c00000,0x00000007bbf00000,0x00000007bbf00000)
  from space 33280K, 98% used [0x00000007bdf80000,0x00000007bffa0000,0x00000007c0000000)
  to   space 33280K, 0% used [0x00000007bbf00000,0x00000007bbf00000,0x00000007bdf80000)
 ParOldGen       total 161280K, used 35463K [0x00000006c1800000, 0x00000006cb580000, 0x00000007b9c00000)
  object space 161280K, 21% used [0x00000006c1800000,0x00000006c3aa1e80,0x00000006cb580000)
 Metaspace       used 2707K, capacity 4486K, committed 4864K, reserved 1056768K
  class space    used 302K, capacity 386K, committed 512K, reserved 1048576K
[GC (Allocation Failure)  104199K->68359K(230400K), 0.0377736 secs]
Heap after GC invocations=96 (full 1):
 PSYoungGen      total 69120K, used 32896K [0x00000007b9c00000, 0x00000007c0000000, 0x00000007c0000000)
  eden space 35840K, 0% used [0x00000007b9c00000,0x00000007b9c00000,0x00000007bbf00000)
  from space 33280K, 98% used [0x00000007bbf00000,0x00000007bdf20000,0x00000007bdf80000)
  to   space 33280K, 0% used [0x00000007bdf80000,0x00000007bdf80000,0x00000007c0000000)
 ParOldGen       total 161280K, used 35463K [0x00000006c1800000, 0x00000006cb580000, 0x00000007b9c00000)
  object space 161280K, 21% used [0x00000006c1800000,0x00000006c3aa1e80,0x00000006cb580000)
 Metaspace       used 2707K, capacity 4486K, committed 4864K, reserved 1056768K
  class space    used 302K, capacity 386K, committed 512K, reserved 1048576K
}
{Heap before GC invocations=97 (full 1):
 PSYoungGen      total 69120K, used 68736K [0x00000007b9c00000, 0x00000007c0000000, 0x00000007c0000000)
  eden space 35840K, 100% used [0x00000007b9c00000,0x00000007bbf00000,0x00000007bbf00000)
  from space 33280K, 98% used [0x00000007bbf00000,0x00000007bdf20000,0x00000007bdf80000)
  to   space 33280K, 0% used [0x00000007bdf80000,0x00000007bdf80000,0x00000007c0000000)
 ParOldGen       total 161280K, used 35463K [0x00000006c1800000, 0x00000006cb580000, 0x00000007b9c00000)
  object space 161280K, 21% used [0x00000006c1800000,0x00000006c3aa1e80,0x00000006cb580000)
 Metaspace       used 2707K, capacity 4486K, committed 4864K, reserved 1056768K
  class space    used 302K, capacity 386K, committed 512K, reserved 1048576K
[GC (Allocation Failure)  104199K->68359K(230400K), 0.0331012 secs]
Heap after GC invocations=97 (full 1):
 PSYoungGen      total 69120K, used 32896K [0x00000007b9c00000, 0x00000007c0000000, 0x00000007c0000000)
  eden space 35840K, 0% used [0x00000007b9c00000,0x00000007b9c00000,0x00000007bbf00000)
  from space 33280K, 98% used [0x00000007bdf80000,0x00000007bffa0000,0x00000007c0000000)
  to   space 33280K, 0% used [0x00000007bbf00000,0x00000007bbf00000,0x00000007bdf80000)
 ParOldGen       total 161280K, used 35463K [0x00000006c1800000, 0x00000006cb580000, 0x00000007b9c00000)
  object space 161280K, 21% used [0x00000006c1800000,0x00000006c3aa1e80,0x00000006cb580000)
 Metaspace       used 2707K, capacity 4486K, committed 4864K, reserved 1056768K
  class space    used 302K, capacity 386K, committed 512K, reserved 1048576K
}
{Heap before GC invocations=98 (full 1):
 PSYoungGen      total 69120K, used 68736K [0x00000007b9c00000, 0x00000007c0000000, 0x00000007c0000000)
  eden space 35840K, 100% used [0x00000007b9c00000,0x00000007bbf00000,0x00000007bbf00000)
  from space 33280K, 98% used [0x00000007bdf80000,0x00000007bffa0000,0x00000007c0000000)
  to   space 33280K, 0% used [0x00000007bbf00000,0x00000007bbf00000,0x00000007bdf80000)
 ParOldGen       total 161280K, used 35463K [0x00000006c1800000, 0x00000006cb580000, 0x00000007b9c00000)
  object space 161280K, 21% used [0x00000006c1800000,0x00000006c3aa1e80,0x00000006cb580000)
 Metaspace       used 2707K, capacity 4486K, committed 4864K, reserved 1056768K
  class space    used 302K, capacity 386K, committed 512K, reserved 1048576K
[GC (Allocation Failure)  104199K->68359K(230400K), 0.0344242 secs]
Heap after GC invocations=98 (full 1):
 PSYoungGen      total 69120K, used 32896K [0x00000007b9c00000, 0x00000007c0000000, 0x00000007c0000000)
  eden space 35840K, 0% used [0x00000007b9c00000,0x00000007b9c00000,0x00000007bbf00000)
  from space 33280K, 98% used [0x00000007bbf00000,0x00000007bdf20000,0x00000007bdf80000)
  to   space 33280K, 0% used [0x00000007bdf80000,0x00000007bdf80000,0x00000007c0000000)
 ParOldGen       total 161280K, used 35463K [0x00000006c1800000, 0x00000006cb580000, 0x00000007b9c00000)
  object space 161280K, 21% used [0x00000006c1800000,0x00000006c3aa1e80,0x00000006cb580000)
 Metaspace       used 2707K, capacity 4486K, committed 4864K, reserved 1056768K
  class space    used 302K, capacity 386K, committed 512K, reserved 1048576K
}
{Heap before GC invocations=99 (full 1):
 PSYoungGen      total 69120K, used 68736K [0x00000007b9c00000, 0x00000007c0000000, 0x00000007c0000000)
  eden space 35840K, 100% used [0x00000007b9c00000,0x00000007bbf00000,0x00000007bbf00000)
  from space 33280K, 98% used [0x00000007bbf00000,0x00000007bdf20000,0x00000007bdf80000)
  to   space 33280K, 0% used [0x00000007bdf80000,0x00000007bdf80000,0x00000007c0000000)
 ParOldGen       total 161280K, used 35463K [0x00000006c1800000, 0x00000006cb580000, 0x00000007b9c00000)
  object space 161280K, 21% used [0x00000006c1800000,0x00000006c3aa1e80,0x00000006cb580000)
 Metaspace       used 2707K, capacity 4486K, committed 4864K, reserved 1056768K
  class space    used 302K, capacity 386K, committed 512K, reserved 1048576K
[GC (Allocation Failure)  104199K->68327K(230400K), 0.0674396 secs]
Heap after GC invocations=99 (full 1):
 PSYoungGen      total 69120K, used 32864K [0x00000007b9c00000, 0x00000007c0000000, 0x00000007c0000000)
  eden space 35840K, 0% used [0x00000007b9c00000,0x00000007b9c00000,0x00000007bbf00000)
  from space 33280K, 98% used [0x00000007bdf80000,0x00000007bff98000,0x00000007c0000000)
  to   space 33280K, 0% used [0x00000007bbf00000,0x00000007bbf00000,0x00000007bdf80000)
 ParOldGen       total 161280K, used 35463K [0x00000006c1800000, 0x00000006cb580000, 0x00000007b9c00000)
  object space 161280K, 21% used [0x00000006c1800000,0x00000006c3aa1e80,0x00000006cb580000)
 Metaspace       used 2707K, capacity 4486K, committed 4864K, reserved 1056768K
  class space    used 302K, capacity 386K, committed 512K, reserved 1048576K
}
{Heap before GC invocations=100 (full 1):
 PSYoungGen      total 69120K, used 68704K [0x00000007b9c00000, 0x00000007c0000000, 0x00000007c0000000)
  eden space 35840K, 100% used [0x00000007b9c00000,0x00000007bbf00000,0x00000007bbf00000)
  from space 33280K, 98% used [0x00000007bdf80000,0x00000007bff98000,0x00000007c0000000)
  to   space 33280K, 0% used [0x00000007bbf00000,0x00000007bbf00000,0x00000007bdf80000)
 ParOldGen       total 161280K, used 35463K [0x00000006c1800000, 0x00000006cb580000, 0x00000007b9c00000)
  object space 161280K, 21% used [0x00000006c1800000,0x00000006c3aa1e80,0x00000006cb580000)
 Metaspace       used 2707K, capacity 4486K, committed 4864K, reserved 1056768K
  class space    used 302K, capacity 386K, committed 512K, reserved 1048576K
[GC (Allocation Failure)  104167K->68359K(230400K), 0.0505964 secs]
Heap after GC invocations=100 (full 1):
 PSYoungGen      total 69120K, used 32896K [0x00000007b9c00000, 0x00000007c0000000, 0x00000007c0000000)
  eden space 35840K, 0% used [0x00000007b9c00000,0x00000007b9c00000,0x00000007bbf00000)
  from space 33280K, 98% used [0x00000007bbf00000,0x00000007bdf20000,0x00000007bdf80000)
  to   space 33280K, 0% used [0x00000007bdf80000,0x00000007bdf80000,0x00000007c0000000)
 ParOldGen       total 161280K, used 35463K [0x00000006c1800000, 0x00000006cb580000, 0x00000007b9c00000)
  object space 161280K, 21% used [0x00000006c1800000,0x00000006c3aa1e80,0x00000006cb580000)
 Metaspace       used 2707K, capacity 4486K, committed 4864K, reserved 1056768K
  class space    used 302K, capacity 386K, committed 512K, reserved 1048576K
}
{Heap before GC invocations=101 (full 1):
 PSYoungGen      total 69120K, used 68736K [0x00000007b9c00000, 0x00000007c0000000, 0x00000007c0000000)
  eden space 35840K, 100% used [0x00000007b9c00000,0x00000007bbf00000,0x00000007bbf00000)
  from space 33280K, 98% used [0x00000007bbf00000,0x00000007bdf20000,0x00000007bdf80000)
  to   space 33280K, 0% used [0x00000007bdf80000,0x00000007bdf80000,0x00000007c0000000)
 ParOldGen       total 161280K, used 35463K [0x00000006c1800000, 0x00000006cb580000, 0x00000007b9c00000)
  object space 161280K, 21% used [0x00000006c1800000,0x00000006c3aa1e80,0x00000006cb580000)
 Metaspace       used 2707K, capacity 4486K, committed 4864K, reserved 1056768K
  class space    used 302K, capacity 386K, committed 512K, reserved 1048576K
[GC (Allocation Failure)  104199K->68359K(230400K), 0.0463311 secs]
Heap after GC invocations=101 (full 1):
 PSYoungGen      total 69120K, used 32896K [0x00000007b9c00000, 0x00000007c0000000, 0x00000007c0000000)
  eden space 35840K, 0% used [0x00000007b9c00000,0x00000007b9c00000,0x00000007bbf00000)
  from space 33280K, 98% used [0x00000007bdf80000,0x00000007bffa0000,0x00000007c0000000)
  to   space 33280K, 0% used [0x00000007bbf00000,0x00000007bbf00000,0x00000007bdf80000)
 ParOldGen       total 161280K, used 35463K [0x00000006c1800000, 0x00000006cb580000, 0x00000007b9c00000)
  object space 161280K, 21% used [0x00000006c1800000,0x00000006c3aa1e80,0x00000006cb580000)
 Metaspace       used 2707K, capacity 4486K, committed 4864K, reserved 1056768K
  class space    used 302K, capacity 386K, committed 512K, reserved 1048576K
}
{Heap before GC invocations=102 (full 1):
 PSYoungGen      total 69120K, used 68736K [0x00000007b9c00000, 0x00000007c0000000, 0x00000007c0000000)
  eden space 35840K, 100% used [0x00000007b9c00000,0x00000007bbf00000,0x00000007bbf00000)
  from space 33280K, 98% used [0x00000007bdf80000,0x00000007bffa0000,0x00000007c0000000)
  to   space 33280K, 0% used [0x00000007bbf00000,0x00000007bbf00000,0x00000007bdf80000)
 ParOldGen       total 161280K, used 35463K [0x00000006c1800000, 0x00000006cb580000, 0x00000007b9c00000)
  object space 161280K, 21% used [0x00000006c1800000,0x00000006c3aa1e80,0x00000006cb580000)
 Metaspace       used 2707K, capacity 4486K, committed 4864K, reserved 1056768K
  class space    used 302K, capacity 386K, committed 512K, reserved 1048576K
[GC (Allocation Failure)  104199K->68391K(230400K), 0.0424712 secs]
Heap after GC invocations=102 (full 1):
 PSYoungGen      total 69120K, used 32928K [0x00000007b9c00000, 0x00000007c0000000, 0x00000007c0000000)
  eden space 35840K, 0% used [0x00000007b9c00000,0x00000007b9c00000,0x00000007bbf00000)
  from space 33280K, 98% used [0x00000007bbf00000,0x00000007bdf28000,0x00000007bdf80000)
  to   space 33280K, 0% used [0x00000007bdf80000,0x00000007bdf80000,0x00000007c0000000)
 ParOldGen       total 161280K, used 35463K [0x00000006c1800000, 0x00000006cb580000, 0x00000007b9c00000)
  object space 161280K, 21% used [0x00000006c1800000,0x00000006c3aa1e80,0x00000006cb580000)
 Metaspace       used 2707K, capacity 4486K, committed 4864K, reserved 1056768K
  class space    used 302K, capacity 386K, committed 512K, reserved 1048576K
}
{Heap before GC invocations=103 (full 1):
 PSYoungGen      total 69120K, used 68768K [0x00000007b9c00000, 0x00000007c0000000, 0x00000007c0000000)
  eden space 35840K, 100% used [0x00000007b9c00000,0x00000007bbf00000,0x00000007bbf00000)
  from space 33280K, 98% used [0x00000007bbf00000,0x00000007bdf28000,0x00000007bdf80000)
  to   space 33280K, 0% used [0x00000007bdf80000,0x00000007bdf80000,0x00000007c0000000)
 ParOldGen       total 161280K, used 35463K [0x00000006c1800000, 0x00000006cb580000, 0x00000007b9c00000)
  object space 161280K, 21% used [0x00000006c1800000,0x00000006c3aa1e80,0x00000006cb580000)
 Metaspace       used 2707K, capacity 4486K, committed 4864K, reserved 1056768K
  class space    used 302K, capacity 386K, committed 512K, reserved 1048576K
[GC (Allocation Failure)  104231K->68327K(230400K), 0.0387237 secs]
Heap after GC invocations=103 (full 1):
 PSYoungGen      total 69120K, used 32864K [0x00000007b9c00000, 0x00000007c0000000, 0x00000007c0000000)
  eden space 35840K, 0% used [0x00000007b9c00000,0x00000007b9c00000,0x00000007bbf00000)
  from space 33280K, 98% used [0x00000007bdf80000,0x00000007bff98000,0x00000007c0000000)
  to   space 33280K, 0% used [0x00000007bbf00000,0x00000007bbf00000,0x00000007bdf80000)
 ParOldGen       total 161280K, used 35463K [0x00000006c1800000, 0x00000006cb580000, 0x00000007b9c00000)
  object space 161280K, 21% used [0x00000006c1800000,0x00000006c3aa1e80,0x00000006cb580000)
 Metaspace       used 2707K, capacity 4486K, committed 4864K, reserved 1056768K
  class space    used 302K, capacity 386K, committed 512K, reserved 1048576K
}
{Heap before GC invocations=104 (full 1):
 PSYoungGen      total 69120K, used 68704K [0x00000007b9c00000, 0x00000007c0000000, 0x00000007c0000000)
  eden space 35840K, 100% used [0x00000007b9c00000,0x00000007bbf00000,0x00000007bbf00000)
  from space 33280K, 98% used [0x00000007bdf80000,0x00000007bff98000,0x00000007c0000000)
  to   space 33280K, 0% used [0x00000007bbf00000,0x00000007bbf00000,0x00000007bdf80000)
 ParOldGen       total 161280K, used 35463K [0x00000006c1800000, 0x00000006cb580000, 0x00000007b9c00000)
  object space 161280K, 21% used [0x00000006c1800000,0x00000006c3aa1e80,0x00000006cb580000)
 Metaspace       used 2707K, capacity 4486K, committed 4864K, reserved 1056768K
  class space    used 302K, capacity 386K, committed 512K, reserved 1048576K
[GC (Allocation Failure)  104167K->68359K(230400K), 0.0344158 secs]
Heap after GC invocations=104 (full 1):
 PSYoungGen      total 69120K, used 32896K [0x00000007b9c00000, 0x00000007c0000000, 0x00000007c0000000)
  eden space 35840K, 0% used [0x00000007b9c00000,0x00000007b9c00000,0x00000007bbf00000)
  from space 33280K, 98% used [0x00000007bbf00000,0x00000007bdf20000,0x00000007bdf80000)
  to   space 33280K, 0% used [0x00000007bdf80000,0x00000007bdf80000,0x00000007c0000000)
 ParOldGen       total 161280K, used 35463K [0x00000006c1800000, 0x00000006cb580000, 0x00000007b9c00000)
  object space 161280K, 21% used [0x00000006c1800000,0x00000006c3aa1e80,0x00000006cb580000)
 Metaspace       used 2707K, capacity 4486K, committed 4864K, reserved 1056768K
  class space    used 302K, capacity 386K, committed 512K, reserved 1048576K
}
{Heap before GC invocations=105 (full 1):
 PSYoungGen      total 69120K, used 68736K [0x00000007b9c00000, 0x00000007c0000000, 0x00000007c0000000)
  eden space 35840K, 100% used [0x00000007b9c00000,0x00000007bbf00000,0x00000007bbf00000)
  from space 33280K, 98% used [0x00000007bbf00000,0x00000007bdf20000,0x00000007bdf80000)
  to   space 33280K, 0% used [0x00000007bdf80000,0x00000007bdf80000,0x00000007c0000000)
 ParOldGen       total 161280K, used 35463K [0x00000006c1800000, 0x00000006cb580000, 0x00000007b9c00000)
  object space 161280K, 21% used [0x00000006c1800000,0x00000006c3aa1e80,0x00000006cb580000)
 Metaspace       used 2707K, capacity 4486K, committed 4864K, reserved 1056768K
  class space    used 302K, capacity 386K, committed 512K, reserved 1048576K
[GC (Allocation Failure)  104199K->68359K(230400K), 0.0321601 secs]
Heap after GC invocations=105 (full 1):
 PSYoungGen      total 69120K, used 32896K [0x00000007b9c00000, 0x00000007c0000000, 0x00000007c0000000)
  eden space 35840K, 0% used [0x00000007b9c00000,0x00000007b9c00000,0x00000007bbf00000)
  from space 33280K, 98% used [0x00000007bdf80000,0x00000007bffa0000,0x00000007c0000000)
  to   space 33280K, 0% used [0x00000007bbf00000,0x00000007bbf00000,0x00000007bdf80000)
 ParOldGen       total 161280K, used 35463K [0x00000006c1800000, 0x00000006cb580000, 0x00000007b9c00000)
  object space 161280K, 21% used [0x00000006c1800000,0x00000006c3aa1e80,0x00000006cb580000)
 Metaspace       used 2707K, capacity 4486K, committed 4864K, reserved 1056768K
  class space    used 302K, capacity 386K, committed 512K, reserved 1048576K
}
{Heap before GC invocations=106 (full 1):
 PSYoungGen      total 69120K, used 68736K [0x00000007b9c00000, 0x00000007c0000000, 0x00000007c0000000)
  eden space 35840K, 100% used [0x00000007b9c00000,0x00000007bbf00000,0x00000007bbf00000)
  from space 33280K, 98% used [0x00000007bdf80000,0x00000007bffa0000,0x00000007c0000000)
  to   space 33280K, 0% used [0x00000007bbf00000,0x00000007bbf00000,0x00000007bdf80000)
 ParOldGen       total 161280K, used 35463K [0x00000006c1800000, 0x00000006cb580000, 0x00000007b9c00000)
  object space 161280K, 21% used [0x00000006c1800000,0x00000006c3aa1e80,0x00000006cb580000)
 Metaspace       used 2707K, capacity 4486K, committed 4864K, reserved 1056768K
  class space    used 302K, capacity 386K, committed 512K, reserved 1048576K
[GC (Allocation Failure)  104199K->68327K(230400K), 0.0322835 secs]
Heap after GC invocations=106 (full 1):
 PSYoungGen      total 69120K, used 32864K [0x00000007b9c00000, 0x00000007c0000000, 0x00000007c0000000)
  eden space 35840K, 0% used [0x00000007b9c00000,0x00000007b9c00000,0x00000007bbf00000)
  from space 33280K, 98% used [0x00000007bbf00000,0x00000007bdf18000,0x00000007bdf80000)
  to   space 33280K, 0% used [0x00000007bdf80000,0x00000007bdf80000,0x00000007c0000000)
 ParOldGen       total 161280K, used 35463K [0x00000006c1800000, 0x00000006cb580000, 0x00000007b9c00000)
  object space 161280K, 21% used [0x00000006c1800000,0x00000006c3aa1e80,0x00000006cb580000)
 Metaspace       used 2707K, capacity 4486K, committed 4864K, reserved 1056768K
  class space    used 302K, capacity 386K, committed 512K, reserved 1048576K
}
{Heap before GC invocations=107 (full 1):
 PSYoungGen      total 69120K, used 68704K [0x00000007b9c00000, 0x00000007c0000000, 0x00000007c0000000)
  eden space 35840K, 100% used [0x00000007b9c00000,0x00000007bbf00000,0x00000007bbf00000)
  from space 33280K, 98% used [0x00000007bbf00000,0x00000007bdf18000,0x00000007bdf80000)
  to   space 33280K, 0% used [0x00000007bdf80000,0x00000007bdf80000,0x00000007c0000000)
 ParOldGen       total 161280K, used 35463K [0x00000006c1800000, 0x00000006cb580000, 0x00000007b9c00000)
  object space 161280K, 21% used [0x00000006c1800000,0x00000006c3aa1e80,0x00000006cb580000)
 Metaspace       used 2707K, capacity 4486K, committed 4864K, reserved 1056768K
  class space    used 302K, capacity 386K, committed 512K, reserved 1048576K
[GC (Allocation Failure)  104167K->68327K(230400K), 0.0326157 secs]
Heap after GC invocations=107 (full 1):
 PSYoungGen      total 69120K, used 32864K [0x00000007b9c00000, 0x00000007c0000000, 0x00000007c0000000)
  eden space 35840K, 0% used [0x00000007b9c00000,0x00000007b9c00000,0x00000007bbf00000)
  from space 33280K, 98% used [0x00000007bdf80000,0x00000007bff98000,0x00000007c0000000)
  to   space 33280K, 0% used [0x00000007bbf00000,0x00000007bbf00000,0x00000007bdf80000)
 ParOldGen       total 161280K, used 35463K [0x00000006c1800000, 0x00000006cb580000, 0x00000007b9c00000)
  object space 161280K, 21% used [0x00000006c1800000,0x00000006c3aa1e80,0x00000006cb580000)
 Metaspace       used 2707K, capacity 4486K, committed 4864K, reserved 1056768K
  class space    used 302K, capacity 386K, committed 512K, reserved 1048576K
}
{Heap before GC invocations=108 (full 1):
 PSYoungGen      total 69120K, used 68704K [0x00000007b9c00000, 0x00000007c0000000, 0x00000007c0000000)
  eden space 35840K, 100% used [0x00000007b9c00000,0x00000007bbf00000,0x00000007bbf00000)
  from space 33280K, 98% used [0x00000007bdf80000,0x00000007bff98000,0x00000007c0000000)
  to   space 33280K, 0% used [0x00000007bbf00000,0x00000007bbf00000,0x00000007bdf80000)
 ParOldGen       total 161280K, used 35463K [0x00000006c1800000, 0x00000006cb580000, 0x00000007b9c00000)
  object space 161280K, 21% used [0x00000006c1800000,0x00000006c3aa1e80,0x00000006cb580000)
 Metaspace       used 2707K, capacity 4486K, committed 4864K, reserved 1056768K
  class space    used 302K, capacity 386K, committed 512K, reserved 1048576K
[GC (Allocation Failure)  104167K->68359K(230400K), 0.0302456 secs]
Heap after GC invocations=108 (full 1):
 PSYoungGen      total 69120K, used 32896K [0x00000007b9c00000, 0x00000007c0000000, 0x00000007c0000000)
  eden space 35840K, 0% used [0x00000007b9c00000,0x00000007b9c00000,0x00000007bbf00000)
  from space 33280K, 98% used [0x00000007bbf00000,0x00000007bdf20000,0x00000007bdf80000)
  to   space 33280K, 0% used [0x00000007bdf80000,0x00000007bdf80000,0x00000007c0000000)
 ParOldGen       total 161280K, used 35463K [0x00000006c1800000, 0x00000006cb580000, 0x00000007b9c00000)
  object space 161280K, 21% used [0x00000006c1800000,0x00000006c3aa1e80,0x00000006cb580000)
 Metaspace       used 2707K, capacity 4486K, committed 4864K, reserved 1056768K
  class space    used 302K, capacity 386K, committed 512K, reserved 1048576K
}
{Heap before GC invocations=109 (full 1):
 PSYoungGen      total 69120K, used 68736K [0x00000007b9c00000, 0x00000007c0000000, 0x00000007c0000000)
  eden space 35840K, 100% used [0x00000007b9c00000,0x00000007bbf00000,0x00000007bbf00000)
  from space 33280K, 98% used [0x00000007bbf00000,0x00000007bdf20000,0x00000007bdf80000)
  to   space 33280K, 0% used [0x00000007bdf80000,0x00000007bdf80000,0x00000007c0000000)
 ParOldGen       total 161280K, used 35463K [0x00000006c1800000, 0x00000006cb580000, 0x00000007b9c00000)
  object space 161280K, 21% used [0x00000006c1800000,0x00000006c3aa1e80,0x00000006cb580000)
 Metaspace       used 2707K, capacity 4486K, committed 4864K, reserved 1056768K
  class space    used 302K, capacity 386K, committed 512K, reserved 1048576K
[GC (Allocation Failure)  104199K->68359K(230400K), 0.0357508 secs]
Heap after GC invocations=109 (full 1):
 PSYoungGen      total 69120K, used 32896K [0x00000007b9c00000, 0x00000007c0000000, 0x00000007c0000000)
  eden space 35840K, 0% used [0x00000007b9c00000,0x00000007b9c00000,0x00000007bbf00000)
  from space 33280K, 98% used [0x00000007bdf80000,0x00000007bffa0000,0x00000007c0000000)
  to   space 33280K, 0% used [0x00000007bbf00000,0x00000007bbf00000,0x00000007bdf80000)
 ParOldGen       total 161280K, used 35463K [0x00000006c1800000, 0x00000006cb580000, 0x00000007b9c00000)
  object space 161280K, 21% used [0x00000006c1800000,0x00000006c3aa1e80,0x00000006cb580000)
 Metaspace       used 2707K, capacity 4486K, committed 4864K, reserved 1056768K
  class space    used 302K, capacity 386K, committed 512K, reserved 1048576K
}
{Heap before GC invocations=110 (full 1):
 PSYoungGen      total 69120K, used 68736K [0x00000007b9c00000, 0x00000007c0000000, 0x00000007c0000000)
  eden space 35840K, 100% used [0x00000007b9c00000,0x00000007bbf00000,0x00000007bbf00000)
  from space 33280K, 98% used [0x00000007bdf80000,0x00000007bffa0000,0x00000007c0000000)
  to   space 33280K, 0% used [0x00000007bbf00000,0x00000007bbf00000,0x00000007bdf80000)
 ParOldGen       total 161280K, used 35463K [0x00000006c1800000, 0x00000006cb580000, 0x00000007b9c00000)
  object space 161280K, 21% used [0x00000006c1800000,0x00000006c3aa1e80,0x00000006cb580000)
 Metaspace       used 2707K, capacity 4486K, committed 4864K, reserved 1056768K
  class space    used 302K, capacity 386K, committed 512K, reserved 1048576K
[GC (Allocation Failure)  104199K->68359K(230400K), 0.0378332 secs]
Heap after GC invocations=110 (full 1):
 PSYoungGen      total 69120K, used 32896K [0x00000007b9c00000, 0x00000007c0000000, 0x00000007c0000000)
  eden space 35840K, 0% used [0x00000007b9c00000,0x00000007b9c00000,0x00000007bbf00000)
  from space 33280K, 98% used [0x00000007bbf00000,0x00000007bdf20000,0x00000007bdf80000)
  to   space 33280K, 0% used [0x00000007bdf80000,0x00000007bdf80000,0x00000007c0000000)
 ParOldGen       total 161280K, used 35463K [0x00000006c1800000, 0x00000006cb580000, 0x00000007b9c00000)
  object space 161280K, 21% used [0x00000006c1800000,0x00000006c3aa1e80,0x00000006cb580000)
 Metaspace       used 2707K, capacity 4486K, committed 4864K, reserved 1056768K
  class space    used 302K, capacity 386K, committed 512K, reserved 1048576K
}
{Heap before GC invocations=111 (full 1):
 PSYoungGen      total 69120K, used 68736K [0x00000007b9c00000, 0x00000007c0000000, 0x00000007c0000000)
  eden space 35840K, 100% used [0x00000007b9c00000,0x00000007bbf00000,0x00000007bbf00000)
  from space 33280K, 98% used [0x00000007bbf00000,0x00000007bdf20000,0x00000007bdf80000)
  to   space 33280K, 0% used [0x00000007bdf80000,0x00000007bdf80000,0x00000007c0000000)
 ParOldGen       total 161280K, used 35463K [0x00000006c1800000, 0x00000006cb580000, 0x00000007b9c00000)
  object space 161280K, 21% used [0x00000006c1800000,0x00000006c3aa1e80,0x00000006cb580000)
 Metaspace       used 2707K, capacity 4486K, committed 4864K, reserved 1056768K
  class space    used 302K, capacity 386K, committed 512K, reserved 1048576K
[GC (Allocation Failure)  104199K->68359K(230400K), 0.0431455 secs]
Heap after GC invocations=111 (full 1):
 PSYoungGen      total 69120K, used 32896K [0x00000007b9c00000, 0x00000007c0000000, 0x00000007c0000000)
  eden space 35840K, 0% used [0x00000007b9c00000,0x00000007b9c00000,0x00000007bbf00000)
  from space 33280K, 98% used [0x00000007bdf80000,0x00000007bffa0000,0x00000007c0000000)
  to   space 33280K, 0% used [0x00000007bbf00000,0x00000007bbf00000,0x00000007bdf80000)
 ParOldGen       total 161280K, used 35463K [0x00000006c1800000, 0x00000006cb580000, 0x00000007b9c00000)
  object space 161280K, 21% used [0x00000006c1800000,0x00000006c3aa1e80,0x00000006cb580000)
 Metaspace       used 2707K, capacity 4486K, committed 4864K, reserved 1056768K
  class space    used 302K, capacity 386K, committed 512K, reserved 1048576K
}
{Heap before GC invocations=112 (full 1):
 PSYoungGen      total 69120K, used 68736K [0x00000007b9c00000, 0x00000007c0000000, 0x00000007c0000000)
  eden space 35840K, 100% used [0x00000007b9c00000,0x00000007bbf00000,0x00000007bbf00000)
  from space 33280K, 98% used [0x00000007bdf80000,0x00000007bffa0000,0x00000007c0000000)
  to   space 33280K, 0% used [0x00000007bbf00000,0x00000007bbf00000,0x00000007bdf80000)
 ParOldGen       total 161280K, used 35463K [0x00000006c1800000, 0x00000006cb580000, 0x00000007b9c00000)
  object space 161280K, 21% used [0x00000006c1800000,0x00000006c3aa1e80,0x00000006cb580000)
 Metaspace       used 2707K, capacity 4486K, committed 4864K, reserved 1056768K
  class space    used 302K, capacity 386K, committed 512K, reserved 1048576K
[GC (Allocation Failure)  104199K->68359K(230400K), 0.0421348 secs]
Heap after GC invocations=112 (full 1):
 PSYoungGen      total 69120K, used 32896K [0x00000007b9c00000, 0x00000007c0000000, 0x00000007c0000000)
  eden space 35840K, 0% used [0x00000007b9c00000,0x00000007b9c00000,0x00000007bbf00000)
  from space 33280K, 98% used [0x00000007bbf00000,0x00000007bdf20000,0x00000007bdf80000)
  to   space 33280K, 0% used [0x00000007bdf80000,0x00000007bdf80000,0x00000007c0000000)
 ParOldGen       total 161280K, used 35463K [0x00000006c1800000, 0x00000006cb580000, 0x00000007b9c00000)
  object space 161280K, 21% used [0x00000006c1800000,0x00000006c3aa1e80,0x00000006cb580000)
 Metaspace       used 2707K, capacity 4486K, committed 4864K, reserved 1056768K
  class space    used 302K, capacity 386K, committed 512K, reserved 1048576K
}
{Heap before GC invocations=113 (full 1):
 PSYoungGen      total 69120K, used 68736K [0x00000007b9c00000, 0x00000007c0000000, 0x00000007c0000000)
  eden space 35840K, 100% used [0x00000007b9c00000,0x00000007bbf00000,0x00000007bbf00000)
  from space 33280K, 98% used [0x00000007bbf00000,0x00000007bdf20000,0x00000007bdf80000)
  to   space 33280K, 0% used [0x00000007bdf80000,0x00000007bdf80000,0x00000007c0000000)
 ParOldGen       total 161280K, used 35463K [0x00000006c1800000, 0x00000006cb580000, 0x00000007b9c00000)
  object space 161280K, 21% used [0x00000006c1800000,0x00000006c3aa1e80,0x00000006cb580000)
 Metaspace       used 2707K, capacity 4486K, committed 4864K, reserved 1056768K
  class space    used 302K, capacity 386K, committed 512K, reserved 1048576K
[GC (Allocation Failure)  104199K->68359K(230400K), 0.0354519 secs]
Heap after GC invocations=113 (full 1):
 PSYoungGen      total 69120K, used 32896K [0x00000007b9c00000, 0x00000007c0000000, 0x00000007c0000000)
  eden space 35840K, 0% used [0x00000007b9c00000,0x00000007b9c00000,0x00000007bbf00000)
  from space 33280K, 98% used [0x00000007bdf80000,0x00000007bffa0000,0x00000007c0000000)
  to   space 33280K, 0% used [0x00000007bbf00000,0x00000007bbf00000,0x00000007bdf80000)
 ParOldGen       total 161280K, used 35463K [0x00000006c1800000, 0x00000006cb580000, 0x00000007b9c00000)
  object space 161280K, 21% used [0x00000006c1800000,0x00000006c3aa1e80,0x00000006cb580000)
 Metaspace       used 2707K, capacity 4486K, committed 4864K, reserved 1056768K
  class space    used 302K, capacity 386K, committed 512K, reserved 1048576K
}
{Heap before GC invocations=114 (full 1):
 PSYoungGen      total 69120K, used 68736K [0x00000007b9c00000, 0x00000007c0000000, 0x00000007c0000000)
  eden space 35840K, 100% used [0x00000007b9c00000,0x00000007bbf00000,0x00000007bbf00000)
  from space 33280K, 98% used [0x00000007bdf80000,0x00000007bffa0000,0x00000007c0000000)
  to   space 33280K, 0% used [0x00000007bbf00000,0x00000007bbf00000,0x00000007bdf80000)
 ParOldGen       total 161280K, used 35463K [0x00000006c1800000, 0x00000006cb580000, 0x00000007b9c00000)
  object space 161280K, 21% used [0x00000006c1800000,0x00000006c3aa1e80,0x00000006cb580000)
 Metaspace       used 2707K, capacity 4486K, committed 4864K, reserved 1056768K
  class space    used 302K, capacity 386K, committed 512K, reserved 1048576K
[GC (Allocation Failure)  104199K->68359K(230400K), 0.0389045 secs]
Heap after GC invocations=114 (full 1):
 PSYoungGen      total 69120K, used 32896K [0x00000007b9c00000, 0x00000007c0000000, 0x00000007c0000000)
  eden space 35840K, 0% used [0x00000007b9c00000,0x00000007b9c00000,0x00000007bbf00000)
  from space 33280K, 98% used [0x00000007bbf00000,0x00000007bdf20000,0x00000007bdf80000)
  to   space 33280K, 0% used [0x00000007bdf80000,0x00000007bdf80000,0x00000007c0000000)
 ParOldGen       total 161280K, used 35463K [0x00000006c1800000, 0x00000006cb580000, 0x00000007b9c00000)
  object space 161280K, 21% used [0x00000006c1800000,0x00000006c3aa1e80,0x00000006cb580000)
 Metaspace       used 2707K, capacity 4486K, committed 4864K, reserved 1056768K
  class space    used 302K, capacity 386K, committed 512K, reserved 1048576K
}
{Heap before GC invocations=115 (full 1):
 PSYoungGen      total 69120K, used 68736K [0x00000007b9c00000, 0x00000007c0000000, 0x00000007c0000000)
  eden space 35840K, 100% used [0x00000007b9c00000,0x00000007bbf00000,0x00000007bbf00000)
  from space 33280K, 98% used [0x00000007bbf00000,0x00000007bdf20000,0x00000007bdf80000)
  to   space 33280K, 0% used [0x00000007bdf80000,0x00000007bdf80000,0x00000007c0000000)
 ParOldGen       total 161280K, used 35463K [0x00000006c1800000, 0x00000006cb580000, 0x00000007b9c00000)
  object space 161280K, 21% used [0x00000006c1800000,0x00000006c3aa1e80,0x00000006cb580000)
 Metaspace       used 2707K, capacity 4486K, committed 4864K, reserved 1056768K
  class space    used 302K, capacity 386K, committed 512K, reserved 1048576K
[GC (Allocation Failure)  104199K->68359K(230400K), 0.0458382 secs]
Heap after GC invocations=115 (full 1):
 PSYoungGen      total 69120K, used 32896K [0x00000007b9c00000, 0x00000007c0000000, 0x00000007c0000000)
  eden space 35840K, 0% used [0x00000007b9c00000,0x00000007b9c00000,0x00000007bbf00000)
  from space 33280K, 98% used [0x00000007bdf80000,0x00000007bffa0000,0x00000007c0000000)
  to   space 33280K, 0% used [0x00000007bbf00000,0x00000007bbf00000,0x00000007bdf80000)
 ParOldGen       total 161280K, used 35463K [0x00000006c1800000, 0x00000006cb580000, 0x00000007b9c00000)
  object space 161280K, 21% used [0x00000006c1800000,0x00000006c3aa1e80,0x00000006cb580000)
 Metaspace       used 2707K, capacity 4486K, committed 4864K, reserved 1056768K
  class space    used 302K, capacity 386K, committed 512K, reserved 1048576K
}
{Heap before GC invocations=116 (full 1):
 PSYoungGen      total 69120K, used 68736K [0x00000007b9c00000, 0x00000007c0000000, 0x00000007c0000000)
  eden space 35840K, 100% used [0x00000007b9c00000,0x00000007bbf00000,0x00000007bbf00000)
  from space 33280K, 98% used [0x00000007bdf80000,0x00000007bffa0000,0x00000007c0000000)
  to   space 33280K, 0% used [0x00000007bbf00000,0x00000007bbf00000,0x00000007bdf80000)
 ParOldGen       total 161280K, used 35463K [0x00000006c1800000, 0x00000006cb580000, 0x00000007b9c00000)
  object space 161280K, 21% used [0x00000006c1800000,0x00000006c3aa1e80,0x00000006cb580000)
 Metaspace       used 2707K, capacity 4486K, committed 4864K, reserved 1056768K
  class space    used 302K, capacity 386K, committed 512K, reserved 1048576K
[GC (Allocation Failure)  104199K->68359K(230400K), 0.0391394 secs]
Heap after GC invocations=116 (full 1):
 PSYoungGen      total 69120K, used 32896K [0x00000007b9c00000, 0x00000007c0000000, 0x00000007c0000000)
  eden space 35840K, 0% used [0x00000007b9c00000,0x00000007b9c00000,0x00000007bbf00000)
  from space 33280K, 98% used [0x00000007bbf00000,0x00000007bdf20000,0x00000007bdf80000)
  to   space 33280K, 0% used [0x00000007bdf80000,0x00000007bdf80000,0x00000007c0000000)
 ParOldGen       total 161280K, used 35463K [0x00000006c1800000, 0x00000006cb580000, 0x00000007b9c00000)
  object space 161280K, 21% used [0x00000006c1800000,0x00000006c3aa1e80,0x00000006cb580000)
 Metaspace       used 2707K, capacity 4486K, committed 4864K, reserved 1056768K
  class space    used 302K, capacity 386K, committed 512K, reserved 1048576K
}
{Heap before GC invocations=117 (full 1):
 PSYoungGen      total 69120K, used 68736K [0x00000007b9c00000, 0x00000007c0000000, 0x00000007c0000000)
  eden space 35840K, 100% used [0x00000007b9c00000,0x00000007bbf00000,0x00000007bbf00000)
  from space 33280K, 98% used [0x00000007bbf00000,0x00000007bdf20000,0x00000007bdf80000)
  to   space 33280K, 0% used [0x00000007bdf80000,0x00000007bdf80000,0x00000007c0000000)
 ParOldGen       total 161280K, used 35463K [0x00000006c1800000, 0x00000006cb580000, 0x00000007b9c00000)
  object space 161280K, 21% used [0x00000006c1800000,0x00000006c3aa1e80,0x00000006cb580000)
 Metaspace       used 2707K, capacity 4486K, committed 4864K, reserved 1056768K
  class space    used 302K, capacity 386K, committed 512K, reserved 1048576K
[GC (Allocation Failure)  104199K->68391K(230400K), 0.0395818 secs]
Heap after GC invocations=117 (full 1):
 PSYoungGen      total 69120K, used 32928K [0x00000007b9c00000, 0x00000007c0000000, 0x00000007c0000000)
  eden space 35840K, 0% used [0x00000007b9c00000,0x00000007b9c00000,0x00000007bbf00000)
  from space 33280K, 98% used [0x00000007bdf80000,0x00000007bffa8000,0x00000007c0000000)
  to   space 33280K, 0% used [0x00000007bbf00000,0x00000007bbf00000,0x00000007bdf80000)
 ParOldGen       total 161280K, used 35463K [0x00000006c1800000, 0x00000006cb580000, 0x00000007b9c00000)
  object space 161280K, 21% used [0x00000006c1800000,0x00000006c3aa1e80,0x00000006cb580000)
 Metaspace       used 2707K, capacity 4486K, committed 4864K, reserved 1056768K
  class space    used 302K, capacity 386K, committed 512K, reserved 1048576K
}
{Heap before GC invocations=118 (full 1):
 PSYoungGen      total 69120K, used 68768K [0x00000007b9c00000, 0x00000007c0000000, 0x00000007c0000000)
  eden space 35840K, 100% used [0x00000007b9c00000,0x00000007bbf00000,0x00000007bbf00000)
  from space 33280K, 98% used [0x00000007bdf80000,0x00000007bffa8000,0x00000007c0000000)
  to   space 33280K, 0% used [0x00000007bbf00000,0x00000007bbf00000,0x00000007bdf80000)
 ParOldGen       total 161280K, used 35463K [0x00000006c1800000, 0x00000006cb580000, 0x00000007b9c00000)
  object space 161280K, 21% used [0x00000006c1800000,0x00000006c3aa1e80,0x00000006cb580000)
 Metaspace       used 2707K, capacity 4486K, committed 4864K, reserved 1056768K
  class space    used 302K, capacity 386K, committed 512K, reserved 1048576K
[GC (Allocation Failure)  104231K->68359K(230400K), 0.0328283 secs]
Heap after GC invocations=118 (full 1):
 PSYoungGen      total 69120K, used 32896K [0x00000007b9c00000, 0x00000007c0000000, 0x00000007c0000000)
  eden space 35840K, 0% used [0x00000007b9c00000,0x00000007b9c00000,0x00000007bbf00000)
  from space 33280K, 98% used [0x00000007bbf00000,0x00000007bdf20000,0x00000007bdf80000)
  to   space 33280K, 0% used [0x00000007bdf80000,0x00000007bdf80000,0x00000007c0000000)
 ParOldGen       total 161280K, used 35463K [0x00000006c1800000, 0x00000006cb580000, 0x00000007b9c00000)
  object space 161280K, 21% used [0x00000006c1800000,0x00000006c3aa1e80,0x00000006cb580000)
 Metaspace       used 2707K, capacity 4486K, committed 4864K, reserved 1056768K
  class space    used 302K, capacity 386K, committed 512K, reserved 1048576K
}
{Heap before GC invocations=119 (full 1):
 PSYoungGen      total 69120K, used 68736K [0x00000007b9c00000, 0x00000007c0000000, 0x00000007c0000000)
  eden space 35840K, 100% used [0x00000007b9c00000,0x00000007bbf00000,0x00000007bbf00000)
  from space 33280K, 98% used [0x00000007bbf00000,0x00000007bdf20000,0x00000007bdf80000)
  to   space 33280K, 0% used [0x00000007bdf80000,0x00000007bdf80000,0x00000007c0000000)
 ParOldGen       total 161280K, used 35463K [0x00000006c1800000, 0x00000006cb580000, 0x00000007b9c00000)
  object space 161280K, 21% used [0x00000006c1800000,0x00000006c3aa1e80,0x00000006cb580000)
 Metaspace       used 2707K, capacity 4486K, committed 4864K, reserved 1056768K
  class space    used 302K, capacity 386K, committed 512K, reserved 1048576K
[GC (Allocation Failure)  104199K->68327K(230400K), 0.0426431 secs]
Heap after GC invocations=119 (full 1):
 PSYoungGen      total 69120K, used 32864K [0x00000007b9c00000, 0x00000007c0000000, 0x00000007c0000000)
  eden space 35840K, 0% used [0x00000007b9c00000,0x00000007b9c00000,0x00000007bbf00000)
  from space 33280K, 98% used [0x00000007bdf80000,0x00000007bff98000,0x00000007c0000000)
  to   space 33280K, 0% used [0x00000007bbf00000,0x00000007bbf00000,0x00000007bdf80000)
 ParOldGen       total 161280K, used 35463K [0x00000006c1800000, 0x00000006cb580000, 0x00000007b9c00000)
  object space 161280K, 21% used [0x00000006c1800000,0x00000006c3aa1e80,0x00000006cb580000)
 Metaspace       used 2707K, capacity 4486K, committed 4864K, reserved 1056768K
  class space    used 302K, capacity 386K, committed 512K, reserved 1048576K
}
{Heap before GC invocations=120 (full 1):
 PSYoungGen      total 69120K, used 68704K [0x00000007b9c00000, 0x00000007c0000000, 0x00000007c0000000)
  eden space 35840K, 100% used [0x00000007b9c00000,0x00000007bbf00000,0x00000007bbf00000)
  from space 33280K, 98% used [0x00000007bdf80000,0x00000007bff98000,0x00000007c0000000)
  to   space 33280K, 0% used [0x00000007bbf00000,0x00000007bbf00000,0x00000007bdf80000)
 ParOldGen       total 161280K, used 35463K [0x00000006c1800000, 0x00000006cb580000, 0x00000007b9c00000)
  object space 161280K, 21% used [0x00000006c1800000,0x00000006c3aa1e80,0x00000006cb580000)
 Metaspace       used 2707K, capacity 4486K, committed 4864K, reserved 1056768K
  class space    used 302K, capacity 386K, committed 512K, reserved 1048576K
[GC (Allocation Failure)  104167K->68359K(230400K), 0.0390372 secs]
Heap after GC invocations=120 (full 1):
 PSYoungGen      total 69120K, used 32896K [0x00000007b9c00000, 0x00000007c0000000, 0x00000007c0000000)
  eden space 35840K, 0% used [0x00000007b9c00000,0x00000007b9c00000,0x00000007bbf00000)
  from space 33280K, 98% used [0x00000007bbf00000,0x00000007bdf20000,0x00000007bdf80000)
  to   space 33280K, 0% used [0x00000007bdf80000,0x00000007bdf80000,0x00000007c0000000)
 ParOldGen       total 161280K, used 35463K [0x00000006c1800000, 0x00000006cb580000, 0x00000007b9c00000)
  object space 161280K, 21% used [0x00000006c1800000,0x00000006c3aa1e80,0x00000006cb580000)
 Metaspace       used 2707K, capacity 4486K, committed 4864K, reserved 1056768K
  class space    used 302K, capacity 386K, committed 512K, reserved 1048576K
}
{Heap before GC invocations=121 (full 1):
 PSYoungGen      total 69120K, used 68736K [0x00000007b9c00000, 0x00000007c0000000, 0x00000007c0000000)
  eden space 35840K, 100% used [0x00000007b9c00000,0x00000007bbf00000,0x00000007bbf00000)
  from space 33280K, 98% used [0x00000007bbf00000,0x00000007bdf20000,0x00000007bdf80000)
  to   space 33280K, 0% used [0x00000007bdf80000,0x00000007bdf80000,0x00000007c0000000)
 ParOldGen       total 161280K, used 35463K [0x00000006c1800000, 0x00000006cb580000, 0x00000007b9c00000)
  object space 161280K, 21% used [0x00000006c1800000,0x00000006c3aa1e80,0x00000006cb580000)
 Metaspace       used 2707K, capacity 4486K, committed 4864K, reserved 1056768K
  class space    used 302K, capacity 386K, committed 512K, reserved 1048576K
[GC (Allocation Failure)  104199K->68327K(230400K), 0.0446876 secs]
Heap after GC invocations=121 (full 1):
 PSYoungGen      total 69120K, used 32864K [0x00000007b9c00000, 0x00000007c0000000, 0x00000007c0000000)
  eden space 35840K, 0% used [0x00000007b9c00000,0x00000007b9c00000,0x00000007bbf00000)
  from space 33280K, 98% used [0x00000007bdf80000,0x00000007bff98000,0x00000007c0000000)
  to   space 33280K, 0% used [0x00000007bbf00000,0x00000007bbf00000,0x00000007bdf80000)
 ParOldGen       total 161280K, used 35463K [0x00000006c1800000, 0x00000006cb580000, 0x00000007b9c00000)
  object space 161280K, 21% used [0x00000006c1800000,0x00000006c3aa1e80,0x00000006cb580000)
 Metaspace       used 2707K, capacity 4486K, committed 4864K, reserved 1056768K
  class space    used 302K, capacity 386K, committed 512K, reserved 1048576K
}
{Heap before GC invocations=122 (full 1):
 PSYoungGen      total 69120K, used 68704K [0x00000007b9c00000, 0x00000007c0000000, 0x00000007c0000000)
  eden space 35840K, 100% used [0x00000007b9c00000,0x00000007bbf00000,0x00000007bbf00000)
  from space 33280K, 98% used [0x00000007bdf80000,0x00000007bff98000,0x00000007c0000000)
  to   space 33280K, 0% used [0x00000007bbf00000,0x00000007bbf00000,0x00000007bdf80000)
 ParOldGen       total 161280K, used 35463K [0x00000006c1800000, 0x00000006cb580000, 0x00000007b9c00000)
  object space 161280K, 21% used [0x00000006c1800000,0x00000006c3aa1e80,0x00000006cb580000)
 Metaspace       used 2707K, capacity 4486K, committed 4864K, reserved 1056768K
  class space    used 302K, capacity 386K, committed 512K, reserved 1048576K
[GC (Allocation Failure)  104167K->68359K(230400K), 0.0393394 secs]
Heap after GC invocations=122 (full 1):
 PSYoungGen      total 69120K, used 32896K [0x00000007b9c00000, 0x00000007c0000000, 0x00000007c0000000)
  eden space 35840K, 0% used [0x00000007b9c00000,0x00000007b9c00000,0x00000007bbf00000)
  from space 33280K, 98% used [0x00000007bbf00000,0x00000007bdf20000,0x00000007bdf80000)
  to   space 33280K, 0% used [0x00000007bdf80000,0x00000007bdf80000,0x00000007c0000000)
 ParOldGen       total 161280K, used 35463K [0x00000006c1800000, 0x00000006cb580000, 0x00000007b9c00000)
  object space 161280K, 21% used [0x00000006c1800000,0x00000006c3aa1e80,0x00000006cb580000)
 Metaspace       used 2707K, capacity 4486K, committed 4864K, reserved 1056768K
  class space    used 302K, capacity 386K, committed 512K, reserved 1048576K
}
{Heap before GC invocations=123 (full 1):
 PSYoungGen      total 69120K, used 68736K [0x00000007b9c00000, 0x00000007c0000000, 0x00000007c0000000)
  eden space 35840K, 100% used [0x00000007b9c00000,0x00000007bbf00000,0x00000007bbf00000)
  from space 33280K, 98% used [0x00000007bbf00000,0x00000007bdf20000,0x00000007bdf80000)
  to   space 33280K, 0% used [0x00000007bdf80000,0x00000007bdf80000,0x00000007c0000000)
 ParOldGen       total 161280K, used 35463K [0x00000006c1800000, 0x00000006cb580000, 0x00000007b9c00000)
  object space 161280K, 21% used [0x00000006c1800000,0x00000006c3aa1e80,0x00000006cb580000)
 Metaspace       used 2707K, capacity 4486K, committed 4864K, reserved 1056768K
  class space    used 302K, capacity 386K, committed 512K, reserved 1048576K
[GC (Allocation Failure)  104199K->68359K(230400K), 0.0356154 secs]
Heap after GC invocations=123 (full 1):
 PSYoungGen      total 69120K, used 32896K [0x00000007b9c00000, 0x00000007c0000000, 0x00000007c0000000)
  eden space 35840K, 0% used [0x00000007b9c00000,0x00000007b9c00000,0x00000007bbf00000)
  from space 33280K, 98% used [0x00000007bdf80000,0x00000007bffa0000,0x00000007c0000000)
  to   space 33280K, 0% used [0x00000007bbf00000,0x00000007bbf00000,0x00000007bdf80000)
 ParOldGen       total 161280K, used 35463K [0x00000006c1800000, 0x00000006cb580000, 0x00000007b9c00000)
  object space 161280K, 21% used [0x00000006c1800000,0x00000006c3aa1e80,0x00000006cb580000)
 Metaspace       used 2707K, capacity 4486K, committed 4864K, reserved 1056768K
  class space    used 302K, capacity 386K, committed 512K, reserved 1048576K
}
{Heap before GC invocations=124 (full 1):
 PSYoungGen      total 69120K, used 68736K [0x00000007b9c00000, 0x00000007c0000000, 0x00000007c0000000)
  eden space 35840K, 100% used [0x00000007b9c00000,0x00000007bbf00000,0x00000007bbf00000)
  from space 33280K, 98% used [0x00000007bdf80000,0x00000007bffa0000,0x00000007c0000000)
  to   space 33280K, 0% used [0x00000007bbf00000,0x00000007bbf00000,0x00000007bdf80000)
 ParOldGen       total 161280K, used 35463K [0x00000006c1800000, 0x00000006cb580000, 0x00000007b9c00000)
  object space 161280K, 21% used [0x00000006c1800000,0x00000006c3aa1e80,0x00000006cb580000)
 Metaspace       used 2707K, capacity 4486K, committed 4864K, reserved 1056768K
  class space    used 302K, capacity 386K, committed 512K, reserved 1048576K
[GC (Allocation Failure)  104199K->68359K(230400K), 0.0322061 secs]
Heap after GC invocations=124 (full 1):
 PSYoungGen      total 69120K, used 32896K [0x00000007b9c00000, 0x00000007c0000000, 0x00000007c0000000)
  eden space 35840K, 0% used [0x00000007b9c00000,0x00000007b9c00000,0x00000007bbf00000)
  from space 33280K, 98% used [0x00000007bbf00000,0x00000007bdf20000,0x00000007bdf80000)
  to   space 33280K, 0% used [0x00000007bdf80000,0x00000007bdf80000,0x00000007c0000000)
 ParOldGen       total 161280K, used 35463K [0x00000006c1800000, 0x00000006cb580000, 0x00000007b9c00000)
  object space 161280K, 21% used [0x00000006c1800000,0x00000006c3aa1e80,0x00000006cb580000)
 Metaspace       used 2707K, capacity 4486K, committed 4864K, reserved 1056768K
  class space    used 302K, capacity 386K, committed 512K, reserved 1048576K
}
{Heap before GC invocations=125 (full 1):
 PSYoungGen      total 69120K, used 68736K [0x00000007b9c00000, 0x00000007c0000000, 0x00000007c0000000)
  eden space 35840K, 100% used [0x00000007b9c00000,0x00000007bbf00000,0x00000007bbf00000)
  from space 33280K, 98% used [0x00000007bbf00000,0x00000007bdf20000,0x00000007bdf80000)
  to   space 33280K, 0% used [0x00000007bdf80000,0x00000007bdf80000,0x00000007c0000000)
 ParOldGen       total 161280K, used 35463K [0x00000006c1800000, 0x00000006cb580000, 0x00000007b9c00000)
  object space 161280K, 21% used [0x00000006c1800000,0x00000006c3aa1e80,0x00000006cb580000)
 Metaspace       used 2707K, capacity 4486K, committed 4864K, reserved 1056768K
  class space    used 302K, capacity 386K, committed 512K, reserved 1048576K
[GC (Allocation Failure)  104199K->68391K(230400K), 0.0339081 secs]
Heap after GC invocations=125 (full 1):
 PSYoungGen      total 69120K, used 32928K [0x00000007b9c00000, 0x00000007c0000000, 0x00000007c0000000)
  eden space 35840K, 0% used [0x00000007b9c00000,0x00000007b9c00000,0x00000007bbf00000)
  from space 33280K, 98% used [0x00000007bdf80000,0x00000007bffa8000,0x00000007c0000000)
  to   space 33280K, 0% used [0x00000007bbf00000,0x00000007bbf00000,0x00000007bdf80000)
 ParOldGen       total 161280K, used 35463K [0x00000006c1800000, 0x00000006cb580000, 0x00000007b9c00000)
  object space 161280K, 21% used [0x00000006c1800000,0x00000006c3aa1e80,0x00000006cb580000)
 Metaspace       used 2707K, capacity 4486K, committed 4864K, reserved 1056768K
  class space    used 302K, capacity 386K, committed 512K, reserved 1048576K
}
{Heap before GC invocations=126 (full 1):
 PSYoungGen      total 69120K, used 68768K [0x00000007b9c00000, 0x00000007c0000000, 0x00000007c0000000)
  eden space 35840K, 100% used [0x00000007b9c00000,0x00000007bbf00000,0x00000007bbf00000)
  from space 33280K, 98% used [0x00000007bdf80000,0x00000007bffa8000,0x00000007c0000000)
  to   space 33280K, 0% used [0x00000007bbf00000,0x00000007bbf00000,0x00000007bdf80000)
 ParOldGen       total 161280K, used 35463K [0x00000006c1800000, 0x00000006cb580000, 0x00000007b9c00000)
  object space 161280K, 21% used [0x00000006c1800000,0x00000006c3aa1e80,0x00000006cb580000)
 Metaspace       used 2707K, capacity 4486K, committed 4864K, reserved 1056768K
  class space    used 302K, capacity 386K, committed 512K, reserved 1048576K
[GC (Allocation Failure)  104231K->68359K(230400K), 0.0352901 secs]
Heap after GC invocations=126 (full 1):
 PSYoungGen      total 69120K, used 32896K [0x00000007b9c00000, 0x00000007c0000000, 0x00000007c0000000)
  eden space 35840K, 0% used [0x00000007b9c00000,0x00000007b9c00000,0x00000007bbf00000)
  from space 33280K, 98% used [0x00000007bbf00000,0x00000007bdf20000,0x00000007bdf80000)
  to   space 33280K, 0% used [0x00000007bdf80000,0x00000007bdf80000,0x00000007c0000000)
 ParOldGen       total 161280K, used 35463K [0x00000006c1800000, 0x00000006cb580000, 0x00000007b9c00000)
  object space 161280K, 21% used [0x00000006c1800000,0x00000006c3aa1e80,0x00000006cb580000)
 Metaspace       used 2707K, capacity 4486K, committed 4864K, reserved 1056768K
  class space    used 302K, capacity 386K, committed 512K, reserved 1048576K
}
{Heap before GC invocations=127 (full 1):
 PSYoungGen      total 69120K, used 68736K [0x00000007b9c00000, 0x00000007c0000000, 0x00000007c0000000)
  eden space 35840K, 100% used [0x00000007b9c00000,0x00000007bbf00000,0x00000007bbf00000)
  from space 33280K, 98% used [0x00000007bbf00000,0x00000007bdf20000,0x00000007bdf80000)
  to   space 33280K, 0% used [0x00000007bdf80000,0x00000007bdf80000,0x00000007c0000000)
 ParOldGen       total 161280K, used 35463K [0x00000006c1800000, 0x00000006cb580000, 0x00000007b9c00000)
  object space 161280K, 21% used [0x00000006c1800000,0x00000006c3aa1e80,0x00000006cb580000)
 Metaspace       used 2707K, capacity 4486K, committed 4864K, reserved 1056768K
  class space    used 302K, capacity 386K, committed 512K, reserved 1048576K
[GC (Allocation Failure)  104199K->68359K(230400K), 0.0462942 secs]
Heap after GC invocations=127 (full 1):
 PSYoungGen      total 69120K, used 32896K [0x00000007b9c00000, 0x00000007c0000000, 0x00000007c0000000)
  eden space 35840K, 0% used [0x00000007b9c00000,0x00000007b9c00000,0x00000007bbf00000)
  from space 33280K, 98% used [0x00000007bdf80000,0x00000007bffa0000,0x00000007c0000000)
  to   space 33280K, 0% used [0x00000007bbf00000,0x00000007bbf00000,0x00000007bdf80000)
 ParOldGen       total 161280K, used 35463K [0x00000006c1800000, 0x00000006cb580000, 0x00000007b9c00000)
  object space 161280K, 21% used [0x00000006c1800000,0x00000006c3aa1e80,0x00000006cb580000)
 Metaspace       used 2707K, capacity 4486K, committed 4864K, reserved 1056768K
  class space    used 302K, capacity 386K, committed 512K, reserved 1048576K
}
{Heap before GC invocations=128 (full 1):
 PSYoungGen      total 69120K, used 68736K [0x00000007b9c00000, 0x00000007c0000000, 0x00000007c0000000)
  eden space 35840K, 100% used [0x00000007b9c00000,0x00000007bbf00000,0x00000007bbf00000)
  from space 33280K, 98% used [0x00000007bdf80000,0x00000007bffa0000,0x00000007c0000000)
  to   space 33280K, 0% used [0x00000007bbf00000,0x00000007bbf00000,0x00000007bdf80000)
 ParOldGen       total 161280K, used 35463K [0x00000006c1800000, 0x00000006cb580000, 0x00000007b9c00000)
  object space 161280K, 21% used [0x00000006c1800000,0x00000006c3aa1e80,0x00000006cb580000)
 Metaspace       used 2707K, capacity 4486K, committed 4864K, reserved 1056768K
  class space    used 302K, capacity 386K, committed 512K, reserved 1048576K
[GC (Allocation Failure)  104199K->68359K(230400K), 0.0595483 secs]
Heap after GC invocations=128 (full 1):
 PSYoungGen      total 69120K, used 32896K [0x00000007b9c00000, 0x00000007c0000000, 0x00000007c0000000)
  eden space 35840K, 0% used [0x00000007b9c00000,0x00000007b9c00000,0x00000007bbf00000)
  from space 33280K, 98% used [0x00000007bbf00000,0x00000007bdf20000,0x00000007bdf80000)
  to   space 33280K, 0% used [0x00000007bdf80000,0x00000007bdf80000,0x00000007c0000000)
 ParOldGen       total 161280K, used 35463K [0x00000006c1800000, 0x00000006cb580000, 0x00000007b9c00000)
  object space 161280K, 21% used [0x00000006c1800000,0x00000006c3aa1e80,0x00000006cb580000)
 Metaspace       used 2707K, capacity 4486K, committed 4864K, reserved 1056768K
  class space    used 302K, capacity 386K, committed 512K, reserved 1048576K
}
{Heap before GC invocations=129 (full 1):
 PSYoungGen      total 69120K, used 68736K [0x00000007b9c00000, 0x00000007c0000000, 0x00000007c0000000)
  eden space 35840K, 100% used [0x00000007b9c00000,0x00000007bbf00000,0x00000007bbf00000)
  from space 33280K, 98% used [0x00000007bbf00000,0x00000007bdf20000,0x00000007bdf80000)
  to   space 33280K, 0% used [0x00000007bdf80000,0x00000007bdf80000,0x00000007c0000000)
 ParOldGen       total 161280K, used 35463K [0x00000006c1800000, 0x00000006cb580000, 0x00000007b9c00000)
  object space 161280K, 21% used [0x00000006c1800000,0x00000006c3aa1e80,0x00000006cb580000)
 Metaspace       used 2707K, capacity 4486K, committed 4864K, reserved 1056768K
  class space    used 302K, capacity 386K, committed 512K, reserved 1048576K
[GC (Allocation Failure)  104199K->68359K(230400K), 0.0399278 secs]
Heap after GC invocations=129 (full 1):
 PSYoungGen      total 69120K, used 32896K [0x00000007b9c00000, 0x00000007c0000000, 0x00000007c0000000)
  eden space 35840K, 0% used [0x00000007b9c00000,0x00000007b9c00000,0x00000007bbf00000)
  from space 33280K, 98% used [0x00000007bdf80000,0x00000007bffa0000,0x00000007c0000000)
  to   space 33280K, 0% used [0x00000007bbf00000,0x00000007bbf00000,0x00000007bdf80000)
 ParOldGen       total 161280K, used 35463K [0x00000006c1800000, 0x00000006cb580000, 0x00000007b9c00000)
  object space 161280K, 21% used [0x00000006c1800000,0x00000006c3aa1e80,0x00000006cb580000)
 Metaspace       used 2707K, capacity 4486K, committed 4864K, reserved 1056768K
  class space    used 302K, capacity 386K, committed 512K, reserved 1048576K
}
{Heap before GC invocations=130 (full 1):
 PSYoungGen      total 69120K, used 68736K [0x00000007b9c00000, 0x00000007c0000000, 0x00000007c0000000)
  eden space 35840K, 100% used [0x00000007b9c00000,0x00000007bbf00000,0x00000007bbf00000)
  from space 33280K, 98% used [0x00000007bdf80000,0x00000007bffa0000,0x00000007c0000000)
  to   space 33280K, 0% used [0x00000007bbf00000,0x00000007bbf00000,0x00000007bdf80000)
 ParOldGen       total 161280K, used 35463K [0x00000006c1800000, 0x00000006cb580000, 0x00000007b9c00000)
  object space 161280K, 21% used [0x00000006c1800000,0x00000006c3aa1e80,0x00000006cb580000)
 Metaspace       used 2707K, capacity 4486K, committed 4864K, reserved 1056768K
  class space    used 302K, capacity 386K, committed 512K, reserved 1048576K
[GC (Allocation Failure)  104199K->68359K(230400K), 0.0385346 secs]
Heap after GC invocations=130 (full 1):
 PSYoungGen      total 69120K, used 32896K [0x00000007b9c00000, 0x00000007c0000000, 0x00000007c0000000)
  eden space 35840K, 0% used [0x00000007b9c00000,0x00000007b9c00000,0x00000007bbf00000)
  from space 33280K, 98% used [0x00000007bbf00000,0x00000007bdf20000,0x00000007bdf80000)
  to   space 33280K, 0% used [0x00000007bdf80000,0x00000007bdf80000,0x00000007c0000000)
 ParOldGen       total 161280K, used 35463K [0x00000006c1800000, 0x00000006cb580000, 0x00000007b9c00000)
  object space 161280K, 21% used [0x00000006c1800000,0x00000006c3aa1e80,0x00000006cb580000)
 Metaspace       used 2707K, capacity 4486K, committed 4864K, reserved 1056768K
  class space    used 302K, capacity 386K, committed 512K, reserved 1048576K
}
{Heap before GC invocations=131 (full 1):
 PSYoungGen      total 69120K, used 68736K [0x00000007b9c00000, 0x00000007c0000000, 0x00000007c0000000)
  eden space 35840K, 100% used [0x00000007b9c00000,0x00000007bbf00000,0x00000007bbf00000)
  from space 33280K, 98% used [0x00000007bbf00000,0x00000007bdf20000,0x00000007bdf80000)
  to   space 33280K, 0% used [0x00000007bdf80000,0x00000007bdf80000,0x00000007c0000000)
 ParOldGen       total 161280K, used 35463K [0x00000006c1800000, 0x00000006cb580000, 0x00000007b9c00000)
  object space 161280K, 21% used [0x00000006c1800000,0x00000006c3aa1e80,0x00000006cb580000)
 Metaspace       used 2707K, capacity 4486K, committed 4864K, reserved 1056768K
  class space    used 302K, capacity 386K, committed 512K, reserved 1048576K
[GC (Allocation Failure)  104199K->68359K(230400K), 0.0341660 secs]
Heap after GC invocations=131 (full 1):
 PSYoungGen      total 69120K, used 32896K [0x00000007b9c00000, 0x00000007c0000000, 0x00000007c0000000)
  eden space 35840K, 0% used [0x00000007b9c00000,0x00000007b9c00000,0x00000007bbf00000)
  from space 33280K, 98% used [0x00000007bdf80000,0x00000007bffa0000,0x00000007c0000000)
  to   space 33280K, 0% used [0x00000007bbf00000,0x00000007bbf00000,0x00000007bdf80000)
 ParOldGen       total 161280K, used 35463K [0x00000006c1800000, 0x00000006cb580000, 0x00000007b9c00000)
  object space 161280K, 21% used [0x00000006c1800000,0x00000006c3aa1e80,0x00000006cb580000)
 Metaspace       used 2707K, capacity 4486K, committed 4864K, reserved 1056768K
  class space    used 302K, capacity 386K, committed 512K, reserved 1048576K
}
{Heap before GC invocations=132 (full 1):
 PSYoungGen      total 69120K, used 68736K [0x00000007b9c00000, 0x00000007c0000000, 0x00000007c0000000)
  eden space 35840K, 100% used [0x00000007b9c00000,0x00000007bbf00000,0x00000007bbf00000)
  from space 33280K, 98% used [0x00000007bdf80000,0x00000007bffa0000,0x00000007c0000000)
  to   space 33280K, 0% used [0x00000007bbf00000,0x00000007bbf00000,0x00000007bdf80000)
 ParOldGen       total 161280K, used 35463K [0x00000006c1800000, 0x00000006cb580000, 0x00000007b9c00000)
  object space 161280K, 21% used [0x00000006c1800000,0x00000006c3aa1e80,0x00000006cb580000)
 Metaspace       used 2707K, capacity 4486K, committed 4864K, reserved 1056768K
  class space    used 302K, capacity 386K, committed 512K, reserved 1048576K
[GC (Allocation Failure)  104199K->68359K(230400K), 0.0307068 secs]
Heap after GC invocations=132 (full 1):
 PSYoungGen      total 69120K, used 32896K [0x00000007b9c00000, 0x00000007c0000000, 0x00000007c0000000)
  eden space 35840K, 0% used [0x00000007b9c00000,0x00000007b9c00000,0x00000007bbf00000)
  from space 33280K, 98% used [0x00000007bbf00000,0x00000007bdf20000,0x00000007bdf80000)
  to   space 33280K, 0% used [0x00000007bdf80000,0x00000007bdf80000,0x00000007c0000000)
 ParOldGen       total 161280K, used 35463K [0x00000006c1800000, 0x00000006cb580000, 0x00000007b9c00000)
  object space 161280K, 21% used [0x00000006c1800000,0x00000006c3aa1e80,0x00000006cb580000)
 Metaspace       used 2707K, capacity 4486K, committed 4864K, reserved 1056768K
  class space    used 302K, capacity 386K, committed 512K, reserved 1048576K
}
{Heap before GC invocations=133 (full 1):
 PSYoungGen      total 69120K, used 68736K [0x00000007b9c00000, 0x00000007c0000000, 0x00000007c0000000)
  eden space 35840K, 100% used [0x00000007b9c00000,0x00000007bbf00000,0x00000007bbf00000)
  from space 33280K, 98% used [0x00000007bbf00000,0x00000007bdf20000,0x00000007bdf80000)
  to   space 33280K, 0% used [0x00000007bdf80000,0x00000007bdf80000,0x00000007c0000000)
 ParOldGen       total 161280K, used 35463K [0x00000006c1800000, 0x00000006cb580000, 0x00000007b9c00000)
  object space 161280K, 21% used [0x00000006c1800000,0x00000006c3aa1e80,0x00000006cb580000)
 Metaspace       used 2707K, capacity 4486K, committed 4864K, reserved 1056768K
  class space    used 302K, capacity 386K, committed 512K, reserved 1048576K
[GC (Allocation Failure)  104199K->68327K(230400K), 0.0391285 secs]
Heap after GC invocations=133 (full 1):
 PSYoungGen      total 69120K, used 32864K [0x00000007b9c00000, 0x00000007c0000000, 0x00000007c0000000)
  eden space 35840K, 0% used [0x00000007b9c00000,0x00000007b9c00000,0x00000007bbf00000)
  from space 33280K, 98% used [0x00000007bdf80000,0x00000007bff98000,0x00000007c0000000)
  to   space 33280K, 0% used [0x00000007bbf00000,0x00000007bbf00000,0x00000007bdf80000)
 ParOldGen       total 161280K, used 35463K [0x00000006c1800000, 0x00000006cb580000, 0x00000007b9c00000)
  object space 161280K, 21% used [0x00000006c1800000,0x00000006c3aa1e80,0x00000006cb580000)
 Metaspace       used 2707K, capacity 4486K, committed 4864K, reserved 1056768K
  class space    used 302K, capacity 386K, committed 512K, reserved 1048576K
}
{Heap before GC invocations=134 (full 1):
 PSYoungGen      total 69120K, used 68704K [0x00000007b9c00000, 0x00000007c0000000, 0x00000007c0000000)
  eden space 35840K, 100% used [0x00000007b9c00000,0x00000007bbf00000,0x00000007bbf00000)
  from space 33280K, 98% used [0x00000007bdf80000,0x00000007bff98000,0x00000007c0000000)
  to   space 33280K, 0% used [0x00000007bbf00000,0x00000007bbf00000,0x00000007bdf80000)
 ParOldGen       total 161280K, used 35463K [0x00000006c1800000, 0x00000006cb580000, 0x00000007b9c00000)
  object space 161280K, 21% used [0x00000006c1800000,0x00000006c3aa1e80,0x00000006cb580000)
 Metaspace       used 2707K, capacity 4486K, committed 4864K, reserved 1056768K
  class space    used 302K, capacity 386K, committed 512K, reserved 1048576K
[GC (Allocation Failure)  104167K->68391K(230400K), 0.0340975 secs]
Heap after GC invocations=134 (full 1):
 PSYoungGen      total 69120K, used 32928K [0x00000007b9c00000, 0x00000007c0000000, 0x00000007c0000000)
  eden space 35840K, 0% used [0x00000007b9c00000,0x00000007b9c00000,0x00000007bbf00000)
  from space 33280K, 98% used [0x00000007bbf00000,0x00000007bdf28000,0x00000007bdf80000)
  to   space 33280K, 0% used [0x00000007bdf80000,0x00000007bdf80000,0x00000007c0000000)
 ParOldGen       total 161280K, used 35463K [0x00000006c1800000, 0x00000006cb580000, 0x00000007b9c00000)
  object space 161280K, 21% used [0x00000006c1800000,0x00000006c3aa1e80,0x00000006cb580000)
 Metaspace       used 2707K, capacity 4486K, committed 4864K, reserved 1056768K
  class space    used 302K, capacity 386K, committed 512K, reserved 1048576K
}
{Heap before GC invocations=135 (full 1):
 PSYoungGen      total 69120K, used 68768K [0x00000007b9c00000, 0x00000007c0000000, 0x00000007c0000000)
  eden space 35840K, 100% used [0x00000007b9c00000,0x00000007bbf00000,0x00000007bbf00000)
  from space 33280K, 98% used [0x00000007bbf00000,0x00000007bdf28000,0x00000007bdf80000)
  to   space 33280K, 0% used [0x00000007bdf80000,0x00000007bdf80000,0x00000007c0000000)
 ParOldGen       total 161280K, used 35463K [0x00000006c1800000, 0x00000006cb580000, 0x00000007b9c00000)
  object space 161280K, 21% used [0x00000006c1800000,0x00000006c3aa1e80,0x00000006cb580000)
 Metaspace       used 2707K, capacity 4486K, committed 4864K, reserved 1056768K
  class space    used 302K, capacity 386K, committed 512K, reserved 1048576K
[GC (Allocation Failure)  104231K->68359K(230400K), 0.0391200 secs]
Heap after GC invocations=135 (full 1):
 PSYoungGen      total 69120K, used 32896K [0x00000007b9c00000, 0x00000007c0000000, 0x00000007c0000000)
  eden space 35840K, 0% used [0x00000007b9c00000,0x00000007b9c00000,0x00000007bbf00000)
  from space 33280K, 98% used [0x00000007bdf80000,0x00000007bffa0000,0x00000007c0000000)
  to   space 33280K, 0% used [0x00000007bbf00000,0x00000007bbf00000,0x00000007bdf80000)
 ParOldGen       total 161280K, used 35463K [0x00000006c1800000, 0x00000006cb580000, 0x00000007b9c00000)
  object space 161280K, 21% used [0x00000006c1800000,0x00000006c3aa1e80,0x00000006cb580000)
 Metaspace       used 2707K, capacity 4486K, committed 4864K, reserved 1056768K
  class space    used 302K, capacity 386K, committed 512K, reserved 1048576K
}
{Heap before GC invocations=136 (full 1):
 PSYoungGen      total 69120K, used 68736K [0x00000007b9c00000, 0x00000007c0000000, 0x00000007c0000000)
  eden space 35840K, 100% used [0x00000007b9c00000,0x00000007bbf00000,0x00000007bbf00000)
  from space 33280K, 98% used [0x00000007bdf80000,0x00000007bffa0000,0x00000007c0000000)
  to   space 33280K, 0% used [0x00000007bbf00000,0x00000007bbf00000,0x00000007bdf80000)
 ParOldGen       total 161280K, used 35463K [0x00000006c1800000, 0x00000006cb580000, 0x00000007b9c00000)
  object space 161280K, 21% used [0x00000006c1800000,0x00000006c3aa1e80,0x00000006cb580000)
 Metaspace       used 2707K, capacity 4486K, committed 4864K, reserved 1056768K
  class space    used 302K, capacity 386K, committed 512K, reserved 1048576K
[GC (Allocation Failure)  104199K->68359K(230400K), 0.0314948 secs]
Heap after GC invocations=136 (full 1):
 PSYoungGen      total 69120K, used 32896K [0x00000007b9c00000, 0x00000007c0000000, 0x00000007c0000000)
  eden space 35840K, 0% used [0x00000007b9c00000,0x00000007b9c00000,0x00000007bbf00000)
  from space 33280K, 98% used [0x00000007bbf00000,0x00000007bdf20000,0x00000007bdf80000)
  to   space 33280K, 0% used [0x00000007bdf80000,0x00000007bdf80000,0x00000007c0000000)
 ParOldGen       total 161280K, used 35463K [0x00000006c1800000, 0x00000006cb580000, 0x00000007b9c00000)
  object space 161280K, 21% used [0x00000006c1800000,0x00000006c3aa1e80,0x00000006cb580000)
 Metaspace       used 2707K, capacity 4486K, committed 4864K, reserved 1056768K
  class space    used 302K, capacity 386K, committed 512K, reserved 1048576K
}
{Heap before GC invocations=137 (full 1):
 PSYoungGen      total 69120K, used 68736K [0x00000007b9c00000, 0x00000007c0000000, 0x00000007c0000000)
  eden space 35840K, 100% used [0x00000007b9c00000,0x00000007bbf00000,0x00000007bbf00000)
  from space 33280K, 98% used [0x00000007bbf00000,0x00000007bdf20000,0x00000007bdf80000)
  to   space 33280K, 0% used [0x00000007bdf80000,0x00000007bdf80000,0x00000007c0000000)
 ParOldGen       total 161280K, used 35463K [0x00000006c1800000, 0x00000006cb580000, 0x00000007b9c00000)
  object space 161280K, 21% used [0x00000006c1800000,0x00000006c3aa1e80,0x00000006cb580000)
 Metaspace       used 2707K, capacity 4486K, committed 4864K, reserved 1056768K
  class space    used 302K, capacity 386K, committed 512K, reserved 1048576K
[GC (Allocation Failure)  104199K->68359K(230400K), 0.0312671 secs]
Heap after GC invocations=137 (full 1):
 PSYoungGen      total 69120K, used 32896K [0x00000007b9c00000, 0x00000007c0000000, 0x00000007c0000000)
  eden space 35840K, 0% used [0x00000007b9c00000,0x00000007b9c00000,0x00000007bbf00000)
  from space 33280K, 98% used [0x00000007bdf80000,0x00000007bffa0000,0x00000007c0000000)
  to   space 33280K, 0% used [0x00000007bbf00000,0x00000007bbf00000,0x00000007bdf80000)
 ParOldGen       total 161280K, used 35463K [0x00000006c1800000, 0x00000006cb580000, 0x00000007b9c00000)
  object space 161280K, 21% used [0x00000006c1800000,0x00000006c3aa1e80,0x00000006cb580000)
 Metaspace       used 2707K, capacity 4486K, committed 4864K, reserved 1056768K
  class space    used 302K, capacity 386K, committed 512K, reserved 1048576K
}
{Heap before GC invocations=138 (full 1):
 PSYoungGen      total 69120K, used 68736K [0x00000007b9c00000, 0x00000007c0000000, 0x00000007c0000000)
  eden space 35840K, 100% used [0x00000007b9c00000,0x00000007bbf00000,0x00000007bbf00000)
  from space 33280K, 98% used [0x00000007bdf80000,0x00000007bffa0000,0x00000007c0000000)
  to   space 33280K, 0% used [0x00000007bbf00000,0x00000007bbf00000,0x00000007bdf80000)
 ParOldGen       total 161280K, used 35463K [0x00000006c1800000, 0x00000006cb580000, 0x00000007b9c00000)
  object space 161280K, 21% used [0x00000006c1800000,0x00000006c3aa1e80,0x00000006cb580000)
 Metaspace       used 2707K, capacity 4486K, committed 4864K, reserved 1056768K
  class space    used 302K, capacity 386K, committed 512K, reserved 1048576K
[GC (Allocation Failure)  104199K->68359K(230400K), 0.0338852 secs]
Heap after GC invocations=138 (full 1):
 PSYoungGen      total 69120K, used 32896K [0x00000007b9c00000, 0x00000007c0000000, 0x00000007c0000000)
  eden space 35840K, 0% used [0x00000007b9c00000,0x00000007b9c00000,0x00000007bbf00000)
  from space 33280K, 98% used [0x00000007bbf00000,0x00000007bdf20000,0x00000007bdf80000)
  to   space 33280K, 0% used [0x00000007bdf80000,0x00000007bdf80000,0x00000007c0000000)
 ParOldGen       total 161280K, used 35463K [0x00000006c1800000, 0x00000006cb580000, 0x00000007b9c00000)
  object space 161280K, 21% used [0x00000006c1800000,0x00000006c3aa1e80,0x00000006cb580000)
 Metaspace       used 2707K, capacity 4486K, committed 4864K, reserved 1056768K
  class space    used 302K, capacity 386K, committed 512K, reserved 1048576K
}
{Heap before GC invocations=139 (full 1):
 PSYoungGen      total 69120K, used 68736K [0x00000007b9c00000, 0x00000007c0000000, 0x00000007c0000000)
  eden space 35840K, 100% used [0x00000007b9c00000,0x00000007bbf00000,0x00000007bbf00000)
  from space 33280K, 98% used [0x00000007bbf00000,0x00000007bdf20000,0x00000007bdf80000)
  to   space 33280K, 0% used [0x00000007bdf80000,0x00000007bdf80000,0x00000007c0000000)
 ParOldGen       total 161280K, used 35463K [0x00000006c1800000, 0x00000006cb580000, 0x00000007b9c00000)
  object space 161280K, 21% used [0x00000006c1800000,0x00000006c3aa1e80,0x00000006cb580000)
 Metaspace       used 2707K, capacity 4486K, committed 4864K, reserved 1056768K
  class space    used 302K, capacity 386K, committed 512K, reserved 1048576K
[GC (Allocation Failure)  104199K->68359K(230400K), 0.0315736 secs]
Heap after GC invocations=139 (full 1):
 PSYoungGen      total 69120K, used 32896K [0x00000007b9c00000, 0x00000007c0000000, 0x00000007c0000000)
  eden space 35840K, 0% used [0x00000007b9c00000,0x00000007b9c00000,0x00000007bbf00000)
  from space 33280K, 98% used [0x00000007bdf80000,0x00000007bffa0000,0x00000007c0000000)
  to   space 33280K, 0% used [0x00000007bbf00000,0x00000007bbf00000,0x00000007bdf80000)
 ParOldGen       total 161280K, used 35463K [0x00000006c1800000, 0x00000006cb580000, 0x00000007b9c00000)
  object space 161280K, 21% used [0x00000006c1800000,0x00000006c3aa1e80,0x00000006cb580000)
 Metaspace       used 2707K, capacity 4486K, committed 4864K, reserved 1056768K
  class space    used 302K, capacity 386K, committed 512K, reserved 1048576K
}
{Heap before GC invocations=140 (full 1):
 PSYoungGen      total 69120K, used 68736K [0x00000007b9c00000, 0x00000007c0000000, 0x00000007c0000000)
  eden space 35840K, 100% used [0x00000007b9c00000,0x00000007bbf00000,0x00000007bbf00000)
  from space 33280K, 98% used [0x00000007bdf80000,0x00000007bffa0000,0x00000007c0000000)
  to   space 33280K, 0% used [0x00000007bbf00000,0x00000007bbf00000,0x00000007bdf80000)
 ParOldGen       total 161280K, used 35463K [0x00000006c1800000, 0x00000006cb580000, 0x00000007b9c00000)
  object space 161280K, 21% used [0x00000006c1800000,0x00000006c3aa1e80,0x00000006cb580000)
 Metaspace       used 2707K, capacity 4486K, committed 4864K, reserved 1056768K
  class space    used 302K, capacity 386K, committed 512K, reserved 1048576K
[GC (Allocation Failure)  104199K->68359K(230400K), 0.0372222 secs]
Heap after GC invocations=140 (full 1):
 PSYoungGen      total 69120K, used 32896K [0x00000007b9c00000, 0x00000007c0000000, 0x00000007c0000000)
  eden space 35840K, 0% used [0x00000007b9c00000,0x00000007b9c00000,0x00000007bbf00000)
  from space 33280K, 98% used [0x00000007bbf00000,0x00000007bdf20000,0x00000007bdf80000)
  to   space 33280K, 0% used [0x00000007bdf80000,0x00000007bdf80000,0x00000007c0000000)
 ParOldGen       total 161280K, used 35463K [0x00000006c1800000, 0x00000006cb580000, 0x00000007b9c00000)
  object space 161280K, 21% used [0x00000006c1800000,0x00000006c3aa1e80,0x00000006cb580000)
 Metaspace       used 2707K, capacity 4486K, committed 4864K, reserved 1056768K
  class space    used 302K, capacity 386K, committed 512K, reserved 1048576K
}
{Heap before GC invocations=141 (full 1):
 PSYoungGen      total 69120K, used 68736K [0x00000007b9c00000, 0x00000007c0000000, 0x00000007c0000000)
  eden space 35840K, 100% used [0x00000007b9c00000,0x00000007bbf00000,0x00000007bbf00000)
  from space 33280K, 98% used [0x00000007bbf00000,0x00000007bdf20000,0x00000007bdf80000)
  to   space 33280K, 0% used [0x00000007bdf80000,0x00000007bdf80000,0x00000007c0000000)
 ParOldGen       total 161280K, used 35463K [0x00000006c1800000, 0x00000006cb580000, 0x00000007b9c00000)
  object space 161280K, 21% used [0x00000006c1800000,0x00000006c3aa1e80,0x00000006cb580000)
 Metaspace       used 2707K, capacity 4486K, committed 4864K, reserved 1056768K
  class space    used 302K, capacity 386K, committed 512K, reserved 1048576K
[GC (Allocation Failure)  104199K->68359K(230400K), 0.0374327 secs]
Heap after GC invocations=141 (full 1):
 PSYoungGen      total 69120K, used 32896K [0x00000007b9c00000, 0x00000007c0000000, 0x00000007c0000000)
  eden space 35840K, 0% used [0x00000007b9c00000,0x00000007b9c00000,0x00000007bbf00000)
  from space 33280K, 98% used [0x00000007bdf80000,0x00000007bffa0000,0x00000007c0000000)
  to   space 33280K, 0% used [0x00000007bbf00000,0x00000007bbf00000,0x00000007bdf80000)
 ParOldGen       total 161280K, used 35463K [0x00000006c1800000, 0x00000006cb580000, 0x00000007b9c00000)
  object space 161280K, 21% used [0x00000006c1800000,0x00000006c3aa1e80,0x00000006cb580000)
 Metaspace       used 2707K, capacity 4486K, committed 4864K, reserved 1056768K
  class space    used 302K, capacity 386K, committed 512K, reserved 1048576K
}
{Heap before GC invocations=142 (full 1):
 PSYoungGen      total 69120K, used 68736K [0x00000007b9c00000, 0x00000007c0000000, 0x00000007c0000000)
  eden space 35840K, 100% used [0x00000007b9c00000,0x00000007bbf00000,0x00000007bbf00000)
  from space 33280K, 98% used [0x00000007bdf80000,0x00000007bffa0000,0x00000007c0000000)
  to   space 33280K, 0% used [0x00000007bbf00000,0x00000007bbf00000,0x00000007bdf80000)
 ParOldGen       total 161280K, used 35463K [0x00000006c1800000, 0x00000006cb580000, 0x00000007b9c00000)
  object space 161280K, 21% used [0x00000006c1800000,0x00000006c3aa1e80,0x00000006cb580000)
 Metaspace       used 2707K, capacity 4486K, committed 4864K, reserved 1056768K
  class space    used 302K, capacity 386K, committed 512K, reserved 1048576K
[GC (Allocation Failure)  104199K->68359K(230400K), 0.0358823 secs]
Heap after GC invocations=142 (full 1):
 PSYoungGen      total 69120K, used 32896K [0x00000007b9c00000, 0x00000007c0000000, 0x00000007c0000000)
  eden space 35840K, 0% used [0x00000007b9c00000,0x00000007b9c00000,0x00000007bbf00000)
  from space 33280K, 98% used [0x00000007bbf00000,0x00000007bdf20000,0x00000007bdf80000)
  to   space 33280K, 0% used [0x00000007bdf80000,0x00000007bdf80000,0x00000007c0000000)
 ParOldGen       total 161280K, used 35463K [0x00000006c1800000, 0x00000006cb580000, 0x00000007b9c00000)
  object space 161280K, 21% used [0x00000006c1800000,0x00000006c3aa1e80,0x00000006cb580000)
 Metaspace       used 2707K, capacity 4486K, committed 4864K, reserved 1056768K
  class space    used 302K, capacity 386K, committed 512K, reserved 1048576K
}
{Heap before GC invocations=143 (full 1):
 PSYoungGen      total 69120K, used 68736K [0x00000007b9c00000, 0x00000007c0000000, 0x00000007c0000000)
  eden space 35840K, 100% used [0x00000007b9c00000,0x00000007bbf00000,0x00000007bbf00000)
  from space 33280K, 98% used [0x00000007bbf00000,0x00000007bdf20000,0x00000007bdf80000)
  to   space 33280K, 0% used [0x00000007bdf80000,0x00000007bdf80000,0x00000007c0000000)
 ParOldGen       total 161280K, used 35463K [0x00000006c1800000, 0x00000006cb580000, 0x00000007b9c00000)
  object space 161280K, 21% used [0x00000006c1800000,0x00000006c3aa1e80,0x00000006cb580000)
 Metaspace       used 2707K, capacity 4486K, committed 4864K, reserved 1056768K
  class space    used 302K, capacity 386K, committed 512K, reserved 1048576K
[GC (Allocation Failure)  104199K->68359K(230400K), 0.0328063 secs]
Heap after GC invocations=143 (full 1):
 PSYoungGen      total 69120K, used 32896K [0x00000007b9c00000, 0x00000007c0000000, 0x00000007c0000000)
  eden space 35840K, 0% used [0x00000007b9c00000,0x00000007b9c00000,0x00000007bbf00000)
  from space 33280K, 98% used [0x00000007bdf80000,0x00000007bffa0000,0x00000007c0000000)
  to   space 33280K, 0% used [0x00000007bbf00000,0x00000007bbf00000,0x00000007bdf80000)
 ParOldGen       total 161280K, used 35463K [0x00000006c1800000, 0x00000006cb580000, 0x00000007b9c00000)
  object space 161280K, 21% used [0x00000006c1800000,0x00000006c3aa1e80,0x00000006cb580000)
 Metaspace       used 2707K, capacity 4486K, committed 4864K, reserved 1056768K
  class space    used 302K, capacity 386K, committed 512K, reserved 1048576K
}
{Heap before GC invocations=144 (full 1):
 PSYoungGen      total 69120K, used 68736K [0x00000007b9c00000, 0x00000007c0000000, 0x00000007c0000000)
  eden space 35840K, 100% used [0x00000007b9c00000,0x00000007bbf00000,0x00000007bbf00000)
  from space 33280K, 98% used [0x00000007bdf80000,0x00000007bffa0000,0x00000007c0000000)
  to   space 33280K, 0% used [0x00000007bbf00000,0x00000007bbf00000,0x00000007bdf80000)
 ParOldGen       total 161280K, used 35463K [0x00000006c1800000, 0x00000006cb580000, 0x00000007b9c00000)
  object space 161280K, 21% used [0x00000006c1800000,0x00000006c3aa1e80,0x00000006cb580000)
 Metaspace       used 2707K, capacity 4486K, committed 4864K, reserved 1056768K
  class space    used 302K, capacity 386K, committed 512K, reserved 1048576K
[GC (Allocation Failure)  104199K->68359K(230400K), 0.0316291 secs]
Heap after GC invocations=144 (full 1):
 PSYoungGen      total 69120K, used 32896K [0x00000007b9c00000, 0x00000007c0000000, 0x00000007c0000000)
  eden space 35840K, 0% used [0x00000007b9c00000,0x00000007b9c00000,0x00000007bbf00000)
  from space 33280K, 98% used [0x00000007bbf00000,0x00000007bdf20000,0x00000007bdf80000)
  to   space 33280K, 0% used [0x00000007bdf80000,0x00000007bdf80000,0x00000007c0000000)
 ParOldGen       total 161280K, used 35463K [0x00000006c1800000, 0x00000006cb580000, 0x00000007b9c00000)
  object space 161280K, 21% used [0x00000006c1800000,0x00000006c3aa1e80,0x00000006cb580000)
 Metaspace       used 2707K, capacity 4486K, committed 4864K, reserved 1056768K
  class space    used 302K, capacity 386K, committed 512K, reserved 1048576K
}
{Heap before GC invocations=145 (full 1):
 PSYoungGen      total 69120K, used 68736K [0x00000007b9c00000, 0x00000007c0000000, 0x00000007c0000000)
  eden space 35840K, 100% used [0x00000007b9c00000,0x00000007bbf00000,0x00000007bbf00000)
  from space 33280K, 98% used [0x00000007bbf00000,0x00000007bdf20000,0x00000007bdf80000)
  to   space 33280K, 0% used [0x00000007bdf80000,0x00000007bdf80000,0x00000007c0000000)
 ParOldGen       total 161280K, used 35463K [0x00000006c1800000, 0x00000006cb580000, 0x00000007b9c00000)
  object space 161280K, 21% used [0x00000006c1800000,0x00000006c3aa1e80,0x00000006cb580000)
 Metaspace       used 2707K, capacity 4486K, committed 4864K, reserved 1056768K
  class space    used 302K, capacity 386K, committed 512K, reserved 1048576K
[GC (Allocation Failure)  104199K->68359K(230400K), 0.0286565 secs]
Heap after GC invocations=145 (full 1):
 PSYoungGen      total 69120K, used 32896K [0x00000007b9c00000, 0x00000007c0000000, 0x00000007c0000000)
  eden space 35840K, 0% used [0x00000007b9c00000,0x00000007b9c00000,0x00000007bbf00000)
  from space 33280K, 98% used [0x00000007bdf80000,0x00000007bffa0000,0x00000007c0000000)
  to   space 33280K, 0% used [0x00000007bbf00000,0x00000007bbf00000,0x00000007bdf80000)
 ParOldGen       total 161280K, used 35463K [0x00000006c1800000, 0x00000006cb580000, 0x00000007b9c00000)
  object space 161280K, 21% used [0x00000006c1800000,0x00000006c3aa1e80,0x00000006cb580000)
 Metaspace       used 2707K, capacity 4486K, committed 4864K, reserved 1056768K
  class space    used 302K, capacity 386K, committed 512K, reserved 1048576K
}
{Heap before GC invocations=146 (full 1):
 PSYoungGen      total 69120K, used 68736K [0x00000007b9c00000, 0x00000007c0000000, 0x00000007c0000000)
  eden space 35840K, 100% used [0x00000007b9c00000,0x00000007bbf00000,0x00000007bbf00000)
  from space 33280K, 98% used [0x00000007bdf80000,0x00000007bffa0000,0x00000007c0000000)
  to   space 33280K, 0% used [0x00000007bbf00000,0x00000007bbf00000,0x00000007bdf80000)
 ParOldGen       total 161280K, used 35463K [0x00000006c1800000, 0x00000006cb580000, 0x00000007b9c00000)
  object space 161280K, 21% used [0x00000006c1800000,0x00000006c3aa1e80,0x00000006cb580000)
 Metaspace       used 2707K, capacity 4486K, committed 4864K, reserved 1056768K
  class space    used 302K, capacity 386K, committed 512K, reserved 1048576K
[GC (Allocation Failure)  104199K->68359K(230400K), 0.0299313 secs]
Heap after GC invocations=146 (full 1):
 PSYoungGen      total 69120K, used 32896K [0x00000007b9c00000, 0x00000007c0000000, 0x00000007c0000000)
  eden space 35840K, 0% used [0x00000007b9c00000,0x00000007b9c00000,0x00000007bbf00000)
  from space 33280K, 98% used [0x00000007bbf00000,0x00000007bdf20000,0x00000007bdf80000)
  to   space 33280K, 0% used [0x00000007bdf80000,0x00000007bdf80000,0x00000007c0000000)
 ParOldGen       total 161280K, used 35463K [0x00000006c1800000, 0x00000006cb580000, 0x00000007b9c00000)
  object space 161280K, 21% used [0x00000006c1800000,0x00000006c3aa1e80,0x00000006cb580000)
 Metaspace       used 2707K, capacity 4486K, committed 4864K, reserved 1056768K
  class space    used 302K, capacity 386K, committed 512K, reserved 1048576K
}
{Heap before GC invocations=147 (full 1):
 PSYoungGen      total 69120K, used 68736K [0x00000007b9c00000, 0x00000007c0000000, 0x00000007c0000000)
  eden space 35840K, 100% used [0x00000007b9c00000,0x00000007bbf00000,0x00000007bbf00000)
  from space 33280K, 98% used [0x00000007bbf00000,0x00000007bdf20000,0x00000007bdf80000)
  to   space 33280K, 0% used [0x00000007bdf80000,0x00000007bdf80000,0x00000007c0000000)
 ParOldGen       total 161280K, used 35463K [0x00000006c1800000, 0x00000006cb580000, 0x00000007b9c00000)
  object space 161280K, 21% used [0x00000006c1800000,0x00000006c3aa1e80,0x00000006cb580000)
 Metaspace       used 2707K, capacity 4486K, committed 4864K, reserved 1056768K
  class space    used 302K, capacity 386K, committed 512K, reserved 1048576K
[GC (Allocation Failure)  104199K->68391K(230400K), 0.0336321 secs]
Heap after GC invocations=147 (full 1):
 PSYoungGen      total 69120K, used 32928K [0x00000007b9c00000, 0x00000007c0000000, 0x00000007c0000000)
  eden space 35840K, 0% used [0x00000007b9c00000,0x00000007b9c00000,0x00000007bbf00000)
  from space 33280K, 98% used [0x00000007bdf80000,0x00000007bffa8000,0x00000007c0000000)
  to   space 33280K, 0% used [0x00000007bbf00000,0x00000007bbf00000,0x00000007bdf80000)
 ParOldGen       total 161280K, used 35463K [0x00000006c1800000, 0x00000006cb580000, 0x00000007b9c00000)
  object space 161280K, 21% used [0x00000006c1800000,0x00000006c3aa1e80,0x00000006cb580000)
 Metaspace       used 2707K, capacity 4486K, committed 4864K, reserved 1056768K
  class space    used 302K, capacity 386K, committed 512K, reserved 1048576K
}
{Heap before GC invocations=148 (full 1):
 PSYoungGen      total 69120K, used 68768K [0x00000007b9c00000, 0x00000007c0000000, 0x00000007c0000000)
  eden space 35840K, 100% used [0x00000007b9c00000,0x00000007bbf00000,0x00000007bbf00000)
  from space 33280K, 98% used [0x00000007bdf80000,0x00000007bffa8000,0x00000007c0000000)
  to   space 33280K, 0% used [0x00000007bbf00000,0x00000007bbf00000,0x00000007bdf80000)
 ParOldGen       total 161280K, used 35463K [0x00000006c1800000, 0x00000006cb580000, 0x00000007b9c00000)
  object space 161280K, 21% used [0x00000006c1800000,0x00000006c3aa1e80,0x00000006cb580000)
 Metaspace       used 2707K, capacity 4486K, committed 4864K, reserved 1056768K
  class space    used 302K, capacity 386K, committed 512K, reserved 1048576K
[GC (Allocation Failure)  104231K->68359K(230400K), 0.0367827 secs]
Heap after GC invocations=148 (full 1):
 PSYoungGen      total 69120K, used 32896K [0x00000007b9c00000, 0x00000007c0000000, 0x00000007c0000000)
  eden space 35840K, 0% used [0x00000007b9c00000,0x00000007b9c00000,0x00000007bbf00000)
  from space 33280K, 98% used [0x00000007bbf00000,0x00000007bdf20000,0x00000007bdf80000)
  to   space 33280K, 0% used [0x00000007bdf80000,0x00000007bdf80000,0x00000007c0000000)
 ParOldGen       total 161280K, used 35463K [0x00000006c1800000, 0x00000006cb580000, 0x00000007b9c00000)
  object space 161280K, 21% used [0x00000006c1800000,0x00000006c3aa1e80,0x00000006cb580000)
 Metaspace       used 2707K, capacity 4486K, committed 4864K, reserved 1056768K
  class space    used 302K, capacity 386K, committed 512K, reserved 1048576K
}
{Heap before GC invocations=149 (full 1):
 PSYoungGen      total 69120K, used 68736K [0x00000007b9c00000, 0x00000007c0000000, 0x00000007c0000000)
  eden space 35840K, 100% used [0x00000007b9c00000,0x00000007bbf00000,0x00000007bbf00000)
  from space 33280K, 98% used [0x00000007bbf00000,0x00000007bdf20000,0x00000007bdf80000)
  to   space 33280K, 0% used [0x00000007bdf80000,0x00000007bdf80000,0x00000007c0000000)
 ParOldGen       total 161280K, used 35463K [0x00000006c1800000, 0x00000006cb580000, 0x00000007b9c00000)
  object space 161280K, 21% used [0x00000006c1800000,0x00000006c3aa1e80,0x00000006cb580000)
 Metaspace       used 2707K, capacity 4486K, committed 4864K, reserved 1056768K
  class space    used 302K, capacity 386K, committed 512K, reserved 1048576K
[GC (Allocation Failure)  104199K->68359K(230400K), 0.0380411 secs]
Heap after GC invocations=149 (full 1):
 PSYoungGen      total 69120K, used 32896K [0x00000007b9c00000, 0x00000007c0000000, 0x00000007c0000000)
  eden space 35840K, 0% used [0x00000007b9c00000,0x00000007b9c00000,0x00000007bbf00000)
  from space 33280K, 98% used [0x00000007bdf80000,0x00000007bffa0000,0x00000007c0000000)
  to   space 33280K, 0% used [0x00000007bbf00000,0x00000007bbf00000,0x00000007bdf80000)
 ParOldGen       total 161280K, used 35463K [0x00000006c1800000, 0x00000006cb580000, 0x00000007b9c00000)
  object space 161280K, 21% used [0x00000006c1800000,0x00000006c3aa1e80,0x00000006cb580000)
 Metaspace       used 2707K, capacity 4486K, committed 4864K, reserved 1056768K
  class space    used 302K, capacity 386K, committed 512K, reserved 1048576K
}
{Heap before GC invocations=150 (full 1):
 PSYoungGen      total 69120K, used 68736K [0x00000007b9c00000, 0x00000007c0000000, 0x00000007c0000000)
  eden space 35840K, 100% used [0x00000007b9c00000,0x00000007bbf00000,0x00000007bbf00000)
  from space 33280K, 98% used [0x00000007bdf80000,0x00000007bffa0000,0x00000007c0000000)
  to   space 33280K, 0% used [0x00000007bbf00000,0x00000007bbf00000,0x00000007bdf80000)
 ParOldGen       total 161280K, used 35463K [0x00000006c1800000, 0x00000006cb580000, 0x00000007b9c00000)
  object space 161280K, 21% used [0x00000006c1800000,0x00000006c3aa1e80,0x00000006cb580000)
 Metaspace       used 2707K, capacity 4486K, committed 4864K, reserved 1056768K
  class space    used 302K, capacity 386K, committed 512K, reserved 1048576K
[GC (Allocation Failure)  104199K->68359K(230400K), 0.0467374 secs]
Heap after GC invocations=150 (full 1):
 PSYoungGen      total 69120K, used 32896K [0x00000007b9c00000, 0x00000007c0000000, 0x00000007c0000000)
  eden space 35840K, 0% used [0x00000007b9c00000,0x00000007b9c00000,0x00000007bbf00000)
  from space 33280K, 98% used [0x00000007bbf00000,0x00000007bdf20000,0x00000007bdf80000)
  to   space 33280K, 0% used [0x00000007bdf80000,0x00000007bdf80000,0x00000007c0000000)
 ParOldGen       total 161280K, used 35463K [0x00000006c1800000, 0x00000006cb580000, 0x00000007b9c00000)
  object space 161280K, 21% used [0x00000006c1800000,0x00000006c3aa1e80,0x00000006cb580000)
 Metaspace       used 2707K, capacity 4486K, committed 4864K, reserved 1056768K
  class space    used 302K, capacity 386K, committed 512K, reserved 1048576K
}
{Heap before GC invocations=151 (full 1):
 PSYoungGen      total 69120K, used 68736K [0x00000007b9c00000, 0x00000007c0000000, 0x00000007c0000000)
  eden space 35840K, 100% used [0x00000007b9c00000,0x00000007bbf00000,0x00000007bbf00000)
  from space 33280K, 98% used [0x00000007bbf00000,0x00000007bdf20000,0x00000007bdf80000)
  to   space 33280K, 0% used [0x00000007bdf80000,0x00000007bdf80000,0x00000007c0000000)
 ParOldGen       total 161280K, used 35463K [0x00000006c1800000, 0x00000006cb580000, 0x00000007b9c00000)
  object space 161280K, 21% used [0x00000006c1800000,0x00000006c3aa1e80,0x00000006cb580000)
 Metaspace       used 2707K, capacity 4486K, committed 4864K, reserved 1056768K
  class space    used 302K, capacity 386K, committed 512K, reserved 1048576K
[GC (Allocation Failure)  104199K->68359K(230400K), 0.0352505 secs]
Heap after GC invocations=151 (full 1):
 PSYoungGen      total 69120K, used 32896K [0x00000007b9c00000, 0x00000007c0000000, 0x00000007c0000000)
  eden space 35840K, 0% used [0x00000007b9c00000,0x00000007b9c00000,0x00000007bbf00000)
  from space 33280K, 98% used [0x00000007bdf80000,0x00000007bffa0000,0x00000007c0000000)
  to   space 33280K, 0% used [0x00000007bbf00000,0x00000007bbf00000,0x00000007bdf80000)
 ParOldGen       total 161280K, used 35463K [0x00000006c1800000, 0x00000006cb580000, 0x00000007b9c00000)
  object space 161280K, 21% used [0x00000006c1800000,0x00000006c3aa1e80,0x00000006cb580000)
 Metaspace       used 2707K, capacity 4486K, committed 4864K, reserved 1056768K
  class space    used 302K, capacity 386K, committed 512K, reserved 1048576K
}
{Heap before GC invocations=152 (full 1):
 PSYoungGen      total 69120K, used 68736K [0x00000007b9c00000, 0x00000007c0000000, 0x00000007c0000000)
  eden space 35840K, 100% used [0x00000007b9c00000,0x00000007bbf00000,0x00000007bbf00000)
  from space 33280K, 98% used [0x00000007bdf80000,0x00000007bffa0000,0x00000007c0000000)
  to   space 33280K, 0% used [0x00000007bbf00000,0x00000007bbf00000,0x00000007bdf80000)
 ParOldGen       total 161280K, used 35463K [0x00000006c1800000, 0x00000006cb580000, 0x00000007b9c00000)
  object space 161280K, 21% used [0x00000006c1800000,0x00000006c3aa1e80,0x00000006cb580000)
 Metaspace       used 2707K, capacity 4486K, committed 4864K, reserved 1056768K
  class space    used 302K, capacity 386K, committed 512K, reserved 1048576K
[GC (Allocation Failure)  104199K->68359K(230400K), 0.0334856 secs]
Heap after GC invocations=152 (full 1):
 PSYoungGen      total 69120K, used 32896K [0x00000007b9c00000, 0x00000007c0000000, 0x00000007c0000000)
  eden space 35840K, 0% used [0x00000007b9c00000,0x00000007b9c00000,0x00000007bbf00000)
  from space 33280K, 98% used [0x00000007bbf00000,0x00000007bdf20000,0x00000007bdf80000)
  to   space 33280K, 0% used [0x00000007bdf80000,0x00000007bdf80000,0x00000007c0000000)
 ParOldGen       total 161280K, used 35463K [0x00000006c1800000, 0x00000006cb580000, 0x00000007b9c00000)
  object space 161280K, 21% used [0x00000006c1800000,0x00000006c3aa1e80,0x00000006cb580000)
 Metaspace       used 2707K, capacity 4486K, committed 4864K, reserved 1056768K
  class space    used 302K, capacity 386K, committed 512K, reserved 1048576K
}
{Heap before GC invocations=153 (full 1):
 PSYoungGen      total 69120K, used 68736K [0x00000007b9c00000, 0x00000007c0000000, 0x00000007c0000000)
  eden space 35840K, 100% used [0x00000007b9c00000,0x00000007bbf00000,0x00000007bbf00000)
  from space 33280K, 98% used [0x00000007bbf00000,0x00000007bdf20000,0x00000007bdf80000)
  to   space 33280K, 0% used [0x00000007bdf80000,0x00000007bdf80000,0x00000007c0000000)
 ParOldGen       total 161280K, used 35463K [0x00000006c1800000, 0x00000006cb580000, 0x00000007b9c00000)
  object space 161280K, 21% used [0x00000006c1800000,0x00000006c3aa1e80,0x00000006cb580000)
 Metaspace       used 2707K, capacity 4486K, committed 4864K, reserved 1056768K
  class space    used 302K, capacity 386K, committed 512K, reserved 1048576K
[GC (Allocation Failure)  104199K->68359K(230400K), 0.0321247 secs]
Heap after GC invocations=153 (full 1):
 PSYoungGen      total 69120K, used 32896K [0x00000007b9c00000, 0x00000007c0000000, 0x00000007c0000000)
  eden space 35840K, 0% used [0x00000007b9c00000,0x00000007b9c00000,0x00000007bbf00000)
  from space 33280K, 98% used [0x00000007bdf80000,0x00000007bffa0000,0x00000007c0000000)
  to   space 33280K, 0% used [0x00000007bbf00000,0x00000007bbf00000,0x00000007bdf80000)
 ParOldGen       total 161280K, used 35463K [0x00000006c1800000, 0x00000006cb580000, 0x00000007b9c00000)
  object space 161280K, 21% used [0x00000006c1800000,0x00000006c3aa1e80,0x00000006cb580000)
 Metaspace       used 2707K, capacity 4486K, committed 4864K, reserved 1056768K
  class space    used 302K, capacity 386K, committed 512K, reserved 1048576K
}
{Heap before GC invocations=154 (full 1):
 PSYoungGen      total 69120K, used 68736K [0x00000007b9c00000, 0x00000007c0000000, 0x00000007c0000000)
  eden space 35840K, 100% used [0x00000007b9c00000,0x00000007bbf00000,0x00000007bbf00000)
  from space 33280K, 98% used [0x00000007bdf80000,0x00000007bffa0000,0x00000007c0000000)
  to   space 33280K, 0% used [0x00000007bbf00000,0x00000007bbf00000,0x00000007bdf80000)
 ParOldGen       total 161280K, used 35463K [0x00000006c1800000, 0x00000006cb580000, 0x00000007b9c00000)
  object space 161280K, 21% used [0x00000006c1800000,0x00000006c3aa1e80,0x00000006cb580000)
 Metaspace       used 2707K, capacity 4486K, committed 4864K, reserved 1056768K
  class space    used 302K, capacity 386K, committed 512K, reserved 1048576K
[GC (Allocation Failure)  104199K->68359K(230400K), 0.0303640 secs]
Heap after GC invocations=154 (full 1):
 PSYoungGen      total 69120K, used 32896K [0x00000007b9c00000, 0x00000007c0000000, 0x00000007c0000000)
  eden space 35840K, 0% used [0x00000007b9c00000,0x00000007b9c00000,0x00000007bbf00000)
  from space 33280K, 98% used [0x00000007bbf00000,0x00000007bdf20000,0x00000007bdf80000)
  to   space 33280K, 0% used [0x00000007bdf80000,0x00000007bdf80000,0x00000007c0000000)
 ParOldGen       total 161280K, used 35463K [0x00000006c1800000, 0x00000006cb580000, 0x00000007b9c00000)
  object space 161280K, 21% used [0x00000006c1800000,0x00000006c3aa1e80,0x00000006cb580000)
 Metaspace       used 2707K, capacity 4486K, committed 4864K, reserved 1056768K
  class space    used 302K, capacity 386K, committed 512K, reserved 1048576K
}
{Heap before GC invocations=155 (full 1):
 PSYoungGen      total 69120K, used 68736K [0x00000007b9c00000, 0x00000007c0000000, 0x00000007c0000000)
  eden space 35840K, 100% used [0x00000007b9c00000,0x00000007bbf00000,0x00000007bbf00000)
  from space 33280K, 98% used [0x00000007bbf00000,0x00000007bdf20000,0x00000007bdf80000)
  to   space 33280K, 0% used [0x00000007bdf80000,0x00000007bdf80000,0x00000007c0000000)
 ParOldGen       total 161280K, used 35463K [0x00000006c1800000, 0x00000006cb580000, 0x00000007b9c00000)
  object space 161280K, 21% used [0x00000006c1800000,0x00000006c3aa1e80,0x00000006cb580000)
 Metaspace       used 2707K, capacity 4486K, committed 4864K, reserved 1056768K
  class space    used 302K, capacity 386K, committed 512K, reserved 1048576K
[GC (Allocation Failure)  104199K->68359K(230400K), 0.0323762 secs]
Heap after GC invocations=155 (full 1):
 PSYoungGen      total 69120K, used 32896K [0x00000007b9c00000, 0x00000007c0000000, 0x00000007c0000000)
  eden space 35840K, 0% used [0x00000007b9c00000,0x00000007b9c00000,0x00000007bbf00000)
  from space 33280K, 98% used [0x00000007bdf80000,0x00000007bffa0000,0x00000007c0000000)
  to   space 33280K, 0% used [0x00000007bbf00000,0x00000007bbf00000,0x00000007bdf80000)
 ParOldGen       total 161280K, used 35463K [0x00000006c1800000, 0x00000006cb580000, 0x00000007b9c00000)
  object space 161280K, 21% used [0x00000006c1800000,0x00000006c3aa1e80,0x00000006cb580000)
 Metaspace       used 2707K, capacity 4486K, committed 4864K, reserved 1056768K
  class space    used 302K, capacity 386K, committed 512K, reserved 1048576K
}
{Heap before GC invocations=156 (full 1):
 PSYoungGen      total 69120K, used 68736K [0x00000007b9c00000, 0x00000007c0000000, 0x00000007c0000000)
  eden space 35840K, 100% used [0x00000007b9c00000,0x00000007bbf00000,0x00000007bbf00000)
  from space 33280K, 98% used [0x00000007bdf80000,0x00000007bffa0000,0x00000007c0000000)
  to   space 33280K, 0% used [0x00000007bbf00000,0x00000007bbf00000,0x00000007bdf80000)
 ParOldGen       total 161280K, used 35463K [0x00000006c1800000, 0x00000006cb580000, 0x00000007b9c00000)
  object space 161280K, 21% used [0x00000006c1800000,0x00000006c3aa1e80,0x00000006cb580000)
 Metaspace       used 2707K, capacity 4486K, committed 4864K, reserved 1056768K
  class space    used 302K, capacity 386K, committed 512K, reserved 1048576K
[GC (Allocation Failure)  104199K->68359K(230400K), 0.0314648 secs]
Heap after GC invocations=156 (full 1):
 PSYoungGen      total 69120K, used 32896K [0x00000007b9c00000, 0x00000007c0000000, 0x00000007c0000000)
  eden space 35840K, 0% used [0x00000007b9c00000,0x00000007b9c00000,0x00000007bbf00000)
  from space 33280K, 98% used [0x00000007bbf00000,0x00000007bdf20000,0x00000007bdf80000)
  to   space 33280K, 0% used [0x00000007bdf80000,0x00000007bdf80000,0x00000007c0000000)
 ParOldGen       total 161280K, used 35463K [0x00000006c1800000, 0x00000006cb580000, 0x00000007b9c00000)
  object space 161280K, 21% used [0x00000006c1800000,0x00000006c3aa1e80,0x00000006cb580000)
 Metaspace       used 2707K, capacity 4486K, committed 4864K, reserved 1056768K
  class space    used 302K, capacity 386K, committed 512K, reserved 1048576K
}
{Heap before GC invocations=157 (full 1):
 PSYoungGen      total 69120K, used 68736K [0x00000007b9c00000, 0x00000007c0000000, 0x00000007c0000000)
  eden space 35840K, 100% used [0x00000007b9c00000,0x00000007bbf00000,0x00000007bbf00000)
  from space 33280K, 98% used [0x00000007bbf00000,0x00000007bdf20000,0x00000007bdf80000)
  to   space 33280K, 0% used [0x00000007bdf80000,0x00000007bdf80000,0x00000007c0000000)
 ParOldGen       total 161280K, used 35463K [0x00000006c1800000, 0x00000006cb580000, 0x00000007b9c00000)
  object space 161280K, 21% used [0x00000006c1800000,0x00000006c3aa1e80,0x00000006cb580000)
 Metaspace       used 2707K, capacity 4486K, committed 4864K, reserved 1056768K
  class space    used 302K, capacity 386K, committed 512K, reserved 1048576K
[GC (Allocation Failure)  104199K->68359K(230400K), 0.0349491 secs]
Heap after GC invocations=157 (full 1):
 PSYoungGen      total 69120K, used 32896K [0x00000007b9c00000, 0x00000007c0000000, 0x00000007c0000000)
  eden space 35840K, 0% used [0x00000007b9c00000,0x00000007b9c00000,0x00000007bbf00000)
  from space 33280K, 98% used [0x00000007bdf80000,0x00000007bffa0000,0x00000007c0000000)
  to   space 33280K, 0% used [0x00000007bbf00000,0x00000007bbf00000,0x00000007bdf80000)
 ParOldGen       total 161280K, used 35463K [0x00000006c1800000, 0x00000006cb580000, 0x00000007b9c00000)
  object space 161280K, 21% used [0x00000006c1800000,0x00000006c3aa1e80,0x00000006cb580000)
 Metaspace       used 2707K, capacity 4486K, committed 4864K, reserved 1056768K
  class space    used 302K, capacity 386K, committed 512K, reserved 1048576K
}
{Heap before GC invocations=158 (full 1):
 PSYoungGen      total 69120K, used 68736K [0x00000007b9c00000, 0x00000007c0000000, 0x00000007c0000000)
  eden space 35840K, 100% used [0x00000007b9c00000,0x00000007bbf00000,0x00000007bbf00000)
  from space 33280K, 98% used [0x00000007bdf80000,0x00000007bffa0000,0x00000007c0000000)
  to   space 33280K, 0% used [0x00000007bbf00000,0x00000007bbf00000,0x00000007bdf80000)
 ParOldGen       total 161280K, used 35463K [0x00000006c1800000, 0x00000006cb580000, 0x00000007b9c00000)
  object space 161280K, 21% used [0x00000006c1800000,0x00000006c3aa1e80,0x00000006cb580000)
 Metaspace       used 2707K, capacity 4486K, committed 4864K, reserved 1056768K
  class space    used 302K, capacity 386K, committed 512K, reserved 1048576K
[GC (Allocation Failure)  104199K->68359K(230400K), 0.0305607 secs]
Heap after GC invocations=158 (full 1):
 PSYoungGen      total 69120K, used 32896K [0x00000007b9c00000, 0x00000007c0000000, 0x00000007c0000000)
  eden space 35840K, 0% used [0x00000007b9c00000,0x00000007b9c00000,0x00000007bbf00000)
  from space 33280K, 98% used [0x00000007bbf00000,0x00000007bdf20000,0x00000007bdf80000)
  to   space 33280K, 0% used [0x00000007bdf80000,0x00000007bdf80000,0x00000007c0000000)
 ParOldGen       total 161280K, used 35463K [0x00000006c1800000, 0x00000006cb580000, 0x00000007b9c00000)
  object space 161280K, 21% used [0x00000006c1800000,0x00000006c3aa1e80,0x00000006cb580000)
 Metaspace       used 2707K, capacity 4486K, committed 4864K, reserved 1056768K
  class space    used 302K, capacity 386K, committed 512K, reserved 1048576K
}
{Heap before GC invocations=159 (full 1):
 PSYoungGen      total 69120K, used 68736K [0x00000007b9c00000, 0x00000007c0000000, 0x00000007c0000000)
  eden space 35840K, 100% used [0x00000007b9c00000,0x00000007bbf00000,0x00000007bbf00000)
  from space 33280K, 98% used [0x00000007bbf00000,0x00000007bdf20000,0x00000007bdf80000)
  to   space 33280K, 0% used [0x00000007bdf80000,0x00000007bdf80000,0x00000007c0000000)
 ParOldGen       total 161280K, used 35463K [0x00000006c1800000, 0x00000006cb580000, 0x00000007b9c00000)
  object space 161280K, 21% used [0x00000006c1800000,0x00000006c3aa1e80,0x00000006cb580000)
 Metaspace       used 2707K, capacity 4486K, committed 4864K, reserved 1056768K
  class space    used 302K, capacity 386K, committed 512K, reserved 1048576K
[GC (Allocation Failure)  104199K->68359K(230400K), 0.0361666 secs]
Heap after GC invocations=159 (full 1):
 PSYoungGen      total 69120K, used 32896K [0x00000007b9c00000, 0x00000007c0000000, 0x00000007c0000000)
  eden space 35840K, 0% used [0x00000007b9c00000,0x00000007b9c00000,0x00000007bbf00000)
  from space 33280K, 98% used [0x00000007bdf80000,0x00000007bffa0000,0x00000007c0000000)
  to   space 33280K, 0% used [0x00000007bbf00000,0x00000007bbf00000,0x00000007bdf80000)
 ParOldGen       total 161280K, used 35463K [0x00000006c1800000, 0x00000006cb580000, 0x00000007b9c00000)
  object space 161280K, 21% used [0x00000006c1800000,0x00000006c3aa1e80,0x00000006cb580000)
 Metaspace       used 2707K, capacity 4486K, committed 4864K, reserved 1056768K
  class space    used 302K, capacity 386K, committed 512K, reserved 1048576K
}
{Heap before GC invocations=160 (full 1):
 PSYoungGen      total 69120K, used 68736K [0x00000007b9c00000, 0x00000007c0000000, 0x00000007c0000000)
  eden space 35840K, 100% used [0x00000007b9c00000,0x00000007bbf00000,0x00000007bbf00000)
  from space 33280K, 98% used [0x00000007bdf80000,0x00000007bffa0000,0x00000007c0000000)
  to   space 33280K, 0% used [0x00000007bbf00000,0x00000007bbf00000,0x00000007bdf80000)
 ParOldGen       total 161280K, used 35463K [0x00000006c1800000, 0x00000006cb580000, 0x00000007b9c00000)
  object space 161280K, 21% used [0x00000006c1800000,0x00000006c3aa1e80,0x00000006cb580000)
 Metaspace       used 2707K, capacity 4486K, committed 4864K, reserved 1056768K
  class space    used 302K, capacity 386K, committed 512K, reserved 1048576K
[GC (Allocation Failure)  104199K->68359K(230400K), 0.0359227 secs]
Heap after GC invocations=160 (full 1):
 PSYoungGen      total 69120K, used 32896K [0x00000007b9c00000, 0x00000007c0000000, 0x00000007c0000000)
  eden space 35840K, 0% used [0x00000007b9c00000,0x00000007b9c00000,0x00000007bbf00000)
  from space 33280K, 98% used [0x00000007bbf00000,0x00000007bdf20000,0x00000007bdf80000)
  to   space 33280K, 0% used [0x00000007bdf80000,0x00000007bdf80000,0x00000007c0000000)
 ParOldGen       total 161280K, used 35463K [0x00000006c1800000, 0x00000006cb580000, 0x00000007b9c00000)
  object space 161280K, 21% used [0x00000006c1800000,0x00000006c3aa1e80,0x00000006cb580000)
 Metaspace       used 2707K, capacity 4486K, committed 4864K, reserved 1056768K
  class space    used 302K, capacity 386K, committed 512K, reserved 1048576K
}
{Heap before GC invocations=161 (full 1):
 PSYoungGen      total 69120K, used 68736K [0x00000007b9c00000, 0x00000007c0000000, 0x00000007c0000000)
  eden space 35840K, 100% used [0x00000007b9c00000,0x00000007bbf00000,0x00000007bbf00000)
  from space 33280K, 98% used [0x00000007bbf00000,0x00000007bdf20000,0x00000007bdf80000)
  to   space 33280K, 0% used [0x00000007bdf80000,0x00000007bdf80000,0x00000007c0000000)
 ParOldGen       total 161280K, used 35463K [0x00000006c1800000, 0x00000006cb580000, 0x00000007b9c00000)
  object space 161280K, 21% used [0x00000006c1800000,0x00000006c3aa1e80,0x00000006cb580000)
 Metaspace       used 2707K, capacity 4486K, committed 4864K, reserved 1056768K
  class space    used 302K, capacity 386K, committed 512K, reserved 1048576K
[GC (Allocation Failure)  104199K->68359K(230400K), 0.0441747 secs]
Heap after GC invocations=161 (full 1):
 PSYoungGen      total 69120K, used 32896K [0x00000007b9c00000, 0x00000007c0000000, 0x00000007c0000000)
  eden space 35840K, 0% used [0x00000007b9c00000,0x00000007b9c00000,0x00000007bbf00000)
  from space 33280K, 98% used [0x00000007bdf80000,0x00000007bffa0000,0x00000007c0000000)
  to   space 33280K, 0% used [0x00000007bbf00000,0x00000007bbf00000,0x00000007bdf80000)
 ParOldGen       total 161280K, used 35463K [0x00000006c1800000, 0x00000006cb580000, 0x00000007b9c00000)
  object space 161280K, 21% used [0x00000006c1800000,0x00000006c3aa1e80,0x00000006cb580000)
 Metaspace       used 2707K, capacity 4486K, committed 4864K, reserved 1056768K
  class space    used 302K, capacity 386K, committed 512K, reserved 1048576K
}
{Heap before GC invocations=162 (full 1):
 PSYoungGen      total 69120K, used 68736K [0x00000007b9c00000, 0x00000007c0000000, 0x00000007c0000000)
  eden space 35840K, 100% used [0x00000007b9c00000,0x00000007bbf00000,0x00000007bbf00000)
  from space 33280K, 98% used [0x00000007bdf80000,0x00000007bffa0000,0x00000007c0000000)
  to   space 33280K, 0% used [0x00000007bbf00000,0x00000007bbf00000,0x00000007bdf80000)
 ParOldGen       total 161280K, used 35463K [0x00000006c1800000, 0x00000006cb580000, 0x00000007b9c00000)
  object space 161280K, 21% used [0x00000006c1800000,0x00000006c3aa1e80,0x00000006cb580000)
 Metaspace       used 2707K, capacity 4486K, committed 4864K, reserved 1056768K
  class space    used 302K, capacity 386K, committed 512K, reserved 1048576K
[GC (Allocation Failure)  104199K->68359K(230400K), 0.0423076 secs]
Heap after GC invocations=162 (full 1):
 PSYoungGen      total 69120K, used 32896K [0x00000007b9c00000, 0x00000007c0000000, 0x00000007c0000000)
  eden space 35840K, 0% used [0x00000007b9c00000,0x00000007b9c00000,0x00000007bbf00000)
  from space 33280K, 98% used [0x00000007bbf00000,0x00000007bdf20000,0x00000007bdf80000)
  to   space 33280K, 0% used [0x00000007bdf80000,0x00000007bdf80000,0x00000007c0000000)
 ParOldGen       total 161280K, used 35463K [0x00000006c1800000, 0x00000006cb580000, 0x00000007b9c00000)
  object space 161280K, 21% used [0x00000006c1800000,0x00000006c3aa1e80,0x00000006cb580000)
 Metaspace       used 2707K, capacity 4486K, committed 4864K, reserved 1056768K
  class space    used 302K, capacity 386K, committed 512K, reserved 1048576K
}
{Heap before GC invocations=163 (full 1):
 PSYoungGen      total 69120K, used 68736K [0x00000007b9c00000, 0x00000007c0000000, 0x00000007c0000000)
  eden space 35840K, 100% used [0x00000007b9c00000,0x00000007bbf00000,0x00000007bbf00000)
  from space 33280K, 98% used [0x00000007bbf00000,0x00000007bdf20000,0x00000007bdf80000)
  to   space 33280K, 0% used [0x00000007bdf80000,0x00000007bdf80000,0x00000007c0000000)
 ParOldGen       total 161280K, used 35463K [0x00000006c1800000, 0x00000006cb580000, 0x00000007b9c00000)
  object space 161280K, 21% used [0x00000006c1800000,0x00000006c3aa1e80,0x00000006cb580000)
 Metaspace       used 2707K, capacity 4486K, committed 4864K, reserved 1056768K
  class space    used 302K, capacity 386K, committed 512K, reserved 1048576K
[GC (Allocation Failure)  104199K->68327K(230400K), 0.0340219 secs]
Heap after GC invocations=163 (full 1):
 PSYoungGen      total 69120K, used 32864K [0x00000007b9c00000, 0x00000007c0000000, 0x00000007c0000000)
  eden space 35840K, 0% used [0x00000007b9c00000,0x00000007b9c00000,0x00000007bbf00000)
  from space 33280K, 98% used [0x00000007bdf80000,0x00000007bff98000,0x00000007c0000000)
  to   space 33280K, 0% used [0x00000007bbf00000,0x00000007bbf00000,0x00000007bdf80000)
 ParOldGen       total 161280K, used 35463K [0x00000006c1800000, 0x00000006cb580000, 0x00000007b9c00000)
  object space 161280K, 21% used [0x00000006c1800000,0x00000006c3aa1e80,0x00000006cb580000)
 Metaspace       used 2707K, capacity 4486K, committed 4864K, reserved 1056768K
  class space    used 302K, capacity 386K, committed 512K, reserved 1048576K
}
{Heap before GC invocations=164 (full 1):
 PSYoungGen      total 69120K, used 68704K [0x00000007b9c00000, 0x00000007c0000000, 0x00000007c0000000)
  eden space 35840K, 100% used [0x00000007b9c00000,0x00000007bbf00000,0x00000007bbf00000)
  from space 33280K, 98% used [0x00000007bdf80000,0x00000007bff98000,0x00000007c0000000)
  to   space 33280K, 0% used [0x00000007bbf00000,0x00000007bbf00000,0x00000007bdf80000)
 ParOldGen       total 161280K, used 35463K [0x00000006c1800000, 0x00000006cb580000, 0x00000007b9c00000)
  object space 161280K, 21% used [0x00000006c1800000,0x00000006c3aa1e80,0x00000006cb580000)
 Metaspace       used 2707K, capacity 4486K, committed 4864K, reserved 1056768K
  class space    used 302K, capacity 386K, committed 512K, reserved 1048576K
[GC (Allocation Failure)  104167K->68359K(230400K), 0.0307385 secs]
Heap after GC invocations=164 (full 1):
 PSYoungGen      total 69120K, used 32896K [0x00000007b9c00000, 0x00000007c0000000, 0x00000007c0000000)
  eden space 35840K, 0% used [0x00000007b9c00000,0x00000007b9c00000,0x00000007bbf00000)
  from space 33280K, 98% used [0x00000007bbf00000,0x00000007bdf20000,0x00000007bdf80000)
  to   space 33280K, 0% used [0x00000007bdf80000,0x00000007bdf80000,0x00000007c0000000)
 ParOldGen       total 161280K, used 35463K [0x00000006c1800000, 0x00000006cb580000, 0x00000007b9c00000)
  object space 161280K, 21% used [0x00000006c1800000,0x00000006c3aa1e80,0x00000006cb580000)
 Metaspace       used 2707K, capacity 4486K, committed 4864K, reserved 1056768K
  class space    used 302K, capacity 386K, committed 512K, reserved 1048576K
}
{Heap before GC invocations=165 (full 1):
 PSYoungGen      total 69120K, used 68736K [0x00000007b9c00000, 0x00000007c0000000, 0x00000007c0000000)
  eden space 35840K, 100% used [0x00000007b9c00000,0x00000007bbf00000,0x00000007bbf00000)
  from space 33280K, 98% used [0x00000007bbf00000,0x00000007bdf20000,0x00000007bdf80000)
  to   space 33280K, 0% used [0x00000007bdf80000,0x00000007bdf80000,0x00000007c0000000)
 ParOldGen       total 161280K, used 35463K [0x00000006c1800000, 0x00000006cb580000, 0x00000007b9c00000)
  object space 161280K, 21% used [0x00000006c1800000,0x00000006c3aa1e80,0x00000006cb580000)
 Metaspace       used 2707K, capacity 4486K, committed 4864K, reserved 1056768K
  class space    used 302K, capacity 386K, committed 512K, reserved 1048576K
[GC (Allocation Failure)  104199K->68327K(230400K), 0.0338129 secs]
Heap after GC invocations=165 (full 1):
 PSYoungGen      total 69120K, used 32864K [0x00000007b9c00000, 0x00000007c0000000, 0x00000007c0000000)
  eden space 35840K, 0% used [0x00000007b9c00000,0x00000007b9c00000,0x00000007bbf00000)
  from space 33280K, 98% used [0x00000007bdf80000,0x00000007bff98000,0x00000007c0000000)
  to   space 33280K, 0% used [0x00000007bbf00000,0x00000007bbf00000,0x00000007bdf80000)
 ParOldGen       total 161280K, used 35463K [0x00000006c1800000, 0x00000006cb580000, 0x00000007b9c00000)
  object space 161280K, 21% used [0x00000006c1800000,0x00000006c3aa1e80,0x00000006cb580000)
 Metaspace       used 2707K, capacity 4486K, committed 4864K, reserved 1056768K
  class space    used 302K, capacity 386K, committed 512K, reserved 1048576K
}
{Heap before GC invocations=166 (full 1):
 PSYoungGen      total 69120K, used 68704K [0x00000007b9c00000, 0x00000007c0000000, 0x00000007c0000000)
  eden space 35840K, 100% used [0x00000007b9c00000,0x00000007bbf00000,0x00000007bbf00000)
  from space 33280K, 98% used [0x00000007bdf80000,0x00000007bff98000,0x00000007c0000000)
  to   space 33280K, 0% used [0x00000007bbf00000,0x00000007bbf00000,0x00000007bdf80000)
 ParOldGen       total 161280K, used 35463K [0x00000006c1800000, 0x00000006cb580000, 0x00000007b9c00000)
  object space 161280K, 21% used [0x00000006c1800000,0x00000006c3aa1e80,0x00000006cb580000)
 Metaspace       used 2707K, capacity 4486K, committed 4864K, reserved 1056768K
  class space    used 302K, capacity 386K, committed 512K, reserved 1048576K
[GC (Allocation Failure)  104167K->68359K(230400K), 0.0333206 secs]
Heap after GC invocations=166 (full 1):
 PSYoungGen      total 69120K, used 32896K [0x00000007b9c00000, 0x00000007c0000000, 0x00000007c0000000)
  eden space 35840K, 0% used [0x00000007b9c00000,0x00000007b9c00000,0x00000007bbf00000)
  from space 33280K, 98% used [0x00000007bbf00000,0x00000007bdf20000,0x00000007bdf80000)
  to   space 33280K, 0% used [0x00000007bdf80000,0x00000007bdf80000,0x00000007c0000000)
 ParOldGen       total 161280K, used 35463K [0x00000006c1800000, 0x00000006cb580000, 0x00000007b9c00000)
  object space 161280K, 21% used [0x00000006c1800000,0x00000006c3aa1e80,0x00000006cb580000)
 Metaspace       used 2707K, capacity 4486K, committed 4864K, reserved 1056768K
  class space    used 302K, capacity 386K, committed 512K, reserved 1048576K
}
{Heap before GC invocations=167 (full 1):
 PSYoungGen      total 69120K, used 68736K [0x00000007b9c00000, 0x00000007c0000000, 0x00000007c0000000)
  eden space 35840K, 100% used [0x00000007b9c00000,0x00000007bbf00000,0x00000007bbf00000)
  from space 33280K, 98% used [0x00000007bbf00000,0x00000007bdf20000,0x00000007bdf80000)
  to   space 33280K, 0% used [0x00000007bdf80000,0x00000007bdf80000,0x00000007c0000000)
 ParOldGen       total 161280K, used 35463K [0x00000006c1800000, 0x00000006cb580000, 0x00000007b9c00000)
  object space 161280K, 21% used [0x00000006c1800000,0x00000006c3aa1e80,0x00000006cb580000)
 Metaspace       used 2707K, capacity 4486K, committed 4864K, reserved 1056768K
  class space    used 302K, capacity 386K, committed 512K, reserved 1048576K
[GC (Allocation Failure)  104199K->68391K(230400K), 0.0394738 secs]
Heap after GC invocations=167 (full 1):
 PSYoungGen      total 69120K, used 32928K [0x00000007b9c00000, 0x00000007c0000000, 0x00000007c0000000)
  eden space 35840K, 0% used [0x00000007b9c00000,0x00000007b9c00000,0x00000007bbf00000)
  from space 33280K, 98% used [0x00000007bdf80000,0x00000007bffa8000,0x00000007c0000000)
  to   space 33280K, 0% used [0x00000007bbf00000,0x00000007bbf00000,0x00000007bdf80000)
 ParOldGen       total 161280K, used 35463K [0x00000006c1800000, 0x00000006cb580000, 0x00000007b9c00000)
  object space 161280K, 21% used [0x00000006c1800000,0x00000006c3aa1e80,0x00000006cb580000)
 Metaspace       used 2707K, capacity 4486K, committed 4864K, reserved 1056768K
  class space    used 302K, capacity 386K, committed 512K, reserved 1048576K
}
{Heap before GC invocations=168 (full 1):
 PSYoungGen      total 69120K, used 68768K [0x00000007b9c00000, 0x00000007c0000000, 0x00000007c0000000)
  eden space 35840K, 100% used [0x00000007b9c00000,0x00000007bbf00000,0x00000007bbf00000)
  from space 33280K, 98% used [0x00000007bdf80000,0x00000007bffa8000,0x00000007c0000000)
  to   space 33280K, 0% used [0x00000007bbf00000,0x00000007bbf00000,0x00000007bdf80000)
 ParOldGen       total 161280K, used 35463K [0x00000006c1800000, 0x00000006cb580000, 0x00000007b9c00000)
  object space 161280K, 21% used [0x00000006c1800000,0x00000006c3aa1e80,0x00000006cb580000)
 Metaspace       used 2707K, capacity 4486K, committed 4864K, reserved 1056768K
  class space    used 302K, capacity 386K, committed 512K, reserved 1048576K
[GC (Allocation Failure)  104231K->68359K(230400K), 0.0388015 secs]
Heap after GC invocations=168 (full 1):
 PSYoungGen      total 69120K, used 32896K [0x00000007b9c00000, 0x00000007c0000000, 0x00000007c0000000)
  eden space 35840K, 0% used [0x00000007b9c00000,0x00000007b9c00000,0x00000007bbf00000)
  from space 33280K, 98% used [0x00000007bbf00000,0x00000007bdf20000,0x00000007bdf80000)
  to   space 33280K, 0% used [0x00000007bdf80000,0x00000007bdf80000,0x00000007c0000000)
 ParOldGen       total 161280K, used 35463K [0x00000006c1800000, 0x00000006cb580000, 0x00000007b9c00000)
  object space 161280K, 21% used [0x00000006c1800000,0x00000006c3aa1e80,0x00000006cb580000)
 Metaspace       used 2707K, capacity 4486K, committed 4864K, reserved 1056768K
  class space    used 302K, capacity 386K, committed 512K, reserved 1048576K
}
{Heap before GC invocations=169 (full 1):
 PSYoungGen      total 69120K, used 68736K [0x00000007b9c00000, 0x00000007c0000000, 0x00000007c0000000)
  eden space 35840K, 100% used [0x00000007b9c00000,0x00000007bbf00000,0x00000007bbf00000)
  from space 33280K, 98% used [0x00000007bbf00000,0x00000007bdf20000,0x00000007bdf80000)
  to   space 33280K, 0% used [0x00000007bdf80000,0x00000007bdf80000,0x00000007c0000000)
 ParOldGen       total 161280K, used 35463K [0x00000006c1800000, 0x00000006cb580000, 0x00000007b9c00000)
  object space 161280K, 21% used [0x00000006c1800000,0x00000006c3aa1e80,0x00000006cb580000)
 Metaspace       used 2707K, capacity 4486K, committed 4864K, reserved 1056768K
  class space    used 302K, capacity 386K, committed 512K, reserved 1048576K
[GC (Allocation Failure)  104199K->68359K(230400K), 0.0370046 secs]
Heap after GC invocations=169 (full 1):
 PSYoungGen      total 69120K, used 32896K [0x00000007b9c00000, 0x00000007c0000000, 0x00000007c0000000)
  eden space 35840K, 0% used [0x00000007b9c00000,0x00000007b9c00000,0x00000007bbf00000)
  from space 33280K, 98% used [0x00000007bdf80000,0x00000007bffa0000,0x00000007c0000000)
  to   space 33280K, 0% used [0x00000007bbf00000,0x00000007bbf00000,0x00000007bdf80000)
 ParOldGen       total 161280K, used 35463K [0x00000006c1800000, 0x00000006cb580000, 0x00000007b9c00000)
  object space 161280K, 21% used [0x00000006c1800000,0x00000006c3aa1e80,0x00000006cb580000)
 Metaspace       used 2707K, capacity 4486K, committed 4864K, reserved 1056768K
  class space    used 302K, capacity 386K, committed 512K, reserved 1048576K
}
{Heap before GC invocations=170 (full 1):
 PSYoungGen      total 69120K, used 68736K [0x00000007b9c00000, 0x00000007c0000000, 0x00000007c0000000)
  eden space 35840K, 100% used [0x00000007b9c00000,0x00000007bbf00000,0x00000007bbf00000)
  from space 33280K, 98% used [0x00000007bdf80000,0x00000007bffa0000,0x00000007c0000000)
  to   space 33280K, 0% used [0x00000007bbf00000,0x00000007bbf00000,0x00000007bdf80000)
 ParOldGen       total 161280K, used 35463K [0x00000006c1800000, 0x00000006cb580000, 0x00000007b9c00000)
  object space 161280K, 21% used [0x00000006c1800000,0x00000006c3aa1e80,0x00000006cb580000)
 Metaspace       used 2707K, capacity 4486K, committed 4864K, reserved 1056768K
  class space    used 302K, capacity 386K, committed 512K, reserved 1048576K
[GC (Allocation Failure)  104199K->68359K(230400K), 0.0310622 secs]
Heap after GC invocations=170 (full 1):
 PSYoungGen      total 69120K, used 32896K [0x00000007b9c00000, 0x00000007c0000000, 0x00000007c0000000)
  eden space 35840K, 0% used [0x00000007b9c00000,0x00000007b9c00000,0x00000007bbf00000)
  from space 33280K, 98% used [0x00000007bbf00000,0x00000007bdf20000,0x00000007bdf80000)
  to   space 33280K, 0% used [0x00000007bdf80000,0x00000007bdf80000,0x00000007c0000000)
 ParOldGen       total 161280K, used 35463K [0x00000006c1800000, 0x00000006cb580000, 0x00000007b9c00000)
  object space 161280K, 21% used [0x00000006c1800000,0x00000006c3aa1e80,0x00000006cb580000)
 Metaspace       used 2707K, capacity 4486K, committed 4864K, reserved 1056768K
  class space    used 302K, capacity 386K, committed 512K, reserved 1048576K
}
{Heap before GC invocations=171 (full 1):
 PSYoungGen      total 69120K, used 68736K [0x00000007b9c00000, 0x00000007c0000000, 0x00000007c0000000)
  eden space 35840K, 100% used [0x00000007b9c00000,0x00000007bbf00000,0x00000007bbf00000)
  from space 33280K, 98% used [0x00000007bbf00000,0x00000007bdf20000,0x00000007bdf80000)
  to   space 33280K, 0% used [0x00000007bdf80000,0x00000007bdf80000,0x00000007c0000000)
 ParOldGen       total 161280K, used 35463K [0x00000006c1800000, 0x00000006cb580000, 0x00000007b9c00000)
  object space 161280K, 21% used [0x00000006c1800000,0x00000006c3aa1e80,0x00000006cb580000)
 Metaspace       used 2707K, capacity 4486K, committed 4864K, reserved 1056768K
  class space    used 302K, capacity 386K, committed 512K, reserved 1048576K
[GC (Allocation Failure)  104199K->68327K(230400K), 0.0437737 secs]
Heap after GC invocations=171 (full 1):
 PSYoungGen      total 69120K, used 32864K [0x00000007b9c00000, 0x00000007c0000000, 0x00000007c0000000)
  eden space 35840K, 0% used [0x00000007b9c00000,0x00000007b9c00000,0x00000007bbf00000)
  from space 33280K, 98% used [0x00000007bdf80000,0x00000007bff98000,0x00000007c0000000)
  to   space 33280K, 0% used [0x00000007bbf00000,0x00000007bbf00000,0x00000007bdf80000)
 ParOldGen       total 161280K, used 35463K [0x00000006c1800000, 0x00000006cb580000, 0x00000007b9c00000)
  object space 161280K, 21% used [0x00000006c1800000,0x00000006c3aa1e80,0x00000006cb580000)
 Metaspace       used 2707K, capacity 4486K, committed 4864K, reserved 1056768K
  class space    used 302K, capacity 386K, committed 512K, reserved 1048576K
}
{Heap before GC invocations=172 (full 1):
 PSYoungGen      total 69120K, used 68704K [0x00000007b9c00000, 0x00000007c0000000, 0x00000007c0000000)
  eden space 35840K, 100% used [0x00000007b9c00000,0x00000007bbf00000,0x00000007bbf00000)
  from space 33280K, 98% used [0x00000007bdf80000,0x00000007bff98000,0x00000007c0000000)
  to   space 33280K, 0% used [0x00000007bbf00000,0x00000007bbf00000,0x00000007bdf80000)
 ParOldGen       total 161280K, used 35463K [0x00000006c1800000, 0x00000006cb580000, 0x00000007b9c00000)
  object space 161280K, 21% used [0x00000006c1800000,0x00000006c3aa1e80,0x00000006cb580000)
 Metaspace       used 2707K, capacity 4486K, committed 4864K, reserved 1056768K
  class space    used 302K, capacity 386K, committed 512K, reserved 1048576K
[GC (Allocation Failure)  104167K->68327K(230400K), 0.0389459 secs]
Heap after GC invocations=172 (full 1):
 PSYoungGen      total 69120K, used 32864K [0x00000007b9c00000, 0x00000007c0000000, 0x00000007c0000000)
  eden space 35840K, 0% used [0x00000007b9c00000,0x00000007b9c00000,0x00000007bbf00000)
  from space 33280K, 98% used [0x00000007bbf00000,0x00000007bdf18000,0x00000007bdf80000)
  to   space 33280K, 0% used [0x00000007bdf80000,0x00000007bdf80000,0x00000007c0000000)
 ParOldGen       total 161280K, used 35463K [0x00000006c1800000, 0x00000006cb580000, 0x00000007b9c00000)
  object space 161280K, 21% used [0x00000006c1800000,0x00000006c3aa1e80,0x00000006cb580000)
 Metaspace       used 2707K, capacity 4486K, committed 4864K, reserved 1056768K
  class space    used 302K, capacity 386K, committed 512K, reserved 1048576K
}
{Heap before GC invocations=173 (full 1):
 PSYoungGen      total 69120K, used 68704K [0x00000007b9c00000, 0x00000007c0000000, 0x00000007c0000000)
  eden space 35840K, 100% used [0x00000007b9c00000,0x00000007bbf00000,0x00000007bbf00000)
  from space 33280K, 98% used [0x00000007bbf00000,0x00000007bdf18000,0x00000007bdf80000)
  to   space 33280K, 0% used [0x00000007bdf80000,0x00000007bdf80000,0x00000007c0000000)
 ParOldGen       total 161280K, used 35463K [0x00000006c1800000, 0x00000006cb580000, 0x00000007b9c00000)
  object space 161280K, 21% used [0x00000006c1800000,0x00000006c3aa1e80,0x00000006cb580000)
 Metaspace       used 2707K, capacity 4486K, committed 4864K, reserved 1056768K
  class space    used 302K, capacity 386K, committed 512K, reserved 1048576K
[GC (Allocation Failure)  104167K->68327K(230400K), 0.0392931 secs]
Heap after GC invocations=173 (full 1):
 PSYoungGen      total 69120K, used 32864K [0x00000007b9c00000, 0x00000007c0000000, 0x00000007c0000000)
  eden space 35840K, 0% used [0x00000007b9c00000,0x00000007b9c00000,0x00000007bbf00000)
  from space 33280K, 98% used [0x00000007bdf80000,0x00000007bff98000,0x00000007c0000000)
  to   space 33280K, 0% used [0x00000007bbf00000,0x00000007bbf00000,0x00000007bdf80000)
 ParOldGen       total 161280K, used 35463K [0x00000006c1800000, 0x00000006cb580000, 0x00000007b9c00000)
  object space 161280K, 21% used [0x00000006c1800000,0x00000006c3aa1e80,0x00000006cb580000)
 Metaspace       used 2707K, capacity 4486K, committed 4864K, reserved 1056768K
  class space    used 302K, capacity 386K, committed 512K, reserved 1048576K
}
{Heap before GC invocations=174 (full 1):
 PSYoungGen      total 69120K, used 68704K [0x00000007b9c00000, 0x00000007c0000000, 0x00000007c0000000)
  eden space 35840K, 100% used [0x00000007b9c00000,0x00000007bbf00000,0x00000007bbf00000)
  from space 33280K, 98% used [0x00000007bdf80000,0x00000007bff98000,0x00000007c0000000)
  to   space 33280K, 0% used [0x00000007bbf00000,0x00000007bbf00000,0x00000007bdf80000)
 ParOldGen       total 161280K, used 35463K [0x00000006c1800000, 0x00000006cb580000, 0x00000007b9c00000)
  object space 161280K, 21% used [0x00000006c1800000,0x00000006c3aa1e80,0x00000006cb580000)
 Metaspace       used 2707K, capacity 4486K, committed 4864K, reserved 1056768K
  class space    used 302K, capacity 386K, committed 512K, reserved 1048576K
[GC (Allocation Failure)  104167K->68359K(230400K), 0.0403460 secs]
Heap after GC invocations=174 (full 1):
 PSYoungGen      total 69120K, used 32896K [0x00000007b9c00000, 0x00000007c0000000, 0x00000007c0000000)
  eden space 35840K, 0% used [0x00000007b9c00000,0x00000007b9c00000,0x00000007bbf00000)
  from space 33280K, 98% used [0x00000007bbf00000,0x00000007bdf20000,0x00000007bdf80000)
  to   space 33280K, 0% used [0x00000007bdf80000,0x00000007bdf80000,0x00000007c0000000)
 ParOldGen       total 161280K, used 35463K [0x00000006c1800000, 0x00000006cb580000, 0x00000007b9c00000)
  object space 161280K, 21% used [0x00000006c1800000,0x00000006c3aa1e80,0x00000006cb580000)
 Metaspace       used 2707K, capacity 4486K, committed 4864K, reserved 1056768K
  class space    used 302K, capacity 386K, committed 512K, reserved 1048576K
}
{Heap before GC invocations=175 (full 1):
 PSYoungGen      total 69120K, used 68736K [0x00000007b9c00000, 0x00000007c0000000, 0x00000007c0000000)
  eden space 35840K, 100% used [0x00000007b9c00000,0x00000007bbf00000,0x00000007bbf00000)
  from space 33280K, 98% used [0x00000007bbf00000,0x00000007bdf20000,0x00000007bdf80000)
  to   space 33280K, 0% used [0x00000007bdf80000,0x00000007bdf80000,0x00000007c0000000)
 ParOldGen       total 161280K, used 35463K [0x00000006c1800000, 0x00000006cb580000, 0x00000007b9c00000)
  object space 161280K, 21% used [0x00000006c1800000,0x00000006c3aa1e80,0x00000006cb580000)
 Metaspace       used 2707K, capacity 4486K, committed 4864K, reserved 1056768K
  class space    used 302K, capacity 386K, committed 512K, reserved 1048576K
[GC (Allocation Failure)  104199K->68327K(230400K), 0.0329024 secs]
Heap after GC invocations=175 (full 1):
 PSYoungGen      total 69120K, used 32864K [0x00000007b9c00000, 0x00000007c0000000, 0x00000007c0000000)
  eden space 35840K, 0% used [0x00000007b9c00000,0x00000007b9c00000,0x00000007bbf00000)
  from space 33280K, 98% used [0x00000007bdf80000,0x00000007bff98000,0x00000007c0000000)
  to   space 33280K, 0% used [0x00000007bbf00000,0x00000007bbf00000,0x00000007bdf80000)
 ParOldGen       total 161280K, used 35463K [0x00000006c1800000, 0x00000006cb580000, 0x00000007b9c00000)
  object space 161280K, 21% used [0x00000006c1800000,0x00000006c3aa1e80,0x00000006cb580000)
 Metaspace       used 2707K, capacity 4486K, committed 4864K, reserved 1056768K
  class space    used 302K, capacity 386K, committed 512K, reserved 1048576K
}
{Heap before GC invocations=176 (full 1):
 PSYoungGen      total 69120K, used 68704K [0x00000007b9c00000, 0x00000007c0000000, 0x00000007c0000000)
  eden space 35840K, 100% used [0x00000007b9c00000,0x00000007bbf00000,0x00000007bbf00000)
  from space 33280K, 98% used [0x00000007bdf80000,0x00000007bff98000,0x00000007c0000000)
  to   space 33280K, 0% used [0x00000007bbf00000,0x00000007bbf00000,0x00000007bdf80000)
 ParOldGen       total 161280K, used 35463K [0x00000006c1800000, 0x00000006cb580000, 0x00000007b9c00000)
  object space 161280K, 21% used [0x00000006c1800000,0x00000006c3aa1e80,0x00000006cb580000)
 Metaspace       used 2707K, capacity 4486K, committed 4864K, reserved 1056768K
  class space    used 302K, capacity 386K, committed 512K, reserved 1048576K
[GC (Allocation Failure)  104167K->68327K(230400K), 0.0304781 secs]
Heap after GC invocations=176 (full 1):
 PSYoungGen      total 69120K, used 32864K [0x00000007b9c00000, 0x00000007c0000000, 0x00000007c0000000)
  eden space 35840K, 0% used [0x00000007b9c00000,0x00000007b9c00000,0x00000007bbf00000)
  from space 33280K, 98% used [0x00000007bbf00000,0x00000007bdf18000,0x00000007bdf80000)
  to   space 33280K, 0% used [0x00000007bdf80000,0x00000007bdf80000,0x00000007c0000000)
 ParOldGen       total 161280K, used 35463K [0x00000006c1800000, 0x00000006cb580000, 0x00000007b9c00000)
  object space 161280K, 21% used [0x00000006c1800000,0x00000006c3aa1e80,0x00000006cb580000)
 Metaspace       used 2707K, capacity 4486K, committed 4864K, reserved 1056768K
  class space    used 302K, capacity 386K, committed 512K, reserved 1048576K
}
{Heap before GC invocations=177 (full 1):
 PSYoungGen      total 69120K, used 68704K [0x00000007b9c00000, 0x00000007c0000000, 0x00000007c0000000)
  eden space 35840K, 100% used [0x00000007b9c00000,0x00000007bbf00000,0x00000007bbf00000)
  from space 33280K, 98% used [0x00000007bbf00000,0x00000007bdf18000,0x00000007bdf80000)
  to   space 33280K, 0% used [0x00000007bdf80000,0x00000007bdf80000,0x00000007c0000000)
 ParOldGen       total 161280K, used 35463K [0x00000006c1800000, 0x00000006cb580000, 0x00000007b9c00000)
  object space 161280K, 21% used [0x00000006c1800000,0x00000006c3aa1e80,0x00000006cb580000)
 Metaspace       used 2707K, capacity 4486K, committed 4864K, reserved 1056768K
  class space    used 302K, capacity 386K, committed 512K, reserved 1048576K
[GC (Allocation Failure)  104167K->68391K(230400K), 0.0309124 secs]
Heap after GC invocations=177 (full 1):
 PSYoungGen      total 69120K, used 32928K [0x00000007b9c00000, 0x00000007c0000000, 0x00000007c0000000)
  eden space 35840K, 0% used [0x00000007b9c00000,0x00000007b9c00000,0x00000007bbf00000)
  from space 33280K, 98% used [0x00000007bdf80000,0x00000007bffa8000,0x00000007c0000000)
  to   space 33280K, 0% used [0x00000007bbf00000,0x00000007bbf00000,0x00000007bdf80000)
 ParOldGen       total 161280K, used 35463K [0x00000006c1800000, 0x00000006cb580000, 0x00000007b9c00000)
  object space 161280K, 21% used [0x00000006c1800000,0x00000006c3aa1e80,0x00000006cb580000)
 Metaspace       used 2707K, capacity 4486K, committed 4864K, reserved 1056768K
  class space    used 302K, capacity 386K, committed 512K, reserved 1048576K
}
{Heap before GC invocations=178 (full 1):
 PSYoungGen      total 69120K, used 68768K [0x00000007b9c00000, 0x00000007c0000000, 0x00000007c0000000)
  eden space 35840K, 100% used [0x00000007b9c00000,0x00000007bbf00000,0x00000007bbf00000)
  from space 33280K, 98% used [0x00000007bdf80000,0x00000007bffa8000,0x00000007c0000000)
  to   space 33280K, 0% used [0x00000007bbf00000,0x00000007bbf00000,0x00000007bdf80000)
 ParOldGen       total 161280K, used 35463K [0x00000006c1800000, 0x00000006cb580000, 0x00000007b9c00000)
  object space 161280K, 21% used [0x00000006c1800000,0x00000006c3aa1e80,0x00000006cb580000)
 Metaspace       used 2707K, capacity 4486K, committed 4864K, reserved 1056768K
  class space    used 302K, capacity 386K, committed 512K, reserved 1048576K
[GC (Allocation Failure)  104231K->68359K(230400K), 0.0328590 secs]
Heap after GC invocations=178 (full 1):
 PSYoungGen      total 69120K, used 32896K [0x00000007b9c00000, 0x00000007c0000000, 0x00000007c0000000)
  eden space 35840K, 0% used [0x00000007b9c00000,0x00000007b9c00000,0x00000007bbf00000)
  from space 33280K, 98% used [0x00000007bbf00000,0x00000007bdf20000,0x00000007bdf80000)
  to   space 33280K, 0% used [0x00000007bdf80000,0x00000007bdf80000,0x00000007c0000000)
 ParOldGen       total 161280K, used 35463K [0x00000006c1800000, 0x00000006cb580000, 0x00000007b9c00000)
  object space 161280K, 21% used [0x00000006c1800000,0x00000006c3aa1e80,0x00000006cb580000)
 Metaspace       used 2707K, capacity 4486K, committed 4864K, reserved 1056768K
  class space    used 302K, capacity 386K, committed 512K, reserved 1048576K
}
{Heap before GC invocations=179 (full 1):
 PSYoungGen      total 69120K, used 68736K [0x00000007b9c00000, 0x00000007c0000000, 0x00000007c0000000)
  eden space 35840K, 100% used [0x00000007b9c00000,0x00000007bbf00000,0x00000007bbf00000)
  from space 33280K, 98% used [0x00000007bbf00000,0x00000007bdf20000,0x00000007bdf80000)
  to   space 33280K, 0% used [0x00000007bdf80000,0x00000007bdf80000,0x00000007c0000000)
 ParOldGen       total 161280K, used 35463K [0x00000006c1800000, 0x00000006cb580000, 0x00000007b9c00000)
  object space 161280K, 21% used [0x00000006c1800000,0x00000006c3aa1e80,0x00000006cb580000)
 Metaspace       used 2707K, capacity 4486K, committed 4864K, reserved 1056768K
  class space    used 302K, capacity 386K, committed 512K, reserved 1048576K
[GC (Allocation Failure)  104199K->68359K(230400K), 0.0326877 secs]
Heap after GC invocations=179 (full 1):
 PSYoungGen      total 69120K, used 32896K [0x00000007b9c00000, 0x00000007c0000000, 0x00000007c0000000)
  eden space 35840K, 0% used [0x00000007b9c00000,0x00000007b9c00000,0x00000007bbf00000)
  from space 33280K, 98% used [0x00000007bdf80000,0x00000007bffa0000,0x00000007c0000000)
  to   space 33280K, 0% used [0x00000007bbf00000,0x00000007bbf00000,0x00000007bdf80000)
 ParOldGen       total 161280K, used 35463K [0x00000006c1800000, 0x00000006cb580000, 0x00000007b9c00000)
  object space 161280K, 21% used [0x00000006c1800000,0x00000006c3aa1e80,0x00000006cb580000)
 Metaspace       used 2707K, capacity 4486K, committed 4864K, reserved 1056768K
  class space    used 302K, capacity 386K, committed 512K, reserved 1048576K
}
{Heap before GC invocations=180 (full 1):
 PSYoungGen      total 69120K, used 68736K [0x00000007b9c00000, 0x00000007c0000000, 0x00000007c0000000)
  eden space 35840K, 100% used [0x00000007b9c00000,0x00000007bbf00000,0x00000007bbf00000)
  from space 33280K, 98% used [0x00000007bdf80000,0x00000007bffa0000,0x00000007c0000000)
  to   space 33280K, 0% used [0x00000007bbf00000,0x00000007bbf00000,0x00000007bdf80000)
 ParOldGen       total 161280K, used 35463K [0x00000006c1800000, 0x00000006cb580000, 0x00000007b9c00000)
  object space 161280K, 21% used [0x00000006c1800000,0x00000006c3aa1e80,0x00000006cb580000)
 Metaspace       used 2707K, capacity 4486K, committed 4864K, reserved 1056768K
  class space    used 302K, capacity 386K, committed 512K, reserved 1048576K
[GC (Allocation Failure)  104199K->68359K(230400K), 0.0328658 secs]
Heap after GC invocations=180 (full 1):
 PSYoungGen      total 69120K, used 32896K [0x00000007b9c00000, 0x00000007c0000000, 0x00000007c0000000)
  eden space 35840K, 0% used [0x00000007b9c00000,0x00000007b9c00000,0x00000007bbf00000)
  from space 33280K, 98% used [0x00000007bbf00000,0x00000007bdf20000,0x00000007bdf80000)
  to   space 33280K, 0% used [0x00000007bdf80000,0x00000007bdf80000,0x00000007c0000000)
 ParOldGen       total 161280K, used 35463K [0x00000006c1800000, 0x00000006cb580000, 0x00000007b9c00000)
  object space 161280K, 21% used [0x00000006c1800000,0x00000006c3aa1e80,0x00000006cb580000)
 Metaspace       used 2707K, capacity 4486K, committed 4864K, reserved 1056768K
  class space    used 302K, capacity 386K, committed 512K, reserved 1048576K
}
{Heap before GC invocations=181 (full 1):
 PSYoungGen      total 69120K, used 68736K [0x00000007b9c00000, 0x00000007c0000000, 0x00000007c0000000)
  eden space 35840K, 100% used [0x00000007b9c00000,0x00000007bbf00000,0x00000007bbf00000)
  from space 33280K, 98% used [0x00000007bbf00000,0x00000007bdf20000,0x00000007bdf80000)
  to   space 33280K, 0% used [0x00000007bdf80000,0x00000007bdf80000,0x00000007c0000000)
 ParOldGen       total 161280K, used 35463K [0x00000006c1800000, 0x00000006cb580000, 0x00000007b9c00000)
  object space 161280K, 21% used [0x00000006c1800000,0x00000006c3aa1e80,0x00000006cb580000)
 Metaspace       used 2707K, capacity 4486K, committed 4864K, reserved 1056768K
  class space    used 302K, capacity 386K, committed 512K, reserved 1048576K
[GC (Allocation Failure)  104199K->68359K(230400K), 0.0453055 secs]
Heap after GC invocations=181 (full 1):
 PSYoungGen      total 69120K, used 32896K [0x00000007b9c00000, 0x00000007c0000000, 0x00000007c0000000)
  eden space 35840K, 0% used [0x00000007b9c00000,0x00000007b9c00000,0x00000007bbf00000)
  from space 33280K, 98% used [0x00000007bdf80000,0x00000007bffa0000,0x00000007c0000000)
  to   space 33280K, 0% used [0x00000007bbf00000,0x00000007bbf00000,0x00000007bdf80000)
 ParOldGen       total 161280K, used 35463K [0x00000006c1800000, 0x00000006cb580000, 0x00000007b9c00000)
  object space 161280K, 21% used [0x00000006c1800000,0x00000006c3aa1e80,0x00000006cb580000)
 Metaspace       used 2707K, capacity 4486K, committed 4864K, reserved 1056768K
  class space    used 302K, capacity 386K, committed 512K, reserved 1048576K
}
{Heap before GC invocations=182 (full 1):
 PSYoungGen      total 69120K, used 68736K [0x00000007b9c00000, 0x00000007c0000000, 0x00000007c0000000)
  eden space 35840K, 100% used [0x00000007b9c00000,0x00000007bbf00000,0x00000007bbf00000)
  from space 33280K, 98% used [0x00000007bdf80000,0x00000007bffa0000,0x00000007c0000000)
  to   space 33280K, 0% used [0x00000007bbf00000,0x00000007bbf00000,0x00000007bdf80000)
 ParOldGen       total 161280K, used 35463K [0x00000006c1800000, 0x00000006cb580000, 0x00000007b9c00000)
  object space 161280K, 21% used [0x00000006c1800000,0x00000006c3aa1e80,0x00000006cb580000)
 Metaspace       used 2707K, capacity 4486K, committed 4864K, reserved 1056768K
  class space    used 302K, capacity 386K, committed 512K, reserved 1048576K
[GC (Allocation Failure)  104199K->68327K(230400K), 0.0767484 secs]
Heap after GC invocations=182 (full 1):
 PSYoungGen      total 69120K, used 32864K [0x00000007b9c00000, 0x00000007c0000000, 0x00000007c0000000)
  eden space 35840K, 0% used [0x00000007b9c00000,0x00000007b9c00000,0x00000007bbf00000)
  from space 33280K, 98% used [0x00000007bbf00000,0x00000007bdf18000,0x00000007bdf80000)
  to   space 33280K, 0% used [0x00000007bdf80000,0x00000007bdf80000,0x00000007c0000000)
 ParOldGen       total 161280K, used 35463K [0x00000006c1800000, 0x00000006cb580000, 0x00000007b9c00000)
  object space 161280K, 21% used [0x00000006c1800000,0x00000006c3aa1e80,0x00000006cb580000)
 Metaspace       used 2707K, capacity 4486K, committed 4864K, reserved 1056768K
  class space    used 302K, capacity 386K, committed 512K, reserved 1048576K
}
{Heap before GC invocations=183 (full 1):
 PSYoungGen      total 69120K, used 68704K [0x00000007b9c00000, 0x00000007c0000000, 0x00000007c0000000)
  eden space 35840K, 100% used [0x00000007b9c00000,0x00000007bbf00000,0x00000007bbf00000)
  from space 33280K, 98% used [0x00000007bbf00000,0x00000007bdf18000,0x00000007bdf80000)
  to   space 33280K, 0% used [0x00000007bdf80000,0x00000007bdf80000,0x00000007c0000000)
 ParOldGen       total 161280K, used 35463K [0x00000006c1800000, 0x00000006cb580000, 0x00000007b9c00000)
  object space 161280K, 21% used [0x00000006c1800000,0x00000006c3aa1e80,0x00000006cb580000)
 Metaspace       used 2707K, capacity 4486K, committed 4864K, reserved 1056768K
  class space    used 302K, capacity 386K, committed 512K, reserved 1048576K
[GC (Allocation Failure)  104167K->68359K(230400K), 0.0680533 secs]
Heap after GC invocations=183 (full 1):
 PSYoungGen      total 69120K, used 32896K [0x00000007b9c00000, 0x00000007c0000000, 0x00000007c0000000)
  eden space 35840K, 0% used [0x00000007b9c00000,0x00000007b9c00000,0x00000007bbf00000)
  from space 33280K, 98% used [0x00000007bdf80000,0x00000007bffa0000,0x00000007c0000000)
  to   space 33280K, 0% used [0x00000007bbf00000,0x00000007bbf00000,0x00000007bdf80000)
 ParOldGen       total 161280K, used 35463K [0x00000006c1800000, 0x00000006cb580000, 0x00000007b9c00000)
  object space 161280K, 21% used [0x00000006c1800000,0x00000006c3aa1e80,0x00000006cb580000)
 Metaspace       used 2707K, capacity 4486K, committed 4864K, reserved 1056768K
  class space    used 302K, capacity 386K, committed 512K, reserved 1048576K
}
{Heap before GC invocations=184 (full 1):
 PSYoungGen      total 69120K, used 68736K [0x00000007b9c00000, 0x00000007c0000000, 0x00000007c0000000)
  eden space 35840K, 100% used [0x00000007b9c00000,0x00000007bbf00000,0x00000007bbf00000)
  from space 33280K, 98% used [0x00000007bdf80000,0x00000007bffa0000,0x00000007c0000000)
  to   space 33280K, 0% used [0x00000007bbf00000,0x00000007bbf00000,0x00000007bdf80000)
 ParOldGen       total 161280K, used 35463K [0x00000006c1800000, 0x00000006cb580000, 0x00000007b9c00000)
  object space 161280K, 21% used [0x00000006c1800000,0x00000006c3aa1e80,0x00000006cb580000)
 Metaspace       used 2707K, capacity 4486K, committed 4864K, reserved 1056768K
  class space    used 302K, capacity 386K, committed 512K, reserved 1048576K
[GC (Allocation Failure)  104199K->68359K(230400K), 0.0474687 secs]
Heap after GC invocations=184 (full 1):
 PSYoungGen      total 69120K, used 32896K [0x00000007b9c00000, 0x00000007c0000000, 0x00000007c0000000)
  eden space 35840K, 0% used [0x00000007b9c00000,0x00000007b9c00000,0x00000007bbf00000)
  from space 33280K, 98% used [0x00000007bbf00000,0x00000007bdf20000,0x00000007bdf80000)
  to   space 33280K, 0% used [0x00000007bdf80000,0x00000007bdf80000,0x00000007c0000000)
 ParOldGen       total 161280K, used 35463K [0x00000006c1800000, 0x00000006cb580000, 0x00000007b9c00000)
  object space 161280K, 21% used [0x00000006c1800000,0x00000006c3aa1e80,0x00000006cb580000)
 Metaspace       used 2707K, capacity 4486K, committed 4864K, reserved 1056768K
  class space    used 302K, capacity 386K, committed 512K, reserved 1048576K
}
{Heap before GC invocations=185 (full 1):
 PSYoungGen      total 69120K, used 68736K [0x00000007b9c00000, 0x00000007c0000000, 0x00000007c0000000)
  eden space 35840K, 100% used [0x00000007b9c00000,0x00000007bbf00000,0x00000007bbf00000)
  from space 33280K, 98% used [0x00000007bbf00000,0x00000007bdf20000,0x00000007bdf80000)
  to   space 33280K, 0% used [0x00000007bdf80000,0x00000007bdf80000,0x00000007c0000000)
 ParOldGen       total 161280K, used 35463K [0x00000006c1800000, 0x00000006cb580000, 0x00000007b9c00000)
  object space 161280K, 21% used [0x00000006c1800000,0x00000006c3aa1e80,0x00000006cb580000)
 Metaspace       used 2707K, capacity 4486K, committed 4864K, reserved 1056768K
  class space    used 302K, capacity 386K, committed 512K, reserved 1048576K
[GC (Allocation Failure)  104199K->68359K(230400K), 0.0649123 secs]
Heap after GC invocations=185 (full 1):
 PSYoungGen      total 69120K, used 32896K [0x00000007b9c00000, 0x00000007c0000000, 0x00000007c0000000)
  eden space 35840K, 0% used [0x00000007b9c00000,0x00000007b9c00000,0x00000007bbf00000)
  from space 33280K, 98% used [0x00000007bdf80000,0x00000007bffa0000,0x00000007c0000000)
  to   space 33280K, 0% used [0x00000007bbf00000,0x00000007bbf00000,0x00000007bdf80000)
 ParOldGen       total 161280K, used 35463K [0x00000006c1800000, 0x00000006cb580000, 0x00000007b9c00000)
  object space 161280K, 21% used [0x00000006c1800000,0x00000006c3aa1e80,0x00000006cb580000)
 Metaspace       used 2707K, capacity 4486K, committed 4864K, reserved 1056768K
  class space    used 302K, capacity 386K, committed 512K, reserved 1048576K
}
{Heap before GC invocations=186 (full 1):
 PSYoungGen      total 69120K, used 68736K [0x00000007b9c00000, 0x00000007c0000000, 0x00000007c0000000)
  eden space 35840K, 100% used [0x00000007b9c00000,0x00000007bbf00000,0x00000007bbf00000)
  from space 33280K, 98% used [0x00000007bdf80000,0x00000007bffa0000,0x00000007c0000000)
  to   space 33280K, 0% used [0x00000007bbf00000,0x00000007bbf00000,0x00000007bdf80000)
 ParOldGen       total 161280K, used 35463K [0x00000006c1800000, 0x00000006cb580000, 0x00000007b9c00000)
  object space 161280K, 21% used [0x00000006c1800000,0x00000006c3aa1e80,0x00000006cb580000)
 Metaspace       used 2707K, capacity 4486K, committed 4864K, reserved 1056768K
  class space    used 302K, capacity 386K, committed 512K, reserved 1048576K
[GC (Allocation Failure)  104199K->68391K(230400K), 0.0299783 secs]
Heap after GC invocations=186 (full 1):
 PSYoungGen      total 69120K, used 32928K [0x00000007b9c00000, 0x00000007c0000000, 0x00000007c0000000)
  eden space 35840K, 0% used [0x00000007b9c00000,0x00000007b9c00000,0x00000007bbf00000)
  from space 33280K, 98% used [0x00000007bbf00000,0x00000007bdf28000,0x00000007bdf80000)
  to   space 33280K, 0% used [0x00000007bdf80000,0x00000007bdf80000,0x00000007c0000000)
 ParOldGen       total 161280K, used 35463K [0x00000006c1800000, 0x00000006cb580000, 0x00000007b9c00000)
  object space 161280K, 21% used [0x00000006c1800000,0x00000006c3aa1e80,0x00000006cb580000)
 Metaspace       used 2707K, capacity 4486K, committed 4864K, reserved 1056768K
  class space    used 302K, capacity 386K, committed 512K, reserved 1048576K
}
{Heap before GC invocations=187 (full 1):
 PSYoungGen      total 69120K, used 68768K [0x00000007b9c00000, 0x00000007c0000000, 0x00000007c0000000)
  eden space 35840K, 100% used [0x00000007b9c00000,0x00000007bbf00000,0x00000007bbf00000)
  from space 33280K, 98% used [0x00000007bbf00000,0x00000007bdf28000,0x00000007bdf80000)
  to   space 33280K, 0% used [0x00000007bdf80000,0x00000007bdf80000,0x00000007c0000000)
 ParOldGen       total 161280K, used 35463K [0x00000006c1800000, 0x00000006cb580000, 0x00000007b9c00000)
  object space 161280K, 21% used [0x00000006c1800000,0x00000006c3aa1e80,0x00000006cb580000)
 Metaspace       used 2707K, capacity 4486K, committed 4864K, reserved 1056768K
  class space    used 302K, capacity 386K, committed 512K, reserved 1048576K
[GC (Allocation Failure)  104231K->68359K(230400K), 0.0413023 secs]
Heap after GC invocations=187 (full 1):
 PSYoungGen      total 69120K, used 32896K [0x00000007b9c00000, 0x00000007c0000000, 0x00000007c0000000)
  eden space 35840K, 0% used [0x00000007b9c00000,0x00000007b9c00000,0x00000007bbf00000)
  from space 33280K, 98% used [0x00000007bdf80000,0x00000007bffa0000,0x00000007c0000000)
  to   space 33280K, 0% used [0x00000007bbf00000,0x00000007bbf00000,0x00000007bdf80000)
 ParOldGen       total 161280K, used 35463K [0x00000006c1800000, 0x00000006cb580000, 0x00000007b9c00000)
  object space 161280K, 21% used [0x00000006c1800000,0x00000006c3aa1e80,0x00000006cb580000)
 Metaspace       used 2707K, capacity 4486K, committed 4864K, reserved 1056768K
  class space    used 302K, capacity 386K, committed 512K, reserved 1048576K
}
{Heap before GC invocations=188 (full 1):
 PSYoungGen      total 69120K, used 68736K [0x00000007b9c00000, 0x00000007c0000000, 0x00000007c0000000)
  eden space 35840K, 100% used [0x00000007b9c00000,0x00000007bbf00000,0x00000007bbf00000)
  from space 33280K, 98% used [0x00000007bdf80000,0x00000007bffa0000,0x00000007c0000000)
  to   space 33280K, 0% used [0x00000007bbf00000,0x00000007bbf00000,0x00000007bdf80000)
 ParOldGen       total 161280K, used 35463K [0x00000006c1800000, 0x00000006cb580000, 0x00000007b9c00000)
  object space 161280K, 21% used [0x00000006c1800000,0x00000006c3aa1e80,0x00000006cb580000)
 Metaspace       used 2707K, capacity 4486K, committed 4864K, reserved 1056768K
  class space    used 302K, capacity 386K, committed 512K, reserved 1048576K
[GC (Allocation Failure)  104199K->68359K(230400K), 0.0857088 secs]
Heap after GC invocations=188 (full 1):
 PSYoungGen      total 69120K, used 32896K [0x00000007b9c00000, 0x00000007c0000000, 0x00000007c0000000)
  eden space 35840K, 0% used [0x00000007b9c00000,0x00000007b9c00000,0x00000007bbf00000)
  from space 33280K, 98% used [0x00000007bbf00000,0x00000007bdf20000,0x00000007bdf80000)
  to   space 33280K, 0% used [0x00000007bdf80000,0x00000007bdf80000,0x00000007c0000000)
 ParOldGen       total 161280K, used 35463K [0x00000006c1800000, 0x00000006cb580000, 0x00000007b9c00000)
  object space 161280K, 21% used [0x00000006c1800000,0x00000006c3aa1e80,0x00000006cb580000)
 Metaspace       used 2707K, capacity 4486K, committed 4864K, reserved 1056768K
  class space    used 302K, capacity 386K, committed 512K, reserved 1048576K
}
{Heap before GC invocations=189 (full 1):
 PSYoungGen      total 69120K, used 68736K [0x00000007b9c00000, 0x00000007c0000000, 0x00000007c0000000)
  eden space 35840K, 100% used [0x00000007b9c00000,0x00000007bbf00000,0x00000007bbf00000)
  from space 33280K, 98% used [0x00000007bbf00000,0x00000007bdf20000,0x00000007bdf80000)
  to   space 33280K, 0% used [0x00000007bdf80000,0x00000007bdf80000,0x00000007c0000000)
 ParOldGen       total 161280K, used 35463K [0x00000006c1800000, 0x00000006cb580000, 0x00000007b9c00000)
  object space 161280K, 21% used [0x00000006c1800000,0x00000006c3aa1e80,0x00000006cb580000)
 Metaspace       used 2707K, capacity 4486K, committed 4864K, reserved 1056768K
  class space    used 302K, capacity 386K, committed 512K, reserved 1048576K
[GC (Allocation Failure)  104199K->68359K(230400K), 0.0650488 secs]
Heap after GC invocations=189 (full 1):
 PSYoungGen      total 69120K, used 32896K [0x00000007b9c00000, 0x00000007c0000000, 0x00000007c0000000)
  eden space 35840K, 0% used [0x00000007b9c00000,0x00000007b9c00000,0x00000007bbf00000)
  from space 33280K, 98% used [0x00000007bdf80000,0x00000007bffa0000,0x00000007c0000000)
  to   space 33280K, 0% used [0x00000007bbf00000,0x00000007bbf00000,0x00000007bdf80000)
 ParOldGen       total 161280K, used 35463K [0x00000006c1800000, 0x00000006cb580000, 0x00000007b9c00000)
  object space 161280K, 21% used [0x00000006c1800000,0x00000006c3aa1e80,0x00000006cb580000)
 Metaspace       used 2707K, capacity 4486K, committed 4864K, reserved 1056768K
  class space    used 302K, capacity 386K, committed 512K, reserved 1048576K
}
{Heap before GC invocations=190 (full 1):
 PSYoungGen      total 69120K, used 68736K [0x00000007b9c00000, 0x00000007c0000000, 0x00000007c0000000)
  eden space 35840K, 100% used [0x00000007b9c00000,0x00000007bbf00000,0x00000007bbf00000)
  from space 33280K, 98% used [0x00000007bdf80000,0x00000007bffa0000,0x00000007c0000000)
  to   space 33280K, 0% used [0x00000007bbf00000,0x00000007bbf00000,0x00000007bdf80000)
 ParOldGen       total 161280K, used 35463K [0x00000006c1800000, 0x00000006cb580000, 0x00000007b9c00000)
  object space 161280K, 21% used [0x00000006c1800000,0x00000006c3aa1e80,0x00000006cb580000)
 Metaspace       used 2707K, capacity 4486K, committed 4864K, reserved 1056768K
  class space    used 302K, capacity 386K, committed 512K, reserved 1048576K
[GC (Allocation Failure)  104199K->68391K(230400K), 0.0319329 secs]
Heap after GC invocations=190 (full 1):
 PSYoungGen      total 69120K, used 32928K [0x00000007b9c00000, 0x00000007c0000000, 0x00000007c0000000)
  eden space 35840K, 0% used [0x00000007b9c00000,0x00000007b9c00000,0x00000007bbf00000)
  from space 33280K, 98% used [0x00000007bbf00000,0x00000007bdf28000,0x00000007bdf80000)
  to   space 33280K, 0% used [0x00000007bdf80000,0x00000007bdf80000,0x00000007c0000000)
 ParOldGen       total 161280K, used 35463K [0x00000006c1800000, 0x00000006cb580000, 0x00000007b9c00000)
  object space 161280K, 21% used [0x00000006c1800000,0x00000006c3aa1e80,0x00000006cb580000)
 Metaspace       used 2707K, capacity 4486K, committed 4864K, reserved 1056768K
  class space    used 302K, capacity 386K, committed 512K, reserved 1048576K
}
{Heap before GC invocations=191 (full 1):
 PSYoungGen      total 69120K, used 68768K [0x00000007b9c00000, 0x00000007c0000000, 0x00000007c0000000)
  eden space 35840K, 100% used [0x00000007b9c00000,0x00000007bbf00000,0x00000007bbf00000)
  from space 33280K, 98% used [0x00000007bbf00000,0x00000007bdf28000,0x00000007bdf80000)
  to   space 33280K, 0% used [0x00000007bdf80000,0x00000007bdf80000,0x00000007c0000000)
 ParOldGen       total 161280K, used 35463K [0x00000006c1800000, 0x00000006cb580000, 0x00000007b9c00000)
  object space 161280K, 21% used [0x00000006c1800000,0x00000006c3aa1e80,0x00000006cb580000)
 Metaspace       used 2707K, capacity 4486K, committed 4864K, reserved 1056768K
  class space    used 302K, capacity 386K, committed 512K, reserved 1048576K
[GC (Allocation Failure)  104231K->68359K(230400K), 0.0376120 secs]
Heap after GC invocations=191 (full 1):
 PSYoungGen      total 69120K, used 32896K [0x00000007b9c00000, 0x00000007c0000000, 0x00000007c0000000)
  eden space 35840K, 0% used [0x00000007b9c00000,0x00000007b9c00000,0x00000007bbf00000)
  from space 33280K, 98% used [0x00000007bdf80000,0x00000007bffa0000,0x00000007c0000000)
  to   space 33280K, 0% used [0x00000007bbf00000,0x00000007bbf00000,0x00000007bdf80000)
 ParOldGen       total 161280K, used 35463K [0x00000006c1800000, 0x00000006cb580000, 0x00000007b9c00000)
  object space 161280K, 21% used [0x00000006c1800000,0x00000006c3aa1e80,0x00000006cb580000)
 Metaspace       used 2707K, capacity 4486K, committed 4864K, reserved 1056768K
  class space    used 302K, capacity 386K, committed 512K, reserved 1048576K
}
{Heap before GC invocations=192 (full 1):
 PSYoungGen      total 69120K, used 68736K [0x00000007b9c00000, 0x00000007c0000000, 0x00000007c0000000)
  eden space 35840K, 100% used [0x00000007b9c00000,0x00000007bbf00000,0x00000007bbf00000)
  from space 33280K, 98% used [0x00000007bdf80000,0x00000007bffa0000,0x00000007c0000000)
  to   space 33280K, 0% used [0x00000007bbf00000,0x00000007bbf00000,0x00000007bdf80000)
 ParOldGen       total 161280K, used 35463K [0x00000006c1800000, 0x00000006cb580000, 0x00000007b9c00000)
  object space 161280K, 21% used [0x00000006c1800000,0x00000006c3aa1e80,0x00000006cb580000)
 Metaspace       used 2707K, capacity 4486K, committed 4864K, reserved 1056768K
  class space    used 302K, capacity 386K, committed 512K, reserved 1048576K
[GC (Allocation Failure)  104199K->68359K(230400K), 0.0409325 secs]
Heap after GC invocations=192 (full 1):
 PSYoungGen      total 69120K, used 32896K [0x00000007b9c00000, 0x00000007c0000000, 0x00000007c0000000)
  eden space 35840K, 0% used [0x00000007b9c00000,0x00000007b9c00000,0x00000007bbf00000)
  from space 33280K, 98% used [0x00000007bbf00000,0x00000007bdf20000,0x00000007bdf80000)
  to   space 33280K, 0% used [0x00000007bdf80000,0x00000007bdf80000,0x00000007c0000000)
 ParOldGen       total 161280K, used 35463K [0x00000006c1800000, 0x00000006cb580000, 0x00000007b9c00000)
  object space 161280K, 21% used [0x00000006c1800000,0x00000006c3aa1e80,0x00000006cb580000)
 Metaspace       used 2707K, capacity 4486K, committed 4864K, reserved 1056768K
  class space    used 302K, capacity 386K, committed 512K, reserved 1048576K
}
{Heap before GC invocations=193 (full 1):
 PSYoungGen      total 69120K, used 68736K [0x00000007b9c00000, 0x00000007c0000000, 0x00000007c0000000)
  eden space 35840K, 100% used [0x00000007b9c00000,0x00000007bbf00000,0x00000007bbf00000)
  from space 33280K, 98% used [0x00000007bbf00000,0x00000007bdf20000,0x00000007bdf80000)
  to   space 33280K, 0% used [0x00000007bdf80000,0x00000007bdf80000,0x00000007c0000000)
 ParOldGen       total 161280K, used 35463K [0x00000006c1800000, 0x00000006cb580000, 0x00000007b9c00000)
  object space 161280K, 21% used [0x00000006c1800000,0x00000006c3aa1e80,0x00000006cb580000)
 Metaspace       used 2707K, capacity 4486K, committed 4864K, reserved 1056768K
  class space    used 302K, capacity 386K, committed 512K, reserved 1048576K
[GC (Allocation Failure)  104199K->68391K(230400K), 0.0401494 secs]
Heap after GC invocations=193 (full 1):
 PSYoungGen      total 69120K, used 32928K [0x00000007b9c00000, 0x00000007c0000000, 0x00000007c0000000)
  eden space 35840K, 0% used [0x00000007b9c00000,0x00000007b9c00000,0x00000007bbf00000)
  from space 33280K, 98% used [0x00000007bdf80000,0x00000007bffa8000,0x00000007c0000000)
  to   space 33280K, 0% used [0x00000007bbf00000,0x00000007bbf00000,0x00000007bdf80000)
 ParOldGen       total 161280K, used 35463K [0x00000006c1800000, 0x00000006cb580000, 0x00000007b9c00000)
  object space 161280K, 21% used [0x00000006c1800000,0x00000006c3aa1e80,0x00000006cb580000)
 Metaspace       used 2707K, capacity 4486K, committed 4864K, reserved 1056768K
  class space    used 302K, capacity 386K, committed 512K, reserved 1048576K
}
{Heap before GC invocations=194 (full 1):
 PSYoungGen      total 69120K, used 68768K [0x00000007b9c00000, 0x00000007c0000000, 0x00000007c0000000)
  eden space 35840K, 100% used [0x00000007b9c00000,0x00000007bbf00000,0x00000007bbf00000)
  from space 33280K, 98% used [0x00000007bdf80000,0x00000007bffa8000,0x00000007c0000000)
  to   space 33280K, 0% used [0x00000007bbf00000,0x00000007bbf00000,0x00000007bdf80000)
 ParOldGen       total 161280K, used 35463K [0x00000006c1800000, 0x00000006cb580000, 0x00000007b9c00000)
  object space 161280K, 21% used [0x00000006c1800000,0x00000006c3aa1e80,0x00000006cb580000)
 Metaspace       used 2707K, capacity 4486K, committed 4864K, reserved 1056768K
  class space    used 302K, capacity 386K, committed 512K, reserved 1048576K
[GC (Allocation Failure)  104231K->68327K(230400K), 0.0317239 secs]
Heap after GC invocations=194 (full 1):
 PSYoungGen      total 69120K, used 32864K [0x00000007b9c00000, 0x00000007c0000000, 0x00000007c0000000)
  eden space 35840K, 0% used [0x00000007b9c00000,0x00000007b9c00000,0x00000007bbf00000)
  from space 33280K, 98% used [0x00000007bbf00000,0x00000007bdf18000,0x00000007bdf80000)
  to   space 33280K, 0% used [0x00000007bdf80000,0x00000007bdf80000,0x00000007c0000000)
 ParOldGen       total 161280K, used 35463K [0x00000006c1800000, 0x00000006cb580000, 0x00000007b9c00000)
  object space 161280K, 21% used [0x00000006c1800000,0x00000006c3aa1e80,0x00000006cb580000)
 Metaspace       used 2707K, capacity 4486K, committed 4864K, reserved 1056768K
  class space    used 302K, capacity 386K, committed 512K, reserved 1048576K
}
{Heap before GC invocations=195 (full 1):
 PSYoungGen      total 69120K, used 68704K [0x00000007b9c00000, 0x00000007c0000000, 0x00000007c0000000)
  eden space 35840K, 100% used [0x00000007b9c00000,0x00000007bbf00000,0x00000007bbf00000)
  from space 33280K, 98% used [0x00000007bbf00000,0x00000007bdf18000,0x00000007bdf80000)
  to   space 33280K, 0% used [0x00000007bdf80000,0x00000007bdf80000,0x00000007c0000000)
 ParOldGen       total 161280K, used 35463K [0x00000006c1800000, 0x00000006cb580000, 0x00000007b9c00000)
  object space 161280K, 21% used [0x00000006c1800000,0x00000006c3aa1e80,0x00000006cb580000)
 Metaspace       used 2707K, capacity 4486K, committed 4864K, reserved 1056768K
  class space    used 302K, capacity 386K, committed 512K, reserved 1048576K
[GC (Allocation Failure)  104167K->68327K(230400K), 0.0358623 secs]
Heap after GC invocations=195 (full 1):
 PSYoungGen      total 69120K, used 32864K [0x00000007b9c00000, 0x00000007c0000000, 0x00000007c0000000)
  eden space 35840K, 0% used [0x00000007b9c00000,0x00000007b9c00000,0x00000007bbf00000)
  from space 33280K, 98% used [0x00000007bdf80000,0x00000007bff98000,0x00000007c0000000)
  to   space 33280K, 0% used [0x00000007bbf00000,0x00000007bbf00000,0x00000007bdf80000)
 ParOldGen       total 161280K, used 35463K [0x00000006c1800000, 0x00000006cb580000, 0x00000007b9c00000)
  object space 161280K, 21% used [0x00000006c1800000,0x00000006c3aa1e80,0x00000006cb580000)
 Metaspace       used 2707K, capacity 4486K, committed 4864K, reserved 1056768K
  class space    used 302K, capacity 386K, committed 512K, reserved 1048576K
}
{Heap before GC invocations=196 (full 1):
 PSYoungGen      total 69120K, used 68704K [0x00000007b9c00000, 0x00000007c0000000, 0x00000007c0000000)
  eden space 35840K, 100% used [0x00000007b9c00000,0x00000007bbf00000,0x00000007bbf00000)
  from space 33280K, 98% used [0x00000007bdf80000,0x00000007bff98000,0x00000007c0000000)
  to   space 33280K, 0% used [0x00000007bbf00000,0x00000007bbf00000,0x00000007bdf80000)
 ParOldGen       total 161280K, used 35463K [0x00000006c1800000, 0x00000006cb580000, 0x00000007b9c00000)
  object space 161280K, 21% used [0x00000006c1800000,0x00000006c3aa1e80,0x00000006cb580000)
 Metaspace       used 2707K, capacity 4486K, committed 4864K, reserved 1056768K
  class space    used 302K, capacity 386K, committed 512K, reserved 1048576K
[GC (Allocation Failure)  104167K->68359K(230400K), 0.0392319 secs]
Heap after GC invocations=196 (full 1):
 PSYoungGen      total 69120K, used 32896K [0x00000007b9c00000, 0x00000007c0000000, 0x00000007c0000000)
  eden space 35840K, 0% used [0x00000007b9c00000,0x00000007b9c00000,0x00000007bbf00000)
  from space 33280K, 98% used [0x00000007bbf00000,0x00000007bdf20000,0x00000007bdf80000)
  to   space 33280K, 0% used [0x00000007bdf80000,0x00000007bdf80000,0x00000007c0000000)
 ParOldGen       total 161280K, used 35463K [0x00000006c1800000, 0x00000006cb580000, 0x00000007b9c00000)
  object space 161280K, 21% used [0x00000006c1800000,0x00000006c3aa1e80,0x00000006cb580000)
 Metaspace       used 2707K, capacity 4486K, committed 4864K, reserved 1056768K
  class space    used 302K, capacity 386K, committed 512K, reserved 1048576K
}
{Heap before GC invocations=197 (full 1):
 PSYoungGen      total 69120K, used 68736K [0x00000007b9c00000, 0x00000007c0000000, 0x00000007c0000000)
  eden space 35840K, 100% used [0x00000007b9c00000,0x00000007bbf00000,0x00000007bbf00000)
  from space 33280K, 98% used [0x00000007bbf00000,0x00000007bdf20000,0x00000007bdf80000)
  to   space 33280K, 0% used [0x00000007bdf80000,0x00000007bdf80000,0x00000007c0000000)
 ParOldGen       total 161280K, used 35463K [0x00000006c1800000, 0x00000006cb580000, 0x00000007b9c00000)
  object space 161280K, 21% used [0x00000006c1800000,0x00000006c3aa1e80,0x00000006cb580000)
 Metaspace       used 2707K, capacity 4486K, committed 4864K, reserved 1056768K
  class space    used 302K, capacity 386K, committed 512K, reserved 1048576K
[GC (Allocation Failure)  104199K->68359K(230400K), 0.0313365 secs]
Heap after GC invocations=197 (full 1):
 PSYoungGen      total 69120K, used 32896K [0x00000007b9c00000, 0x00000007c0000000, 0x00000007c0000000)
  eden space 35840K, 0% used [0x00000007b9c00000,0x00000007b9c00000,0x00000007bbf00000)
  from space 33280K, 98% used [0x00000007bdf80000,0x00000007bffa0000,0x00000007c0000000)
  to   space 33280K, 0% used [0x00000007bbf00000,0x00000007bbf00000,0x00000007bdf80000)
 ParOldGen       total 161280K, used 35463K [0x00000006c1800000, 0x00000006cb580000, 0x00000007b9c00000)
  object space 161280K, 21% used [0x00000006c1800000,0x00000006c3aa1e80,0x00000006cb580000)
 Metaspace       used 2707K, capacity 4486K, committed 4864K, reserved 1056768K
  class space    used 302K, capacity 386K, committed 512K, reserved 1048576K
}
{Heap before GC invocations=198 (full 1):
 PSYoungGen      total 69120K, used 68736K [0x00000007b9c00000, 0x00000007c0000000, 0x00000007c0000000)
  eden space 35840K, 100% used [0x00000007b9c00000,0x00000007bbf00000,0x00000007bbf00000)
  from space 33280K, 98% used [0x00000007bdf80000,0x00000007bffa0000,0x00000007c0000000)
  to   space 33280K, 0% used [0x00000007bbf00000,0x00000007bbf00000,0x00000007bdf80000)
 ParOldGen       total 161280K, used 35463K [0x00000006c1800000, 0x00000006cb580000, 0x00000007b9c00000)
  object space 161280K, 21% used [0x00000006c1800000,0x00000006c3aa1e80,0x00000006cb580000)
 Metaspace       used 2707K, capacity 4486K, committed 4864K, reserved 1056768K
  class space    used 302K, capacity 386K, committed 512K, reserved 1048576K
[GC (Allocation Failure)  104199K->68359K(230400K), 0.3784660 secs]
Heap after GC invocations=198 (full 1):
 PSYoungGen      total 69120K, used 32896K [0x00000007b9c00000, 0x00000007c0000000, 0x00000007c0000000)
  eden space 35840K, 0% used [0x00000007b9c00000,0x00000007b9c00000,0x00000007bbf00000)
  from space 33280K, 98% used [0x00000007bbf00000,0x00000007bdf20000,0x00000007bdf80000)
  to   space 33280K, 0% used [0x00000007bdf80000,0x00000007bdf80000,0x00000007c0000000)
 ParOldGen       total 161280K, used 35463K [0x00000006c1800000, 0x00000006cb580000, 0x00000007b9c00000)
  object space 161280K, 21% used [0x00000006c1800000,0x00000006c3aa1e80,0x00000006cb580000)
 Metaspace       used 2707K, capacity 4486K, committed 4864K, reserved 1056768K
  class space    used 302K, capacity 386K, committed 512K, reserved 1048576K
}
{Heap before GC invocations=199 (full 1):
 PSYoungGen      total 69120K, used 68736K [0x00000007b9c00000, 0x00000007c0000000, 0x00000007c0000000)
  eden space 35840K, 100% used [0x00000007b9c00000,0x00000007bbf00000,0x00000007bbf00000)
  from space 33280K, 98% used [0x00000007bbf00000,0x00000007bdf20000,0x00000007bdf80000)
  to   space 33280K, 0% used [0x00000007bdf80000,0x00000007bdf80000,0x00000007c0000000)
 ParOldGen       total 161280K, used 35463K [0x00000006c1800000, 0x00000006cb580000, 0x00000007b9c00000)
  object space 161280K, 21% used [0x00000006c1800000,0x00000006c3aa1e80,0x00000006cb580000)
 Metaspace       used 2707K, capacity 4486K, committed 4864K, reserved 1056768K
  class space    used 302K, capacity 386K, committed 512K, reserved 1048576K
[GC (Allocation Failure)  104199K->68359K(230400K), 0.3441786 secs]
Heap after GC invocations=199 (full 1):
 PSYoungGen      total 69120K, used 32896K [0x00000007b9c00000, 0x00000007c0000000, 0x00000007c0000000)
  eden space 35840K, 0% used [0x00000007b9c00000,0x00000007b9c00000,0x00000007bbf00000)
  from space 33280K, 98% used [0x00000007bdf80000,0x00000007bffa0000,0x00000007c0000000)
  to   space 33280K, 0% used [0x00000007bbf00000,0x00000007bbf00000,0x00000007bdf80000)
 ParOldGen       total 161280K, used 35463K [0x00000006c1800000, 0x00000006cb580000, 0x00000007b9c00000)
  object space 161280K, 21% used [0x00000006c1800000,0x00000006c3aa1e80,0x00000006cb580000)
 Metaspace       used 2707K, capacity 4486K, committed 4864K, reserved 1056768K
  class space    used 302K, capacity 386K, committed 512K, reserved 1048576K
}
{Heap before GC invocations=200 (full 1):
 PSYoungGen      total 69120K, used 68736K [0x00000007b9c00000, 0x00000007c0000000, 0x00000007c0000000)
  eden space 35840K, 100% used [0x00000007b9c00000,0x00000007bbf00000,0x00000007bbf00000)
  from space 33280K, 98% used [0x00000007bdf80000,0x00000007bffa0000,0x00000007c0000000)
  to   space 33280K, 0% used [0x00000007bbf00000,0x00000007bbf00000,0x00000007bdf80000)
 ParOldGen       total 161280K, used 35463K [0x00000006c1800000, 0x00000006cb580000, 0x00000007b9c00000)
  object space 161280K, 21% used [0x00000006c1800000,0x00000006c3aa1e80,0x00000006cb580000)
 Metaspace       used 2707K, capacity 4486K, committed 4864K, reserved 1056768K
  class space    used 302K, capacity 386K, committed 512K, reserved 1048576K
[GC (Allocation Failure)  104199K->68359K(230400K), 0.1372863 secs]
Heap after GC invocations=200 (full 1):
 PSYoungGen      total 69120K, used 32896K [0x00000007b9c00000, 0x00000007c0000000, 0x00000007c0000000)
  eden space 35840K, 0% used [0x00000007b9c00000,0x00000007b9c00000,0x00000007bbf00000)
  from space 33280K, 98% used [0x00000007bbf00000,0x00000007bdf20000,0x00000007bdf80000)
  to   space 33280K, 0% used [0x00000007bdf80000,0x00000007bdf80000,0x00000007c0000000)
 ParOldGen       total 161280K, used 35463K [0x00000006c1800000, 0x00000006cb580000, 0x00000007b9c00000)
  object space 161280K, 21% used [0x00000006c1800000,0x00000006c3aa1e80,0x00000006cb580000)
 Metaspace       used 2707K, capacity 4486K, committed 4864K, reserved 1056768K
  class space    used 302K, capacity 386K, committed 512K, reserved 1048576K
}
{Heap before GC invocations=201 (full 1):
 PSYoungGen      total 69120K, used 68736K [0x00000007b9c00000, 0x00000007c0000000, 0x00000007c0000000)
  eden space 35840K, 100% used [0x00000007b9c00000,0x00000007bbf00000,0x00000007bbf00000)
  from space 33280K, 98% used [0x00000007bbf00000,0x00000007bdf20000,0x00000007bdf80000)
  to   space 33280K, 0% used [0x00000007bdf80000,0x00000007bdf80000,0x00000007c0000000)
 ParOldGen       total 161280K, used 35463K [0x00000006c1800000, 0x00000006cb580000, 0x00000007b9c00000)
  object space 161280K, 21% used [0x00000006c1800000,0x00000006c3aa1e80,0x00000006cb580000)
 Metaspace       used 2707K, capacity 4486K, committed 4864K, reserved 1056768K
  class space    used 302K, capacity 386K, committed 512K, reserved 1048576K
[GC (Allocation Failure)  104199K->68391K(230400K), 0.0710721 secs]
Heap after GC invocations=201 (full 1):
 PSYoungGen      total 69120K, used 32928K [0x00000007b9c00000, 0x00000007c0000000, 0x00000007c0000000)
  eden space 35840K, 0% used [0x00000007b9c00000,0x00000007b9c00000,0x00000007bbf00000)
  from space 33280K, 98% used [0x00000007bdf80000,0x00000007bffa8000,0x00000007c0000000)
  to   space 33280K, 0% used [0x00000007bbf00000,0x00000007bbf00000,0x00000007bdf80000)
 ParOldGen       total 161280K, used 35463K [0x00000006c1800000, 0x00000006cb580000, 0x00000007b9c00000)
  object space 161280K, 21% used [0x00000006c1800000,0x00000006c3aa1e80,0x00000006cb580000)
 Metaspace       used 2707K, capacity 4486K, committed 4864K, reserved 1056768K
  class space    used 302K, capacity 386K, committed 512K, reserved 1048576K
}
{Heap before GC invocations=202 (full 1):
 PSYoungGen      total 69120K, used 68768K [0x00000007b9c00000, 0x00000007c0000000, 0x00000007c0000000)
  eden space 35840K, 100% used [0x00000007b9c00000,0x00000007bbf00000,0x00000007bbf00000)
  from space 33280K, 98% used [0x00000007bdf80000,0x00000007bffa8000,0x00000007c0000000)
  to   space 33280K, 0% used [0x00000007bbf00000,0x00000007bbf00000,0x00000007bdf80000)
 ParOldGen       total 161280K, used 35463K [0x00000006c1800000, 0x00000006cb580000, 0x00000007b9c00000)
  object space 161280K, 21% used [0x00000006c1800000,0x00000006c3aa1e80,0x00000006cb580000)
 Metaspace       used 2707K, capacity 4486K, committed 4864K, reserved 1056768K
  class space    used 302K, capacity 386K, committed 512K, reserved 1048576K
[GC (Allocation Failure)  104231K->68359K(230400K), 0.2731668 secs]
Heap after GC invocations=202 (full 1):
 PSYoungGen      total 69120K, used 32896K [0x00000007b9c00000, 0x00000007c0000000, 0x00000007c0000000)
  eden space 35840K, 0% used [0x00000007b9c00000,0x00000007b9c00000,0x00000007bbf00000)
  from space 33280K, 98% used [0x00000007bbf00000,0x00000007bdf20000,0x00000007bdf80000)
  to   space 33280K, 0% used [0x00000007bdf80000,0x00000007bdf80000,0x00000007c0000000)
 ParOldGen       total 161280K, used 35463K [0x00000006c1800000, 0x00000006cb580000, 0x00000007b9c00000)
  object space 161280K, 21% used [0x00000006c1800000,0x00000006c3aa1e80,0x00000006cb580000)
 Metaspace       used 2707K, capacity 4486K, committed 4864K, reserved 1056768K
  class space    used 302K, capacity 386K, committed 512K, reserved 1048576K
}
{Heap before GC invocations=203 (full 1):
 PSYoungGen      total 69120K, used 68736K [0x00000007b9c00000, 0x00000007c0000000, 0x00000007c0000000)
  eden space 35840K, 100% used [0x00000007b9c00000,0x00000007bbf00000,0x00000007bbf00000)
  from space 33280K, 98% used [0x00000007bbf00000,0x00000007bdf20000,0x00000007bdf80000)
  to   space 33280K, 0% used [0x00000007bdf80000,0x00000007bdf80000,0x00000007c0000000)
 ParOldGen       total 161280K, used 35463K [0x00000006c1800000, 0x00000006cb580000, 0x00000007b9c00000)
  object space 161280K, 21% used [0x00000006c1800000,0x00000006c3aa1e80,0x00000006cb580000)
 Metaspace       used 2707K, capacity 4486K, committed 4864K, reserved 1056768K
  class space    used 302K, capacity 386K, committed 512K, reserved 1048576K
[GC (Allocation Failure)  104199K->68359K(230400K), 0.1388122 secs]
Heap after GC invocations=203 (full 1):
 PSYoungGen      total 69120K, used 32896K [0x00000007b9c00000, 0x00000007c0000000, 0x00000007c0000000)
  eden space 35840K, 0% used [0x00000007b9c00000,0x00000007b9c00000,0x00000007bbf00000)
  from space 33280K, 98% used [0x00000007bdf80000,0x00000007bffa0000,0x00000007c0000000)
  to   space 33280K, 0% used [0x00000007bbf00000,0x00000007bbf00000,0x00000007bdf80000)
 ParOldGen       total 161280K, used 35463K [0x00000006c1800000, 0x00000006cb580000, 0x00000007b9c00000)
  object space 161280K, 21% used [0x00000006c1800000,0x00000006c3aa1e80,0x00000006cb580000)
 Metaspace       used 2707K, capacity 4486K, committed 4864K, reserved 1056768K
  class space    used 302K, capacity 386K, committed 512K, reserved 1048576K
}
{Heap before GC invocations=204 (full 1):
 PSYoungGen      total 69120K, used 68736K [0x00000007b9c00000, 0x00000007c0000000, 0x00000007c0000000)
  eden space 35840K, 100% used [0x00000007b9c00000,0x00000007bbf00000,0x00000007bbf00000)
  from space 33280K, 98% used [0x00000007bdf80000,0x00000007bffa0000,0x00000007c0000000)
  to   space 33280K, 0% used [0x00000007bbf00000,0x00000007bbf00000,0x00000007bdf80000)
 ParOldGen       total 161280K, used 35463K [0x00000006c1800000, 0x00000006cb580000, 0x00000007b9c00000)
  object space 161280K, 21% used [0x00000006c1800000,0x00000006c3aa1e80,0x00000006cb580000)
 Metaspace       used 2707K, capacity 4486K, committed 4864K, reserved 1056768K
  class space    used 302K, capacity 386K, committed 512K, reserved 1048576K
[GC (Allocation Failure)  104199K->68359K(230400K), 0.0383511 secs]
Heap after GC invocations=204 (full 1):
 PSYoungGen      total 69120K, used 32896K [0x00000007b9c00000, 0x00000007c0000000, 0x00000007c0000000)
  eden space 35840K, 0% used [0x00000007b9c00000,0x00000007b9c00000,0x00000007bbf00000)
  from space 33280K, 98% used [0x00000007bbf00000,0x00000007bdf20000,0x00000007bdf80000)
  to   space 33280K, 0% used [0x00000007bdf80000,0x00000007bdf80000,0x00000007c0000000)
 ParOldGen       total 161280K, used 35463K [0x00000006c1800000, 0x00000006cb580000, 0x00000007b9c00000)
  object space 161280K, 21% used [0x00000006c1800000,0x00000006c3aa1e80,0x00000006cb580000)
 Metaspace       used 2707K, capacity 4486K, committed 4864K, reserved 1056768K
  class space    used 302K, capacity 386K, committed 512K, reserved 1048576K
}
{Heap before GC invocations=205 (full 1):
 PSYoungGen      total 69120K, used 68736K [0x00000007b9c00000, 0x00000007c0000000, 0x00000007c0000000)
  eden space 35840K, 100% used [0x00000007b9c00000,0x00000007bbf00000,0x00000007bbf00000)
  from space 33280K, 98% used [0x00000007bbf00000,0x00000007bdf20000,0x00000007bdf80000)
  to   space 33280K, 0% used [0x00000007bdf80000,0x00000007bdf80000,0x00000007c0000000)
 ParOldGen       total 161280K, used 35463K [0x00000006c1800000, 0x00000006cb580000, 0x00000007b9c00000)
  object space 161280K, 21% used [0x00000006c1800000,0x00000006c3aa1e80,0x00000006cb580000)
 Metaspace       used 2707K, capacity 4486K, committed 4864K, reserved 1056768K
  class space    used 302K, capacity 386K, committed 512K, reserved 1048576K
[GC (Allocation Failure)  104199K->68391K(230400K), 0.0656189 secs]
Heap after GC invocations=205 (full 1):
 PSYoungGen      total 69120K, used 32928K [0x00000007b9c00000, 0x00000007c0000000, 0x00000007c0000000)
  eden space 35840K, 0% used [0x00000007b9c00000,0x00000007b9c00000,0x00000007bbf00000)
  from space 33280K, 98% used [0x00000007bdf80000,0x00000007bffa8000,0x00000007c0000000)
  to   space 33280K, 0% used [0x00000007bbf00000,0x00000007bbf00000,0x00000007bdf80000)
 ParOldGen       total 161280K, used 35463K [0x00000006c1800000, 0x00000006cb580000, 0x00000007b9c00000)
  object space 161280K, 21% used [0x00000006c1800000,0x00000006c3aa1e80,0x00000006cb580000)
 Metaspace       used 2707K, capacity 4486K, committed 4864K, reserved 1056768K
  class space    used 302K, capacity 386K, committed 512K, reserved 1048576K
}
{Heap before GC invocations=206 (full 1):
 PSYoungGen      total 69120K, used 68768K [0x00000007b9c00000, 0x00000007c0000000, 0x00000007c0000000)
  eden space 35840K, 100% used [0x00000007b9c00000,0x00000007bbf00000,0x00000007bbf00000)
  from space 33280K, 98% used [0x00000007bdf80000,0x00000007bffa8000,0x00000007c0000000)
  to   space 33280K, 0% used [0x00000007bbf00000,0x00000007bbf00000,0x00000007bdf80000)
 ParOldGen       total 161280K, used 35463K [0x00000006c1800000, 0x00000006cb580000, 0x00000007b9c00000)
  object space 161280K, 21% used [0x00000006c1800000,0x00000006c3aa1e80,0x00000006cb580000)
 Metaspace       used 2707K, capacity 4486K, committed 4864K, reserved 1056768K
  class space    used 302K, capacity 386K, committed 512K, reserved 1048576K
[GC (Allocation Failure)  104231K->68359K(230400K), 0.0411500 secs]
Heap after GC invocations=206 (full 1):
 PSYoungGen      total 69120K, used 32896K [0x00000007b9c00000, 0x00000007c0000000, 0x00000007c0000000)
  eden space 35840K, 0% used [0x00000007b9c00000,0x00000007b9c00000,0x00000007bbf00000)
  from space 33280K, 98% used [0x00000007bbf00000,0x00000007bdf20000,0x00000007bdf80000)
  to   space 33280K, 0% used [0x00000007bdf80000,0x00000007bdf80000,0x00000007c0000000)
 ParOldGen       total 161280K, used 35463K [0x00000006c1800000, 0x00000006cb580000, 0x00000007b9c00000)
  object space 161280K, 21% used [0x00000006c1800000,0x00000006c3aa1e80,0x00000006cb580000)
 Metaspace       used 2707K, capacity 4486K, committed 4864K, reserved 1056768K
  class space    used 302K, capacity 386K, committed 512K, reserved 1048576K
}
{Heap before GC invocations=207 (full 1):
 PSYoungGen      total 69120K, used 68736K [0x00000007b9c00000, 0x00000007c0000000, 0x00000007c0000000)
  eden space 35840K, 100% used [0x00000007b9c00000,0x00000007bbf00000,0x00000007bbf00000)
  from space 33280K, 98% used [0x00000007bbf00000,0x00000007bdf20000,0x00000007bdf80000)
  to   space 33280K, 0% used [0x00000007bdf80000,0x00000007bdf80000,0x00000007c0000000)
 ParOldGen       total 161280K, used 35463K [0x00000006c1800000, 0x00000006cb580000, 0x00000007b9c00000)
  object space 161280K, 21% used [0x00000006c1800000,0x00000006c3aa1e80,0x00000006cb580000)
 Metaspace       used 2707K, capacity 4486K, committed 4864K, reserved 1056768K
  class space    used 302K, capacity 386K, committed 512K, reserved 1048576K
[GC (Allocation Failure)  104199K->68359K(230400K), 0.0366608 secs]
Heap after GC invocations=207 (full 1):
 PSYoungGen      total 69120K, used 32896K [0x00000007b9c00000, 0x00000007c0000000, 0x00000007c0000000)
  eden space 35840K, 0% used [0x00000007b9c00000,0x00000007b9c00000,0x00000007bbf00000)
  from space 33280K, 98% used [0x00000007bdf80000,0x00000007bffa0000,0x00000007c0000000)
  to   space 33280K, 0% used [0x00000007bbf00000,0x00000007bbf00000,0x00000007bdf80000)
 ParOldGen       total 161280K, used 35463K [0x00000006c1800000, 0x00000006cb580000, 0x00000007b9c00000)
  object space 161280K, 21% used [0x00000006c1800000,0x00000006c3aa1e80,0x00000006cb580000)
 Metaspace       used 2707K, capacity 4486K, committed 4864K, reserved 1056768K
  class space    used 302K, capacity 386K, committed 512K, reserved 1048576K
}
{Heap before GC invocations=208 (full 1):
 PSYoungGen      total 69120K, used 68736K [0x00000007b9c00000, 0x00000007c0000000, 0x00000007c0000000)
  eden space 35840K, 100% used [0x00000007b9c00000,0x00000007bbf00000,0x00000007bbf00000)
  from space 33280K, 98% used [0x00000007bdf80000,0x00000007bffa0000,0x00000007c0000000)
  to   space 33280K, 0% used [0x00000007bbf00000,0x00000007bbf00000,0x00000007bdf80000)
 ParOldGen       total 161280K, used 35463K [0x00000006c1800000, 0x00000006cb580000, 0x00000007b9c00000)
  object space 161280K, 21% used [0x00000006c1800000,0x00000006c3aa1e80,0x00000006cb580000)
 Metaspace       used 2707K, capacity 4486K, committed 4864K, reserved 1056768K
  class space    used 302K, capacity 386K, committed 512K, reserved 1048576K
[GC (Allocation Failure)  104199K->68327K(230400K), 0.0411282 secs]
Heap after GC invocations=208 (full 1):
 PSYoungGen      total 69120K, used 32864K [0x00000007b9c00000, 0x00000007c0000000, 0x00000007c0000000)
  eden space 35840K, 0% used [0x00000007b9c00000,0x00000007b9c00000,0x00000007bbf00000)
  from space 33280K, 98% used [0x00000007bbf00000,0x00000007bdf18000,0x00000007bdf80000)
  to   space 33280K, 0% used [0x00000007bdf80000,0x00000007bdf80000,0x00000007c0000000)
 ParOldGen       total 161280K, used 35463K [0x00000006c1800000, 0x00000006cb580000, 0x00000007b9c00000)
  object space 161280K, 21% used [0x00000006c1800000,0x00000006c3aa1e80,0x00000006cb580000)
 Metaspace       used 2707K, capacity 4486K, committed 4864K, reserved 1056768K
  class space    used 302K, capacity 386K, committed 512K, reserved 1048576K
}
{Heap before GC invocations=209 (full 1):
 PSYoungGen      total 69120K, used 68704K [0x00000007b9c00000, 0x00000007c0000000, 0x00000007c0000000)
  eden space 35840K, 100% used [0x00000007b9c00000,0x00000007bbf00000,0x00000007bbf00000)
  from space 33280K, 98% used [0x00000007bbf00000,0x00000007bdf18000,0x00000007bdf80000)
  to   space 33280K, 0% used [0x00000007bdf80000,0x00000007bdf80000,0x00000007c0000000)
 ParOldGen       total 161280K, used 35463K [0x00000006c1800000, 0x00000006cb580000, 0x00000007b9c00000)
  object space 161280K, 21% used [0x00000006c1800000,0x00000006c3aa1e80,0x00000006cb580000)
 Metaspace       used 2707K, capacity 4486K, committed 4864K, reserved 1056768K
  class space    used 302K, capacity 386K, committed 512K, reserved 1048576K
[GC (Allocation Failure)  104167K->68359K(230400K), 0.0375862 secs]
Heap after GC invocations=209 (full 1):
 PSYoungGen      total 69120K, used 32896K [0x00000007b9c00000, 0x00000007c0000000, 0x00000007c0000000)
  eden space 35840K, 0% used [0x00000007b9c00000,0x00000007b9c00000,0x00000007bbf00000)
  from space 33280K, 98% used [0x00000007bdf80000,0x00000007bffa0000,0x00000007c0000000)
  to   space 33280K, 0% used [0x00000007bbf00000,0x00000007bbf00000,0x00000007bdf80000)
 ParOldGen       total 161280K, used 35463K [0x00000006c1800000, 0x00000006cb580000, 0x00000007b9c00000)
  object space 161280K, 21% used [0x00000006c1800000,0x00000006c3aa1e80,0x00000006cb580000)
 Metaspace       used 2707K, capacity 4486K, committed 4864K, reserved 1056768K
  class space    used 302K, capacity 386K, committed 512K, reserved 1048576K
}
{Heap before GC invocations=210 (full 1):
 PSYoungGen      total 69120K, used 68736K [0x00000007b9c00000, 0x00000007c0000000, 0x00000007c0000000)
  eden space 35840K, 100% used [0x00000007b9c00000,0x00000007bbf00000,0x00000007bbf00000)
  from space 33280K, 98% used [0x00000007bdf80000,0x00000007bffa0000,0x00000007c0000000)
  to   space 33280K, 0% used [0x00000007bbf00000,0x00000007bbf00000,0x00000007bdf80000)
 ParOldGen       total 161280K, used 35463K [0x00000006c1800000, 0x00000006cb580000, 0x00000007b9c00000)
  object space 161280K, 21% used [0x00000006c1800000,0x00000006c3aa1e80,0x00000006cb580000)
 Metaspace       used 2707K, capacity 4486K, committed 4864K, reserved 1056768K
  class space    used 302K, capacity 386K, committed 512K, reserved 1048576K
[GC (Allocation Failure)  104199K->68359K(230400K), 0.0339188 secs]
Heap after GC invocations=210 (full 1):
 PSYoungGen      total 69120K, used 32896K [0x00000007b9c00000, 0x00000007c0000000, 0x00000007c0000000)
  eden space 35840K, 0% used [0x00000007b9c00000,0x00000007b9c00000,0x00000007bbf00000)
  from space 33280K, 98% used [0x00000007bbf00000,0x00000007bdf20000,0x00000007bdf80000)
  to   space 33280K, 0% used [0x00000007bdf80000,0x00000007bdf80000,0x00000007c0000000)
 ParOldGen       total 161280K, used 35463K [0x00000006c1800000, 0x00000006cb580000, 0x00000007b9c00000)
  object space 161280K, 21% used [0x00000006c1800000,0x00000006c3aa1e80,0x00000006cb580000)
 Metaspace       used 2707K, capacity 4486K, committed 4864K, reserved 1056768K
  class space    used 302K, capacity 386K, committed 512K, reserved 1048576K
}
{Heap before GC invocations=211 (full 1):
 PSYoungGen      total 69120K, used 68736K [0x00000007b9c00000, 0x00000007c0000000, 0x00000007c0000000)
  eden space 35840K, 100% used [0x00000007b9c00000,0x00000007bbf00000,0x00000007bbf00000)
  from space 33280K, 98% used [0x00000007bbf00000,0x00000007bdf20000,0x00000007bdf80000)
  to   space 33280K, 0% used [0x00000007bdf80000,0x00000007bdf80000,0x00000007c0000000)
 ParOldGen       total 161280K, used 35463K [0x00000006c1800000, 0x00000006cb580000, 0x00000007b9c00000)
  object space 161280K, 21% used [0x00000006c1800000,0x00000006c3aa1e80,0x00000006cb580000)
 Metaspace       used 2707K, capacity 4486K, committed 4864K, reserved 1056768K
  class space    used 302K, capacity 386K, committed 512K, reserved 1048576K
[GC (Allocation Failure)  104199K->68391K(230400K), 0.0397035 secs]
Heap after GC invocations=211 (full 1):
 PSYoungGen      total 69120K, used 32928K [0x00000007b9c00000, 0x00000007c0000000, 0x00000007c0000000)
  eden space 35840K, 0% used [0x00000007b9c00000,0x00000007b9c00000,0x00000007bbf00000)
  from space 33280K, 98% used [0x00000007bdf80000,0x00000007bffa8000,0x00000007c0000000)
  to   space 33280K, 0% used [0x00000007bbf00000,0x00000007bbf00000,0x00000007bdf80000)
 ParOldGen       total 161280K, used 35463K [0x00000006c1800000, 0x00000006cb580000, 0x00000007b9c00000)
  object space 161280K, 21% used [0x00000006c1800000,0x00000006c3aa1e80,0x00000006cb580000)
 Metaspace       used 2707K, capacity 4486K, committed 4864K, reserved 1056768K
  class space    used 302K, capacity 386K, committed 512K, reserved 1048576K
}
{Heap before GC invocations=212 (full 1):
 PSYoungGen      total 69120K, used 68768K [0x00000007b9c00000, 0x00000007c0000000, 0x00000007c0000000)
  eden space 35840K, 100% used [0x00000007b9c00000,0x00000007bbf00000,0x00000007bbf00000)
  from space 33280K, 98% used [0x00000007bdf80000,0x00000007bffa8000,0x00000007c0000000)
  to   space 33280K, 0% used [0x00000007bbf00000,0x00000007bbf00000,0x00000007bdf80000)
 ParOldGen       total 161280K, used 35463K [0x00000006c1800000, 0x00000006cb580000, 0x00000007b9c00000)
  object space 161280K, 21% used [0x00000006c1800000,0x00000006c3aa1e80,0x00000006cb580000)
 Metaspace       used 2707K, capacity 4486K, committed 4864K, reserved 1056768K
  class space    used 302K, capacity 386K, committed 512K, reserved 1048576K
[GC (Allocation Failure)  104231K->68327K(230400K), 0.1671153 secs]
Heap after GC invocations=212 (full 1):
 PSYoungGen      total 69120K, used 32864K [0x00000007b9c00000, 0x00000007c0000000, 0x00000007c0000000)
  eden space 35840K, 0% used [0x00000007b9c00000,0x00000007b9c00000,0x00000007bbf00000)
  from space 33280K, 98% used [0x00000007bbf00000,0x00000007bdf18000,0x00000007bdf80000)
  to   space 33280K, 0% used [0x00000007bdf80000,0x00000007bdf80000,0x00000007c0000000)
 ParOldGen       total 161280K, used 35463K [0x00000006c1800000, 0x00000006cb580000, 0x00000007b9c00000)
  object space 161280K, 21% used [0x00000006c1800000,0x00000006c3aa1e80,0x00000006cb580000)
 Metaspace       used 2707K, capacity 4486K, committed 4864K, reserved 1056768K
  class space    used 302K, capacity 386K, committed 512K, reserved 1048576K
}
{Heap before GC invocations=213 (full 1):
 PSYoungGen      total 69120K, used 68704K [0x00000007b9c00000, 0x00000007c0000000, 0x00000007c0000000)
  eden space 35840K, 100% used [0x00000007b9c00000,0x00000007bbf00000,0x00000007bbf00000)
  from space 33280K, 98% used [0x00000007bbf00000,0x00000007bdf18000,0x00000007bdf80000)
  to   space 33280K, 0% used [0x00000007bdf80000,0x00000007bdf80000,0x00000007c0000000)
 ParOldGen       total 161280K, used 35463K [0x00000006c1800000, 0x00000006cb580000, 0x00000007b9c00000)
  object space 161280K, 21% used [0x00000006c1800000,0x00000006c3aa1e80,0x00000006cb580000)
 Metaspace       used 2707K, capacity 4486K, committed 4864K, reserved 1056768K
  class space    used 302K, capacity 386K, committed 512K, reserved 1048576K
[GC (Allocation Failure)  104167K->68359K(230400K), 0.6717772 secs]
Heap after GC invocations=213 (full 1):
 PSYoungGen      total 69120K, used 32896K [0x00000007b9c00000, 0x00000007c0000000, 0x00000007c0000000)
  eden space 35840K, 0% used [0x00000007b9c00000,0x00000007b9c00000,0x00000007bbf00000)
  from space 33280K, 98% used [0x00000007bdf80000,0x00000007bffa0000,0x00000007c0000000)
  to   space 33280K, 0% used [0x00000007bbf00000,0x00000007bbf00000,0x00000007bdf80000)
 ParOldGen       total 161280K, used 35463K [0x00000006c1800000, 0x00000006cb580000, 0x00000007b9c00000)
  object space 161280K, 21% used [0x00000006c1800000,0x00000006c3aa1e80,0x00000006cb580000)
 Metaspace       used 2707K, capacity 4486K, committed 4864K, reserved 1056768K
  class space    used 302K, capacity 386K, committed 512K, reserved 1048576K
}
{Heap before GC invocations=214 (full 1):
 PSYoungGen      total 69120K, used 68736K [0x00000007b9c00000, 0x00000007c0000000, 0x00000007c0000000)
  eden space 35840K, 100% used [0x00000007b9c00000,0x00000007bbf00000,0x00000007bbf00000)
  from space 33280K, 98% used [0x00000007bdf80000,0x00000007bffa0000,0x00000007c0000000)
  to   space 33280K, 0% used [0x00000007bbf00000,0x00000007bbf00000,0x00000007bdf80000)
 ParOldGen       total 161280K, used 35463K [0x00000006c1800000, 0x00000006cb580000, 0x00000007b9c00000)
  object space 161280K, 21% used [0x00000006c1800000,0x00000006c3aa1e80,0x00000006cb580000)
 Metaspace       used 2707K, capacity 4486K, committed 4864K, reserved 1056768K
  class space    used 302K, capacity 386K, committed 512K, reserved 1048576K
[GC (Allocation Failure)  104199K->68359K(230400K), 0.0539511 secs]
Heap after GC invocations=214 (full 1):
 PSYoungGen      total 69120K, used 32896K [0x00000007b9c00000, 0x00000007c0000000, 0x00000007c0000000)
  eden space 35840K, 0% used [0x00000007b9c00000,0x00000007b9c00000,0x00000007bbf00000)
  from space 33280K, 98% used [0x00000007bbf00000,0x00000007bdf20000,0x00000007bdf80000)
  to   space 33280K, 0% used [0x00000007bdf80000,0x00000007bdf80000,0x00000007c0000000)
 ParOldGen       total 161280K, used 35463K [0x00000006c1800000, 0x00000006cb580000, 0x00000007b9c00000)
  object space 161280K, 21% used [0x00000006c1800000,0x00000006c3aa1e80,0x00000006cb580000)
 Metaspace       used 2707K, capacity 4486K, committed 4864K, reserved 1056768K
  class space    used 302K, capacity 386K, committed 512K, reserved 1048576K
}
{Heap before GC invocations=215 (full 1):
 PSYoungGen      total 69120K, used 68736K [0x00000007b9c00000, 0x00000007c0000000, 0x00000007c0000000)
  eden space 35840K, 100% used [0x00000007b9c00000,0x00000007bbf00000,0x00000007bbf00000)
  from space 33280K, 98% used [0x00000007bbf00000,0x00000007bdf20000,0x00000007bdf80000)
  to   space 33280K, 0% used [0x00000007bdf80000,0x00000007bdf80000,0x00000007c0000000)
 ParOldGen       total 161280K, used 35463K [0x00000006c1800000, 0x00000006cb580000, 0x00000007b9c00000)
  object space 161280K, 21% used [0x00000006c1800000,0x00000006c3aa1e80,0x00000006cb580000)
 Metaspace       used 2707K, capacity 4486K, committed 4864K, reserved 1056768K
  class space    used 302K, capacity 386K, committed 512K, reserved 1048576K
[GC (Allocation Failure)  104199K->68359K(230400K), 0.0776083 secs]
Heap after GC invocations=215 (full 1):
 PSYoungGen      total 69120K, used 32896K [0x00000007b9c00000, 0x00000007c0000000, 0x00000007c0000000)
  eden space 35840K, 0% used [0x00000007b9c00000,0x00000007b9c00000,0x00000007bbf00000)
  from space 33280K, 98% used [0x00000007bdf80000,0x00000007bffa0000,0x00000007c0000000)
  to   space 33280K, 0% used [0x00000007bbf00000,0x00000007bbf00000,0x00000007bdf80000)
 ParOldGen       total 161280K, used 35463K [0x00000006c1800000, 0x00000006cb580000, 0x00000007b9c00000)
  object space 161280K, 21% used [0x00000006c1800000,0x00000006c3aa1e80,0x00000006cb580000)
 Metaspace       used 2707K, capacity 4486K, committed 4864K, reserved 1056768K
  class space    used 302K, capacity 386K, committed 512K, reserved 1048576K
}
{Heap before GC invocations=216 (full 1):
 PSYoungGen      total 69120K, used 68736K [0x00000007b9c00000, 0x00000007c0000000, 0x00000007c0000000)
  eden space 35840K, 100% used [0x00000007b9c00000,0x00000007bbf00000,0x00000007bbf00000)
  from space 33280K, 98% used [0x00000007bdf80000,0x00000007bffa0000,0x00000007c0000000)
  to   space 33280K, 0% used [0x00000007bbf00000,0x00000007bbf00000,0x00000007bdf80000)
 ParOldGen       total 161280K, used 35463K [0x00000006c1800000, 0x00000006cb580000, 0x00000007b9c00000)
  object space 161280K, 21% used [0x00000006c1800000,0x00000006c3aa1e80,0x00000006cb580000)
 Metaspace       used 2707K, capacity 4486K, committed 4864K, reserved 1056768K
  class space    used 302K, capacity 386K, committed 512K, reserved 1048576K
[GC (Allocation Failure)  104199K->68359K(230400K), 0.1280667 secs]
Heap after GC invocations=216 (full 1):
 PSYoungGen      total 69120K, used 32896K [0x00000007b9c00000, 0x00000007c0000000, 0x00000007c0000000)
  eden space 35840K, 0% used [0x00000007b9c00000,0x00000007b9c00000,0x00000007bbf00000)
  from space 33280K, 98% used [0x00000007bbf00000,0x00000007bdf20000,0x00000007bdf80000)
  to   space 33280K, 0% used [0x00000007bdf80000,0x00000007bdf80000,0x00000007c0000000)
 ParOldGen       total 161280K, used 35463K [0x00000006c1800000, 0x00000006cb580000, 0x00000007b9c00000)
  object space 161280K, 21% used [0x00000006c1800000,0x00000006c3aa1e80,0x00000006cb580000)
 Metaspace       used 2707K, capacity 4486K, committed 4864K, reserved 1056768K
  class space    used 302K, capacity 386K, committed 512K, reserved 1048576K
}
{Heap before GC invocations=217 (full 1):
 PSYoungGen      total 69120K, used 68736K [0x00000007b9c00000, 0x00000007c0000000, 0x00000007c0000000)
  eden space 35840K, 100% used [0x00000007b9c00000,0x00000007bbf00000,0x00000007bbf00000)
  from space 33280K, 98% used [0x00000007bbf00000,0x00000007bdf20000,0x00000007bdf80000)
  to   space 33280K, 0% used [0x00000007bdf80000,0x00000007bdf80000,0x00000007c0000000)
 ParOldGen       total 161280K, used 35463K [0x00000006c1800000, 0x00000006cb580000, 0x00000007b9c00000)
  object space 161280K, 21% used [0x00000006c1800000,0x00000006c3aa1e80,0x00000006cb580000)
 Metaspace       used 2707K, capacity 4486K, committed 4864K, reserved 1056768K
  class space    used 302K, capacity 386K, committed 512K, reserved 1048576K
[GC (Allocation Failure)  104199K->68327K(230400K), 0.0796056 secs]
Heap after GC invocations=217 (full 1):
 PSYoungGen      total 69120K, used 32864K [0x00000007b9c00000, 0x00000007c0000000, 0x00000007c0000000)
  eden space 35840K, 0% used [0x00000007b9c00000,0x00000007b9c00000,0x00000007bbf00000)
  from space 33280K, 98% used [0x00000007bdf80000,0x00000007bff98000,0x00000007c0000000)
  to   space 33280K, 0% used [0x00000007bbf00000,0x00000007bbf00000,0x00000007bdf80000)
 ParOldGen       total 161280K, used 35463K [0x00000006c1800000, 0x00000006cb580000, 0x00000007b9c00000)
  object space 161280K, 21% used [0x00000006c1800000,0x00000006c3aa1e80,0x00000006cb580000)
 Metaspace       used 2707K, capacity 4486K, committed 4864K, reserved 1056768K
  class space    used 302K, capacity 386K, committed 512K, reserved 1048576K
}
{Heap before GC invocations=218 (full 1):
 PSYoungGen      total 69120K, used 68704K [0x00000007b9c00000, 0x00000007c0000000, 0x00000007c0000000)
  eden space 35840K, 100% used [0x00000007b9c00000,0x00000007bbf00000,0x00000007bbf00000)
  from space 33280K, 98% used [0x00000007bdf80000,0x00000007bff98000,0x00000007c0000000)
  to   space 33280K, 0% used [0x00000007bbf00000,0x00000007bbf00000,0x00000007bdf80000)
 ParOldGen       total 161280K, used 35463K [0x00000006c1800000, 0x00000006cb580000, 0x00000007b9c00000)
  object space 161280K, 21% used [0x00000006c1800000,0x00000006c3aa1e80,0x00000006cb580000)
 Metaspace       used 2707K, capacity 4486K, committed 4864K, reserved 1056768K
  class space    used 302K, capacity 386K, committed 512K, reserved 1048576K
[GC (Allocation Failure)  104167K->68327K(230400K), 0.2509788 secs]
Heap after GC invocations=218 (full 1):
 PSYoungGen      total 69120K, used 32864K [0x00000007b9c00000, 0x00000007c0000000, 0x00000007c0000000)
  eden space 35840K, 0% used [0x00000007b9c00000,0x00000007b9c00000,0x00000007bbf00000)
  from space 33280K, 98% used [0x00000007bbf00000,0x00000007bdf18000,0x00000007bdf80000)
  to   space 33280K, 0% used [0x00000007bdf80000,0x00000007bdf80000,0x00000007c0000000)
 ParOldGen       total 161280K, used 35463K [0x00000006c1800000, 0x00000006cb580000, 0x00000007b9c00000)
  object space 161280K, 21% used [0x00000006c1800000,0x00000006c3aa1e80,0x00000006cb580000)
 Metaspace       used 2707K, capacity 4486K, committed 4864K, reserved 1056768K
  class space    used 302K, capacity 386K, committed 512K, reserved 1048576K
}
{Heap before GC invocations=219 (full 1):
 PSYoungGen      total 69120K, used 68704K [0x00000007b9c00000, 0x00000007c0000000, 0x00000007c0000000)
  eden space 35840K, 100% used [0x00000007b9c00000,0x00000007bbf00000,0x00000007bbf00000)
  from space 33280K, 98% used [0x00000007bbf00000,0x00000007bdf18000,0x00000007bdf80000)
  to   space 33280K, 0% used [0x00000007bdf80000,0x00000007bdf80000,0x00000007c0000000)
 ParOldGen       total 161280K, used 35463K [0x00000006c1800000, 0x00000006cb580000, 0x00000007b9c00000)
  object space 161280K, 21% used [0x00000006c1800000,0x00000006c3aa1e80,0x00000006cb580000)
 Metaspace       used 2707K, capacity 4486K, committed 4864K, reserved 1056768K
  class space    used 302K, capacity 386K, committed 512K, reserved 1048576K
[GC (Allocation Failure)  104167K->68327K(230400K), 0.0402613 secs]
Heap after GC invocations=219 (full 1):
 PSYoungGen      total 69120K, used 32864K [0x00000007b9c00000, 0x00000007c0000000, 0x00000007c0000000)
  eden space 35840K, 0% used [0x00000007b9c00000,0x00000007b9c00000,0x00000007bbf00000)
  from space 33280K, 98% used [0x00000007bdf80000,0x00000007bff98000,0x00000007c0000000)
  to   space 33280K, 0% used [0x00000007bbf00000,0x00000007bbf00000,0x00000007bdf80000)
 ParOldGen       total 161280K, used 35463K [0x00000006c1800000, 0x00000006cb580000, 0x00000007b9c00000)
  object space 161280K, 21% used [0x00000006c1800000,0x00000006c3aa1e80,0x00000006cb580000)
 Metaspace       used 2707K, capacity 4486K, committed 4864K, reserved 1056768K
  class space    used 302K, capacity 386K, committed 512K, reserved 1048576K
}
{Heap before GC invocations=220 (full 1):
 PSYoungGen      total 69120K, used 68704K [0x00000007b9c00000, 0x00000007c0000000, 0x00000007c0000000)
  eden space 35840K, 100% used [0x00000007b9c00000,0x00000007bbf00000,0x00000007bbf00000)
  from space 33280K, 98% used [0x00000007bdf80000,0x00000007bff98000,0x00000007c0000000)
  to   space 33280K, 0% used [0x00000007bbf00000,0x00000007bbf00000,0x00000007bdf80000)
 ParOldGen       total 161280K, used 35463K [0x00000006c1800000, 0x00000006cb580000, 0x00000007b9c00000)
  object space 161280K, 21% used [0x00000006c1800000,0x00000006c3aa1e80,0x00000006cb580000)
 Metaspace       used 2707K, capacity 4486K, committed 4864K, reserved 1056768K
  class space    used 302K, capacity 386K, committed 512K, reserved 1048576K
[GC (Allocation Failure)  104167K->68359K(230400K), 0.0346076 secs]
Heap after GC invocations=220 (full 1):
 PSYoungGen      total 69120K, used 32896K [0x00000007b9c00000, 0x00000007c0000000, 0x00000007c0000000)
  eden space 35840K, 0% used [0x00000007b9c00000,0x00000007b9c00000,0x00000007bbf00000)
  from space 33280K, 98% used [0x00000007bbf00000,0x00000007bdf20000,0x00000007bdf80000)
  to   space 33280K, 0% used [0x00000007bdf80000,0x00000007bdf80000,0x00000007c0000000)
 ParOldGen       total 161280K, used 35463K [0x00000006c1800000, 0x00000006cb580000, 0x00000007b9c00000)
  object space 161280K, 21% used [0x00000006c1800000,0x00000006c3aa1e80,0x00000006cb580000)
 Metaspace       used 2707K, capacity 4486K, committed 4864K, reserved 1056768K
  class space    used 302K, capacity 386K, committed 512K, reserved 1048576K
}
{Heap before GC invocations=221 (full 1):
 PSYoungGen      total 69120K, used 68736K [0x00000007b9c00000, 0x00000007c0000000, 0x00000007c0000000)
  eden space 35840K, 100% used [0x00000007b9c00000,0x00000007bbf00000,0x00000007bbf00000)
  from space 33280K, 98% used [0x00000007bbf00000,0x00000007bdf20000,0x00000007bdf80000)
  to   space 33280K, 0% used [0x00000007bdf80000,0x00000007bdf80000,0x00000007c0000000)
 ParOldGen       total 161280K, used 35463K [0x00000006c1800000, 0x00000006cb580000, 0x00000007b9c00000)
  object space 161280K, 21% used [0x00000006c1800000,0x00000006c3aa1e80,0x00000006cb580000)
 Metaspace       used 2707K, capacity 4486K, committed 4864K, reserved 1056768K
  class space    used 302K, capacity 386K, committed 512K, reserved 1048576K
[GC (Allocation Failure)  104199K->68359K(230400K), 0.0432663 secs]
Heap after GC invocations=221 (full 1):
 PSYoungGen      total 69120K, used 32896K [0x00000007b9c00000, 0x00000007c0000000, 0x00000007c0000000)
  eden space 35840K, 0% used [0x00000007b9c00000,0x00000007b9c00000,0x00000007bbf00000)
  from space 33280K, 98% used [0x00000007bdf80000,0x00000007bffa0000,0x00000007c0000000)
  to   space 33280K, 0% used [0x00000007bbf00000,0x00000007bbf00000,0x00000007bdf80000)
 ParOldGen       total 161280K, used 35463K [0x00000006c1800000, 0x00000006cb580000, 0x00000007b9c00000)
  object space 161280K, 21% used [0x00000006c1800000,0x00000006c3aa1e80,0x00000006cb580000)
 Metaspace       used 2707K, capacity 4486K, committed 4864K, reserved 1056768K
  class space    used 302K, capacity 386K, committed 512K, reserved 1048576K
}
{Heap before GC invocations=222 (full 1):
 PSYoungGen      total 69120K, used 68736K [0x00000007b9c00000, 0x00000007c0000000, 0x00000007c0000000)
  eden space 35840K, 100% used [0x00000007b9c00000,0x00000007bbf00000,0x00000007bbf00000)
  from space 33280K, 98% used [0x00000007bdf80000,0x00000007bffa0000,0x00000007c0000000)
  to   space 33280K, 0% used [0x00000007bbf00000,0x00000007bbf00000,0x00000007bdf80000)
 ParOldGen       total 161280K, used 35463K [0x00000006c1800000, 0x00000006cb580000, 0x00000007b9c00000)
  object space 161280K, 21% used [0x00000006c1800000,0x00000006c3aa1e80,0x00000006cb580000)
 Metaspace       used 2707K, capacity 4486K, committed 4864K, reserved 1056768K
  class space    used 302K, capacity 386K, committed 512K, reserved 1048576K
[GC (Allocation Failure)  104199K->68359K(230400K), 0.0557974 secs]
Heap after GC invocations=222 (full 1):
 PSYoungGen      total 69120K, used 32896K [0x00000007b9c00000, 0x00000007c0000000, 0x00000007c0000000)
  eden space 35840K, 0% used [0x00000007b9c00000,0x00000007b9c00000,0x00000007bbf00000)
  from space 33280K, 98% used [0x00000007bbf00000,0x00000007bdf20000,0x00000007bdf80000)
  to   space 33280K, 0% used [0x00000007bdf80000,0x00000007bdf80000,0x00000007c0000000)
 ParOldGen       total 161280K, used 35463K [0x00000006c1800000, 0x00000006cb580000, 0x00000007b9c00000)
  object space 161280K, 21% used [0x00000006c1800000,0x00000006c3aa1e80,0x00000006cb580000)
 Metaspace       used 2707K, capacity 4486K, committed 4864K, reserved 1056768K
  class space    used 302K, capacity 386K, committed 512K, reserved 1048576K
}
{Heap before GC invocations=223 (full 1):
 PSYoungGen      total 69120K, used 68736K [0x00000007b9c00000, 0x00000007c0000000, 0x00000007c0000000)
  eden space 35840K, 100% used [0x00000007b9c00000,0x00000007bbf00000,0x00000007bbf00000)
  from space 33280K, 98% used [0x00000007bbf00000,0x00000007bdf20000,0x00000007bdf80000)
  to   space 33280K, 0% used [0x00000007bdf80000,0x00000007bdf80000,0x00000007c0000000)
 ParOldGen       total 161280K, used 35463K [0x00000006c1800000, 0x00000006cb580000, 0x00000007b9c00000)
  object space 161280K, 21% used [0x00000006c1800000,0x00000006c3aa1e80,0x00000006cb580000)
 Metaspace       used 2707K, capacity 4486K, committed 4864K, reserved 1056768K
  class space    used 302K, capacity 386K, committed 512K, reserved 1048576K
[GC (Allocation Failure)  104199K->68391K(230400K), 0.0436376 secs]
Heap after GC invocations=223 (full 1):
 PSYoungGen      total 69120K, used 32928K [0x00000007b9c00000, 0x00000007c0000000, 0x00000007c0000000)
  eden space 35840K, 0% used [0x00000007b9c00000,0x00000007b9c00000,0x00000007bbf00000)
  from space 33280K, 98% used [0x00000007bdf80000,0x00000007bffa8000,0x00000007c0000000)
  to   space 33280K, 0% used [0x00000007bbf00000,0x00000007bbf00000,0x00000007bdf80000)
 ParOldGen       total 161280K, used 35463K [0x00000006c1800000, 0x00000006cb580000, 0x00000007b9c00000)
  object space 161280K, 21% used [0x00000006c1800000,0x00000006c3aa1e80,0x00000006cb580000)
 Metaspace       used 2707K, capacity 4486K, committed 4864K, reserved 1056768K
  class space    used 302K, capacity 386K, committed 512K, reserved 1048576K
}
{Heap before GC invocations=224 (full 1):
 PSYoungGen      total 69120K, used 68768K [0x00000007b9c00000, 0x00000007c0000000, 0x00000007c0000000)
  eden space 35840K, 100% used [0x00000007b9c00000,0x00000007bbf00000,0x00000007bbf00000)
  from space 33280K, 98% used [0x00000007bdf80000,0x00000007bffa8000,0x00000007c0000000)
  to   space 33280K, 0% used [0x00000007bbf00000,0x00000007bbf00000,0x00000007bdf80000)
 ParOldGen       total 161280K, used 35463K [0x00000006c1800000, 0x00000006cb580000, 0x00000007b9c00000)
  object space 161280K, 21% used [0x00000006c1800000,0x00000006c3aa1e80,0x00000006cb580000)
 Metaspace       used 2707K, capacity 4486K, committed 4864K, reserved 1056768K
  class space    used 302K, capacity 386K, committed 512K, reserved 1048576K
[GC (Allocation Failure)  104231K->68327K(230400K), 0.0328252 secs]
Heap after GC invocations=224 (full 1):
 PSYoungGen      total 69120K, used 32864K [0x00000007b9c00000, 0x00000007c0000000, 0x00000007c0000000)
  eden space 35840K, 0% used [0x00000007b9c00000,0x00000007b9c00000,0x00000007bbf00000)
  from space 33280K, 98% used [0x00000007bbf00000,0x00000007bdf18000,0x00000007bdf80000)
  to   space 33280K, 0% used [0x00000007bdf80000,0x00000007bdf80000,0x00000007c0000000)
 ParOldGen       total 161280K, used 35463K [0x00000006c1800000, 0x00000006cb580000, 0x00000007b9c00000)
  object space 161280K, 21% used [0x00000006c1800000,0x00000006c3aa1e80,0x00000006cb580000)
 Metaspace       used 2707K, capacity 4486K, committed 4864K, reserved 1056768K
  class space    used 302K, capacity 386K, committed 512K, reserved 1048576K
}
{Heap before GC invocations=225 (full 1):
 PSYoungGen      total 69120K, used 68704K [0x00000007b9c00000, 0x00000007c0000000, 0x00000007c0000000)
  eden space 35840K, 100% used [0x00000007b9c00000,0x00000007bbf00000,0x00000007bbf00000)
  from space 33280K, 98% used [0x00000007bbf00000,0x00000007bdf18000,0x00000007bdf80000)
  to   space 33280K, 0% used [0x00000007bdf80000,0x00000007bdf80000,0x00000007c0000000)
 ParOldGen       total 161280K, used 35463K [0x00000006c1800000, 0x00000006cb580000, 0x00000007b9c00000)
  object space 161280K, 21% used [0x00000006c1800000,0x00000006c3aa1e80,0x00000006cb580000)
 Metaspace       used 2707K, capacity 4486K, committed 4864K, reserved 1056768K
  class space    used 302K, capacity 386K, committed 512K, reserved 1048576K
[GC (Allocation Failure)  104167K->68391K(230400K), 0.0309888 secs]
Heap after GC invocations=225 (full 1):
 PSYoungGen      total 69120K, used 32928K [0x00000007b9c00000, 0x00000007c0000000, 0x00000007c0000000)
  eden space 35840K, 0% used [0x00000007b9c00000,0x00000007b9c00000,0x00000007bbf00000)
  from space 33280K, 98% used [0x00000007bdf80000,0x00000007bffa8000,0x00000007c0000000)
  to   space 33280K, 0% used [0x00000007bbf00000,0x00000007bbf00000,0x00000007bdf80000)
 ParOldGen       total 161280K, used 35463K [0x00000006c1800000, 0x00000006cb580000, 0x00000007b9c00000)
  object space 161280K, 21% used [0x00000006c1800000,0x00000006c3aa1e80,0x00000006cb580000)
 Metaspace       used 2707K, capacity 4486K, committed 4864K, reserved 1056768K
  class space    used 302K, capacity 386K, committed 512K, reserved 1048576K
}
{Heap before GC invocations=226 (full 1):
 PSYoungGen      total 69120K, used 68768K [0x00000007b9c00000, 0x00000007c0000000, 0x00000007c0000000)
  eden space 35840K, 100% used [0x00000007b9c00000,0x00000007bbf00000,0x00000007bbf00000)
  from space 33280K, 98% used [0x00000007bdf80000,0x00000007bffa8000,0x00000007c0000000)
  to   space 33280K, 0% used [0x00000007bbf00000,0x00000007bbf00000,0x00000007bdf80000)
 ParOldGen       total 161280K, used 35463K [0x00000006c1800000, 0x00000006cb580000, 0x00000007b9c00000)
  object space 161280K, 21% used [0x00000006c1800000,0x00000006c3aa1e80,0x00000006cb580000)
 Metaspace       used 2707K, capacity 4486K, committed 4864K, reserved 1056768K
  class space    used 302K, capacity 386K, committed 512K, reserved 1048576K
[GC (Allocation Failure)  104231K->68359K(230400K), 0.0337013 secs]
Heap after GC invocations=226 (full 1):
 PSYoungGen      total 69120K, used 32896K [0x00000007b9c00000, 0x00000007c0000000, 0x00000007c0000000)
  eden space 35840K, 0% used [0x00000007b9c00000,0x00000007b9c00000,0x00000007bbf00000)
  from space 33280K, 98% used [0x00000007bbf00000,0x00000007bdf20000,0x00000007bdf80000)
  to   space 33280K, 0% used [0x00000007bdf80000,0x00000007bdf80000,0x00000007c0000000)
 ParOldGen       total 161280K, used 35463K [0x00000006c1800000, 0x00000006cb580000, 0x00000007b9c00000)
  object space 161280K, 21% used [0x00000006c1800000,0x00000006c3aa1e80,0x00000006cb580000)
 Metaspace       used 2707K, capacity 4486K, committed 4864K, reserved 1056768K
  class space    used 302K, capacity 386K, committed 512K, reserved 1048576K
}
{Heap before GC invocations=227 (full 1):
 PSYoungGen      total 69120K, used 68736K [0x00000007b9c00000, 0x00000007c0000000, 0x00000007c0000000)
  eden space 35840K, 100% used [0x00000007b9c00000,0x00000007bbf00000,0x00000007bbf00000)
  from space 33280K, 98% used [0x00000007bbf00000,0x00000007bdf20000,0x00000007bdf80000)
  to   space 33280K, 0% used [0x00000007bdf80000,0x00000007bdf80000,0x00000007c0000000)
 ParOldGen       total 161280K, used 35463K [0x00000006c1800000, 0x00000006cb580000, 0x00000007b9c00000)
  object space 161280K, 21% used [0x00000006c1800000,0x00000006c3aa1e80,0x00000006cb580000)
 Metaspace       used 2707K, capacity 4486K, committed 4864K, reserved 1056768K
  class space    used 302K, capacity 386K, committed 512K, reserved 1048576K
[GC (Allocation Failure)  104199K->68359K(230400K), 0.0342453 secs]
Heap after GC invocations=227 (full 1):
 PSYoungGen      total 69120K, used 32896K [0x00000007b9c00000, 0x00000007c0000000, 0x00000007c0000000)
  eden space 35840K, 0% used [0x00000007b9c00000,0x00000007b9c00000,0x00000007bbf00000)
  from space 33280K, 98% used [0x00000007bdf80000,0x00000007bffa0000,0x00000007c0000000)
  to   space 33280K, 0% used [0x00000007bbf00000,0x00000007bbf00000,0x00000007bdf80000)
 ParOldGen       total 161280K, used 35463K [0x00000006c1800000, 0x00000006cb580000, 0x00000007b9c00000)
  object space 161280K, 21% used [0x00000006c1800000,0x00000006c3aa1e80,0x00000006cb580000)
 Metaspace       used 2707K, capacity 4486K, committed 4864K, reserved 1056768K
  class space    used 302K, capacity 386K, committed 512K, reserved 1048576K
}
{Heap before GC invocations=228 (full 1):
 PSYoungGen      total 69120K, used 68736K [0x00000007b9c00000, 0x00000007c0000000, 0x00000007c0000000)
  eden space 35840K, 100% used [0x00000007b9c00000,0x00000007bbf00000,0x00000007bbf00000)
  from space 33280K, 98% used [0x00000007bdf80000,0x00000007bffa0000,0x00000007c0000000)
  to   space 33280K, 0% used [0x00000007bbf00000,0x00000007bbf00000,0x00000007bdf80000)
 ParOldGen       total 161280K, used 35463K [0x00000006c1800000, 0x00000006cb580000, 0x00000007b9c00000)
  object space 161280K, 21% used [0x00000006c1800000,0x00000006c3aa1e80,0x00000006cb580000)
 Metaspace       used 2707K, capacity 4486K, committed 4864K, reserved 1056768K
  class space    used 302K, capacity 386K, committed 512K, reserved 1048576K
[GC (Allocation Failure)  104199K->68327K(230400K), 0.0343323 secs]
Heap after GC invocations=228 (full 1):
 PSYoungGen      total 69120K, used 32864K [0x00000007b9c00000, 0x00000007c0000000, 0x00000007c0000000)
  eden space 35840K, 0% used [0x00000007b9c00000,0x00000007b9c00000,0x00000007bbf00000)
  from space 33280K, 98% used [0x00000007bbf00000,0x00000007bdf18000,0x00000007bdf80000)
  to   space 33280K, 0% used [0x00000007bdf80000,0x00000007bdf80000,0x00000007c0000000)
 ParOldGen       total 161280K, used 35463K [0x00000006c1800000, 0x00000006cb580000, 0x00000007b9c00000)
  object space 161280K, 21% used [0x00000006c1800000,0x00000006c3aa1e80,0x00000006cb580000)
 Metaspace       used 2707K, capacity 4486K, committed 4864K, reserved 1056768K
  class space    used 302K, capacity 386K, committed 512K, reserved 1048576K
}
{Heap before GC invocations=229 (full 1):
 PSYoungGen      total 69120K, used 68704K [0x00000007b9c00000, 0x00000007c0000000, 0x00000007c0000000)
  eden space 35840K, 100% used [0x00000007b9c00000,0x00000007bbf00000,0x00000007bbf00000)
  from space 33280K, 98% used [0x00000007bbf00000,0x00000007bdf18000,0x00000007bdf80000)
  to   space 33280K, 0% used [0x00000007bdf80000,0x00000007bdf80000,0x00000007c0000000)
 ParOldGen       total 161280K, used 35463K [0x00000006c1800000, 0x00000006cb580000, 0x00000007b9c00000)
  object space 161280K, 21% used [0x00000006c1800000,0x00000006c3aa1e80,0x00000006cb580000)
 Metaspace       used 2707K, capacity 4486K, committed 4864K, reserved 1056768K
  class space    used 302K, capacity 386K, committed 512K, reserved 1048576K
[GC (Allocation Failure)  104167K->68359K(230400K), 0.0440500 secs]
Heap after GC invocations=229 (full 1):
 PSYoungGen      total 69120K, used 32896K [0x00000007b9c00000, 0x00000007c0000000, 0x00000007c0000000)
  eden space 35840K, 0% used [0x00000007b9c00000,0x00000007b9c00000,0x00000007bbf00000)
  from space 33280K, 98% used [0x00000007bdf80000,0x00000007bffa0000,0x00000007c0000000)
  to   space 33280K, 0% used [0x00000007bbf00000,0x00000007bbf00000,0x00000007bdf80000)
 ParOldGen       total 161280K, used 35463K [0x00000006c1800000, 0x00000006cb580000, 0x00000007b9c00000)
  object space 161280K, 21% used [0x00000006c1800000,0x00000006c3aa1e80,0x00000006cb580000)
 Metaspace       used 2707K, capacity 4486K, committed 4864K, reserved 1056768K
  class space    used 302K, capacity 386K, committed 512K, reserved 1048576K
}
{Heap before GC invocations=230 (full 1):
 PSYoungGen      total 69120K, used 68736K [0x00000007b9c00000, 0x00000007c0000000, 0x00000007c0000000)
  eden space 35840K, 100% used [0x00000007b9c00000,0x00000007bbf00000,0x00000007bbf00000)
  from space 33280K, 98% used [0x00000007bdf80000,0x00000007bffa0000,0x00000007c0000000)
  to   space 33280K, 0% used [0x00000007bbf00000,0x00000007bbf00000,0x00000007bdf80000)
 ParOldGen       total 161280K, used 35463K [0x00000006c1800000, 0x00000006cb580000, 0x00000007b9c00000)
  object space 161280K, 21% used [0x00000006c1800000,0x00000006c3aa1e80,0x00000006cb580000)
 Metaspace       used 2707K, capacity 4486K, committed 4864K, reserved 1056768K
  class space    used 302K, capacity 386K, committed 512K, reserved 1048576K
[GC (Allocation Failure)  104199K->68359K(230400K), 0.0315887 secs]
Heap after GC invocations=230 (full 1):
 PSYoungGen      total 69120K, used 32896K [0x00000007b9c00000, 0x00000007c0000000, 0x00000007c0000000)
  eden space 35840K, 0% used [0x00000007b9c00000,0x00000007b9c00000,0x00000007bbf00000)
  from space 33280K, 98% used [0x00000007bbf00000,0x00000007bdf20000,0x00000007bdf80000)
  to   space 33280K, 0% used [0x00000007bdf80000,0x00000007bdf80000,0x00000007c0000000)
 ParOldGen       total 161280K, used 35463K [0x00000006c1800000, 0x00000006cb580000, 0x00000007b9c00000)
  object space 161280K, 21% used [0x00000006c1800000,0x00000006c3aa1e80,0x00000006cb580000)
 Metaspace       used 2707K, capacity 4486K, committed 4864K, reserved 1056768K
  class space    used 302K, capacity 386K, committed 512K, reserved 1048576K
}
{Heap before GC invocations=231 (full 1):
 PSYoungGen      total 69120K, used 68736K [0x00000007b9c00000, 0x00000007c0000000, 0x00000007c0000000)
  eden space 35840K, 100% used [0x00000007b9c00000,0x00000007bbf00000,0x00000007bbf00000)
  from space 33280K, 98% used [0x00000007bbf00000,0x00000007bdf20000,0x00000007bdf80000)
  to   space 33280K, 0% used [0x00000007bdf80000,0x00000007bdf80000,0x00000007c0000000)
 ParOldGen       total 161280K, used 35463K [0x00000006c1800000, 0x00000006cb580000, 0x00000007b9c00000)
  object space 161280K, 21% used [0x00000006c1800000,0x00000006c3aa1e80,0x00000006cb580000)
 Metaspace       used 2707K, capacity 4486K, committed 4864K, reserved 1056768K
  class space    used 302K, capacity 386K, committed 512K, reserved 1048576K
[GC (Allocation Failure)  104199K->68359K(230400K), 0.0358390 secs]
Heap after GC invocations=231 (full 1):
 PSYoungGen      total 69120K, used 32896K [0x00000007b9c00000, 0x00000007c0000000, 0x00000007c0000000)
  eden space 35840K, 0% used [0x00000007b9c00000,0x00000007b9c00000,0x00000007bbf00000)
  from space 33280K, 98% used [0x00000007bdf80000,0x00000007bffa0000,0x00000007c0000000)
  to   space 33280K, 0% used [0x00000007bbf00000,0x00000007bbf00000,0x00000007bdf80000)
 ParOldGen       total 161280K, used 35463K [0x00000006c1800000, 0x00000006cb580000, 0x00000007b9c00000)
  object space 161280K, 21% used [0x00000006c1800000,0x00000006c3aa1e80,0x00000006cb580000)
 Metaspace       used 2707K, capacity 4486K, committed 4864K, reserved 1056768K
  class space    used 302K, capacity 386K, committed 512K, reserved 1048576K
}
{Heap before GC invocations=232 (full 1):
 PSYoungGen      total 69120K, used 68736K [0x00000007b9c00000, 0x00000007c0000000, 0x00000007c0000000)
  eden space 35840K, 100% used [0x00000007b9c00000,0x00000007bbf00000,0x00000007bbf00000)
  from space 33280K, 98% used [0x00000007bdf80000,0x00000007bffa0000,0x00000007c0000000)
  to   space 33280K, 0% used [0x00000007bbf00000,0x00000007bbf00000,0x00000007bdf80000)
 ParOldGen       total 161280K, used 35463K [0x00000006c1800000, 0x00000006cb580000, 0x00000007b9c00000)
  object space 161280K, 21% used [0x00000006c1800000,0x00000006c3aa1e80,0x00000006cb580000)
 Metaspace       used 2707K, capacity 4486K, committed 4864K, reserved 1056768K
  class space    used 302K, capacity 386K, committed 512K, reserved 1048576K
[GC (Allocation Failure)  104199K->68359K(230400K), 0.0481961 secs]
Heap after GC invocations=232 (full 1):
 PSYoungGen      total 69120K, used 32896K [0x00000007b9c00000, 0x00000007c0000000, 0x00000007c0000000)
  eden space 35840K, 0% used [0x00000007b9c00000,0x00000007b9c00000,0x00000007bbf00000)
  from space 33280K, 98% used [0x00000007bbf00000,0x00000007bdf20000,0x00000007bdf80000)
  to   space 33280K, 0% used [0x00000007bdf80000,0x00000007bdf80000,0x00000007c0000000)
 ParOldGen       total 161280K, used 35463K [0x00000006c1800000, 0x00000006cb580000, 0x00000007b9c00000)
  object space 161280K, 21% used [0x00000006c1800000,0x00000006c3aa1e80,0x00000006cb580000)
 Metaspace       used 2707K, capacity 4486K, committed 4864K, reserved 1056768K
  class space    used 302K, capacity 386K, committed 512K, reserved 1048576K
}
{Heap before GC invocations=233 (full 1):
 PSYoungGen      total 69120K, used 68736K [0x00000007b9c00000, 0x00000007c0000000, 0x00000007c0000000)
  eden space 35840K, 100% used [0x00000007b9c00000,0x00000007bbf00000,0x00000007bbf00000)
  from space 33280K, 98% used [0x00000007bbf00000,0x00000007bdf20000,0x00000007bdf80000)
  to   space 33280K, 0% used [0x00000007bdf80000,0x00000007bdf80000,0x00000007c0000000)
 ParOldGen       total 161280K, used 35463K [0x00000006c1800000, 0x00000006cb580000, 0x00000007b9c00000)
  object space 161280K, 21% used [0x00000006c1800000,0x00000006c3aa1e80,0x00000006cb580000)
 Metaspace       used 2707K, capacity 4486K, committed 4864K, reserved 1056768K
  class space    used 302K, capacity 386K, committed 512K, reserved 1048576K
[GC (Allocation Failure)  104199K->68327K(230400K), 0.0397361 secs]
Heap after GC invocations=233 (full 1):
 PSYoungGen      total 69120K, used 32864K [0x00000007b9c00000, 0x00000007c0000000, 0x00000007c0000000)
  eden space 35840K, 0% used [0x00000007b9c00000,0x00000007b9c00000,0x00000007bbf00000)
  from space 33280K, 98% used [0x00000007bdf80000,0x00000007bff98000,0x00000007c0000000)
  to   space 33280K, 0% used [0x00000007bbf00000,0x00000007bbf00000,0x00000007bdf80000)
 ParOldGen       total 161280K, used 35463K [0x00000006c1800000, 0x00000006cb580000, 0x00000007b9c00000)
  object space 161280K, 21% used [0x00000006c1800000,0x00000006c3aa1e80,0x00000006cb580000)
 Metaspace       used 2707K, capacity 4486K, committed 4864K, reserved 1056768K
  class space    used 302K, capacity 386K, committed 512K, reserved 1048576K
}
{Heap before GC invocations=234 (full 1):
 PSYoungGen      total 69120K, used 68704K [0x00000007b9c00000, 0x00000007c0000000, 0x00000007c0000000)
  eden space 35840K, 100% used [0x00000007b9c00000,0x00000007bbf00000,0x00000007bbf00000)
  from space 33280K, 98% used [0x00000007bdf80000,0x00000007bff98000,0x00000007c0000000)
  to   space 33280K, 0% used [0x00000007bbf00000,0x00000007bbf00000,0x00000007bdf80000)
 ParOldGen       total 161280K, used 35463K [0x00000006c1800000, 0x00000006cb580000, 0x00000007b9c00000)
  object space 161280K, 21% used [0x00000006c1800000,0x00000006c3aa1e80,0x00000006cb580000)
 Metaspace       used 2707K, capacity 4486K, committed 4864K, reserved 1056768K
  class space    used 302K, capacity 386K, committed 512K, reserved 1048576K
[GC (Allocation Failure)  104167K->68327K(230400K), 0.0478163 secs]
Heap after GC invocations=234 (full 1):
 PSYoungGen      total 69120K, used 32864K [0x00000007b9c00000, 0x00000007c0000000, 0x00000007c0000000)
  eden space 35840K, 0% used [0x00000007b9c00000,0x00000007b9c00000,0x00000007bbf00000)
  from space 33280K, 98% used [0x00000007bbf00000,0x00000007bdf18000,0x00000007bdf80000)
  to   space 33280K, 0% used [0x00000007bdf80000,0x00000007bdf80000,0x00000007c0000000)
 ParOldGen       total 161280K, used 35463K [0x00000006c1800000, 0x00000006cb580000, 0x00000007b9c00000)
  object space 161280K, 21% used [0x00000006c1800000,0x00000006c3aa1e80,0x00000006cb580000)
 Metaspace       used 2707K, capacity 4486K, committed 4864K, reserved 1056768K
  class space    used 302K, capacity 386K, committed 512K, reserved 1048576K
}
{Heap before GC invocations=235 (full 1):
 PSYoungGen      total 69120K, used 68704K [0x00000007b9c00000, 0x00000007c0000000, 0x00000007c0000000)
  eden space 35840K, 100% used [0x00000007b9c00000,0x00000007bbf00000,0x00000007bbf00000)
  from space 33280K, 98% used [0x00000007bbf00000,0x00000007bdf18000,0x00000007bdf80000)
  to   space 33280K, 0% used [0x00000007bdf80000,0x00000007bdf80000,0x00000007c0000000)
 ParOldGen       total 161280K, used 35463K [0x00000006c1800000, 0x00000006cb580000, 0x00000007b9c00000)
  object space 161280K, 21% used [0x00000006c1800000,0x00000006c3aa1e80,0x00000006cb580000)
 Metaspace       used 2707K, capacity 4486K, committed 4864K, reserved 1056768K
  class space    used 302K, capacity 386K, committed 512K, reserved 1048576K
[GC (Allocation Failure)  104167K->68359K(230400K), 0.0361147 secs]
Heap after GC invocations=235 (full 1):
 PSYoungGen      total 69120K, used 32896K [0x00000007b9c00000, 0x00000007c0000000, 0x00000007c0000000)
  eden space 35840K, 0% used [0x00000007b9c00000,0x00000007b9c00000,0x00000007bbf00000)
  from space 33280K, 98% used [0x00000007bdf80000,0x00000007bffa0000,0x00000007c0000000)
  to   space 33280K, 0% used [0x00000007bbf00000,0x00000007bbf00000,0x00000007bdf80000)
 ParOldGen       total 161280K, used 35463K [0x00000006c1800000, 0x00000006cb580000, 0x00000007b9c00000)
  object space 161280K, 21% used [0x00000006c1800000,0x00000006c3aa1e80,0x00000006cb580000)
 Metaspace       used 2707K, capacity 4486K, committed 4864K, reserved 1056768K
  class space    used 302K, capacity 386K, committed 512K, reserved 1048576K
}
{Heap before GC invocations=236 (full 1):
 PSYoungGen      total 69120K, used 68736K [0x00000007b9c00000, 0x00000007c0000000, 0x00000007c0000000)
  eden space 35840K, 100% used [0x00000007b9c00000,0x00000007bbf00000,0x00000007bbf00000)
  from space 33280K, 98% used [0x00000007bdf80000,0x00000007bffa0000,0x00000007c0000000)
  to   space 33280K, 0% used [0x00000007bbf00000,0x00000007bbf00000,0x00000007bdf80000)
 ParOldGen       total 161280K, used 35463K [0x00000006c1800000, 0x00000006cb580000, 0x00000007b9c00000)
  object space 161280K, 21% used [0x00000006c1800000,0x00000006c3aa1e80,0x00000006cb580000)
 Metaspace       used 2707K, capacity 4486K, committed 4864K, reserved 1056768K
  class space    used 302K, capacity 386K, committed 512K, reserved 1048576K
[GC (Allocation Failure)  104199K->68359K(230400K), 0.0377480 secs]
Heap after GC invocations=236 (full 1):
 PSYoungGen      total 69120K, used 32896K [0x00000007b9c00000, 0x00000007c0000000, 0x00000007c0000000)
  eden space 35840K, 0% used [0x00000007b9c00000,0x00000007b9c00000,0x00000007bbf00000)
  from space 33280K, 98% used [0x00000007bbf00000,0x00000007bdf20000,0x00000007bdf80000)
  to   space 33280K, 0% used [0x00000007bdf80000,0x00000007bdf80000,0x00000007c0000000)
 ParOldGen       total 161280K, used 35463K [0x00000006c1800000, 0x00000006cb580000, 0x00000007b9c00000)
  object space 161280K, 21% used [0x00000006c1800000,0x00000006c3aa1e80,0x00000006cb580000)
 Metaspace       used 2707K, capacity 4486K, committed 4864K, reserved 1056768K
  class space    used 302K, capacity 386K, committed 512K, reserved 1048576K
}
{Heap before GC invocations=237 (full 1):
 PSYoungGen      total 69120K, used 68736K [0x00000007b9c00000, 0x00000007c0000000, 0x00000007c0000000)
  eden space 35840K, 100% used [0x00000007b9c00000,0x00000007bbf00000,0x00000007bbf00000)
  from space 33280K, 98% used [0x00000007bbf00000,0x00000007bdf20000,0x00000007bdf80000)
  to   space 33280K, 0% used [0x00000007bdf80000,0x00000007bdf80000,0x00000007c0000000)
 ParOldGen       total 161280K, used 35463K [0x00000006c1800000, 0x00000006cb580000, 0x00000007b9c00000)
  object space 161280K, 21% used [0x00000006c1800000,0x00000006c3aa1e80,0x00000006cb580000)
 Metaspace       used 2707K, capacity 4486K, committed 4864K, reserved 1056768K
  class space    used 302K, capacity 386K, committed 512K, reserved 1048576K
[GC (Allocation Failure)  104199K->68327K(230400K), 0.0390112 secs]
Heap after GC invocations=237 (full 1):
 PSYoungGen      total 69120K, used 32864K [0x00000007b9c00000, 0x00000007c0000000, 0x00000007c0000000)
  eden space 35840K, 0% used [0x00000007b9c00000,0x00000007b9c00000,0x00000007bbf00000)
  from space 33280K, 98% used [0x00000007bdf80000,0x00000007bff98000,0x00000007c0000000)
  to   space 33280K, 0% used [0x00000007bbf00000,0x00000007bbf00000,0x00000007bdf80000)
 ParOldGen       total 161280K, used 35463K [0x00000006c1800000, 0x00000006cb580000, 0x00000007b9c00000)
  object space 161280K, 21% used [0x00000006c1800000,0x00000006c3aa1e80,0x00000006cb580000)
 Metaspace       used 2707K, capacity 4486K, committed 4864K, reserved 1056768K
  class space    used 302K, capacity 386K, committed 512K, reserved 1048576K
}
{Heap before GC invocations=238 (full 1):
 PSYoungGen      total 69120K, used 68704K [0x00000007b9c00000, 0x00000007c0000000, 0x00000007c0000000)
  eden space 35840K, 100% used [0x00000007b9c00000,0x00000007bbf00000,0x00000007bbf00000)
  from space 33280K, 98% used [0x00000007bdf80000,0x00000007bff98000,0x00000007c0000000)
  to   space 33280K, 0% used [0x00000007bbf00000,0x00000007bbf00000,0x00000007bdf80000)
 ParOldGen       total 161280K, used 35463K [0x00000006c1800000, 0x00000006cb580000, 0x00000007b9c00000)
  object space 161280K, 21% used [0x00000006c1800000,0x00000006c3aa1e80,0x00000006cb580000)
 Metaspace       used 2707K, capacity 4486K, committed 4864K, reserved 1056768K
  class space    used 302K, capacity 386K, committed 512K, reserved 1048576K
[GC (Allocation Failure)  104167K->68359K(230400K), 0.0457191 secs]
Heap after GC invocations=238 (full 1):
 PSYoungGen      total 69120K, used 32896K [0x00000007b9c00000, 0x00000007c0000000, 0x00000007c0000000)
  eden space 35840K, 0% used [0x00000007b9c00000,0x00000007b9c00000,0x00000007bbf00000)
  from space 33280K, 98% used [0x00000007bbf00000,0x00000007bdf20000,0x00000007bdf80000)
  to   space 33280K, 0% used [0x00000007bdf80000,0x00000007bdf80000,0x00000007c0000000)
 ParOldGen       total 161280K, used 35463K [0x00000006c1800000, 0x00000006cb580000, 0x00000007b9c00000)
  object space 161280K, 21% used [0x00000006c1800000,0x00000006c3aa1e80,0x00000006cb580000)
 Metaspace       used 2707K, capacity 4486K, committed 4864K, reserved 1056768K
  class space    used 302K, capacity 386K, committed 512K, reserved 1048576K
}
{Heap before GC invocations=239 (full 1):
 PSYoungGen      total 69120K, used 68736K [0x00000007b9c00000, 0x00000007c0000000, 0x00000007c0000000)
  eden space 35840K, 100% used [0x00000007b9c00000,0x00000007bbf00000,0x00000007bbf00000)
  from space 33280K, 98% used [0x00000007bbf00000,0x00000007bdf20000,0x00000007bdf80000)
  to   space 33280K, 0% used [0x00000007bdf80000,0x00000007bdf80000,0x00000007c0000000)
 ParOldGen       total 161280K, used 35463K [0x00000006c1800000, 0x00000006cb580000, 0x00000007b9c00000)
  object space 161280K, 21% used [0x00000006c1800000,0x00000006c3aa1e80,0x00000006cb580000)
 Metaspace       used 2707K, capacity 4486K, committed 4864K, reserved 1056768K
  class space    used 302K, capacity 386K, committed 512K, reserved 1048576K
[GC (Allocation Failure)  104199K->68327K(230400K), 0.0347076 secs]
Heap after GC invocations=239 (full 1):
 PSYoungGen      total 69120K, used 32864K [0x00000007b9c00000, 0x00000007c0000000, 0x00000007c0000000)
  eden space 35840K, 0% used [0x00000007b9c00000,0x00000007b9c00000,0x00000007bbf00000)
  from space 33280K, 98% used [0x00000007bdf80000,0x00000007bff98000,0x00000007c0000000)
  to   space 33280K, 0% used [0x00000007bbf00000,0x00000007bbf00000,0x00000007bdf80000)
 ParOldGen       total 161280K, used 35463K [0x00000006c1800000, 0x00000006cb580000, 0x00000007b9c00000)
  object space 161280K, 21% used [0x00000006c1800000,0x00000006c3aa1e80,0x00000006cb580000)
 Metaspace       used 2707K, capacity 4486K, committed 4864K, reserved 1056768K
  class space    used 302K, capacity 386K, committed 512K, reserved 1048576K
}
{Heap before GC invocations=240 (full 1):
 PSYoungGen      total 69120K, used 68704K [0x00000007b9c00000, 0x00000007c0000000, 0x00000007c0000000)
  eden space 35840K, 100% used [0x00000007b9c00000,0x00000007bbf00000,0x00000007bbf00000)
  from space 33280K, 98% used [0x00000007bdf80000,0x00000007bff98000,0x00000007c0000000)
  to   space 33280K, 0% used [0x00000007bbf00000,0x00000007bbf00000,0x00000007bdf80000)
 ParOldGen       total 161280K, used 35463K [0x00000006c1800000, 0x00000006cb580000, 0x00000007b9c00000)
  object space 161280K, 21% used [0x00000006c1800000,0x00000006c3aa1e80,0x00000006cb580000)
 Metaspace       used 2707K, capacity 4486K, committed 4864K, reserved 1056768K
  class space    used 302K, capacity 386K, committed 512K, reserved 1048576K
[GC (Allocation Failure)  104167K->68391K(230400K), 0.0371798 secs]
Heap after GC invocations=240 (full 1):
 PSYoungGen      total 69120K, used 32928K [0x00000007b9c00000, 0x00000007c0000000, 0x00000007c0000000)
  eden space 35840K, 0% used [0x00000007b9c00000,0x00000007b9c00000,0x00000007bbf00000)
  from space 33280K, 98% used [0x00000007bbf00000,0x00000007bdf28000,0x00000007bdf80000)
  to   space 33280K, 0% used [0x00000007bdf80000,0x00000007bdf80000,0x00000007c0000000)
 ParOldGen       total 161280K, used 35463K [0x00000006c1800000, 0x00000006cb580000, 0x00000007b9c00000)
  object space 161280K, 21% used [0x00000006c1800000,0x00000006c3aa1e80,0x00000006cb580000)
 Metaspace       used 2707K, capacity 4486K, committed 4864K, reserved 1056768K
  class space    used 302K, capacity 386K, committed 512K, reserved 1048576K
}
{Heap before GC invocations=241 (full 1):
 PSYoungGen      total 69120K, used 68768K [0x00000007b9c00000, 0x00000007c0000000, 0x00000007c0000000)
  eden space 35840K, 100% used [0x00000007b9c00000,0x00000007bbf00000,0x00000007bbf00000)
  from space 33280K, 98% used [0x00000007bbf00000,0x00000007bdf28000,0x00000007bdf80000)
  to   space 33280K, 0% used [0x00000007bdf80000,0x00000007bdf80000,0x00000007c0000000)
 ParOldGen       total 161280K, used 35463K [0x00000006c1800000, 0x00000006cb580000, 0x00000007b9c00000)
  object space 161280K, 21% used [0x00000006c1800000,0x00000006c3aa1e80,0x00000006cb580000)
 Metaspace       used 2707K, capacity 4486K, committed 4864K, reserved 1056768K
  class space    used 302K, capacity 386K, committed 512K, reserved 1048576K
[GC (Allocation Failure)  104231K->68359K(230400K), 0.0396063 secs]
Heap after GC invocations=241 (full 1):
 PSYoungGen      total 69120K, used 32896K [0x00000007b9c00000, 0x00000007c0000000, 0x00000007c0000000)
  eden space 35840K, 0% used [0x00000007b9c00000,0x00000007b9c00000,0x00000007bbf00000)
  from space 33280K, 98% used [0x00000007bdf80000,0x00000007bffa0000,0x00000007c0000000)
  to   space 33280K, 0% used [0x00000007bbf00000,0x00000007bbf00000,0x00000007bdf80000)
 ParOldGen       total 161280K, used 35463K [0x00000006c1800000, 0x00000006cb580000, 0x00000007b9c00000)
  object space 161280K, 21% used [0x00000006c1800000,0x00000006c3aa1e80,0x00000006cb580000)
 Metaspace       used 2707K, capacity 4486K, committed 4864K, reserved 1056768K
  class space    used 302K, capacity 386K, committed 512K, reserved 1048576K
}
{Heap before GC invocations=242 (full 1):
 PSYoungGen      total 69120K, used 68736K [0x00000007b9c00000, 0x00000007c0000000, 0x00000007c0000000)
  eden space 35840K, 100% used [0x00000007b9c00000,0x00000007bbf00000,0x00000007bbf00000)
  from space 33280K, 98% used [0x00000007bdf80000,0x00000007bffa0000,0x00000007c0000000)
  to   space 33280K, 0% used [0x00000007bbf00000,0x00000007bbf00000,0x00000007bdf80000)
 ParOldGen       total 161280K, used 35463K [0x00000006c1800000, 0x00000006cb580000, 0x00000007b9c00000)
  object space 161280K, 21% used [0x00000006c1800000,0x00000006c3aa1e80,0x00000006cb580000)
 Metaspace       used 2707K, capacity 4486K, committed 4864K, reserved 1056768K
  class space    used 302K, capacity 386K, committed 512K, reserved 1048576K
[GC (Allocation Failure)  104199K->68391K(230400K), 0.0378309 secs]
Heap after GC invocations=242 (full 1):
 PSYoungGen      total 69120K, used 32928K [0x00000007b9c00000, 0x00000007c0000000, 0x00000007c0000000)
  eden space 35840K, 0% used [0x00000007b9c00000,0x00000007b9c00000,0x00000007bbf00000)
  from space 33280K, 98% used [0x00000007bbf00000,0x00000007bdf28000,0x00000007bdf80000)
  to   space 33280K, 0% used [0x00000007bdf80000,0x00000007bdf80000,0x00000007c0000000)
 ParOldGen       total 161280K, used 35463K [0x00000006c1800000, 0x00000006cb580000, 0x00000007b9c00000)
  object space 161280K, 21% used [0x00000006c1800000,0x00000006c3aa1e80,0x00000006cb580000)
 Metaspace       used 2707K, capacity 4486K, committed 4864K, reserved 1056768K
  class space    used 302K, capacity 386K, committed 512K, reserved 1048576K
}
{Heap before GC invocations=243 (full 1):
 PSYoungGen      total 69120K, used 68768K [0x00000007b9c00000, 0x00000007c0000000, 0x00000007c0000000)
  eden space 35840K, 100% used [0x00000007b9c00000,0x00000007bbf00000,0x00000007bbf00000)
  from space 33280K, 98% used [0x00000007bbf00000,0x00000007bdf28000,0x00000007bdf80000)
  to   space 33280K, 0% used [0x00000007bdf80000,0x00000007bdf80000,0x00000007c0000000)
 ParOldGen       total 161280K, used 35463K [0x00000006c1800000, 0x00000006cb580000, 0x00000007b9c00000)
  object space 161280K, 21% used [0x00000006c1800000,0x00000006c3aa1e80,0x00000006cb580000)
 Metaspace       used 2707K, capacity 4486K, committed 4864K, reserved 1056768K
  class space    used 302K, capacity 386K, committed 512K, reserved 1048576K
[GC (Allocation Failure)  104231K->68359K(230400K), 0.0356066 secs]
Heap after GC invocations=243 (full 1):
 PSYoungGen      total 69120K, used 32896K [0x00000007b9c00000, 0x00000007c0000000, 0x00000007c0000000)
  eden space 35840K, 0% used [0x00000007b9c00000,0x00000007b9c00000,0x00000007bbf00000)
  from space 33280K, 98% used [0x00000007bdf80000,0x00000007bffa0000,0x00000007c0000000)
  to   space 33280K, 0% used [0x00000007bbf00000,0x00000007bbf00000,0x00000007bdf80000)
 ParOldGen       total 161280K, used 35463K [0x00000006c1800000, 0x00000006cb580000, 0x00000007b9c00000)
  object space 161280K, 21% used [0x00000006c1800000,0x00000006c3aa1e80,0x00000006cb580000)
 Metaspace       used 2707K, capacity 4486K, committed 4864K, reserved 1056768K
  class space    used 302K, capacity 386K, committed 512K, reserved 1048576K
}
{Heap before GC invocations=244 (full 1):
 PSYoungGen      total 69120K, used 68736K [0x00000007b9c00000, 0x00000007c0000000, 0x00000007c0000000)
  eden space 35840K, 100% used [0x00000007b9c00000,0x00000007bbf00000,0x00000007bbf00000)
  from space 33280K, 98% used [0x00000007bdf80000,0x00000007bffa0000,0x00000007c0000000)
  to   space 33280K, 0% used [0x00000007bbf00000,0x00000007bbf00000,0x00000007bdf80000)
 ParOldGen       total 161280K, used 35463K [0x00000006c1800000, 0x00000006cb580000, 0x00000007b9c00000)
  object space 161280K, 21% used [0x00000006c1800000,0x00000006c3aa1e80,0x00000006cb580000)
 Metaspace       used 2707K, capacity 4486K, committed 4864K, reserved 1056768K
  class space    used 302K, capacity 386K, committed 512K, reserved 1048576K
[GC (Allocation Failure)  104199K->68359K(230400K), 0.0307895 secs]
Heap after GC invocations=244 (full 1):
 PSYoungGen      total 69120K, used 32896K [0x00000007b9c00000, 0x00000007c0000000, 0x00000007c0000000)
  eden space 35840K, 0% used [0x00000007b9c00000,0x00000007b9c00000,0x00000007bbf00000)
  from space 33280K, 98% used [0x00000007bbf00000,0x00000007bdf20000,0x00000007bdf80000)
  to   space 33280K, 0% used [0x00000007bdf80000,0x00000007bdf80000,0x00000007c0000000)
 ParOldGen       total 161280K, used 35463K [0x00000006c1800000, 0x00000006cb580000, 0x00000007b9c00000)
  object space 161280K, 21% used [0x00000006c1800000,0x00000006c3aa1e80,0x00000006cb580000)
 Metaspace       used 2707K, capacity 4486K, committed 4864K, reserved 1056768K
  class space    used 302K, capacity 386K, committed 512K, reserved 1048576K
}
{Heap before GC invocations=245 (full 1):
 PSYoungGen      total 69120K, used 68736K [0x00000007b9c00000, 0x00000007c0000000, 0x00000007c0000000)
  eden space 35840K, 100% used [0x00000007b9c00000,0x00000007bbf00000,0x00000007bbf00000)
  from space 33280K, 98% used [0x00000007bbf00000,0x00000007bdf20000,0x00000007bdf80000)
  to   space 33280K, 0% used [0x00000007bdf80000,0x00000007bdf80000,0x00000007c0000000)
 ParOldGen       total 161280K, used 35463K [0x00000006c1800000, 0x00000006cb580000, 0x00000007b9c00000)
  object space 161280K, 21% used [0x00000006c1800000,0x00000006c3aa1e80,0x00000006cb580000)
 Metaspace       used 2707K, capacity 4486K, committed 4864K, reserved 1056768K
  class space    used 302K, capacity 386K, committed 512K, reserved 1048576K
[GC (Allocation Failure)  104199K->68391K(230400K), 0.0331528 secs]
Heap after GC invocations=245 (full 1):
 PSYoungGen      total 69120K, used 32928K [0x00000007b9c00000, 0x00000007c0000000, 0x00000007c0000000)
  eden space 35840K, 0% used [0x00000007b9c00000,0x00000007b9c00000,0x00000007bbf00000)
  from space 33280K, 98% used [0x00000007bdf80000,0x00000007bffa8000,0x00000007c0000000)
  to   space 33280K, 0% used [0x00000007bbf00000,0x00000007bbf00000,0x00000007bdf80000)
 ParOldGen       total 161280K, used 35463K [0x00000006c1800000, 0x00000006cb580000, 0x00000007b9c00000)
  object space 161280K, 21% used [0x00000006c1800000,0x00000006c3aa1e80,0x00000006cb580000)
 Metaspace       used 2707K, capacity 4486K, committed 4864K, reserved 1056768K
  class space    used 302K, capacity 386K, committed 512K, reserved 1048576K
}
{Heap before GC invocations=246 (full 1):
 PSYoungGen      total 69120K, used 68768K [0x00000007b9c00000, 0x00000007c0000000, 0x00000007c0000000)
  eden space 35840K, 100% used [0x00000007b9c00000,0x00000007bbf00000,0x00000007bbf00000)
  from space 33280K, 98% used [0x00000007bdf80000,0x00000007bffa8000,0x00000007c0000000)
  to   space 33280K, 0% used [0x00000007bbf00000,0x00000007bbf00000,0x00000007bdf80000)
 ParOldGen       total 161280K, used 35463K [0x00000006c1800000, 0x00000006cb580000, 0x00000007b9c00000)
  object space 161280K, 21% used [0x00000006c1800000,0x00000006c3aa1e80,0x00000006cb580000)
 Metaspace       used 2707K, capacity 4486K, committed 4864K, reserved 1056768K
  class space    used 302K, capacity 386K, committed 512K, reserved 1048576K
[GC (Allocation Failure)  104231K->68327K(230400K), 0.0319596 secs]
Heap after GC invocations=246 (full 1):
 PSYoungGen      total 69120K, used 32864K [0x00000007b9c00000, 0x00000007c0000000, 0x00000007c0000000)
  eden space 35840K, 0% used [0x00000007b9c00000,0x00000007b9c00000,0x00000007bbf00000)
  from space 33280K, 98% used [0x00000007bbf00000,0x00000007bdf18000,0x00000007bdf80000)
  to   space 33280K, 0% used [0x00000007bdf80000,0x00000007bdf80000,0x00000007c0000000)
 ParOldGen       total 161280K, used 35463K [0x00000006c1800000, 0x00000006cb580000, 0x00000007b9c00000)
  object space 161280K, 21% used [0x00000006c1800000,0x00000006c3aa1e80,0x00000006cb580000)
 Metaspace       used 2707K, capacity 4486K, committed 4864K, reserved 1056768K
  class space    used 302K, capacity 386K, committed 512K, reserved 1048576K
}
{Heap before GC invocations=247 (full 1):
 PSYoungGen      total 69120K, used 68704K [0x00000007b9c00000, 0x00000007c0000000, 0x00000007c0000000)
  eden space 35840K, 100% used [0x00000007b9c00000,0x00000007bbf00000,0x00000007bbf00000)
  from space 33280K, 98% used [0x00000007bbf00000,0x00000007bdf18000,0x00000007bdf80000)
  to   space 33280K, 0% used [0x00000007bdf80000,0x00000007bdf80000,0x00000007c0000000)
 ParOldGen       total 161280K, used 35463K [0x00000006c1800000, 0x00000006cb580000, 0x00000007b9c00000)
  object space 161280K, 21% used [0x00000006c1800000,0x00000006c3aa1e80,0x00000006cb580000)
 Metaspace       used 2707K, capacity 4486K, committed 4864K, reserved 1056768K
  class space    used 302K, capacity 386K, committed 512K, reserved 1048576K
[GC (Allocation Failure)  104167K->68327K(230400K), 0.0296849 secs]
Heap after GC invocations=247 (full 1):
 PSYoungGen      total 69120K, used 32864K [0x00000007b9c00000, 0x00000007c0000000, 0x00000007c0000000)
  eden space 35840K, 0% used [0x00000007b9c00000,0x00000007b9c00000,0x00000007bbf00000)
  from space 33280K, 98% used [0x00000007bdf80000,0x00000007bff98000,0x00000007c0000000)
  to   space 33280K, 0% used [0x00000007bbf00000,0x00000007bbf00000,0x00000007bdf80000)
 ParOldGen       total 161280K, used 35463K [0x00000006c1800000, 0x00000006cb580000, 0x00000007b9c00000)
  object space 161280K, 21% used [0x00000006c1800000,0x00000006c3aa1e80,0x00000006cb580000)
 Metaspace       used 2707K, capacity 4486K, committed 4864K, reserved 1056768K
  class space    used 302K, capacity 386K, committed 512K, reserved 1048576K
}
{Heap before GC invocations=248 (full 1):
 PSYoungGen      total 69120K, used 68704K [0x00000007b9c00000, 0x00000007c0000000, 0x00000007c0000000)
  eden space 35840K, 100% used [0x00000007b9c00000,0x00000007bbf00000,0x00000007bbf00000)
  from space 33280K, 98% used [0x00000007bdf80000,0x00000007bff98000,0x00000007c0000000)
  to   space 33280K, 0% used [0x00000007bbf00000,0x00000007bbf00000,0x00000007bdf80000)
 ParOldGen       total 161280K, used 35463K [0x00000006c1800000, 0x00000006cb580000, 0x00000007b9c00000)
  object space 161280K, 21% used [0x00000006c1800000,0x00000006c3aa1e80,0x00000006cb580000)
 Metaspace       used 2707K, capacity 4486K, committed 4864K, reserved 1056768K
  class space    used 302K, capacity 386K, committed 512K, reserved 1048576K
[GC (Allocation Failure)  104167K->68359K(230400K), 0.0354645 secs]
Heap after GC invocations=248 (full 1):
 PSYoungGen      total 69120K, used 32896K [0x00000007b9c00000, 0x00000007c0000000, 0x00000007c0000000)
  eden space 35840K, 0% used [0x00000007b9c00000,0x00000007b9c00000,0x00000007bbf00000)
  from space 33280K, 98% used [0x00000007bbf00000,0x00000007bdf20000,0x00000007bdf80000)
  to   space 33280K, 0% used [0x00000007bdf80000,0x00000007bdf80000,0x00000007c0000000)
 ParOldGen       total 161280K, used 35463K [0x00000006c1800000, 0x00000006cb580000, 0x00000007b9c00000)
  object space 161280K, 21% used [0x00000006c1800000,0x00000006c3aa1e80,0x00000006cb580000)
 Metaspace       used 2707K, capacity 4486K, committed 4864K, reserved 1056768K
  class space    used 302K, capacity 386K, committed 512K, reserved 1048576K
}
{Heap before GC invocations=249 (full 1):
 PSYoungGen      total 69120K, used 68736K [0x00000007b9c00000, 0x00000007c0000000, 0x00000007c0000000)
  eden space 35840K, 100% used [0x00000007b9c00000,0x00000007bbf00000,0x00000007bbf00000)
  from space 33280K, 98% used [0x00000007bbf00000,0x00000007bdf20000,0x00000007bdf80000)
  to   space 33280K, 0% used [0x00000007bdf80000,0x00000007bdf80000,0x00000007c0000000)
 ParOldGen       total 161280K, used 35463K [0x00000006c1800000, 0x00000006cb580000, 0x00000007b9c00000)
  object space 161280K, 21% used [0x00000006c1800000,0x00000006c3aa1e80,0x00000006cb580000)
 Metaspace       used 2707K, capacity 4486K, committed 4864K, reserved 1056768K
  class space    used 302K, capacity 386K, committed 512K, reserved 1048576K
[GC (Allocation Failure)  104199K->68359K(230400K), 0.0378482 secs]
Heap after GC invocations=249 (full 1):
 PSYoungGen      total 69120K, used 32896K [0x00000007b9c00000, 0x00000007c0000000, 0x00000007c0000000)
  eden space 35840K, 0% used [0x00000007b9c00000,0x00000007b9c00000,0x00000007bbf00000)
  from space 33280K, 98% used [0x00000007bdf80000,0x00000007bffa0000,0x00000007c0000000)
  to   space 33280K, 0% used [0x00000007bbf00000,0x00000007bbf00000,0x00000007bdf80000)
 ParOldGen       total 161280K, used 35463K [0x00000006c1800000, 0x00000006cb580000, 0x00000007b9c00000)
  object space 161280K, 21% used [0x00000006c1800000,0x00000006c3aa1e80,0x00000006cb580000)
 Metaspace       used 2707K, capacity 4486K, committed 4864K, reserved 1056768K
  class space    used 302K, capacity 386K, committed 512K, reserved 1048576K
}
{Heap before GC invocations=250 (full 1):
 PSYoungGen      total 69120K, used 68736K [0x00000007b9c00000, 0x00000007c0000000, 0x00000007c0000000)
  eden space 35840K, 100% used [0x00000007b9c00000,0x00000007bbf00000,0x00000007bbf00000)
  from space 33280K, 98% used [0x00000007bdf80000,0x00000007bffa0000,0x00000007c0000000)
  to   space 33280K, 0% used [0x00000007bbf00000,0x00000007bbf00000,0x00000007bdf80000)
 ParOldGen       total 161280K, used 35463K [0x00000006c1800000, 0x00000006cb580000, 0x00000007b9c00000)
  object space 161280K, 21% used [0x00000006c1800000,0x00000006c3aa1e80,0x00000006cb580000)
 Metaspace       used 2707K, capacity 4486K, committed 4864K, reserved 1056768K
  class space    used 302K, capacity 386K, committed 512K, reserved 1048576K
[GC (Allocation Failure)  104199K->68359K(230400K), 0.0354626 secs]
Heap after GC invocations=250 (full 1):
 PSYoungGen      total 69120K, used 32896K [0x00000007b9c00000, 0x00000007c0000000, 0x00000007c0000000)
  eden space 35840K, 0% used [0x00000007b9c00000,0x00000007b9c00000,0x00000007bbf00000)
  from space 33280K, 98% used [0x00000007bbf00000,0x00000007bdf20000,0x00000007bdf80000)
  to   space 33280K, 0% used [0x00000007bdf80000,0x00000007bdf80000,0x00000007c0000000)
 ParOldGen       total 161280K, used 35463K [0x00000006c1800000, 0x00000006cb580000, 0x00000007b9c00000)
  object space 161280K, 21% used [0x00000006c1800000,0x00000006c3aa1e80,0x00000006cb580000)
 Metaspace       used 2707K, capacity 4486K, committed 4864K, reserved 1056768K
  class space    used 302K, capacity 386K, committed 512K, reserved 1048576K
}
{Heap before GC invocations=251 (full 1):
 PSYoungGen      total 69120K, used 68736K [0x00000007b9c00000, 0x00000007c0000000, 0x00000007c0000000)
  eden space 35840K, 100% used [0x00000007b9c00000,0x00000007bbf00000,0x00000007bbf00000)
  from space 33280K, 98% used [0x00000007bbf00000,0x00000007bdf20000,0x00000007bdf80000)
  to   space 33280K, 0% used [0x00000007bdf80000,0x00000007bdf80000,0x00000007c0000000)
 ParOldGen       total 161280K, used 35463K [0x00000006c1800000, 0x00000006cb580000, 0x00000007b9c00000)
  object space 161280K, 21% used [0x00000006c1800000,0x00000006c3aa1e80,0x00000006cb580000)
 Metaspace       used 2707K, capacity 4486K, committed 4864K, reserved 1056768K
  class space    used 302K, capacity 386K, committed 512K, reserved 1048576K
[GC (Allocation Failure)  104199K->68359K(230400K), 0.0332610 secs]
Heap after GC invocations=251 (full 1):
 PSYoungGen      total 69120K, used 32896K [0x00000007b9c00000, 0x00000007c0000000, 0x00000007c0000000)
  eden space 35840K, 0% used [0x00000007b9c00000,0x00000007b9c00000,0x00000007bbf00000)
  from space 33280K, 98% used [0x00000007bdf80000,0x00000007bffa0000,0x00000007c0000000)
  to   space 33280K, 0% used [0x00000007bbf00000,0x00000007bbf00000,0x00000007bdf80000)
 ParOldGen       total 161280K, used 35463K [0x00000006c1800000, 0x00000006cb580000, 0x00000007b9c00000)
  object space 161280K, 21% used [0x00000006c1800000,0x00000006c3aa1e80,0x00000006cb580000)
 Metaspace       used 2707K, capacity 4486K, committed 4864K, reserved 1056768K
  class space    used 302K, capacity 386K, committed 512K, reserved 1048576K
}
{Heap before GC invocations=252 (full 1):
 PSYoungGen      total 69120K, used 68736K [0x00000007b9c00000, 0x00000007c0000000, 0x00000007c0000000)
  eden space 35840K, 100% used [0x00000007b9c00000,0x00000007bbf00000,0x00000007bbf00000)
  from space 33280K, 98% used [0x00000007bdf80000,0x00000007bffa0000,0x00000007c0000000)
  to   space 33280K, 0% used [0x00000007bbf00000,0x00000007bbf00000,0x00000007bdf80000)
 ParOldGen       total 161280K, used 35463K [0x00000006c1800000, 0x00000006cb580000, 0x00000007b9c00000)
  object space 161280K, 21% used [0x00000006c1800000,0x00000006c3aa1e80,0x00000006cb580000)
 Metaspace       used 2707K, capacity 4486K, committed 4864K, reserved 1056768K
  class space    used 302K, capacity 386K, committed 512K, reserved 1048576K
[GC (Allocation Failure)  104199K->68359K(230400K), 0.0374385 secs]
Heap after GC invocations=252 (full 1):
 PSYoungGen      total 69120K, used 32896K [0x00000007b9c00000, 0x00000007c0000000, 0x00000007c0000000)
  eden space 35840K, 0% used [0x00000007b9c00000,0x00000007b9c00000,0x00000007bbf00000)
  from space 33280K, 98% used [0x00000007bbf00000,0x00000007bdf20000,0x00000007bdf80000)
  to   space 33280K, 0% used [0x00000007bdf80000,0x00000007bdf80000,0x00000007c0000000)
 ParOldGen       total 161280K, used 35463K [0x00000006c1800000, 0x00000006cb580000, 0x00000007b9c00000)
  object space 161280K, 21% used [0x00000006c1800000,0x00000006c3aa1e80,0x00000006cb580000)
 Metaspace       used 2707K, capacity 4486K, committed 4864K, reserved 1056768K
  class space    used 302K, capacity 386K, committed 512K, reserved 1048576K
}
{Heap before GC invocations=253 (full 1):
 PSYoungGen      total 69120K, used 68736K [0x00000007b9c00000, 0x00000007c0000000, 0x00000007c0000000)
  eden space 35840K, 100% used [0x00000007b9c00000,0x00000007bbf00000,0x00000007bbf00000)
  from space 33280K, 98% used [0x00000007bbf00000,0x00000007bdf20000,0x00000007bdf80000)
  to   space 33280K, 0% used [0x00000007bdf80000,0x00000007bdf80000,0x00000007c0000000)
 ParOldGen       total 161280K, used 35463K [0x00000006c1800000, 0x00000006cb580000, 0x00000007b9c00000)
  object space 161280K, 21% used [0x00000006c1800000,0x00000006c3aa1e80,0x00000006cb580000)
 Metaspace       used 2707K, capacity 4486K, committed 4864K, reserved 1056768K
  class space    used 302K, capacity 386K, committed 512K, reserved 1048576K
[GC (Allocation Failure)  104199K->68359K(230400K), 0.0472331 secs]
Heap after GC invocations=253 (full 1):
 PSYoungGen      total 69120K, used 32896K [0x00000007b9c00000, 0x00000007c0000000, 0x00000007c0000000)
  eden space 35840K, 0% used [0x00000007b9c00000,0x00000007b9c00000,0x00000007bbf00000)
  from space 33280K, 98% used [0x00000007bdf80000,0x00000007bffa0000,0x00000007c0000000)
  to   space 33280K, 0% used [0x00000007bbf00000,0x00000007bbf00000,0x00000007bdf80000)
 ParOldGen       total 161280K, used 35463K [0x00000006c1800000, 0x00000006cb580000, 0x00000007b9c00000)
  object space 161280K, 21% used [0x00000006c1800000,0x00000006c3aa1e80,0x00000006cb580000)
 Metaspace       used 2707K, capacity 4486K, committed 4864K, reserved 1056768K
  class space    used 302K, capacity 386K, committed 512K, reserved 1048576K
}
{Heap before GC invocations=254 (full 1):
 PSYoungGen      total 69120K, used 68736K [0x00000007b9c00000, 0x00000007c0000000, 0x00000007c0000000)
  eden space 35840K, 100% used [0x00000007b9c00000,0x00000007bbf00000,0x00000007bbf00000)
  from space 33280K, 98% used [0x00000007bdf80000,0x00000007bffa0000,0x00000007c0000000)
  to   space 33280K, 0% used [0x00000007bbf00000,0x00000007bbf00000,0x00000007bdf80000)
 ParOldGen       total 161280K, used 35463K [0x00000006c1800000, 0x00000006cb580000, 0x00000007b9c00000)
  object space 161280K, 21% used [0x00000006c1800000,0x00000006c3aa1e80,0x00000006cb580000)
 Metaspace       used 2707K, capacity 4486K, committed 4864K, reserved 1056768K
  class space    used 302K, capacity 386K, committed 512K, reserved 1048576K
[GC (Allocation Failure)  104199K->68359K(230400K), 0.0380356 secs]
Heap after GC invocations=254 (full 1):
 PSYoungGen      total 69120K, used 32896K [0x00000007b9c00000, 0x00000007c0000000, 0x00000007c0000000)
  eden space 35840K, 0% used [0x00000007b9c00000,0x00000007b9c00000,0x00000007bbf00000)
  from space 33280K, 98% used [0x00000007bbf00000,0x00000007bdf20000,0x00000007bdf80000)
  to   space 33280K, 0% used [0x00000007bdf80000,0x00000007bdf80000,0x00000007c0000000)
 ParOldGen       total 161280K, used 35463K [0x00000006c1800000, 0x00000006cb580000, 0x00000007b9c00000)
  object space 161280K, 21% used [0x00000006c1800000,0x00000006c3aa1e80,0x00000006cb580000)
 Metaspace       used 2707K, capacity 4486K, committed 4864K, reserved 1056768K
  class space    used 302K, capacity 386K, committed 512K, reserved 1048576K
}
{Heap before GC invocations=255 (full 1):
 PSYoungGen      total 69120K, used 68736K [0x00000007b9c00000, 0x00000007c0000000, 0x00000007c0000000)
  eden space 35840K, 100% used [0x00000007b9c00000,0x00000007bbf00000,0x00000007bbf00000)
  from space 33280K, 98% used [0x00000007bbf00000,0x00000007bdf20000,0x00000007bdf80000)
  to   space 33280K, 0% used [0x00000007bdf80000,0x00000007bdf80000,0x00000007c0000000)
 ParOldGen       total 161280K, used 35463K [0x00000006c1800000, 0x00000006cb580000, 0x00000007b9c00000)
  object space 161280K, 21% used [0x00000006c1800000,0x00000006c3aa1e80,0x00000006cb580000)
 Metaspace       used 2707K, capacity 4486K, committed 4864K, reserved 1056768K
  class space    used 302K, capacity 386K, committed 512K, reserved 1048576K
[GC (Allocation Failure)  104199K->68359K(230400K), 0.0383540 secs]
Heap after GC invocations=255 (full 1):
 PSYoungGen      total 69120K, used 32896K [0x00000007b9c00000, 0x00000007c0000000, 0x00000007c0000000)
  eden space 35840K, 0% used [0x00000007b9c00000,0x00000007b9c00000,0x00000007bbf00000)
  from space 33280K, 98% used [0x00000007bdf80000,0x00000007bffa0000,0x00000007c0000000)
  to   space 33280K, 0% used [0x00000007bbf00000,0x00000007bbf00000,0x00000007bdf80000)
 ParOldGen       total 161280K, used 35463K [0x00000006c1800000, 0x00000006cb580000, 0x00000007b9c00000)
  object space 161280K, 21% used [0x00000006c1800000,0x00000006c3aa1e80,0x00000006cb580000)
 Metaspace       used 2707K, capacity 4486K, committed 4864K, reserved 1056768K
  class space    used 302K, capacity 386K, committed 512K, reserved 1048576K
}
{Heap before GC invocations=256 (full 1):
 PSYoungGen      total 69120K, used 68736K [0x00000007b9c00000, 0x00000007c0000000, 0x00000007c0000000)
  eden space 35840K, 100% used [0x00000007b9c00000,0x00000007bbf00000,0x00000007bbf00000)
  from space 33280K, 98% used [0x00000007bdf80000,0x00000007bffa0000,0x00000007c0000000)
  to   space 33280K, 0% used [0x00000007bbf00000,0x00000007bbf00000,0x00000007bdf80000)
 ParOldGen       total 161280K, used 35463K [0x00000006c1800000, 0x00000006cb580000, 0x00000007b9c00000)
  object space 161280K, 21% used [0x00000006c1800000,0x00000006c3aa1e80,0x00000006cb580000)
 Metaspace       used 2707K, capacity 4486K, committed 4864K, reserved 1056768K
  class space    used 302K, capacity 386K, committed 512K, reserved 1048576K
[GC (Allocation Failure)  104199K->68359K(230400K), 0.0435467 secs]
Heap after GC invocations=256 (full 1):
 PSYoungGen      total 69120K, used 32896K [0x00000007b9c00000, 0x00000007c0000000, 0x00000007c0000000)
  eden space 35840K, 0% used [0x00000007b9c00000,0x00000007b9c00000,0x00000007bbf00000)
  from space 33280K, 98% used [0x00000007bbf00000,0x00000007bdf20000,0x00000007bdf80000)
  to   space 33280K, 0% used [0x00000007bdf80000,0x00000007bdf80000,0x00000007c0000000)
 ParOldGen       total 161280K, used 35463K [0x00000006c1800000, 0x00000006cb580000, 0x00000007b9c00000)
  object space 161280K, 21% used [0x00000006c1800000,0x00000006c3aa1e80,0x00000006cb580000)
 Metaspace       used 2707K, capacity 4486K, committed 4864K, reserved 1056768K
  class space    used 302K, capacity 386K, committed 512K, reserved 1048576K
}
{Heap before GC invocations=257 (full 1):
 PSYoungGen      total 69120K, used 68736K [0x00000007b9c00000, 0x00000007c0000000, 0x00000007c0000000)
  eden space 35840K, 100% used [0x00000007b9c00000,0x00000007bbf00000,0x00000007bbf00000)
  from space 33280K, 98% used [0x00000007bbf00000,0x00000007bdf20000,0x00000007bdf80000)
  to   space 33280K, 0% used [0x00000007bdf80000,0x00000007bdf80000,0x00000007c0000000)
 ParOldGen       total 161280K, used 35463K [0x00000006c1800000, 0x00000006cb580000, 0x00000007b9c00000)
  object space 161280K, 21% used [0x00000006c1800000,0x00000006c3aa1e80,0x00000006cb580000)
 Metaspace       used 2707K, capacity 4486K, committed 4864K, reserved 1056768K
  class space    used 302K, capacity 386K, committed 512K, reserved 1048576K
[GC (Allocation Failure)  104199K->68359K(230400K), 0.0435625 secs]
Heap after GC invocations=257 (full 1):
 PSYoungGen      total 69120K, used 32896K [0x00000007b9c00000, 0x00000007c0000000, 0x00000007c0000000)
  eden space 35840K, 0% used [0x00000007b9c00000,0x00000007b9c00000,0x00000007bbf00000)
  from space 33280K, 98% used [0x00000007bdf80000,0x00000007bffa0000,0x00000007c0000000)
  to   space 33280K, 0% used [0x00000007bbf00000,0x00000007bbf00000,0x00000007bdf80000)
 ParOldGen       total 161280K, used 35463K [0x00000006c1800000, 0x00000006cb580000, 0x00000007b9c00000)
  object space 161280K, 21% used [0x00000006c1800000,0x00000006c3aa1e80,0x00000006cb580000)
 Metaspace       used 2707K, capacity 4486K, committed 4864K, reserved 1056768K
  class space    used 302K, capacity 386K, committed 512K, reserved 1048576K
}
{Heap before GC invocations=258 (full 1):
 PSYoungGen      total 69120K, used 68736K [0x00000007b9c00000, 0x00000007c0000000, 0x00000007c0000000)
  eden space 35840K, 100% used [0x00000007b9c00000,0x00000007bbf00000,0x00000007bbf00000)
  from space 33280K, 98% used [0x00000007bdf80000,0x00000007bffa0000,0x00000007c0000000)
  to   space 33280K, 0% used [0x00000007bbf00000,0x00000007bbf00000,0x00000007bdf80000)
 ParOldGen       total 161280K, used 35463K [0x00000006c1800000, 0x00000006cb580000, 0x00000007b9c00000)
  object space 161280K, 21% used [0x00000006c1800000,0x00000006c3aa1e80,0x00000006cb580000)
 Metaspace       used 2707K, capacity 4486K, committed 4864K, reserved 1056768K
  class space    used 302K, capacity 386K, committed 512K, reserved 1048576K
[GC (Allocation Failure)  104199K->68359K(230400K), 0.0429681 secs]
Heap after GC invocations=258 (full 1):
 PSYoungGen      total 69120K, used 32896K [0x00000007b9c00000, 0x00000007c0000000, 0x00000007c0000000)
  eden space 35840K, 0% used [0x00000007b9c00000,0x00000007b9c00000,0x00000007bbf00000)
  from space 33280K, 98% used [0x00000007bbf00000,0x00000007bdf20000,0x00000007bdf80000)
  to   space 33280K, 0% used [0x00000007bdf80000,0x00000007bdf80000,0x00000007c0000000)
 ParOldGen       total 161280K, used 35463K [0x00000006c1800000, 0x00000006cb580000, 0x00000007b9c00000)
  object space 161280K, 21% used [0x00000006c1800000,0x00000006c3aa1e80,0x00000006cb580000)
 Metaspace       used 2707K, capacity 4486K, committed 4864K, reserved 1056768K
  class space    used 302K, capacity 386K, committed 512K, reserved 1048576K
}
{Heap before GC invocations=259 (full 1):
 PSYoungGen      total 69120K, used 68736K [0x00000007b9c00000, 0x00000007c0000000, 0x00000007c0000000)
  eden space 35840K, 100% used [0x00000007b9c00000,0x00000007bbf00000,0x00000007bbf00000)
  from space 33280K, 98% used [0x00000007bbf00000,0x00000007bdf20000,0x00000007bdf80000)
  to   space 33280K, 0% used [0x00000007bdf80000,0x00000007bdf80000,0x00000007c0000000)
 ParOldGen       total 161280K, used 35463K [0x00000006c1800000, 0x00000006cb580000, 0x00000007b9c00000)
  object space 161280K, 21% used [0x00000006c1800000,0x00000006c3aa1e80,0x00000006cb580000)
 Metaspace       used 2707K, capacity 4486K, committed 4864K, reserved 1056768K
  class space    used 302K, capacity 386K, committed 512K, reserved 1048576K
[GC (Allocation Failure)  104199K->68391K(230400K), 0.0426901 secs]
Heap after GC invocations=259 (full 1):
 PSYoungGen      total 69120K, used 32928K [0x00000007b9c00000, 0x00000007c0000000, 0x00000007c0000000)
  eden space 35840K, 0% used [0x00000007b9c00000,0x00000007b9c00000,0x00000007bbf00000)
  from space 33280K, 98% used [0x00000007bdf80000,0x00000007bffa8000,0x00000007c0000000)
  to   space 33280K, 0% used [0x00000007bbf00000,0x00000007bbf00000,0x00000007bdf80000)
 ParOldGen       total 161280K, used 35463K [0x00000006c1800000, 0x00000006cb580000, 0x00000007b9c00000)
  object space 161280K, 21% used [0x00000006c1800000,0x00000006c3aa1e80,0x00000006cb580000)
 Metaspace       used 2707K, capacity 4486K, committed 4864K, reserved 1056768K
  class space    used 302K, capacity 386K, committed 512K, reserved 1048576K
}
{Heap before GC invocations=260 (full 1):
 PSYoungGen      total 69120K, used 68768K [0x00000007b9c00000, 0x00000007c0000000, 0x00000007c0000000)
  eden space 35840K, 100% used [0x00000007b9c00000,0x00000007bbf00000,0x00000007bbf00000)
  from space 33280K, 98% used [0x00000007bdf80000,0x00000007bffa8000,0x00000007c0000000)
  to   space 33280K, 0% used [0x00000007bbf00000,0x00000007bbf00000,0x00000007bdf80000)
 ParOldGen       total 161280K, used 35463K [0x00000006c1800000, 0x00000006cb580000, 0x00000007b9c00000)
  object space 161280K, 21% used [0x00000006c1800000,0x00000006c3aa1e80,0x00000006cb580000)
 Metaspace       used 2707K, capacity 4486K, committed 4864K, reserved 1056768K
  class space    used 302K, capacity 386K, committed 512K, reserved 1048576K
[GC (Allocation Failure)  104231K->68391K(230400K), 0.0389504 secs]
Heap after GC invocations=260 (full 1):
 PSYoungGen      total 69120K, used 32928K [0x00000007b9c00000, 0x00000007c0000000, 0x00000007c0000000)
  eden space 35840K, 0% used [0x00000007b9c00000,0x00000007b9c00000,0x00000007bbf00000)
  from space 33280K, 98% used [0x00000007bbf00000,0x00000007bdf28000,0x00000007bdf80000)
  to   space 33280K, 0% used [0x00000007bdf80000,0x00000007bdf80000,0x00000007c0000000)
 ParOldGen       total 161280K, used 35463K [0x00000006c1800000, 0x00000006cb580000, 0x00000007b9c00000)
  object space 161280K, 21% used [0x00000006c1800000,0x00000006c3aa1e80,0x00000006cb580000)
 Metaspace       used 2707K, capacity 4486K, committed 4864K, reserved 1056768K
  class space    used 302K, capacity 386K, committed 512K, reserved 1048576K
}
{Heap before GC invocations=261 (full 1):
 PSYoungGen      total 69120K, used 68768K [0x00000007b9c00000, 0x00000007c0000000, 0x00000007c0000000)
  eden space 35840K, 100% used [0x00000007b9c00000,0x00000007bbf00000,0x00000007bbf00000)
  from space 33280K, 98% used [0x00000007bbf00000,0x00000007bdf28000,0x00000007bdf80000)
  to   space 33280K, 0% used [0x00000007bdf80000,0x00000007bdf80000,0x00000007c0000000)
 ParOldGen       total 161280K, used 35463K [0x00000006c1800000, 0x00000006cb580000, 0x00000007b9c00000)
  object space 161280K, 21% used [0x00000006c1800000,0x00000006c3aa1e80,0x00000006cb580000)
 Metaspace       used 2707K, capacity 4486K, committed 4864K, reserved 1056768K
  class space    used 302K, capacity 386K, committed 512K, reserved 1048576K
[GC (Allocation Failure)  104231K->68327K(230400K), 0.0358623 secs]
Heap after GC invocations=261 (full 1):
 PSYoungGen      total 69120K, used 32864K [0x00000007b9c00000, 0x00000007c0000000, 0x00000007c0000000)
  eden space 35840K, 0% used [0x00000007b9c00000,0x00000007b9c00000,0x00000007bbf00000)
  from space 33280K, 98% used [0x00000007bdf80000,0x00000007bff98000,0x00000007c0000000)
  to   space 33280K, 0% used [0x00000007bbf00000,0x00000007bbf00000,0x00000007bdf80000)
 ParOldGen       total 161280K, used 35463K [0x00000006c1800000, 0x00000006cb580000, 0x00000007b9c00000)
  object space 161280K, 21% used [0x00000006c1800000,0x00000006c3aa1e80,0x00000006cb580000)
 Metaspace       used 2707K, capacity 4486K, committed 4864K, reserved 1056768K
  class space    used 302K, capacity 386K, committed 512K, reserved 1048576K
}
{Heap before GC invocations=262 (full 1):
 PSYoungGen      total 69120K, used 68704K [0x00000007b9c00000, 0x00000007c0000000, 0x00000007c0000000)
  eden space 35840K, 100% used [0x00000007b9c00000,0x00000007bbf00000,0x00000007bbf00000)
  from space 33280K, 98% used [0x00000007bdf80000,0x00000007bff98000,0x00000007c0000000)
  to   space 33280K, 0% used [0x00000007bbf00000,0x00000007bbf00000,0x00000007bdf80000)
 ParOldGen       total 161280K, used 35463K [0x00000006c1800000, 0x00000006cb580000, 0x00000007b9c00000)
  object space 161280K, 21% used [0x00000006c1800000,0x00000006c3aa1e80,0x00000006cb580000)
 Metaspace       used 2707K, capacity 4486K, committed 4864K, reserved 1056768K
  class space    used 302K, capacity 386K, committed 512K, reserved 1048576K
[GC (Allocation Failure)  104167K->68359K(230400K), 0.0333735 secs]
Heap after GC invocations=262 (full 1):
 PSYoungGen      total 69120K, used 32896K [0x00000007b9c00000, 0x00000007c0000000, 0x00000007c0000000)
  eden space 35840K, 0% used [0x00000007b9c00000,0x00000007b9c00000,0x00000007bbf00000)
  from space 33280K, 98% used [0x00000007bbf00000,0x00000007bdf20000,0x00000007bdf80000)
  to   space 33280K, 0% used [0x00000007bdf80000,0x00000007bdf80000,0x00000007c0000000)
 ParOldGen       total 161280K, used 35463K [0x00000006c1800000, 0x00000006cb580000, 0x00000007b9c00000)
  object space 161280K, 21% used [0x00000006c1800000,0x00000006c3aa1e80,0x00000006cb580000)
 Metaspace       used 2707K, capacity 4486K, committed 4864K, reserved 1056768K
  class space    used 302K, capacity 386K, committed 512K, reserved 1048576K
}
{Heap before GC invocations=263 (full 1):
 PSYoungGen      total 69120K, used 68736K [0x00000007b9c00000, 0x00000007c0000000, 0x00000007c0000000)
  eden space 35840K, 100% used [0x00000007b9c00000,0x00000007bbf00000,0x00000007bbf00000)
  from space 33280K, 98% used [0x00000007bbf00000,0x00000007bdf20000,0x00000007bdf80000)
  to   space 33280K, 0% used [0x00000007bdf80000,0x00000007bdf80000,0x00000007c0000000)
 ParOldGen       total 161280K, used 35463K [0x00000006c1800000, 0x00000006cb580000, 0x00000007b9c00000)
  object space 161280K, 21% used [0x00000006c1800000,0x00000006c3aa1e80,0x00000006cb580000)
 Metaspace       used 2707K, capacity 4486K, committed 4864K, reserved 1056768K
  class space    used 302K, capacity 386K, committed 512K, reserved 1048576K
[GC (Allocation Failure)  104199K->68327K(230400K), 0.0310076 secs]
Heap after GC invocations=263 (full 1):
 PSYoungGen      total 69120K, used 32864K [0x00000007b9c00000, 0x00000007c0000000, 0x00000007c0000000)
  eden space 35840K, 0% used [0x00000007b9c00000,0x00000007b9c00000,0x00000007bbf00000)
  from space 33280K, 98% used [0x00000007bdf80000,0x00000007bff98000,0x00000007c0000000)
  to   space 33280K, 0% used [0x00000007bbf00000,0x00000007bbf00000,0x00000007bdf80000)
 ParOldGen       total 161280K, used 35463K [0x00000006c1800000, 0x00000006cb580000, 0x00000007b9c00000)
  object space 161280K, 21% used [0x00000006c1800000,0x00000006c3aa1e80,0x00000006cb580000)
 Metaspace       used 2707K, capacity 4486K, committed 4864K, reserved 1056768K
  class space    used 302K, capacity 386K, committed 512K, reserved 1048576K
}
{Heap before GC invocations=264 (full 1):
 PSYoungGen      total 69120K, used 68704K [0x00000007b9c00000, 0x00000007c0000000, 0x00000007c0000000)
  eden space 35840K, 100% used [0x00000007b9c00000,0x00000007bbf00000,0x00000007bbf00000)
  from space 33280K, 98% used [0x00000007bdf80000,0x00000007bff98000,0x00000007c0000000)
  to   space 33280K, 0% used [0x00000007bbf00000,0x00000007bbf00000,0x00000007bdf80000)
 ParOldGen       total 161280K, used 35463K [0x00000006c1800000, 0x00000006cb580000, 0x00000007b9c00000)
  object space 161280K, 21% used [0x00000006c1800000,0x00000006c3aa1e80,0x00000006cb580000)
 Metaspace       used 2707K, capacity 4486K, committed 4864K, reserved 1056768K
  class space    used 302K, capacity 386K, committed 512K, reserved 1048576K
[GC (Allocation Failure)  104167K->68391K(230400K), 0.0375191 secs]
Heap after GC invocations=264 (full 1):
 PSYoungGen      total 69120K, used 32928K [0x00000007b9c00000, 0x00000007c0000000, 0x00000007c0000000)
  eden space 35840K, 0% used [0x00000007b9c00000,0x00000007b9c00000,0x00000007bbf00000)
  from space 33280K, 98% used [0x00000007bbf00000,0x00000007bdf28000,0x00000007bdf80000)
  to   space 33280K, 0% used [0x00000007bdf80000,0x00000007bdf80000,0x00000007c0000000)
 ParOldGen       total 161280K, used 35463K [0x00000006c1800000, 0x00000006cb580000, 0x00000007b9c00000)
  object space 161280K, 21% used [0x00000006c1800000,0x00000006c3aa1e80,0x00000006cb580000)
 Metaspace       used 2707K, capacity 4486K, committed 4864K, reserved 1056768K
  class space    used 302K, capacity 386K, committed 512K, reserved 1048576K
}
{Heap before GC invocations=265 (full 1):
 PSYoungGen      total 69120K, used 68768K [0x00000007b9c00000, 0x00000007c0000000, 0x00000007c0000000)
  eden space 35840K, 100% used [0x00000007b9c00000,0x00000007bbf00000,0x00000007bbf00000)
  from space 33280K, 98% used [0x00000007bbf00000,0x00000007bdf28000,0x00000007bdf80000)
  to   space 33280K, 0% used [0x00000007bdf80000,0x00000007bdf80000,0x00000007c0000000)
 ParOldGen       total 161280K, used 35463K [0x00000006c1800000, 0x00000006cb580000, 0x00000007b9c00000)
  object space 161280K, 21% used [0x00000006c1800000,0x00000006c3aa1e80,0x00000006cb580000)
 Metaspace       used 2707K, capacity 4486K, committed 4864K, reserved 1056768K
  class space    used 302K, capacity 386K, committed 512K, reserved 1048576K
[GC (Allocation Failure)  104231K->68359K(230400K), 0.0329842 secs]
Heap after GC invocations=265 (full 1):
 PSYoungGen      total 69120K, used 32896K [0x00000007b9c00000, 0x00000007c0000000, 0x00000007c0000000)
  eden space 35840K, 0% used [0x00000007b9c00000,0x00000007b9c00000,0x00000007bbf00000)
  from space 33280K, 98% used [0x00000007bdf80000,0x00000007bffa0000,0x00000007c0000000)
  to   space 33280K, 0% used [0x00000007bbf00000,0x00000007bbf00000,0x00000007bdf80000)
 ParOldGen       total 161280K, used 35463K [0x00000006c1800000, 0x00000006cb580000, 0x00000007b9c00000)
  object space 161280K, 21% used [0x00000006c1800000,0x00000006c3aa1e80,0x00000006cb580000)
 Metaspace       used 2707K, capacity 4486K, committed 4864K, reserved 1056768K
  class space    used 302K, capacity 386K, committed 512K, reserved 1048576K
}
{Heap before GC invocations=266 (full 1):
 PSYoungGen      total 69120K, used 68736K [0x00000007b9c00000, 0x00000007c0000000, 0x00000007c0000000)
  eden space 35840K, 100% used [0x00000007b9c00000,0x00000007bbf00000,0x00000007bbf00000)
  from space 33280K, 98% used [0x00000007bdf80000,0x00000007bffa0000,0x00000007c0000000)
  to   space 33280K, 0% used [0x00000007bbf00000,0x00000007bbf00000,0x00000007bdf80000)
 ParOldGen       total 161280K, used 35463K [0x00000006c1800000, 0x00000006cb580000, 0x00000007b9c00000)
  object space 161280K, 21% used [0x00000006c1800000,0x00000006c3aa1e80,0x00000006cb580000)
 Metaspace       used 2707K, capacity 4486K, committed 4864K, reserved 1056768K
  class space    used 302K, capacity 386K, committed 512K, reserved 1048576K
[GC (Allocation Failure)  104199K->68359K(230400K), 0.0325960 secs]
Heap after GC invocations=266 (full 1):
 PSYoungGen      total 69120K, used 32896K [0x00000007b9c00000, 0x00000007c0000000, 0x00000007c0000000)
  eden space 35840K, 0% used [0x00000007b9c00000,0x00000007b9c00000,0x00000007bbf00000)
  from space 33280K, 98% used [0x00000007bbf00000,0x00000007bdf20000,0x00000007bdf80000)
  to   space 33280K, 0% used [0x00000007bdf80000,0x00000007bdf80000,0x00000007c0000000)
 ParOldGen       total 161280K, used 35463K [0x00000006c1800000, 0x00000006cb580000, 0x00000007b9c00000)
  object space 161280K, 21% used [0x00000006c1800000,0x00000006c3aa1e80,0x00000006cb580000)
 Metaspace       used 2707K, capacity 4486K, committed 4864K, reserved 1056768K
  class space    used 302K, capacity 386K, committed 512K, reserved 1048576K
}
{Heap before GC invocations=267 (full 1):
 PSYoungGen      total 69120K, used 68736K [0x00000007b9c00000, 0x00000007c0000000, 0x00000007c0000000)
  eden space 35840K, 100% used [0x00000007b9c00000,0x00000007bbf00000,0x00000007bbf00000)
  from space 33280K, 98% used [0x00000007bbf00000,0x00000007bdf20000,0x00000007bdf80000)
  to   space 33280K, 0% used [0x00000007bdf80000,0x00000007bdf80000,0x00000007c0000000)
 ParOldGen       total 161280K, used 35463K [0x00000006c1800000, 0x00000006cb580000, 0x00000007b9c00000)
  object space 161280K, 21% used [0x00000006c1800000,0x00000006c3aa1e80,0x00000006cb580000)
 Metaspace       used 2707K, capacity 4486K, committed 4864K, reserved 1056768K
  class space    used 302K, capacity 386K, committed 512K, reserved 1048576K
[GC (Allocation Failure)  104199K->68359K(230400K), 0.0345623 secs]
Heap after GC invocations=267 (full 1):
 PSYoungGen      total 69120K, used 32896K [0x00000007b9c00000, 0x00000007c0000000, 0x00000007c0000000)
  eden space 35840K, 0% used [0x00000007b9c00000,0x00000007b9c00000,0x00000007bbf00000)
  from space 33280K, 98% used [0x00000007bdf80000,0x00000007bffa0000,0x00000007c0000000)
  to   space 33280K, 0% used [0x00000007bbf00000,0x00000007bbf00000,0x00000007bdf80000)
 ParOldGen       total 161280K, used 35463K [0x00000006c1800000, 0x00000006cb580000, 0x00000007b9c00000)
  object space 161280K, 21% used [0x00000006c1800000,0x00000006c3aa1e80,0x00000006cb580000)
 Metaspace       used 2707K, capacity 4486K, committed 4864K, reserved 1056768K
  class space    used 302K, capacity 386K, committed 512K, reserved 1048576K
}
{Heap before GC invocations=268 (full 1):
 PSYoungGen      total 69120K, used 68736K [0x00000007b9c00000, 0x00000007c0000000, 0x00000007c0000000)
  eden space 35840K, 100% used [0x00000007b9c00000,0x00000007bbf00000,0x00000007bbf00000)
  from space 33280K, 98% used [0x00000007bdf80000,0x00000007bffa0000,0x00000007c0000000)
  to   space 33280K, 0% used [0x00000007bbf00000,0x00000007bbf00000,0x00000007bdf80000)
 ParOldGen       total 161280K, used 35463K [0x00000006c1800000, 0x00000006cb580000, 0x00000007b9c00000)
  object space 161280K, 21% used [0x00000006c1800000,0x00000006c3aa1e80,0x00000006cb580000)
 Metaspace       used 2707K, capacity 4486K, committed 4864K, reserved 1056768K
  class space    used 302K, capacity 386K, committed 512K, reserved 1048576K
[GC (Allocation Failure)  104199K->68359K(230400K), 0.0320647 secs]
Heap after GC invocations=268 (full 1):
 PSYoungGen      total 69120K, used 32896K [0x00000007b9c00000, 0x00000007c0000000, 0x00000007c0000000)
  eden space 35840K, 0% used [0x00000007b9c00000,0x00000007b9c00000,0x00000007bbf00000)
  from space 33280K, 98% used [0x00000007bbf00000,0x00000007bdf20000,0x00000007bdf80000)
  to   space 33280K, 0% used [0x00000007bdf80000,0x00000007bdf80000,0x00000007c0000000)
 ParOldGen       total 161280K, used 35463K [0x00000006c1800000, 0x00000006cb580000, 0x00000007b9c00000)
  object space 161280K, 21% used [0x00000006c1800000,0x00000006c3aa1e80,0x00000006cb580000)
 Metaspace       used 2707K, capacity 4486K, committed 4864K, reserved 1056768K
  class space    used 302K, capacity 386K, committed 512K, reserved 1048576K
}
{Heap before GC invocations=269 (full 1):
 PSYoungGen      total 69120K, used 68736K [0x00000007b9c00000, 0x00000007c0000000, 0x00000007c0000000)
  eden space 35840K, 100% used [0x00000007b9c00000,0x00000007bbf00000,0x00000007bbf00000)
  from space 33280K, 98% used [0x00000007bbf00000,0x00000007bdf20000,0x00000007bdf80000)
  to   space 33280K, 0% used [0x00000007bdf80000,0x00000007bdf80000,0x00000007c0000000)
 ParOldGen       total 161280K, used 35463K [0x00000006c1800000, 0x00000006cb580000, 0x00000007b9c00000)
  object space 161280K, 21% used [0x00000006c1800000,0x00000006c3aa1e80,0x00000006cb580000)
 Metaspace       used 2707K, capacity 4486K, committed 4864K, reserved 1056768K
  class space    used 302K, capacity 386K, committed 512K, reserved 1048576K
[GC (Allocation Failure)  104199K->68359K(230400K), 0.0327514 secs]
Heap after GC invocations=269 (full 1):
 PSYoungGen      total 69120K, used 32896K [0x00000007b9c00000, 0x00000007c0000000, 0x00000007c0000000)
  eden space 35840K, 0% used [0x00000007b9c00000,0x00000007b9c00000,0x00000007bbf00000)
  from space 33280K, 98% used [0x00000007bdf80000,0x00000007bffa0000,0x00000007c0000000)
  to   space 33280K, 0% used [0x00000007bbf00000,0x00000007bbf00000,0x00000007bdf80000)
 ParOldGen       total 161280K, used 35463K [0x00000006c1800000, 0x00000006cb580000, 0x00000007b9c00000)
  object space 161280K, 21% used [0x00000006c1800000,0x00000006c3aa1e80,0x00000006cb580000)
 Metaspace       used 2707K, capacity 4486K, committed 4864K, reserved 1056768K
  class space    used 302K, capacity 386K, committed 512K, reserved 1048576K
}
{Heap before GC invocations=270 (full 1):
 PSYoungGen      total 69120K, used 68736K [0x00000007b9c00000, 0x00000007c0000000, 0x00000007c0000000)
  eden space 35840K, 100% used [0x00000007b9c00000,0x00000007bbf00000,0x00000007bbf00000)
  from space 33280K, 98% used [0x00000007bdf80000,0x00000007bffa0000,0x00000007c0000000)
  to   space 33280K, 0% used [0x00000007bbf00000,0x00000007bbf00000,0x00000007bdf80000)
 ParOldGen       total 161280K, used 35463K [0x00000006c1800000, 0x00000006cb580000, 0x00000007b9c00000)
  object space 161280K, 21% used [0x00000006c1800000,0x00000006c3aa1e80,0x00000006cb580000)
 Metaspace       used 2707K, capacity 4486K, committed 4864K, reserved 1056768K
  class space    used 302K, capacity 386K, committed 512K, reserved 1048576K
[GC (Allocation Failure)  104199K->68359K(230400K), 0.0309474 secs]
Heap after GC invocations=270 (full 1):
 PSYoungGen      total 69120K, used 32896K [0x00000007b9c00000, 0x00000007c0000000, 0x00000007c0000000)
  eden space 35840K, 0% used [0x00000007b9c00000,0x00000007b9c00000,0x00000007bbf00000)
  from space 33280K, 98% used [0x00000007bbf00000,0x00000007bdf20000,0x00000007bdf80000)
  to   space 33280K, 0% used [0x00000007bdf80000,0x00000007bdf80000,0x00000007c0000000)
 ParOldGen       total 161280K, used 35463K [0x00000006c1800000, 0x00000006cb580000, 0x00000007b9c00000)
  object space 161280K, 21% used [0x00000006c1800000,0x00000006c3aa1e80,0x00000006cb580000)
 Metaspace       used 2707K, capacity 4486K, committed 4864K, reserved 1056768K
  class space    used 302K, capacity 386K, committed 512K, reserved 1048576K
}
{Heap before GC invocations=271 (full 1):
 PSYoungGen      total 69120K, used 68736K [0x00000007b9c00000, 0x00000007c0000000, 0x00000007c0000000)
  eden space 35840K, 100% used [0x00000007b9c00000,0x00000007bbf00000,0x00000007bbf00000)
  from space 33280K, 98% used [0x00000007bbf00000,0x00000007bdf20000,0x00000007bdf80000)
  to   space 33280K, 0% used [0x00000007bdf80000,0x00000007bdf80000,0x00000007c0000000)
 ParOldGen       total 161280K, used 35463K [0x00000006c1800000, 0x00000006cb580000, 0x00000007b9c00000)
  object space 161280K, 21% used [0x00000006c1800000,0x00000006c3aa1e80,0x00000006cb580000)
 Metaspace       used 2707K, capacity 4486K, committed 4864K, reserved 1056768K
  class space    used 302K, capacity 386K, committed 512K, reserved 1048576K
[GC (Allocation Failure)  104199K->68359K(230400K), 0.0319880 secs]
Heap after GC invocations=271 (full 1):
 PSYoungGen      total 69120K, used 32896K [0x00000007b9c00000, 0x00000007c0000000, 0x00000007c0000000)
  eden space 35840K, 0% used [0x00000007b9c00000,0x00000007b9c00000,0x00000007bbf00000)
  from space 33280K, 98% used [0x00000007bdf80000,0x00000007bffa0000,0x00000007c0000000)
  to   space 33280K, 0% used [0x00000007bbf00000,0x00000007bbf00000,0x00000007bdf80000)
 ParOldGen       total 161280K, used 35463K [0x00000006c1800000, 0x00000006cb580000, 0x00000007b9c00000)
  object space 161280K, 21% used [0x00000006c1800000,0x00000006c3aa1e80,0x00000006cb580000)
 Metaspace       used 2707K, capacity 4486K, committed 4864K, reserved 1056768K
  class space    used 302K, capacity 386K, committed 512K, reserved 1048576K
}
{Heap before GC invocations=272 (full 1):
 PSYoungGen      total 69120K, used 68736K [0x00000007b9c00000, 0x00000007c0000000, 0x00000007c0000000)
  eden space 35840K, 100% used [0x00000007b9c00000,0x00000007bbf00000,0x00000007bbf00000)
  from space 33280K, 98% used [0x00000007bdf80000,0x00000007bffa0000,0x00000007c0000000)
  to   space 33280K, 0% used [0x00000007bbf00000,0x00000007bbf00000,0x00000007bdf80000)
 ParOldGen       total 161280K, used 35463K [0x00000006c1800000, 0x00000006cb580000, 0x00000007b9c00000)
  object space 161280K, 21% used [0x00000006c1800000,0x00000006c3aa1e80,0x00000006cb580000)
 Metaspace       used 2707K, capacity 4486K, committed 4864K, reserved 1056768K
  class space    used 302K, capacity 386K, committed 512K, reserved 1048576K
[GC (Allocation Failure)  104199K->68391K(230400K), 0.0362059 secs]
Heap after GC invocations=272 (full 1):
 PSYoungGen      total 69120K, used 32928K [0x00000007b9c00000, 0x00000007c0000000, 0x00000007c0000000)
  eden space 35840K, 0% used [0x00000007b9c00000,0x00000007b9c00000,0x00000007bbf00000)
  from space 33280K, 98% used [0x00000007bbf00000,0x00000007bdf28000,0x00000007bdf80000)
  to   space 33280K, 0% used [0x00000007bdf80000,0x00000007bdf80000,0x00000007c0000000)
 ParOldGen       total 161280K, used 35463K [0x00000006c1800000, 0x00000006cb580000, 0x00000007b9c00000)
  object space 161280K, 21% used [0x00000006c1800000,0x00000006c3aa1e80,0x00000006cb580000)
 Metaspace       used 2707K, capacity 4486K, committed 4864K, reserved 1056768K
  class space    used 302K, capacity 386K, committed 512K, reserved 1048576K
}
{Heap before GC invocations=273 (full 1):
 PSYoungGen      total 69120K, used 68768K [0x00000007b9c00000, 0x00000007c0000000, 0x00000007c0000000)
  eden space 35840K, 100% used [0x00000007b9c00000,0x00000007bbf00000,0x00000007bbf00000)
  from space 33280K, 98% used [0x00000007bbf00000,0x00000007bdf28000,0x00000007bdf80000)
  to   space 33280K, 0% used [0x00000007bdf80000,0x00000007bdf80000,0x00000007c0000000)
 ParOldGen       total 161280K, used 35463K [0x00000006c1800000, 0x00000006cb580000, 0x00000007b9c00000)
  object space 161280K, 21% used [0x00000006c1800000,0x00000006c3aa1e80,0x00000006cb580000)
 Metaspace       used 2707K, capacity 4486K, committed 4864K, reserved 1056768K
  class space    used 302K, capacity 386K, committed 512K, reserved 1048576K
[GC (Allocation Failure)  104231K->68327K(230400K), 0.0319823 secs]
Heap after GC invocations=273 (full 1):
 PSYoungGen      total 69120K, used 32864K [0x00000007b9c00000, 0x00000007c0000000, 0x00000007c0000000)
  eden space 35840K, 0% used [0x00000007b9c00000,0x00000007b9c00000,0x00000007bbf00000)
  from space 33280K, 98% used [0x00000007bdf80000,0x00000007bff98000,0x00000007c0000000)
  to   space 33280K, 0% used [0x00000007bbf00000,0x00000007bbf00000,0x00000007bdf80000)
 ParOldGen       total 161280K, used 35463K [0x00000006c1800000, 0x00000006cb580000, 0x00000007b9c00000)
  object space 161280K, 21% used [0x00000006c1800000,0x00000006c3aa1e80,0x00000006cb580000)
 Metaspace       used 2707K, capacity 4486K, committed 4864K, reserved 1056768K
  class space    used 302K, capacity 386K, committed 512K, reserved 1048576K
}
{Heap before GC invocations=274 (full 1):
 PSYoungGen      total 69120K, used 68704K [0x00000007b9c00000, 0x00000007c0000000, 0x00000007c0000000)
  eden space 35840K, 100% used [0x00000007b9c00000,0x00000007bbf00000,0x00000007bbf00000)
  from space 33280K, 98% used [0x00000007bdf80000,0x00000007bff98000,0x00000007c0000000)
  to   space 33280K, 0% used [0x00000007bbf00000,0x00000007bbf00000,0x00000007bdf80000)
 ParOldGen       total 161280K, used 35463K [0x00000006c1800000, 0x00000006cb580000, 0x00000007b9c00000)
  object space 161280K, 21% used [0x00000006c1800000,0x00000006c3aa1e80,0x00000006cb580000)
 Metaspace       used 2707K, capacity 4486K, committed 4864K, reserved 1056768K
  class space    used 302K, capacity 386K, committed 512K, reserved 1048576K
[GC (Allocation Failure)  104167K->68391K(230400K), 0.0319626 secs]
Heap after GC invocations=274 (full 1):
 PSYoungGen      total 69120K, used 32928K [0x00000007b9c00000, 0x00000007c0000000, 0x00000007c0000000)
  eden space 35840K, 0% used [0x00000007b9c00000,0x00000007b9c00000,0x00000007bbf00000)
  from space 33280K, 98% used [0x00000007bbf00000,0x00000007bdf28000,0x00000007bdf80000)
  to   space 33280K, 0% used [0x00000007bdf80000,0x00000007bdf80000,0x00000007c0000000)
 ParOldGen       total 161280K, used 35463K [0x00000006c1800000, 0x00000006cb580000, 0x00000007b9c00000)
  object space 161280K, 21% used [0x00000006c1800000,0x00000006c3aa1e80,0x00000006cb580000)
 Metaspace       used 2707K, capacity 4486K, committed 4864K, reserved 1056768K
  class space    used 302K, capacity 386K, committed 512K, reserved 1048576K
}
{Heap before GC invocations=275 (full 1):
 PSYoungGen      total 69120K, used 68768K [0x00000007b9c00000, 0x00000007c0000000, 0x00000007c0000000)
  eden space 35840K, 100% used [0x00000007b9c00000,0x00000007bbf00000,0x00000007bbf00000)
  from space 33280K, 98% used [0x00000007bbf00000,0x00000007bdf28000,0x00000007bdf80000)
  to   space 33280K, 0% used [0x00000007bdf80000,0x00000007bdf80000,0x00000007c0000000)
 ParOldGen       total 161280K, used 35463K [0x00000006c1800000, 0x00000006cb580000, 0x00000007b9c00000)
  object space 161280K, 21% used [0x00000006c1800000,0x00000006c3aa1e80,0x00000006cb580000)
 Metaspace       used 2707K, capacity 4486K, committed 4864K, reserved 1056768K
  class space    used 302K, capacity 386K, committed 512K, reserved 1048576K
[GC (Allocation Failure)  104231K->68359K(230400K), 0.0339374 secs]
Heap after GC invocations=275 (full 1):
 PSYoungGen      total 69120K, used 32896K [0x00000007b9c00000, 0x00000007c0000000, 0x00000007c0000000)
  eden space 35840K, 0% used [0x00000007b9c00000,0x00000007b9c00000,0x00000007bbf00000)
  from space 33280K, 98% used [0x00000007bdf80000,0x00000007bffa0000,0x00000007c0000000)
  to   space 33280K, 0% used [0x00000007bbf00000,0x00000007bbf00000,0x00000007bdf80000)
 ParOldGen       total 161280K, used 35463K [0x00000006c1800000, 0x00000006cb580000, 0x00000007b9c00000)
  object space 161280K, 21% used [0x00000006c1800000,0x00000006c3aa1e80,0x00000006cb580000)
 Metaspace       used 2707K, capacity 4486K, committed 4864K, reserved 1056768K
  class space    used 302K, capacity 386K, committed 512K, reserved 1048576K
}
{Heap before GC invocations=276 (full 1):
 PSYoungGen      total 69120K, used 68736K [0x00000007b9c00000, 0x00000007c0000000, 0x00000007c0000000)
  eden space 35840K, 100% used [0x00000007b9c00000,0x00000007bbf00000,0x00000007bbf00000)
  from space 33280K, 98% used [0x00000007bdf80000,0x00000007bffa0000,0x00000007c0000000)
  to   space 33280K, 0% used [0x00000007bbf00000,0x00000007bbf00000,0x00000007bdf80000)
 ParOldGen       total 161280K, used 35463K [0x00000006c1800000, 0x00000006cb580000, 0x00000007b9c00000)
  object space 161280K, 21% used [0x00000006c1800000,0x00000006c3aa1e80,0x00000006cb580000)
 Metaspace       used 2707K, capacity 4486K, committed 4864K, reserved 1056768K
  class space    used 302K, capacity 386K, committed 512K, reserved 1048576K
[GC (Allocation Failure)  104199K->68359K(230400K), 0.0317263 secs]
Heap after GC invocations=276 (full 1):
 PSYoungGen      total 69120K, used 32896K [0x00000007b9c00000, 0x00000007c0000000, 0x00000007c0000000)
  eden space 35840K, 0% used [0x00000007b9c00000,0x00000007b9c00000,0x00000007bbf00000)
  from space 33280K, 98% used [0x00000007bbf00000,0x00000007bdf20000,0x00000007bdf80000)
  to   space 33280K, 0% used [0x00000007bdf80000,0x00000007bdf80000,0x00000007c0000000)
 ParOldGen       total 161280K, used 35463K [0x00000006c1800000, 0x00000006cb580000, 0x00000007b9c00000)
  object space 161280K, 21% used [0x00000006c1800000,0x00000006c3aa1e80,0x00000006cb580000)
 Metaspace       used 2707K, capacity 4486K, committed 4864K, reserved 1056768K
  class space    used 302K, capacity 386K, committed 512K, reserved 1048576K
}
{Heap before GC invocations=277 (full 1):
 PSYoungGen      total 69120K, used 68736K [0x00000007b9c00000, 0x00000007c0000000, 0x00000007c0000000)
  eden space 35840K, 100% used [0x00000007b9c00000,0x00000007bbf00000,0x00000007bbf00000)
  from space 33280K, 98% used [0x00000007bbf00000,0x00000007bdf20000,0x00000007bdf80000)
  to   space 33280K, 0% used [0x00000007bdf80000,0x00000007bdf80000,0x00000007c0000000)
 ParOldGen       total 161280K, used 35463K [0x00000006c1800000, 0x00000006cb580000, 0x00000007b9c00000)
  object space 161280K, 21% used [0x00000006c1800000,0x00000006c3aa1e80,0x00000006cb580000)
 Metaspace       used 2707K, capacity 4486K, committed 4864K, reserved 1056768K
  class space    used 302K, capacity 386K, committed 512K, reserved 1048576K
[GC (Allocation Failure)  104199K->68327K(230400K), 0.0336505 secs]
Heap after GC invocations=277 (full 1):
 PSYoungGen      total 69120K, used 32864K [0x00000007b9c00000, 0x00000007c0000000, 0x00000007c0000000)
  eden space 35840K, 0% used [0x00000007b9c00000,0x00000007b9c00000,0x00000007bbf00000)
  from space 33280K, 98% used [0x00000007bdf80000,0x00000007bff98000,0x00000007c0000000)
  to   space 33280K, 0% used [0x00000007bbf00000,0x00000007bbf00000,0x00000007bdf80000)
 ParOldGen       total 161280K, used 35463K [0x00000006c1800000, 0x00000006cb580000, 0x00000007b9c00000)
  object space 161280K, 21% used [0x00000006c1800000,0x00000006c3aa1e80,0x00000006cb580000)
 Metaspace       used 2707K, capacity 4486K, committed 4864K, reserved 1056768K
  class space    used 302K, capacity 386K, committed 512K, reserved 1048576K
}
{Heap before GC invocations=278 (full 1):
 PSYoungGen      total 69120K, used 68704K [0x00000007b9c00000, 0x00000007c0000000, 0x00000007c0000000)
  eden space 35840K, 100% used [0x00000007b9c00000,0x00000007bbf00000,0x00000007bbf00000)
  from space 33280K, 98% used [0x00000007bdf80000,0x00000007bff98000,0x00000007c0000000)
  to   space 33280K, 0% used [0x00000007bbf00000,0x00000007bbf00000,0x00000007bdf80000)
 ParOldGen       total 161280K, used 35463K [0x00000006c1800000, 0x00000006cb580000, 0x00000007b9c00000)
  object space 161280K, 21% used [0x00000006c1800000,0x00000006c3aa1e80,0x00000006cb580000)
 Metaspace       used 2707K, capacity 4486K, committed 4864K, reserved 1056768K
  class space    used 302K, capacity 386K, committed 512K, reserved 1048576K
[GC (Allocation Failure)  104167K->68391K(230400K), 0.0354155 secs]
Heap after GC invocations=278 (full 1):
 PSYoungGen      total 69120K, used 32928K [0x00000007b9c00000, 0x00000007c0000000, 0x00000007c0000000)
  eden space 35840K, 0% used [0x00000007b9c00000,0x00000007b9c00000,0x00000007bbf00000)
  from space 33280K, 98% used [0x00000007bbf00000,0x00000007bdf28000,0x00000007bdf80000)
  to   space 33280K, 0% used [0x00000007bdf80000,0x00000007bdf80000,0x00000007c0000000)
 ParOldGen       total 161280K, used 35463K [0x00000006c1800000, 0x00000006cb580000, 0x00000007b9c00000)
  object space 161280K, 21% used [0x00000006c1800000,0x00000006c3aa1e80,0x00000006cb580000)
 Metaspace       used 2707K, capacity 4486K, committed 4864K, reserved 1056768K
  class space    used 302K, capacity 386K, committed 512K, reserved 1048576K
}
{Heap before GC invocations=279 (full 1):
 PSYoungGen      total 69120K, used 68768K [0x00000007b9c00000, 0x00000007c0000000, 0x00000007c0000000)
  eden space 35840K, 100% used [0x00000007b9c00000,0x00000007bbf00000,0x00000007bbf00000)
  from space 33280K, 98% used [0x00000007bbf00000,0x00000007bdf28000,0x00000007bdf80000)
  to   space 33280K, 0% used [0x00000007bdf80000,0x00000007bdf80000,0x00000007c0000000)
 ParOldGen       total 161280K, used 35463K [0x00000006c1800000, 0x00000006cb580000, 0x00000007b9c00000)
  object space 161280K, 21% used [0x00000006c1800000,0x00000006c3aa1e80,0x00000006cb580000)
 Metaspace       used 2707K, capacity 4486K, committed 4864K, reserved 1056768K
  class space    used 302K, capacity 386K, committed 512K, reserved 1048576K
[GC (Allocation Failure)  104231K->68359K(230400K), 0.0305675 secs]
Heap after GC invocations=279 (full 1):
 PSYoungGen      total 69120K, used 32896K [0x00000007b9c00000, 0x00000007c0000000, 0x00000007c0000000)
  eden space 35840K, 0% used [0x00000007b9c00000,0x00000007b9c00000,0x00000007bbf00000)
  from space 33280K, 98% used [0x00000007bdf80000,0x00000007bffa0000,0x00000007c0000000)
  to   space 33280K, 0% used [0x00000007bbf00000,0x00000007bbf00000,0x00000007bdf80000)
 ParOldGen       total 161280K, used 35463K [0x00000006c1800000, 0x00000006cb580000, 0x00000007b9c00000)
  object space 161280K, 21% used [0x00000006c1800000,0x00000006c3aa1e80,0x00000006cb580000)
 Metaspace       used 2707K, capacity 4486K, committed 4864K, reserved 1056768K
  class space    used 302K, capacity 386K, committed 512K, reserved 1048576K
}
{Heap before GC invocations=280 (full 1):
 PSYoungGen      total 69120K, used 68736K [0x00000007b9c00000, 0x00000007c0000000, 0x00000007c0000000)
  eden space 35840K, 100% used [0x00000007b9c00000,0x00000007bbf00000,0x00000007bbf00000)
  from space 33280K, 98% used [0x00000007bdf80000,0x00000007bffa0000,0x00000007c0000000)
  to   space 33280K, 0% used [0x00000007bbf00000,0x00000007bbf00000,0x00000007bdf80000)
 ParOldGen       total 161280K, used 35463K [0x00000006c1800000, 0x00000006cb580000, 0x00000007b9c00000)
  object space 161280K, 21% used [0x00000006c1800000,0x00000006c3aa1e80,0x00000006cb580000)
 Metaspace       used 2707K, capacity 4486K, committed 4864K, reserved 1056768K
  class space    used 302K, capacity 386K, committed 512K, reserved 1048576K
[GC (Allocation Failure)  104199K->68359K(230400K), 0.0324488 secs]
Heap after GC invocations=280 (full 1):
 PSYoungGen      total 69120K, used 32896K [0x00000007b9c00000, 0x00000007c0000000, 0x00000007c0000000)
  eden space 35840K, 0% used [0x00000007b9c00000,0x00000007b9c00000,0x00000007bbf00000)
  from space 33280K, 98% used [0x00000007bbf00000,0x00000007bdf20000,0x00000007bdf80000)
  to   space 33280K, 0% used [0x00000007bdf80000,0x00000007bdf80000,0x00000007c0000000)
 ParOldGen       total 161280K, used 35463K [0x00000006c1800000, 0x00000006cb580000, 0x00000007b9c00000)
  object space 161280K, 21% used [0x00000006c1800000,0x00000006c3aa1e80,0x00000006cb580000)
 Metaspace       used 2707K, capacity 4486K, committed 4864K, reserved 1056768K
  class space    used 302K, capacity 386K, committed 512K, reserved 1048576K
}
{Heap before GC invocations=281 (full 1):
 PSYoungGen      total 69120K, used 68736K [0x00000007b9c00000, 0x00000007c0000000, 0x00000007c0000000)
  eden space 35840K, 100% used [0x00000007b9c00000,0x00000007bbf00000,0x00000007bbf00000)
  from space 33280K, 98% used [0x00000007bbf00000,0x00000007bdf20000,0x00000007bdf80000)
  to   space 33280K, 0% used [0x00000007bdf80000,0x00000007bdf80000,0x00000007c0000000)
 ParOldGen       total 161280K, used 35463K [0x00000006c1800000, 0x00000006cb580000, 0x00000007b9c00000)
  object space 161280K, 21% used [0x00000006c1800000,0x00000006c3aa1e80,0x00000006cb580000)
 Metaspace       used 2707K, capacity 4486K, committed 4864K, reserved 1056768K
  class space    used 302K, capacity 386K, committed 512K, reserved 1048576K
[GC (Allocation Failure)  104199K->68359K(230400K), 0.0325226 secs]
Heap after GC invocations=281 (full 1):
 PSYoungGen      total 69120K, used 32896K [0x00000007b9c00000, 0x00000007c0000000, 0x00000007c0000000)
  eden space 35840K, 0% used [0x00000007b9c00000,0x00000007b9c00000,0x00000007bbf00000)
  from space 33280K, 98% used [0x00000007bdf80000,0x00000007bffa0000,0x00000007c0000000)
  to   space 33280K, 0% used [0x00000007bbf00000,0x00000007bbf00000,0x00000007bdf80000)
 ParOldGen       total 161280K, used 35463K [0x00000006c1800000, 0x00000006cb580000, 0x00000007b9c00000)
  object space 161280K, 21% used [0x00000006c1800000,0x00000006c3aa1e80,0x00000006cb580000)
 Metaspace       used 2707K, capacity 4486K, committed 4864K, reserved 1056768K
  class space    used 302K, capacity 386K, committed 512K, reserved 1048576K
}
{Heap before GC invocations=282 (full 1):
 PSYoungGen      total 69120K, used 68736K [0x00000007b9c00000, 0x00000007c0000000, 0x00000007c0000000)
  eden space 35840K, 100% used [0x00000007b9c00000,0x00000007bbf00000,0x00000007bbf00000)
  from space 33280K, 98% used [0x00000007bdf80000,0x00000007bffa0000,0x00000007c0000000)
  to   space 33280K, 0% used [0x00000007bbf00000,0x00000007bbf00000,0x00000007bdf80000)
 ParOldGen       total 161280K, used 35463K [0x00000006c1800000, 0x00000006cb580000, 0x00000007b9c00000)
  object space 161280K, 21% used [0x00000006c1800000,0x00000006c3aa1e80,0x00000006cb580000)
 Metaspace       used 2707K, capacity 4486K, committed 4864K, reserved 1056768K
  class space    used 302K, capacity 386K, committed 512K, reserved 1048576K
[GC (Allocation Failure)  104199K->68359K(230400K), 0.0403301 secs]
Heap after GC invocations=282 (full 1):
 PSYoungGen      total 69120K, used 32896K [0x00000007b9c00000, 0x00000007c0000000, 0x00000007c0000000)
  eden space 35840K, 0% used [0x00000007b9c00000,0x00000007b9c00000,0x00000007bbf00000)
  from space 33280K, 98% used [0x00000007bbf00000,0x00000007bdf20000,0x00000007bdf80000)
  to   space 33280K, 0% used [0x00000007bdf80000,0x00000007bdf80000,0x00000007c0000000)
 ParOldGen       total 161280K, used 35463K [0x00000006c1800000, 0x00000006cb580000, 0x00000007b9c00000)
  object space 161280K, 21% used [0x00000006c1800000,0x00000006c3aa1e80,0x00000006cb580000)
 Metaspace       used 2707K, capacity 4486K, committed 4864K, reserved 1056768K
  class space    used 302K, capacity 386K, committed 512K, reserved 1048576K
}
{Heap before GC invocations=283 (full 1):
 PSYoungGen      total 69120K, used 68736K [0x00000007b9c00000, 0x00000007c0000000, 0x00000007c0000000)
  eden space 35840K, 100% used [0x00000007b9c00000,0x00000007bbf00000,0x00000007bbf00000)
  from space 33280K, 98% used [0x00000007bbf00000,0x00000007bdf20000,0x00000007bdf80000)
  to   space 33280K, 0% used [0x00000007bdf80000,0x00000007bdf80000,0x00000007c0000000)
 ParOldGen       total 161280K, used 35463K [0x00000006c1800000, 0x00000006cb580000, 0x00000007b9c00000)
  object space 161280K, 21% used [0x00000006c1800000,0x00000006c3aa1e80,0x00000006cb580000)
 Metaspace       used 2707K, capacity 4486K, committed 4864K, reserved 1056768K
  class space    used 302K, capacity 386K, committed 512K, reserved 1048576K
[GC (Allocation Failure)  104199K->68359K(230400K), 0.0304392 secs]
Heap after GC invocations=283 (full 1):
 PSYoungGen      total 69120K, used 32896K [0x00000007b9c00000, 0x00000007c0000000, 0x00000007c0000000)
  eden space 35840K, 0% used [0x00000007b9c00000,0x00000007b9c00000,0x00000007bbf00000)
  from space 33280K, 98% used [0x00000007bdf80000,0x00000007bffa0000,0x00000007c0000000)
  to   space 33280K, 0% used [0x00000007bbf00000,0x00000007bbf00000,0x00000007bdf80000)
 ParOldGen       total 161280K, used 35463K [0x00000006c1800000, 0x00000006cb580000, 0x00000007b9c00000)
  object space 161280K, 21% used [0x00000006c1800000,0x00000006c3aa1e80,0x00000006cb580000)
 Metaspace       used 2707K, capacity 4486K, committed 4864K, reserved 1056768K
  class space    used 302K, capacity 386K, committed 512K, reserved 1048576K
}
{Heap before GC invocations=284 (full 1):
 PSYoungGen      total 69120K, used 68736K [0x00000007b9c00000, 0x00000007c0000000, 0x00000007c0000000)
  eden space 35840K, 100% used [0x00000007b9c00000,0x00000007bbf00000,0x00000007bbf00000)
  from space 33280K, 98% used [0x00000007bdf80000,0x00000007bffa0000,0x00000007c0000000)
  to   space 33280K, 0% used [0x00000007bbf00000,0x00000007bbf00000,0x00000007bdf80000)
 ParOldGen       total 161280K, used 35463K [0x00000006c1800000, 0x00000006cb580000, 0x00000007b9c00000)
  object space 161280K, 21% used [0x00000006c1800000,0x00000006c3aa1e80,0x00000006cb580000)
 Metaspace       used 2707K, capacity 4486K, committed 4864K, reserved 1056768K
  class space    used 302K, capacity 386K, committed 512K, reserved 1048576K
[GC (Allocation Failure)  104199K->68359K(230400K), 0.0329557 secs]
Heap after GC invocations=284 (full 1):
 PSYoungGen      total 69120K, used 32896K [0x00000007b9c00000, 0x00000007c0000000, 0x00000007c0000000)
  eden space 35840K, 0% used [0x00000007b9c00000,0x00000007b9c00000,0x00000007bbf00000)
  from space 33280K, 98% used [0x00000007bbf00000,0x00000007bdf20000,0x00000007bdf80000)
  to   space 33280K, 0% used [0x00000007bdf80000,0x00000007bdf80000,0x00000007c0000000)
 ParOldGen       total 161280K, used 35463K [0x00000006c1800000, 0x00000006cb580000, 0x00000007b9c00000)
  object space 161280K, 21% used [0x00000006c1800000,0x00000006c3aa1e80,0x00000006cb580000)
 Metaspace       used 2707K, capacity 4486K, committed 4864K, reserved 1056768K
  class space    used 302K, capacity 386K, committed 512K, reserved 1048576K
}
{Heap before GC invocations=285 (full 1):
 PSYoungGen      total 69120K, used 68736K [0x00000007b9c00000, 0x00000007c0000000, 0x00000007c0000000)
  eden space 35840K, 100% used [0x00000007b9c00000,0x00000007bbf00000,0x00000007bbf00000)
  from space 33280K, 98% used [0x00000007bbf00000,0x00000007bdf20000,0x00000007bdf80000)
  to   space 33280K, 0% used [0x00000007bdf80000,0x00000007bdf80000,0x00000007c0000000)
 ParOldGen       total 161280K, used 35463K [0x00000006c1800000, 0x00000006cb580000, 0x00000007b9c00000)
  object space 161280K, 21% used [0x00000006c1800000,0x00000006c3aa1e80,0x00000006cb580000)
 Metaspace       used 2707K, capacity 4486K, committed 4864K, reserved 1056768K
  class space    used 302K, capacity 386K, committed 512K, reserved 1048576K
[GC (Allocation Failure)  104199K->68359K(230400K), 0.0406519 secs]
Heap after GC invocations=285 (full 1):
 PSYoungGen      total 69120K, used 32896K [0x00000007b9c00000, 0x00000007c0000000, 0x00000007c0000000)
  eden space 35840K, 0% used [0x00000007b9c00000,0x00000007b9c00000,0x00000007bbf00000)
  from space 33280K, 98% used [0x00000007bdf80000,0x00000007bffa0000,0x00000007c0000000)
  to   space 33280K, 0% used [0x00000007bbf00000,0x00000007bbf00000,0x00000007bdf80000)
 ParOldGen       total 161280K, used 35463K [0x00000006c1800000, 0x00000006cb580000, 0x00000007b9c00000)
  object space 161280K, 21% used [0x00000006c1800000,0x00000006c3aa1e80,0x00000006cb580000)
 Metaspace       used 2707K, capacity 4486K, committed 4864K, reserved 1056768K
  class space    used 302K, capacity 386K, committed 512K, reserved 1048576K
}
{Heap before GC invocations=286 (full 1):
 PSYoungGen      total 69120K, used 68736K [0x00000007b9c00000, 0x00000007c0000000, 0x00000007c0000000)
  eden space 35840K, 100% used [0x00000007b9c00000,0x00000007bbf00000,0x00000007bbf00000)
  from space 33280K, 98% used [0x00000007bdf80000,0x00000007bffa0000,0x00000007c0000000)
  to   space 33280K, 0% used [0x00000007bbf00000,0x00000007bbf00000,0x00000007bdf80000)
 ParOldGen       total 161280K, used 35463K [0x00000006c1800000, 0x00000006cb580000, 0x00000007b9c00000)
  object space 161280K, 21% used [0x00000006c1800000,0x00000006c3aa1e80,0x00000006cb580000)
 Metaspace       used 2707K, capacity 4486K, committed 4864K, reserved 1056768K
  class space    used 302K, capacity 386K, committed 512K, reserved 1048576K
[GC (Allocation Failure)  104199K->68327K(230400K), 0.0389273 secs]
Heap after GC invocations=286 (full 1):
 PSYoungGen      total 69120K, used 32864K [0x00000007b9c00000, 0x00000007c0000000, 0x00000007c0000000)
  eden space 35840K, 0% used [0x00000007b9c00000,0x00000007b9c00000,0x00000007bbf00000)
  from space 33280K, 98% used [0x00000007bbf00000,0x00000007bdf18000,0x00000007bdf80000)
  to   space 33280K, 0% used [0x00000007bdf80000,0x00000007bdf80000,0x00000007c0000000)
 ParOldGen       total 161280K, used 35463K [0x00000006c1800000, 0x00000006cb580000, 0x00000007b9c00000)
  object space 161280K, 21% used [0x00000006c1800000,0x00000006c3aa1e80,0x00000006cb580000)
 Metaspace       used 2707K, capacity 4486K, committed 4864K, reserved 1056768K
  class space    used 302K, capacity 386K, committed 512K, reserved 1048576K
}
{Heap before GC invocations=287 (full 1):
 PSYoungGen      total 69120K, used 68704K [0x00000007b9c00000, 0x00000007c0000000, 0x00000007c0000000)
  eden space 35840K, 100% used [0x00000007b9c00000,0x00000007bbf00000,0x00000007bbf00000)
  from space 33280K, 98% used [0x00000007bbf00000,0x00000007bdf18000,0x00000007bdf80000)
  to   space 33280K, 0% used [0x00000007bdf80000,0x00000007bdf80000,0x00000007c0000000)
 ParOldGen       total 161280K, used 35463K [0x00000006c1800000, 0x00000006cb580000, 0x00000007b9c00000)
  object space 161280K, 21% used [0x00000006c1800000,0x00000006c3aa1e80,0x00000006cb580000)
 Metaspace       used 2707K, capacity 4486K, committed 4864K, reserved 1056768K
  class space    used 302K, capacity 386K, committed 512K, reserved 1048576K
[GC (Allocation Failure)  104167K->68359K(230400K), 0.0340729 secs]
Heap after GC invocations=287 (full 1):
 PSYoungGen      total 69120K, used 32896K [0x00000007b9c00000, 0x00000007c0000000, 0x00000007c0000000)
  eden space 35840K, 0% used [0x00000007b9c00000,0x00000007b9c00000,0x00000007bbf00000)
  from space 33280K, 98% used [0x00000007bdf80000,0x00000007bffa0000,0x00000007c0000000)
  to   space 33280K, 0% used [0x00000007bbf00000,0x00000007bbf00000,0x00000007bdf80000)
 ParOldGen       total 161280K, used 35463K [0x00000006c1800000, 0x00000006cb580000, 0x00000007b9c00000)
  object space 161280K, 21% used [0x00000006c1800000,0x00000006c3aa1e80,0x00000006cb580000)
 Metaspace       used 2707K, capacity 4486K, committed 4864K, reserved 1056768K
  class space    used 302K, capacity 386K, committed 512K, reserved 1048576K
}
{Heap before GC invocations=288 (full 1):
 PSYoungGen      total 69120K, used 68736K [0x00000007b9c00000, 0x00000007c0000000, 0x00000007c0000000)
  eden space 35840K, 100% used [0x00000007b9c00000,0x00000007bbf00000,0x00000007bbf00000)
  from space 33280K, 98% used [0x00000007bdf80000,0x00000007bffa0000,0x00000007c0000000)
  to   space 33280K, 0% used [0x00000007bbf00000,0x00000007bbf00000,0x00000007bdf80000)
 ParOldGen       total 161280K, used 35463K [0x00000006c1800000, 0x00000006cb580000, 0x00000007b9c00000)
  object space 161280K, 21% used [0x00000006c1800000,0x00000006c3aa1e80,0x00000006cb580000)
 Metaspace       used 2707K, capacity 4486K, committed 4864K, reserved 1056768K
  class space    used 302K, capacity 386K, committed 512K, reserved 1048576K
[GC (Allocation Failure)  104199K->68359K(230400K), 0.0347947 secs]
Heap after GC invocations=288 (full 1):
 PSYoungGen      total 69120K, used 32896K [0x00000007b9c00000, 0x00000007c0000000, 0x00000007c0000000)
  eden space 35840K, 0% used [0x00000007b9c00000,0x00000007b9c00000,0x00000007bbf00000)
  from space 33280K, 98% used [0x00000007bbf00000,0x00000007bdf20000,0x00000007bdf80000)
  to   space 33280K, 0% used [0x00000007bdf80000,0x00000007bdf80000,0x00000007c0000000)
 ParOldGen       total 161280K, used 35463K [0x00000006c1800000, 0x00000006cb580000, 0x00000007b9c00000)
  object space 161280K, 21% used [0x00000006c1800000,0x00000006c3aa1e80,0x00000006cb580000)
 Metaspace       used 2707K, capacity 4486K, committed 4864K, reserved 1056768K
  class space    used 302K, capacity 386K, committed 512K, reserved 1048576K
}
{Heap before GC invocations=289 (full 1):
 PSYoungGen      total 69120K, used 68736K [0x00000007b9c00000, 0x00000007c0000000, 0x00000007c0000000)
  eden space 35840K, 100% used [0x00000007b9c00000,0x00000007bbf00000,0x00000007bbf00000)
  from space 33280K, 98% used [0x00000007bbf00000,0x00000007bdf20000,0x00000007bdf80000)
  to   space 33280K, 0% used [0x00000007bdf80000,0x00000007bdf80000,0x00000007c0000000)
 ParOldGen       total 161280K, used 35463K [0x00000006c1800000, 0x00000006cb580000, 0x00000007b9c00000)
  object space 161280K, 21% used [0x00000006c1800000,0x00000006c3aa1e80,0x00000006cb580000)
 Metaspace       used 2707K, capacity 4486K, committed 4864K, reserved 1056768K
  class space    used 302K, capacity 386K, committed 512K, reserved 1048576K
[GC (Allocation Failure)  104199K->68359K(230400K), 0.0328049 secs]
Heap after GC invocations=289 (full 1):
 PSYoungGen      total 69120K, used 32896K [0x00000007b9c00000, 0x00000007c0000000, 0x00000007c0000000)
  eden space 35840K, 0% used [0x00000007b9c00000,0x00000007b9c00000,0x00000007bbf00000)
  from space 33280K, 98% used [0x00000007bdf80000,0x00000007bffa0000,0x00000007c0000000)
  to   space 33280K, 0% used [0x00000007bbf00000,0x00000007bbf00000,0x00000007bdf80000)
 ParOldGen       total 161280K, used 35463K [0x00000006c1800000, 0x00000006cb580000, 0x00000007b9c00000)
  object space 161280K, 21% used [0x00000006c1800000,0x00000006c3aa1e80,0x00000006cb580000)
 Metaspace       used 2707K, capacity 4486K, committed 4864K, reserved 1056768K
  class space    used 302K, capacity 386K, committed 512K, reserved 1048576K
}
{Heap before GC invocations=290 (full 1):
 PSYoungGen      total 69120K, used 68736K [0x00000007b9c00000, 0x00000007c0000000, 0x00000007c0000000)
  eden space 35840K, 100% used [0x00000007b9c00000,0x00000007bbf00000,0x00000007bbf00000)
  from space 33280K, 98% used [0x00000007bdf80000,0x00000007bffa0000,0x00000007c0000000)
  to   space 33280K, 0% used [0x00000007bbf00000,0x00000007bbf00000,0x00000007bdf80000)
 ParOldGen       total 161280K, used 35463K [0x00000006c1800000, 0x00000006cb580000, 0x00000007b9c00000)
  object space 161280K, 21% used [0x00000006c1800000,0x00000006c3aa1e80,0x00000006cb580000)
 Metaspace       used 2707K, capacity 4486K, committed 4864K, reserved 1056768K
  class space    used 302K, capacity 386K, committed 512K, reserved 1048576K
[GC (Allocation Failure)  104199K->68391K(230400K), 0.0318517 secs]
Heap after GC invocations=290 (full 1):
 PSYoungGen      total 69120K, used 32928K [0x00000007b9c00000, 0x00000007c0000000, 0x00000007c0000000)
  eden space 35840K, 0% used [0x00000007b9c00000,0x00000007b9c00000,0x00000007bbf00000)
  from space 33280K, 98% used [0x00000007bbf00000,0x00000007bdf28000,0x00000007bdf80000)
  to   space 33280K, 0% used [0x00000007bdf80000,0x00000007bdf80000,0x00000007c0000000)
 ParOldGen       total 161280K, used 35463K [0x00000006c1800000, 0x00000006cb580000, 0x00000007b9c00000)
  object space 161280K, 21% used [0x00000006c1800000,0x00000006c3aa1e80,0x00000006cb580000)
 Metaspace       used 2707K, capacity 4486K, committed 4864K, reserved 1056768K
  class space    used 302K, capacity 386K, committed 512K, reserved 1048576K
}
{Heap before GC invocations=291 (full 1):
 PSYoungGen      total 69120K, used 68768K [0x00000007b9c00000, 0x00000007c0000000, 0x00000007c0000000)
  eden space 35840K, 100% used [0x00000007b9c00000,0x00000007bbf00000,0x00000007bbf00000)
  from space 33280K, 98% used [0x00000007bbf00000,0x00000007bdf28000,0x00000007bdf80000)
  to   space 33280K, 0% used [0x00000007bdf80000,0x00000007bdf80000,0x00000007c0000000)
 ParOldGen       total 161280K, used 35463K [0x00000006c1800000, 0x00000006cb580000, 0x00000007b9c00000)
  object space 161280K, 21% used [0x00000006c1800000,0x00000006c3aa1e80,0x00000006cb580000)
 Metaspace       used 2707K, capacity 4486K, committed 4864K, reserved 1056768K
  class space    used 302K, capacity 386K, committed 512K, reserved 1048576K
[GC (Allocation Failure)  104231K->68327K(230400K), 0.0340602 secs]
Heap after GC invocations=291 (full 1):
 PSYoungGen      total 69120K, used 32864K [0x00000007b9c00000, 0x00000007c0000000, 0x00000007c0000000)
  eden space 35840K, 0% used [0x00000007b9c00000,0x00000007b9c00000,0x00000007bbf00000)
  from space 33280K, 98% used [0x00000007bdf80000,0x00000007bff98000,0x00000007c0000000)
  to   space 33280K, 0% used [0x00000007bbf00000,0x00000007bbf00000,0x00000007bdf80000)
 ParOldGen       total 161280K, used 35463K [0x00000006c1800000, 0x00000006cb580000, 0x00000007b9c00000)
  object space 161280K, 21% used [0x00000006c1800000,0x00000006c3aa1e80,0x00000006cb580000)
 Metaspace       used 2707K, capacity 4486K, committed 4864K, reserved 1056768K
  class space    used 302K, capacity 386K, committed 512K, reserved 1048576K
}
{Heap before GC invocations=292 (full 1):
 PSYoungGen      total 69120K, used 68704K [0x00000007b9c00000, 0x00000007c0000000, 0x00000007c0000000)
  eden space 35840K, 100% used [0x00000007b9c00000,0x00000007bbf00000,0x00000007bbf00000)
  from space 33280K, 98% used [0x00000007bdf80000,0x00000007bff98000,0x00000007c0000000)
  to   space 33280K, 0% used [0x00000007bbf00000,0x00000007bbf00000,0x00000007bdf80000)
 ParOldGen       total 161280K, used 35463K [0x00000006c1800000, 0x00000006cb580000, 0x00000007b9c00000)
  object space 161280K, 21% used [0x00000006c1800000,0x00000006c3aa1e80,0x00000006cb580000)
 Metaspace       used 2707K, capacity 4486K, committed 4864K, reserved 1056768K
  class space    used 302K, capacity 386K, committed 512K, reserved 1048576K
[GC (Allocation Failure)  104167K->68359K(230400K), 0.0322952 secs]
Heap after GC invocations=292 (full 1):
 PSYoungGen      total 69120K, used 32896K [0x00000007b9c00000, 0x00000007c0000000, 0x00000007c0000000)
  eden space 35840K, 0% used [0x00000007b9c00000,0x00000007b9c00000,0x00000007bbf00000)
  from space 33280K, 98% used [0x00000007bbf00000,0x00000007bdf20000,0x00000007bdf80000)
  to   space 33280K, 0% used [0x00000007bdf80000,0x00000007bdf80000,0x00000007c0000000)
 ParOldGen       total 161280K, used 35463K [0x00000006c1800000, 0x00000006cb580000, 0x00000007b9c00000)
  object space 161280K, 21% used [0x00000006c1800000,0x00000006c3aa1e80,0x00000006cb580000)
 Metaspace       used 2707K, capacity 4486K, committed 4864K, reserved 1056768K
  class space    used 302K, capacity 386K, committed 512K, reserved 1048576K
}
{Heap before GC invocations=293 (full 1):
 PSYoungGen      total 69120K, used 68736K [0x00000007b9c00000, 0x00000007c0000000, 0x00000007c0000000)
  eden space 35840K, 100% used [0x00000007b9c00000,0x00000007bbf00000,0x00000007bbf00000)
  from space 33280K, 98% used [0x00000007bbf00000,0x00000007bdf20000,0x00000007bdf80000)
  to   space 33280K, 0% used [0x00000007bdf80000,0x00000007bdf80000,0x00000007c0000000)
 ParOldGen       total 161280K, used 35463K [0x00000006c1800000, 0x00000006cb580000, 0x00000007b9c00000)
  object space 161280K, 21% used [0x00000006c1800000,0x00000006c3aa1e80,0x00000006cb580000)
 Metaspace       used 2707K, capacity 4486K, committed 4864K, reserved 1056768K
  class space    used 302K, capacity 386K, committed 512K, reserved 1048576K
[GC (Allocation Failure)  104199K->68327K(230400K), 0.0348324 secs]
Heap after GC invocations=293 (full 1):
 PSYoungGen      total 69120K, used 32864K [0x00000007b9c00000, 0x00000007c0000000, 0x00000007c0000000)
  eden space 35840K, 0% used [0x00000007b9c00000,0x00000007b9c00000,0x00000007bbf00000)
  from space 33280K, 98% used [0x00000007bdf80000,0x00000007bff98000,0x00000007c0000000)
  to   space 33280K, 0% used [0x00000007bbf00000,0x00000007bbf00000,0x00000007bdf80000)
 ParOldGen       total 161280K, used 35463K [0x00000006c1800000, 0x00000006cb580000, 0x00000007b9c00000)
  object space 161280K, 21% used [0x00000006c1800000,0x00000006c3aa1e80,0x00000006cb580000)
 Metaspace       used 2707K, capacity 4486K, committed 4864K, reserved 1056768K
  class space    used 302K, capacity 386K, committed 512K, reserved 1048576K
}
{Heap before GC invocations=294 (full 1):
 PSYoungGen      total 69120K, used 68704K [0x00000007b9c00000, 0x00000007c0000000, 0x00000007c0000000)
  eden space 35840K, 100% used [0x00000007b9c00000,0x00000007bbf00000,0x00000007bbf00000)
  from space 33280K, 98% used [0x00000007bdf80000,0x00000007bff98000,0x00000007c0000000)
  to   space 33280K, 0% used [0x00000007bbf00000,0x00000007bbf00000,0x00000007bdf80000)
 ParOldGen       total 161280K, used 35463K [0x00000006c1800000, 0x00000006cb580000, 0x00000007b9c00000)
  object space 161280K, 21% used [0x00000006c1800000,0x00000006c3aa1e80,0x00000006cb580000)
 Metaspace       used 2707K, capacity 4486K, committed 4864K, reserved 1056768K
  class space    used 302K, capacity 386K, committed 512K, reserved 1048576K
[GC (Allocation Failure)  104167K->68391K(230400K), 0.0334860 secs]
Heap after GC invocations=294 (full 1):
 PSYoungGen      total 69120K, used 32928K [0x00000007b9c00000, 0x00000007c0000000, 0x00000007c0000000)
  eden space 35840K, 0% used [0x00000007b9c00000,0x00000007b9c00000,0x00000007bbf00000)
  from space 33280K, 98% used [0x00000007bbf00000,0x00000007bdf28000,0x00000007bdf80000)
  to   space 33280K, 0% used [0x00000007bdf80000,0x00000007bdf80000,0x00000007c0000000)
 ParOldGen       total 161280K, used 35463K [0x00000006c1800000, 0x00000006cb580000, 0x00000007b9c00000)
  object space 161280K, 21% used [0x00000006c1800000,0x00000006c3aa1e80,0x00000006cb580000)
 Metaspace       used 2707K, capacity 4486K, committed 4864K, reserved 1056768K
  class space    used 302K, capacity 386K, committed 512K, reserved 1048576K
}
{Heap before GC invocations=295 (full 1):
 PSYoungGen      total 69120K, used 68768K [0x00000007b9c00000, 0x00000007c0000000, 0x00000007c0000000)
  eden space 35840K, 100% used [0x00000007b9c00000,0x00000007bbf00000,0x00000007bbf00000)
  from space 33280K, 98% used [0x00000007bbf00000,0x00000007bdf28000,0x00000007bdf80000)
  to   space 33280K, 0% used [0x00000007bdf80000,0x00000007bdf80000,0x00000007c0000000)
 ParOldGen       total 161280K, used 35463K [0x00000006c1800000, 0x00000006cb580000, 0x00000007b9c00000)
  object space 161280K, 21% used [0x00000006c1800000,0x00000006c3aa1e80,0x00000006cb580000)
 Metaspace       used 2707K, capacity 4486K, committed 4864K, reserved 1056768K
  class space    used 302K, capacity 386K, committed 512K, reserved 1048576K
[GC (Allocation Failure)  104231K->68359K(230400K), 0.0331529 secs]
Heap after GC invocations=295 (full 1):
 PSYoungGen      total 69120K, used 32896K [0x00000007b9c00000, 0x00000007c0000000, 0x00000007c0000000)
  eden space 35840K, 0% used [0x00000007b9c00000,0x00000007b9c00000,0x00000007bbf00000)
  from space 33280K, 98% used [0x00000007bdf80000,0x00000007bffa0000,0x00000007c0000000)
  to   space 33280K, 0% used [0x00000007bbf00000,0x00000007bbf00000,0x00000007bdf80000)
 ParOldGen       total 161280K, used 35463K [0x00000006c1800000, 0x00000006cb580000, 0x00000007b9c00000)
  object space 161280K, 21% used [0x00000006c1800000,0x00000006c3aa1e80,0x00000006cb580000)
 Metaspace       used 2707K, capacity 4486K, committed 4864K, reserved 1056768K
  class space    used 302K, capacity 386K, committed 512K, reserved 1048576K
}
{Heap before GC invocations=296 (full 1):
 PSYoungGen      total 69120K, used 68736K [0x00000007b9c00000, 0x00000007c0000000, 0x00000007c0000000)
  eden space 35840K, 100% used [0x00000007b9c00000,0x00000007bbf00000,0x00000007bbf00000)
  from space 33280K, 98% used [0x00000007bdf80000,0x00000007bffa0000,0x00000007c0000000)
  to   space 33280K, 0% used [0x00000007bbf00000,0x00000007bbf00000,0x00000007bdf80000)
 ParOldGen       total 161280K, used 35463K [0x00000006c1800000, 0x00000006cb580000, 0x00000007b9c00000)
  object space 161280K, 21% used [0x00000006c1800000,0x00000006c3aa1e80,0x00000006cb580000)
 Metaspace       used 2707K, capacity 4486K, committed 4864K, reserved 1056768K
  class space    used 302K, capacity 386K, committed 512K, reserved 1048576K
[GC (Allocation Failure)  104199K->68327K(230400K), 0.0320143 secs]
Heap after GC invocations=296 (full 1):
 PSYoungGen      total 69120K, used 32864K [0x00000007b9c00000, 0x00000007c0000000, 0x00000007c0000000)
  eden space 35840K, 0% used [0x00000007b9c00000,0x00000007b9c00000,0x00000007bbf00000)
  from space 33280K, 98% used [0x00000007bbf00000,0x00000007bdf18000,0x00000007bdf80000)
  to   space 33280K, 0% used [0x00000007bdf80000,0x00000007bdf80000,0x00000007c0000000)
 ParOldGen       total 161280K, used 35463K [0x00000006c1800000, 0x00000006cb580000, 0x00000007b9c00000)
  object space 161280K, 21% used [0x00000006c1800000,0x00000006c3aa1e80,0x00000006cb580000)
 Metaspace       used 2707K, capacity 4486K, committed 4864K, reserved 1056768K
  class space    used 302K, capacity 386K, committed 512K, reserved 1048576K
}
{Heap before GC invocations=297 (full 1):
 PSYoungGen      total 69120K, used 68704K [0x00000007b9c00000, 0x00000007c0000000, 0x00000007c0000000)
  eden space 35840K, 100% used [0x00000007b9c00000,0x00000007bbf00000,0x00000007bbf00000)
  from space 33280K, 98% used [0x00000007bbf00000,0x00000007bdf18000,0x00000007bdf80000)
  to   space 33280K, 0% used [0x00000007bdf80000,0x00000007bdf80000,0x00000007c0000000)
 ParOldGen       total 161280K, used 35463K [0x00000006c1800000, 0x00000006cb580000, 0x00000007b9c00000)
  object space 161280K, 21% used [0x00000006c1800000,0x00000006c3aa1e80,0x00000006cb580000)
 Metaspace       used 2707K, capacity 4486K, committed 4864K, reserved 1056768K
  class space    used 302K, capacity 386K, committed 512K, reserved 1048576K
[GC (Allocation Failure)  104167K->68327K(230400K), 0.0330840 secs]
Heap after GC invocations=297 (full 1):
 PSYoungGen      total 69120K, used 32864K [0x00000007b9c00000, 0x00000007c0000000, 0x00000007c0000000)
  eden space 35840K, 0% used [0x00000007b9c00000,0x00000007b9c00000,0x00000007bbf00000)
  from space 33280K, 98% used [0x00000007bdf80000,0x00000007bff98000,0x00000007c0000000)
  to   space 33280K, 0% used [0x00000007bbf00000,0x00000007bbf00000,0x00000007bdf80000)
 ParOldGen       total 161280K, used 35463K [0x00000006c1800000, 0x00000006cb580000, 0x00000007b9c00000)
  object space 161280K, 21% used [0x00000006c1800000,0x00000006c3aa1e80,0x00000006cb580000)
 Metaspace       used 2707K, capacity 4486K, committed 4864K, reserved 1056768K
  class space    used 302K, capacity 386K, committed 512K, reserved 1048576K
}
{Heap before GC invocations=298 (full 1):
 PSYoungGen      total 69120K, used 68704K [0x00000007b9c00000, 0x00000007c0000000, 0x00000007c0000000)
  eden space 35840K, 100% used [0x00000007b9c00000,0x00000007bbf00000,0x00000007bbf00000)
  from space 33280K, 98% used [0x00000007bdf80000,0x00000007bff98000,0x00000007c0000000)
  to   space 33280K, 0% used [0x00000007bbf00000,0x00000007bbf00000,0x00000007bdf80000)
 ParOldGen       total 161280K, used 35463K [0x00000006c1800000, 0x00000006cb580000, 0x00000007b9c00000)
  object space 161280K, 21% used [0x00000006c1800000,0x00000006c3aa1e80,0x00000006cb580000)
 Metaspace       used 2707K, capacity 4486K, committed 4864K, reserved 1056768K
  class space    used 302K, capacity 386K, committed 512K, reserved 1048576K
[GC (Allocation Failure)  104167K->68359K(230400K), 0.0314857 secs]
Heap after GC invocations=298 (full 1):
 PSYoungGen      total 69120K, used 32896K [0x00000007b9c00000, 0x00000007c0000000, 0x00000007c0000000)
  eden space 35840K, 0% used [0x00000007b9c00000,0x00000007b9c00000,0x00000007bbf00000)
  from space 33280K, 98% used [0x00000007bbf00000,0x00000007bdf20000,0x00000007bdf80000)
  to   space 33280K, 0% used [0x00000007bdf80000,0x00000007bdf80000,0x00000007c0000000)
 ParOldGen       total 161280K, used 35463K [0x00000006c1800000, 0x00000006cb580000, 0x00000007b9c00000)
  object space 161280K, 21% used [0x00000006c1800000,0x00000006c3aa1e80,0x00000006cb580000)
 Metaspace       used 2707K, capacity 4486K, committed 4864K, reserved 1056768K
  class space    used 302K, capacity 386K, committed 512K, reserved 1048576K
}
{Heap before GC invocations=299 (full 1):
 PSYoungGen      total 69120K, used 68736K [0x00000007b9c00000, 0x00000007c0000000, 0x00000007c0000000)
  eden space 35840K, 100% used [0x00000007b9c00000,0x00000007bbf00000,0x00000007bbf00000)
  from space 33280K, 98% used [0x00000007bbf00000,0x00000007bdf20000,0x00000007bdf80000)
  to   space 33280K, 0% used [0x00000007bdf80000,0x00000007bdf80000,0x00000007c0000000)
 ParOldGen       total 161280K, used 35463K [0x00000006c1800000, 0x00000006cb580000, 0x00000007b9c00000)
  object space 161280K, 21% used [0x00000006c1800000,0x00000006c3aa1e80,0x00000006cb580000)
 Metaspace       used 2707K, capacity 4486K, committed 4864K, reserved 1056768K
  class space    used 302K, capacity 386K, committed 512K, reserved 1048576K
[GC (Allocation Failure)  104199K->68391K(230400K), 0.0310938 secs]
Heap after GC invocations=299 (full 1):
 PSYoungGen      total 69120K, used 32928K [0x00000007b9c00000, 0x00000007c0000000, 0x00000007c0000000)
  eden space 35840K, 0% used [0x00000007b9c00000,0x00000007b9c00000,0x00000007bbf00000)
  from space 33280K, 98% used [0x00000007bdf80000,0x00000007bffa8000,0x00000007c0000000)
  to   space 33280K, 0% used [0x00000007bbf00000,0x00000007bbf00000,0x00000007bdf80000)
 ParOldGen       total 161280K, used 35463K [0x00000006c1800000, 0x00000006cb580000, 0x00000007b9c00000)
  object space 161280K, 21% used [0x00000006c1800000,0x00000006c3aa1e80,0x00000006cb580000)
 Metaspace       used 2707K, capacity 4486K, committed 4864K, reserved 1056768K
  class space    used 302K, capacity 386K, committed 512K, reserved 1048576K
}
{Heap before GC invocations=300 (full 1):
 PSYoungGen      total 69120K, used 68768K [0x00000007b9c00000, 0x00000007c0000000, 0x00000007c0000000)
  eden space 35840K, 100% used [0x00000007b9c00000,0x00000007bbf00000,0x00000007bbf00000)
  from space 33280K, 98% used [0x00000007bdf80000,0x00000007bffa8000,0x00000007c0000000)
  to   space 33280K, 0% used [0x00000007bbf00000,0x00000007bbf00000,0x00000007bdf80000)
 ParOldGen       total 161280K, used 35463K [0x00000006c1800000, 0x00000006cb580000, 0x00000007b9c00000)
  object space 161280K, 21% used [0x00000006c1800000,0x00000006c3aa1e80,0x00000006cb580000)
 Metaspace       used 2707K, capacity 4486K, committed 4864K, reserved 1056768K
  class space    used 302K, capacity 386K, committed 512K, reserved 1048576K
[GC (Allocation Failure)  104231K->68391K(230400K), 0.0320190 secs]
Heap after GC invocations=300 (full 1):
 PSYoungGen      total 69120K, used 32928K [0x00000007b9c00000, 0x00000007c0000000, 0x00000007c0000000)
  eden space 35840K, 0% used [0x00000007b9c00000,0x00000007b9c00000,0x00000007bbf00000)
  from space 33280K, 98% used [0x00000007bbf00000,0x00000007bdf28000,0x00000007bdf80000)
  to   space 33280K, 0% used [0x00000007bdf80000,0x00000007bdf80000,0x00000007c0000000)
 ParOldGen       total 161280K, used 35463K [0x00000006c1800000, 0x00000006cb580000, 0x00000007b9c00000)
  object space 161280K, 21% used [0x00000006c1800000,0x00000006c3aa1e80,0x00000006cb580000)
 Metaspace       used 2707K, capacity 4486K, committed 4864K, reserved 1056768K
  class space    used 302K, capacity 386K, committed 512K, reserved 1048576K
}
{Heap before GC invocations=301 (full 1):
 PSYoungGen      total 69120K, used 68768K [0x00000007b9c00000, 0x00000007c0000000, 0x00000007c0000000)
  eden space 35840K, 100% used [0x00000007b9c00000,0x00000007bbf00000,0x00000007bbf00000)
  from space 33280K, 98% used [0x00000007bbf00000,0x00000007bdf28000,0x00000007bdf80000)
  to   space 33280K, 0% used [0x00000007bdf80000,0x00000007bdf80000,0x00000007c0000000)
 ParOldGen       total 161280K, used 35463K [0x00000006c1800000, 0x00000006cb580000, 0x00000007b9c00000)
  object space 161280K, 21% used [0x00000006c1800000,0x00000006c3aa1e80,0x00000006cb580000)
 Metaspace       used 2707K, capacity 4486K, committed 4864K, reserved 1056768K
  class space    used 302K, capacity 386K, committed 512K, reserved 1048576K
[GC (Allocation Failure)  104231K->68391K(230400K), 0.0356828 secs]
Heap after GC invocations=301 (full 1):
 PSYoungGen      total 69120K, used 32928K [0x00000007b9c00000, 0x00000007c0000000, 0x00000007c0000000)
  eden space 35840K, 0% used [0x00000007b9c00000,0x00000007b9c00000,0x00000007bbf00000)
  from space 33280K, 98% used [0x00000007bdf80000,0x00000007bffa8000,0x00000007c0000000)
  to   space 33280K, 0% used [0x00000007bbf00000,0x00000007bbf00000,0x00000007bdf80000)
 ParOldGen       total 161280K, used 35463K [0x00000006c1800000, 0x00000006cb580000, 0x00000007b9c00000)
  object space 161280K, 21% used [0x00000006c1800000,0x00000006c3aa1e80,0x00000006cb580000)
 Metaspace       used 2707K, capacity 4486K, committed 4864K, reserved 1056768K
  class space    used 302K, capacity 386K, committed 512K, reserved 1048576K
}
{Heap before GC invocations=302 (full 1):
 PSYoungGen      total 69120K, used 68768K [0x00000007b9c00000, 0x00000007c0000000, 0x00000007c0000000)
  eden space 35840K, 100% used [0x00000007b9c00000,0x00000007bbf00000,0x00000007bbf00000)
  from space 33280K, 98% used [0x00000007bdf80000,0x00000007bffa8000,0x00000007c0000000)
  to   space 33280K, 0% used [0x00000007bbf00000,0x00000007bbf00000,0x00000007bdf80000)
 ParOldGen       total 161280K, used 35463K [0x00000006c1800000, 0x00000006cb580000, 0x00000007b9c00000)
  object space 161280K, 21% used [0x00000006c1800000,0x00000006c3aa1e80,0x00000006cb580000)
 Metaspace       used 2707K, capacity 4486K, committed 4864K, reserved 1056768K
  class space    used 302K, capacity 386K, committed 512K, reserved 1048576K
[GC (Allocation Failure)  104231K->68359K(230400K), 0.0387841 secs]
Heap after GC invocations=302 (full 1):
 PSYoungGen      total 69120K, used 32896K [0x00000007b9c00000, 0x00000007c0000000, 0x00000007c0000000)
  eden space 35840K, 0% used [0x00000007b9c00000,0x00000007b9c00000,0x00000007bbf00000)
  from space 33280K, 98% used [0x00000007bbf00000,0x00000007bdf20000,0x00000007bdf80000)
  to   space 33280K, 0% used [0x00000007bdf80000,0x00000007bdf80000,0x00000007c0000000)
 ParOldGen       total 161280K, used 35463K [0x00000006c1800000, 0x00000006cb580000, 0x00000007b9c00000)
  object space 161280K, 21% used [0x00000006c1800000,0x00000006c3aa1e80,0x00000006cb580000)
 Metaspace       used 2707K, capacity 4486K, committed 4864K, reserved 1056768K
  class space    used 302K, capacity 386K, committed 512K, reserved 1048576K
}
{Heap before GC invocations=303 (full 1):
 PSYoungGen      total 69120K, used 68736K [0x00000007b9c00000, 0x00000007c0000000, 0x00000007c0000000)
  eden space 35840K, 100% used [0x00000007b9c00000,0x00000007bbf00000,0x00000007bbf00000)
  from space 33280K, 98% used [0x00000007bbf00000,0x00000007bdf20000,0x00000007bdf80000)
  to   space 33280K, 0% used [0x00000007bdf80000,0x00000007bdf80000,0x00000007c0000000)
 ParOldGen       total 161280K, used 35463K [0x00000006c1800000, 0x00000006cb580000, 0x00000007b9c00000)
  object space 161280K, 21% used [0x00000006c1800000,0x00000006c3aa1e80,0x00000006cb580000)
 Metaspace       used 2707K, capacity 4486K, committed 4864K, reserved 1056768K
  class space    used 302K, capacity 386K, committed 512K, reserved 1048576K
[GC (Allocation Failure)  104199K->68359K(230400K), 0.0319127 secs]
Heap after GC invocations=303 (full 1):
 PSYoungGen      total 69120K, used 32896K [0x00000007b9c00000, 0x00000007c0000000, 0x00000007c0000000)
  eden space 35840K, 0% used [0x00000007b9c00000,0x00000007b9c00000,0x00000007bbf00000)
  from space 33280K, 98% used [0x00000007bdf80000,0x00000007bffa0000,0x00000007c0000000)
  to   space 33280K, 0% used [0x00000007bbf00000,0x00000007bbf00000,0x00000007bdf80000)
 ParOldGen       total 161280K, used 35463K [0x00000006c1800000, 0x00000006cb580000, 0x00000007b9c00000)
  object space 161280K, 21% used [0x00000006c1800000,0x00000006c3aa1e80,0x00000006cb580000)
 Metaspace       used 2707K, capacity 4486K, committed 4864K, reserved 1056768K
  class space    used 302K, capacity 386K, committed 512K, reserved 1048576K
}
{Heap before GC invocations=304 (full 1):
 PSYoungGen      total 69120K, used 68736K [0x00000007b9c00000, 0x00000007c0000000, 0x00000007c0000000)
  eden space 35840K, 100% used [0x00000007b9c00000,0x00000007bbf00000,0x00000007bbf00000)
  from space 33280K, 98% used [0x00000007bdf80000,0x00000007bffa0000,0x00000007c0000000)
  to   space 33280K, 0% used [0x00000007bbf00000,0x00000007bbf00000,0x00000007bdf80000)
 ParOldGen       total 161280K, used 35463K [0x00000006c1800000, 0x00000006cb580000, 0x00000007b9c00000)
  object space 161280K, 21% used [0x00000006c1800000,0x00000006c3aa1e80,0x00000006cb580000)
 Metaspace       used 2707K, capacity 4486K, committed 4864K, reserved 1056768K
  class space    used 302K, capacity 386K, committed 512K, reserved 1048576K
[GC (Allocation Failure)  104199K->68359K(230400K), 0.0318712 secs]
Heap after GC invocations=304 (full 1):
 PSYoungGen      total 69120K, used 32896K [0x00000007b9c00000, 0x00000007c0000000, 0x00000007c0000000)
  eden space 35840K, 0% used [0x00000007b9c00000,0x00000007b9c00000,0x00000007bbf00000)
  from space 33280K, 98% used [0x00000007bbf00000,0x00000007bdf20000,0x00000007bdf80000)
  to   space 33280K, 0% used [0x00000007bdf80000,0x00000007bdf80000,0x00000007c0000000)
 ParOldGen       total 161280K, used 35463K [0x00000006c1800000, 0x00000006cb580000, 0x00000007b9c00000)
  object space 161280K, 21% used [0x00000006c1800000,0x00000006c3aa1e80,0x00000006cb580000)
 Metaspace       used 2707K, capacity 4486K, committed 4864K, reserved 1056768K
  class space    used 302K, capacity 386K, committed 512K, reserved 1048576K
}
{Heap before GC invocations=305 (full 1):
 PSYoungGen      total 69120K, used 68736K [0x00000007b9c00000, 0x00000007c0000000, 0x00000007c0000000)
  eden space 35840K, 100% used [0x00000007b9c00000,0x00000007bbf00000,0x00000007bbf00000)
  from space 33280K, 98% used [0x00000007bbf00000,0x00000007bdf20000,0x00000007bdf80000)
  to   space 33280K, 0% used [0x00000007bdf80000,0x00000007bdf80000,0x00000007c0000000)
 ParOldGen       total 161280K, used 35463K [0x00000006c1800000, 0x00000006cb580000, 0x00000007b9c00000)
  object space 161280K, 21% used [0x00000006c1800000,0x00000006c3aa1e80,0x00000006cb580000)
 Metaspace       used 2707K, capacity 4486K, committed 4864K, reserved 1056768K
  class space    used 302K, capacity 386K, committed 512K, reserved 1048576K
[GC (Allocation Failure)  104199K->68359K(230400K), 0.0353570 secs]
Heap after GC invocations=305 (full 1):
 PSYoungGen      total 69120K, used 32896K [0x00000007b9c00000, 0x00000007c0000000, 0x00000007c0000000)
  eden space 35840K, 0% used [0x00000007b9c00000,0x00000007b9c00000,0x00000007bbf00000)
  from space 33280K, 98% used [0x00000007bdf80000,0x00000007bffa0000,0x00000007c0000000)
  to   space 33280K, 0% used [0x00000007bbf00000,0x00000007bbf00000,0x00000007bdf80000)
 ParOldGen       total 161280K, used 35463K [0x00000006c1800000, 0x00000006cb580000, 0x00000007b9c00000)
  object space 161280K, 21% used [0x00000006c1800000,0x00000006c3aa1e80,0x00000006cb580000)
 Metaspace       used 2707K, capacity 4486K, committed 4864K, reserved 1056768K
  class space    used 302K, capacity 386K, committed 512K, reserved 1048576K
}
{Heap before GC invocations=306 (full 1):
 PSYoungGen      total 69120K, used 68736K [0x00000007b9c00000, 0x00000007c0000000, 0x00000007c0000000)
  eden space 35840K, 100% used [0x00000007b9c00000,0x00000007bbf00000,0x00000007bbf00000)
  from space 33280K, 98% used [0x00000007bdf80000,0x00000007bffa0000,0x00000007c0000000)
  to   space 33280K, 0% used [0x00000007bbf00000,0x00000007bbf00000,0x00000007bdf80000)
 ParOldGen       total 161280K, used 35463K [0x00000006c1800000, 0x00000006cb580000, 0x00000007b9c00000)
  object space 161280K, 21% used [0x00000006c1800000,0x00000006c3aa1e80,0x00000006cb580000)
 Metaspace       used 2707K, capacity 4486K, committed 4864K, reserved 1056768K
  class space    used 302K, capacity 386K, committed 512K, reserved 1048576K
[GC (Allocation Failure)  104199K->68327K(230400K), 0.0405544 secs]
Heap after GC invocations=306 (full 1):
 PSYoungGen      total 69120K, used 32864K [0x00000007b9c00000, 0x00000007c0000000, 0x00000007c0000000)
  eden space 35840K, 0% used [0x00000007b9c00000,0x00000007b9c00000,0x00000007bbf00000)
  from space 33280K, 98% used [0x00000007bbf00000,0x00000007bdf18000,0x00000007bdf80000)
  to   space 33280K, 0% used [0x00000007bdf80000,0x00000007bdf80000,0x00000007c0000000)
 ParOldGen       total 161280K, used 35463K [0x00000006c1800000, 0x00000006cb580000, 0x00000007b9c00000)
  object space 161280K, 21% used [0x00000006c1800000,0x00000006c3aa1e80,0x00000006cb580000)
 Metaspace       used 2707K, capacity 4486K, committed 4864K, reserved 1056768K
  class space    used 302K, capacity 386K, committed 512K, reserved 1048576K
}
{Heap before GC invocations=307 (full 1):
 PSYoungGen      total 69120K, used 68704K [0x00000007b9c00000, 0x00000007c0000000, 0x00000007c0000000)
  eden space 35840K, 100% used [0x00000007b9c00000,0x00000007bbf00000,0x00000007bbf00000)
  from space 33280K, 98% used [0x00000007bbf00000,0x00000007bdf18000,0x00000007bdf80000)
  to   space 33280K, 0% used [0x00000007bdf80000,0x00000007bdf80000,0x00000007c0000000)
 ParOldGen       total 161280K, used 35463K [0x00000006c1800000, 0x00000006cb580000, 0x00000007b9c00000)
  object space 161280K, 21% used [0x00000006c1800000,0x00000006c3aa1e80,0x00000006cb580000)
 Metaspace       used 2707K, capacity 4486K, committed 4864K, reserved 1056768K
  class space    used 302K, capacity 386K, committed 512K, reserved 1048576K
[GC (Allocation Failure)  104167K->68391K(230400K), 0.0348437 secs]
Heap after GC invocations=307 (full 1):
 PSYoungGen      total 69120K, used 32928K [0x00000007b9c00000, 0x00000007c0000000, 0x00000007c0000000)
  eden space 35840K, 0% used [0x00000007b9c00000,0x00000007b9c00000,0x00000007bbf00000)
  from space 33280K, 98% used [0x00000007bdf80000,0x00000007bffa8000,0x00000007c0000000)
  to   space 33280K, 0% used [0x00000007bbf00000,0x00000007bbf00000,0x00000007bdf80000)
 ParOldGen       total 161280K, used 35463K [0x00000006c1800000, 0x00000006cb580000, 0x00000007b9c00000)
  object space 161280K, 21% used [0x00000006c1800000,0x00000006c3aa1e80,0x00000006cb580000)
 Metaspace       used 2707K, capacity 4486K, committed 4864K, reserved 1056768K
  class space    used 302K, capacity 386K, committed 512K, reserved 1048576K
}
{Heap before GC invocations=308 (full 1):
 PSYoungGen      total 69120K, used 68768K [0x00000007b9c00000, 0x00000007c0000000, 0x00000007c0000000)
  eden space 35840K, 100% used [0x00000007b9c00000,0x00000007bbf00000,0x00000007bbf00000)
  from space 33280K, 98% used [0x00000007bdf80000,0x00000007bffa8000,0x00000007c0000000)
  to   space 33280K, 0% used [0x00000007bbf00000,0x00000007bbf00000,0x00000007bdf80000)
 ParOldGen       total 161280K, used 35463K [0x00000006c1800000, 0x00000006cb580000, 0x00000007b9c00000)
  object space 161280K, 21% used [0x00000006c1800000,0x00000006c3aa1e80,0x00000006cb580000)
 Metaspace       used 2707K, capacity 4486K, committed 4864K, reserved 1056768K
  class space    used 302K, capacity 386K, committed 512K, reserved 1048576K
[GC (Allocation Failure)  104231K->68359K(230400K), 0.0355688 secs]
Heap after GC invocations=308 (full 1):
 PSYoungGen      total 69120K, used 32896K [0x00000007b9c00000, 0x00000007c0000000, 0x00000007c0000000)
  eden space 35840K, 0% used [0x00000007b9c00000,0x00000007b9c00000,0x00000007bbf00000)
  from space 33280K, 98% used [0x00000007bbf00000,0x00000007bdf20000,0x00000007bdf80000)
  to   space 33280K, 0% used [0x00000007bdf80000,0x00000007bdf80000,0x00000007c0000000)
 ParOldGen       total 161280K, used 35463K [0x00000006c1800000, 0x00000006cb580000, 0x00000007b9c00000)
  object space 161280K, 21% used [0x00000006c1800000,0x00000006c3aa1e80,0x00000006cb580000)
 Metaspace       used 2707K, capacity 4486K, committed 4864K, reserved 1056768K
  class space    used 302K, capacity 386K, committed 512K, reserved 1048576K
}
{Heap before GC invocations=309 (full 1):
 PSYoungGen      total 69120K, used 68736K [0x00000007b9c00000, 0x00000007c0000000, 0x00000007c0000000)
  eden space 35840K, 100% used [0x00000007b9c00000,0x00000007bbf00000,0x00000007bbf00000)
  from space 33280K, 98% used [0x00000007bbf00000,0x00000007bdf20000,0x00000007bdf80000)
  to   space 33280K, 0% used [0x00000007bdf80000,0x00000007bdf80000,0x00000007c0000000)
 ParOldGen       total 161280K, used 35463K [0x00000006c1800000, 0x00000006cb580000, 0x00000007b9c00000)
  object space 161280K, 21% used [0x00000006c1800000,0x00000006c3aa1e80,0x00000006cb580000)
 Metaspace       used 2707K, capacity 4486K, committed 4864K, reserved 1056768K
  class space    used 302K, capacity 386K, committed 512K, reserved 1048576K
[GC (Allocation Failure)  104199K->68327K(230400K), 0.0349904 secs]
Heap after GC invocations=309 (full 1):
 PSYoungGen      total 69120K, used 32864K [0x00000007b9c00000, 0x00000007c0000000, 0x00000007c0000000)
  eden space 35840K, 0% used [0x00000007b9c00000,0x00000007b9c00000,0x00000007bbf00000)
  from space 33280K, 98% used [0x00000007bdf80000,0x00000007bff98000,0x00000007c0000000)
  to   space 33280K, 0% used [0x00000007bbf00000,0x00000007bbf00000,0x00000007bdf80000)
 ParOldGen       total 161280K, used 35463K [0x00000006c1800000, 0x00000006cb580000, 0x00000007b9c00000)
  object space 161280K, 21% used [0x00000006c1800000,0x00000006c3aa1e80,0x00000006cb580000)
 Metaspace       used 2707K, capacity 4486K, committed 4864K, reserved 1056768K
  class space    used 302K, capacity 386K, committed 512K, reserved 1048576K
}
{Heap before GC invocations=310 (full 1):
 PSYoungGen      total 69120K, used 68704K [0x00000007b9c00000, 0x00000007c0000000, 0x00000007c0000000)
  eden space 35840K, 100% used [0x00000007b9c00000,0x00000007bbf00000,0x00000007bbf00000)
  from space 33280K, 98% used [0x00000007bdf80000,0x00000007bff98000,0x00000007c0000000)
  to   space 33280K, 0% used [0x00000007bbf00000,0x00000007bbf00000,0x00000007bdf80000)
 ParOldGen       total 161280K, used 35463K [0x00000006c1800000, 0x00000006cb580000, 0x00000007b9c00000)
  object space 161280K, 21% used [0x00000006c1800000,0x00000006c3aa1e80,0x00000006cb580000)
 Metaspace       used 2707K, capacity 4486K, committed 4864K, reserved 1056768K
  class space    used 302K, capacity 386K, committed 512K, reserved 1048576K
[GC (Allocation Failure)  104167K->68359K(230400K), 0.0307884 secs]
Heap after GC invocations=310 (full 1):
 PSYoungGen      total 69120K, used 32896K [0x00000007b9c00000, 0x00000007c0000000, 0x00000007c0000000)
  eden space 35840K, 0% used [0x00000007b9c00000,0x00000007b9c00000,0x00000007bbf00000)
  from space 33280K, 98% used [0x00000007bbf00000,0x00000007bdf20000,0x00000007bdf80000)
  to   space 33280K, 0% used [0x00000007bdf80000,0x00000007bdf80000,0x00000007c0000000)
 ParOldGen       total 161280K, used 35463K [0x00000006c1800000, 0x00000006cb580000, 0x00000007b9c00000)
  object space 161280K, 21% used [0x00000006c1800000,0x00000006c3aa1e80,0x00000006cb580000)
 Metaspace       used 2707K, capacity 4486K, committed 4864K, reserved 1056768K
  class space    used 302K, capacity 386K, committed 512K, reserved 1048576K
}
{Heap before GC invocations=311 (full 1):
 PSYoungGen      total 69120K, used 68736K [0x00000007b9c00000, 0x00000007c0000000, 0x00000007c0000000)
  eden space 35840K, 100% used [0x00000007b9c00000,0x00000007bbf00000,0x00000007bbf00000)
  from space 33280K, 98% used [0x00000007bbf00000,0x00000007bdf20000,0x00000007bdf80000)
  to   space 33280K, 0% used [0x00000007bdf80000,0x00000007bdf80000,0x00000007c0000000)
 ParOldGen       total 161280K, used 35463K [0x00000006c1800000, 0x00000006cb580000, 0x00000007b9c00000)
  object space 161280K, 21% used [0x00000006c1800000,0x00000006c3aa1e80,0x00000006cb580000)
 Metaspace       used 2707K, capacity 4486K, committed 4864K, reserved 1056768K
  class space    used 302K, capacity 386K, committed 512K, reserved 1048576K
[GC (Allocation Failure)  104199K->68359K(230400K), 0.0351622 secs]
Heap after GC invocations=311 (full 1):
 PSYoungGen      total 69120K, used 32896K [0x00000007b9c00000, 0x00000007c0000000, 0x00000007c0000000)
  eden space 35840K, 0% used [0x00000007b9c00000,0x00000007b9c00000,0x00000007bbf00000)
  from space 33280K, 98% used [0x00000007bdf80000,0x00000007bffa0000,0x00000007c0000000)
  to   space 33280K, 0% used [0x00000007bbf00000,0x00000007bbf00000,0x00000007bdf80000)
 ParOldGen       total 161280K, used 35463K [0x00000006c1800000, 0x00000006cb580000, 0x00000007b9c00000)
  object space 161280K, 21% used [0x00000006c1800000,0x00000006c3aa1e80,0x00000006cb580000)
 Metaspace       used 2707K, capacity 4486K, committed 4864K, reserved 1056768K
  class space    used 302K, capacity 386K, committed 512K, reserved 1048576K
}
{Heap before GC invocations=312 (full 1):
 PSYoungGen      total 69120K, used 68736K [0x00000007b9c00000, 0x00000007c0000000, 0x00000007c0000000)
  eden space 35840K, 100% used [0x00000007b9c00000,0x00000007bbf00000,0x00000007bbf00000)
  from space 33280K, 98% used [0x00000007bdf80000,0x00000007bffa0000,0x00000007c0000000)
  to   space 33280K, 0% used [0x00000007bbf00000,0x00000007bbf00000,0x00000007bdf80000)
 ParOldGen       total 161280K, used 35463K [0x00000006c1800000, 0x00000006cb580000, 0x00000007b9c00000)
  object space 161280K, 21% used [0x00000006c1800000,0x00000006c3aa1e80,0x00000006cb580000)
 Metaspace       used 2707K, capacity 4486K, committed 4864K, reserved 1056768K
  class space    used 302K, capacity 386K, committed 512K, reserved 1048576K
[GC (Allocation Failure)  104199K->68359K(230400K), 0.0445724 secs]
Heap after GC invocations=312 (full 1):
 PSYoungGen      total 69120K, used 32896K [0x00000007b9c00000, 0x00000007c0000000, 0x00000007c0000000)
  eden space 35840K, 0% used [0x00000007b9c00000,0x00000007b9c00000,0x00000007bbf00000)
  from space 33280K, 98% used [0x00000007bbf00000,0x00000007bdf20000,0x00000007bdf80000)
  to   space 33280K, 0% used [0x00000007bdf80000,0x00000007bdf80000,0x00000007c0000000)
 ParOldGen       total 161280K, used 35463K [0x00000006c1800000, 0x00000006cb580000, 0x00000007b9c00000)
  object space 161280K, 21% used [0x00000006c1800000,0x00000006c3aa1e80,0x00000006cb580000)
 Metaspace       used 2707K, capacity 4486K, committed 4864K, reserved 1056768K
  class space    used 302K, capacity 386K, committed 512K, reserved 1048576K
}
{Heap before GC invocations=313 (full 1):
 PSYoungGen      total 69120K, used 68736K [0x00000007b9c00000, 0x00000007c0000000, 0x00000007c0000000)
  eden space 35840K, 100% used [0x00000007b9c00000,0x00000007bbf00000,0x00000007bbf00000)
  from space 33280K, 98% used [0x00000007bbf00000,0x00000007bdf20000,0x00000007bdf80000)
  to   space 33280K, 0% used [0x00000007bdf80000,0x00000007bdf80000,0x00000007c0000000)
 ParOldGen       total 161280K, used 35463K [0x00000006c1800000, 0x00000006cb580000, 0x00000007b9c00000)
  object space 161280K, 21% used [0x00000006c1800000,0x00000006c3aa1e80,0x00000006cb580000)
 Metaspace       used 2707K, capacity 4486K, committed 4864K, reserved 1056768K
  class space    used 302K, capacity 386K, committed 512K, reserved 1048576K
[GC (Allocation Failure)  104199K->68359K(230400K), 0.0349082 secs]
Heap after GC invocations=313 (full 1):
 PSYoungGen      total 69120K, used 32896K [0x00000007b9c00000, 0x00000007c0000000, 0x00000007c0000000)
  eden space 35840K, 0% used [0x00000007b9c00000,0x00000007b9c00000,0x00000007bbf00000)
  from space 33280K, 98% used [0x00000007bdf80000,0x00000007bffa0000,0x00000007c0000000)
  to   space 33280K, 0% used [0x00000007bbf00000,0x00000007bbf00000,0x00000007bdf80000)
 ParOldGen       total 161280K, used 35463K [0x00000006c1800000, 0x00000006cb580000, 0x00000007b9c00000)
  object space 161280K, 21% used [0x00000006c1800000,0x00000006c3aa1e80,0x00000006cb580000)
 Metaspace       used 2707K, capacity 4486K, committed 4864K, reserved 1056768K
  class space    used 302K, capacity 386K, committed 512K, reserved 1048576K
}
{Heap before GC invocations=314 (full 1):
 PSYoungGen      total 69120K, used 68736K [0x00000007b9c00000, 0x00000007c0000000, 0x00000007c0000000)
  eden space 35840K, 100% used [0x00000007b9c00000,0x00000007bbf00000,0x00000007bbf00000)
  from space 33280K, 98% used [0x00000007bdf80000,0x00000007bffa0000,0x00000007c0000000)
  to   space 33280K, 0% used [0x00000007bbf00000,0x00000007bbf00000,0x00000007bdf80000)
 ParOldGen       total 161280K, used 35463K [0x00000006c1800000, 0x00000006cb580000, 0x00000007b9c00000)
  object space 161280K, 21% used [0x00000006c1800000,0x00000006c3aa1e80,0x00000006cb580000)
 Metaspace       used 2707K, capacity 4486K, committed 4864K, reserved 1056768K
  class space    used 302K, capacity 386K, committed 512K, reserved 1048576K
[GC (Allocation Failure)  104199K->68359K(230400K), 0.0321043 secs]
Heap after GC invocations=314 (full 1):
 PSYoungGen      total 69120K, used 32896K [0x00000007b9c00000, 0x00000007c0000000, 0x00000007c0000000)
  eden space 35840K, 0% used [0x00000007b9c00000,0x00000007b9c00000,0x00000007bbf00000)
  from space 33280K, 98% used [0x00000007bbf00000,0x00000007bdf20000,0x00000007bdf80000)
  to   space 33280K, 0% used [0x00000007bdf80000,0x00000007bdf80000,0x00000007c0000000)
 ParOldGen       total 161280K, used 35463K [0x00000006c1800000, 0x00000006cb580000, 0x00000007b9c00000)
  object space 161280K, 21% used [0x00000006c1800000,0x00000006c3aa1e80,0x00000006cb580000)
 Metaspace       used 2707K, capacity 4486K, committed 4864K, reserved 1056768K
  class space    used 302K, capacity 386K, committed 512K, reserved 1048576K
}
{Heap before GC invocations=315 (full 1):
 PSYoungGen      total 69120K, used 68736K [0x00000007b9c00000, 0x00000007c0000000, 0x00000007c0000000)
  eden space 35840K, 100% used [0x00000007b9c00000,0x00000007bbf00000,0x00000007bbf00000)
  from space 33280K, 98% used [0x00000007bbf00000,0x00000007bdf20000,0x00000007bdf80000)
  to   space 33280K, 0% used [0x00000007bdf80000,0x00000007bdf80000,0x00000007c0000000)
 ParOldGen       total 161280K, used 35463K [0x00000006c1800000, 0x00000006cb580000, 0x00000007b9c00000)
  object space 161280K, 21% used [0x00000006c1800000,0x00000006c3aa1e80,0x00000006cb580000)
 Metaspace       used 2707K, capacity 4486K, committed 4864K, reserved 1056768K
  class space    used 302K, capacity 386K, committed 512K, reserved 1048576K
[GC (Allocation Failure)  104199K->68359K(230400K), 0.0315347 secs]
Heap after GC invocations=315 (full 1):
 PSYoungGen      total 69120K, used 32896K [0x00000007b9c00000, 0x00000007c0000000, 0x00000007c0000000)
  eden space 35840K, 0% used [0x00000007b9c00000,0x00000007b9c00000,0x00000007bbf00000)
  from space 33280K, 98% used [0x00000007bdf80000,0x00000007bffa0000,0x00000007c0000000)
  to   space 33280K, 0% used [0x00000007bbf00000,0x00000007bbf00000,0x00000007bdf80000)
 ParOldGen       total 161280K, used 35463K [0x00000006c1800000, 0x00000006cb580000, 0x00000007b9c00000)
  object space 161280K, 21% used [0x00000006c1800000,0x00000006c3aa1e80,0x00000006cb580000)
 Metaspace       used 2707K, capacity 4486K, committed 4864K, reserved 1056768K
  class space    used 302K, capacity 386K, committed 512K, reserved 1048576K
}
{Heap before GC invocations=316 (full 1):
 PSYoungGen      total 69120K, used 68736K [0x00000007b9c00000, 0x00000007c0000000, 0x00000007c0000000)
  eden space 35840K, 100% used [0x00000007b9c00000,0x00000007bbf00000,0x00000007bbf00000)
  from space 33280K, 98% used [0x00000007bdf80000,0x00000007bffa0000,0x00000007c0000000)
  to   space 33280K, 0% used [0x00000007bbf00000,0x00000007bbf00000,0x00000007bdf80000)
 ParOldGen       total 161280K, used 35463K [0x00000006c1800000, 0x00000006cb580000, 0x00000007b9c00000)
  object space 161280K, 21% used [0x00000006c1800000,0x00000006c3aa1e80,0x00000006cb580000)
 Metaspace       used 2707K, capacity 4486K, committed 4864K, reserved 1056768K
  class space    used 302K, capacity 386K, committed 512K, reserved 1048576K
[GC (Allocation Failure)  104199K->68327K(230400K), 0.0327639 secs]
Heap after GC invocations=316 (full 1):
 PSYoungGen      total 69120K, used 32864K [0x00000007b9c00000, 0x00000007c0000000, 0x00000007c0000000)
  eden space 35840K, 0% used [0x00000007b9c00000,0x00000007b9c00000,0x00000007bbf00000)
  from space 33280K, 98% used [0x00000007bbf00000,0x00000007bdf18000,0x00000007bdf80000)
  to   space 33280K, 0% used [0x00000007bdf80000,0x00000007bdf80000,0x00000007c0000000)
 ParOldGen       total 161280K, used 35463K [0x00000006c1800000, 0x00000006cb580000, 0x00000007b9c00000)
  object space 161280K, 21% used [0x00000006c1800000,0x00000006c3aa1e80,0x00000006cb580000)
 Metaspace       used 2707K, capacity 4486K, committed 4864K, reserved 1056768K
  class space    used 302K, capacity 386K, committed 512K, reserved 1048576K
}
{Heap before GC invocations=317 (full 1):
 PSYoungGen      total 69120K, used 68704K [0x00000007b9c00000, 0x00000007c0000000, 0x00000007c0000000)
  eden space 35840K, 100% used [0x00000007b9c00000,0x00000007bbf00000,0x00000007bbf00000)
  from space 33280K, 98% used [0x00000007bbf00000,0x00000007bdf18000,0x00000007bdf80000)
  to   space 33280K, 0% used [0x00000007bdf80000,0x00000007bdf80000,0x00000007c0000000)
 ParOldGen       total 161280K, used 35463K [0x00000006c1800000, 0x00000006cb580000, 0x00000007b9c00000)
  object space 161280K, 21% used [0x00000006c1800000,0x00000006c3aa1e80,0x00000006cb580000)
 Metaspace       used 2707K, capacity 4486K, committed 4864K, reserved 1056768K
  class space    used 302K, capacity 386K, committed 512K, reserved 1048576K
[GC (Allocation Failure)  104167K->68359K(230400K), 0.0309764 secs]
Heap after GC invocations=317 (full 1):
 PSYoungGen      total 69120K, used 32896K [0x00000007b9c00000, 0x00000007c0000000, 0x00000007c0000000)
  eden space 35840K, 0% used [0x00000007b9c00000,0x00000007b9c00000,0x00000007bbf00000)
  from space 33280K, 98% used [0x00000007bdf80000,0x00000007bffa0000,0x00000007c0000000)
  to   space 33280K, 0% used [0x00000007bbf00000,0x00000007bbf00000,0x00000007bdf80000)
 ParOldGen       total 161280K, used 35463K [0x00000006c1800000, 0x00000006cb580000, 0x00000007b9c00000)
  object space 161280K, 21% used [0x00000006c1800000,0x00000006c3aa1e80,0x00000006cb580000)
 Metaspace       used 2707K, capacity 4486K, committed 4864K, reserved 1056768K
  class space    used 302K, capacity 386K, committed 512K, reserved 1048576K
}
{Heap before GC invocations=318 (full 1):
 PSYoungGen      total 69120K, used 68736K [0x00000007b9c00000, 0x00000007c0000000, 0x00000007c0000000)
  eden space 35840K, 100% used [0x00000007b9c00000,0x00000007bbf00000,0x00000007bbf00000)
  from space 33280K, 98% used [0x00000007bdf80000,0x00000007bffa0000,0x00000007c0000000)
  to   space 33280K, 0% used [0x00000007bbf00000,0x00000007bbf00000,0x00000007bdf80000)
 ParOldGen       total 161280K, used 35463K [0x00000006c1800000, 0x00000006cb580000, 0x00000007b9c00000)
  object space 161280K, 21% used [0x00000006c1800000,0x00000006c3aa1e80,0x00000006cb580000)
 Metaspace       used 2707K, capacity 4486K, committed 4864K, reserved 1056768K
  class space    used 302K, capacity 386K, committed 512K, reserved 1048576K
[GC (Allocation Failure)  104199K->68327K(230400K), 0.0359964 secs]
Heap after GC invocations=318 (full 1):
 PSYoungGen      total 69120K, used 32864K [0x00000007b9c00000, 0x00000007c0000000, 0x00000007c0000000)
  eden space 35840K, 0% used [0x00000007b9c00000,0x00000007b9c00000,0x00000007bbf00000)
  from space 33280K, 98% used [0x00000007bbf00000,0x00000007bdf18000,0x00000007bdf80000)
  to   space 33280K, 0% used [0x00000007bdf80000,0x00000007bdf80000,0x00000007c0000000)
 ParOldGen       total 161280K, used 35463K [0x00000006c1800000, 0x00000006cb580000, 0x00000007b9c00000)
  object space 161280K, 21% used [0x00000006c1800000,0x00000006c3aa1e80,0x00000006cb580000)
 Metaspace       used 2707K, capacity 4486K, committed 4864K, reserved 1056768K
  class space    used 302K, capacity 386K, committed 512K, reserved 1048576K
}
{Heap before GC invocations=319 (full 1):
 PSYoungGen      total 69120K, used 68704K [0x00000007b9c00000, 0x00000007c0000000, 0x00000007c0000000)
  eden space 35840K, 100% used [0x00000007b9c00000,0x00000007bbf00000,0x00000007bbf00000)
  from space 33280K, 98% used [0x00000007bbf00000,0x00000007bdf18000,0x00000007bdf80000)
  to   space 33280K, 0% used [0x00000007bdf80000,0x00000007bdf80000,0x00000007c0000000)
 ParOldGen       total 161280K, used 35463K [0x00000006c1800000, 0x00000006cb580000, 0x00000007b9c00000)
  object space 161280K, 21% used [0x00000006c1800000,0x00000006c3aa1e80,0x00000006cb580000)
 Metaspace       used 2707K, capacity 4486K, committed 4864K, reserved 1056768K
  class space    used 302K, capacity 386K, committed 512K, reserved 1048576K
[GC (Allocation Failure)  104167K->68359K(230400K), 0.0393922 secs]
Heap after GC invocations=319 (full 1):
 PSYoungGen      total 69120K, used 32896K [0x00000007b9c00000, 0x00000007c0000000, 0x00000007c0000000)
  eden space 35840K, 0% used [0x00000007b9c00000,0x00000007b9c00000,0x00000007bbf00000)
  from space 33280K, 98% used [0x00000007bdf80000,0x00000007bffa0000,0x00000007c0000000)
  to   space 33280K, 0% used [0x00000007bbf00000,0x00000007bbf00000,0x00000007bdf80000)
 ParOldGen       total 161280K, used 35463K [0x00000006c1800000, 0x00000006cb580000, 0x00000007b9c00000)
  object space 161280K, 21% used [0x00000006c1800000,0x00000006c3aa1e80,0x00000006cb580000)
 Metaspace       used 2707K, capacity 4486K, committed 4864K, reserved 1056768K
  class space    used 302K, capacity 386K, committed 512K, reserved 1048576K
}
{Heap before GC invocations=320 (full 1):
 PSYoungGen      total 69120K, used 68736K [0x00000007b9c00000, 0x00000007c0000000, 0x00000007c0000000)
  eden space 35840K, 100% used [0x00000007b9c00000,0x00000007bbf00000,0x00000007bbf00000)
  from space 33280K, 98% used [0x00000007bdf80000,0x00000007bffa0000,0x00000007c0000000)
  to   space 33280K, 0% used [0x00000007bbf00000,0x00000007bbf00000,0x00000007bdf80000)
 ParOldGen       total 161280K, used 35463K [0x00000006c1800000, 0x00000006cb580000, 0x00000007b9c00000)
  object space 161280K, 21% used [0x00000006c1800000,0x00000006c3aa1e80,0x00000006cb580000)
 Metaspace       used 2707K, capacity 4486K, committed 4864K, reserved 1056768K
  class space    used 302K, capacity 386K, committed 512K, reserved 1048576K
[GC (Allocation Failure)  104199K->68359K(230400K), 0.0440707 secs]
Heap after GC invocations=320 (full 1):
 PSYoungGen      total 69120K, used 32896K [0x00000007b9c00000, 0x00000007c0000000, 0x00000007c0000000)
  eden space 35840K, 0% used [0x00000007b9c00000,0x00000007b9c00000,0x00000007bbf00000)
  from space 33280K, 98% used [0x00000007bbf00000,0x00000007bdf20000,0x00000007bdf80000)
  to   space 33280K, 0% used [0x00000007bdf80000,0x00000007bdf80000,0x00000007c0000000)
 ParOldGen       total 161280K, used 35463K [0x00000006c1800000, 0x00000006cb580000, 0x00000007b9c00000)
  object space 161280K, 21% used [0x00000006c1800000,0x00000006c3aa1e80,0x00000006cb580000)
 Metaspace       used 2707K, capacity 4486K, committed 4864K, reserved 1056768K
  class space    used 302K, capacity 386K, committed 512K, reserved 1048576K
}
{Heap before GC invocations=321 (full 1):
 PSYoungGen      total 69120K, used 68736K [0x00000007b9c00000, 0x00000007c0000000, 0x00000007c0000000)
  eden space 35840K, 100% used [0x00000007b9c00000,0x00000007bbf00000,0x00000007bbf00000)
  from space 33280K, 98% used [0x00000007bbf00000,0x00000007bdf20000,0x00000007bdf80000)
  to   space 33280K, 0% used [0x00000007bdf80000,0x00000007bdf80000,0x00000007c0000000)
 ParOldGen       total 161280K, used 35463K [0x00000006c1800000, 0x00000006cb580000, 0x00000007b9c00000)
  object space 161280K, 21% used [0x00000006c1800000,0x00000006c3aa1e80,0x00000006cb580000)
 Metaspace       used 2707K, capacity 4486K, committed 4864K, reserved 1056768K
  class space    used 302K, capacity 386K, committed 512K, reserved 1048576K
[GC (Allocation Failure)  104199K->68359K(230400K), 0.0349686 secs]
Heap after GC invocations=321 (full 1):
 PSYoungGen      total 69120K, used 32896K [0x00000007b9c00000, 0x00000007c0000000, 0x00000007c0000000)
  eden space 35840K, 0% used [0x00000007b9c00000,0x00000007b9c00000,0x00000007bbf00000)
  from space 33280K, 98% used [0x00000007bdf80000,0x00000007bffa0000,0x00000007c0000000)
  to   space 33280K, 0% used [0x00000007bbf00000,0x00000007bbf00000,0x00000007bdf80000)
 ParOldGen       total 161280K, used 35463K [0x00000006c1800000, 0x00000006cb580000, 0x00000007b9c00000)
  object space 161280K, 21% used [0x00000006c1800000,0x00000006c3aa1e80,0x00000006cb580000)
 Metaspace       used 2707K, capacity 4486K, committed 4864K, reserved 1056768K
  class space    used 302K, capacity 386K, committed 512K, reserved 1048576K
}
{Heap before GC invocations=322 (full 1):
 PSYoungGen      total 69120K, used 68736K [0x00000007b9c00000, 0x00000007c0000000, 0x00000007c0000000)
  eden space 35840K, 100% used [0x00000007b9c00000,0x00000007bbf00000,0x00000007bbf00000)
  from space 33280K, 98% used [0x00000007bdf80000,0x00000007bffa0000,0x00000007c0000000)
  to   space 33280K, 0% used [0x00000007bbf00000,0x00000007bbf00000,0x00000007bdf80000)
 ParOldGen       total 161280K, used 35463K [0x00000006c1800000, 0x00000006cb580000, 0x00000007b9c00000)
  object space 161280K, 21% used [0x00000006c1800000,0x00000006c3aa1e80,0x00000006cb580000)
 Metaspace       used 2707K, capacity 4486K, committed 4864K, reserved 1056768K
  class space    used 302K, capacity 386K, committed 512K, reserved 1048576K
[GC (Allocation Failure)  104199K->68359K(230400K), 0.0380889 secs]
Heap after GC invocations=322 (full 1):
 PSYoungGen      total 69120K, used 32896K [0x00000007b9c00000, 0x00000007c0000000, 0x00000007c0000000)
  eden space 35840K, 0% used [0x00000007b9c00000,0x00000007b9c00000,0x00000007bbf00000)
  from space 33280K, 98% used [0x00000007bbf00000,0x00000007bdf20000,0x00000007bdf80000)
  to   space 33280K, 0% used [0x00000007bdf80000,0x00000007bdf80000,0x00000007c0000000)
 ParOldGen       total 161280K, used 35463K [0x00000006c1800000, 0x00000006cb580000, 0x00000007b9c00000)
  object space 161280K, 21% used [0x00000006c1800000,0x00000006c3aa1e80,0x00000006cb580000)
 Metaspace       used 2707K, capacity 4486K, committed 4864K, reserved 1056768K
  class space    used 302K, capacity 386K, committed 512K, reserved 1048576K
}
{Heap before GC invocations=323 (full 1):
 PSYoungGen      total 69120K, used 68736K [0x00000007b9c00000, 0x00000007c0000000, 0x00000007c0000000)
  eden space 35840K, 100% used [0x00000007b9c00000,0x00000007bbf00000,0x00000007bbf00000)
  from space 33280K, 98% used [0x00000007bbf00000,0x00000007bdf20000,0x00000007bdf80000)
  to   space 33280K, 0% used [0x00000007bdf80000,0x00000007bdf80000,0x00000007c0000000)
 ParOldGen       total 161280K, used 35463K [0x00000006c1800000, 0x00000006cb580000, 0x00000007b9c00000)
  object space 161280K, 21% used [0x00000006c1800000,0x00000006c3aa1e80,0x00000006cb580000)
 Metaspace       used 2707K, capacity 4486K, committed 4864K, reserved 1056768K
  class space    used 302K, capacity 386K, committed 512K, reserved 1048576K
[GC (Allocation Failure)  104199K->68359K(230400K), 0.0358198 secs]
Heap after GC invocations=323 (full 1):
 PSYoungGen      total 69120K, used 32896K [0x00000007b9c00000, 0x00000007c0000000, 0x00000007c0000000)
  eden space 35840K, 0% used [0x00000007b9c00000,0x00000007b9c00000,0x00000007bbf00000)
  from space 33280K, 98% used [0x00000007bdf80000,0x00000007bffa0000,0x00000007c0000000)
  to   space 33280K, 0% used [0x00000007bbf00000,0x00000007bbf00000,0x00000007bdf80000)
 ParOldGen       total 161280K, used 35463K [0x00000006c1800000, 0x00000006cb580000, 0x00000007b9c00000)
  object space 161280K, 21% used [0x00000006c1800000,0x00000006c3aa1e80,0x00000006cb580000)
 Metaspace       used 2707K, capacity 4486K, committed 4864K, reserved 1056768K
  class space    used 302K, capacity 386K, committed 512K, reserved 1048576K
}
{Heap before GC invocations=324 (full 1):
 PSYoungGen      total 69120K, used 68736K [0x00000007b9c00000, 0x00000007c0000000, 0x00000007c0000000)
  eden space 35840K, 100% used [0x00000007b9c00000,0x00000007bbf00000,0x00000007bbf00000)
  from space 33280K, 98% used [0x00000007bdf80000,0x00000007bffa0000,0x00000007c0000000)
  to   space 33280K, 0% used [0x00000007bbf00000,0x00000007bbf00000,0x00000007bdf80000)
 ParOldGen       total 161280K, used 35463K [0x00000006c1800000, 0x00000006cb580000, 0x00000007b9c00000)
  object space 161280K, 21% used [0x00000006c1800000,0x00000006c3aa1e80,0x00000006cb580000)
 Metaspace       used 2707K, capacity 4486K, committed 4864K, reserved 1056768K
  class space    used 302K, capacity 386K, committed 512K, reserved 1048576K
[GC (Allocation Failure)  104199K->68359K(230400K), 0.0442555 secs]
Heap after GC invocations=324 (full 1):
 PSYoungGen      total 69120K, used 32896K [0x00000007b9c00000, 0x00000007c0000000, 0x00000007c0000000)
  eden space 35840K, 0% used [0x00000007b9c00000,0x00000007b9c00000,0x00000007bbf00000)
  from space 33280K, 98% used [0x00000007bbf00000,0x00000007bdf20000,0x00000007bdf80000)
  to   space 33280K, 0% used [0x00000007bdf80000,0x00000007bdf80000,0x00000007c0000000)
 ParOldGen       total 161280K, used 35463K [0x00000006c1800000, 0x00000006cb580000, 0x00000007b9c00000)
  object space 161280K, 21% used [0x00000006c1800000,0x00000006c3aa1e80,0x00000006cb580000)
 Metaspace       used 2707K, capacity 4486K, committed 4864K, reserved 1056768K
  class space    used 302K, capacity 386K, committed 512K, reserved 1048576K
}
{Heap before GC invocations=325 (full 1):
 PSYoungGen      total 69120K, used 68736K [0x00000007b9c00000, 0x00000007c0000000, 0x00000007c0000000)
  eden space 35840K, 100% used [0x00000007b9c00000,0x00000007bbf00000,0x00000007bbf00000)
  from space 33280K, 98% used [0x00000007bbf00000,0x00000007bdf20000,0x00000007bdf80000)
  to   space 33280K, 0% used [0x00000007bdf80000,0x00000007bdf80000,0x00000007c0000000)
 ParOldGen       total 161280K, used 35463K [0x00000006c1800000, 0x00000006cb580000, 0x00000007b9c00000)
  object space 161280K, 21% used [0x00000006c1800000,0x00000006c3aa1e80,0x00000006cb580000)
 Metaspace       used 2707K, capacity 4486K, committed 4864K, reserved 1056768K
  class space    used 302K, capacity 386K, committed 512K, reserved 1048576K
[GC (Allocation Failure)  104199K->68359K(230400K), 0.0340916 secs]
Heap after GC invocations=325 (full 1):
 PSYoungGen      total 69120K, used 32896K [0x00000007b9c00000, 0x00000007c0000000, 0x00000007c0000000)
  eden space 35840K, 0% used [0x00000007b9c00000,0x00000007b9c00000,0x00000007bbf00000)
  from space 33280K, 98% used [0x00000007bdf80000,0x00000007bffa0000,0x00000007c0000000)
  to   space 33280K, 0% used [0x00000007bbf00000,0x00000007bbf00000,0x00000007bdf80000)
 ParOldGen       total 161280K, used 35463K [0x00000006c1800000, 0x00000006cb580000, 0x00000007b9c00000)
  object space 161280K, 21% used [0x00000006c1800000,0x00000006c3aa1e80,0x00000006cb580000)
 Metaspace       used 2707K, capacity 4486K, committed 4864K, reserved 1056768K
  class space    used 302K, capacity 386K, committed 512K, reserved 1048576K
}
{Heap before GC invocations=326 (full 1):
 PSYoungGen      total 69120K, used 68736K [0x00000007b9c00000, 0x00000007c0000000, 0x00000007c0000000)
  eden space 35840K, 100% used [0x00000007b9c00000,0x00000007bbf00000,0x00000007bbf00000)
  from space 33280K, 98% used [0x00000007bdf80000,0x00000007bffa0000,0x00000007c0000000)
  to   space 33280K, 0% used [0x00000007bbf00000,0x00000007bbf00000,0x00000007bdf80000)
 ParOldGen       total 161280K, used 35463K [0x00000006c1800000, 0x00000006cb580000, 0x00000007b9c00000)
  object space 161280K, 21% used [0x00000006c1800000,0x00000006c3aa1e80,0x00000006cb580000)
 Metaspace       used 2707K, capacity 4486K, committed 4864K, reserved 1056768K
  class space    used 302K, capacity 386K, committed 512K, reserved 1048576K
[GC (Allocation Failure)  104199K->68327K(230400K), 0.0367762 secs]
Heap after GC invocations=326 (full 1):
 PSYoungGen      total 69120K, used 32864K [0x00000007b9c00000, 0x00000007c0000000, 0x00000007c0000000)
  eden space 35840K, 0% used [0x00000007b9c00000,0x00000007b9c00000,0x00000007bbf00000)
  from space 33280K, 98% used [0x00000007bbf00000,0x00000007bdf18000,0x00000007bdf80000)
  to   space 33280K, 0% used [0x00000007bdf80000,0x00000007bdf80000,0x00000007c0000000)
 ParOldGen       total 161280K, used 35463K [0x00000006c1800000, 0x00000006cb580000, 0x00000007b9c00000)
  object space 161280K, 21% used [0x00000006c1800000,0x00000006c3aa1e80,0x00000006cb580000)
 Metaspace       used 2707K, capacity 4486K, committed 4864K, reserved 1056768K
  class space    used 302K, capacity 386K, committed 512K, reserved 1048576K
}
{Heap before GC invocations=327 (full 1):
 PSYoungGen      total 69120K, used 68704K [0x00000007b9c00000, 0x00000007c0000000, 0x00000007c0000000)
  eden space 35840K, 100% used [0x00000007b9c00000,0x00000007bbf00000,0x00000007bbf00000)
  from space 33280K, 98% used [0x00000007bbf00000,0x00000007bdf18000,0x00000007bdf80000)
  to   space 33280K, 0% used [0x00000007bdf80000,0x00000007bdf80000,0x00000007c0000000)
 ParOldGen       total 161280K, used 35463K [0x00000006c1800000, 0x00000006cb580000, 0x00000007b9c00000)
  object space 161280K, 21% used [0x00000006c1800000,0x00000006c3aa1e80,0x00000006cb580000)
 Metaspace       used 2707K, capacity 4486K, committed 4864K, reserved 1056768K
  class space    used 302K, capacity 386K, committed 512K, reserved 1048576K
[GC (Allocation Failure)  104167K->68359K(230400K), 0.0336779 secs]
Heap after GC invocations=327 (full 1):
 PSYoungGen      total 69120K, used 32896K [0x00000007b9c00000, 0x00000007c0000000, 0x00000007c0000000)
  eden space 35840K, 0% used [0x00000007b9c00000,0x00000007b9c00000,0x00000007bbf00000)
  from space 33280K, 98% used [0x00000007bdf80000,0x00000007bffa0000,0x00000007c0000000)
  to   space 33280K, 0% used [0x00000007bbf00000,0x00000007bbf00000,0x00000007bdf80000)
 ParOldGen       total 161280K, used 35463K [0x00000006c1800000, 0x00000006cb580000, 0x00000007b9c00000)
  object space 161280K, 21% used [0x00000006c1800000,0x00000006c3aa1e80,0x00000006cb580000)
 Metaspace       used 2707K, capacity 4486K, committed 4864K, reserved 1056768K
  class space    used 302K, capacity 386K, committed 512K, reserved 1048576K
}
{Heap before GC invocations=328 (full 1):
 PSYoungGen      total 69120K, used 68736K [0x00000007b9c00000, 0x00000007c0000000, 0x00000007c0000000)
  eden space 35840K, 100% used [0x00000007b9c00000,0x00000007bbf00000,0x00000007bbf00000)
  from space 33280K, 98% used [0x00000007bdf80000,0x00000007bffa0000,0x00000007c0000000)
  to   space 33280K, 0% used [0x00000007bbf00000,0x00000007bbf00000,0x00000007bdf80000)
 ParOldGen       total 161280K, used 35463K [0x00000006c1800000, 0x00000006cb580000, 0x00000007b9c00000)
  object space 161280K, 21% used [0x00000006c1800000,0x00000006c3aa1e80,0x00000006cb580000)
 Metaspace       used 2707K, capacity 4486K, committed 4864K, reserved 1056768K
  class space    used 302K, capacity 386K, committed 512K, reserved 1048576K
[GC (Allocation Failure)  104199K->68391K(230400K), 0.0335797 secs]
Heap after GC invocations=328 (full 1):
 PSYoungGen      total 69120K, used 32928K [0x00000007b9c00000, 0x00000007c0000000, 0x00000007c0000000)
  eden space 35840K, 0% used [0x00000007b9c00000,0x00000007b9c00000,0x00000007bbf00000)
  from space 33280K, 98% used [0x00000007bbf00000,0x00000007bdf28000,0x00000007bdf80000)
  to   space 33280K, 0% used [0x00000007bdf80000,0x00000007bdf80000,0x00000007c0000000)
 ParOldGen       total 161280K, used 35463K [0x00000006c1800000, 0x00000006cb580000, 0x00000007b9c00000)
  object space 161280K, 21% used [0x00000006c1800000,0x00000006c3aa1e80,0x00000006cb580000)
 Metaspace       used 2707K, capacity 4486K, committed 4864K, reserved 1056768K
  class space    used 302K, capacity 386K, committed 512K, reserved 1048576K
}
{Heap before GC invocations=329 (full 1):
 PSYoungGen      total 69120K, used 68768K [0x00000007b9c00000, 0x00000007c0000000, 0x00000007c0000000)
  eden space 35840K, 100% used [0x00000007b9c00000,0x00000007bbf00000,0x00000007bbf00000)
  from space 33280K, 98% used [0x00000007bbf00000,0x00000007bdf28000,0x00000007bdf80000)
  to   space 33280K, 0% used [0x00000007bdf80000,0x00000007bdf80000,0x00000007c0000000)
 ParOldGen       total 161280K, used 35463K [0x00000006c1800000, 0x00000006cb580000, 0x00000007b9c00000)
  object space 161280K, 21% used [0x00000006c1800000,0x00000006c3aa1e80,0x00000006cb580000)
 Metaspace       used 2707K, capacity 4486K, committed 4864K, reserved 1056768K
  class space    used 302K, capacity 386K, committed 512K, reserved 1048576K
[GC (Allocation Failure)  104231K->68359K(230400K), 0.0392995 secs]
Heap after GC invocations=329 (full 1):
 PSYoungGen      total 69120K, used 32896K [0x00000007b9c00000, 0x00000007c0000000, 0x00000007c0000000)
  eden space 35840K, 0% used [0x00000007b9c00000,0x00000007b9c00000,0x00000007bbf00000)
  from space 33280K, 98% used [0x00000007bdf80000,0x00000007bffa0000,0x00000007c0000000)
  to   space 33280K, 0% used [0x00000007bbf00000,0x00000007bbf00000,0x00000007bdf80000)
 ParOldGen       total 161280K, used 35463K [0x00000006c1800000, 0x00000006cb580000, 0x00000007b9c00000)
  object space 161280K, 21% used [0x00000006c1800000,0x00000006c3aa1e80,0x00000006cb580000)
 Metaspace       used 2707K, capacity 4486K, committed 4864K, reserved 1056768K
  class space    used 302K, capacity 386K, committed 512K, reserved 1048576K
}
{Heap before GC invocations=330 (full 1):
 PSYoungGen      total 69120K, used 68736K [0x00000007b9c00000, 0x00000007c0000000, 0x00000007c0000000)
  eden space 35840K, 100% used [0x00000007b9c00000,0x00000007bbf00000,0x00000007bbf00000)
  from space 33280K, 98% used [0x00000007bdf80000,0x00000007bffa0000,0x00000007c0000000)
  to   space 33280K, 0% used [0x00000007bbf00000,0x00000007bbf00000,0x00000007bdf80000)
 ParOldGen       total 161280K, used 35463K [0x00000006c1800000, 0x00000006cb580000, 0x00000007b9c00000)
  object space 161280K, 21% used [0x00000006c1800000,0x00000006c3aa1e80,0x00000006cb580000)
 Metaspace       used 2707K, capacity 4486K, committed 4864K, reserved 1056768K
  class space    used 302K, capacity 386K, committed 512K, reserved 1048576K
[GC (Allocation Failure)  104199K->68359K(230400K), 0.0331376 secs]
Heap after GC invocations=330 (full 1):
 PSYoungGen      total 69120K, used 32896K [0x00000007b9c00000, 0x00000007c0000000, 0x00000007c0000000)
  eden space 35840K, 0% used [0x00000007b9c00000,0x00000007b9c00000,0x00000007bbf00000)
  from space 33280K, 98% used [0x00000007bbf00000,0x00000007bdf20000,0x00000007bdf80000)
  to   space 33280K, 0% used [0x00000007bdf80000,0x00000007bdf80000,0x00000007c0000000)
 ParOldGen       total 161280K, used 35463K [0x00000006c1800000, 0x00000006cb580000, 0x00000007b9c00000)
  object space 161280K, 21% used [0x00000006c1800000,0x00000006c3aa1e80,0x00000006cb580000)
 Metaspace       used 2707K, capacity 4486K, committed 4864K, reserved 1056768K
  class space    used 302K, capacity 386K, committed 512K, reserved 1048576K
}
{Heap before GC invocations=331 (full 1):
 PSYoungGen      total 69120K, used 68736K [0x00000007b9c00000, 0x00000007c0000000, 0x00000007c0000000)
  eden space 35840K, 100% used [0x00000007b9c00000,0x00000007bbf00000,0x00000007bbf00000)
  from space 33280K, 98% used [0x00000007bbf00000,0x00000007bdf20000,0x00000007bdf80000)
  to   space 33280K, 0% used [0x00000007bdf80000,0x00000007bdf80000,0x00000007c0000000)
 ParOldGen       total 161280K, used 35463K [0x00000006c1800000, 0x00000006cb580000, 0x00000007b9c00000)
  object space 161280K, 21% used [0x00000006c1800000,0x00000006c3aa1e80,0x00000006cb580000)
 Metaspace       used 2707K, capacity 4486K, committed 4864K, reserved 1056768K
  class space    used 302K, capacity 386K, committed 512K, reserved 1048576K
[GC (Allocation Failure)  104199K->68327K(230400K), 0.0308544 secs]
Heap after GC invocations=331 (full 1):
 PSYoungGen      total 69120K, used 32864K [0x00000007b9c00000, 0x00000007c0000000, 0x00000007c0000000)
  eden space 35840K, 0% used [0x00000007b9c00000,0x00000007b9c00000,0x00000007bbf00000)
  from space 33280K, 98% used [0x00000007bdf80000,0x00000007bff98000,0x00000007c0000000)
  to   space 33280K, 0% used [0x00000007bbf00000,0x00000007bbf00000,0x00000007bdf80000)
 ParOldGen       total 161280K, used 35463K [0x00000006c1800000, 0x00000006cb580000, 0x00000007b9c00000)
  object space 161280K, 21% used [0x00000006c1800000,0x00000006c3aa1e80,0x00000006cb580000)
 Metaspace       used 2707K, capacity 4486K, committed 4864K, reserved 1056768K
  class space    used 302K, capacity 386K, committed 512K, reserved 1048576K
}
{Heap before GC invocations=332 (full 1):
 PSYoungGen      total 69120K, used 68704K [0x00000007b9c00000, 0x00000007c0000000, 0x00000007c0000000)
  eden space 35840K, 100% used [0x00000007b9c00000,0x00000007bbf00000,0x00000007bbf00000)
  from space 33280K, 98% used [0x00000007bdf80000,0x00000007bff98000,0x00000007c0000000)
  to   space 33280K, 0% used [0x00000007bbf00000,0x00000007bbf00000,0x00000007bdf80000)
 ParOldGen       total 161280K, used 35463K [0x00000006c1800000, 0x00000006cb580000, 0x00000007b9c00000)
  object space 161280K, 21% used [0x00000006c1800000,0x00000006c3aa1e80,0x00000006cb580000)
 Metaspace       used 2707K, capacity 4486K, committed 4864K, reserved 1056768K
  class space    used 302K, capacity 386K, committed 512K, reserved 1048576K
[GC (Allocation Failure)  104167K->68359K(230400K), 0.0299535 secs]
Heap after GC invocations=332 (full 1):
 PSYoungGen      total 69120K, used 32896K [0x00000007b9c00000, 0x00000007c0000000, 0x00000007c0000000)
  eden space 35840K, 0% used [0x00000007b9c00000,0x00000007b9c00000,0x00000007bbf00000)
  from space 33280K, 98% used [0x00000007bbf00000,0x00000007bdf20000,0x00000007bdf80000)
  to   space 33280K, 0% used [0x00000007bdf80000,0x00000007bdf80000,0x00000007c0000000)
 ParOldGen       total 161280K, used 35463K [0x00000006c1800000, 0x00000006cb580000, 0x00000007b9c00000)
  object space 161280K, 21% used [0x00000006c1800000,0x00000006c3aa1e80,0x00000006cb580000)
 Metaspace       used 2707K, capacity 4486K, committed 4864K, reserved 1056768K
  class space    used 302K, capacity 386K, committed 512K, reserved 1048576K
}
{Heap before GC invocations=333 (full 1):
 PSYoungGen      total 69120K, used 68736K [0x00000007b9c00000, 0x00000007c0000000, 0x00000007c0000000)
  eden space 35840K, 100% used [0x00000007b9c00000,0x00000007bbf00000,0x00000007bbf00000)
  from space 33280K, 98% used [0x00000007bbf00000,0x00000007bdf20000,0x00000007bdf80000)
  to   space 33280K, 0% used [0x00000007bdf80000,0x00000007bdf80000,0x00000007c0000000)
 ParOldGen       total 161280K, used 35463K [0x00000006c1800000, 0x00000006cb580000, 0x00000007b9c00000)
  object space 161280K, 21% used [0x00000006c1800000,0x00000006c3aa1e80,0x00000006cb580000)
 Metaspace       used 2707K, capacity 4486K, committed 4864K, reserved 1056768K
  class space    used 302K, capacity 386K, committed 512K, reserved 1048576K
[GC (Allocation Failure)  104199K->68359K(230400K), 0.0295467 secs]
Heap after GC invocations=333 (full 1):
 PSYoungGen      total 69120K, used 32896K [0x00000007b9c00000, 0x00000007c0000000, 0x00000007c0000000)
  eden space 35840K, 0% used [0x00000007b9c00000,0x00000007b9c00000,0x00000007bbf00000)
  from space 33280K, 98% used [0x00000007bdf80000,0x00000007bffa0000,0x00000007c0000000)
  to   space 33280K, 0% used [0x00000007bbf00000,0x00000007bbf00000,0x00000007bdf80000)
 ParOldGen       total 161280K, used 35463K [0x00000006c1800000, 0x00000006cb580000, 0x00000007b9c00000)
  object space 161280K, 21% used [0x00000006c1800000,0x00000006c3aa1e80,0x00000006cb580000)
 Metaspace       used 2707K, capacity 4486K, committed 4864K, reserved 1056768K
  class space    used 302K, capacity 386K, committed 512K, reserved 1048576K
}
{Heap before GC invocations=334 (full 1):
 PSYoungGen      total 69120K, used 68736K [0x00000007b9c00000, 0x00000007c0000000, 0x00000007c0000000)
  eden space 35840K, 100% used [0x00000007b9c00000,0x00000007bbf00000,0x00000007bbf00000)
  from space 33280K, 98% used [0x00000007bdf80000,0x00000007bffa0000,0x00000007c0000000)
  to   space 33280K, 0% used [0x00000007bbf00000,0x00000007bbf00000,0x00000007bdf80000)
 ParOldGen       total 161280K, used 35463K [0x00000006c1800000, 0x00000006cb580000, 0x00000007b9c00000)
  object space 161280K, 21% used [0x00000006c1800000,0x00000006c3aa1e80,0x00000006cb580000)
 Metaspace       used 2707K, capacity 4486K, committed 4864K, reserved 1056768K
  class space    used 302K, capacity 386K, committed 512K, reserved 1048576K
[GC (Allocation Failure)  104199K->68359K(230400K), 0.0307527 secs]
Heap after GC invocations=334 (full 1):
 PSYoungGen      total 69120K, used 32896K [0x00000007b9c00000, 0x00000007c0000000, 0x00000007c0000000)
  eden space 35840K, 0% used [0x00000007b9c00000,0x00000007b9c00000,0x00000007bbf00000)
  from space 33280K, 98% used [0x00000007bbf00000,0x00000007bdf20000,0x00000007bdf80000)
  to   space 33280K, 0% used [0x00000007bdf80000,0x00000007bdf80000,0x00000007c0000000)
 ParOldGen       total 161280K, used 35463K [0x00000006c1800000, 0x00000006cb580000, 0x00000007b9c00000)
  object space 161280K, 21% used [0x00000006c1800000,0x00000006c3aa1e80,0x00000006cb580000)
 Metaspace       used 2707K, capacity 4486K, committed 4864K, reserved 1056768K
  class space    used 302K, capacity 386K, committed 512K, reserved 1048576K
}
{Heap before GC invocations=335 (full 1):
 PSYoungGen      total 69120K, used 68736K [0x00000007b9c00000, 0x00000007c0000000, 0x00000007c0000000)
  eden space 35840K, 100% used [0x00000007b9c00000,0x00000007bbf00000,0x00000007bbf00000)
  from space 33280K, 98% used [0x00000007bbf00000,0x00000007bdf20000,0x00000007bdf80000)
  to   space 33280K, 0% used [0x00000007bdf80000,0x00000007bdf80000,0x00000007c0000000)
 ParOldGen       total 161280K, used 35463K [0x00000006c1800000, 0x00000006cb580000, 0x00000007b9c00000)
  object space 161280K, 21% used [0x00000006c1800000,0x00000006c3aa1e80,0x00000006cb580000)
 Metaspace       used 2707K, capacity 4486K, committed 4864K, reserved 1056768K
  class space    used 302K, capacity 386K, committed 512K, reserved 1048576K
[GC (Allocation Failure)  104199K->68327K(230400K), 0.0325139 secs]
Heap after GC invocations=335 (full 1):
 PSYoungGen      total 69120K, used 32864K [0x00000007b9c00000, 0x00000007c0000000, 0x00000007c0000000)
  eden space 35840K, 0% used [0x00000007b9c00000,0x00000007b9c00000,0x00000007bbf00000)
  from space 33280K, 98% used [0x00000007bdf80000,0x00000007bff98000,0x00000007c0000000)
  to   space 33280K, 0% used [0x00000007bbf00000,0x00000007bbf00000,0x00000007bdf80000)
 ParOldGen       total 161280K, used 35463K [0x00000006c1800000, 0x00000006cb580000, 0x00000007b9c00000)
  object space 161280K, 21% used [0x00000006c1800000,0x00000006c3aa1e80,0x00000006cb580000)
 Metaspace       used 2707K, capacity 4486K, committed 4864K, reserved 1056768K
  class space    used 302K, capacity 386K, committed 512K, reserved 1048576K
}
{Heap before GC invocations=336 (full 1):
 PSYoungGen      total 69120K, used 68704K [0x00000007b9c00000, 0x00000007c0000000, 0x00000007c0000000)
  eden space 35840K, 100% used [0x00000007b9c00000,0x00000007bbf00000,0x00000007bbf00000)
  from space 33280K, 98% used [0x00000007bdf80000,0x00000007bff98000,0x00000007c0000000)
  to   space 33280K, 0% used [0x00000007bbf00000,0x00000007bbf00000,0x00000007bdf80000)
 ParOldGen       total 161280K, used 35463K [0x00000006c1800000, 0x00000006cb580000, 0x00000007b9c00000)
  object space 161280K, 21% used [0x00000006c1800000,0x00000006c3aa1e80,0x00000006cb580000)
 Metaspace       used 2707K, capacity 4486K, committed 4864K, reserved 1056768K
  class space    used 302K, capacity 386K, committed 512K, reserved 1048576K
[GC (Allocation Failure)  104167K->68327K(230400K), 0.0310946 secs]
Heap after GC invocations=336 (full 1):
 PSYoungGen      total 69120K, used 32864K [0x00000007b9c00000, 0x00000007c0000000, 0x00000007c0000000)
  eden space 35840K, 0% used [0x00000007b9c00000,0x00000007b9c00000,0x00000007bbf00000)
  from space 33280K, 98% used [0x00000007bbf00000,0x00000007bdf18000,0x00000007bdf80000)
  to   space 33280K, 0% used [0x00000007bdf80000,0x00000007bdf80000,0x00000007c0000000)
 ParOldGen       total 161280K, used 35463K [0x00000006c1800000, 0x00000006cb580000, 0x00000007b9c00000)
  object space 161280K, 21% used [0x00000006c1800000,0x00000006c3aa1e80,0x00000006cb580000)
 Metaspace       used 2707K, capacity 4486K, committed 4864K, reserved 1056768K
  class space    used 302K, capacity 386K, committed 512K, reserved 1048576K
}
{Heap before GC invocations=337 (full 1):
 PSYoungGen      total 69120K, used 68704K [0x00000007b9c00000, 0x00000007c0000000, 0x00000007c0000000)
  eden space 35840K, 100% used [0x00000007b9c00000,0x00000007bbf00000,0x00000007bbf00000)
  from space 33280K, 98% used [0x00000007bbf00000,0x00000007bdf18000,0x00000007bdf80000)
  to   space 33280K, 0% used [0x00000007bdf80000,0x00000007bdf80000,0x00000007c0000000)
 ParOldGen       total 161280K, used 35463K [0x00000006c1800000, 0x00000006cb580000, 0x00000007b9c00000)
  object space 161280K, 21% used [0x00000006c1800000,0x00000006c3aa1e80,0x00000006cb580000)
 Metaspace       used 2707K, capacity 4486K, committed 4864K, reserved 1056768K
  class space    used 302K, capacity 386K, committed 512K, reserved 1048576K
[GC (Allocation Failure)  104167K->68359K(230400K), 0.0323961 secs]
Heap after GC invocations=337 (full 1):
 PSYoungGen      total 69120K, used 32896K [0x00000007b9c00000, 0x00000007c0000000, 0x00000007c0000000)
  eden space 35840K, 0% used [0x00000007b9c00000,0x00000007b9c00000,0x00000007bbf00000)
  from space 33280K, 98% used [0x00000007bdf80000,0x00000007bffa0000,0x00000007c0000000)
  to   space 33280K, 0% used [0x00000007bbf00000,0x00000007bbf00000,0x00000007bdf80000)
 ParOldGen       total 161280K, used 35463K [0x00000006c1800000, 0x00000006cb580000, 0x00000007b9c00000)
  object space 161280K, 21% used [0x00000006c1800000,0x00000006c3aa1e80,0x00000006cb580000)
 Metaspace       used 2707K, capacity 4486K, committed 4864K, reserved 1056768K
  class space    used 302K, capacity 386K, committed 512K, reserved 1048576K
}
{Heap before GC invocations=338 (full 1):
 PSYoungGen      total 69120K, used 68736K [0x00000007b9c00000, 0x00000007c0000000, 0x00000007c0000000)
  eden space 35840K, 100% used [0x00000007b9c00000,0x00000007bbf00000,0x00000007bbf00000)
  from space 33280K, 98% used [0x00000007bdf80000,0x00000007bffa0000,0x00000007c0000000)
  to   space 33280K, 0% used [0x00000007bbf00000,0x00000007bbf00000,0x00000007bdf80000)
 ParOldGen       total 161280K, used 35463K [0x00000006c1800000, 0x00000006cb580000, 0x00000007b9c00000)
  object space 161280K, 21% used [0x00000006c1800000,0x00000006c3aa1e80,0x00000006cb580000)
 Metaspace       used 2707K, capacity 4486K, committed 4864K, reserved 1056768K
  class space    used 302K, capacity 386K, committed 512K, reserved 1048576K
[GC (Allocation Failure)  104199K->68391K(230400K), 0.0382293 secs]
Heap after GC invocations=338 (full 1):
 PSYoungGen      total 69120K, used 32928K [0x00000007b9c00000, 0x00000007c0000000, 0x00000007c0000000)
  eden space 35840K, 0% used [0x00000007b9c00000,0x00000007b9c00000,0x00000007bbf00000)
  from space 33280K, 98% used [0x00000007bbf00000,0x00000007bdf28000,0x00000007bdf80000)
  to   space 33280K, 0% used [0x00000007bdf80000,0x00000007bdf80000,0x00000007c0000000)
 ParOldGen       total 161280K, used 35463K [0x00000006c1800000, 0x00000006cb580000, 0x00000007b9c00000)
  object space 161280K, 21% used [0x00000006c1800000,0x00000006c3aa1e80,0x00000006cb580000)
 Metaspace       used 2707K, capacity 4486K, committed 4864K, reserved 1056768K
  class space    used 302K, capacity 386K, committed 512K, reserved 1048576K
}
{Heap before GC invocations=339 (full 1):
 PSYoungGen      total 69120K, used 68768K [0x00000007b9c00000, 0x00000007c0000000, 0x00000007c0000000)
  eden space 35840K, 100% used [0x00000007b9c00000,0x00000007bbf00000,0x00000007bbf00000)
  from space 33280K, 98% used [0x00000007bbf00000,0x00000007bdf28000,0x00000007bdf80000)
  to   space 33280K, 0% used [0x00000007bdf80000,0x00000007bdf80000,0x00000007c0000000)
 ParOldGen       total 161280K, used 35463K [0x00000006c1800000, 0x00000006cb580000, 0x00000007b9c00000)
  object space 161280K, 21% used [0x00000006c1800000,0x00000006c3aa1e80,0x00000006cb580000)
 Metaspace       used 2707K, capacity 4486K, committed 4864K, reserved 1056768K
  class space    used 302K, capacity 386K, committed 512K, reserved 1048576K
[GC (Allocation Failure)  104231K->68391K(230400K), 0.0339549 secs]
Heap after GC invocations=339 (full 1):
 PSYoungGen      total 69120K, used 32928K [0x00000007b9c00000, 0x00000007c0000000, 0x00000007c0000000)
  eden space 35840K, 0% used [0x00000007b9c00000,0x00000007b9c00000,0x00000007bbf00000)
  from space 33280K, 98% used [0x00000007bdf80000,0x00000007bffa8000,0x00000007c0000000)
  to   space 33280K, 0% used [0x00000007bbf00000,0x00000007bbf00000,0x00000007bdf80000)
 ParOldGen       total 161280K, used 35463K [0x00000006c1800000, 0x00000006cb580000, 0x00000007b9c00000)
  object space 161280K, 21% used [0x00000006c1800000,0x00000006c3aa1e80,0x00000006cb580000)
 Metaspace       used 2707K, capacity 4486K, committed 4864K, reserved 1056768K
  class space    used 302K, capacity 386K, committed 512K, reserved 1048576K
}
{Heap before GC invocations=340 (full 1):
 PSYoungGen      total 69120K, used 68768K [0x00000007b9c00000, 0x00000007c0000000, 0x00000007c0000000)
  eden space 35840K, 100% used [0x00000007b9c00000,0x00000007bbf00000,0x00000007bbf00000)
  from space 33280K, 98% used [0x00000007bdf80000,0x00000007bffa8000,0x00000007c0000000)
  to   space 33280K, 0% used [0x00000007bbf00000,0x00000007bbf00000,0x00000007bdf80000)
 ParOldGen       total 161280K, used 35463K [0x00000006c1800000, 0x00000006cb580000, 0x00000007b9c00000)
  object space 161280K, 21% used [0x00000006c1800000,0x00000006c3aa1e80,0x00000006cb580000)
 Metaspace       used 2707K, capacity 4486K, committed 4864K, reserved 1056768K
  class space    used 302K, capacity 386K, committed 512K, reserved 1048576K
[GC (Allocation Failure)  104231K->68359K(230400K), 0.0368672 secs]
Heap after GC invocations=340 (full 1):
 PSYoungGen      total 69120K, used 32896K [0x00000007b9c00000, 0x00000007c0000000, 0x00000007c0000000)
  eden space 35840K, 0% used [0x00000007b9c00000,0x00000007b9c00000,0x00000007bbf00000)
  from space 33280K, 98% used [0x00000007bbf00000,0x00000007bdf20000,0x00000007bdf80000)
  to   space 33280K, 0% used [0x00000007bdf80000,0x00000007bdf80000,0x00000007c0000000)
 ParOldGen       total 161280K, used 35463K [0x00000006c1800000, 0x00000006cb580000, 0x00000007b9c00000)
  object space 161280K, 21% used [0x00000006c1800000,0x00000006c3aa1e80,0x00000006cb580000)
 Metaspace       used 2707K, capacity 4486K, committed 4864K, reserved 1056768K
  class space    used 302K, capacity 386K, committed 512K, reserved 1048576K
}
{Heap before GC invocations=341 (full 1):
 PSYoungGen      total 69120K, used 68736K [0x00000007b9c00000, 0x00000007c0000000, 0x00000007c0000000)
  eden space 35840K, 100% used [0x00000007b9c00000,0x00000007bbf00000,0x00000007bbf00000)
  from space 33280K, 98% used [0x00000007bbf00000,0x00000007bdf20000,0x00000007bdf80000)
  to   space 33280K, 0% used [0x00000007bdf80000,0x00000007bdf80000,0x00000007c0000000)
 ParOldGen       total 161280K, used 35463K [0x00000006c1800000, 0x00000006cb580000, 0x00000007b9c00000)
  object space 161280K, 21% used [0x00000006c1800000,0x00000006c3aa1e80,0x00000006cb580000)
 Metaspace       used 2707K, capacity 4486K, committed 4864K, reserved 1056768K
  class space    used 302K, capacity 386K, committed 512K, reserved 1048576K
[GC (Allocation Failure)  104199K->68359K(230400K), 0.0314939 secs]
Heap after GC invocations=341 (full 1):
 PSYoungGen      total 69120K, used 32896K [0x00000007b9c00000, 0x00000007c0000000, 0x00000007c0000000)
  eden space 35840K, 0% used [0x00000007b9c00000,0x00000007b9c00000,0x00000007bbf00000)
  from space 33280K, 98% used [0x00000007bdf80000,0x00000007bffa0000,0x00000007c0000000)
  to   space 33280K, 0% used [0x00000007bbf00000,0x00000007bbf00000,0x00000007bdf80000)
 ParOldGen       total 161280K, used 35463K [0x00000006c1800000, 0x00000006cb580000, 0x00000007b9c00000)
  object space 161280K, 21% used [0x00000006c1800000,0x00000006c3aa1e80,0x00000006cb580000)
 Metaspace       used 2707K, capacity 4486K, committed 4864K, reserved 1056768K
  class space    used 302K, capacity 386K, committed 512K, reserved 1048576K
}
{Heap before GC invocations=342 (full 1):
 PSYoungGen      total 69120K, used 68736K [0x00000007b9c00000, 0x00000007c0000000, 0x00000007c0000000)
  eden space 35840K, 100% used [0x00000007b9c00000,0x00000007bbf00000,0x00000007bbf00000)
  from space 33280K, 98% used [0x00000007bdf80000,0x00000007bffa0000,0x00000007c0000000)
  to   space 33280K, 0% used [0x00000007bbf00000,0x00000007bbf00000,0x00000007bdf80000)
 ParOldGen       total 161280K, used 35463K [0x00000006c1800000, 0x00000006cb580000, 0x00000007b9c00000)
  object space 161280K, 21% used [0x00000006c1800000,0x00000006c3aa1e80,0x00000006cb580000)
 Metaspace       used 2707K, capacity 4486K, committed 4864K, reserved 1056768K
  class space    used 302K, capacity 386K, committed 512K, reserved 1048576K
[GC (Allocation Failure)  104199K->68359K(230400K), 0.0322470 secs]
Heap after GC invocations=342 (full 1):
 PSYoungGen      total 69120K, used 32896K [0x00000007b9c00000, 0x00000007c0000000, 0x00000007c0000000)
  eden space 35840K, 0% used [0x00000007b9c00000,0x00000007b9c00000,0x00000007bbf00000)
  from space 33280K, 98% used [0x00000007bbf00000,0x00000007bdf20000,0x00000007bdf80000)
  to   space 33280K, 0% used [0x00000007bdf80000,0x00000007bdf80000,0x00000007c0000000)
 ParOldGen       total 161280K, used 35463K [0x00000006c1800000, 0x00000006cb580000, 0x00000007b9c00000)
  object space 161280K, 21% used [0x00000006c1800000,0x00000006c3aa1e80,0x00000006cb580000)
 Metaspace       used 2707K, capacity 4486K, committed 4864K, reserved 1056768K
  class space    used 302K, capacity 386K, committed 512K, reserved 1048576K
}
{Heap before GC invocations=343 (full 1):
 PSYoungGen      total 69120K, used 68736K [0x00000007b9c00000, 0x00000007c0000000, 0x00000007c0000000)
  eden space 35840K, 100% used [0x00000007b9c00000,0x00000007bbf00000,0x00000007bbf00000)
  from space 33280K, 98% used [0x00000007bbf00000,0x00000007bdf20000,0x00000007bdf80000)
  to   space 33280K, 0% used [0x00000007bdf80000,0x00000007bdf80000,0x00000007c0000000)
 ParOldGen       total 161280K, used 35463K [0x00000006c1800000, 0x00000006cb580000, 0x00000007b9c00000)
  object space 161280K, 21% used [0x00000006c1800000,0x00000006c3aa1e80,0x00000006cb580000)
 Metaspace       used 2707K, capacity 4486K, committed 4864K, reserved 1056768K
  class space    used 302K, capacity 386K, committed 512K, reserved 1048576K
[GC (Allocation Failure)  104199K->68359K(230400K), 0.0419972 secs]
Heap after GC invocations=343 (full 1):
 PSYoungGen      total 69120K, used 32896K [0x00000007b9c00000, 0x00000007c0000000, 0x00000007c0000000)
  eden space 35840K, 0% used [0x00000007b9c00000,0x00000007b9c00000,0x00000007bbf00000)
  from space 33280K, 98% used [0x00000007bdf80000,0x00000007bffa0000,0x00000007c0000000)
  to   space 33280K, 0% used [0x00000007bbf00000,0x00000007bbf00000,0x00000007bdf80000)
 ParOldGen       total 161280K, used 35463K [0x00000006c1800000, 0x00000006cb580000, 0x00000007b9c00000)
  object space 161280K, 21% used [0x00000006c1800000,0x00000006c3aa1e80,0x00000006cb580000)
 Metaspace       used 2707K, capacity 4486K, committed 4864K, reserved 1056768K
  class space    used 302K, capacity 386K, committed 512K, reserved 1048576K
}
{Heap before GC invocations=344 (full 1):
 PSYoungGen      total 69120K, used 68736K [0x00000007b9c00000, 0x00000007c0000000, 0x00000007c0000000)
  eden space 35840K, 100% used [0x00000007b9c00000,0x00000007bbf00000,0x00000007bbf00000)
  from space 33280K, 98% used [0x00000007bdf80000,0x00000007bffa0000,0x00000007c0000000)
  to   space 33280K, 0% used [0x00000007bbf00000,0x00000007bbf00000,0x00000007bdf80000)
 ParOldGen       total 161280K, used 35463K [0x00000006c1800000, 0x00000006cb580000, 0x00000007b9c00000)
  object space 161280K, 21% used [0x00000006c1800000,0x00000006c3aa1e80,0x00000006cb580000)
 Metaspace       used 2707K, capacity 4486K, committed 4864K, reserved 1056768K
  class space    used 302K, capacity 386K, committed 512K, reserved 1048576K
[GC (Allocation Failure)  104199K->68359K(230400K), 0.0364434 secs]
Heap after GC invocations=344 (full 1):
 PSYoungGen      total 69120K, used 32896K [0x00000007b9c00000, 0x00000007c0000000, 0x00000007c0000000)
  eden space 35840K, 0% used [0x00000007b9c00000,0x00000007b9c00000,0x00000007bbf00000)
  from space 33280K, 98% used [0x00000007bbf00000,0x00000007bdf20000,0x00000007bdf80000)
  to   space 33280K, 0% used [0x00000007bdf80000,0x00000007bdf80000,0x00000007c0000000)
 ParOldGen       total 161280K, used 35463K [0x00000006c1800000, 0x00000006cb580000, 0x00000007b9c00000)
  object space 161280K, 21% used [0x00000006c1800000,0x00000006c3aa1e80,0x00000006cb580000)
 Metaspace       used 2707K, capacity 4486K, committed 4864K, reserved 1056768K
  class space    used 302K, capacity 386K, committed 512K, reserved 1048576K
}
{Heap before GC invocations=345 (full 1):
 PSYoungGen      total 69120K, used 68736K [0x00000007b9c00000, 0x00000007c0000000, 0x00000007c0000000)
  eden space 35840K, 100% used [0x00000007b9c00000,0x00000007bbf00000,0x00000007bbf00000)
  from space 33280K, 98% used [0x00000007bbf00000,0x00000007bdf20000,0x00000007bdf80000)
  to   space 33280K, 0% used [0x00000007bdf80000,0x00000007bdf80000,0x00000007c0000000)
 ParOldGen       total 161280K, used 35463K [0x00000006c1800000, 0x00000006cb580000, 0x00000007b9c00000)
  object space 161280K, 21% used [0x00000006c1800000,0x00000006c3aa1e80,0x00000006cb580000)
 Metaspace       used 2707K, capacity 4486K, committed 4864K, reserved 1056768K
  class space    used 302K, capacity 386K, committed 512K, reserved 1048576K
[GC (Allocation Failure)  104199K->68359K(230400K), 0.0386759 secs]
Heap after GC invocations=345 (full 1):
 PSYoungGen      total 69120K, used 32896K [0x00000007b9c00000, 0x00000007c0000000, 0x00000007c0000000)
  eden space 35840K, 0% used [0x00000007b9c00000,0x00000007b9c00000,0x00000007bbf00000)
  from space 33280K, 98% used [0x00000007bdf80000,0x00000007bffa0000,0x00000007c0000000)
  to   space 33280K, 0% used [0x00000007bbf00000,0x00000007bbf00000,0x00000007bdf80000)
 ParOldGen       total 161280K, used 35463K [0x00000006c1800000, 0x00000006cb580000, 0x00000007b9c00000)
  object space 161280K, 21% used [0x00000006c1800000,0x00000006c3aa1e80,0x00000006cb580000)
 Metaspace       used 2707K, capacity 4486K, committed 4864K, reserved 1056768K
  class space    used 302K, capacity 386K, committed 512K, reserved 1048576K
}
{Heap before GC invocations=346 (full 1):
 PSYoungGen      total 69120K, used 68736K [0x00000007b9c00000, 0x00000007c0000000, 0x00000007c0000000)
  eden space 35840K, 100% used [0x00000007b9c00000,0x00000007bbf00000,0x00000007bbf00000)
  from space 33280K, 98% used [0x00000007bdf80000,0x00000007bffa0000,0x00000007c0000000)
  to   space 33280K, 0% used [0x00000007bbf00000,0x00000007bbf00000,0x00000007bdf80000)
 ParOldGen       total 161280K, used 35463K [0x00000006c1800000, 0x00000006cb580000, 0x00000007b9c00000)
  object space 161280K, 21% used [0x00000006c1800000,0x00000006c3aa1e80,0x00000006cb580000)
 Metaspace       used 2707K, capacity 4486K, committed 4864K, reserved 1056768K
  class space    used 302K, capacity 386K, committed 512K, reserved 1048576K
[GC (Allocation Failure)  104199K->68391K(230400K), 0.0331315 secs]
Heap after GC invocations=346 (full 1):
 PSYoungGen      total 69120K, used 32928K [0x00000007b9c00000, 0x00000007c0000000, 0x00000007c0000000)
  eden space 35840K, 0% used [0x00000007b9c00000,0x00000007b9c00000,0x00000007bbf00000)
  from space 33280K, 98% used [0x00000007bbf00000,0x00000007bdf28000,0x00000007bdf80000)
  to   space 33280K, 0% used [0x00000007bdf80000,0x00000007bdf80000,0x00000007c0000000)
 ParOldGen       total 161280K, used 35463K [0x00000006c1800000, 0x00000006cb580000, 0x00000007b9c00000)
  object space 161280K, 21% used [0x00000006c1800000,0x00000006c3aa1e80,0x00000006cb580000)
 Metaspace       used 2707K, capacity 4486K, committed 4864K, reserved 1056768K
  class space    used 302K, capacity 386K, committed 512K, reserved 1048576K
}
{Heap before GC invocations=347 (full 1):
 PSYoungGen      total 69120K, used 68768K [0x00000007b9c00000, 0x00000007c0000000, 0x00000007c0000000)
  eden space 35840K, 100% used [0x00000007b9c00000,0x00000007bbf00000,0x00000007bbf00000)
  from space 33280K, 98% used [0x00000007bbf00000,0x00000007bdf28000,0x00000007bdf80000)
  to   space 33280K, 0% used [0x00000007bdf80000,0x00000007bdf80000,0x00000007c0000000)
 ParOldGen       total 161280K, used 35463K [0x00000006c1800000, 0x00000006cb580000, 0x00000007b9c00000)
  object space 161280K, 21% used [0x00000006c1800000,0x00000006c3aa1e80,0x00000006cb580000)
 Metaspace       used 2707K, capacity 4486K, committed 4864K, reserved 1056768K
  class space    used 302K, capacity 386K, committed 512K, reserved 1048576K
[GC (Allocation Failure)  104231K->68327K(230400K), 0.0304464 secs]
Heap after GC invocations=347 (full 1):
 PSYoungGen      total 69120K, used 32864K [0x00000007b9c00000, 0x00000007c0000000, 0x00000007c0000000)
  eden space 35840K, 0% used [0x00000007b9c00000,0x00000007b9c00000,0x00000007bbf00000)
  from space 33280K, 98% used [0x00000007bdf80000,0x00000007bff98000,0x00000007c0000000)
  to   space 33280K, 0% used [0x00000007bbf00000,0x00000007bbf00000,0x00000007bdf80000)
 ParOldGen       total 161280K, used 35463K [0x00000006c1800000, 0x00000006cb580000, 0x00000007b9c00000)
  object space 161280K, 21% used [0x00000006c1800000,0x00000006c3aa1e80,0x00000006cb580000)
 Metaspace       used 2707K, capacity 4486K, committed 4864K, reserved 1056768K
  class space    used 302K, capacity 386K, committed 512K, reserved 1048576K
}
{Heap before GC invocations=348 (full 1):
 PSYoungGen      total 69120K, used 68704K [0x00000007b9c00000, 0x00000007c0000000, 0x00000007c0000000)
  eden space 35840K, 100% used [0x00000007b9c00000,0x00000007bbf00000,0x00000007bbf00000)
  from space 33280K, 98% used [0x00000007bdf80000,0x00000007bff98000,0x00000007c0000000)
  to   space 33280K, 0% used [0x00000007bbf00000,0x00000007bbf00000,0x00000007bdf80000)
 ParOldGen       total 161280K, used 35463K [0x00000006c1800000, 0x00000006cb580000, 0x00000007b9c00000)
  object space 161280K, 21% used [0x00000006c1800000,0x00000006c3aa1e80,0x00000006cb580000)
 Metaspace       used 2707K, capacity 4486K, committed 4864K, reserved 1056768K
  class space    used 302K, capacity 386K, committed 512K, reserved 1048576K
[GC (Allocation Failure)  104167K->68359K(230400K), 0.0302867 secs]
Heap after GC invocations=348 (full 1):
 PSYoungGen      total 69120K, used 32896K [0x00000007b9c00000, 0x00000007c0000000, 0x00000007c0000000)
  eden space 35840K, 0% used [0x00000007b9c00000,0x00000007b9c00000,0x00000007bbf00000)
  from space 33280K, 98% used [0x00000007bbf00000,0x00000007bdf20000,0x00000007bdf80000)
  to   space 33280K, 0% used [0x00000007bdf80000,0x00000007bdf80000,0x00000007c0000000)
 ParOldGen       total 161280K, used 35463K [0x00000006c1800000, 0x00000006cb580000, 0x00000007b9c00000)
  object space 161280K, 21% used [0x00000006c1800000,0x00000006c3aa1e80,0x00000006cb580000)
 Metaspace       used 2707K, capacity 4486K, committed 4864K, reserved 1056768K
  class space    used 302K, capacity 386K, committed 512K, reserved 1048576K
}
{Heap before GC invocations=349 (full 1):
 PSYoungGen      total 69120K, used 68736K [0x00000007b9c00000, 0x00000007c0000000, 0x00000007c0000000)
  eden space 35840K, 100% used [0x00000007b9c00000,0x00000007bbf00000,0x00000007bbf00000)
  from space 33280K, 98% used [0x00000007bbf00000,0x00000007bdf20000,0x00000007bdf80000)
  to   space 33280K, 0% used [0x00000007bdf80000,0x00000007bdf80000,0x00000007c0000000)
 ParOldGen       total 161280K, used 35463K [0x00000006c1800000, 0x00000006cb580000, 0x00000007b9c00000)
  object space 161280K, 21% used [0x00000006c1800000,0x00000006c3aa1e80,0x00000006cb580000)
 Metaspace       used 2707K, capacity 4486K, committed 4864K, reserved 1056768K
  class space    used 302K, capacity 386K, committed 512K, reserved 1048576K
[GC (Allocation Failure)  104199K->68391K(230400K), 0.0333263 secs]
Heap after GC invocations=349 (full 1):
 PSYoungGen      total 69120K, used 32928K [0x00000007b9c00000, 0x00000007c0000000, 0x00000007c0000000)
  eden space 35840K, 0% used [0x00000007b9c00000,0x00000007b9c00000,0x00000007bbf00000)
  from space 33280K, 98% used [0x00000007bdf80000,0x00000007bffa8000,0x00000007c0000000)
  to   space 33280K, 0% used [0x00000007bbf00000,0x00000007bbf00000,0x00000007bdf80000)
 ParOldGen       total 161280K, used 35463K [0x00000006c1800000, 0x00000006cb580000, 0x00000007b9c00000)
  object space 161280K, 21% used [0x00000006c1800000,0x00000006c3aa1e80,0x00000006cb580000)
 Metaspace       used 2707K, capacity 4486K, committed 4864K, reserved 1056768K
  class space    used 302K, capacity 386K, committed 512K, reserved 1048576K
}
{Heap before GC invocations=350 (full 1):
 PSYoungGen      total 69120K, used 68768K [0x00000007b9c00000, 0x00000007c0000000, 0x00000007c0000000)
  eden space 35840K, 100% used [0x00000007b9c00000,0x00000007bbf00000,0x00000007bbf00000)
  from space 33280K, 98% used [0x00000007bdf80000,0x00000007bffa8000,0x00000007c0000000)
  to   space 33280K, 0% used [0x00000007bbf00000,0x00000007bbf00000,0x00000007bdf80000)
 ParOldGen       total 161280K, used 35463K [0x00000006c1800000, 0x00000006cb580000, 0x00000007b9c00000)
  object space 161280K, 21% used [0x00000006c1800000,0x00000006c3aa1e80,0x00000006cb580000)
 Metaspace       used 2707K, capacity 4486K, committed 4864K, reserved 1056768K
  class space    used 302K, capacity 386K, committed 512K, reserved 1048576K
[GC (Allocation Failure)  104231K->68359K(230400K), 0.0316654 secs]
Heap after GC invocations=350 (full 1):
 PSYoungGen      total 69120K, used 32896K [0x00000007b9c00000, 0x00000007c0000000, 0x00000007c0000000)
  eden space 35840K, 0% used [0x00000007b9c00000,0x00000007b9c00000,0x00000007bbf00000)
  from space 33280K, 98% used [0x00000007bbf00000,0x00000007bdf20000,0x00000007bdf80000)
  to   space 33280K, 0% used [0x00000007bdf80000,0x00000007bdf80000,0x00000007c0000000)
 ParOldGen       total 161280K, used 35463K [0x00000006c1800000, 0x00000006cb580000, 0x00000007b9c00000)
  object space 161280K, 21% used [0x00000006c1800000,0x00000006c3aa1e80,0x00000006cb580000)
 Metaspace       used 2707K, capacity 4486K, committed 4864K, reserved 1056768K
  class space    used 302K, capacity 386K, committed 512K, reserved 1048576K
}
{Heap before GC invocations=351 (full 1):
 PSYoungGen      total 69120K, used 68736K [0x00000007b9c00000, 0x00000007c0000000, 0x00000007c0000000)
  eden space 35840K, 100% used [0x00000007b9c00000,0x00000007bbf00000,0x00000007bbf00000)
  from space 33280K, 98% used [0x00000007bbf00000,0x00000007bdf20000,0x00000007bdf80000)
  to   space 33280K, 0% used [0x00000007bdf80000,0x00000007bdf80000,0x00000007c0000000)
 ParOldGen       total 161280K, used 35463K [0x00000006c1800000, 0x00000006cb580000, 0x00000007b9c00000)
  object space 161280K, 21% used [0x00000006c1800000,0x00000006c3aa1e80,0x00000006cb580000)
 Metaspace       used 2707K, capacity 4486K, committed 4864K, reserved 1056768K
  class space    used 302K, capacity 386K, committed 512K, reserved 1048576K
[GC (Allocation Failure)  104199K->68359K(230400K), 0.0315394 secs]
Heap after GC invocations=351 (full 1):
 PSYoungGen      total 69120K, used 32896K [0x00000007b9c00000, 0x00000007c0000000, 0x00000007c0000000)
  eden space 35840K, 0% used [0x00000007b9c00000,0x00000007b9c00000,0x00000007bbf00000)
  from space 33280K, 98% used [0x00000007bdf80000,0x00000007bffa0000,0x00000007c0000000)
  to   space 33280K, 0% used [0x00000007bbf00000,0x00000007bbf00000,0x00000007bdf80000)
 ParOldGen       total 161280K, used 35463K [0x00000006c1800000, 0x00000006cb580000, 0x00000007b9c00000)
  object space 161280K, 21% used [0x00000006c1800000,0x00000006c3aa1e80,0x00000006cb580000)
 Metaspace       used 2707K, capacity 4486K, committed 4864K, reserved 1056768K
  class space    used 302K, capacity 386K, committed 512K, reserved 1048576K
}
{Heap before GC invocations=352 (full 1):
 PSYoungGen      total 69120K, used 68736K [0x00000007b9c00000, 0x00000007c0000000, 0x00000007c0000000)
  eden space 35840K, 100% used [0x00000007b9c00000,0x00000007bbf00000,0x00000007bbf00000)
  from space 33280K, 98% used [0x00000007bdf80000,0x00000007bffa0000,0x00000007c0000000)
  to   space 33280K, 0% used [0x00000007bbf00000,0x00000007bbf00000,0x00000007bdf80000)
 ParOldGen       total 161280K, used 35463K [0x00000006c1800000, 0x00000006cb580000, 0x00000007b9c00000)
  object space 161280K, 21% used [0x00000006c1800000,0x00000006c3aa1e80,0x00000006cb580000)
 Metaspace       used 2707K, capacity 4486K, committed 4864K, reserved 1056768K
  class space    used 302K, capacity 386K, committed 512K, reserved 1048576K
[GC (Allocation Failure)  104199K->68359K(230400K), 0.0353537 secs]
Heap after GC invocations=352 (full 1):
 PSYoungGen      total 69120K, used 32896K [0x00000007b9c00000, 0x00000007c0000000, 0x00000007c0000000)
  eden space 35840K, 0% used [0x00000007b9c00000,0x00000007b9c00000,0x00000007bbf00000)
  from space 33280K, 98% used [0x00000007bbf00000,0x00000007bdf20000,0x00000007bdf80000)
  to   space 33280K, 0% used [0x00000007bdf80000,0x00000007bdf80000,0x00000007c0000000)
 ParOldGen       total 161280K, used 35463K [0x00000006c1800000, 0x00000006cb580000, 0x00000007b9c00000)
  object space 161280K, 21% used [0x00000006c1800000,0x00000006c3aa1e80,0x00000006cb580000)
 Metaspace       used 2707K, capacity 4486K, committed 4864K, reserved 1056768K
  class space    used 302K, capacity 386K, committed 512K, reserved 1048576K
}
{Heap before GC invocations=353 (full 1):
 PSYoungGen      total 69120K, used 68736K [0x00000007b9c00000, 0x00000007c0000000, 0x00000007c0000000)
  eden space 35840K, 100% used [0x00000007b9c00000,0x00000007bbf00000,0x00000007bbf00000)
  from space 33280K, 98% used [0x00000007bbf00000,0x00000007bdf20000,0x00000007bdf80000)
  to   space 33280K, 0% used [0x00000007bdf80000,0x00000007bdf80000,0x00000007c0000000)
 ParOldGen       total 161280K, used 35463K [0x00000006c1800000, 0x00000006cb580000, 0x00000007b9c00000)
  object space 161280K, 21% used [0x00000006c1800000,0x00000006c3aa1e80,0x00000006cb580000)
 Metaspace       used 2707K, capacity 4486K, committed 4864K, reserved 1056768K
  class space    used 302K, capacity 386K, committed 512K, reserved 1048576K
[GC (Allocation Failure)  104199K->68359K(230400K), 0.0375481 secs]
Heap after GC invocations=353 (full 1):
 PSYoungGen      total 69120K, used 32896K [0x00000007b9c00000, 0x00000007c0000000, 0x00000007c0000000)
  eden space 35840K, 0% used [0x00000007b9c00000,0x00000007b9c00000,0x00000007bbf00000)
  from space 33280K, 98% used [0x00000007bdf80000,0x00000007bffa0000,0x00000007c0000000)
  to   space 33280K, 0% used [0x00000007bbf00000,0x00000007bbf00000,0x00000007bdf80000)
 ParOldGen       total 161280K, used 35463K [0x00000006c1800000, 0x00000006cb580000, 0x00000007b9c00000)
  object space 161280K, 21% used [0x00000006c1800000,0x00000006c3aa1e80,0x00000006cb580000)
 Metaspace       used 2707K, capacity 4486K, committed 4864K, reserved 1056768K
  class space    used 302K, capacity 386K, committed 512K, reserved 1048576K
}
{Heap before GC invocations=354 (full 1):
 PSYoungGen      total 69120K, used 68736K [0x00000007b9c00000, 0x00000007c0000000, 0x00000007c0000000)
  eden space 35840K, 100% used [0x00000007b9c00000,0x00000007bbf00000,0x00000007bbf00000)
  from space 33280K, 98% used [0x00000007bdf80000,0x00000007bffa0000,0x00000007c0000000)
  to   space 33280K, 0% used [0x00000007bbf00000,0x00000007bbf00000,0x00000007bdf80000)
 ParOldGen       total 161280K, used 35463K [0x00000006c1800000, 0x00000006cb580000, 0x00000007b9c00000)
  object space 161280K, 21% used [0x00000006c1800000,0x00000006c3aa1e80,0x00000006cb580000)
 Metaspace       used 2707K, capacity 4486K, committed 4864K, reserved 1056768K
  class space    used 302K, capacity 386K, committed 512K, reserved 1048576K
[GC (Allocation Failure)  104199K->68327K(230400K), 0.0332075 secs]
Heap after GC invocations=354 (full 1):
 PSYoungGen      total 69120K, used 32864K [0x00000007b9c00000, 0x00000007c0000000, 0x00000007c0000000)
  eden space 35840K, 0% used [0x00000007b9c00000,0x00000007b9c00000,0x00000007bbf00000)
  from space 33280K, 98% used [0x00000007bbf00000,0x00000007bdf18000,0x00000007bdf80000)
  to   space 33280K, 0% used [0x00000007bdf80000,0x00000007bdf80000,0x00000007c0000000)
 ParOldGen       total 161280K, used 35463K [0x00000006c1800000, 0x00000006cb580000, 0x00000007b9c00000)
  object space 161280K, 21% used [0x00000006c1800000,0x00000006c3aa1e80,0x00000006cb580000)
 Metaspace       used 2707K, capacity 4486K, committed 4864K, reserved 1056768K
  class space    used 302K, capacity 386K, committed 512K, reserved 1048576K
}
{Heap before GC invocations=355 (full 1):
 PSYoungGen      total 69120K, used 68704K [0x00000007b9c00000, 0x00000007c0000000, 0x00000007c0000000)
  eden space 35840K, 100% used [0x00000007b9c00000,0x00000007bbf00000,0x00000007bbf00000)
  from space 33280K, 98% used [0x00000007bbf00000,0x00000007bdf18000,0x00000007bdf80000)
  to   space 33280K, 0% used [0x00000007bdf80000,0x00000007bdf80000,0x00000007c0000000)
 ParOldGen       total 161280K, used 35463K [0x00000006c1800000, 0x00000006cb580000, 0x00000007b9c00000)
  object space 161280K, 21% used [0x00000006c1800000,0x00000006c3aa1e80,0x00000006cb580000)
 Metaspace       used 2707K, capacity 4486K, committed 4864K, reserved 1056768K
  class space    used 302K, capacity 386K, committed 512K, reserved 1048576K
[GC (Allocation Failure)  104167K->68359K(230400K), 0.0330319 secs]
Heap after GC invocations=355 (full 1):
 PSYoungGen      total 69120K, used 32896K [0x00000007b9c00000, 0x00000007c0000000, 0x00000007c0000000)
  eden space 35840K, 0% used [0x00000007b9c00000,0x00000007b9c00000,0x00000007bbf00000)
  from space 33280K, 98% used [0x00000007bdf80000,0x00000007bffa0000,0x00000007c0000000)
  to   space 33280K, 0% used [0x00000007bbf00000,0x00000007bbf00000,0x00000007bdf80000)
 ParOldGen       total 161280K, used 35463K [0x00000006c1800000, 0x00000006cb580000, 0x00000007b9c00000)
  object space 161280K, 21% used [0x00000006c1800000,0x00000006c3aa1e80,0x00000006cb580000)
 Metaspace       used 2707K, capacity 4486K, committed 4864K, reserved 1056768K
  class space    used 302K, capacity 386K, committed 512K, reserved 1048576K
}
{Heap before GC invocations=356 (full 1):
 PSYoungGen      total 69120K, used 68736K [0x00000007b9c00000, 0x00000007c0000000, 0x00000007c0000000)
  eden space 35840K, 100% used [0x00000007b9c00000,0x00000007bbf00000,0x00000007bbf00000)
  from space 33280K, 98% used [0x00000007bdf80000,0x00000007bffa0000,0x00000007c0000000)
  to   space 33280K, 0% used [0x00000007bbf00000,0x00000007bbf00000,0x00000007bdf80000)
 ParOldGen       total 161280K, used 35463K [0x00000006c1800000, 0x00000006cb580000, 0x00000007b9c00000)
  object space 161280K, 21% used [0x00000006c1800000,0x00000006c3aa1e80,0x00000006cb580000)
 Metaspace       used 2707K, capacity 4486K, committed 4864K, reserved 1056768K
  class space    used 302K, capacity 386K, committed 512K, reserved 1048576K
[GC (Allocation Failure)  104199K->68359K(230400K), 0.0315058 secs]
Heap after GC invocations=356 (full 1):
 PSYoungGen      total 69120K, used 32896K [0x00000007b9c00000, 0x00000007c0000000, 0x00000007c0000000)
  eden space 35840K, 0% used [0x00000007b9c00000,0x00000007b9c00000,0x00000007bbf00000)
  from space 33280K, 98% used [0x00000007bbf00000,0x00000007bdf20000,0x00000007bdf80000)
  to   space 33280K, 0% used [0x00000007bdf80000,0x00000007bdf80000,0x00000007c0000000)
 ParOldGen       total 161280K, used 35463K [0x00000006c1800000, 0x00000006cb580000, 0x00000007b9c00000)
  object space 161280K, 21% used [0x00000006c1800000,0x00000006c3aa1e80,0x00000006cb580000)
 Metaspace       used 2707K, capacity 4486K, committed 4864K, reserved 1056768K
  class space    used 302K, capacity 386K, committed 512K, reserved 1048576K
}
{Heap before GC invocations=357 (full 1):
 PSYoungGen      total 69120K, used 68736K [0x00000007b9c00000, 0x00000007c0000000, 0x00000007c0000000)
  eden space 35840K, 100% used [0x00000007b9c00000,0x00000007bbf00000,0x00000007bbf00000)
  from space 33280K, 98% used [0x00000007bbf00000,0x00000007bdf20000,0x00000007bdf80000)
  to   space 33280K, 0% used [0x00000007bdf80000,0x00000007bdf80000,0x00000007c0000000)
 ParOldGen       total 161280K, used 35463K [0x00000006c1800000, 0x00000006cb580000, 0x00000007b9c00000)
  object space 161280K, 21% used [0x00000006c1800000,0x00000006c3aa1e80,0x00000006cb580000)
 Metaspace       used 2707K, capacity 4486K, committed 4864K, reserved 1056768K
  class space    used 302K, capacity 386K, committed 512K, reserved 1048576K
[GC (Allocation Failure)  104199K->68359K(230400K), 0.0398103 secs]
Heap after GC invocations=357 (full 1):
 PSYoungGen      total 69120K, used 32896K [0x00000007b9c00000, 0x00000007c0000000, 0x00000007c0000000)
  eden space 35840K, 0% used [0x00000007b9c00000,0x00000007b9c00000,0x00000007bbf00000)
  from space 33280K, 98% used [0x00000007bdf80000,0x00000007bffa0000,0x00000007c0000000)
  to   space 33280K, 0% used [0x00000007bbf00000,0x00000007bbf00000,0x00000007bdf80000)
 ParOldGen       total 161280K, used 35463K [0x00000006c1800000, 0x00000006cb580000, 0x00000007b9c00000)
  object space 161280K, 21% used [0x00000006c1800000,0x00000006c3aa1e80,0x00000006cb580000)
 Metaspace       used 2707K, capacity 4486K, committed 4864K, reserved 1056768K
  class space    used 302K, capacity 386K, committed 512K, reserved 1048576K
}
{Heap before GC invocations=358 (full 1):
 PSYoungGen      total 69120K, used 68736K [0x00000007b9c00000, 0x00000007c0000000, 0x00000007c0000000)
  eden space 35840K, 100% used [0x00000007b9c00000,0x00000007bbf00000,0x00000007bbf00000)
  from space 33280K, 98% used [0x00000007bdf80000,0x00000007bffa0000,0x00000007c0000000)
  to   space 33280K, 0% used [0x00000007bbf00000,0x00000007bbf00000,0x00000007bdf80000)
 ParOldGen       total 161280K, used 35463K [0x00000006c1800000, 0x00000006cb580000, 0x00000007b9c00000)
  object space 161280K, 21% used [0x00000006c1800000,0x00000006c3aa1e80,0x00000006cb580000)
 Metaspace       used 2707K, capacity 4486K, committed 4864K, reserved 1056768K
  class space    used 302K, capacity 386K, committed 512K, reserved 1048576K
[GC (Allocation Failure)  104199K->68359K(230400K), 0.0504198 secs]
Heap after GC invocations=358 (full 1):
 PSYoungGen      total 69120K, used 32896K [0x00000007b9c00000, 0x00000007c0000000, 0x00000007c0000000)
  eden space 35840K, 0% used [0x00000007b9c00000,0x00000007b9c00000,0x00000007bbf00000)
  from space 33280K, 98% used [0x00000007bbf00000,0x00000007bdf20000,0x00000007bdf80000)
  to   space 33280K, 0% used [0x00000007bdf80000,0x00000007bdf80000,0x00000007c0000000)
 ParOldGen       total 161280K, used 35463K [0x00000006c1800000, 0x00000006cb580000, 0x00000007b9c00000)
  object space 161280K, 21% used [0x00000006c1800000,0x00000006c3aa1e80,0x00000006cb580000)
 Metaspace       used 2707K, capacity 4486K, committed 4864K, reserved 1056768K
  class space    used 302K, capacity 386K, committed 512K, reserved 1048576K
}
{Heap before GC invocations=359 (full 1):
 PSYoungGen      total 69120K, used 68736K [0x00000007b9c00000, 0x00000007c0000000, 0x00000007c0000000)
  eden space 35840K, 100% used [0x00000007b9c00000,0x00000007bbf00000,0x00000007bbf00000)
  from space 33280K, 98% used [0x00000007bbf00000,0x00000007bdf20000,0x00000007bdf80000)
  to   space 33280K, 0% used [0x00000007bdf80000,0x00000007bdf80000,0x00000007c0000000)
 ParOldGen       total 161280K, used 35463K [0x00000006c1800000, 0x00000006cb580000, 0x00000007b9c00000)
  object space 161280K, 21% used [0x00000006c1800000,0x00000006c3aa1e80,0x00000006cb580000)
 Metaspace       used 2707K, capacity 4486K, committed 4864K, reserved 1056768K
  class space    used 302K, capacity 386K, committed 512K, reserved 1048576K
[GC (Allocation Failure)  104199K->68359K(230400K), 0.0518854 secs]
Heap after GC invocations=359 (full 1):
 PSYoungGen      total 69120K, used 32896K [0x00000007b9c00000, 0x00000007c0000000, 0x00000007c0000000)
  eden space 35840K, 0% used [0x00000007b9c00000,0x00000007b9c00000,0x00000007bbf00000)
  from space 33280K, 98% used [0x00000007bdf80000,0x00000007bffa0000,0x00000007c0000000)
  to   space 33280K, 0% used [0x00000007bbf00000,0x00000007bbf00000,0x00000007bdf80000)
 ParOldGen       total 161280K, used 35463K [0x00000006c1800000, 0x00000006cb580000, 0x00000007b9c00000)
  object space 161280K, 21% used [0x00000006c1800000,0x00000006c3aa1e80,0x00000006cb580000)
 Metaspace       used 2707K, capacity 4486K, committed 4864K, reserved 1056768K
  class space    used 302K, capacity 386K, committed 512K, reserved 1048576K
}
{Heap before GC invocations=360 (full 1):
 PSYoungGen      total 69120K, used 68736K [0x00000007b9c00000, 0x00000007c0000000, 0x00000007c0000000)
  eden space 35840K, 100% used [0x00000007b9c00000,0x00000007bbf00000,0x00000007bbf00000)
  from space 33280K, 98% used [0x00000007bdf80000,0x00000007bffa0000,0x00000007c0000000)
  to   space 33280K, 0% used [0x00000007bbf00000,0x00000007bbf00000,0x00000007bdf80000)
 ParOldGen       total 161280K, used 35463K [0x00000006c1800000, 0x00000006cb580000, 0x00000007b9c00000)
  object space 161280K, 21% used [0x00000006c1800000,0x00000006c3aa1e80,0x00000006cb580000)
 Metaspace       used 2707K, capacity 4486K, committed 4864K, reserved 1056768K
  class space    used 302K, capacity 386K, committed 512K, reserved 1048576K
[GC (Allocation Failure)  104199K->68327K(230400K), 0.1138812 secs]
Heap after GC invocations=360 (full 1):
 PSYoungGen      total 69120K, used 32864K [0x00000007b9c00000, 0x00000007c0000000, 0x00000007c0000000)
  eden space 35840K, 0% used [0x00000007b9c00000,0x00000007b9c00000,0x00000007bbf00000)
  from space 33280K, 98% used [0x00000007bbf00000,0x00000007bdf18000,0x00000007bdf80000)
  to   space 33280K, 0% used [0x00000007bdf80000,0x00000007bdf80000,0x00000007c0000000)
 ParOldGen       total 161280K, used 35463K [0x00000006c1800000, 0x00000006cb580000, 0x00000007b9c00000)
  object space 161280K, 21% used [0x00000006c1800000,0x00000006c3aa1e80,0x00000006cb580000)
 Metaspace       used 2707K, capacity 4486K, committed 4864K, reserved 1056768K
  class space    used 302K, capacity 386K, committed 512K, reserved 1048576K
}
{Heap before GC invocations=361 (full 1):
 PSYoungGen      total 69120K, used 68704K [0x00000007b9c00000, 0x00000007c0000000, 0x00000007c0000000)
  eden space 35840K, 100% used [0x00000007b9c00000,0x00000007bbf00000,0x00000007bbf00000)
  from space 33280K, 98% used [0x00000007bbf00000,0x00000007bdf18000,0x00000007bdf80000)
  to   space 33280K, 0% used [0x00000007bdf80000,0x00000007bdf80000,0x00000007c0000000)
 ParOldGen       total 161280K, used 35463K [0x00000006c1800000, 0x00000006cb580000, 0x00000007b9c00000)
  object space 161280K, 21% used [0x00000006c1800000,0x00000006c3aa1e80,0x00000006cb580000)
 Metaspace       used 2707K, capacity 4486K, committed 4864K, reserved 1056768K
  class space    used 302K, capacity 386K, committed 512K, reserved 1048576K
[GC (Allocation Failure)  104167K->68327K(230400K), 0.0698418 secs]
Heap after GC invocations=361 (full 1):
 PSYoungGen      total 69120K, used 32864K [0x00000007b9c00000, 0x00000007c0000000, 0x00000007c0000000)
  eden space 35840K, 0% used [0x00000007b9c00000,0x00000007b9c00000,0x00000007bbf00000)
  from space 33280K, 98% used [0x00000007bdf80000,0x00000007bff98000,0x00000007c0000000)
  to   space 33280K, 0% used [0x00000007bbf00000,0x00000007bbf00000,0x00000007bdf80000)
 ParOldGen       total 161280K, used 35463K [0x00000006c1800000, 0x00000006cb580000, 0x00000007b9c00000)
  object space 161280K, 21% used [0x00000006c1800000,0x00000006c3aa1e80,0x00000006cb580000)
 Metaspace       used 2707K, capacity 4486K, committed 4864K, reserved 1056768K
  class space    used 302K, capacity 386K, committed 512K, reserved 1048576K
}
{Heap before GC invocations=362 (full 1):
 PSYoungGen      total 69120K, used 68704K [0x00000007b9c00000, 0x00000007c0000000, 0x00000007c0000000)
  eden space 35840K, 100% used [0x00000007b9c00000,0x00000007bbf00000,0x00000007bbf00000)
  from space 33280K, 98% used [0x00000007bdf80000,0x00000007bff98000,0x00000007c0000000)
  to   space 33280K, 0% used [0x00000007bbf00000,0x00000007bbf00000,0x00000007bdf80000)
 ParOldGen       total 161280K, used 35463K [0x00000006c1800000, 0x00000006cb580000, 0x00000007b9c00000)
  object space 161280K, 21% used [0x00000006c1800000,0x00000006c3aa1e80,0x00000006cb580000)
 Metaspace       used 2707K, capacity 4486K, committed 4864K, reserved 1056768K
  class space    used 302K, capacity 386K, committed 512K, reserved 1048576K
[GC (Allocation Failure)  104167K->68327K(230400K), 0.0450871 secs]
Heap after GC invocations=362 (full 1):
 PSYoungGen      total 69120K, used 32864K [0x00000007b9c00000, 0x00000007c0000000, 0x00000007c0000000)
  eden space 35840K, 0% used [0x00000007b9c00000,0x00000007b9c00000,0x00000007bbf00000)
  from space 33280K, 98% used [0x00000007bbf00000,0x00000007bdf18000,0x00000007bdf80000)
  to   space 33280K, 0% used [0x00000007bdf80000,0x00000007bdf80000,0x00000007c0000000)
 ParOldGen       total 161280K, used 35463K [0x00000006c1800000, 0x00000006cb580000, 0x00000007b9c00000)
  object space 161280K, 21% used [0x00000006c1800000,0x00000006c3aa1e80,0x00000006cb580000)
 Metaspace       used 2707K, capacity 4486K, committed 4864K, reserved 1056768K
  class space    used 302K, capacity 386K, committed 512K, reserved 1048576K
}
{Heap before GC invocations=363 (full 1):
 PSYoungGen      total 69120K, used 68704K [0x00000007b9c00000, 0x00000007c0000000, 0x00000007c0000000)
  eden space 35840K, 100% used [0x00000007b9c00000,0x00000007bbf00000,0x00000007bbf00000)
  from space 33280K, 98% used [0x00000007bbf00000,0x00000007bdf18000,0x00000007bdf80000)
  to   space 33280K, 0% used [0x00000007bdf80000,0x00000007bdf80000,0x00000007c0000000)
 ParOldGen       total 161280K, used 35463K [0x00000006c1800000, 0x00000006cb580000, 0x00000007b9c00000)
  object space 161280K, 21% used [0x00000006c1800000,0x00000006c3aa1e80,0x00000006cb580000)
 Metaspace       used 2707K, capacity 4486K, committed 4864K, reserved 1056768K
  class space    used 302K, capacity 386K, committed 512K, reserved 1048576K
[GC (Allocation Failure)  104167K->68327K(230400K), 0.0328799 secs]
Heap after GC invocations=363 (full 1):
 PSYoungGen      total 69120K, used 32864K [0x00000007b9c00000, 0x00000007c0000000, 0x00000007c0000000)
  eden space 35840K, 0% used [0x00000007b9c00000,0x00000007b9c00000,0x00000007bbf00000)
  from space 33280K, 98% used [0x00000007bdf80000,0x00000007bff98000,0x00000007c0000000)
  to   space 33280K, 0% used [0x00000007bbf00000,0x00000007bbf00000,0x00000007bdf80000)
 ParOldGen       total 161280K, used 35463K [0x00000006c1800000, 0x00000006cb580000, 0x00000007b9c00000)
  object space 161280K, 21% used [0x00000006c1800000,0x00000006c3aa1e80,0x00000006cb580000)
 Metaspace       used 2707K, capacity 4486K, committed 4864K, reserved 1056768K
  class space    used 302K, capacity 386K, committed 512K, reserved 1048576K
}
{Heap before GC invocations=364 (full 1):
 PSYoungGen      total 69120K, used 68704K [0x00000007b9c00000, 0x00000007c0000000, 0x00000007c0000000)
  eden space 35840K, 100% used [0x00000007b9c00000,0x00000007bbf00000,0x00000007bbf00000)
  from space 33280K, 98% used [0x00000007bdf80000,0x00000007bff98000,0x00000007c0000000)
  to   space 33280K, 0% used [0x00000007bbf00000,0x00000007bbf00000,0x00000007bdf80000)
 ParOldGen       total 161280K, used 35463K [0x00000006c1800000, 0x00000006cb580000, 0x00000007b9c00000)
  object space 161280K, 21% used [0x00000006c1800000,0x00000006c3aa1e80,0x00000006cb580000)
 Metaspace       used 2707K, capacity 4486K, committed 4864K, reserved 1056768K
  class space    used 302K, capacity 386K, committed 512K, reserved 1048576K
[GC (Allocation Failure)  104167K->68327K(230400K), 0.0382254 secs]
Heap after GC invocations=364 (full 1):
 PSYoungGen      total 69120K, used 32864K [0x00000007b9c00000, 0x00000007c0000000, 0x00000007c0000000)
  eden space 35840K, 0% used [0x00000007b9c00000,0x00000007b9c00000,0x00000007bbf00000)
  from space 33280K, 98% used [0x00000007bbf00000,0x00000007bdf18000,0x00000007bdf80000)
  to   space 33280K, 0% used [0x00000007bdf80000,0x00000007bdf80000,0x00000007c0000000)
 ParOldGen       total 161280K, used 35463K [0x00000006c1800000, 0x00000006cb580000, 0x00000007b9c00000)
  object space 161280K, 21% used [0x00000006c1800000,0x00000006c3aa1e80,0x00000006cb580000)
 Metaspace       used 2707K, capacity 4486K, committed 4864K, reserved 1056768K
  class space    used 302K, capacity 386K, committed 512K, reserved 1048576K
}
{Heap before GC invocations=365 (full 1):
 PSYoungGen      total 69120K, used 68704K [0x00000007b9c00000, 0x00000007c0000000, 0x00000007c0000000)
  eden space 35840K, 100% used [0x00000007b9c00000,0x00000007bbf00000,0x00000007bbf00000)
  from space 33280K, 98% used [0x00000007bbf00000,0x00000007bdf18000,0x00000007bdf80000)
  to   space 33280K, 0% used [0x00000007bdf80000,0x00000007bdf80000,0x00000007c0000000)
 ParOldGen       total 161280K, used 35463K [0x00000006c1800000, 0x00000006cb580000, 0x00000007b9c00000)
  object space 161280K, 21% used [0x00000006c1800000,0x00000006c3aa1e80,0x00000006cb580000)
 Metaspace       used 2707K, capacity 4486K, committed 4864K, reserved 1056768K
  class space    used 302K, capacity 386K, committed 512K, reserved 1048576K
[GC (Allocation Failure)  104167K->68327K(230400K), 0.0352211 secs]
Heap after GC invocations=365 (full 1):
 PSYoungGen      total 69120K, used 32864K [0x00000007b9c00000, 0x00000007c0000000, 0x00000007c0000000)
  eden space 35840K, 0% used [0x00000007b9c00000,0x00000007b9c00000,0x00000007bbf00000)
  from space 33280K, 98% used [0x00000007bdf80000,0x00000007bff98000,0x00000007c0000000)
  to   space 33280K, 0% used [0x00000007bbf00000,0x00000007bbf00000,0x00000007bdf80000)
 ParOldGen       total 161280K, used 35463K [0x00000006c1800000, 0x00000006cb580000, 0x00000007b9c00000)
  object space 161280K, 21% used [0x00000006c1800000,0x00000006c3aa1e80,0x00000006cb580000)
 Metaspace       used 2707K, capacity 4486K, committed 4864K, reserved 1056768K
  class space    used 302K, capacity 386K, committed 512K, reserved 1048576K
}
{Heap before GC invocations=366 (full 1):
 PSYoungGen      total 69120K, used 68704K [0x00000007b9c00000, 0x00000007c0000000, 0x00000007c0000000)
  eden space 35840K, 100% used [0x00000007b9c00000,0x00000007bbf00000,0x00000007bbf00000)
  from space 33280K, 98% used [0x00000007bdf80000,0x00000007bff98000,0x00000007c0000000)
  to   space 33280K, 0% used [0x00000007bbf00000,0x00000007bbf00000,0x00000007bdf80000)
 ParOldGen       total 161280K, used 35463K [0x00000006c1800000, 0x00000006cb580000, 0x00000007b9c00000)
  object space 161280K, 21% used [0x00000006c1800000,0x00000006c3aa1e80,0x00000006cb580000)
 Metaspace       used 2707K, capacity 4486K, committed 4864K, reserved 1056768K
  class space    used 302K, capacity 386K, committed 512K, reserved 1048576K
[GC (Allocation Failure)  104167K->68359K(230400K), 0.0306724 secs]
Heap after GC invocations=366 (full 1):
 PSYoungGen      total 69120K, used 32896K [0x00000007b9c00000, 0x00000007c0000000, 0x00000007c0000000)
  eden space 35840K, 0% used [0x00000007b9c00000,0x00000007b9c00000,0x00000007bbf00000)
  from space 33280K, 98% used [0x00000007bbf00000,0x00000007bdf20000,0x00000007bdf80000)
  to   space 33280K, 0% used [0x00000007bdf80000,0x00000007bdf80000,0x00000007c0000000)
 ParOldGen       total 161280K, used 35463K [0x00000006c1800000, 0x00000006cb580000, 0x00000007b9c00000)
  object space 161280K, 21% used [0x00000006c1800000,0x00000006c3aa1e80,0x00000006cb580000)
 Metaspace       used 2707K, capacity 4486K, committed 4864K, reserved 1056768K
  class space    used 302K, capacity 386K, committed 512K, reserved 1048576K
}
{Heap before GC invocations=367 (full 1):
 PSYoungGen      total 69120K, used 68736K [0x00000007b9c00000, 0x00000007c0000000, 0x00000007c0000000)
  eden space 35840K, 100% used [0x00000007b9c00000,0x00000007bbf00000,0x00000007bbf00000)
  from space 33280K, 98% used [0x00000007bbf00000,0x00000007bdf20000,0x00000007bdf80000)
  to   space 33280K, 0% used [0x00000007bdf80000,0x00000007bdf80000,0x00000007c0000000)
 ParOldGen       total 161280K, used 35463K [0x00000006c1800000, 0x00000006cb580000, 0x00000007b9c00000)
  object space 161280K, 21% used [0x00000006c1800000,0x00000006c3aa1e80,0x00000006cb580000)
 Metaspace       used 2707K, capacity 4486K, committed 4864K, reserved 1056768K
  class space    used 302K, capacity 386K, committed 512K, reserved 1048576K
[GC (Allocation Failure)  104199K->68327K(230400K), 0.0438657 secs]
Heap after GC invocations=367 (full 1):
 PSYoungGen      total 69120K, used 32864K [0x00000007b9c00000, 0x00000007c0000000, 0x00000007c0000000)
  eden space 35840K, 0% used [0x00000007b9c00000,0x00000007b9c00000,0x00000007bbf00000)
  from space 33280K, 98% used [0x00000007bdf80000,0x00000007bff98000,0x00000007c0000000)
  to   space 33280K, 0% used [0x00000007bbf00000,0x00000007bbf00000,0x00000007bdf80000)
 ParOldGen       total 161280K, used 35463K [0x00000006c1800000, 0x00000006cb580000, 0x00000007b9c00000)
  object space 161280K, 21% used [0x00000006c1800000,0x00000006c3aa1e80,0x00000006cb580000)
 Metaspace       used 2707K, capacity 4486K, committed 4864K, reserved 1056768K
  class space    used 302K, capacity 386K, committed 512K, reserved 1048576K
}
{Heap before GC invocations=368 (full 1):
 PSYoungGen      total 69120K, used 68704K [0x00000007b9c00000, 0x00000007c0000000, 0x00000007c0000000)
  eden space 35840K, 100% used [0x00000007b9c00000,0x00000007bbf00000,0x00000007bbf00000)
  from space 33280K, 98% used [0x00000007bdf80000,0x00000007bff98000,0x00000007c0000000)
  to   space 33280K, 0% used [0x00000007bbf00000,0x00000007bbf00000,0x00000007bdf80000)
 ParOldGen       total 161280K, used 35463K [0x00000006c1800000, 0x00000006cb580000, 0x00000007b9c00000)
  object space 161280K, 21% used [0x00000006c1800000,0x00000006c3aa1e80,0x00000006cb580000)
 Metaspace       used 2707K, capacity 4486K, committed 4864K, reserved 1056768K
  class space    used 302K, capacity 386K, committed 512K, reserved 1048576K
[GC (Allocation Failure)  104167K->68327K(230400K), 0.0796344 secs]
Heap after GC invocations=368 (full 1):
 PSYoungGen      total 69120K, used 32864K [0x00000007b9c00000, 0x00000007c0000000, 0x00000007c0000000)
  eden space 35840K, 0% used [0x00000007b9c00000,0x00000007b9c00000,0x00000007bbf00000)
  from space 33280K, 98% used [0x00000007bbf00000,0x00000007bdf18000,0x00000007bdf80000)
  to   space 33280K, 0% used [0x00000007bdf80000,0x00000007bdf80000,0x00000007c0000000)
 ParOldGen       total 161280K, used 35463K [0x00000006c1800000, 0x00000006cb580000, 0x00000007b9c00000)
  object space 161280K, 21% used [0x00000006c1800000,0x00000006c3aa1e80,0x00000006cb580000)
 Metaspace       used 2707K, capacity 4486K, committed 4864K, reserved 1056768K
  class space    used 302K, capacity 386K, committed 512K, reserved 1048576K
}
{Heap before GC invocations=369 (full 1):
 PSYoungGen      total 69120K, used 68704K [0x00000007b9c00000, 0x00000007c0000000, 0x00000007c0000000)
  eden space 35840K, 100% used [0x00000007b9c00000,0x00000007bbf00000,0x00000007bbf00000)
  from space 33280K, 98% used [0x00000007bbf00000,0x00000007bdf18000,0x00000007bdf80000)
  to   space 33280K, 0% used [0x00000007bdf80000,0x00000007bdf80000,0x00000007c0000000)
 ParOldGen       total 161280K, used 35463K [0x00000006c1800000, 0x00000006cb580000, 0x00000007b9c00000)
  object space 161280K, 21% used [0x00000006c1800000,0x00000006c3aa1e80,0x00000006cb580000)
 Metaspace       used 2707K, capacity 4486K, committed 4864K, reserved 1056768K
  class space    used 302K, capacity 386K, committed 512K, reserved 1048576K
[GC (Allocation Failure)  104167K->68327K(230400K), 0.0716779 secs]
Heap after GC invocations=369 (full 1):
 PSYoungGen      total 69120K, used 32864K [0x00000007b9c00000, 0x00000007c0000000, 0x00000007c0000000)
  eden space 35840K, 0% used [0x00000007b9c00000,0x00000007b9c00000,0x00000007bbf00000)
  from space 33280K, 98% used [0x00000007bdf80000,0x00000007bff98000,0x00000007c0000000)
  to   space 33280K, 0% used [0x00000007bbf00000,0x00000007bbf00000,0x00000007bdf80000)
 ParOldGen       total 161280K, used 35463K [0x00000006c1800000, 0x00000006cb580000, 0x00000007b9c00000)
  object space 161280K, 21% used [0x00000006c1800000,0x00000006c3aa1e80,0x00000006cb580000)
 Metaspace       used 2707K, capacity 4486K, committed 4864K, reserved 1056768K
  class space    used 302K, capacity 386K, committed 512K, reserved 1048576K
}
{Heap before GC invocations=370 (full 1):
 PSYoungGen      total 69120K, used 68704K [0x00000007b9c00000, 0x00000007c0000000, 0x00000007c0000000)
  eden space 35840K, 100% used [0x00000007b9c00000,0x00000007bbf00000,0x00000007bbf00000)
  from space 33280K, 98% used [0x00000007bdf80000,0x00000007bff98000,0x00000007c0000000)
  to   space 33280K, 0% used [0x00000007bbf00000,0x00000007bbf00000,0x00000007bdf80000)
 ParOldGen       total 161280K, used 35463K [0x00000006c1800000, 0x00000006cb580000, 0x00000007b9c00000)
  object space 161280K, 21% used [0x00000006c1800000,0x00000006c3aa1e80,0x00000006cb580000)
 Metaspace       used 2707K, capacity 4486K, committed 4864K, reserved 1056768K
  class space    used 302K, capacity 386K, committed 512K, reserved 1048576K
[GC (Allocation Failure)  104167K->68359K(230400K), 0.0735144 secs]
Heap after GC invocations=370 (full 1):
 PSYoungGen      total 69120K, used 32896K [0x00000007b9c00000, 0x00000007c0000000, 0x00000007c0000000)
  eden space 35840K, 0% used [0x00000007b9c00000,0x00000007b9c00000,0x00000007bbf00000)
  from space 33280K, 98% used [0x00000007bbf00000,0x00000007bdf20000,0x00000007bdf80000)
  to   space 33280K, 0% used [0x00000007bdf80000,0x00000007bdf80000,0x00000007c0000000)
 ParOldGen       total 161280K, used 35463K [0x00000006c1800000, 0x00000006cb580000, 0x00000007b9c00000)
  object space 161280K, 21% used [0x00000006c1800000,0x00000006c3aa1e80,0x00000006cb580000)
 Metaspace       used 2707K, capacity 4486K, committed 4864K, reserved 1056768K
  class space    used 302K, capacity 386K, committed 512K, reserved 1048576K
}
{Heap before GC invocations=371 (full 1):
 PSYoungGen      total 69120K, used 68736K [0x00000007b9c00000, 0x00000007c0000000, 0x00000007c0000000)
  eden space 35840K, 100% used [0x00000007b9c00000,0x00000007bbf00000,0x00000007bbf00000)
  from space 33280K, 98% used [0x00000007bbf00000,0x00000007bdf20000,0x00000007bdf80000)
  to   space 33280K, 0% used [0x00000007bdf80000,0x00000007bdf80000,0x00000007c0000000)
 ParOldGen       total 161280K, used 35463K [0x00000006c1800000, 0x00000006cb580000, 0x00000007b9c00000)
  object space 161280K, 21% used [0x00000006c1800000,0x00000006c3aa1e80,0x00000006cb580000)
 Metaspace       used 2707K, capacity 4486K, committed 4864K, reserved 1056768K
  class space    used 302K, capacity 386K, committed 512K, reserved 1048576K
[GC (Allocation Failure)  104199K->68391K(230400K), 0.0552679 secs]
Heap after GC invocations=371 (full 1):
 PSYoungGen      total 69120K, used 32928K [0x00000007b9c00000, 0x00000007c0000000, 0x00000007c0000000)
  eden space 35840K, 0% used [0x00000007b9c00000,0x00000007b9c00000,0x00000007bbf00000)
  from space 33280K, 98% used [0x00000007bdf80000,0x00000007bffa8000,0x00000007c0000000)
  to   space 33280K, 0% used [0x00000007bbf00000,0x00000007bbf00000,0x00000007bdf80000)
 ParOldGen       total 161280K, used 35463K [0x00000006c1800000, 0x00000006cb580000, 0x00000007b9c00000)
  object space 161280K, 21% used [0x00000006c1800000,0x00000006c3aa1e80,0x00000006cb580000)
 Metaspace       used 2707K, capacity 4486K, committed 4864K, reserved 1056768K
  class space    used 302K, capacity 386K, committed 512K, reserved 1048576K
}
{Heap before GC invocations=372 (full 1):
 PSYoungGen      total 69120K, used 68768K [0x00000007b9c00000, 0x00000007c0000000, 0x00000007c0000000)
  eden space 35840K, 100% used [0x00000007b9c00000,0x00000007bbf00000,0x00000007bbf00000)
  from space 33280K, 98% used [0x00000007bdf80000,0x00000007bffa8000,0x00000007c0000000)
  to   space 33280K, 0% used [0x00000007bbf00000,0x00000007bbf00000,0x00000007bdf80000)
 ParOldGen       total 161280K, used 35463K [0x00000006c1800000, 0x00000006cb580000, 0x00000007b9c00000)
  object space 161280K, 21% used [0x00000006c1800000,0x00000006c3aa1e80,0x00000006cb580000)
 Metaspace       used 2707K, capacity 4486K, committed 4864K, reserved 1056768K
  class space    used 302K, capacity 386K, committed 512K, reserved 1048576K
[GC (Allocation Failure)  104231K->68359K(230400K), 0.0503264 secs]
Heap after GC invocations=372 (full 1):
 PSYoungGen      total 69120K, used 32896K [0x00000007b9c00000, 0x00000007c0000000, 0x00000007c0000000)
  eden space 35840K, 0% used [0x00000007b9c00000,0x00000007b9c00000,0x00000007bbf00000)
  from space 33280K, 98% used [0x00000007bbf00000,0x00000007bdf20000,0x00000007bdf80000)
  to   space 33280K, 0% used [0x00000007bdf80000,0x00000007bdf80000,0x00000007c0000000)
 ParOldGen       total 161280K, used 35463K [0x00000006c1800000, 0x00000006cb580000, 0x00000007b9c00000)
  object space 161280K, 21% used [0x00000006c1800000,0x00000006c3aa1e80,0x00000006cb580000)
 Metaspace       used 2707K, capacity 4486K, committed 4864K, reserved 1056768K
  class space    used 302K, capacity 386K, committed 512K, reserved 1048576K
}
{Heap before GC invocations=373 (full 1):
 PSYoungGen      total 69120K, used 68736K [0x00000007b9c00000, 0x00000007c0000000, 0x00000007c0000000)
  eden space 35840K, 100% used [0x00000007b9c00000,0x00000007bbf00000,0x00000007bbf00000)
  from space 33280K, 98% used [0x00000007bbf00000,0x00000007bdf20000,0x00000007bdf80000)
  to   space 33280K, 0% used [0x00000007bdf80000,0x00000007bdf80000,0x00000007c0000000)
 ParOldGen       total 161280K, used 35463K [0x00000006c1800000, 0x00000006cb580000, 0x00000007b9c00000)
  object space 161280K, 21% used [0x00000006c1800000,0x00000006c3aa1e80,0x00000006cb580000)
 Metaspace       used 2707K, capacity 4486K, committed 4864K, reserved 1056768K
  class space    used 302K, capacity 386K, committed 512K, reserved 1048576K
[GC (Allocation Failure)  104199K->68359K(230400K), 0.0407506 secs]
Heap after GC invocations=373 (full 1):
 PSYoungGen      total 69120K, used 32896K [0x00000007b9c00000, 0x00000007c0000000, 0x00000007c0000000)
  eden space 35840K, 0% used [0x00000007b9c00000,0x00000007b9c00000,0x00000007bbf00000)
  from space 33280K, 98% used [0x00000007bdf80000,0x00000007bffa0000,0x00000007c0000000)
  to   space 33280K, 0% used [0x00000007bbf00000,0x00000007bbf00000,0x00000007bdf80000)
 ParOldGen       total 161280K, used 35463K [0x00000006c1800000, 0x00000006cb580000, 0x00000007b9c00000)
  object space 161280K, 21% used [0x00000006c1800000,0x00000006c3aa1e80,0x00000006cb580000)
 Metaspace       used 2707K, capacity 4486K, committed 4864K, reserved 1056768K
  class space    used 302K, capacity 386K, committed 512K, reserved 1048576K
}
{Heap before GC invocations=374 (full 1):
 PSYoungGen      total 69120K, used 68736K [0x00000007b9c00000, 0x00000007c0000000, 0x00000007c0000000)
  eden space 35840K, 100% used [0x00000007b9c00000,0x00000007bbf00000,0x00000007bbf00000)
  from space 33280K, 98% used [0x00000007bdf80000,0x00000007bffa0000,0x00000007c0000000)
  to   space 33280K, 0% used [0x00000007bbf00000,0x00000007bbf00000,0x00000007bdf80000)
 ParOldGen       total 161280K, used 35463K [0x00000006c1800000, 0x00000006cb580000, 0x00000007b9c00000)
  object space 161280K, 21% used [0x00000006c1800000,0x00000006c3aa1e80,0x00000006cb580000)
 Metaspace       used 2707K, capacity 4486K, committed 4864K, reserved 1056768K
  class space    used 302K, capacity 386K, committed 512K, reserved 1048576K
[GC (Allocation Failure)  104199K->68359K(230400K), 0.0377859 secs]
Heap after GC invocations=374 (full 1):
 PSYoungGen      total 69120K, used 32896K [0x00000007b9c00000, 0x00000007c0000000, 0x00000007c0000000)
  eden space 35840K, 0% used [0x00000007b9c00000,0x00000007b9c00000,0x00000007bbf00000)
  from space 33280K, 98% used [0x00000007bbf00000,0x00000007bdf20000,0x00000007bdf80000)
  to   space 33280K, 0% used [0x00000007bdf80000,0x00000007bdf80000,0x00000007c0000000)
 ParOldGen       total 161280K, used 35463K [0x00000006c1800000, 0x00000006cb580000, 0x00000007b9c00000)
  object space 161280K, 21% used [0x00000006c1800000,0x00000006c3aa1e80,0x00000006cb580000)
 Metaspace       used 2707K, capacity 4486K, committed 4864K, reserved 1056768K
  class space    used 302K, capacity 386K, committed 512K, reserved 1048576K
}
{Heap before GC invocations=375 (full 1):
 PSYoungGen      total 69120K, used 68736K [0x00000007b9c00000, 0x00000007c0000000, 0x00000007c0000000)
  eden space 35840K, 100% used [0x00000007b9c00000,0x00000007bbf00000,0x00000007bbf00000)
  from space 33280K, 98% used [0x00000007bbf00000,0x00000007bdf20000,0x00000007bdf80000)
  to   space 33280K, 0% used [0x00000007bdf80000,0x00000007bdf80000,0x00000007c0000000)
 ParOldGen       total 161280K, used 35463K [0x00000006c1800000, 0x00000006cb580000, 0x00000007b9c00000)
  object space 161280K, 21% used [0x00000006c1800000,0x00000006c3aa1e80,0x00000006cb580000)
 Metaspace       used 2707K, capacity 4486K, committed 4864K, reserved 1056768K
  class space    used 302K, capacity 386K, committed 512K, reserved 1048576K
[GC (Allocation Failure)  104199K->68327K(230400K), 0.0413425 secs]
Heap after GC invocations=375 (full 1):
 PSYoungGen      total 69120K, used 32864K [0x00000007b9c00000, 0x00000007c0000000, 0x00000007c0000000)
  eden space 35840K, 0% used [0x00000007b9c00000,0x00000007b9c00000,0x00000007bbf00000)
  from space 33280K, 98% used [0x00000007bdf80000,0x00000007bff98000,0x00000007c0000000)
  to   space 33280K, 0% used [0x00000007bbf00000,0x00000007bbf00000,0x00000007bdf80000)
 ParOldGen       total 161280K, used 35463K [0x00000006c1800000, 0x00000006cb580000, 0x00000007b9c00000)
  object space 161280K, 21% used [0x00000006c1800000,0x00000006c3aa1e80,0x00000006cb580000)
 Metaspace       used 2707K, capacity 4486K, committed 4864K, reserved 1056768K
  class space    used 302K, capacity 386K, committed 512K, reserved 1048576K
}
{Heap before GC invocations=376 (full 1):
 PSYoungGen      total 69120K, used 68704K [0x00000007b9c00000, 0x00000007c0000000, 0x00000007c0000000)
  eden space 35840K, 100% used [0x00000007b9c00000,0x00000007bbf00000,0x00000007bbf00000)
  from space 33280K, 98% used [0x00000007bdf80000,0x00000007bff98000,0x00000007c0000000)
  to   space 33280K, 0% used [0x00000007bbf00000,0x00000007bbf00000,0x00000007bdf80000)
 ParOldGen       total 161280K, used 35463K [0x00000006c1800000, 0x00000006cb580000, 0x00000007b9c00000)
  object space 161280K, 21% used [0x00000006c1800000,0x00000006c3aa1e80,0x00000006cb580000)
 Metaspace       used 2707K, capacity 4486K, committed 4864K, reserved 1056768K
  class space    used 302K, capacity 386K, committed 512K, reserved 1048576K
[GC (Allocation Failure)  104167K->68359K(230400K), 0.0425948 secs]
Heap after GC invocations=376 (full 1):
 PSYoungGen      total 69120K, used 32896K [0x00000007b9c00000, 0x00000007c0000000, 0x00000007c0000000)
  eden space 35840K, 0% used [0x00000007b9c00000,0x00000007b9c00000,0x00000007bbf00000)
  from space 33280K, 98% used [0x00000007bbf00000,0x00000007bdf20000,0x00000007bdf80000)
  to   space 33280K, 0% used [0x00000007bdf80000,0x00000007bdf80000,0x00000007c0000000)
 ParOldGen       total 161280K, used 35463K [0x00000006c1800000, 0x00000006cb580000, 0x00000007b9c00000)
  object space 161280K, 21% used [0x00000006c1800000,0x00000006c3aa1e80,0x00000006cb580000)
 Metaspace       used 2707K, capacity 4486K, committed 4864K, reserved 1056768K
  class space    used 302K, capacity 386K, committed 512K, reserved 1048576K
}
{Heap before GC invocations=377 (full 1):
 PSYoungGen      total 69120K, used 68736K [0x00000007b9c00000, 0x00000007c0000000, 0x00000007c0000000)
  eden space 35840K, 100% used [0x00000007b9c00000,0x00000007bbf00000,0x00000007bbf00000)
  from space 33280K, 98% used [0x00000007bbf00000,0x00000007bdf20000,0x00000007bdf80000)
  to   space 33280K, 0% used [0x00000007bdf80000,0x00000007bdf80000,0x00000007c0000000)
 ParOldGen       total 161280K, used 35463K [0x00000006c1800000, 0x00000006cb580000, 0x00000007b9c00000)
  object space 161280K, 21% used [0x00000006c1800000,0x00000006c3aa1e80,0x00000006cb580000)
 Metaspace       used 2707K, capacity 4486K, committed 4864K, reserved 1056768K
  class space    used 302K, capacity 386K, committed 512K, reserved 1048576K
[GC (Allocation Failure)  104199K->68359K(230400K), 0.0399421 secs]
Heap after GC invocations=377 (full 1):
 PSYoungGen      total 69120K, used 32896K [0x00000007b9c00000, 0x00000007c0000000, 0x00000007c0000000)
  eden space 35840K, 0% used [0x00000007b9c00000,0x00000007b9c00000,0x00000007bbf00000)
  from space 33280K, 98% used [0x00000007bdf80000,0x00000007bffa0000,0x00000007c0000000)
  to   space 33280K, 0% used [0x00000007bbf00000,0x00000007bbf00000,0x00000007bdf80000)
 ParOldGen       total 161280K, used 35463K [0x00000006c1800000, 0x00000006cb580000, 0x00000007b9c00000)
  object space 161280K, 21% used [0x00000006c1800000,0x00000006c3aa1e80,0x00000006cb580000)
 Metaspace       used 2707K, capacity 4486K, committed 4864K, reserved 1056768K
  class space    used 302K, capacity 386K, committed 512K, reserved 1048576K
}
{Heap before GC invocations=378 (full 1):
 PSYoungGen      total 69120K, used 68736K [0x00000007b9c00000, 0x00000007c0000000, 0x00000007c0000000)
  eden space 35840K, 100% used [0x00000007b9c00000,0x00000007bbf00000,0x00000007bbf00000)
  from space 33280K, 98% used [0x00000007bdf80000,0x00000007bffa0000,0x00000007c0000000)
  to   space 33280K, 0% used [0x00000007bbf00000,0x00000007bbf00000,0x00000007bdf80000)
 ParOldGen       total 161280K, used 35463K [0x00000006c1800000, 0x00000006cb580000, 0x00000007b9c00000)
  object space 161280K, 21% used [0x00000006c1800000,0x00000006c3aa1e80,0x00000006cb580000)
 Metaspace       used 2707K, capacity 4486K, committed 4864K, reserved 1056768K
  class space    used 302K, capacity 386K, committed 512K, reserved 1048576K
[GC (Allocation Failure)  104199K->68359K(230400K), 0.0498584 secs]
Heap after GC invocations=378 (full 1):
 PSYoungGen      total 69120K, used 32896K [0x00000007b9c00000, 0x00000007c0000000, 0x00000007c0000000)
  eden space 35840K, 0% used [0x00000007b9c00000,0x00000007b9c00000,0x00000007bbf00000)
  from space 33280K, 98% used [0x00000007bbf00000,0x00000007bdf20000,0x00000007bdf80000)
  to   space 33280K, 0% used [0x00000007bdf80000,0x00000007bdf80000,0x00000007c0000000)
 ParOldGen       total 161280K, used 35463K [0x00000006c1800000, 0x00000006cb580000, 0x00000007b9c00000)
  object space 161280K, 21% used [0x00000006c1800000,0x00000006c3aa1e80,0x00000006cb580000)
 Metaspace       used 2707K, capacity 4486K, committed 4864K, reserved 1056768K
  class space    used 302K, capacity 386K, committed 512K, reserved 1048576K
}
{Heap before GC invocations=379 (full 1):
 PSYoungGen      total 69120K, used 68736K [0x00000007b9c00000, 0x00000007c0000000, 0x00000007c0000000)
  eden space 35840K, 100% used [0x00000007b9c00000,0x00000007bbf00000,0x00000007bbf00000)
  from space 33280K, 98% used [0x00000007bbf00000,0x00000007bdf20000,0x00000007bdf80000)
  to   space 33280K, 0% used [0x00000007bdf80000,0x00000007bdf80000,0x00000007c0000000)
 ParOldGen       total 161280K, used 35463K [0x00000006c1800000, 0x00000006cb580000, 0x00000007b9c00000)
  object space 161280K, 21% used [0x00000006c1800000,0x00000006c3aa1e80,0x00000006cb580000)
 Metaspace       used 2707K, capacity 4486K, committed 4864K, reserved 1056768K
  class space    used 302K, capacity 386K, committed 512K, reserved 1048576K
[GC (Allocation Failure)  104199K->68359K(230400K), 0.0354657 secs]
Heap after GC invocations=379 (full 1):
 PSYoungGen      total 69120K, used 32896K [0x00000007b9c00000, 0x00000007c0000000, 0x00000007c0000000)
  eden space 35840K, 0% used [0x00000007b9c00000,0x00000007b9c00000,0x00000007bbf00000)
  from space 33280K, 98% used [0x00000007bdf80000,0x00000007bffa0000,0x00000007c0000000)
  to   space 33280K, 0% used [0x00000007bbf00000,0x00000007bbf00000,0x00000007bdf80000)
 ParOldGen       total 161280K, used 35463K [0x00000006c1800000, 0x00000006cb580000, 0x00000007b9c00000)
  object space 161280K, 21% used [0x00000006c1800000,0x00000006c3aa1e80,0x00000006cb580000)
 Metaspace       used 2707K, capacity 4486K, committed 4864K, reserved 1056768K
  class space    used 302K, capacity 386K, committed 512K, reserved 1048576K
}
{Heap before GC invocations=380 (full 1):
 PSYoungGen      total 69120K, used 68736K [0x00000007b9c00000, 0x00000007c0000000, 0x00000007c0000000)
  eden space 35840K, 100% used [0x00000007b9c00000,0x00000007bbf00000,0x00000007bbf00000)
  from space 33280K, 98% used [0x00000007bdf80000,0x00000007bffa0000,0x00000007c0000000)
  to   space 33280K, 0% used [0x00000007bbf00000,0x00000007bbf00000,0x00000007bdf80000)
 ParOldGen       total 161280K, used 35463K [0x00000006c1800000, 0x00000006cb580000, 0x00000007b9c00000)
  object space 161280K, 21% used [0x00000006c1800000,0x00000006c3aa1e80,0x00000006cb580000)
 Metaspace       used 2707K, capacity 4486K, committed 4864K, reserved 1056768K
  class space    used 302K, capacity 386K, committed 512K, reserved 1048576K
[GC (Allocation Failure)  104199K->68359K(230400K), 0.0492423 secs]
Heap after GC invocations=380 (full 1):
 PSYoungGen      total 69120K, used 32896K [0x00000007b9c00000, 0x00000007c0000000, 0x00000007c0000000)
  eden space 35840K, 0% used [0x00000007b9c00000,0x00000007b9c00000,0x00000007bbf00000)
  from space 33280K, 98% used [0x00000007bbf00000,0x00000007bdf20000,0x00000007bdf80000)
  to   space 33280K, 0% used [0x00000007bdf80000,0x00000007bdf80000,0x00000007c0000000)
 ParOldGen       total 161280K, used 35463K [0x00000006c1800000, 0x00000006cb580000, 0x00000007b9c00000)
  object space 161280K, 21% used [0x00000006c1800000,0x00000006c3aa1e80,0x00000006cb580000)
 Metaspace       used 2707K, capacity 4486K, committed 4864K, reserved 1056768K
  class space    used 302K, capacity 386K, committed 512K, reserved 1048576K
}
{Heap before GC invocations=381 (full 1):
 PSYoungGen      total 69120K, used 68736K [0x00000007b9c00000, 0x00000007c0000000, 0x00000007c0000000)
  eden space 35840K, 100% used [0x00000007b9c00000,0x00000007bbf00000,0x00000007bbf00000)
  from space 33280K, 98% used [0x00000007bbf00000,0x00000007bdf20000,0x00000007bdf80000)
  to   space 33280K, 0% used [0x00000007bdf80000,0x00000007bdf80000,0x00000007c0000000)
 ParOldGen       total 161280K, used 35463K [0x00000006c1800000, 0x00000006cb580000, 0x00000007b9c00000)
  object space 161280K, 21% used [0x00000006c1800000,0x00000006c3aa1e80,0x00000006cb580000)
 Metaspace       used 2707K, capacity 4486K, committed 4864K, reserved 1056768K
  class space    used 302K, capacity 386K, committed 512K, reserved 1048576K
[GC (Allocation Failure)  104199K->68359K(230400K), 0.0316605 secs]
Heap after GC invocations=381 (full 1):
 PSYoungGen      total 69120K, used 32896K [0x00000007b9c00000, 0x00000007c0000000, 0x00000007c0000000)
  eden space 35840K, 0% used [0x00000007b9c00000,0x00000007b9c00000,0x00000007bbf00000)
  from space 33280K, 98% used [0x00000007bdf80000,0x00000007bffa0000,0x00000007c0000000)
  to   space 33280K, 0% used [0x00000007bbf00000,0x00000007bbf00000,0x00000007bdf80000)
 ParOldGen       total 161280K, used 35463K [0x00000006c1800000, 0x00000006cb580000, 0x00000007b9c00000)
  object space 161280K, 21% used [0x00000006c1800000,0x00000006c3aa1e80,0x00000006cb580000)
 Metaspace       used 2707K, capacity 4486K, committed 4864K, reserved 1056768K
  class space    used 302K, capacity 386K, committed 512K, reserved 1048576K
}
{Heap before GC invocations=382 (full 1):
 PSYoungGen      total 69120K, used 68736K [0x00000007b9c00000, 0x00000007c0000000, 0x00000007c0000000)
  eden space 35840K, 100% used [0x00000007b9c00000,0x00000007bbf00000,0x00000007bbf00000)
  from space 33280K, 98% used [0x00000007bdf80000,0x00000007bffa0000,0x00000007c0000000)
  to   space 33280K, 0% used [0x00000007bbf00000,0x00000007bbf00000,0x00000007bdf80000)
 ParOldGen       total 161280K, used 35463K [0x00000006c1800000, 0x00000006cb580000, 0x00000007b9c00000)
  object space 161280K, 21% used [0x00000006c1800000,0x00000006c3aa1e80,0x00000006cb580000)
 Metaspace       used 2707K, capacity 4486K, committed 4864K, reserved 1056768K
  class space    used 302K, capacity 386K, committed 512K, reserved 1048576K
[GC (Allocation Failure)  104199K->68359K(230400K), 0.0318502 secs]
Heap after GC invocations=382 (full 1):
 PSYoungGen      total 69120K, used 32896K [0x00000007b9c00000, 0x00000007c0000000, 0x00000007c0000000)
  eden space 35840K, 0% used [0x00000007b9c00000,0x00000007b9c00000,0x00000007bbf00000)
  from space 33280K, 98% used [0x00000007bbf00000,0x00000007bdf20000,0x00000007bdf80000)
  to   space 33280K, 0% used [0x00000007bdf80000,0x00000007bdf80000,0x00000007c0000000)
 ParOldGen       total 161280K, used 35463K [0x00000006c1800000, 0x00000006cb580000, 0x00000007b9c00000)
  object space 161280K, 21% used [0x00000006c1800000,0x00000006c3aa1e80,0x00000006cb580000)
 Metaspace       used 2707K, capacity 4486K, committed 4864K, reserved 1056768K
  class space    used 302K, capacity 386K, committed 512K, reserved 1048576K
}
{Heap before GC invocations=383 (full 1):
 PSYoungGen      total 69120K, used 68736K [0x00000007b9c00000, 0x00000007c0000000, 0x00000007c0000000)
  eden space 35840K, 100% used [0x00000007b9c00000,0x00000007bbf00000,0x00000007bbf00000)
  from space 33280K, 98% used [0x00000007bbf00000,0x00000007bdf20000,0x00000007bdf80000)
  to   space 33280K, 0% used [0x00000007bdf80000,0x00000007bdf80000,0x00000007c0000000)
 ParOldGen       total 161280K, used 35463K [0x00000006c1800000, 0x00000006cb580000, 0x00000007b9c00000)
  object space 161280K, 21% used [0x00000006c1800000,0x00000006c3aa1e80,0x00000006cb580000)
 Metaspace       used 2707K, capacity 4486K, committed 4864K, reserved 1056768K
  class space    used 302K, capacity 386K, committed 512K, reserved 1048576K
[GC (Allocation Failure)  104199K->68359K(230400K), 0.0304600 secs]
Heap after GC invocations=383 (full 1):
 PSYoungGen      total 69120K, used 32896K [0x00000007b9c00000, 0x00000007c0000000, 0x00000007c0000000)
  eden space 35840K, 0% used [0x00000007b9c00000,0x00000007b9c00000,0x00000007bbf00000)
  from space 33280K, 98% used [0x00000007bdf80000,0x00000007bffa0000,0x00000007c0000000)
  to   space 33280K, 0% used [0x00000007bbf00000,0x00000007bbf00000,0x00000007bdf80000)
 ParOldGen       total 161280K, used 35463K [0x00000006c1800000, 0x00000006cb580000, 0x00000007b9c00000)
  object space 161280K, 21% used [0x00000006c1800000,0x00000006c3aa1e80,0x00000006cb580000)
 Metaspace       used 2707K, capacity 4486K, committed 4864K, reserved 1056768K
  class space    used 302K, capacity 386K, committed 512K, reserved 1048576K
}
{Heap before GC invocations=384 (full 1):
 PSYoungGen      total 69120K, used 68736K [0x00000007b9c00000, 0x00000007c0000000, 0x00000007c0000000)
  eden space 35840K, 100% used [0x00000007b9c00000,0x00000007bbf00000,0x00000007bbf00000)
  from space 33280K, 98% used [0x00000007bdf80000,0x00000007bffa0000,0x00000007c0000000)
  to   space 33280K, 0% used [0x00000007bbf00000,0x00000007bbf00000,0x00000007bdf80000)
 ParOldGen       total 161280K, used 35463K [0x00000006c1800000, 0x00000006cb580000, 0x00000007b9c00000)
  object space 161280K, 21% used [0x00000006c1800000,0x00000006c3aa1e80,0x00000006cb580000)
 Metaspace       used 2707K, capacity 4486K, committed 4864K, reserved 1056768K
  class space    used 302K, capacity 386K, committed 512K, reserved 1048576K
[GC (Allocation Failure)  104199K->68327K(230400K), 0.0329605 secs]
Heap after GC invocations=384 (full 1):
 PSYoungGen      total 69120K, used 32864K [0x00000007b9c00000, 0x00000007c0000000, 0x00000007c0000000)
  eden space 35840K, 0% used [0x00000007b9c00000,0x00000007b9c00000,0x00000007bbf00000)
  from space 33280K, 98% used [0x00000007bbf00000,0x00000007bdf18000,0x00000007bdf80000)
  to   space 33280K, 0% used [0x00000007bdf80000,0x00000007bdf80000,0x00000007c0000000)
 ParOldGen       total 161280K, used 35463K [0x00000006c1800000, 0x00000006cb580000, 0x00000007b9c00000)
  object space 161280K, 21% used [0x00000006c1800000,0x00000006c3aa1e80,0x00000006cb580000)
 Metaspace       used 2707K, capacity 4486K, committed 4864K, reserved 1056768K
  class space    used 302K, capacity 386K, committed 512K, reserved 1048576K
}
{Heap before GC invocations=385 (full 1):
 PSYoungGen      total 69120K, used 68704K [0x00000007b9c00000, 0x00000007c0000000, 0x00000007c0000000)
  eden space 35840K, 100% used [0x00000007b9c00000,0x00000007bbf00000,0x00000007bbf00000)
  from space 33280K, 98% used [0x00000007bbf00000,0x00000007bdf18000,0x00000007bdf80000)
  to   space 33280K, 0% used [0x00000007bdf80000,0x00000007bdf80000,0x00000007c0000000)
 ParOldGen       total 161280K, used 35463K [0x00000006c1800000, 0x00000006cb580000, 0x00000007b9c00000)
  object space 161280K, 21% used [0x00000006c1800000,0x00000006c3aa1e80,0x00000006cb580000)
 Metaspace       used 2707K, capacity 4486K, committed 4864K, reserved 1056768K
  class space    used 302K, capacity 386K, committed 512K, reserved 1048576K
[GC (Allocation Failure)  104167K->68327K(230400K), 0.0382359 secs]
Heap after GC invocations=385 (full 1):
 PSYoungGen      total 69120K, used 32864K [0x00000007b9c00000, 0x00000007c0000000, 0x00000007c0000000)
  eden space 35840K, 0% used [0x00000007b9c00000,0x00000007b9c00000,0x00000007bbf00000)
  from space 33280K, 98% used [0x00000007bdf80000,0x00000007bff98000,0x00000007c0000000)
  to   space 33280K, 0% used [0x00000007bbf00000,0x00000007bbf00000,0x00000007bdf80000)
 ParOldGen       total 161280K, used 35463K [0x00000006c1800000, 0x00000006cb580000, 0x00000007b9c00000)
  object space 161280K, 21% used [0x00000006c1800000,0x00000006c3aa1e80,0x00000006cb580000)
 Metaspace       used 2707K, capacity 4486K, committed 4864K, reserved 1056768K
  class space    used 302K, capacity 386K, committed 512K, reserved 1048576K
}
{Heap before GC invocations=386 (full 1):
 PSYoungGen      total 69120K, used 68704K [0x00000007b9c00000, 0x00000007c0000000, 0x00000007c0000000)
  eden space 35840K, 100% used [0x00000007b9c00000,0x00000007bbf00000,0x00000007bbf00000)
  from space 33280K, 98% used [0x00000007bdf80000,0x00000007bff98000,0x00000007c0000000)
  to   space 33280K, 0% used [0x00000007bbf00000,0x00000007bbf00000,0x00000007bdf80000)
 ParOldGen       total 161280K, used 35463K [0x00000006c1800000, 0x00000006cb580000, 0x00000007b9c00000)
  object space 161280K, 21% used [0x00000006c1800000,0x00000006c3aa1e80,0x00000006cb580000)
 Metaspace       used 2707K, capacity 4486K, committed 4864K, reserved 1056768K
  class space    used 302K, capacity 386K, committed 512K, reserved 1048576K
[GC (Allocation Failure)  104167K->68359K(230400K), 0.0383655 secs]
Heap after GC invocations=386 (full 1):
 PSYoungGen      total 69120K, used 32896K [0x00000007b9c00000, 0x00000007c0000000, 0x00000007c0000000)
  eden space 35840K, 0% used [0x00000007b9c00000,0x00000007b9c00000,0x00000007bbf00000)
  from space 33280K, 98% used [0x00000007bbf00000,0x00000007bdf20000,0x00000007bdf80000)
  to   space 33280K, 0% used [0x00000007bdf80000,0x00000007bdf80000,0x00000007c0000000)
 ParOldGen       total 161280K, used 35463K [0x00000006c1800000, 0x00000006cb580000, 0x00000007b9c00000)
  object space 161280K, 21% used [0x00000006c1800000,0x00000006c3aa1e80,0x00000006cb580000)
 Metaspace       used 2707K, capacity 4486K, committed 4864K, reserved 1056768K
  class space    used 302K, capacity 386K, committed 512K, reserved 1048576K
}
{Heap before GC invocations=387 (full 1):
 PSYoungGen      total 69120K, used 68736K [0x00000007b9c00000, 0x00000007c0000000, 0x00000007c0000000)
  eden space 35840K, 100% used [0x00000007b9c00000,0x00000007bbf00000,0x00000007bbf00000)
  from space 33280K, 98% used [0x00000007bbf00000,0x00000007bdf20000,0x00000007bdf80000)
  to   space 33280K, 0% used [0x00000007bdf80000,0x00000007bdf80000,0x00000007c0000000)
 ParOldGen       total 161280K, used 35463K [0x00000006c1800000, 0x00000006cb580000, 0x00000007b9c00000)
  object space 161280K, 21% used [0x00000006c1800000,0x00000006c3aa1e80,0x00000006cb580000)
 Metaspace       used 2707K, capacity 4486K, committed 4864K, reserved 1056768K
  class space    used 302K, capacity 386K, committed 512K, reserved 1048576K
[GC (Allocation Failure)  104199K->68359K(230400K), 0.0354443 secs]
Heap after GC invocations=387 (full 1):
 PSYoungGen      total 69120K, used 32896K [0x00000007b9c00000, 0x00000007c0000000, 0x00000007c0000000)
  eden space 35840K, 0% used [0x00000007b9c00000,0x00000007b9c00000,0x00000007bbf00000)
  from space 33280K, 98% used [0x00000007bdf80000,0x00000007bffa0000,0x00000007c0000000)
  to   space 33280K, 0% used [0x00000007bbf00000,0x00000007bbf00000,0x00000007bdf80000)
 ParOldGen       total 161280K, used 35463K [0x00000006c1800000, 0x00000006cb580000, 0x00000007b9c00000)
  object space 161280K, 21% used [0x00000006c1800000,0x00000006c3aa1e80,0x00000006cb580000)
 Metaspace       used 2707K, capacity 4486K, committed 4864K, reserved 1056768K
  class space    used 302K, capacity 386K, committed 512K, reserved 1048576K
}
{Heap before GC invocations=388 (full 1):
 PSYoungGen      total 69120K, used 68736K [0x00000007b9c00000, 0x00000007c0000000, 0x00000007c0000000)
  eden space 35840K, 100% used [0x00000007b9c00000,0x00000007bbf00000,0x00000007bbf00000)
  from space 33280K, 98% used [0x00000007bdf80000,0x00000007bffa0000,0x00000007c0000000)
  to   space 33280K, 0% used [0x00000007bbf00000,0x00000007bbf00000,0x00000007bdf80000)
 ParOldGen       total 161280K, used 35463K [0x00000006c1800000, 0x00000006cb580000, 0x00000007b9c00000)
  object space 161280K, 21% used [0x00000006c1800000,0x00000006c3aa1e80,0x00000006cb580000)
 Metaspace       used 2707K, capacity 4486K, committed 4864K, reserved 1056768K
  class space    used 302K, capacity 386K, committed 512K, reserved 1048576K
[GC (Allocation Failure)  104199K->68327K(230400K), 0.0364843 secs]
Heap after GC invocations=388 (full 1):
 PSYoungGen      total 69120K, used 32864K [0x00000007b9c00000, 0x00000007c0000000, 0x00000007c0000000)
  eden space 35840K, 0% used [0x00000007b9c00000,0x00000007b9c00000,0x00000007bbf00000)
  from space 33280K, 98% used [0x00000007bbf00000,0x00000007bdf18000,0x00000007bdf80000)
  to   space 33280K, 0% used [0x00000007bdf80000,0x00000007bdf80000,0x00000007c0000000)
 ParOldGen       total 161280K, used 35463K [0x00000006c1800000, 0x00000006cb580000, 0x00000007b9c00000)
  object space 161280K, 21% used [0x00000006c1800000,0x00000006c3aa1e80,0x00000006cb580000)
 Metaspace       used 2707K, capacity 4486K, committed 4864K, reserved 1056768K
  class space    used 302K, capacity 386K, committed 512K, reserved 1048576K
}
{Heap before GC invocations=389 (full 1):
 PSYoungGen      total 69120K, used 68704K [0x00000007b9c00000, 0x00000007c0000000, 0x00000007c0000000)
  eden space 35840K, 100% used [0x00000007b9c00000,0x00000007bbf00000,0x00000007bbf00000)
  from space 33280K, 98% used [0x00000007bbf00000,0x00000007bdf18000,0x00000007bdf80000)
  to   space 33280K, 0% used [0x00000007bdf80000,0x00000007bdf80000,0x00000007c0000000)
 ParOldGen       total 161280K, used 35463K [0x00000006c1800000, 0x00000006cb580000, 0x00000007b9c00000)
  object space 161280K, 21% used [0x00000006c1800000,0x00000006c3aa1e80,0x00000006cb580000)
 Metaspace       used 2707K, capacity 4486K, committed 4864K, reserved 1056768K
  class space    used 302K, capacity 386K, committed 512K, reserved 1048576K
[GC (Allocation Failure)  104167K->68327K(230400K), 0.0320064 secs]
Heap after GC invocations=389 (full 1):
 PSYoungGen      total 69120K, used 32864K [0x00000007b9c00000, 0x00000007c0000000, 0x00000007c0000000)
  eden space 35840K, 0% used [0x00000007b9c00000,0x00000007b9c00000,0x00000007bbf00000)
  from space 33280K, 98% used [0x00000007bdf80000,0x00000007bff98000,0x00000007c0000000)
  to   space 33280K, 0% used [0x00000007bbf00000,0x00000007bbf00000,0x00000007bdf80000)
 ParOldGen       total 161280K, used 35463K [0x00000006c1800000, 0x00000006cb580000, 0x00000007b9c00000)
  object space 161280K, 21% used [0x00000006c1800000,0x00000006c3aa1e80,0x00000006cb580000)
 Metaspace       used 2707K, capacity 4486K, committed 4864K, reserved 1056768K
  class space    used 302K, capacity 386K, committed 512K, reserved 1048576K
}
{Heap before GC invocations=390 (full 1):
 PSYoungGen      total 69120K, used 68704K [0x00000007b9c00000, 0x00000007c0000000, 0x00000007c0000000)
  eden space 35840K, 100% used [0x00000007b9c00000,0x00000007bbf00000,0x00000007bbf00000)
  from space 33280K, 98% used [0x00000007bdf80000,0x00000007bff98000,0x00000007c0000000)
  to   space 33280K, 0% used [0x00000007bbf00000,0x00000007bbf00000,0x00000007bdf80000)
 ParOldGen       total 161280K, used 35463K [0x00000006c1800000, 0x00000006cb580000, 0x00000007b9c00000)
  object space 161280K, 21% used [0x00000006c1800000,0x00000006c3aa1e80,0x00000006cb580000)
 Metaspace       used 2707K, capacity 4486K, committed 4864K, reserved 1056768K
  class space    used 302K, capacity 386K, committed 512K, reserved 1048576K
[GC (Allocation Failure)  104167K->68359K(230400K), 0.0293824 secs]
Heap after GC invocations=390 (full 1):
 PSYoungGen      total 69120K, used 32896K [0x00000007b9c00000, 0x00000007c0000000, 0x00000007c0000000)
  eden space 35840K, 0% used [0x00000007b9c00000,0x00000007b9c00000,0x00000007bbf00000)
  from space 33280K, 98% used [0x00000007bbf00000,0x00000007bdf20000,0x00000007bdf80000)
  to   space 33280K, 0% used [0x00000007bdf80000,0x00000007bdf80000,0x00000007c0000000)
 ParOldGen       total 161280K, used 35463K [0x00000006c1800000, 0x00000006cb580000, 0x00000007b9c00000)
  object space 161280K, 21% used [0x00000006c1800000,0x00000006c3aa1e80,0x00000006cb580000)
 Metaspace       used 2707K, capacity 4486K, committed 4864K, reserved 1056768K
  class space    used 302K, capacity 386K, committed 512K, reserved 1048576K
}
{Heap before GC invocations=391 (full 1):
 PSYoungGen      total 69120K, used 68736K [0x00000007b9c00000, 0x00000007c0000000, 0x00000007c0000000)
  eden space 35840K, 100% used [0x00000007b9c00000,0x00000007bbf00000,0x00000007bbf00000)
  from space 33280K, 98% used [0x00000007bbf00000,0x00000007bdf20000,0x00000007bdf80000)
  to   space 33280K, 0% used [0x00000007bdf80000,0x00000007bdf80000,0x00000007c0000000)
 ParOldGen       total 161280K, used 35463K [0x00000006c1800000, 0x00000006cb580000, 0x00000007b9c00000)
  object space 161280K, 21% used [0x00000006c1800000,0x00000006c3aa1e80,0x00000006cb580000)
 Metaspace       used 2707K, capacity 4486K, committed 4864K, reserved 1056768K
  class space    used 302K, capacity 386K, committed 512K, reserved 1048576K
[GC (Allocation Failure)  104199K->68391K(230400K), 0.0307773 secs]
Heap after GC invocations=391 (full 1):
 PSYoungGen      total 69120K, used 32928K [0x00000007b9c00000, 0x00000007c0000000, 0x00000007c0000000)
  eden space 35840K, 0% used [0x00000007b9c00000,0x00000007b9c00000,0x00000007bbf00000)
  from space 33280K, 98% used [0x00000007bdf80000,0x00000007bffa8000,0x00000007c0000000)
  to   space 33280K, 0% used [0x00000007bbf00000,0x00000007bbf00000,0x00000007bdf80000)
 ParOldGen       total 161280K, used 35463K [0x00000006c1800000, 0x00000006cb580000, 0x00000007b9c00000)
  object space 161280K, 21% used [0x00000006c1800000,0x00000006c3aa1e80,0x00000006cb580000)
 Metaspace       used 2707K, capacity 4486K, committed 4864K, reserved 1056768K
  class space    used 302K, capacity 386K, committed 512K, reserved 1048576K
}
{Heap before GC invocations=392 (full 1):
 PSYoungGen      total 69120K, used 68768K [0x00000007b9c00000, 0x00000007c0000000, 0x00000007c0000000)
  eden space 35840K, 100% used [0x00000007b9c00000,0x00000007bbf00000,0x00000007bbf00000)
  from space 33280K, 98% used [0x00000007bdf80000,0x00000007bffa8000,0x00000007c0000000)
  to   space 33280K, 0% used [0x00000007bbf00000,0x00000007bbf00000,0x00000007bdf80000)
 ParOldGen       total 161280K, used 35463K [0x00000006c1800000, 0x00000006cb580000, 0x00000007b9c00000)
  object space 161280K, 21% used [0x00000006c1800000,0x00000006c3aa1e80,0x00000006cb580000)
 Metaspace       used 2707K, capacity 4486K, committed 4864K, reserved 1056768K
  class space    used 302K, capacity 386K, committed 512K, reserved 1048576K
[GC (Allocation Failure)  104231K->68327K(230400K), 0.0358300 secs]
Heap after GC invocations=392 (full 1):
 PSYoungGen      total 69120K, used 32864K [0x00000007b9c00000, 0x00000007c0000000, 0x00000007c0000000)
  eden space 35840K, 0% used [0x00000007b9c00000,0x00000007b9c00000,0x00000007bbf00000)
  from space 33280K, 98% used [0x00000007bbf00000,0x00000007bdf18000,0x00000007bdf80000)
  to   space 33280K, 0% used [0x00000007bdf80000,0x00000007bdf80000,0x00000007c0000000)
 ParOldGen       total 161280K, used 35463K [0x00000006c1800000, 0x00000006cb580000, 0x00000007b9c00000)
  object space 161280K, 21% used [0x00000006c1800000,0x00000006c3aa1e80,0x00000006cb580000)
 Metaspace       used 2707K, capacity 4486K, committed 4864K, reserved 1056768K
  class space    used 302K, capacity 386K, committed 512K, reserved 1048576K
}
{Heap before GC invocations=393 (full 1):
 PSYoungGen      total 69120K, used 68704K [0x00000007b9c00000, 0x00000007c0000000, 0x00000007c0000000)
  eden space 35840K, 100% used [0x00000007b9c00000,0x00000007bbf00000,0x00000007bbf00000)
  from space 33280K, 98% used [0x00000007bbf00000,0x00000007bdf18000,0x00000007bdf80000)
  to   space 33280K, 0% used [0x00000007bdf80000,0x00000007bdf80000,0x00000007c0000000)
 ParOldGen       total 161280K, used 35463K [0x00000006c1800000, 0x00000006cb580000, 0x00000007b9c00000)
  object space 161280K, 21% used [0x00000006c1800000,0x00000006c3aa1e80,0x00000006cb580000)
 Metaspace       used 2707K, capacity 4486K, committed 4864K, reserved 1056768K
  class space    used 302K, capacity 386K, committed 512K, reserved 1048576K
[GC (Allocation Failure)  104167K->68359K(230400K), 0.0309136 secs]
Heap after GC invocations=393 (full 1):
 PSYoungGen      total 69120K, used 32896K [0x00000007b9c00000, 0x00000007c0000000, 0x00000007c0000000)
  eden space 35840K, 0% used [0x00000007b9c00000,0x00000007b9c00000,0x00000007bbf00000)
  from space 33280K, 98% used [0x00000007bdf80000,0x00000007bffa0000,0x00000007c0000000)
  to   space 33280K, 0% used [0x00000007bbf00000,0x00000007bbf00000,0x00000007bdf80000)
 ParOldGen       total 161280K, used 35463K [0x00000006c1800000, 0x00000006cb580000, 0x00000007b9c00000)
  object space 161280K, 21% used [0x00000006c1800000,0x00000006c3aa1e80,0x00000006cb580000)
 Metaspace       used 2707K, capacity 4486K, committed 4864K, reserved 1056768K
  class space    used 302K, capacity 386K, committed 512K, reserved 1048576K
}
{Heap before GC invocations=394 (full 1):
 PSYoungGen      total 69120K, used 68736K [0x00000007b9c00000, 0x00000007c0000000, 0x00000007c0000000)
  eden space 35840K, 100% used [0x00000007b9c00000,0x00000007bbf00000,0x00000007bbf00000)
  from space 33280K, 98% used [0x00000007bdf80000,0x00000007bffa0000,0x00000007c0000000)
  to   space 33280K, 0% used [0x00000007bbf00000,0x00000007bbf00000,0x00000007bdf80000)
 ParOldGen       total 161280K, used 35463K [0x00000006c1800000, 0x00000006cb580000, 0x00000007b9c00000)
  object space 161280K, 21% used [0x00000006c1800000,0x00000006c3aa1e80,0x00000006cb580000)
 Metaspace       used 2707K, capacity 4486K, committed 4864K, reserved 1056768K
  class space    used 302K, capacity 386K, committed 512K, reserved 1048576K
[GC (Allocation Failure)  104199K->68359K(230400K), 0.0352243 secs]
Heap after GC invocations=394 (full 1):
 PSYoungGen      total 69120K, used 32896K [0x00000007b9c00000, 0x00000007c0000000, 0x00000007c0000000)
  eden space 35840K, 0% used [0x00000007b9c00000,0x00000007b9c00000,0x00000007bbf00000)
  from space 33280K, 98% used [0x00000007bbf00000,0x00000007bdf20000,0x00000007bdf80000)
  to   space 33280K, 0% used [0x00000007bdf80000,0x00000007bdf80000,0x00000007c0000000)
 ParOldGen       total 161280K, used 35463K [0x00000006c1800000, 0x00000006cb580000, 0x00000007b9c00000)
  object space 161280K, 21% used [0x00000006c1800000,0x00000006c3aa1e80,0x00000006cb580000)
 Metaspace       used 2707K, capacity 4486K, committed 4864K, reserved 1056768K
  class space    used 302K, capacity 386K, committed 512K, reserved 1048576K
}
{Heap before GC invocations=395 (full 1):
 PSYoungGen      total 69120K, used 68736K [0x00000007b9c00000, 0x00000007c0000000, 0x00000007c0000000)
  eden space 35840K, 100% used [0x00000007b9c00000,0x00000007bbf00000,0x00000007bbf00000)
  from space 33280K, 98% used [0x00000007bbf00000,0x00000007bdf20000,0x00000007bdf80000)
  to   space 33280K, 0% used [0x00000007bdf80000,0x00000007bdf80000,0x00000007c0000000)
 ParOldGen       total 161280K, used 35463K [0x00000006c1800000, 0x00000006cb580000, 0x00000007b9c00000)
  object space 161280K, 21% used [0x00000006c1800000,0x00000006c3aa1e80,0x00000006cb580000)
 Metaspace       used 2707K, capacity 4486K, committed 4864K, reserved 1056768K
  class space    used 302K, capacity 386K, committed 512K, reserved 1048576K
[GC (Allocation Failure)  104199K->68359K(230400K), 0.0404665 secs]
Heap after GC invocations=395 (full 1):
 PSYoungGen      total 69120K, used 32896K [0x00000007b9c00000, 0x00000007c0000000, 0x00000007c0000000)
  eden space 35840K, 0% used [0x00000007b9c00000,0x00000007b9c00000,0x00000007bbf00000)
  from space 33280K, 98% used [0x00000007bdf80000,0x00000007bffa0000,0x00000007c0000000)
  to   space 33280K, 0% used [0x00000007bbf00000,0x00000007bbf00000,0x00000007bdf80000)
 ParOldGen       total 161280K, used 35463K [0x00000006c1800000, 0x00000006cb580000, 0x00000007b9c00000)
  object space 161280K, 21% used [0x00000006c1800000,0x00000006c3aa1e80,0x00000006cb580000)
 Metaspace       used 2707K, capacity 4486K, committed 4864K, reserved 1056768K
  class space    used 302K, capacity 386K, committed 512K, reserved 1048576K
}
{Heap before GC invocations=396 (full 1):
 PSYoungGen      total 69120K, used 68736K [0x00000007b9c00000, 0x00000007c0000000, 0x00000007c0000000)
  eden space 35840K, 100% used [0x00000007b9c00000,0x00000007bbf00000,0x00000007bbf00000)
  from space 33280K, 98% used [0x00000007bdf80000,0x00000007bffa0000,0x00000007c0000000)
  to   space 33280K, 0% used [0x00000007bbf00000,0x00000007bbf00000,0x00000007bdf80000)
 ParOldGen       total 161280K, used 35463K [0x00000006c1800000, 0x00000006cb580000, 0x00000007b9c00000)
  object space 161280K, 21% used [0x00000006c1800000,0x00000006c3aa1e80,0x00000006cb580000)
 Metaspace       used 2707K, capacity 4486K, committed 4864K, reserved 1056768K
  class space    used 302K, capacity 386K, committed 512K, reserved 1048576K
[GC (Allocation Failure)  104199K->68327K(230400K), 0.0385408 secs]
Heap after GC invocations=396 (full 1):
 PSYoungGen      total 69120K, used 32864K [0x00000007b9c00000, 0x00000007c0000000, 0x00000007c0000000)
  eden space 35840K, 0% used [0x00000007b9c00000,0x00000007b9c00000,0x00000007bbf00000)
  from space 33280K, 98% used [0x00000007bbf00000,0x00000007bdf18000,0x00000007bdf80000)
  to   space 33280K, 0% used [0x00000007bdf80000,0x00000007bdf80000,0x00000007c0000000)
 ParOldGen       total 161280K, used 35463K [0x00000006c1800000, 0x00000006cb580000, 0x00000007b9c00000)
  object space 161280K, 21% used [0x00000006c1800000,0x00000006c3aa1e80,0x00000006cb580000)
 Metaspace       used 2707K, capacity 4486K, committed 4864K, reserved 1056768K
  class space    used 302K, capacity 386K, committed 512K, reserved 1048576K
}
{Heap before GC invocations=397 (full 1):
 PSYoungGen      total 69120K, used 68704K [0x00000007b9c00000, 0x00000007c0000000, 0x00000007c0000000)
  eden space 35840K, 100% used [0x00000007b9c00000,0x00000007bbf00000,0x00000007bbf00000)
  from space 33280K, 98% used [0x00000007bbf00000,0x00000007bdf18000,0x00000007bdf80000)
  to   space 33280K, 0% used [0x00000007bdf80000,0x00000007bdf80000,0x00000007c0000000)
 ParOldGen       total 161280K, used 35463K [0x00000006c1800000, 0x00000006cb580000, 0x00000007b9c00000)
  object space 161280K, 21% used [0x00000006c1800000,0x00000006c3aa1e80,0x00000006cb580000)
 Metaspace       used 2707K, capacity 4486K, committed 4864K, reserved 1056768K
  class space    used 302K, capacity 386K, committed 512K, reserved 1048576K
[GC (Allocation Failure)  104167K->68327K(230400K), 0.0349848 secs]
Heap after GC invocations=397 (full 1):
 PSYoungGen      total 69120K, used 32864K [0x00000007b9c00000, 0x00000007c0000000, 0x00000007c0000000)
  eden space 35840K, 0% used [0x00000007b9c00000,0x00000007b9c00000,0x00000007bbf00000)
  from space 33280K, 98% used [0x00000007bdf80000,0x00000007bff98000,0x00000007c0000000)
  to   space 33280K, 0% used [0x00000007bbf00000,0x00000007bbf00000,0x00000007bdf80000)
 ParOldGen       total 161280K, used 35463K [0x00000006c1800000, 0x00000006cb580000, 0x00000007b9c00000)
  object space 161280K, 21% used [0x00000006c1800000,0x00000006c3aa1e80,0x00000006cb580000)
 Metaspace       used 2707K, capacity 4486K, committed 4864K, reserved 1056768K
  class space    used 302K, capacity 386K, committed 512K, reserved 1048576K
}
{Heap before GC invocations=398 (full 1):
 PSYoungGen      total 69120K, used 68704K [0x00000007b9c00000, 0x00000007c0000000, 0x00000007c0000000)
  eden space 35840K, 100% used [0x00000007b9c00000,0x00000007bbf00000,0x00000007bbf00000)
  from space 33280K, 98% used [0x00000007bdf80000,0x00000007bff98000,0x00000007c0000000)
  to   space 33280K, 0% used [0x00000007bbf00000,0x00000007bbf00000,0x00000007bdf80000)
 ParOldGen       total 161280K, used 35463K [0x00000006c1800000, 0x00000006cb580000, 0x00000007b9c00000)
  object space 161280K, 21% used [0x00000006c1800000,0x00000006c3aa1e80,0x00000006cb580000)
 Metaspace       used 2707K, capacity 4486K, committed 4864K, reserved 1056768K
  class space    used 302K, capacity 386K, committed 512K, reserved 1048576K
[GC (Allocation Failure)  104167K->68359K(230400K), 0.0302840 secs]
Heap after GC invocations=398 (full 1):
 PSYoungGen      total 69120K, used 32896K [0x00000007b9c00000, 0x00000007c0000000, 0x00000007c0000000)
  eden space 35840K, 0% used [0x00000007b9c00000,0x00000007b9c00000,0x00000007bbf00000)
  from space 33280K, 98% used [0x00000007bbf00000,0x00000007bdf20000,0x00000007bdf80000)
  to   space 33280K, 0% used [0x00000007bdf80000,0x00000007bdf80000,0x00000007c0000000)
 ParOldGen       total 161280K, used 35463K [0x00000006c1800000, 0x00000006cb580000, 0x00000007b9c00000)
  object space 161280K, 21% used [0x00000006c1800000,0x00000006c3aa1e80,0x00000006cb580000)
 Metaspace       used 2707K, capacity 4486K, committed 4864K, reserved 1056768K
  class space    used 302K, capacity 386K, committed 512K, reserved 1048576K
}
{Heap before GC invocations=399 (full 1):
 PSYoungGen      total 69120K, used 68736K [0x00000007b9c00000, 0x00000007c0000000, 0x00000007c0000000)
  eden space 35840K, 100% used [0x00000007b9c00000,0x00000007bbf00000,0x00000007bbf00000)
  from space 33280K, 98% used [0x00000007bbf00000,0x00000007bdf20000,0x00000007bdf80000)
  to   space 33280K, 0% used [0x00000007bdf80000,0x00000007bdf80000,0x00000007c0000000)
 ParOldGen       total 161280K, used 35463K [0x00000006c1800000, 0x00000006cb580000, 0x00000007b9c00000)
  object space 161280K, 21% used [0x00000006c1800000,0x00000006c3aa1e80,0x00000006cb580000)
 Metaspace       used 2707K, capacity 4486K, committed 4864K, reserved 1056768K
  class space    used 302K, capacity 386K, committed 512K, reserved 1048576K
[GC (Allocation Failure)  104199K->68327K(230400K), 0.0329011 secs]
Heap after GC invocations=399 (full 1):
 PSYoungGen      total 69120K, used 32864K [0x00000007b9c00000, 0x00000007c0000000, 0x00000007c0000000)
  eden space 35840K, 0% used [0x00000007b9c00000,0x00000007b9c00000,0x00000007bbf00000)
  from space 33280K, 98% used [0x00000007bdf80000,0x00000007bff98000,0x00000007c0000000)
  to   space 33280K, 0% used [0x00000007bbf00000,0x00000007bbf00000,0x00000007bdf80000)
 ParOldGen       total 161280K, used 35463K [0x00000006c1800000, 0x00000006cb580000, 0x00000007b9c00000)
  object space 161280K, 21% used [0x00000006c1800000,0x00000006c3aa1e80,0x00000006cb580000)
 Metaspace       used 2707K, capacity 4486K, committed 4864K, reserved 1056768K
  class space    used 302K, capacity 386K, committed 512K, reserved 1048576K
}
{Heap before GC invocations=400 (full 1):
 PSYoungGen      total 69120K, used 68704K [0x00000007b9c00000, 0x00000007c0000000, 0x00000007c0000000)
  eden space 35840K, 100% used [0x00000007b9c00000,0x00000007bbf00000,0x00000007bbf00000)
  from space 33280K, 98% used [0x00000007bdf80000,0x00000007bff98000,0x00000007c0000000)
  to   space 33280K, 0% used [0x00000007bbf00000,0x00000007bbf00000,0x00000007bdf80000)
 ParOldGen       total 161280K, used 35463K [0x00000006c1800000, 0x00000006cb580000, 0x00000007b9c00000)
  object space 161280K, 21% used [0x00000006c1800000,0x00000006c3aa1e80,0x00000006cb580000)
 Metaspace       used 2707K, capacity 4486K, committed 4864K, reserved 1056768K
  class space    used 302K, capacity 386K, committed 512K, reserved 1048576K
[GC (Allocation Failure)  104167K->68359K(230400K), 0.0316042 secs]
Heap after GC invocations=400 (full 1):
 PSYoungGen      total 69120K, used 32896K [0x00000007b9c00000, 0x00000007c0000000, 0x00000007c0000000)
  eden space 35840K, 0% used [0x00000007b9c00000,0x00000007b9c00000,0x00000007bbf00000)
  from space 33280K, 98% used [0x00000007bbf00000,0x00000007bdf20000,0x00000007bdf80000)
  to   space 33280K, 0% used [0x00000007bdf80000,0x00000007bdf80000,0x00000007c0000000)
 ParOldGen       total 161280K, used 35463K [0x00000006c1800000, 0x00000006cb580000, 0x00000007b9c00000)
  object space 161280K, 21% used [0x00000006c1800000,0x00000006c3aa1e80,0x00000006cb580000)
 Metaspace       used 2707K, capacity 4486K, committed 4864K, reserved 1056768K
  class space    used 302K, capacity 386K, committed 512K, reserved 1048576K
}
{Heap before GC invocations=401 (full 1):
 PSYoungGen      total 69120K, used 68736K [0x00000007b9c00000, 0x00000007c0000000, 0x00000007c0000000)
  eden space 35840K, 100% used [0x00000007b9c00000,0x00000007bbf00000,0x00000007bbf00000)
  from space 33280K, 98% used [0x00000007bbf00000,0x00000007bdf20000,0x00000007bdf80000)
  to   space 33280K, 0% used [0x00000007bdf80000,0x00000007bdf80000,0x00000007c0000000)
 ParOldGen       total 161280K, used 35463K [0x00000006c1800000, 0x00000006cb580000, 0x00000007b9c00000)
  object space 161280K, 21% used [0x00000006c1800000,0x00000006c3aa1e80,0x00000006cb580000)
 Metaspace       used 2707K, capacity 4486K, committed 4864K, reserved 1056768K
  class space    used 302K, capacity 386K, committed 512K, reserved 1048576K
[GC (Allocation Failure)  104199K->68327K(230400K), 0.0330719 secs]
Heap after GC invocations=401 (full 1):
 PSYoungGen      total 69120K, used 32864K [0x00000007b9c00000, 0x00000007c0000000, 0x00000007c0000000)
  eden space 35840K, 0% used [0x00000007b9c00000,0x00000007b9c00000,0x00000007bbf00000)
  from space 33280K, 98% used [0x00000007bdf80000,0x00000007bff98000,0x00000007c0000000)
  to   space 33280K, 0% used [0x00000007bbf00000,0x00000007bbf00000,0x00000007bdf80000)
 ParOldGen       total 161280K, used 35463K [0x00000006c1800000, 0x00000006cb580000, 0x00000007b9c00000)
  object space 161280K, 21% used [0x00000006c1800000,0x00000006c3aa1e80,0x00000006cb580000)
 Metaspace       used 2707K, capacity 4486K, committed 4864K, reserved 1056768K
  class space    used 302K, capacity 386K, committed 512K, reserved 1048576K
}
{Heap before GC invocations=402 (full 1):
 PSYoungGen      total 69120K, used 68704K [0x00000007b9c00000, 0x00000007c0000000, 0x00000007c0000000)
  eden space 35840K, 100% used [0x00000007b9c00000,0x00000007bbf00000,0x00000007bbf00000)
  from space 33280K, 98% used [0x00000007bdf80000,0x00000007bff98000,0x00000007c0000000)
  to   space 33280K, 0% used [0x00000007bbf00000,0x00000007bbf00000,0x00000007bdf80000)
 ParOldGen       total 161280K, used 35463K [0x00000006c1800000, 0x00000006cb580000, 0x00000007b9c00000)
  object space 161280K, 21% used [0x00000006c1800000,0x00000006c3aa1e80,0x00000006cb580000)
 Metaspace       used 2707K, capacity 4486K, committed 4864K, reserved 1056768K
  class space    used 302K, capacity 386K, committed 512K, reserved 1048576K
[GC (Allocation Failure)  104167K->68359K(230400K), 0.0398182 secs]
Heap after GC invocations=402 (full 1):
 PSYoungGen      total 69120K, used 32896K [0x00000007b9c00000, 0x00000007c0000000, 0x00000007c0000000)
  eden space 35840K, 0% used [0x00000007b9c00000,0x00000007b9c00000,0x00000007bbf00000)
  from space 33280K, 98% used [0x00000007bbf00000,0x00000007bdf20000,0x00000007bdf80000)
  to   space 33280K, 0% used [0x00000007bdf80000,0x00000007bdf80000,0x00000007c0000000)
 ParOldGen       total 161280K, used 35463K [0x00000006c1800000, 0x00000006cb580000, 0x00000007b9c00000)
  object space 161280K, 21% used [0x00000006c1800000,0x00000006c3aa1e80,0x00000006cb580000)
 Metaspace       used 2707K, capacity 4486K, committed 4864K, reserved 1056768K
  class space    used 302K, capacity 386K, committed 512K, reserved 1048576K
}
{Heap before GC invocations=403 (full 1):
 PSYoungGen      total 69120K, used 68736K [0x00000007b9c00000, 0x00000007c0000000, 0x00000007c0000000)
  eden space 35840K, 100% used [0x00000007b9c00000,0x00000007bbf00000,0x00000007bbf00000)
  from space 33280K, 98% used [0x00000007bbf00000,0x00000007bdf20000,0x00000007bdf80000)
  to   space 33280K, 0% used [0x00000007bdf80000,0x00000007bdf80000,0x00000007c0000000)
 ParOldGen       total 161280K, used 35463K [0x00000006c1800000, 0x00000006cb580000, 0x00000007b9c00000)
  object space 161280K, 21% used [0x00000006c1800000,0x00000006c3aa1e80,0x00000006cb580000)
 Metaspace       used 2707K, capacity 4486K, committed 4864K, reserved 1056768K
  class space    used 302K, capacity 386K, committed 512K, reserved 1048576K
[GC (Allocation Failure)  104199K->68359K(230400K), 0.0381982 secs]
Heap after GC invocations=403 (full 1):
 PSYoungGen      total 69120K, used 32896K [0x00000007b9c00000, 0x00000007c0000000, 0x00000007c0000000)
  eden space 35840K, 0% used [0x00000007b9c00000,0x00000007b9c00000,0x00000007bbf00000)
  from space 33280K, 98% used [0x00000007bdf80000,0x00000007bffa0000,0x00000007c0000000)
  to   space 33280K, 0% used [0x00000007bbf00000,0x00000007bbf00000,0x00000007bdf80000)
 ParOldGen       total 161280K, used 35463K [0x00000006c1800000, 0x00000006cb580000, 0x00000007b9c00000)
  object space 161280K, 21% used [0x00000006c1800000,0x00000006c3aa1e80,0x00000006cb580000)
 Metaspace       used 2707K, capacity 4486K, committed 4864K, reserved 1056768K
  class space    used 302K, capacity 386K, committed 512K, reserved 1048576K
}
{Heap before GC invocations=404 (full 1):
 PSYoungGen      total 69120K, used 68736K [0x00000007b9c00000, 0x00000007c0000000, 0x00000007c0000000)
  eden space 35840K, 100% used [0x00000007b9c00000,0x00000007bbf00000,0x00000007bbf00000)
  from space 33280K, 98% used [0x00000007bdf80000,0x00000007bffa0000,0x00000007c0000000)
  to   space 33280K, 0% used [0x00000007bbf00000,0x00000007bbf00000,0x00000007bdf80000)
 ParOldGen       total 161280K, used 35463K [0x00000006c1800000, 0x00000006cb580000, 0x00000007b9c00000)
  object space 161280K, 21% used [0x00000006c1800000,0x00000006c3aa1e80,0x00000006cb580000)
 Metaspace       used 2707K, capacity 4486K, committed 4864K, reserved 1056768K
  class space    used 302K, capacity 386K, committed 512K, reserved 1048576K
[GC (Allocation Failure)  104199K->68359K(230400K), 0.0305309 secs]
Heap after GC invocations=404 (full 1):
 PSYoungGen      total 69120K, used 32896K [0x00000007b9c00000, 0x00000007c0000000, 0x00000007c0000000)
  eden space 35840K, 0% used [0x00000007b9c00000,0x00000007b9c00000,0x00000007bbf00000)
  from space 33280K, 98% used [0x00000007bbf00000,0x00000007bdf20000,0x00000007bdf80000)
  to   space 33280K, 0% used [0x00000007bdf80000,0x00000007bdf80000,0x00000007c0000000)
 ParOldGen       total 161280K, used 35463K [0x00000006c1800000, 0x00000006cb580000, 0x00000007b9c00000)
  object space 161280K, 21% used [0x00000006c1800000,0x00000006c3aa1e80,0x00000006cb580000)
 Metaspace       used 2707K, capacity 4486K, committed 4864K, reserved 1056768K
  class space    used 302K, capacity 386K, committed 512K, reserved 1048576K
}
{Heap before GC invocations=405 (full 1):
 PSYoungGen      total 69120K, used 68736K [0x00000007b9c00000, 0x00000007c0000000, 0x00000007c0000000)
  eden space 35840K, 100% used [0x00000007b9c00000,0x00000007bbf00000,0x00000007bbf00000)
  from space 33280K, 98% used [0x00000007bbf00000,0x00000007bdf20000,0x00000007bdf80000)
  to   space 33280K, 0% used [0x00000007bdf80000,0x00000007bdf80000,0x00000007c0000000)
 ParOldGen       total 161280K, used 35463K [0x00000006c1800000, 0x00000006cb580000, 0x00000007b9c00000)
  object space 161280K, 21% used [0x00000006c1800000,0x00000006c3aa1e80,0x00000006cb580000)
 Metaspace       used 2707K, capacity 4486K, committed 4864K, reserved 1056768K
  class space    used 302K, capacity 386K, committed 512K, reserved 1048576K
[GC (Allocation Failure)  104199K->68327K(230400K), 0.0375492 secs]
Heap after GC invocations=405 (full 1):
 PSYoungGen      total 69120K, used 32864K [0x00000007b9c00000, 0x00000007c0000000, 0x00000007c0000000)
  eden space 35840K, 0% used [0x00000007b9c00000,0x00000007b9c00000,0x00000007bbf00000)
  from space 33280K, 98% used [0x00000007bdf80000,0x00000007bff98000,0x00000007c0000000)
  to   space 33280K, 0% used [0x00000007bbf00000,0x00000007bbf00000,0x00000007bdf80000)
 ParOldGen       total 161280K, used 35463K [0x00000006c1800000, 0x00000006cb580000, 0x00000007b9c00000)
  object space 161280K, 21% used [0x00000006c1800000,0x00000006c3aa1e80,0x00000006cb580000)
 Metaspace       used 2707K, capacity 4486K, committed 4864K, reserved 1056768K
  class space    used 302K, capacity 386K, committed 512K, reserved 1048576K
}
{Heap before GC invocations=406 (full 1):
 PSYoungGen      total 69120K, used 68704K [0x00000007b9c00000, 0x00000007c0000000, 0x00000007c0000000)
  eden space 35840K, 100% used [0x00000007b9c00000,0x00000007bbf00000,0x00000007bbf00000)
  from space 33280K, 98% used [0x00000007bdf80000,0x00000007bff98000,0x00000007c0000000)
  to   space 33280K, 0% used [0x00000007bbf00000,0x00000007bbf00000,0x00000007bdf80000)
 ParOldGen       total 161280K, used 35463K [0x00000006c1800000, 0x00000006cb580000, 0x00000007b9c00000)
  object space 161280K, 21% used [0x00000006c1800000,0x00000006c3aa1e80,0x00000006cb580000)
 Metaspace       used 2707K, capacity 4486K, committed 4864K, reserved 1056768K
  class space    used 302K, capacity 386K, committed 512K, reserved 1048576K
[GC (Allocation Failure)  104167K->68359K(230400K), 0.0327047 secs]
Heap after GC invocations=406 (full 1):
 PSYoungGen      total 69120K, used 32896K [0x00000007b9c00000, 0x00000007c0000000, 0x00000007c0000000)
  eden space 35840K, 0% used [0x00000007b9c00000,0x00000007b9c00000,0x00000007bbf00000)
  from space 33280K, 98% used [0x00000007bbf00000,0x00000007bdf20000,0x00000007bdf80000)
  to   space 33280K, 0% used [0x00000007bdf80000,0x00000007bdf80000,0x00000007c0000000)
 ParOldGen       total 161280K, used 35463K [0x00000006c1800000, 0x00000006cb580000, 0x00000007b9c00000)
  object space 161280K, 21% used [0x00000006c1800000,0x00000006c3aa1e80,0x00000006cb580000)
 Metaspace       used 2707K, capacity 4486K, committed 4864K, reserved 1056768K
  class space    used 302K, capacity 386K, committed 512K, reserved 1048576K
}
{Heap before GC invocations=407 (full 1):
 PSYoungGen      total 69120K, used 68736K [0x00000007b9c00000, 0x00000007c0000000, 0x00000007c0000000)
  eden space 35840K, 100% used [0x00000007b9c00000,0x00000007bbf00000,0x00000007bbf00000)
  from space 33280K, 98% used [0x00000007bbf00000,0x00000007bdf20000,0x00000007bdf80000)
  to   space 33280K, 0% used [0x00000007bdf80000,0x00000007bdf80000,0x00000007c0000000)
 ParOldGen       total 161280K, used 35463K [0x00000006c1800000, 0x00000006cb580000, 0x00000007b9c00000)
  object space 161280K, 21% used [0x00000006c1800000,0x00000006c3aa1e80,0x00000006cb580000)
 Metaspace       used 2707K, capacity 4486K, committed 4864K, reserved 1056768K
  class space    used 302K, capacity 386K, committed 512K, reserved 1048576K
[GC (Allocation Failure)  104199K->68327K(230400K), 0.0342014 secs]
Heap after GC invocations=407 (full 1):
 PSYoungGen      total 69120K, used 32864K [0x00000007b9c00000, 0x00000007c0000000, 0x00000007c0000000)
  eden space 35840K, 0% used [0x00000007b9c00000,0x00000007b9c00000,0x00000007bbf00000)
  from space 33280K, 98% used [0x00000007bdf80000,0x00000007bff98000,0x00000007c0000000)
  to   space 33280K, 0% used [0x00000007bbf00000,0x00000007bbf00000,0x00000007bdf80000)
 ParOldGen       total 161280K, used 35463K [0x00000006c1800000, 0x00000006cb580000, 0x00000007b9c00000)
  object space 161280K, 21% used [0x00000006c1800000,0x00000006c3aa1e80,0x00000006cb580000)
 Metaspace       used 2707K, capacity 4486K, committed 4864K, reserved 1056768K
  class space    used 302K, capacity 386K, committed 512K, reserved 1048576K
}
{Heap before GC invocations=408 (full 1):
 PSYoungGen      total 69120K, used 68704K [0x00000007b9c00000, 0x00000007c0000000, 0x00000007c0000000)
  eden space 35840K, 100% used [0x00000007b9c00000,0x00000007bbf00000,0x00000007bbf00000)
  from space 33280K, 98% used [0x00000007bdf80000,0x00000007bff98000,0x00000007c0000000)
  to   space 33280K, 0% used [0x00000007bbf00000,0x00000007bbf00000,0x00000007bdf80000)
 ParOldGen       total 161280K, used 35463K [0x00000006c1800000, 0x00000006cb580000, 0x00000007b9c00000)
  object space 161280K, 21% used [0x00000006c1800000,0x00000006c3aa1e80,0x00000006cb580000)
 Metaspace       used 2707K, capacity 4486K, committed 4864K, reserved 1056768K
  class space    used 302K, capacity 386K, committed 512K, reserved 1048576K
[GC (Allocation Failure)  104167K->68359K(230400K), 0.0298955 secs]
Heap after GC invocations=408 (full 1):
 PSYoungGen      total 69120K, used 32896K [0x00000007b9c00000, 0x00000007c0000000, 0x00000007c0000000)
  eden space 35840K, 0% used [0x00000007b9c00000,0x00000007b9c00000,0x00000007bbf00000)
  from space 33280K, 98% used [0x00000007bbf00000,0x00000007bdf20000,0x00000007bdf80000)
  to   space 33280K, 0% used [0x00000007bdf80000,0x00000007bdf80000,0x00000007c0000000)
 ParOldGen       total 161280K, used 35463K [0x00000006c1800000, 0x00000006cb580000, 0x00000007b9c00000)
  object space 161280K, 21% used [0x00000006c1800000,0x00000006c3aa1e80,0x00000006cb580000)
 Metaspace       used 2707K, capacity 4486K, committed 4864K, reserved 1056768K
  class space    used 302K, capacity 386K, committed 512K, reserved 1048576K
}
{Heap before GC invocations=409 (full 1):
 PSYoungGen      total 69120K, used 68736K [0x00000007b9c00000, 0x00000007c0000000, 0x00000007c0000000)
  eden space 35840K, 100% used [0x00000007b9c00000,0x00000007bbf00000,0x00000007bbf00000)
  from space 33280K, 98% used [0x00000007bbf00000,0x00000007bdf20000,0x00000007bdf80000)
  to   space 33280K, 0% used [0x00000007bdf80000,0x00000007bdf80000,0x00000007c0000000)
 ParOldGen       total 161280K, used 35463K [0x00000006c1800000, 0x00000006cb580000, 0x00000007b9c00000)
  object space 161280K, 21% used [0x00000006c1800000,0x00000006c3aa1e80,0x00000006cb580000)
 Metaspace       used 2707K, capacity 4486K, committed 4864K, reserved 1056768K
  class space    used 302K, capacity 386K, committed 512K, reserved 1048576K
[GC (Allocation Failure)  104199K->68359K(230400K), 0.0311888 secs]
Heap after GC invocations=409 (full 1):
 PSYoungGen      total 69120K, used 32896K [0x00000007b9c00000, 0x00000007c0000000, 0x00000007c0000000)
  eden space 35840K, 0% used [0x00000007b9c00000,0x00000007b9c00000,0x00000007bbf00000)
  from space 33280K, 98% used [0x00000007bdf80000,0x00000007bffa0000,0x00000007c0000000)
  to   space 33280K, 0% used [0x00000007bbf00000,0x00000007bbf00000,0x00000007bdf80000)
 ParOldGen       total 161280K, used 35463K [0x00000006c1800000, 0x00000006cb580000, 0x00000007b9c00000)
  object space 161280K, 21% used [0x00000006c1800000,0x00000006c3aa1e80,0x00000006cb580000)
 Metaspace       used 2707K, capacity 4486K, committed 4864K, reserved 1056768K
  class space    used 302K, capacity 386K, committed 512K, reserved 1048576K
}
{Heap before GC invocations=410 (full 1):
 PSYoungGen      total 69120K, used 68736K [0x00000007b9c00000, 0x00000007c0000000, 0x00000007c0000000)
  eden space 35840K, 100% used [0x00000007b9c00000,0x00000007bbf00000,0x00000007bbf00000)
  from space 33280K, 98% used [0x00000007bdf80000,0x00000007bffa0000,0x00000007c0000000)
  to   space 33280K, 0% used [0x00000007bbf00000,0x00000007bbf00000,0x00000007bdf80000)
 ParOldGen       total 161280K, used 35463K [0x00000006c1800000, 0x00000006cb580000, 0x00000007b9c00000)
  object space 161280K, 21% used [0x00000006c1800000,0x00000006c3aa1e80,0x00000006cb580000)
 Metaspace       used 2707K, capacity 4486K, committed 4864K, reserved 1056768K
  class space    used 302K, capacity 386K, committed 512K, reserved 1048576K
[GC (Allocation Failure)  104199K->68327K(230400K), 0.0373557 secs]
Heap after GC invocations=410 (full 1):
 PSYoungGen      total 69120K, used 32864K [0x00000007b9c00000, 0x00000007c0000000, 0x00000007c0000000)
  eden space 35840K, 0% used [0x00000007b9c00000,0x00000007b9c00000,0x00000007bbf00000)
  from space 33280K, 98% used [0x00000007bbf00000,0x00000007bdf18000,0x00000007bdf80000)
  to   space 33280K, 0% used [0x00000007bdf80000,0x00000007bdf80000,0x00000007c0000000)
 ParOldGen       total 161280K, used 35463K [0x00000006c1800000, 0x00000006cb580000, 0x00000007b9c00000)
  object space 161280K, 21% used [0x00000006c1800000,0x00000006c3aa1e80,0x00000006cb580000)
 Metaspace       used 2707K, capacity 4486K, committed 4864K, reserved 1056768K
  class space    used 302K, capacity 386K, committed 512K, reserved 1048576K
}
{Heap before GC invocations=411 (full 1):
 PSYoungGen      total 69120K, used 68704K [0x00000007b9c00000, 0x00000007c0000000, 0x00000007c0000000)
  eden space 35840K, 100% used [0x00000007b9c00000,0x00000007bbf00000,0x00000007bbf00000)
  from space 33280K, 98% used [0x00000007bbf00000,0x00000007bdf18000,0x00000007bdf80000)
  to   space 33280K, 0% used [0x00000007bdf80000,0x00000007bdf80000,0x00000007c0000000)
 ParOldGen       total 161280K, used 35463K [0x00000006c1800000, 0x00000006cb580000, 0x00000007b9c00000)
  object space 161280K, 21% used [0x00000006c1800000,0x00000006c3aa1e80,0x00000006cb580000)
 Metaspace       used 2707K, capacity 4486K, committed 4864K, reserved 1056768K
  class space    used 302K, capacity 386K, committed 512K, reserved 1048576K
[GC (Allocation Failure)  104167K->68359K(230400K), 0.0342120 secs]
Heap after GC invocations=411 (full 1):
 PSYoungGen      total 69120K, used 32896K [0x00000007b9c00000, 0x00000007c0000000, 0x00000007c0000000)
  eden space 35840K, 0% used [0x00000007b9c00000,0x00000007b9c00000,0x00000007bbf00000)
  from space 33280K, 98% used [0x00000007bdf80000,0x00000007bffa0000,0x00000007c0000000)
  to   space 33280K, 0% used [0x00000007bbf00000,0x00000007bbf00000,0x00000007bdf80000)
 ParOldGen       total 161280K, used 35463K [0x00000006c1800000, 0x00000006cb580000, 0x00000007b9c00000)
  object space 161280K, 21% used [0x00000006c1800000,0x00000006c3aa1e80,0x00000006cb580000)
 Metaspace       used 2707K, capacity 4486K, committed 4864K, reserved 1056768K
  class space    used 302K, capacity 386K, committed 512K, reserved 1048576K
}
{Heap before GC invocations=412 (full 1):
 PSYoungGen      total 69120K, used 68736K [0x00000007b9c00000, 0x00000007c0000000, 0x00000007c0000000)
  eden space 35840K, 100% used [0x00000007b9c00000,0x00000007bbf00000,0x00000007bbf00000)
  from space 33280K, 98% used [0x00000007bdf80000,0x00000007bffa0000,0x00000007c0000000)
  to   space 33280K, 0% used [0x00000007bbf00000,0x00000007bbf00000,0x00000007bdf80000)
 ParOldGen       total 161280K, used 35463K [0x00000006c1800000, 0x00000006cb580000, 0x00000007b9c00000)
  object space 161280K, 21% used [0x00000006c1800000,0x00000006c3aa1e80,0x00000006cb580000)
 Metaspace       used 2707K, capacity 4486K, committed 4864K, reserved 1056768K
  class space    used 302K, capacity 386K, committed 512K, reserved 1048576K
[GC (Allocation Failure)  104199K->68391K(230400K), 0.0371426 secs]
Heap after GC invocations=412 (full 1):
 PSYoungGen      total 69120K, used 32928K [0x00000007b9c00000, 0x00000007c0000000, 0x00000007c0000000)
  eden space 35840K, 0% used [0x00000007b9c00000,0x00000007b9c00000,0x00000007bbf00000)
  from space 33280K, 98% used [0x00000007bbf00000,0x00000007bdf28000,0x00000007bdf80000)
  to   space 33280K, 0% used [0x00000007bdf80000,0x00000007bdf80000,0x00000007c0000000)
 ParOldGen       total 161280K, used 35463K [0x00000006c1800000, 0x00000006cb580000, 0x00000007b9c00000)
  object space 161280K, 21% used [0x00000006c1800000,0x00000006c3aa1e80,0x00000006cb580000)
 Metaspace       used 2707K, capacity 4486K, committed 4864K, reserved 1056768K
  class space    used 302K, capacity 386K, committed 512K, reserved 1048576K
}
{Heap before GC invocations=413 (full 1):
 PSYoungGen      total 69120K, used 68768K [0x00000007b9c00000, 0x00000007c0000000, 0x00000007c0000000)
  eden space 35840K, 100% used [0x00000007b9c00000,0x00000007bbf00000,0x00000007bbf00000)
  from space 33280K, 98% used [0x00000007bbf00000,0x00000007bdf28000,0x00000007bdf80000)
  to   space 33280K, 0% used [0x00000007bdf80000,0x00000007bdf80000,0x00000007c0000000)
 ParOldGen       total 161280K, used 35463K [0x00000006c1800000, 0x00000006cb580000, 0x00000007b9c00000)
  object space 161280K, 21% used [0x00000006c1800000,0x00000006c3aa1e80,0x00000006cb580000)
 Metaspace       used 2707K, capacity 4486K, committed 4864K, reserved 1056768K
  class space    used 302K, capacity 386K, committed 512K, reserved 1048576K
[GC (Allocation Failure)  104231K->68391K(230400K), 0.0355617 secs]
Heap after GC invocations=413 (full 1):
 PSYoungGen      total 69120K, used 32928K [0x00000007b9c00000, 0x00000007c0000000, 0x00000007c0000000)
  eden space 35840K, 0% used [0x00000007b9c00000,0x00000007b9c00000,0x00000007bbf00000)
  from space 33280K, 98% used [0x00000007bdf80000,0x00000007bffa8000,0x00000007c0000000)
  to   space 33280K, 0% used [0x00000007bbf00000,0x00000007bbf00000,0x00000007bdf80000)
 ParOldGen       total 161280K, used 35463K [0x00000006c1800000, 0x00000006cb580000, 0x00000007b9c00000)
  object space 161280K, 21% used [0x00000006c1800000,0x00000006c3aa1e80,0x00000006cb580000)
 Metaspace       used 2707K, capacity 4486K, committed 4864K, reserved 1056768K
  class space    used 302K, capacity 386K, committed 512K, reserved 1048576K
}
{Heap before GC invocations=414 (full 1):
 PSYoungGen      total 69120K, used 68768K [0x00000007b9c00000, 0x00000007c0000000, 0x00000007c0000000)
  eden space 35840K, 100% used [0x00000007b9c00000,0x00000007bbf00000,0x00000007bbf00000)
  from space 33280K, 98% used [0x00000007bdf80000,0x00000007bffa8000,0x00000007c0000000)
  to   space 33280K, 0% used [0x00000007bbf00000,0x00000007bbf00000,0x00000007bdf80000)
 ParOldGen       total 161280K, used 35463K [0x00000006c1800000, 0x00000006cb580000, 0x00000007b9c00000)
  object space 161280K, 21% used [0x00000006c1800000,0x00000006c3aa1e80,0x00000006cb580000)
 Metaspace       used 2707K, capacity 4486K, committed 4864K, reserved 1056768K
  class space    used 302K, capacity 386K, committed 512K, reserved 1048576K
[GC (Allocation Failure)  104231K->68359K(230400K), 0.0292689 secs]
Heap after GC invocations=414 (full 1):
 PSYoungGen      total 69120K, used 32896K [0x00000007b9c00000, 0x00000007c0000000, 0x00000007c0000000)
  eden space 35840K, 0% used [0x00000007b9c00000,0x00000007b9c00000,0x00000007bbf00000)
  from space 33280K, 98% used [0x00000007bbf00000,0x00000007bdf20000,0x00000007bdf80000)
  to   space 33280K, 0% used [0x00000007bdf80000,0x00000007bdf80000,0x00000007c0000000)
 ParOldGen       total 161280K, used 35463K [0x00000006c1800000, 0x00000006cb580000, 0x00000007b9c00000)
  object space 161280K, 21% used [0x00000006c1800000,0x00000006c3aa1e80,0x00000006cb580000)
 Metaspace       used 2707K, capacity 4486K, committed 4864K, reserved 1056768K
  class space    used 302K, capacity 386K, committed 512K, reserved 1048576K
}
{Heap before GC invocations=415 (full 1):
 PSYoungGen      total 69120K, used 68736K [0x00000007b9c00000, 0x00000007c0000000, 0x00000007c0000000)
  eden space 35840K, 100% used [0x00000007b9c00000,0x00000007bbf00000,0x00000007bbf00000)
  from space 33280K, 98% used [0x00000007bbf00000,0x00000007bdf20000,0x00000007bdf80000)
  to   space 33280K, 0% used [0x00000007bdf80000,0x00000007bdf80000,0x00000007c0000000)
 ParOldGen       total 161280K, used 35463K [0x00000006c1800000, 0x00000006cb580000, 0x00000007b9c00000)
  object space 161280K, 21% used [0x00000006c1800000,0x00000006c3aa1e80,0x00000006cb580000)
 Metaspace       used 2707K, capacity 4486K, committed 4864K, reserved 1056768K
  class space    used 302K, capacity 386K, committed 512K, reserved 1048576K
[GC (Allocation Failure)  104199K->68327K(230400K), 0.0314343 secs]
Heap after GC invocations=415 (full 1):
 PSYoungGen      total 69120K, used 32864K [0x00000007b9c00000, 0x00000007c0000000, 0x00000007c0000000)
  eden space 35840K, 0% used [0x00000007b9c00000,0x00000007b9c00000,0x00000007bbf00000)
  from space 33280K, 98% used [0x00000007bdf80000,0x00000007bff98000,0x00000007c0000000)
  to   space 33280K, 0% used [0x00000007bbf00000,0x00000007bbf00000,0x00000007bdf80000)
 ParOldGen       total 161280K, used 35463K [0x00000006c1800000, 0x00000006cb580000, 0x00000007b9c00000)
  object space 161280K, 21% used [0x00000006c1800000,0x00000006c3aa1e80,0x00000006cb580000)
 Metaspace       used 2707K, capacity 4486K, committed 4864K, reserved 1056768K
  class space    used 302K, capacity 386K, committed 512K, reserved 1048576K
}
{Heap before GC invocations=416 (full 1):
 PSYoungGen      total 69120K, used 68704K [0x00000007b9c00000, 0x00000007c0000000, 0x00000007c0000000)
  eden space 35840K, 100% used [0x00000007b9c00000,0x00000007bbf00000,0x00000007bbf00000)
  from space 33280K, 98% used [0x00000007bdf80000,0x00000007bff98000,0x00000007c0000000)
  to   space 33280K, 0% used [0x00000007bbf00000,0x00000007bbf00000,0x00000007bdf80000)
 ParOldGen       total 161280K, used 35463K [0x00000006c1800000, 0x00000006cb580000, 0x00000007b9c00000)
  object space 161280K, 21% used [0x00000006c1800000,0x00000006c3aa1e80,0x00000006cb580000)
 Metaspace       used 2707K, capacity 4486K, committed 4864K, reserved 1056768K
  class space    used 302K, capacity 386K, committed 512K, reserved 1048576K
[GC (Allocation Failure)  104167K->68359K(230400K), 0.0325438 secs]
Heap after GC invocations=416 (full 1):
 PSYoungGen      total 69120K, used 32896K [0x00000007b9c00000, 0x00000007c0000000, 0x00000007c0000000)
  eden space 35840K, 0% used [0x00000007b9c00000,0x00000007b9c00000,0x00000007bbf00000)
  from space 33280K, 98% used [0x00000007bbf00000,0x00000007bdf20000,0x00000007bdf80000)
  to   space 33280K, 0% used [0x00000007bdf80000,0x00000007bdf80000,0x00000007c0000000)
 ParOldGen       total 161280K, used 35463K [0x00000006c1800000, 0x00000006cb580000, 0x00000007b9c00000)
  object space 161280K, 21% used [0x00000006c1800000,0x00000006c3aa1e80,0x00000006cb580000)
 Metaspace       used 2707K, capacity 4486K, committed 4864K, reserved 1056768K
  class space    used 302K, capacity 386K, committed 512K, reserved 1048576K
}
{Heap before GC invocations=417 (full 1):
 PSYoungGen      total 69120K, used 68736K [0x00000007b9c00000, 0x00000007c0000000, 0x00000007c0000000)
  eden space 35840K, 100% used [0x00000007b9c00000,0x00000007bbf00000,0x00000007bbf00000)
  from space 33280K, 98% used [0x00000007bbf00000,0x00000007bdf20000,0x00000007bdf80000)
  to   space 33280K, 0% used [0x00000007bdf80000,0x00000007bdf80000,0x00000007c0000000)
 ParOldGen       total 161280K, used 35463K [0x00000006c1800000, 0x00000006cb580000, 0x00000007b9c00000)
  object space 161280K, 21% used [0x00000006c1800000,0x00000006c3aa1e80,0x00000006cb580000)
 Metaspace       used 2707K, capacity 4486K, committed 4864K, reserved 1056768K
  class space    used 302K, capacity 386K, committed 512K, reserved 1048576K
[GC (Allocation Failure)  104199K->68359K(230400K), 0.0426653 secs]
Heap after GC invocations=417 (full 1):
 PSYoungGen      total 69120K, used 32896K [0x00000007b9c00000, 0x00000007c0000000, 0x00000007c0000000)
  eden space 35840K, 0% used [0x00000007b9c00000,0x00000007b9c00000,0x00000007bbf00000)
  from space 33280K, 98% used [0x00000007bdf80000,0x00000007bffa0000,0x00000007c0000000)
  to   space 33280K, 0% used [0x00000007bbf00000,0x00000007bbf00000,0x00000007bdf80000)
 ParOldGen       total 161280K, used 35463K [0x00000006c1800000, 0x00000006cb580000, 0x00000007b9c00000)
  object space 161280K, 21% used [0x00000006c1800000,0x00000006c3aa1e80,0x00000006cb580000)
 Metaspace       used 2707K, capacity 4486K, committed 4864K, reserved 1056768K
  class space    used 302K, capacity 386K, committed 512K, reserved 1048576K
}
{Heap before GC invocations=418 (full 1):
 PSYoungGen      total 69120K, used 68736K [0x00000007b9c00000, 0x00000007c0000000, 0x00000007c0000000)
  eden space 35840K, 100% used [0x00000007b9c00000,0x00000007bbf00000,0x00000007bbf00000)
  from space 33280K, 98% used [0x00000007bdf80000,0x00000007bffa0000,0x00000007c0000000)
  to   space 33280K, 0% used [0x00000007bbf00000,0x00000007bbf00000,0x00000007bdf80000)
 ParOldGen       total 161280K, used 35463K [0x00000006c1800000, 0x00000006cb580000, 0x00000007b9c00000)
  object space 161280K, 21% used [0x00000006c1800000,0x00000006c3aa1e80,0x00000006cb580000)
 Metaspace       used 2707K, capacity 4486K, committed 4864K, reserved 1056768K
  class space    used 302K, capacity 386K, committed 512K, reserved 1048576K
[GC (Allocation Failure)  104199K->68391K(230400K), 0.0379825 secs]
Heap after GC invocations=418 (full 1):
 PSYoungGen      total 69120K, used 32928K [0x00000007b9c00000, 0x00000007c0000000, 0x00000007c0000000)
  eden space 35840K, 0% used [0x00000007b9c00000,0x00000007b9c00000,0x00000007bbf00000)
  from space 33280K, 98% used [0x00000007bbf00000,0x00000007bdf28000,0x00000007bdf80000)
  to   space 33280K, 0% used [0x00000007bdf80000,0x00000007bdf80000,0x00000007c0000000)
 ParOldGen       total 161280K, used 35463K [0x00000006c1800000, 0x00000006cb580000, 0x00000007b9c00000)
  object space 161280K, 21% used [0x00000006c1800000,0x00000006c3aa1e80,0x00000006cb580000)
 Metaspace       used 2707K, capacity 4486K, committed 4864K, reserved 1056768K
  class space    used 302K, capacity 386K, committed 512K, reserved 1048576K
}
{Heap before GC invocations=419 (full 1):
 PSYoungGen      total 69120K, used 68768K [0x00000007b9c00000, 0x00000007c0000000, 0x00000007c0000000)
  eden space 35840K, 100% used [0x00000007b9c00000,0x00000007bbf00000,0x00000007bbf00000)
  from space 33280K, 98% used [0x00000007bbf00000,0x00000007bdf28000,0x00000007bdf80000)
  to   space 33280K, 0% used [0x00000007bdf80000,0x00000007bdf80000,0x00000007c0000000)
 ParOldGen       total 161280K, used 35463K [0x00000006c1800000, 0x00000006cb580000, 0x00000007b9c00000)
  object space 161280K, 21% used [0x00000006c1800000,0x00000006c3aa1e80,0x00000006cb580000)
 Metaspace       used 2707K, capacity 4486K, committed 4864K, reserved 1056768K
  class space    used 302K, capacity 386K, committed 512K, reserved 1048576K
[GC (Allocation Failure)  104231K->68359K(230400K), 0.0318760 secs]
Heap after GC invocations=419 (full 1):
 PSYoungGen      total 69120K, used 32896K [0x00000007b9c00000, 0x00000007c0000000, 0x00000007c0000000)
  eden space 35840K, 0% used [0x00000007b9c00000,0x00000007b9c00000,0x00000007bbf00000)
  from space 33280K, 98% used [0x00000007bdf80000,0x00000007bffa0000,0x00000007c0000000)
  to   space 33280K, 0% used [0x00000007bbf00000,0x00000007bbf00000,0x00000007bdf80000)
 ParOldGen       total 161280K, used 35463K [0x00000006c1800000, 0x00000006cb580000, 0x00000007b9c00000)
  object space 161280K, 21% used [0x00000006c1800000,0x00000006c3aa1e80,0x00000006cb580000)
 Metaspace       used 2707K, capacity 4486K, committed 4864K, reserved 1056768K
  class space    used 302K, capacity 386K, committed 512K, reserved 1048576K
}
{Heap before GC invocations=420 (full 1):
 PSYoungGen      total 69120K, used 68736K [0x00000007b9c00000, 0x00000007c0000000, 0x00000007c0000000)
  eden space 35840K, 100% used [0x00000007b9c00000,0x00000007bbf00000,0x00000007bbf00000)
  from space 33280K, 98% used [0x00000007bdf80000,0x00000007bffa0000,0x00000007c0000000)
  to   space 33280K, 0% used [0x00000007bbf00000,0x00000007bbf00000,0x00000007bdf80000)
 ParOldGen       total 161280K, used 35463K [0x00000006c1800000, 0x00000006cb580000, 0x00000007b9c00000)
  object space 161280K, 21% used [0x00000006c1800000,0x00000006c3aa1e80,0x00000006cb580000)
 Metaspace       used 2707K, capacity 4486K, committed 4864K, reserved 1056768K
  class space    used 302K, capacity 386K, committed 512K, reserved 1048576K
[GC (Allocation Failure)  104199K->68359K(230400K), 0.0332433 secs]
Heap after GC invocations=420 (full 1):
 PSYoungGen      total 69120K, used 32896K [0x00000007b9c00000, 0x00000007c0000000, 0x00000007c0000000)
  eden space 35840K, 0% used [0x00000007b9c00000,0x00000007b9c00000,0x00000007bbf00000)
  from space 33280K, 98% used [0x00000007bbf00000,0x00000007bdf20000,0x00000007bdf80000)
  to   space 33280K, 0% used [0x00000007bdf80000,0x00000007bdf80000,0x00000007c0000000)
 ParOldGen       total 161280K, used 35463K [0x00000006c1800000, 0x00000006cb580000, 0x00000007b9c00000)
  object space 161280K, 21% used [0x00000006c1800000,0x00000006c3aa1e80,0x00000006cb580000)
 Metaspace       used 2707K, capacity 4486K, committed 4864K, reserved 1056768K
  class space    used 302K, capacity 386K, committed 512K, reserved 1048576K
}
{Heap before GC invocations=421 (full 1):
 PSYoungGen      total 69120K, used 68736K [0x00000007b9c00000, 0x00000007c0000000, 0x00000007c0000000)
  eden space 35840K, 100% used [0x00000007b9c00000,0x00000007bbf00000,0x00000007bbf00000)
  from space 33280K, 98% used [0x00000007bbf00000,0x00000007bdf20000,0x00000007bdf80000)
  to   space 33280K, 0% used [0x00000007bdf80000,0x00000007bdf80000,0x00000007c0000000)
 ParOldGen       total 161280K, used 35463K [0x00000006c1800000, 0x00000006cb580000, 0x00000007b9c00000)
  object space 161280K, 21% used [0x00000006c1800000,0x00000006c3aa1e80,0x00000006cb580000)
 Metaspace       used 2707K, capacity 4486K, committed 4864K, reserved 1056768K
  class space    used 302K, capacity 386K, committed 512K, reserved 1048576K
[GC (Allocation Failure)  104199K->68359K(230400K), 0.0380845 secs]
Heap after GC invocations=421 (full 1):
 PSYoungGen      total 69120K, used 32896K [0x00000007b9c00000, 0x00000007c0000000, 0x00000007c0000000)
  eden space 35840K, 0% used [0x00000007b9c00000,0x00000007b9c00000,0x00000007bbf00000)
  from space 33280K, 98% used [0x00000007bdf80000,0x00000007bffa0000,0x00000007c0000000)
  to   space 33280K, 0% used [0x00000007bbf00000,0x00000007bbf00000,0x00000007bdf80000)
 ParOldGen       total 161280K, used 35463K [0x00000006c1800000, 0x00000006cb580000, 0x00000007b9c00000)
  object space 161280K, 21% used [0x00000006c1800000,0x00000006c3aa1e80,0x00000006cb580000)
 Metaspace       used 2707K, capacity 4486K, committed 4864K, reserved 1056768K
  class space    used 302K, capacity 386K, committed 512K, reserved 1048576K
}
{Heap before GC invocations=422 (full 1):
 PSYoungGen      total 69120K, used 68736K [0x00000007b9c00000, 0x00000007c0000000, 0x00000007c0000000)
  eden space 35840K, 100% used [0x00000007b9c00000,0x00000007bbf00000,0x00000007bbf00000)
  from space 33280K, 98% used [0x00000007bdf80000,0x00000007bffa0000,0x00000007c0000000)
  to   space 33280K, 0% used [0x00000007bbf00000,0x00000007bbf00000,0x00000007bdf80000)
 ParOldGen       total 161280K, used 35463K [0x00000006c1800000, 0x00000006cb580000, 0x00000007b9c00000)
  object space 161280K, 21% used [0x00000006c1800000,0x00000006c3aa1e80,0x00000006cb580000)
 Metaspace       used 2707K, capacity 4486K, committed 4864K, reserved 1056768K
  class space    used 302K, capacity 386K, committed 512K, reserved 1048576K
[GC (Allocation Failure)  104199K->68359K(230400K), 0.0379240 secs]
Heap after GC invocations=422 (full 1):
 PSYoungGen      total 69120K, used 32896K [0x00000007b9c00000, 0x00000007c0000000, 0x00000007c0000000)
  eden space 35840K, 0% used [0x00000007b9c00000,0x00000007b9c00000,0x00000007bbf00000)
  from space 33280K, 98% used [0x00000007bbf00000,0x00000007bdf20000,0x00000007bdf80000)
  to   space 33280K, 0% used [0x00000007bdf80000,0x00000007bdf80000,0x00000007c0000000)
 ParOldGen       total 161280K, used 35463K [0x00000006c1800000, 0x00000006cb580000, 0x00000007b9c00000)
  object space 161280K, 21% used [0x00000006c1800000,0x00000006c3aa1e80,0x00000006cb580000)
 Metaspace       used 2707K, capacity 4486K, committed 4864K, reserved 1056768K
  class space    used 302K, capacity 386K, committed 512K, reserved 1048576K
}
{Heap before GC invocations=423 (full 1):
 PSYoungGen      total 69120K, used 68736K [0x00000007b9c00000, 0x00000007c0000000, 0x00000007c0000000)
  eden space 35840K, 100% used [0x00000007b9c00000,0x00000007bbf00000,0x00000007bbf00000)
  from space 33280K, 98% used [0x00000007bbf00000,0x00000007bdf20000,0x00000007bdf80000)
  to   space 33280K, 0% used [0x00000007bdf80000,0x00000007bdf80000,0x00000007c0000000)
 ParOldGen       total 161280K, used 35463K [0x00000006c1800000, 0x00000006cb580000, 0x00000007b9c00000)
  object space 161280K, 21% used [0x00000006c1800000,0x00000006c3aa1e80,0x00000006cb580000)
 Metaspace       used 2707K, capacity 4486K, committed 4864K, reserved 1056768K
  class space    used 302K, capacity 386K, committed 512K, reserved 1048576K
[GC (Allocation Failure)  104199K->68359K(230400K), 0.0340354 secs]
Heap after GC invocations=423 (full 1):
 PSYoungGen      total 69120K, used 32896K [0x00000007b9c00000, 0x00000007c0000000, 0x00000007c0000000)
  eden space 35840K, 0% used [0x00000007b9c00000,0x00000007b9c00000,0x00000007bbf00000)
  from space 33280K, 98% used [0x00000007bdf80000,0x00000007bffa0000,0x00000007c0000000)
  to   space 33280K, 0% used [0x00000007bbf00000,0x00000007bbf00000,0x00000007bdf80000)
 ParOldGen       total 161280K, used 35463K [0x00000006c1800000, 0x00000006cb580000, 0x00000007b9c00000)
  object space 161280K, 21% used [0x00000006c1800000,0x00000006c3aa1e80,0x00000006cb580000)
 Metaspace       used 2707K, capacity 4486K, committed 4864K, reserved 1056768K
  class space    used 302K, capacity 386K, committed 512K, reserved 1048576K
}
{Heap before GC invocations=424 (full 1):
 PSYoungGen      total 69120K, used 68736K [0x00000007b9c00000, 0x00000007c0000000, 0x00000007c0000000)
  eden space 35840K, 100% used [0x00000007b9c00000,0x00000007bbf00000,0x00000007bbf00000)
  from space 33280K, 98% used [0x00000007bdf80000,0x00000007bffa0000,0x00000007c0000000)
  to   space 33280K, 0% used [0x00000007bbf00000,0x00000007bbf00000,0x00000007bdf80000)
 ParOldGen       total 161280K, used 35463K [0x00000006c1800000, 0x00000006cb580000, 0x00000007b9c00000)
  object space 161280K, 21% used [0x00000006c1800000,0x00000006c3aa1e80,0x00000006cb580000)
 Metaspace       used 2707K, capacity 4486K, committed 4864K, reserved 1056768K
  class space    used 302K, capacity 386K, committed 512K, reserved 1048576K
[GC (Allocation Failure)  104199K->68391K(230400K), 0.0312370 secs]
Heap after GC invocations=424 (full 1):
 PSYoungGen      total 69120K, used 32928K [0x00000007b9c00000, 0x00000007c0000000, 0x00000007c0000000)
  eden space 35840K, 0% used [0x00000007b9c00000,0x00000007b9c00000,0x00000007bbf00000)
  from space 33280K, 98% used [0x00000007bbf00000,0x00000007bdf28000,0x00000007bdf80000)
  to   space 33280K, 0% used [0x00000007bdf80000,0x00000007bdf80000,0x00000007c0000000)
 ParOldGen       total 161280K, used 35463K [0x00000006c1800000, 0x00000006cb580000, 0x00000007b9c00000)
  object space 161280K, 21% used [0x00000006c1800000,0x00000006c3aa1e80,0x00000006cb580000)
 Metaspace       used 2707K, capacity 4486K, committed 4864K, reserved 1056768K
  class space    used 302K, capacity 386K, committed 512K, reserved 1048576K
}
{Heap before GC invocations=425 (full 1):
 PSYoungGen      total 69120K, used 68768K [0x00000007b9c00000, 0x00000007c0000000, 0x00000007c0000000)
  eden space 35840K, 100% used [0x00000007b9c00000,0x00000007bbf00000,0x00000007bbf00000)
  from space 33280K, 98% used [0x00000007bbf00000,0x00000007bdf28000,0x00000007bdf80000)
  to   space 33280K, 0% used [0x00000007bdf80000,0x00000007bdf80000,0x00000007c0000000)
 ParOldGen       total 161280K, used 35463K [0x00000006c1800000, 0x00000006cb580000, 0x00000007b9c00000)
  object space 161280K, 21% used [0x00000006c1800000,0x00000006c3aa1e80,0x00000006cb580000)
 Metaspace       used 2707K, capacity 4486K, committed 4864K, reserved 1056768K
  class space    used 302K, capacity 386K, committed 512K, reserved 1048576K
[GC (Allocation Failure)  104231K->68359K(230400K), 0.0371185 secs]
Heap after GC invocations=425 (full 1):
 PSYoungGen      total 69120K, used 32896K [0x00000007b9c00000, 0x00000007c0000000, 0x00000007c0000000)
  eden space 35840K, 0% used [0x00000007b9c00000,0x00000007b9c00000,0x00000007bbf00000)
  from space 33280K, 98% used [0x00000007bdf80000,0x00000007bffa0000,0x00000007c0000000)
  to   space 33280K, 0% used [0x00000007bbf00000,0x00000007bbf00000,0x00000007bdf80000)
 ParOldGen       total 161280K, used 35463K [0x00000006c1800000, 0x00000006cb580000, 0x00000007b9c00000)
  object space 161280K, 21% used [0x00000006c1800000,0x00000006c3aa1e80,0x00000006cb580000)
 Metaspace       used 2707K, capacity 4486K, committed 4864K, reserved 1056768K
  class space    used 302K, capacity 386K, committed 512K, reserved 1048576K
}
{Heap before GC invocations=426 (full 1):
 PSYoungGen      total 69120K, used 68736K [0x00000007b9c00000, 0x00000007c0000000, 0x00000007c0000000)
  eden space 35840K, 100% used [0x00000007b9c00000,0x00000007bbf00000,0x00000007bbf00000)
  from space 33280K, 98% used [0x00000007bdf80000,0x00000007bffa0000,0x00000007c0000000)
  to   space 33280K, 0% used [0x00000007bbf00000,0x00000007bbf00000,0x00000007bdf80000)
 ParOldGen       total 161280K, used 35463K [0x00000006c1800000, 0x00000006cb580000, 0x00000007b9c00000)
  object space 161280K, 21% used [0x00000006c1800000,0x00000006c3aa1e80,0x00000006cb580000)
 Metaspace       used 2707K, capacity 4486K, committed 4864K, reserved 1056768K
  class space    used 302K, capacity 386K, committed 512K, reserved 1048576K
[GC (Allocation Failure)  104199K->68359K(230400K), 0.0337771 secs]
Heap after GC invocations=426 (full 1):
 PSYoungGen      total 69120K, used 32896K [0x00000007b9c00000, 0x00000007c0000000, 0x00000007c0000000)
  eden space 35840K, 0% used [0x00000007b9c00000,0x00000007b9c00000,0x00000007bbf00000)
  from space 33280K, 98% used [0x00000007bbf00000,0x00000007bdf20000,0x00000007bdf80000)
  to   space 33280K, 0% used [0x00000007bdf80000,0x00000007bdf80000,0x00000007c0000000)
 ParOldGen       total 161280K, used 35463K [0x00000006c1800000, 0x00000006cb580000, 0x00000007b9c00000)
  object space 161280K, 21% used [0x00000006c1800000,0x00000006c3aa1e80,0x00000006cb580000)
 Metaspace       used 2707K, capacity 4486K, committed 4864K, reserved 1056768K
  class space    used 302K, capacity 386K, committed 512K, reserved 1048576K
}
{Heap before GC invocations=427 (full 1):
 PSYoungGen      total 69120K, used 68736K [0x00000007b9c00000, 0x00000007c0000000, 0x00000007c0000000)
  eden space 35840K, 100% used [0x00000007b9c00000,0x00000007bbf00000,0x00000007bbf00000)
  from space 33280K, 98% used [0x00000007bbf00000,0x00000007bdf20000,0x00000007bdf80000)
  to   space 33280K, 0% used [0x00000007bdf80000,0x00000007bdf80000,0x00000007c0000000)
 ParOldGen       total 161280K, used 35463K [0x00000006c1800000, 0x00000006cb580000, 0x00000007b9c00000)
  object space 161280K, 21% used [0x00000006c1800000,0x00000006c3aa1e80,0x00000006cb580000)
 Metaspace       used 2707K, capacity 4486K, committed 4864K, reserved 1056768K
  class space    used 302K, capacity 386K, committed 512K, reserved 1048576K
[GC (Allocation Failure)  104199K->68391K(230400K), 0.0345260 secs]
Heap after GC invocations=427 (full 1):
 PSYoungGen      total 69120K, used 32928K [0x00000007b9c00000, 0x00000007c0000000, 0x00000007c0000000)
  eden space 35840K, 0% used [0x00000007b9c00000,0x00000007b9c00000,0x00000007bbf00000)
  from space 33280K, 98% used [0x00000007bdf80000,0x00000007bffa8000,0x00000007c0000000)
  to   space 33280K, 0% used [0x00000007bbf00000,0x00000007bbf00000,0x00000007bdf80000)
 ParOldGen       total 161280K, used 35463K [0x00000006c1800000, 0x00000006cb580000, 0x00000007b9c00000)
  object space 161280K, 21% used [0x00000006c1800000,0x00000006c3aa1e80,0x00000006cb580000)
 Metaspace       used 2707K, capacity 4486K, committed 4864K, reserved 1056768K
  class space    used 302K, capacity 386K, committed 512K, reserved 1048576K
}
{Heap before GC invocations=428 (full 1):
 PSYoungGen      total 69120K, used 68768K [0x00000007b9c00000, 0x00000007c0000000, 0x00000007c0000000)
  eden space 35840K, 100% used [0x00000007b9c00000,0x00000007bbf00000,0x00000007bbf00000)
  from space 33280K, 98% used [0x00000007bdf80000,0x00000007bffa8000,0x00000007c0000000)
  to   space 33280K, 0% used [0x00000007bbf00000,0x00000007bbf00000,0x00000007bdf80000)
 ParOldGen       total 161280K, used 35463K [0x00000006c1800000, 0x00000006cb580000, 0x00000007b9c00000)
  object space 161280K, 21% used [0x00000006c1800000,0x00000006c3aa1e80,0x00000006cb580000)
 Metaspace       used 2707K, capacity 4486K, committed 4864K, reserved 1056768K
  class space    used 302K, capacity 386K, committed 512K, reserved 1048576K
[GC (Allocation Failure)  104231K->68359K(230400K), 0.0339369 secs]
Heap after GC invocations=428 (full 1):
 PSYoungGen      total 69120K, used 32896K [0x00000007b9c00000, 0x00000007c0000000, 0x00000007c0000000)
  eden space 35840K, 0% used [0x00000007b9c00000,0x00000007b9c00000,0x00000007bbf00000)
  from space 33280K, 98% used [0x00000007bbf00000,0x00000007bdf20000,0x00000007bdf80000)
  to   space 33280K, 0% used [0x00000007bdf80000,0x00000007bdf80000,0x00000007c0000000)
 ParOldGen       total 161280K, used 35463K [0x00000006c1800000, 0x00000006cb580000, 0x00000007b9c00000)
  object space 161280K, 21% used [0x00000006c1800000,0x00000006c3aa1e80,0x00000006cb580000)
 Metaspace       used 2707K, capacity 4486K, committed 4864K, reserved 1056768K
  class space    used 302K, capacity 386K, committed 512K, reserved 1048576K
}
{Heap before GC invocations=429 (full 1):
 PSYoungGen      total 69120K, used 68736K [0x00000007b9c00000, 0x00000007c0000000, 0x00000007c0000000)
  eden space 35840K, 100% used [0x00000007b9c00000,0x00000007bbf00000,0x00000007bbf00000)
  from space 33280K, 98% used [0x00000007bbf00000,0x00000007bdf20000,0x00000007bdf80000)
  to   space 33280K, 0% used [0x00000007bdf80000,0x00000007bdf80000,0x00000007c0000000)
 ParOldGen       total 161280K, used 35463K [0x00000006c1800000, 0x00000006cb580000, 0x00000007b9c00000)
  object space 161280K, 21% used [0x00000006c1800000,0x00000006c3aa1e80,0x00000006cb580000)
 Metaspace       used 2707K, capacity 4486K, committed 4864K, reserved 1056768K
  class space    used 302K, capacity 386K, committed 512K, reserved 1048576K
[GC (Allocation Failure)  104199K->68359K(230400K), 0.0332809 secs]
Heap after GC invocations=429 (full 1):
 PSYoungGen      total 69120K, used 32896K [0x00000007b9c00000, 0x00000007c0000000, 0x00000007c0000000)
  eden space 35840K, 0% used [0x00000007b9c00000,0x00000007b9c00000,0x00000007bbf00000)
  from space 33280K, 98% used [0x00000007bdf80000,0x00000007bffa0000,0x00000007c0000000)
  to   space 33280K, 0% used [0x00000007bbf00000,0x00000007bbf00000,0x00000007bdf80000)
 ParOldGen       total 161280K, used 35463K [0x00000006c1800000, 0x00000006cb580000, 0x00000007b9c00000)
  object space 161280K, 21% used [0x00000006c1800000,0x00000006c3aa1e80,0x00000006cb580000)
 Metaspace       used 2707K, capacity 4486K, committed 4864K, reserved 1056768K
  class space    used 302K, capacity 386K, committed 512K, reserved 1048576K
}
{Heap before GC invocations=430 (full 1):
 PSYoungGen      total 69120K, used 68736K [0x00000007b9c00000, 0x00000007c0000000, 0x00000007c0000000)
  eden space 35840K, 100% used [0x00000007b9c00000,0x00000007bbf00000,0x00000007bbf00000)
  from space 33280K, 98% used [0x00000007bdf80000,0x00000007bffa0000,0x00000007c0000000)
  to   space 33280K, 0% used [0x00000007bbf00000,0x00000007bbf00000,0x00000007bdf80000)
 ParOldGen       total 161280K, used 35463K [0x00000006c1800000, 0x00000006cb580000, 0x00000007b9c00000)
  object space 161280K, 21% used [0x00000006c1800000,0x00000006c3aa1e80,0x00000006cb580000)
 Metaspace       used 2707K, capacity 4486K, committed 4864K, reserved 1056768K
  class space    used 302K, capacity 386K, committed 512K, reserved 1048576K
[GC (Allocation Failure)  104199K->68359K(230400K), 0.0337080 secs]
Heap after GC invocations=430 (full 1):
 PSYoungGen      total 69120K, used 32896K [0x00000007b9c00000, 0x00000007c0000000, 0x00000007c0000000)
  eden space 35840K, 0% used [0x00000007b9c00000,0x00000007b9c00000,0x00000007bbf00000)
  from space 33280K, 98% used [0x00000007bbf00000,0x00000007bdf20000,0x00000007bdf80000)
  to   space 33280K, 0% used [0x00000007bdf80000,0x00000007bdf80000,0x00000007c0000000)
 ParOldGen       total 161280K, used 35463K [0x00000006c1800000, 0x00000006cb580000, 0x00000007b9c00000)
  object space 161280K, 21% used [0x00000006c1800000,0x00000006c3aa1e80,0x00000006cb580000)
 Metaspace       used 2707K, capacity 4486K, committed 4864K, reserved 1056768K
  class space    used 302K, capacity 386K, committed 512K, reserved 1048576K
}
{Heap before GC invocations=431 (full 1):
 PSYoungGen      total 69120K, used 68736K [0x00000007b9c00000, 0x00000007c0000000, 0x00000007c0000000)
  eden space 35840K, 100% used [0x00000007b9c00000,0x00000007bbf00000,0x00000007bbf00000)
  from space 33280K, 98% used [0x00000007bbf00000,0x00000007bdf20000,0x00000007bdf80000)
  to   space 33280K, 0% used [0x00000007bdf80000,0x00000007bdf80000,0x00000007c0000000)
 ParOldGen       total 161280K, used 35463K [0x00000006c1800000, 0x00000006cb580000, 0x00000007b9c00000)
  object space 161280K, 21% used [0x00000006c1800000,0x00000006c3aa1e80,0x00000006cb580000)
 Metaspace       used 2707K, capacity 4486K, committed 4864K, reserved 1056768K
  class space    used 302K, capacity 386K, committed 512K, reserved 1048576K
[GC (Allocation Failure)  104199K->68359K(230400K), 0.0317010 secs]
Heap after GC invocations=431 (full 1):
 PSYoungGen      total 69120K, used 32896K [0x00000007b9c00000, 0x00000007c0000000, 0x00000007c0000000)
  eden space 35840K, 0% used [0x00000007b9c00000,0x00000007b9c00000,0x00000007bbf00000)
  from space 33280K, 98% used [0x00000007bdf80000,0x00000007bffa0000,0x00000007c0000000)
  to   space 33280K, 0% used [0x00000007bbf00000,0x00000007bbf00000,0x00000007bdf80000)
 ParOldGen       total 161280K, used 35463K [0x00000006c1800000, 0x00000006cb580000, 0x00000007b9c00000)
  object space 161280K, 21% used [0x00000006c1800000,0x00000006c3aa1e80,0x00000006cb580000)
 Metaspace       used 2707K, capacity 4486K, committed 4864K, reserved 1056768K
  class space    used 302K, capacity 386K, committed 512K, reserved 1048576K
}
{Heap before GC invocations=432 (full 1):
 PSYoungGen      total 69120K, used 68736K [0x00000007b9c00000, 0x00000007c0000000, 0x00000007c0000000)
  eden space 35840K, 100% used [0x00000007b9c00000,0x00000007bbf00000,0x00000007bbf00000)
  from space 33280K, 98% used [0x00000007bdf80000,0x00000007bffa0000,0x00000007c0000000)
  to   space 33280K, 0% used [0x00000007bbf00000,0x00000007bbf00000,0x00000007bdf80000)
 ParOldGen       total 161280K, used 35463K [0x00000006c1800000, 0x00000006cb580000, 0x00000007b9c00000)
  object space 161280K, 21% used [0x00000006c1800000,0x00000006c3aa1e80,0x00000006cb580000)
 Metaspace       used 2707K, capacity 4486K, committed 4864K, reserved 1056768K
  class space    used 302K, capacity 386K, committed 512K, reserved 1048576K
[GC (Allocation Failure)  104199K->68391K(230400K), 0.0338664 secs]
Heap after GC invocations=432 (full 1):
 PSYoungGen      total 69120K, used 32928K [0x00000007b9c00000, 0x00000007c0000000, 0x00000007c0000000)
  eden space 35840K, 0% used [0x00000007b9c00000,0x00000007b9c00000,0x00000007bbf00000)
  from space 33280K, 98% used [0x00000007bbf00000,0x00000007bdf28000,0x00000007bdf80000)
  to   space 33280K, 0% used [0x00000007bdf80000,0x00000007bdf80000,0x00000007c0000000)
 ParOldGen       total 161280K, used 35463K [0x00000006c1800000, 0x00000006cb580000, 0x00000007b9c00000)
  object space 161280K, 21% used [0x00000006c1800000,0x00000006c3aa1e80,0x00000006cb580000)
 Metaspace       used 2707K, capacity 4486K, committed 4864K, reserved 1056768K
  class space    used 302K, capacity 386K, committed 512K, reserved 1048576K
}
{Heap before GC invocations=433 (full 1):
 PSYoungGen      total 69120K, used 68768K [0x00000007b9c00000, 0x00000007c0000000, 0x00000007c0000000)
  eden space 35840K, 100% used [0x00000007b9c00000,0x00000007bbf00000,0x00000007bbf00000)
  from space 33280K, 98% used [0x00000007bbf00000,0x00000007bdf28000,0x00000007bdf80000)
  to   space 33280K, 0% used [0x00000007bdf80000,0x00000007bdf80000,0x00000007c0000000)
 ParOldGen       total 161280K, used 35463K [0x00000006c1800000, 0x00000006cb580000, 0x00000007b9c00000)
  object space 161280K, 21% used [0x00000006c1800000,0x00000006c3aa1e80,0x00000006cb580000)
 Metaspace       used 2707K, capacity 4486K, committed 4864K, reserved 1056768K
  class space    used 302K, capacity 386K, committed 512K, reserved 1048576K
[GC (Allocation Failure)  104231K->68327K(230400K), 0.0319015 secs]
Heap after GC invocations=433 (full 1):
 PSYoungGen      total 69120K, used 32864K [0x00000007b9c00000, 0x00000007c0000000, 0x00000007c0000000)
  eden space 35840K, 0% used [0x00000007b9c00000,0x00000007b9c00000,0x00000007bbf00000)
  from space 33280K, 98% used [0x00000007bdf80000,0x00000007bff98000,0x00000007c0000000)
  to   space 33280K, 0% used [0x00000007bbf00000,0x00000007bbf00000,0x00000007bdf80000)
 ParOldGen       total 161280K, used 35463K [0x00000006c1800000, 0x00000006cb580000, 0x00000007b9c00000)
  object space 161280K, 21% used [0x00000006c1800000,0x00000006c3aa1e80,0x00000006cb580000)
 Metaspace       used 2707K, capacity 4486K, committed 4864K, reserved 1056768K
  class space    used 302K, capacity 386K, committed 512K, reserved 1048576K
}
{Heap before GC invocations=434 (full 1):
 PSYoungGen      total 69120K, used 68704K [0x00000007b9c00000, 0x00000007c0000000, 0x00000007c0000000)
  eden space 35840K, 100% used [0x00000007b9c00000,0x00000007bbf00000,0x00000007bbf00000)
  from space 33280K, 98% used [0x00000007bdf80000,0x00000007bff98000,0x00000007c0000000)
  to   space 33280K, 0% used [0x00000007bbf00000,0x00000007bbf00000,0x00000007bdf80000)
 ParOldGen       total 161280K, used 35463K [0x00000006c1800000, 0x00000006cb580000, 0x00000007b9c00000)
  object space 161280K, 21% used [0x00000006c1800000,0x00000006c3aa1e80,0x00000006cb580000)
 Metaspace       used 2707K, capacity 4486K, committed 4864K, reserved 1056768K
  class space    used 302K, capacity 386K, committed 512K, reserved 1048576K
[GC (Allocation Failure)  104167K->68359K(230400K), 0.0341919 secs]
Heap after GC invocations=434 (full 1):
 PSYoungGen      total 69120K, used 32896K [0x00000007b9c00000, 0x00000007c0000000, 0x00000007c0000000)
  eden space 35840K, 0% used [0x00000007b9c00000,0x00000007b9c00000,0x00000007bbf00000)
  from space 33280K, 98% used [0x00000007bbf00000,0x00000007bdf20000,0x00000007bdf80000)
  to   space 33280K, 0% used [0x00000007bdf80000,0x00000007bdf80000,0x00000007c0000000)
 ParOldGen       total 161280K, used 35463K [0x00000006c1800000, 0x00000006cb580000, 0x00000007b9c00000)
  object space 161280K, 21% used [0x00000006c1800000,0x00000006c3aa1e80,0x00000006cb580000)
 Metaspace       used 2707K, capacity 4486K, committed 4864K, reserved 1056768K
  class space    used 302K, capacity 386K, committed 512K, reserved 1048576K
}
{Heap before GC invocations=435 (full 1):
 PSYoungGen      total 69120K, used 68736K [0x00000007b9c00000, 0x00000007c0000000, 0x00000007c0000000)
  eden space 35840K, 100% used [0x00000007b9c00000,0x00000007bbf00000,0x00000007bbf00000)
  from space 33280K, 98% used [0x00000007bbf00000,0x00000007bdf20000,0x00000007bdf80000)
  to   space 33280K, 0% used [0x00000007bdf80000,0x00000007bdf80000,0x00000007c0000000)
 ParOldGen       total 161280K, used 35463K [0x00000006c1800000, 0x00000006cb580000, 0x00000007b9c00000)
  object space 161280K, 21% used [0x00000006c1800000,0x00000006c3aa1e80,0x00000006cb580000)
 Metaspace       used 2707K, capacity 4486K, committed 4864K, reserved 1056768K
  class space    used 302K, capacity 386K, committed 512K, reserved 1048576K
[GC (Allocation Failure)  104199K->68359K(230400K), 0.0347519 secs]
Heap after GC invocations=435 (full 1):
 PSYoungGen      total 69120K, used 32896K [0x00000007b9c00000, 0x00000007c0000000, 0x00000007c0000000)
  eden space 35840K, 0% used [0x00000007b9c00000,0x00000007b9c00000,0x00000007bbf00000)
  from space 33280K, 98% used [0x00000007bdf80000,0x00000007bffa0000,0x00000007c0000000)
  to   space 33280K, 0% used [0x00000007bbf00000,0x00000007bbf00000,0x00000007bdf80000)
 ParOldGen       total 161280K, used 35463K [0x00000006c1800000, 0x00000006cb580000, 0x00000007b9c00000)
  object space 161280K, 21% used [0x00000006c1800000,0x00000006c3aa1e80,0x00000006cb580000)
 Metaspace       used 2707K, capacity 4486K, committed 4864K, reserved 1056768K
  class space    used 302K, capacity 386K, committed 512K, reserved 1048576K
}
{Heap before GC invocations=436 (full 1):
 PSYoungGen      total 69120K, used 68736K [0x00000007b9c00000, 0x00000007c0000000, 0x00000007c0000000)
  eden space 35840K, 100% used [0x00000007b9c00000,0x00000007bbf00000,0x00000007bbf00000)
  from space 33280K, 98% used [0x00000007bdf80000,0x00000007bffa0000,0x00000007c0000000)
  to   space 33280K, 0% used [0x00000007bbf00000,0x00000007bbf00000,0x00000007bdf80000)
 ParOldGen       total 161280K, used 35463K [0x00000006c1800000, 0x00000006cb580000, 0x00000007b9c00000)
  object space 161280K, 21% used [0x00000006c1800000,0x00000006c3aa1e80,0x00000006cb580000)
 Metaspace       used 2707K, capacity 4486K, committed 4864K, reserved 1056768K
  class space    used 302K, capacity 386K, committed 512K, reserved 1048576K
[GC (Allocation Failure)  104199K->68359K(230400K), 0.0308943 secs]
Heap after GC invocations=436 (full 1):
 PSYoungGen      total 69120K, used 32896K [0x00000007b9c00000, 0x00000007c0000000, 0x00000007c0000000)
  eden space 35840K, 0% used [0x00000007b9c00000,0x00000007b9c00000,0x00000007bbf00000)
  from space 33280K, 98% used [0x00000007bbf00000,0x00000007bdf20000,0x00000007bdf80000)
  to   space 33280K, 0% used [0x00000007bdf80000,0x00000007bdf80000,0x00000007c0000000)
 ParOldGen       total 161280K, used 35463K [0x00000006c1800000, 0x00000006cb580000, 0x00000007b9c00000)
  object space 161280K, 21% used [0x00000006c1800000,0x00000006c3aa1e80,0x00000006cb580000)
 Metaspace       used 2707K, capacity 4486K, committed 4864K, reserved 1056768K
  class space    used 302K, capacity 386K, committed 512K, reserved 1048576K
}
{Heap before GC invocations=437 (full 1):
 PSYoungGen      total 69120K, used 68736K [0x00000007b9c00000, 0x00000007c0000000, 0x00000007c0000000)
  eden space 35840K, 100% used [0x00000007b9c00000,0x00000007bbf00000,0x00000007bbf00000)
  from space 33280K, 98% used [0x00000007bbf00000,0x00000007bdf20000,0x00000007bdf80000)
  to   space 33280K, 0% used [0x00000007bdf80000,0x00000007bdf80000,0x00000007c0000000)
 ParOldGen       total 161280K, used 35463K [0x00000006c1800000, 0x00000006cb580000, 0x00000007b9c00000)
  object space 161280K, 21% used [0x00000006c1800000,0x00000006c3aa1e80,0x00000006cb580000)
 Metaspace       used 2707K, capacity 4486K, committed 4864K, reserved 1056768K
  class space    used 302K, capacity 386K, committed 512K, reserved 1048576K
[GC (Allocation Failure)  104199K->68359K(230400K), 0.0352253 secs]
Heap after GC invocations=437 (full 1):
 PSYoungGen      total 69120K, used 32896K [0x00000007b9c00000, 0x00000007c0000000, 0x00000007c0000000)
  eden space 35840K, 0% used [0x00000007b9c00000,0x00000007b9c00000,0x00000007bbf00000)
  from space 33280K, 98% used [0x00000007bdf80000,0x00000007bffa0000,0x00000007c0000000)
  to   space 33280K, 0% used [0x00000007bbf00000,0x00000007bbf00000,0x00000007bdf80000)
 ParOldGen       total 161280K, used 35463K [0x00000006c1800000, 0x00000006cb580000, 0x00000007b9c00000)
  object space 161280K, 21% used [0x00000006c1800000,0x00000006c3aa1e80,0x00000006cb580000)
 Metaspace       used 2707K, capacity 4486K, committed 4864K, reserved 1056768K
  class space    used 302K, capacity 386K, committed 512K, reserved 1048576K
}
{Heap before GC invocations=438 (full 1):
 PSYoungGen      total 69120K, used 68736K [0x00000007b9c00000, 0x00000007c0000000, 0x00000007c0000000)
  eden space 35840K, 100% used [0x00000007b9c00000,0x00000007bbf00000,0x00000007bbf00000)
  from space 33280K, 98% used [0x00000007bdf80000,0x00000007bffa0000,0x00000007c0000000)
  to   space 33280K, 0% used [0x00000007bbf00000,0x00000007bbf00000,0x00000007bdf80000)
 ParOldGen       total 161280K, used 35463K [0x00000006c1800000, 0x00000006cb580000, 0x00000007b9c00000)
  object space 161280K, 21% used [0x00000006c1800000,0x00000006c3aa1e80,0x00000006cb580000)
 Metaspace       used 2707K, capacity 4486K, committed 4864K, reserved 1056768K
  class space    used 302K, capacity 386K, committed 512K, reserved 1048576K
[GC (Allocation Failure)  104199K->68359K(230400K), 0.0323175 secs]
Heap after GC invocations=438 (full 1):
 PSYoungGen      total 69120K, used 32896K [0x00000007b9c00000, 0x00000007c0000000, 0x00000007c0000000)
  eden space 35840K, 0% used [0x00000007b9c00000,0x00000007b9c00000,0x00000007bbf00000)
  from space 33280K, 98% used [0x00000007bbf00000,0x00000007bdf20000,0x00000007bdf80000)
  to   space 33280K, 0% used [0x00000007bdf80000,0x00000007bdf80000,0x00000007c0000000)
 ParOldGen       total 161280K, used 35463K [0x00000006c1800000, 0x00000006cb580000, 0x00000007b9c00000)
  object space 161280K, 21% used [0x00000006c1800000,0x00000006c3aa1e80,0x00000006cb580000)
 Metaspace       used 2707K, capacity 4486K, committed 4864K, reserved 1056768K
  class space    used 302K, capacity 386K, committed 512K, reserved 1048576K
}
{Heap before GC invocations=439 (full 1):
 PSYoungGen      total 69120K, used 68736K [0x00000007b9c00000, 0x00000007c0000000, 0x00000007c0000000)
  eden space 35840K, 100% used [0x00000007b9c00000,0x00000007bbf00000,0x00000007bbf00000)
  from space 33280K, 98% used [0x00000007bbf00000,0x00000007bdf20000,0x00000007bdf80000)
  to   space 33280K, 0% used [0x00000007bdf80000,0x00000007bdf80000,0x00000007c0000000)
 ParOldGen       total 161280K, used 35463K [0x00000006c1800000, 0x00000006cb580000, 0x00000007b9c00000)
  object space 161280K, 21% used [0x00000006c1800000,0x00000006c3aa1e80,0x00000006cb580000)
 Metaspace       used 2707K, capacity 4486K, committed 4864K, reserved 1056768K
  class space    used 302K, capacity 386K, committed 512K, reserved 1048576K
[GC (Allocation Failure)  104199K->68327K(230400K), 0.0351528 secs]
Heap after GC invocations=439 (full 1):
 PSYoungGen      total 69120K, used 32864K [0x00000007b9c00000, 0x00000007c0000000, 0x00000007c0000000)
  eden space 35840K, 0% used [0x00000007b9c00000,0x00000007b9c00000,0x00000007bbf00000)
  from space 33280K, 98% used [0x00000007bdf80000,0x00000007bff98000,0x00000007c0000000)
  to   space 33280K, 0% used [0x00000007bbf00000,0x00000007bbf00000,0x00000007bdf80000)
 ParOldGen       total 161280K, used 35463K [0x00000006c1800000, 0x00000006cb580000, 0x00000007b9c00000)
  object space 161280K, 21% used [0x00000006c1800000,0x00000006c3aa1e80,0x00000006cb580000)
 Metaspace       used 2707K, capacity 4486K, committed 4864K, reserved 1056768K
  class space    used 302K, capacity 386K, committed 512K, reserved 1048576K
}
{Heap before GC invocations=440 (full 1):
 PSYoungGen      total 69120K, used 68704K [0x00000007b9c00000, 0x00000007c0000000, 0x00000007c0000000)
  eden space 35840K, 100% used [0x00000007b9c00000,0x00000007bbf00000,0x00000007bbf00000)
  from space 33280K, 98% used [0x00000007bdf80000,0x00000007bff98000,0x00000007c0000000)
  to   space 33280K, 0% used [0x00000007bbf00000,0x00000007bbf00000,0x00000007bdf80000)
 ParOldGen       total 161280K, used 35463K [0x00000006c1800000, 0x00000006cb580000, 0x00000007b9c00000)
  object space 161280K, 21% used [0x00000006c1800000,0x00000006c3aa1e80,0x00000006cb580000)
 Metaspace       used 2707K, capacity 4486K, committed 4864K, reserved 1056768K
  class space    used 302K, capacity 386K, committed 512K, reserved 1048576K
[GC (Allocation Failure)  104167K->68359K(230400K), 0.0349607 secs]
Heap after GC invocations=440 (full 1):
 PSYoungGen      total 69120K, used 32896K [0x00000007b9c00000, 0x00000007c0000000, 0x00000007c0000000)
  eden space 35840K, 0% used [0x00000007b9c00000,0x00000007b9c00000,0x00000007bbf00000)
  from space 33280K, 98% used [0x00000007bbf00000,0x00000007bdf20000,0x00000007bdf80000)
  to   space 33280K, 0% used [0x00000007bdf80000,0x00000007bdf80000,0x00000007c0000000)
 ParOldGen       total 161280K, used 35463K [0x00000006c1800000, 0x00000006cb580000, 0x00000007b9c00000)
  object space 161280K, 21% used [0x00000006c1800000,0x00000006c3aa1e80,0x00000006cb580000)
 Metaspace       used 2707K, capacity 4486K, committed 4864K, reserved 1056768K
  class space    used 302K, capacity 386K, committed 512K, reserved 1048576K
}
{Heap before GC invocations=441 (full 1):
 PSYoungGen      total 69120K, used 68736K [0x00000007b9c00000, 0x00000007c0000000, 0x00000007c0000000)
  eden space 35840K, 100% used [0x00000007b9c00000,0x00000007bbf00000,0x00000007bbf00000)
  from space 33280K, 98% used [0x00000007bbf00000,0x00000007bdf20000,0x00000007bdf80000)
  to   space 33280K, 0% used [0x00000007bdf80000,0x00000007bdf80000,0x00000007c0000000)
 ParOldGen       total 161280K, used 35463K [0x00000006c1800000, 0x00000006cb580000, 0x00000007b9c00000)
  object space 161280K, 21% used [0x00000006c1800000,0x00000006c3aa1e80,0x00000006cb580000)
 Metaspace       used 2707K, capacity 4486K, committed 4864K, reserved 1056768K
  class space    used 302K, capacity 386K, committed 512K, reserved 1048576K
[GC (Allocation Failure)  104199K->68359K(230400K), 0.0324604 secs]
Heap after GC invocations=441 (full 1):
 PSYoungGen      total 69120K, used 32896K [0x00000007b9c00000, 0x00000007c0000000, 0x00000007c0000000)
  eden space 35840K, 0% used [0x00000007b9c00000,0x00000007b9c00000,0x00000007bbf00000)
  from space 33280K, 98% used [0x00000007bdf80000,0x00000007bffa0000,0x00000007c0000000)
  to   space 33280K, 0% used [0x00000007bbf00000,0x00000007bbf00000,0x00000007bdf80000)
 ParOldGen       total 161280K, used 35463K [0x00000006c1800000, 0x00000006cb580000, 0x00000007b9c00000)
  object space 161280K, 21% used [0x00000006c1800000,0x00000006c3aa1e80,0x00000006cb580000)
 Metaspace       used 2707K, capacity 4486K, committed 4864K, reserved 1056768K
  class space    used 302K, capacity 386K, committed 512K, reserved 1048576K
}
{Heap before GC invocations=442 (full 1):
 PSYoungGen      total 69120K, used 68736K [0x00000007b9c00000, 0x00000007c0000000, 0x00000007c0000000)
  eden space 35840K, 100% used [0x00000007b9c00000,0x00000007bbf00000,0x00000007bbf00000)
  from space 33280K, 98% used [0x00000007bdf80000,0x00000007bffa0000,0x00000007c0000000)
  to   space 33280K, 0% used [0x00000007bbf00000,0x00000007bbf00000,0x00000007bdf80000)
 ParOldGen       total 161280K, used 35463K [0x00000006c1800000, 0x00000006cb580000, 0x00000007b9c00000)
  object space 161280K, 21% used [0x00000006c1800000,0x00000006c3aa1e80,0x00000006cb580000)
 Metaspace       used 2707K, capacity 4486K, committed 4864K, reserved 1056768K
  class space    used 302K, capacity 386K, committed 512K, reserved 1048576K
[GC (Allocation Failure)  104199K->68391K(230400K), 0.0364265 secs]
Heap after GC invocations=442 (full 1):
 PSYoungGen      total 69120K, used 32928K [0x00000007b9c00000, 0x00000007c0000000, 0x00000007c0000000)
  eden space 35840K, 0% used [0x00000007b9c00000,0x00000007b9c00000,0x00000007bbf00000)
  from space 33280K, 98% used [0x00000007bbf00000,0x00000007bdf28000,0x00000007bdf80000)
  to   space 33280K, 0% used [0x00000007bdf80000,0x00000007bdf80000,0x00000007c0000000)
 ParOldGen       total 161280K, used 35463K [0x00000006c1800000, 0x00000006cb580000, 0x00000007b9c00000)
  object space 161280K, 21% used [0x00000006c1800000,0x00000006c3aa1e80,0x00000006cb580000)
 Metaspace       used 2707K, capacity 4486K, committed 4864K, reserved 1056768K
  class space    used 302K, capacity 386K, committed 512K, reserved 1048576K
}
{Heap before GC invocations=443 (full 1):
 PSYoungGen      total 69120K, used 68768K [0x00000007b9c00000, 0x00000007c0000000, 0x00000007c0000000)
  eden space 35840K, 100% used [0x00000007b9c00000,0x00000007bbf00000,0x00000007bbf00000)
  from space 33280K, 98% used [0x00000007bbf00000,0x00000007bdf28000,0x00000007bdf80000)
  to   space 33280K, 0% used [0x00000007bdf80000,0x00000007bdf80000,0x00000007c0000000)
 ParOldGen       total 161280K, used 35463K [0x00000006c1800000, 0x00000006cb580000, 0x00000007b9c00000)
  object space 161280K, 21% used [0x00000006c1800000,0x00000006c3aa1e80,0x00000006cb580000)
 Metaspace       used 2707K, capacity 4486K, committed 4864K, reserved 1056768K
  class space    used 302K, capacity 386K, committed 512K, reserved 1048576K
[GC (Allocation Failure)  104231K->68359K(230400K), 0.0375332 secs]
Heap after GC invocations=443 (full 1):
 PSYoungGen      total 69120K, used 32896K [0x00000007b9c00000, 0x00000007c0000000, 0x00000007c0000000)
  eden space 35840K, 0% used [0x00000007b9c00000,0x00000007b9c00000,0x00000007bbf00000)
  from space 33280K, 98% used [0x00000007bdf80000,0x00000007bffa0000,0x00000007c0000000)
  to   space 33280K, 0% used [0x00000007bbf00000,0x00000007bbf00000,0x00000007bdf80000)
 ParOldGen       total 161280K, used 35463K [0x00000006c1800000, 0x00000006cb580000, 0x00000007b9c00000)
  object space 161280K, 21% used [0x00000006c1800000,0x00000006c3aa1e80,0x00000006cb580000)
 Metaspace       used 2707K, capacity 4486K, committed 4864K, reserved 1056768K
  class space    used 302K, capacity 386K, committed 512K, reserved 1048576K
}
{Heap before GC invocations=444 (full 1):
 PSYoungGen      total 69120K, used 68736K [0x00000007b9c00000, 0x00000007c0000000, 0x00000007c0000000)
  eden space 35840K, 100% used [0x00000007b9c00000,0x00000007bbf00000,0x00000007bbf00000)
  from space 33280K, 98% used [0x00000007bdf80000,0x00000007bffa0000,0x00000007c0000000)
  to   space 33280K, 0% used [0x00000007bbf00000,0x00000007bbf00000,0x00000007bdf80000)
 ParOldGen       total 161280K, used 35463K [0x00000006c1800000, 0x00000006cb580000, 0x00000007b9c00000)
  object space 161280K, 21% used [0x00000006c1800000,0x00000006c3aa1e80,0x00000006cb580000)
 Metaspace       used 2707K, capacity 4486K, committed 4864K, reserved 1056768K
  class space    used 302K, capacity 386K, committed 512K, reserved 1048576K
[GC (Allocation Failure)  104199K->68359K(230400K), 0.0356793 secs]
Heap after GC invocations=444 (full 1):
 PSYoungGen      total 69120K, used 32896K [0x00000007b9c00000, 0x00000007c0000000, 0x00000007c0000000)
  eden space 35840K, 0% used [0x00000007b9c00000,0x00000007b9c00000,0x00000007bbf00000)
  from space 33280K, 98% used [0x00000007bbf00000,0x00000007bdf20000,0x00000007bdf80000)
  to   space 33280K, 0% used [0x00000007bdf80000,0x00000007bdf80000,0x00000007c0000000)
 ParOldGen       total 161280K, used 35463K [0x00000006c1800000, 0x00000006cb580000, 0x00000007b9c00000)
  object space 161280K, 21% used [0x00000006c1800000,0x00000006c3aa1e80,0x00000006cb580000)
 Metaspace       used 2707K, capacity 4486K, committed 4864K, reserved 1056768K
  class space    used 302K, capacity 386K, committed 512K, reserved 1048576K
}
{Heap before GC invocations=445 (full 1):
 PSYoungGen      total 69120K, used 68736K [0x00000007b9c00000, 0x00000007c0000000, 0x00000007c0000000)
  eden space 35840K, 100% used [0x00000007b9c00000,0x00000007bbf00000,0x00000007bbf00000)
  from space 33280K, 98% used [0x00000007bbf00000,0x00000007bdf20000,0x00000007bdf80000)
  to   space 33280K, 0% used [0x00000007bdf80000,0x00000007bdf80000,0x00000007c0000000)
 ParOldGen       total 161280K, used 35463K [0x00000006c1800000, 0x00000006cb580000, 0x00000007b9c00000)
  object space 161280K, 21% used [0x00000006c1800000,0x00000006c3aa1e80,0x00000006cb580000)
 Metaspace       used 2707K, capacity 4486K, committed 4864K, reserved 1056768K
  class space    used 302K, capacity 386K, committed 512K, reserved 1048576K
[GC (Allocation Failure)  104199K->68391K(230400K), 0.0324057 secs]
Heap after GC invocations=445 (full 1):
 PSYoungGen      total 69120K, used 32928K [0x00000007b9c00000, 0x00000007c0000000, 0x00000007c0000000)
  eden space 35840K, 0% used [0x00000007b9c00000,0x00000007b9c00000,0x00000007bbf00000)
  from space 33280K, 98% used [0x00000007bdf80000,0x00000007bffa8000,0x00000007c0000000)
  to   space 33280K, 0% used [0x00000007bbf00000,0x00000007bbf00000,0x00000007bdf80000)
 ParOldGen       total 161280K, used 35463K [0x00000006c1800000, 0x00000006cb580000, 0x00000007b9c00000)
  object space 161280K, 21% used [0x00000006c1800000,0x00000006c3aa1e80,0x00000006cb580000)
 Metaspace       used 2707K, capacity 4486K, committed 4864K, reserved 1056768K
  class space    used 302K, capacity 386K, committed 512K, reserved 1048576K
}
{Heap before GC invocations=446 (full 1):
 PSYoungGen      total 69120K, used 68768K [0x00000007b9c00000, 0x00000007c0000000, 0x00000007c0000000)
  eden space 35840K, 100% used [0x00000007b9c00000,0x00000007bbf00000,0x00000007bbf00000)
  from space 33280K, 98% used [0x00000007bdf80000,0x00000007bffa8000,0x00000007c0000000)
  to   space 33280K, 0% used [0x00000007bbf00000,0x00000007bbf00000,0x00000007bdf80000)
 ParOldGen       total 161280K, used 35463K [0x00000006c1800000, 0x00000006cb580000, 0x00000007b9c00000)
  object space 161280K, 21% used [0x00000006c1800000,0x00000006c3aa1e80,0x00000006cb580000)
 Metaspace       used 2707K, capacity 4486K, committed 4864K, reserved 1056768K
  class space    used 302K, capacity 386K, committed 512K, reserved 1048576K
[GC (Allocation Failure)  104231K->68359K(230400K), 0.0389779 secs]
Heap after GC invocations=446 (full 1):
 PSYoungGen      total 69120K, used 32896K [0x00000007b9c00000, 0x00000007c0000000, 0x00000007c0000000)
  eden space 35840K, 0% used [0x00000007b9c00000,0x00000007b9c00000,0x00000007bbf00000)
  from space 33280K, 98% used [0x00000007bbf00000,0x00000007bdf20000,0x00000007bdf80000)
  to   space 33280K, 0% used [0x00000007bdf80000,0x00000007bdf80000,0x00000007c0000000)
 ParOldGen       total 161280K, used 35463K [0x00000006c1800000, 0x00000006cb580000, 0x00000007b9c00000)
  object space 161280K, 21% used [0x00000006c1800000,0x00000006c3aa1e80,0x00000006cb580000)
 Metaspace       used 2707K, capacity 4486K, committed 4864K, reserved 1056768K
  class space    used 302K, capacity 386K, committed 512K, reserved 1048576K
}
{Heap before GC invocations=447 (full 1):
 PSYoungGen      total 69120K, used 68736K [0x00000007b9c00000, 0x00000007c0000000, 0x00000007c0000000)
  eden space 35840K, 100% used [0x00000007b9c00000,0x00000007bbf00000,0x00000007bbf00000)
  from space 33280K, 98% used [0x00000007bbf00000,0x00000007bdf20000,0x00000007bdf80000)
  to   space 33280K, 0% used [0x00000007bdf80000,0x00000007bdf80000,0x00000007c0000000)
 ParOldGen       total 161280K, used 35463K [0x00000006c1800000, 0x00000006cb580000, 0x00000007b9c00000)
  object space 161280K, 21% used [0x00000006c1800000,0x00000006c3aa1e80,0x00000006cb580000)
 Metaspace       used 2707K, capacity 4486K, committed 4864K, reserved 1056768K
  class space    used 302K, capacity 386K, committed 512K, reserved 1048576K
[GC (Allocation Failure)  104199K->68359K(230400K), 0.0426301 secs]
Heap after GC invocations=447 (full 1):
 PSYoungGen      total 69120K, used 32896K [0x00000007b9c00000, 0x00000007c0000000, 0x00000007c0000000)
  eden space 35840K, 0% used [0x00000007b9c00000,0x00000007b9c00000,0x00000007bbf00000)
  from space 33280K, 98% used [0x00000007bdf80000,0x00000007bffa0000,0x00000007c0000000)
  to   space 33280K, 0% used [0x00000007bbf00000,0x00000007bbf00000,0x00000007bdf80000)
 ParOldGen       total 161280K, used 35463K [0x00000006c1800000, 0x00000006cb580000, 0x00000007b9c00000)
  object space 161280K, 21% used [0x00000006c1800000,0x00000006c3aa1e80,0x00000006cb580000)
 Metaspace       used 2707K, capacity 4486K, committed 4864K, reserved 1056768K
  class space    used 302K, capacity 386K, committed 512K, reserved 1048576K
}
{Heap before GC invocations=448 (full 1):
 PSYoungGen      total 69120K, used 68736K [0x00000007b9c00000, 0x00000007c0000000, 0x00000007c0000000)
  eden space 35840K, 100% used [0x00000007b9c00000,0x00000007bbf00000,0x00000007bbf00000)
  from space 33280K, 98% used [0x00000007bdf80000,0x00000007bffa0000,0x00000007c0000000)
  to   space 33280K, 0% used [0x00000007bbf00000,0x00000007bbf00000,0x00000007bdf80000)
 ParOldGen       total 161280K, used 35463K [0x00000006c1800000, 0x00000006cb580000, 0x00000007b9c00000)
  object space 161280K, 21% used [0x00000006c1800000,0x00000006c3aa1e80,0x00000006cb580000)
 Metaspace       used 2707K, capacity 4486K, committed 4864K, reserved 1056768K
  class space    used 302K, capacity 386K, committed 512K, reserved 1048576K
[GC (Allocation Failure)  104199K->68359K(230400K), 0.0378267 secs]
Heap after GC invocations=448 (full 1):
 PSYoungGen      total 69120K, used 32896K [0x00000007b9c00000, 0x00000007c0000000, 0x00000007c0000000)
  eden space 35840K, 0% used [0x00000007b9c00000,0x00000007b9c00000,0x00000007bbf00000)
  from space 33280K, 98% used [0x00000007bbf00000,0x00000007bdf20000,0x00000007bdf80000)
  to   space 33280K, 0% used [0x00000007bdf80000,0x00000007bdf80000,0x00000007c0000000)
 ParOldGen       total 161280K, used 35463K [0x00000006c1800000, 0x00000006cb580000, 0x00000007b9c00000)
  object space 161280K, 21% used [0x00000006c1800000,0x00000006c3aa1e80,0x00000006cb580000)
 Metaspace       used 2707K, capacity 4486K, committed 4864K, reserved 1056768K
  class space    used 302K, capacity 386K, committed 512K, reserved 1048576K
}
{Heap before GC invocations=449 (full 1):
 PSYoungGen      total 69120K, used 68736K [0x00000007b9c00000, 0x00000007c0000000, 0x00000007c0000000)
  eden space 35840K, 100% used [0x00000007b9c00000,0x00000007bbf00000,0x00000007bbf00000)
  from space 33280K, 98% used [0x00000007bbf00000,0x00000007bdf20000,0x00000007bdf80000)
  to   space 33280K, 0% used [0x00000007bdf80000,0x00000007bdf80000,0x00000007c0000000)
 ParOldGen       total 161280K, used 35463K [0x00000006c1800000, 0x00000006cb580000, 0x00000007b9c00000)
  object space 161280K, 21% used [0x00000006c1800000,0x00000006c3aa1e80,0x00000006cb580000)
 Metaspace       used 2707K, capacity 4486K, committed 4864K, reserved 1056768K
  class space    used 302K, capacity 386K, committed 512K, reserved 1048576K
[GC (Allocation Failure)  104199K->68391K(230400K), 0.0457577 secs]
Heap after GC invocations=449 (full 1):
 PSYoungGen      total 69120K, used 32928K [0x00000007b9c00000, 0x00000007c0000000, 0x00000007c0000000)
  eden space 35840K, 0% used [0x00000007b9c00000,0x00000007b9c00000,0x00000007bbf00000)
  from space 33280K, 98% used [0x00000007bdf80000,0x00000007bffa8000,0x00000007c0000000)
  to   space 33280K, 0% used [0x00000007bbf00000,0x00000007bbf00000,0x00000007bdf80000)
 ParOldGen       total 161280K, used 35463K [0x00000006c1800000, 0x00000006cb580000, 0x00000007b9c00000)
  object space 161280K, 21% used [0x00000006c1800000,0x00000006c3aa1e80,0x00000006cb580000)
 Metaspace       used 2707K, capacity 4486K, committed 4864K, reserved 1056768K
  class space    used 302K, capacity 386K, committed 512K, reserved 1048576K
}
{Heap before GC invocations=450 (full 1):
 PSYoungGen      total 69120K, used 68768K [0x00000007b9c00000, 0x00000007c0000000, 0x00000007c0000000)
  eden space 35840K, 100% used [0x00000007b9c00000,0x00000007bbf00000,0x00000007bbf00000)
  from space 33280K, 98% used [0x00000007bdf80000,0x00000007bffa8000,0x00000007c0000000)
  to   space 33280K, 0% used [0x00000007bbf00000,0x00000007bbf00000,0x00000007bdf80000)
 ParOldGen       total 161280K, used 35463K [0x00000006c1800000, 0x00000006cb580000, 0x00000007b9c00000)
  object space 161280K, 21% used [0x00000006c1800000,0x00000006c3aa1e80,0x00000006cb580000)
 Metaspace       used 2707K, capacity 4486K, committed 4864K, reserved 1056768K
  class space    used 302K, capacity 386K, committed 512K, reserved 1048576K
[GC (Allocation Failure)  104231K->68391K(230400K), 0.0376360 secs]
Heap after GC invocations=450 (full 1):
 PSYoungGen      total 69120K, used 32928K [0x00000007b9c00000, 0x00000007c0000000, 0x00000007c0000000)
  eden space 35840K, 0% used [0x00000007b9c00000,0x00000007b9c00000,0x00000007bbf00000)
  from space 33280K, 98% used [0x00000007bbf00000,0x00000007bdf28000,0x00000007bdf80000)
  to   space 33280K, 0% used [0x00000007bdf80000,0x00000007bdf80000,0x00000007c0000000)
 ParOldGen       total 161280K, used 35463K [0x00000006c1800000, 0x00000006cb580000, 0x00000007b9c00000)
  object space 161280K, 21% used [0x00000006c1800000,0x00000006c3aa1e80,0x00000006cb580000)
 Metaspace       used 2707K, capacity 4486K, committed 4864K, reserved 1056768K
  class space    used 302K, capacity 386K, committed 512K, reserved 1048576K
}
{Heap before GC invocations=451 (full 1):
 PSYoungGen      total 69120K, used 68768K [0x00000007b9c00000, 0x00000007c0000000, 0x00000007c0000000)
  eden space 35840K, 100% used [0x00000007b9c00000,0x00000007bbf00000,0x00000007bbf00000)
  from space 33280K, 98% used [0x00000007bbf00000,0x00000007bdf28000,0x00000007bdf80000)
  to   space 33280K, 0% used [0x00000007bdf80000,0x00000007bdf80000,0x00000007c0000000)
 ParOldGen       total 161280K, used 35463K [0x00000006c1800000, 0x00000006cb580000, 0x00000007b9c00000)
  object space 161280K, 21% used [0x00000006c1800000,0x00000006c3aa1e80,0x00000006cb580000)
 Metaspace       used 2707K, capacity 4486K, committed 4864K, reserved 1056768K
  class space    used 302K, capacity 386K, committed 512K, reserved 1048576K
[GC (Allocation Failure)  104231K->68391K(230400K), 0.0366434 secs]
Heap after GC invocations=451 (full 1):
 PSYoungGen      total 69120K, used 32928K [0x00000007b9c00000, 0x00000007c0000000, 0x00000007c0000000)
  eden space 35840K, 0% used [0x00000007b9c00000,0x00000007b9c00000,0x00000007bbf00000)
  from space 33280K, 98% used [0x00000007bdf80000,0x00000007bffa8000,0x00000007c0000000)
  to   space 33280K, 0% used [0x00000007bbf00000,0x00000007bbf00000,0x00000007bdf80000)
 ParOldGen       total 161280K, used 35463K [0x00000006c1800000, 0x00000006cb580000, 0x00000007b9c00000)
  object space 161280K, 21% used [0x00000006c1800000,0x00000006c3aa1e80,0x00000006cb580000)
 Metaspace       used 2707K, capacity 4486K, committed 4864K, reserved 1056768K
  class space    used 302K, capacity 386K, committed 512K, reserved 1048576K
}
{Heap before GC invocations=452 (full 1):
 PSYoungGen      total 69120K, used 68768K [0x00000007b9c00000, 0x00000007c0000000, 0x00000007c0000000)
  eden space 35840K, 100% used [0x00000007b9c00000,0x00000007bbf00000,0x00000007bbf00000)
  from space 33280K, 98% used [0x00000007bdf80000,0x00000007bffa8000,0x00000007c0000000)
  to   space 33280K, 0% used [0x00000007bbf00000,0x00000007bbf00000,0x00000007bdf80000)
 ParOldGen       total 161280K, used 35463K [0x00000006c1800000, 0x00000006cb580000, 0x00000007b9c00000)
  object space 161280K, 21% used [0x00000006c1800000,0x00000006c3aa1e80,0x00000006cb580000)
 Metaspace       used 2707K, capacity 4486K, committed 4864K, reserved 1056768K
  class space    used 302K, capacity 386K, committed 512K, reserved 1048576K
[GC (Allocation Failure)  104231K->68391K(230400K), 0.0350418 secs]
Heap after GC invocations=452 (full 1):
 PSYoungGen      total 69120K, used 32928K [0x00000007b9c00000, 0x00000007c0000000, 0x00000007c0000000)
  eden space 35840K, 0% used [0x00000007b9c00000,0x00000007b9c00000,0x00000007bbf00000)
  from space 33280K, 98% used [0x00000007bbf00000,0x00000007bdf28000,0x00000007bdf80000)
  to   space 33280K, 0% used [0x00000007bdf80000,0x00000007bdf80000,0x00000007c0000000)
 ParOldGen       total 161280K, used 35463K [0x00000006c1800000, 0x00000006cb580000, 0x00000007b9c00000)
  object space 161280K, 21% used [0x00000006c1800000,0x00000006c3aa1e80,0x00000006cb580000)
 Metaspace       used 2707K, capacity 4486K, committed 4864K, reserved 1056768K
  class space    used 302K, capacity 386K, committed 512K, reserved 1048576K
}
{Heap before GC invocations=453 (full 1):
 PSYoungGen      total 69120K, used 68768K [0x00000007b9c00000, 0x00000007c0000000, 0x00000007c0000000)
  eden space 35840K, 100% used [0x00000007b9c00000,0x00000007bbf00000,0x00000007bbf00000)
  from space 33280K, 98% used [0x00000007bbf00000,0x00000007bdf28000,0x00000007bdf80000)
  to   space 33280K, 0% used [0x00000007bdf80000,0x00000007bdf80000,0x00000007c0000000)
 ParOldGen       total 161280K, used 35463K [0x00000006c1800000, 0x00000006cb580000, 0x00000007b9c00000)
  object space 161280K, 21% used [0x00000006c1800000,0x00000006c3aa1e80,0x00000006cb580000)
 Metaspace       used 2707K, capacity 4486K, committed 4864K, reserved 1056768K
  class space    used 302K, capacity 386K, committed 512K, reserved 1048576K
[GC (Allocation Failure)  104231K->68359K(230400K), 0.0336220 secs]
Heap after GC invocations=453 (full 1):
 PSYoungGen      total 69120K, used 32896K [0x00000007b9c00000, 0x00000007c0000000, 0x00000007c0000000)
  eden space 35840K, 0% used [0x00000007b9c00000,0x00000007b9c00000,0x00000007bbf00000)
  from space 33280K, 98% used [0x00000007bdf80000,0x00000007bffa0000,0x00000007c0000000)
  to   space 33280K, 0% used [0x00000007bbf00000,0x00000007bbf00000,0x00000007bdf80000)
 ParOldGen       total 161280K, used 35463K [0x00000006c1800000, 0x00000006cb580000, 0x00000007b9c00000)
  object space 161280K, 21% used [0x00000006c1800000,0x00000006c3aa1e80,0x00000006cb580000)
 Metaspace       used 2707K, capacity 4486K, committed 4864K, reserved 1056768K
  class space    used 302K, capacity 386K, committed 512K, reserved 1048576K
}
{Heap before GC invocations=454 (full 1):
 PSYoungGen      total 69120K, used 68736K [0x00000007b9c00000, 0x00000007c0000000, 0x00000007c0000000)
  eden space 35840K, 100% used [0x00000007b9c00000,0x00000007bbf00000,0x00000007bbf00000)
  from space 33280K, 98% used [0x00000007bdf80000,0x00000007bffa0000,0x00000007c0000000)
  to   space 33280K, 0% used [0x00000007bbf00000,0x00000007bbf00000,0x00000007bdf80000)
 ParOldGen       total 161280K, used 35463K [0x00000006c1800000, 0x00000006cb580000, 0x00000007b9c00000)
  object space 161280K, 21% used [0x00000006c1800000,0x00000006c3aa1e80,0x00000006cb580000)
 Metaspace       used 2707K, capacity 4486K, committed 4864K, reserved 1056768K
  class space    used 302K, capacity 386K, committed 512K, reserved 1048576K
[GC (Allocation Failure)  104199K->68359K(230400K), 0.0317999 secs]
Heap after GC invocations=454 (full 1):
 PSYoungGen      total 69120K, used 32896K [0x00000007b9c00000, 0x00000007c0000000, 0x00000007c0000000)
  eden space 35840K, 0% used [0x00000007b9c00000,0x00000007b9c00000,0x00000007bbf00000)
  from space 33280K, 98% used [0x00000007bbf00000,0x00000007bdf20000,0x00000007bdf80000)
  to   space 33280K, 0% used [0x00000007bdf80000,0x00000007bdf80000,0x00000007c0000000)
 ParOldGen       total 161280K, used 35463K [0x00000006c1800000, 0x00000006cb580000, 0x00000007b9c00000)
  object space 161280K, 21% used [0x00000006c1800000,0x00000006c3aa1e80,0x00000006cb580000)
 Metaspace       used 2707K, capacity 4486K, committed 4864K, reserved 1056768K
  class space    used 302K, capacity 386K, committed 512K, reserved 1048576K
}
{Heap before GC invocations=455 (full 1):
 PSYoungGen      total 69120K, used 68736K [0x00000007b9c00000, 0x00000007c0000000, 0x00000007c0000000)
  eden space 35840K, 100% used [0x00000007b9c00000,0x00000007bbf00000,0x00000007bbf00000)
  from space 33280K, 98% used [0x00000007bbf00000,0x00000007bdf20000,0x00000007bdf80000)
  to   space 33280K, 0% used [0x00000007bdf80000,0x00000007bdf80000,0x00000007c0000000)
 ParOldGen       total 161280K, used 35463K [0x00000006c1800000, 0x00000006cb580000, 0x00000007b9c00000)
  object space 161280K, 21% used [0x00000006c1800000,0x00000006c3aa1e80,0x00000006cb580000)
 Metaspace       used 2707K, capacity 4486K, committed 4864K, reserved 1056768K
  class space    used 302K, capacity 386K, committed 512K, reserved 1048576K
[GC (Allocation Failure)  104199K->68359K(230400K), 0.0367649 secs]
Heap after GC invocations=455 (full 1):
 PSYoungGen      total 69120K, used 32896K [0x00000007b9c00000, 0x00000007c0000000, 0x00000007c0000000)
  eden space 35840K, 0% used [0x00000007b9c00000,0x00000007b9c00000,0x00000007bbf00000)
  from space 33280K, 98% used [0x00000007bdf80000,0x00000007bffa0000,0x00000007c0000000)
  to   space 33280K, 0% used [0x00000007bbf00000,0x00000007bbf00000,0x00000007bdf80000)
 ParOldGen       total 161280K, used 35463K [0x00000006c1800000, 0x00000006cb580000, 0x00000007b9c00000)
  object space 161280K, 21% used [0x00000006c1800000,0x00000006c3aa1e80,0x00000006cb580000)
 Metaspace       used 2707K, capacity 4486K, committed 4864K, reserved 1056768K
  class space    used 302K, capacity 386K, committed 512K, reserved 1048576K
}
{Heap before GC invocations=456 (full 1):
 PSYoungGen      total 69120K, used 68736K [0x00000007b9c00000, 0x00000007c0000000, 0x00000007c0000000)
  eden space 35840K, 100% used [0x00000007b9c00000,0x00000007bbf00000,0x00000007bbf00000)
  from space 33280K, 98% used [0x00000007bdf80000,0x00000007bffa0000,0x00000007c0000000)
  to   space 33280K, 0% used [0x00000007bbf00000,0x00000007bbf00000,0x00000007bdf80000)
 ParOldGen       total 161280K, used 35463K [0x00000006c1800000, 0x00000006cb580000, 0x00000007b9c00000)
  object space 161280K, 21% used [0x00000006c1800000,0x00000006c3aa1e80,0x00000006cb580000)
 Metaspace       used 2707K, capacity 4486K, committed 4864K, reserved 1056768K
  class space    used 302K, capacity 386K, committed 512K, reserved 1048576K
[GC (Allocation Failure)  104199K->68359K(230400K), 0.0318976 secs]
Heap after GC invocations=456 (full 1):
 PSYoungGen      total 69120K, used 32896K [0x00000007b9c00000, 0x00000007c0000000, 0x00000007c0000000)
  eden space 35840K, 0% used [0x00000007b9c00000,0x00000007b9c00000,0x00000007bbf00000)
  from space 33280K, 98% used [0x00000007bbf00000,0x00000007bdf20000,0x00000007bdf80000)
  to   space 33280K, 0% used [0x00000007bdf80000,0x00000007bdf80000,0x00000007c0000000)
 ParOldGen       total 161280K, used 35463K [0x00000006c1800000, 0x00000006cb580000, 0x00000007b9c00000)
  object space 161280K, 21% used [0x00000006c1800000,0x00000006c3aa1e80,0x00000006cb580000)
 Metaspace       used 2707K, capacity 4486K, committed 4864K, reserved 1056768K
  class space    used 302K, capacity 386K, committed 512K, reserved 1048576K
}
{Heap before GC invocations=457 (full 1):
 PSYoungGen      total 69120K, used 68736K [0x00000007b9c00000, 0x00000007c0000000, 0x00000007c0000000)
  eden space 35840K, 100% used [0x00000007b9c00000,0x00000007bbf00000,0x00000007bbf00000)
  from space 33280K, 98% used [0x00000007bbf00000,0x00000007bdf20000,0x00000007bdf80000)
  to   space 33280K, 0% used [0x00000007bdf80000,0x00000007bdf80000,0x00000007c0000000)
 ParOldGen       total 161280K, used 35463K [0x00000006c1800000, 0x00000006cb580000, 0x00000007b9c00000)
  object space 161280K, 21% used [0x00000006c1800000,0x00000006c3aa1e80,0x00000006cb580000)
 Metaspace       used 2707K, capacity 4486K, committed 4864K, reserved 1056768K
  class space    used 302K, capacity 386K, committed 512K, reserved 1048576K
[GC (Allocation Failure)  104199K->68359K(230400K), 0.0328052 secs]
Heap after GC invocations=457 (full 1):
 PSYoungGen      total 69120K, used 32896K [0x00000007b9c00000, 0x00000007c0000000, 0x00000007c0000000)
  eden space 35840K, 0% used [0x00000007b9c00000,0x00000007b9c00000,0x00000007bbf00000)
  from space 33280K, 98% used [0x00000007bdf80000,0x00000007bffa0000,0x00000007c0000000)
  to   space 33280K, 0% used [0x00000007bbf00000,0x00000007bbf00000,0x00000007bdf80000)
 ParOldGen       total 161280K, used 35463K [0x00000006c1800000, 0x00000006cb580000, 0x00000007b9c00000)
  object space 161280K, 21% used [0x00000006c1800000,0x00000006c3aa1e80,0x00000006cb580000)
 Metaspace       used 2707K, capacity 4486K, committed 4864K, reserved 1056768K
  class space    used 302K, capacity 386K, committed 512K, reserved 1048576K
}
{Heap before GC invocations=458 (full 1):
 PSYoungGen      total 69120K, used 68736K [0x00000007b9c00000, 0x00000007c0000000, 0x00000007c0000000)
  eden space 35840K, 100% used [0x00000007b9c00000,0x00000007bbf00000,0x00000007bbf00000)
  from space 33280K, 98% used [0x00000007bdf80000,0x00000007bffa0000,0x00000007c0000000)
  to   space 33280K, 0% used [0x00000007bbf00000,0x00000007bbf00000,0x00000007bdf80000)
 ParOldGen       total 161280K, used 35463K [0x00000006c1800000, 0x00000006cb580000, 0x00000007b9c00000)
  object space 161280K, 21% used [0x00000006c1800000,0x00000006c3aa1e80,0x00000006cb580000)
 Metaspace       used 2707K, capacity 4486K, committed 4864K, reserved 1056768K
  class space    used 302K, capacity 386K, committed 512K, reserved 1048576K
[GC (Allocation Failure)  104199K->68359K(230400K), 0.0327830 secs]
Heap after GC invocations=458 (full 1):
 PSYoungGen      total 69120K, used 32896K [0x00000007b9c00000, 0x00000007c0000000, 0x00000007c0000000)
  eden space 35840K, 0% used [0x00000007b9c00000,0x00000007b9c00000,0x00000007bbf00000)
  from space 33280K, 98% used [0x00000007bbf00000,0x00000007bdf20000,0x00000007bdf80000)
  to   space 33280K, 0% used [0x00000007bdf80000,0x00000007bdf80000,0x00000007c0000000)
 ParOldGen       total 161280K, used 35463K [0x00000006c1800000, 0x00000006cb580000, 0x00000007b9c00000)
  object space 161280K, 21% used [0x00000006c1800000,0x00000006c3aa1e80,0x00000006cb580000)
 Metaspace       used 2707K, capacity 4486K, committed 4864K, reserved 1056768K
  class space    used 302K, capacity 386K, committed 512K, reserved 1048576K
}
{Heap before GC invocations=459 (full 1):
 PSYoungGen      total 69120K, used 68736K [0x00000007b9c00000, 0x00000007c0000000, 0x00000007c0000000)
  eden space 35840K, 100% used [0x00000007b9c00000,0x00000007bbf00000,0x00000007bbf00000)
  from space 33280K, 98% used [0x00000007bbf00000,0x00000007bdf20000,0x00000007bdf80000)
  to   space 33280K, 0% used [0x00000007bdf80000,0x00000007bdf80000,0x00000007c0000000)
 ParOldGen       total 161280K, used 35463K [0x00000006c1800000, 0x00000006cb580000, 0x00000007b9c00000)
  object space 161280K, 21% used [0x00000006c1800000,0x00000006c3aa1e80,0x00000006cb580000)
 Metaspace       used 2707K, capacity 4486K, committed 4864K, reserved 1056768K
  class space    used 302K, capacity 386K, committed 512K, reserved 1048576K
[GC (Allocation Failure)  104199K->68359K(230400K), 0.0356810 secs]
Heap after GC invocations=459 (full 1):
 PSYoungGen      total 69120K, used 32896K [0x00000007b9c00000, 0x00000007c0000000, 0x00000007c0000000)
  eden space 35840K, 0% used [0x00000007b9c00000,0x00000007b9c00000,0x00000007bbf00000)
  from space 33280K, 98% used [0x00000007bdf80000,0x00000007bffa0000,0x00000007c0000000)
  to   space 33280K, 0% used [0x00000007bbf00000,0x00000007bbf00000,0x00000007bdf80000)
 ParOldGen       total 161280K, used 35463K [0x00000006c1800000, 0x00000006cb580000, 0x00000007b9c00000)
  object space 161280K, 21% used [0x00000006c1800000,0x00000006c3aa1e80,0x00000006cb580000)
 Metaspace       used 2707K, capacity 4486K, committed 4864K, reserved 1056768K
  class space    used 302K, capacity 386K, committed 512K, reserved 1048576K
}
{Heap before GC invocations=460 (full 1):
 PSYoungGen      total 69120K, used 68736K [0x00000007b9c00000, 0x00000007c0000000, 0x00000007c0000000)
  eden space 35840K, 100% used [0x00000007b9c00000,0x00000007bbf00000,0x00000007bbf00000)
  from space 33280K, 98% used [0x00000007bdf80000,0x00000007bffa0000,0x00000007c0000000)
  to   space 33280K, 0% used [0x00000007bbf00000,0x00000007bbf00000,0x00000007bdf80000)
 ParOldGen       total 161280K, used 35463K [0x00000006c1800000, 0x00000006cb580000, 0x00000007b9c00000)
  object space 161280K, 21% used [0x00000006c1800000,0x00000006c3aa1e80,0x00000006cb580000)
 Metaspace       used 2707K, capacity 4486K, committed 4864K, reserved 1056768K
  class space    used 302K, capacity 386K, committed 512K, reserved 1048576K
[GC (Allocation Failure)  104199K->68359K(230400K), 0.0330215 secs]
Heap after GC invocations=460 (full 1):
 PSYoungGen      total 69120K, used 32896K [0x00000007b9c00000, 0x00000007c0000000, 0x00000007c0000000)
  eden space 35840K, 0% used [0x00000007b9c00000,0x00000007b9c00000,0x00000007bbf00000)
  from space 33280K, 98% used [0x00000007bbf00000,0x00000007bdf20000,0x00000007bdf80000)
  to   space 33280K, 0% used [0x00000007bdf80000,0x00000007bdf80000,0x00000007c0000000)
 ParOldGen       total 161280K, used 35463K [0x00000006c1800000, 0x00000006cb580000, 0x00000007b9c00000)
  object space 161280K, 21% used [0x00000006c1800000,0x00000006c3aa1e80,0x00000006cb580000)
 Metaspace       used 2707K, capacity 4486K, committed 4864K, reserved 1056768K
  class space    used 302K, capacity 386K, committed 512K, reserved 1048576K
}
{Heap before GC invocations=461 (full 1):
 PSYoungGen      total 69120K, used 68736K [0x00000007b9c00000, 0x00000007c0000000, 0x00000007c0000000)
  eden space 35840K, 100% used [0x00000007b9c00000,0x00000007bbf00000,0x00000007bbf00000)
  from space 33280K, 98% used [0x00000007bbf00000,0x00000007bdf20000,0x00000007bdf80000)
  to   space 33280K, 0% used [0x00000007bdf80000,0x00000007bdf80000,0x00000007c0000000)
 ParOldGen       total 161280K, used 35463K [0x00000006c1800000, 0x00000006cb580000, 0x00000007b9c00000)
  object space 161280K, 21% used [0x00000006c1800000,0x00000006c3aa1e80,0x00000006cb580000)
 Metaspace       used 2707K, capacity 4486K, committed 4864K, reserved 1056768K
  class space    used 302K, capacity 386K, committed 512K, reserved 1048576K
[GC (Allocation Failure)  104199K->68359K(230400K), 0.0326025 secs]
Heap after GC invocations=461 (full 1):
 PSYoungGen      total 69120K, used 32896K [0x00000007b9c00000, 0x00000007c0000000, 0x00000007c0000000)
  eden space 35840K, 0% used [0x00000007b9c00000,0x00000007b9c00000,0x00000007bbf00000)
  from space 33280K, 98% used [0x00000007bdf80000,0x00000007bffa0000,0x00000007c0000000)
  to   space 33280K, 0% used [0x00000007bbf00000,0x00000007bbf00000,0x00000007bdf80000)
 ParOldGen       total 161280K, used 35463K [0x00000006c1800000, 0x00000006cb580000, 0x00000007b9c00000)
  object space 161280K, 21% used [0x00000006c1800000,0x00000006c3aa1e80,0x00000006cb580000)
 Metaspace       used 2707K, capacity 4486K, committed 4864K, reserved 1056768K
  class space    used 302K, capacity 386K, committed 512K, reserved 1048576K
}
{Heap before GC invocations=462 (full 1):
 PSYoungGen      total 69120K, used 68736K [0x00000007b9c00000, 0x00000007c0000000, 0x00000007c0000000)
  eden space 35840K, 100% used [0x00000007b9c00000,0x00000007bbf00000,0x00000007bbf00000)
  from space 33280K, 98% used [0x00000007bdf80000,0x00000007bffa0000,0x00000007c0000000)
  to   space 33280K, 0% used [0x00000007bbf00000,0x00000007bbf00000,0x00000007bdf80000)
 ParOldGen       total 161280K, used 35463K [0x00000006c1800000, 0x00000006cb580000, 0x00000007b9c00000)
  object space 161280K, 21% used [0x00000006c1800000,0x00000006c3aa1e80,0x00000006cb580000)
 Metaspace       used 2707K, capacity 4486K, committed 4864K, reserved 1056768K
  class space    used 302K, capacity 386K, committed 512K, reserved 1048576K
[GC (Allocation Failure)  104199K->68327K(230400K), 0.0365051 secs]
Heap after GC invocations=462 (full 1):
 PSYoungGen      total 69120K, used 32864K [0x00000007b9c00000, 0x00000007c0000000, 0x00000007c0000000)
  eden space 35840K, 0% used [0x00000007b9c00000,0x00000007b9c00000,0x00000007bbf00000)
  from space 33280K, 98% used [0x00000007bbf00000,0x00000007bdf18000,0x00000007bdf80000)
  to   space 33280K, 0% used [0x00000007bdf80000,0x00000007bdf80000,0x00000007c0000000)
 ParOldGen       total 161280K, used 35463K [0x00000006c1800000, 0x00000006cb580000, 0x00000007b9c00000)
  object space 161280K, 21% used [0x00000006c1800000,0x00000006c3aa1e80,0x00000006cb580000)
 Metaspace       used 2707K, capacity 4486K, committed 4864K, reserved 1056768K
  class space    used 302K, capacity 386K, committed 512K, reserved 1048576K
}
{Heap before GC invocations=463 (full 1):
 PSYoungGen      total 69120K, used 68704K [0x00000007b9c00000, 0x00000007c0000000, 0x00000007c0000000)
  eden space 35840K, 100% used [0x00000007b9c00000,0x00000007bbf00000,0x00000007bbf00000)
  from space 33280K, 98% used [0x00000007bbf00000,0x00000007bdf18000,0x00000007bdf80000)
  to   space 33280K, 0% used [0x00000007bdf80000,0x00000007bdf80000,0x00000007c0000000)
 ParOldGen       total 161280K, used 35463K [0x00000006c1800000, 0x00000006cb580000, 0x00000007b9c00000)
  object space 161280K, 21% used [0x00000006c1800000,0x00000006c3aa1e80,0x00000006cb580000)
 Metaspace       used 2707K, capacity 4486K, committed 4864K, reserved 1056768K
  class space    used 302K, capacity 386K, committed 512K, reserved 1048576K
[GC (Allocation Failure)  104167K->68391K(230400K), 0.0334617 secs]
Heap after GC invocations=463 (full 1):
 PSYoungGen      total 69120K, used 32928K [0x00000007b9c00000, 0x00000007c0000000, 0x00000007c0000000)
  eden space 35840K, 0% used [0x00000007b9c00000,0x00000007b9c00000,0x00000007bbf00000)
  from space 33280K, 98% used [0x00000007bdf80000,0x00000007bffa8000,0x00000007c0000000)
  to   space 33280K, 0% used [0x00000007bbf00000,0x00000007bbf00000,0x00000007bdf80000)
 ParOldGen       total 161280K, used 35463K [0x00000006c1800000, 0x00000006cb580000, 0x00000007b9c00000)
  object space 161280K, 21% used [0x00000006c1800000,0x00000006c3aa1e80,0x00000006cb580000)
 Metaspace       used 2707K, capacity 4486K, committed 4864K, reserved 1056768K
  class space    used 302K, capacity 386K, committed 512K, reserved 1048576K
}
{Heap before GC invocations=464 (full 1):
 PSYoungGen      total 69120K, used 68768K [0x00000007b9c00000, 0x00000007c0000000, 0x00000007c0000000)
  eden space 35840K, 100% used [0x00000007b9c00000,0x00000007bbf00000,0x00000007bbf00000)
  from space 33280K, 98% used [0x00000007bdf80000,0x00000007bffa8000,0x00000007c0000000)
  to   space 33280K, 0% used [0x00000007bbf00000,0x00000007bbf00000,0x00000007bdf80000)
 ParOldGen       total 161280K, used 35463K [0x00000006c1800000, 0x00000006cb580000, 0x00000007b9c00000)
  object space 161280K, 21% used [0x00000006c1800000,0x00000006c3aa1e80,0x00000006cb580000)
 Metaspace       used 2707K, capacity 4486K, committed 4864K, reserved 1056768K
  class space    used 302K, capacity 386K, committed 512K, reserved 1048576K
[GC (Allocation Failure)  104231K->68359K(230400K), 0.0323169 secs]
Heap after GC invocations=464 (full 1):
 PSYoungGen      total 69120K, used 32896K [0x00000007b9c00000, 0x00000007c0000000, 0x00000007c0000000)
  eden space 35840K, 0% used [0x00000007b9c00000,0x00000007b9c00000,0x00000007bbf00000)
  from space 33280K, 98% used [0x00000007bbf00000,0x00000007bdf20000,0x00000007bdf80000)
  to   space 33280K, 0% used [0x00000007bdf80000,0x00000007bdf80000,0x00000007c0000000)
 ParOldGen       total 161280K, used 35463K [0x00000006c1800000, 0x00000006cb580000, 0x00000007b9c00000)
  object space 161280K, 21% used [0x00000006c1800000,0x00000006c3aa1e80,0x00000006cb580000)
 Metaspace       used 2707K, capacity 4486K, committed 4864K, reserved 1056768K
  class space    used 302K, capacity 386K, committed 512K, reserved 1048576K
}
{Heap before GC invocations=465 (full 1):
 PSYoungGen      total 69120K, used 68736K [0x00000007b9c00000, 0x00000007c0000000, 0x00000007c0000000)
  eden space 35840K, 100% used [0x00000007b9c00000,0x00000007bbf00000,0x00000007bbf00000)
  from space 33280K, 98% used [0x00000007bbf00000,0x00000007bdf20000,0x00000007bdf80000)
  to   space 33280K, 0% used [0x00000007bdf80000,0x00000007bdf80000,0x00000007c0000000)
 ParOldGen       total 161280K, used 35463K [0x00000006c1800000, 0x00000006cb580000, 0x00000007b9c00000)
  object space 161280K, 21% used [0x00000006c1800000,0x00000006c3aa1e80,0x00000006cb580000)
 Metaspace       used 2707K, capacity 4486K, committed 4864K, reserved 1056768K
  class space    used 302K, capacity 386K, committed 512K, reserved 1048576K
[GC (Allocation Failure)  104199K->68359K(230400K), 0.0314940 secs]
Heap after GC invocations=465 (full 1):
 PSYoungGen      total 69120K, used 32896K [0x00000007b9c00000, 0x00000007c0000000, 0x00000007c0000000)
  eden space 35840K, 0% used [0x00000007b9c00000,0x00000007b9c00000,0x00000007bbf00000)
  from space 33280K, 98% used [0x00000007bdf80000,0x00000007bffa0000,0x00000007c0000000)
  to   space 33280K, 0% used [0x00000007bbf00000,0x00000007bbf00000,0x00000007bdf80000)
 ParOldGen       total 161280K, used 35463K [0x00000006c1800000, 0x00000006cb580000, 0x00000007b9c00000)
  object space 161280K, 21% used [0x00000006c1800000,0x00000006c3aa1e80,0x00000006cb580000)
 Metaspace       used 2707K, capacity 4486K, committed 4864K, reserved 1056768K
  class space    used 302K, capacity 386K, committed 512K, reserved 1048576K
}
{Heap before GC invocations=466 (full 1):
 PSYoungGen      total 69120K, used 68736K [0x00000007b9c00000, 0x00000007c0000000, 0x00000007c0000000)
  eden space 35840K, 100% used [0x00000007b9c00000,0x00000007bbf00000,0x00000007bbf00000)
  from space 33280K, 98% used [0x00000007bdf80000,0x00000007bffa0000,0x00000007c0000000)
  to   space 33280K, 0% used [0x00000007bbf00000,0x00000007bbf00000,0x00000007bdf80000)
 ParOldGen       total 161280K, used 35463K [0x00000006c1800000, 0x00000006cb580000, 0x00000007b9c00000)
  object space 161280K, 21% used [0x00000006c1800000,0x00000006c3aa1e80,0x00000006cb580000)
 Metaspace       used 2707K, capacity 4486K, committed 4864K, reserved 1056768K
  class space    used 302K, capacity 386K, committed 512K, reserved 1048576K
[GC (Allocation Failure)  104199K->68391K(230400K), 0.0313588 secs]
Heap after GC invocations=466 (full 1):
 PSYoungGen      total 69120K, used 32928K [0x00000007b9c00000, 0x00000007c0000000, 0x00000007c0000000)
  eden space 35840K, 0% used [0x00000007b9c00000,0x00000007b9c00000,0x00000007bbf00000)
  from space 33280K, 98% used [0x00000007bbf00000,0x00000007bdf28000,0x00000007bdf80000)
  to   space 33280K, 0% used [0x00000007bdf80000,0x00000007bdf80000,0x00000007c0000000)
 ParOldGen       total 161280K, used 35463K [0x00000006c1800000, 0x00000006cb580000, 0x00000007b9c00000)
  object space 161280K, 21% used [0x00000006c1800000,0x00000006c3aa1e80,0x00000006cb580000)
 Metaspace       used 2707K, capacity 4486K, committed 4864K, reserved 1056768K
  class space    used 302K, capacity 386K, committed 512K, reserved 1048576K
}
{Heap before GC invocations=467 (full 1):
 PSYoungGen      total 69120K, used 68768K [0x00000007b9c00000, 0x00000007c0000000, 0x00000007c0000000)
  eden space 35840K, 100% used [0x00000007b9c00000,0x00000007bbf00000,0x00000007bbf00000)
  from space 33280K, 98% used [0x00000007bbf00000,0x00000007bdf28000,0x00000007bdf80000)
  to   space 33280K, 0% used [0x00000007bdf80000,0x00000007bdf80000,0x00000007c0000000)
 ParOldGen       total 161280K, used 35463K [0x00000006c1800000, 0x00000006cb580000, 0x00000007b9c00000)
  object space 161280K, 21% used [0x00000006c1800000,0x00000006c3aa1e80,0x00000006cb580000)
 Metaspace       used 2707K, capacity 4486K, committed 4864K, reserved 1056768K
  class space    used 302K, capacity 386K, committed 512K, reserved 1048576K
[GC (Allocation Failure)  104231K->68327K(230400K), 0.0311141 secs]
Heap after GC invocations=467 (full 1):
 PSYoungGen      total 69120K, used 32864K [0x00000007b9c00000, 0x00000007c0000000, 0x00000007c0000000)
  eden space 35840K, 0% used [0x00000007b9c00000,0x00000007b9c00000,0x00000007bbf00000)
  from space 33280K, 98% used [0x00000007bdf80000,0x00000007bff98000,0x00000007c0000000)
  to   space 33280K, 0% used [0x00000007bbf00000,0x00000007bbf00000,0x00000007bdf80000)
 ParOldGen       total 161280K, used 35463K [0x00000006c1800000, 0x00000006cb580000, 0x00000007b9c00000)
  object space 161280K, 21% used [0x00000006c1800000,0x00000006c3aa1e80,0x00000006cb580000)
 Metaspace       used 2707K, capacity 4486K, committed 4864K, reserved 1056768K
  class space    used 302K, capacity 386K, committed 512K, reserved 1048576K
}
{Heap before GC invocations=468 (full 1):
 PSYoungGen      total 69120K, used 68704K [0x00000007b9c00000, 0x00000007c0000000, 0x00000007c0000000)
  eden space 35840K, 100% used [0x00000007b9c00000,0x00000007bbf00000,0x00000007bbf00000)
  from space 33280K, 98% used [0x00000007bdf80000,0x00000007bff98000,0x00000007c0000000)
  to   space 33280K, 0% used [0x00000007bbf00000,0x00000007bbf00000,0x00000007bdf80000)
 ParOldGen       total 161280K, used 35463K [0x00000006c1800000, 0x00000006cb580000, 0x00000007b9c00000)
  object space 161280K, 21% used [0x00000006c1800000,0x00000006c3aa1e80,0x00000006cb580000)
 Metaspace       used 2707K, capacity 4486K, committed 4864K, reserved 1056768K
  class space    used 302K, capacity 386K, committed 512K, reserved 1048576K
[GC (Allocation Failure)  104167K->68327K(230400K), 0.0323268 secs]
Heap after GC invocations=468 (full 1):
 PSYoungGen      total 69120K, used 32864K [0x00000007b9c00000, 0x00000007c0000000, 0x00000007c0000000)
  eden space 35840K, 0% used [0x00000007b9c00000,0x00000007b9c00000,0x00000007bbf00000)
  from space 33280K, 98% used [0x00000007bbf00000,0x00000007bdf18000,0x00000007bdf80000)
  to   space 33280K, 0% used [0x00000007bdf80000,0x00000007bdf80000,0x00000007c0000000)
 ParOldGen       total 161280K, used 35463K [0x00000006c1800000, 0x00000006cb580000, 0x00000007b9c00000)
  object space 161280K, 21% used [0x00000006c1800000,0x00000006c3aa1e80,0x00000006cb580000)
 Metaspace       used 2707K, capacity 4486K, committed 4864K, reserved 1056768K
  class space    used 302K, capacity 386K, committed 512K, reserved 1048576K
}
{Heap before GC invocations=469 (full 1):
 PSYoungGen      total 69120K, used 68704K [0x00000007b9c00000, 0x00000007c0000000, 0x00000007c0000000)
  eden space 35840K, 100% used [0x00000007b9c00000,0x00000007bbf00000,0x00000007bbf00000)
  from space 33280K, 98% used [0x00000007bbf00000,0x00000007bdf18000,0x00000007bdf80000)
  to   space 33280K, 0% used [0x00000007bdf80000,0x00000007bdf80000,0x00000007c0000000)
 ParOldGen       total 161280K, used 35463K [0x00000006c1800000, 0x00000006cb580000, 0x00000007b9c00000)
  object space 161280K, 21% used [0x00000006c1800000,0x00000006c3aa1e80,0x00000006cb580000)
 Metaspace       used 2707K, capacity 4486K, committed 4864K, reserved 1056768K
  class space    used 302K, capacity 386K, committed 512K, reserved 1048576K
[GC (Allocation Failure)  104167K->68359K(230400K), 0.0329899 secs]
Heap after GC invocations=469 (full 1):
 PSYoungGen      total 69120K, used 32896K [0x00000007b9c00000, 0x00000007c0000000, 0x00000007c0000000)
  eden space 35840K, 0% used [0x00000007b9c00000,0x00000007b9c00000,0x00000007bbf00000)
  from space 33280K, 98% used [0x00000007bdf80000,0x00000007bffa0000,0x00000007c0000000)
  to   space 33280K, 0% used [0x00000007bbf00000,0x00000007bbf00000,0x00000007bdf80000)
 ParOldGen       total 161280K, used 35463K [0x00000006c1800000, 0x00000006cb580000, 0x00000007b9c00000)
  object space 161280K, 21% used [0x00000006c1800000,0x00000006c3aa1e80,0x00000006cb580000)
 Metaspace       used 2707K, capacity 4486K, committed 4864K, reserved 1056768K
  class space    used 302K, capacity 386K, committed 512K, reserved 1048576K
}
{Heap before GC invocations=470 (full 1):
 PSYoungGen      total 69120K, used 68736K [0x00000007b9c00000, 0x00000007c0000000, 0x00000007c0000000)
  eden space 35840K, 100% used [0x00000007b9c00000,0x00000007bbf00000,0x00000007bbf00000)
  from space 33280K, 98% used [0x00000007bdf80000,0x00000007bffa0000,0x00000007c0000000)
  to   space 33280K, 0% used [0x00000007bbf00000,0x00000007bbf00000,0x00000007bdf80000)
 ParOldGen       total 161280K, used 35463K [0x00000006c1800000, 0x00000006cb580000, 0x00000007b9c00000)
  object space 161280K, 21% used [0x00000006c1800000,0x00000006c3aa1e80,0x00000006cb580000)
 Metaspace       used 2707K, capacity 4486K, committed 4864K, reserved 1056768K
  class space    used 302K, capacity 386K, committed 512K, reserved 1048576K
[GC (Allocation Failure)  104199K->68359K(230400K), 0.0324943 secs]
Heap after GC invocations=470 (full 1):
 PSYoungGen      total 69120K, used 32896K [0x00000007b9c00000, 0x00000007c0000000, 0x00000007c0000000)
  eden space 35840K, 0% used [0x00000007b9c00000,0x00000007b9c00000,0x00000007bbf00000)
  from space 33280K, 98% used [0x00000007bbf00000,0x00000007bdf20000,0x00000007bdf80000)
  to   space 33280K, 0% used [0x00000007bdf80000,0x00000007bdf80000,0x00000007c0000000)
 ParOldGen       total 161280K, used 35463K [0x00000006c1800000, 0x00000006cb580000, 0x00000007b9c00000)
  object space 161280K, 21% used [0x00000006c1800000,0x00000006c3aa1e80,0x00000006cb580000)
 Metaspace       used 2707K, capacity 4486K, committed 4864K, reserved 1056768K
  class space    used 302K, capacity 386K, committed 512K, reserved 1048576K
}
{Heap before GC invocations=471 (full 1):
 PSYoungGen      total 69120K, used 68736K [0x00000007b9c00000, 0x00000007c0000000, 0x00000007c0000000)
  eden space 35840K, 100% used [0x00000007b9c00000,0x00000007bbf00000,0x00000007bbf00000)
  from space 33280K, 98% used [0x00000007bbf00000,0x00000007bdf20000,0x00000007bdf80000)
  to   space 33280K, 0% used [0x00000007bdf80000,0x00000007bdf80000,0x00000007c0000000)
 ParOldGen       total 161280K, used 35463K [0x00000006c1800000, 0x00000006cb580000, 0x00000007b9c00000)
  object space 161280K, 21% used [0x00000006c1800000,0x00000006c3aa1e80,0x00000006cb580000)
 Metaspace       used 2707K, capacity 4486K, committed 4864K, reserved 1056768K
  class space    used 302K, capacity 386K, committed 512K, reserved 1048576K
[GC (Allocation Failure)  104199K->68359K(230400K), 0.0361841 secs]
Heap after GC invocations=471 (full 1):
 PSYoungGen      total 69120K, used 32896K [0x00000007b9c00000, 0x00000007c0000000, 0x00000007c0000000)
  eden space 35840K, 0% used [0x00000007b9c00000,0x00000007b9c00000,0x00000007bbf00000)
  from space 33280K, 98% used [0x00000007bdf80000,0x00000007bffa0000,0x00000007c0000000)
  to   space 33280K, 0% used [0x00000007bbf00000,0x00000007bbf00000,0x00000007bdf80000)
 ParOldGen       total 161280K, used 35463K [0x00000006c1800000, 0x00000006cb580000, 0x00000007b9c00000)
  object space 161280K, 21% used [0x00000006c1800000,0x00000006c3aa1e80,0x00000006cb580000)
 Metaspace       used 2707K, capacity 4486K, committed 4864K, reserved 1056768K
  class space    used 302K, capacity 386K, committed 512K, reserved 1048576K
}
{Heap before GC invocations=472 (full 1):
 PSYoungGen      total 69120K, used 68736K [0x00000007b9c00000, 0x00000007c0000000, 0x00000007c0000000)
  eden space 35840K, 100% used [0x00000007b9c00000,0x00000007bbf00000,0x00000007bbf00000)
  from space 33280K, 98% used [0x00000007bdf80000,0x00000007bffa0000,0x00000007c0000000)
  to   space 33280K, 0% used [0x00000007bbf00000,0x00000007bbf00000,0x00000007bdf80000)
 ParOldGen       total 161280K, used 35463K [0x00000006c1800000, 0x00000006cb580000, 0x00000007b9c00000)
  object space 161280K, 21% used [0x00000006c1800000,0x00000006c3aa1e80,0x00000006cb580000)
 Metaspace       used 2707K, capacity 4486K, committed 4864K, reserved 1056768K
  class space    used 302K, capacity 386K, committed 512K, reserved 1048576K
[GC (Allocation Failure)  104199K->68359K(230400K), 0.0310469 secs]
Heap after GC invocations=472 (full 1):
 PSYoungGen      total 69120K, used 32896K [0x00000007b9c00000, 0x00000007c0000000, 0x00000007c0000000)
  eden space 35840K, 0% used [0x00000007b9c00000,0x00000007b9c00000,0x00000007bbf00000)
  from space 33280K, 98% used [0x00000007bbf00000,0x00000007bdf20000,0x00000007bdf80000)
  to   space 33280K, 0% used [0x00000007bdf80000,0x00000007bdf80000,0x00000007c0000000)
 ParOldGen       total 161280K, used 35463K [0x00000006c1800000, 0x00000006cb580000, 0x00000007b9c00000)
  object space 161280K, 21% used [0x00000006c1800000,0x00000006c3aa1e80,0x00000006cb580000)
 Metaspace       used 2707K, capacity 4486K, committed 4864K, reserved 1056768K
  class space    used 302K, capacity 386K, committed 512K, reserved 1048576K
}
{Heap before GC invocations=473 (full 1):
 PSYoungGen      total 69120K, used 68736K [0x00000007b9c00000, 0x00000007c0000000, 0x00000007c0000000)
  eden space 35840K, 100% used [0x00000007b9c00000,0x00000007bbf00000,0x00000007bbf00000)
  from space 33280K, 98% used [0x00000007bbf00000,0x00000007bdf20000,0x00000007bdf80000)
  to   space 33280K, 0% used [0x00000007bdf80000,0x00000007bdf80000,0x00000007c0000000)
 ParOldGen       total 161280K, used 35463K [0x00000006c1800000, 0x00000006cb580000, 0x00000007b9c00000)
  object space 161280K, 21% used [0x00000006c1800000,0x00000006c3aa1e80,0x00000006cb580000)
 Metaspace       used 2707K, capacity 4486K, committed 4864K, reserved 1056768K
  class space    used 302K, capacity 386K, committed 512K, reserved 1048576K
[GC (Allocation Failure)  104199K->68391K(230400K), 0.0357076 secs]
Heap after GC invocations=473 (full 1):
 PSYoungGen      total 69120K, used 32928K [0x00000007b9c00000, 0x00000007c0000000, 0x00000007c0000000)
  eden space 35840K, 0% used [0x00000007b9c00000,0x00000007b9c00000,0x00000007bbf00000)
  from space 33280K, 98% used [0x00000007bdf80000,0x00000007bffa8000,0x00000007c0000000)
  to   space 33280K, 0% used [0x00000007bbf00000,0x00000007bbf00000,0x00000007bdf80000)
 ParOldGen       total 161280K, used 35463K [0x00000006c1800000, 0x00000006cb580000, 0x00000007b9c00000)
  object space 161280K, 21% used [0x00000006c1800000,0x00000006c3aa1e80,0x00000006cb580000)
 Metaspace       used 2707K, capacity 4486K, committed 4864K, reserved 1056768K
  class space    used 302K, capacity 386K, committed 512K, reserved 1048576K
}
{Heap before GC invocations=474 (full 1):
 PSYoungGen      total 69120K, used 68768K [0x00000007b9c00000, 0x00000007c0000000, 0x00000007c0000000)
  eden space 35840K, 100% used [0x00000007b9c00000,0x00000007bbf00000,0x00000007bbf00000)
  from space 33280K, 98% used [0x00000007bdf80000,0x00000007bffa8000,0x00000007c0000000)
  to   space 33280K, 0% used [0x00000007bbf00000,0x00000007bbf00000,0x00000007bdf80000)
 ParOldGen       total 161280K, used 35463K [0x00000006c1800000, 0x00000006cb580000, 0x00000007b9c00000)
  object space 161280K, 21% used [0x00000006c1800000,0x00000006c3aa1e80,0x00000006cb580000)
 Metaspace       used 2707K, capacity 4486K, committed 4864K, reserved 1056768K
  class space    used 302K, capacity 386K, committed 512K, reserved 1048576K
[GC (Allocation Failure)  104231K->68359K(230400K), 0.0338936 secs]
Heap after GC invocations=474 (full 1):
 PSYoungGen      total 69120K, used 32896K [0x00000007b9c00000, 0x00000007c0000000, 0x00000007c0000000)
  eden space 35840K, 0% used [0x00000007b9c00000,0x00000007b9c00000,0x00000007bbf00000)
  from space 33280K, 98% used [0x00000007bbf00000,0x00000007bdf20000,0x00000007bdf80000)
  to   space 33280K, 0% used [0x00000007bdf80000,0x00000007bdf80000,0x00000007c0000000)
 ParOldGen       total 161280K, used 35463K [0x00000006c1800000, 0x00000006cb580000, 0x00000007b9c00000)
  object space 161280K, 21% used [0x00000006c1800000,0x00000006c3aa1e80,0x00000006cb580000)
 Metaspace       used 2707K, capacity 4486K, committed 4864K, reserved 1056768K
  class space    used 302K, capacity 386K, committed 512K, reserved 1048576K
}
{Heap before GC invocations=475 (full 1):
 PSYoungGen      total 69120K, used 68736K [0x00000007b9c00000, 0x00000007c0000000, 0x00000007c0000000)
  eden space 35840K, 100% used [0x00000007b9c00000,0x00000007bbf00000,0x00000007bbf00000)
  from space 33280K, 98% used [0x00000007bbf00000,0x00000007bdf20000,0x00000007bdf80000)
  to   space 33280K, 0% used [0x00000007bdf80000,0x00000007bdf80000,0x00000007c0000000)
 ParOldGen       total 161280K, used 35463K [0x00000006c1800000, 0x00000006cb580000, 0x00000007b9c00000)
  object space 161280K, 21% used [0x00000006c1800000,0x00000006c3aa1e80,0x00000006cb580000)
 Metaspace       used 2707K, capacity 4486K, committed 4864K, reserved 1056768K
  class space    used 302K, capacity 386K, committed 512K, reserved 1048576K
[GC (Allocation Failure)  104199K->68327K(230400K), 0.0336354 secs]
Heap after GC invocations=475 (full 1):
 PSYoungGen      total 69120K, used 32864K [0x00000007b9c00000, 0x00000007c0000000, 0x00000007c0000000)
  eden space 35840K, 0% used [0x00000007b9c00000,0x00000007b9c00000,0x00000007bbf00000)
  from space 33280K, 98% used [0x00000007bdf80000,0x00000007bff98000,0x00000007c0000000)
  to   space 33280K, 0% used [0x00000007bbf00000,0x00000007bbf00000,0x00000007bdf80000)
 ParOldGen       total 161280K, used 35463K [0x00000006c1800000, 0x00000006cb580000, 0x00000007b9c00000)
  object space 161280K, 21% used [0x00000006c1800000,0x00000006c3aa1e80,0x00000006cb580000)
 Metaspace       used 2707K, capacity 4486K, committed 4864K, reserved 1056768K
  class space    used 302K, capacity 386K, committed 512K, reserved 1048576K
}
{Heap before GC invocations=476 (full 1):
 PSYoungGen      total 69120K, used 68704K [0x00000007b9c00000, 0x00000007c0000000, 0x00000007c0000000)
  eden space 35840K, 100% used [0x00000007b9c00000,0x00000007bbf00000,0x00000007bbf00000)
  from space 33280K, 98% used [0x00000007bdf80000,0x00000007bff98000,0x00000007c0000000)
  to   space 33280K, 0% used [0x00000007bbf00000,0x00000007bbf00000,0x00000007bdf80000)
 ParOldGen       total 161280K, used 35463K [0x00000006c1800000, 0x00000006cb580000, 0x00000007b9c00000)
  object space 161280K, 21% used [0x00000006c1800000,0x00000006c3aa1e80,0x00000006cb580000)
 Metaspace       used 2707K, capacity 4486K, committed 4864K, reserved 1056768K
  class space    used 302K, capacity 386K, committed 512K, reserved 1048576K
[GC (Allocation Failure)  104167K->68391K(230400K), 0.0326846 secs]
Heap after GC invocations=476 (full 1):
 PSYoungGen      total 69120K, used 32928K [0x00000007b9c00000, 0x00000007c0000000, 0x00000007c0000000)
  eden space 35840K, 0% used [0x00000007b9c00000,0x00000007b9c00000,0x00000007bbf00000)
  from space 33280K, 98% used [0x00000007bbf00000,0x00000007bdf28000,0x00000007bdf80000)
  to   space 33280K, 0% used [0x00000007bdf80000,0x00000007bdf80000,0x00000007c0000000)
 ParOldGen       total 161280K, used 35463K [0x00000006c1800000, 0x00000006cb580000, 0x00000007b9c00000)
  object space 161280K, 21% used [0x00000006c1800000,0x00000006c3aa1e80,0x00000006cb580000)
 Metaspace       used 2707K, capacity 4486K, committed 4864K, reserved 1056768K
  class space    used 302K, capacity 386K, committed 512K, reserved 1048576K
}
{Heap before GC invocations=477 (full 1):
 PSYoungGen      total 69120K, used 68768K [0x00000007b9c00000, 0x00000007c0000000, 0x00000007c0000000)
  eden space 35840K, 100% used [0x00000007b9c00000,0x00000007bbf00000,0x00000007bbf00000)
  from space 33280K, 98% used [0x00000007bbf00000,0x00000007bdf28000,0x00000007bdf80000)
  to   space 33280K, 0% used [0x00000007bdf80000,0x00000007bdf80000,0x00000007c0000000)
 ParOldGen       total 161280K, used 35463K [0x00000006c1800000, 0x00000006cb580000, 0x00000007b9c00000)
  object space 161280K, 21% used [0x00000006c1800000,0x00000006c3aa1e80,0x00000006cb580000)
 Metaspace       used 2707K, capacity 4486K, committed 4864K, reserved 1056768K
  class space    used 302K, capacity 386K, committed 512K, reserved 1048576K
[GC (Allocation Failure)  104231K->68359K(230400K), 0.0343140 secs]
Heap after GC invocations=477 (full 1):
 PSYoungGen      total 69120K, used 32896K [0x00000007b9c00000, 0x00000007c0000000, 0x00000007c0000000)
  eden space 35840K, 0% used [0x00000007b9c00000,0x00000007b9c00000,0x00000007bbf00000)
  from space 33280K, 98% used [0x00000007bdf80000,0x00000007bffa0000,0x00000007c0000000)
  to   space 33280K, 0% used [0x00000007bbf00000,0x00000007bbf00000,0x00000007bdf80000)
 ParOldGen       total 161280K, used 35463K [0x00000006c1800000, 0x00000006cb580000, 0x00000007b9c00000)
  object space 161280K, 21% used [0x00000006c1800000,0x00000006c3aa1e80,0x00000006cb580000)
 Metaspace       used 2707K, capacity 4486K, committed 4864K, reserved 1056768K
  class space    used 302K, capacity 386K, committed 512K, reserved 1048576K
}
{Heap before GC invocations=478 (full 1):
 PSYoungGen      total 69120K, used 68736K [0x00000007b9c00000, 0x00000007c0000000, 0x00000007c0000000)
  eden space 35840K, 100% used [0x00000007b9c00000,0x00000007bbf00000,0x00000007bbf00000)
  from space 33280K, 98% used [0x00000007bdf80000,0x00000007bffa0000,0x00000007c0000000)
  to   space 33280K, 0% used [0x00000007bbf00000,0x00000007bbf00000,0x00000007bdf80000)
 ParOldGen       total 161280K, used 35463K [0x00000006c1800000, 0x00000006cb580000, 0x00000007b9c00000)
  object space 161280K, 21% used [0x00000006c1800000,0x00000006c3aa1e80,0x00000006cb580000)
 Metaspace       used 2707K, capacity 4486K, committed 4864K, reserved 1056768K
  class space    used 302K, capacity 386K, committed 512K, reserved 1048576K
[GC (Allocation Failure)  104199K->68359K(230400K), 0.0294024 secs]
Heap after GC invocations=478 (full 1):
 PSYoungGen      total 69120K, used 32896K [0x00000007b9c00000, 0x00000007c0000000, 0x00000007c0000000)
  eden space 35840K, 0% used [0x00000007b9c00000,0x00000007b9c00000,0x00000007bbf00000)
  from space 33280K, 98% used [0x00000007bbf00000,0x00000007bdf20000,0x00000007bdf80000)
  to   space 33280K, 0% used [0x00000007bdf80000,0x00000007bdf80000,0x00000007c0000000)
 ParOldGen       total 161280K, used 35463K [0x00000006c1800000, 0x00000006cb580000, 0x00000007b9c00000)
  object space 161280K, 21% used [0x00000006c1800000,0x00000006c3aa1e80,0x00000006cb580000)
 Metaspace       used 2707K, capacity 4486K, committed 4864K, reserved 1056768K
  class space    used 302K, capacity 386K, committed 512K, reserved 1048576K
}
{Heap before GC invocations=479 (full 1):
 PSYoungGen      total 69120K, used 68736K [0x00000007b9c00000, 0x00000007c0000000, 0x00000007c0000000)
  eden space 35840K, 100% used [0x00000007b9c00000,0x00000007bbf00000,0x00000007bbf00000)
  from space 33280K, 98% used [0x00000007bbf00000,0x00000007bdf20000,0x00000007bdf80000)
  to   space 33280K, 0% used [0x00000007bdf80000,0x00000007bdf80000,0x00000007c0000000)
 ParOldGen       total 161280K, used 35463K [0x00000006c1800000, 0x00000006cb580000, 0x00000007b9c00000)
  object space 161280K, 21% used [0x00000006c1800000,0x00000006c3aa1e80,0x00000006cb580000)
 Metaspace       used 2707K, capacity 4486K, committed 4864K, reserved 1056768K
  class space    used 302K, capacity 386K, committed 512K, reserved 1048576K
[GC (Allocation Failure)  104199K->68327K(230400K), 0.0309919 secs]
Heap after GC invocations=479 (full 1):
 PSYoungGen      total 69120K, used 32864K [0x00000007b9c00000, 0x00000007c0000000, 0x00000007c0000000)
  eden space 35840K, 0% used [0x00000007b9c00000,0x00000007b9c00000,0x00000007bbf00000)
  from space 33280K, 98% used [0x00000007bdf80000,0x00000007bff98000,0x00000007c0000000)
  to   space 33280K, 0% used [0x00000007bbf00000,0x00000007bbf00000,0x00000007bdf80000)
 ParOldGen       total 161280K, used 35463K [0x00000006c1800000, 0x00000006cb580000, 0x00000007b9c00000)
  object space 161280K, 21% used [0x00000006c1800000,0x00000006c3aa1e80,0x00000006cb580000)
 Metaspace       used 2707K, capacity 4486K, committed 4864K, reserved 1056768K
  class space    used 302K, capacity 386K, committed 512K, reserved 1048576K
}
{Heap before GC invocations=480 (full 1):
 PSYoungGen      total 69120K, used 68704K [0x00000007b9c00000, 0x00000007c0000000, 0x00000007c0000000)
  eden space 35840K, 100% used [0x00000007b9c00000,0x00000007bbf00000,0x00000007bbf00000)
  from space 33280K, 98% used [0x00000007bdf80000,0x00000007bff98000,0x00000007c0000000)
  to   space 33280K, 0% used [0x00000007bbf00000,0x00000007bbf00000,0x00000007bdf80000)
 ParOldGen       total 161280K, used 35463K [0x00000006c1800000, 0x00000006cb580000, 0x00000007b9c00000)
  object space 161280K, 21% used [0x00000006c1800000,0x00000006c3aa1e80,0x00000006cb580000)
 Metaspace       used 2707K, capacity 4486K, committed 4864K, reserved 1056768K
  class space    used 302K, capacity 386K, committed 512K, reserved 1048576K
[GC (Allocation Failure)  104167K->68359K(230400K), 0.0308224 secs]
Heap after GC invocations=480 (full 1):
 PSYoungGen      total 69120K, used 32896K [0x00000007b9c00000, 0x00000007c0000000, 0x00000007c0000000)
  eden space 35840K, 0% used [0x00000007b9c00000,0x00000007b9c00000,0x00000007bbf00000)
  from space 33280K, 98% used [0x00000007bbf00000,0x00000007bdf20000,0x00000007bdf80000)
  to   space 33280K, 0% used [0x00000007bdf80000,0x00000007bdf80000,0x00000007c0000000)
 ParOldGen       total 161280K, used 35463K [0x00000006c1800000, 0x00000006cb580000, 0x00000007b9c00000)
  object space 161280K, 21% used [0x00000006c1800000,0x00000006c3aa1e80,0x00000006cb580000)
 Metaspace       used 2707K, capacity 4486K, committed 4864K, reserved 1056768K
  class space    used 302K, capacity 386K, committed 512K, reserved 1048576K
}
{Heap before GC invocations=481 (full 1):
 PSYoungGen      total 69120K, used 68736K [0x00000007b9c00000, 0x00000007c0000000, 0x00000007c0000000)
  eden space 35840K, 100% used [0x00000007b9c00000,0x00000007bbf00000,0x00000007bbf00000)
  from space 33280K, 98% used [0x00000007bbf00000,0x00000007bdf20000,0x00000007bdf80000)
  to   space 33280K, 0% used [0x00000007bdf80000,0x00000007bdf80000,0x00000007c0000000)
 ParOldGen       total 161280K, used 35463K [0x00000006c1800000, 0x00000006cb580000, 0x00000007b9c00000)
  object space 161280K, 21% used [0x00000006c1800000,0x00000006c3aa1e80,0x00000006cb580000)
 Metaspace       used 2707K, capacity 4486K, committed 4864K, reserved 1056768K
  class space    used 302K, capacity 386K, committed 512K, reserved 1048576K
[GC (Allocation Failure)  104199K->68359K(230400K), 0.0301371 secs]
Heap after GC invocations=481 (full 1):
 PSYoungGen      total 69120K, used 32896K [0x00000007b9c00000, 0x00000007c0000000, 0x00000007c0000000)
  eden space 35840K, 0% used [0x00000007b9c00000,0x00000007b9c00000,0x00000007bbf00000)
  from space 33280K, 98% used [0x00000007bdf80000,0x00000007bffa0000,0x00000007c0000000)
  to   space 33280K, 0% used [0x00000007bbf00000,0x00000007bbf00000,0x00000007bdf80000)
 ParOldGen       total 161280K, used 35463K [0x00000006c1800000, 0x00000006cb580000, 0x00000007b9c00000)
  object space 161280K, 21% used [0x00000006c1800000,0x00000006c3aa1e80,0x00000006cb580000)
 Metaspace       used 2707K, capacity 4486K, committed 4864K, reserved 1056768K
  class space    used 302K, capacity 386K, committed 512K, reserved 1048576K
}
{Heap before GC invocations=482 (full 1):
 PSYoungGen      total 69120K, used 68736K [0x00000007b9c00000, 0x00000007c0000000, 0x00000007c0000000)
  eden space 35840K, 100% used [0x00000007b9c00000,0x00000007bbf00000,0x00000007bbf00000)
  from space 33280K, 98% used [0x00000007bdf80000,0x00000007bffa0000,0x00000007c0000000)
  to   space 33280K, 0% used [0x00000007bbf00000,0x00000007bbf00000,0x00000007bdf80000)
 ParOldGen       total 161280K, used 35463K [0x00000006c1800000, 0x00000006cb580000, 0x00000007b9c00000)
  object space 161280K, 21% used [0x00000006c1800000,0x00000006c3aa1e80,0x00000006cb580000)
 Metaspace       used 2707K, capacity 4486K, committed 4864K, reserved 1056768K
  class space    used 302K, capacity 386K, committed 512K, reserved 1048576K
[GC (Allocation Failure)  104199K->68391K(230400K), 0.0343757 secs]
Heap after GC invocations=482 (full 1):
 PSYoungGen      total 69120K, used 32928K [0x00000007b9c00000, 0x00000007c0000000, 0x00000007c0000000)
  eden space 35840K, 0% used [0x00000007b9c00000,0x00000007b9c00000,0x00000007bbf00000)
  from space 33280K, 98% used [0x00000007bbf00000,0x00000007bdf28000,0x00000007bdf80000)
  to   space 33280K, 0% used [0x00000007bdf80000,0x00000007bdf80000,0x00000007c0000000)
 ParOldGen       total 161280K, used 35463K [0x00000006c1800000, 0x00000006cb580000, 0x00000007b9c00000)
  object space 161280K, 21% used [0x00000006c1800000,0x00000006c3aa1e80,0x00000006cb580000)
 Metaspace       used 2707K, capacity 4486K, committed 4864K, reserved 1056768K
  class space    used 302K, capacity 386K, committed 512K, reserved 1048576K
}
{Heap before GC invocations=483 (full 1):
 PSYoungGen      total 69120K, used 68768K [0x00000007b9c00000, 0x00000007c0000000, 0x00000007c0000000)
  eden space 35840K, 100% used [0x00000007b9c00000,0x00000007bbf00000,0x00000007bbf00000)
  from space 33280K, 98% used [0x00000007bbf00000,0x00000007bdf28000,0x00000007bdf80000)
  to   space 33280K, 0% used [0x00000007bdf80000,0x00000007bdf80000,0x00000007c0000000)
 ParOldGen       total 161280K, used 35463K [0x00000006c1800000, 0x00000006cb580000, 0x00000007b9c00000)
  object space 161280K, 21% used [0x00000006c1800000,0x00000006c3aa1e80,0x00000006cb580000)
 Metaspace       used 2707K, capacity 4486K, committed 4864K, reserved 1056768K
  class space    used 302K, capacity 386K, committed 512K, reserved 1048576K
[GC (Allocation Failure)  104231K->68359K(230400K), 0.0331527 secs]
Heap after GC invocations=483 (full 1):
 PSYoungGen      total 69120K, used 32896K [0x00000007b9c00000, 0x00000007c0000000, 0x00000007c0000000)
  eden space 35840K, 0% used [0x00000007b9c00000,0x00000007b9c00000,0x00000007bbf00000)
  from space 33280K, 98% used [0x00000007bdf80000,0x00000007bffa0000,0x00000007c0000000)
  to   space 33280K, 0% used [0x00000007bbf00000,0x00000007bbf00000,0x00000007bdf80000)
 ParOldGen       total 161280K, used 35463K [0x00000006c1800000, 0x00000006cb580000, 0x00000007b9c00000)
  object space 161280K, 21% used [0x00000006c1800000,0x00000006c3aa1e80,0x00000006cb580000)
 Metaspace       used 2707K, capacity 4486K, committed 4864K, reserved 1056768K
  class space    used 302K, capacity 386K, committed 512K, reserved 1048576K
}
{Heap before GC invocations=484 (full 1):
 PSYoungGen      total 69120K, used 68736K [0x00000007b9c00000, 0x00000007c0000000, 0x00000007c0000000)
  eden space 35840K, 100% used [0x00000007b9c00000,0x00000007bbf00000,0x00000007bbf00000)
  from space 33280K, 98% used [0x00000007bdf80000,0x00000007bffa0000,0x00000007c0000000)
  to   space 33280K, 0% used [0x00000007bbf00000,0x00000007bbf00000,0x00000007bdf80000)
 ParOldGen       total 161280K, used 35463K [0x00000006c1800000, 0x00000006cb580000, 0x00000007b9c00000)
  object space 161280K, 21% used [0x00000006c1800000,0x00000006c3aa1e80,0x00000006cb580000)
 Metaspace       used 2707K, capacity 4486K, committed 4864K, reserved 1056768K
  class space    used 302K, capacity 386K, committed 512K, reserved 1048576K
[GC (Allocation Failure)  104199K->68359K(230400K), 0.0328690 secs]
Heap after GC invocations=484 (full 1):
 PSYoungGen      total 69120K, used 32896K [0x00000007b9c00000, 0x00000007c0000000, 0x00000007c0000000)
  eden space 35840K, 0% used [0x00000007b9c00000,0x00000007b9c00000,0x00000007bbf00000)
  from space 33280K, 98% used [0x00000007bbf00000,0x00000007bdf20000,0x00000007bdf80000)
  to   space 33280K, 0% used [0x00000007bdf80000,0x00000007bdf80000,0x00000007c0000000)
 ParOldGen       total 161280K, used 35463K [0x00000006c1800000, 0x00000006cb580000, 0x00000007b9c00000)
  object space 161280K, 21% used [0x00000006c1800000,0x00000006c3aa1e80,0x00000006cb580000)
 Metaspace       used 2707K, capacity 4486K, committed 4864K, reserved 1056768K
  class space    used 302K, capacity 386K, committed 512K, reserved 1048576K
}
{Heap before GC invocations=485 (full 1):
 PSYoungGen      total 69120K, used 68736K [0x00000007b9c00000, 0x00000007c0000000, 0x00000007c0000000)
  eden space 35840K, 100% used [0x00000007b9c00000,0x00000007bbf00000,0x00000007bbf00000)
  from space 33280K, 98% used [0x00000007bbf00000,0x00000007bdf20000,0x00000007bdf80000)
  to   space 33280K, 0% used [0x00000007bdf80000,0x00000007bdf80000,0x00000007c0000000)
 ParOldGen       total 161280K, used 35463K [0x00000006c1800000, 0x00000006cb580000, 0x00000007b9c00000)
  object space 161280K, 21% used [0x00000006c1800000,0x00000006c3aa1e80,0x00000006cb580000)
 Metaspace       used 2707K, capacity 4486K, committed 4864K, reserved 1056768K
  class space    used 302K, capacity 386K, committed 512K, reserved 1048576K
[GC (Allocation Failure)  104199K->68327K(230400K), 0.0325596 secs]
Heap after GC invocations=485 (full 1):
 PSYoungGen      total 69120K, used 32864K [0x00000007b9c00000, 0x00000007c0000000, 0x00000007c0000000)
  eden space 35840K, 0% used [0x00000007b9c00000,0x00000007b9c00000,0x00000007bbf00000)
  from space 33280K, 98% used [0x00000007bdf80000,0x00000007bff98000,0x00000007c0000000)
  to   space 33280K, 0% used [0x00000007bbf00000,0x00000007bbf00000,0x00000007bdf80000)
 ParOldGen       total 161280K, used 35463K [0x00000006c1800000, 0x00000006cb580000, 0x00000007b9c00000)
  object space 161280K, 21% used [0x00000006c1800000,0x00000006c3aa1e80,0x00000006cb580000)
 Metaspace       used 2707K, capacity 4486K, committed 4864K, reserved 1056768K
  class space    used 302K, capacity 386K, committed 512K, reserved 1048576K
}
{Heap before GC invocations=486 (full 1):
 PSYoungGen      total 69120K, used 68704K [0x00000007b9c00000, 0x00000007c0000000, 0x00000007c0000000)
  eden space 35840K, 100% used [0x00000007b9c00000,0x00000007bbf00000,0x00000007bbf00000)
  from space 33280K, 98% used [0x00000007bdf80000,0x00000007bff98000,0x00000007c0000000)
  to   space 33280K, 0% used [0x00000007bbf00000,0x00000007bbf00000,0x00000007bdf80000)
 ParOldGen       total 161280K, used 35463K [0x00000006c1800000, 0x00000006cb580000, 0x00000007b9c00000)
  object space 161280K, 21% used [0x00000006c1800000,0x00000006c3aa1e80,0x00000006cb580000)
 Metaspace       used 2707K, capacity 4486K, committed 4864K, reserved 1056768K
  class space    used 302K, capacity 386K, committed 512K, reserved 1048576K
[GC (Allocation Failure)  104167K->68327K(230400K), 0.0315835 secs]
Heap after GC invocations=486 (full 1):
 PSYoungGen      total 69120K, used 32864K [0x00000007b9c00000, 0x00000007c0000000, 0x00000007c0000000)
  eden space 35840K, 0% used [0x00000007b9c00000,0x00000007b9c00000,0x00000007bbf00000)
  from space 33280K, 98% used [0x00000007bbf00000,0x00000007bdf18000,0x00000007bdf80000)
  to   space 33280K, 0% used [0x00000007bdf80000,0x00000007bdf80000,0x00000007c0000000)
 ParOldGen       total 161280K, used 35463K [0x00000006c1800000, 0x00000006cb580000, 0x00000007b9c00000)
  object space 161280K, 21% used [0x00000006c1800000,0x00000006c3aa1e80,0x00000006cb580000)
 Metaspace       used 2707K, capacity 4486K, committed 4864K, reserved 1056768K
  class space    used 302K, capacity 386K, committed 512K, reserved 1048576K
}
{Heap before GC invocations=487 (full 1):
 PSYoungGen      total 69120K, used 68704K [0x00000007b9c00000, 0x00000007c0000000, 0x00000007c0000000)
  eden space 35840K, 100% used [0x00000007b9c00000,0x00000007bbf00000,0x00000007bbf00000)
  from space 33280K, 98% used [0x00000007bbf00000,0x00000007bdf18000,0x00000007bdf80000)
  to   space 33280K, 0% used [0x00000007bdf80000,0x00000007bdf80000,0x00000007c0000000)
 ParOldGen       total 161280K, used 35463K [0x00000006c1800000, 0x00000006cb580000, 0x00000007b9c00000)
  object space 161280K, 21% used [0x00000006c1800000,0x00000006c3aa1e80,0x00000006cb580000)
 Metaspace       used 2707K, capacity 4486K, committed 4864K, reserved 1056768K
  class space    used 302K, capacity 386K, committed 512K, reserved 1048576K
[GC (Allocation Failure)  104167K->68327K(230400K), 0.0328450 secs]
Heap after GC invocations=487 (full 1):
 PSYoungGen      total 69120K, used 32864K [0x00000007b9c00000, 0x00000007c0000000, 0x00000007c0000000)
  eden space 35840K, 0% used [0x00000007b9c00000,0x00000007b9c00000,0x00000007bbf00000)
  from space 33280K, 98% used [0x00000007bdf80000,0x00000007bff98000,0x00000007c0000000)
  to   space 33280K, 0% used [0x00000007bbf00000,0x00000007bbf00000,0x00000007bdf80000)
 ParOldGen       total 161280K, used 35463K [0x00000006c1800000, 0x00000006cb580000, 0x00000007b9c00000)
  object space 161280K, 21% used [0x00000006c1800000,0x00000006c3aa1e80,0x00000006cb580000)
 Metaspace       used 2707K, capacity 4486K, committed 4864K, reserved 1056768K
  class space    used 302K, capacity 386K, committed 512K, reserved 1048576K
}
{Heap before GC invocations=488 (full 1):
 PSYoungGen      total 69120K, used 68704K [0x00000007b9c00000, 0x00000007c0000000, 0x00000007c0000000)
  eden space 35840K, 100% used [0x00000007b9c00000,0x00000007bbf00000,0x00000007bbf00000)
  from space 33280K, 98% used [0x00000007bdf80000,0x00000007bff98000,0x00000007c0000000)
  to   space 33280K, 0% used [0x00000007bbf00000,0x00000007bbf00000,0x00000007bdf80000)
 ParOldGen       total 161280K, used 35463K [0x00000006c1800000, 0x00000006cb580000, 0x00000007b9c00000)
  object space 161280K, 21% used [0x00000006c1800000,0x00000006c3aa1e80,0x00000006cb580000)
 Metaspace       used 2707K, capacity 4486K, committed 4864K, reserved 1056768K
  class space    used 302K, capacity 386K, committed 512K, reserved 1048576K
[GC (Allocation Failure)  104167K->68359K(230400K), 0.0329415 secs]
Heap after GC invocations=488 (full 1):
 PSYoungGen      total 69120K, used 32896K [0x00000007b9c00000, 0x00000007c0000000, 0x00000007c0000000)
  eden space 35840K, 0% used [0x00000007b9c00000,0x00000007b9c00000,0x00000007bbf00000)
  from space 33280K, 98% used [0x00000007bbf00000,0x00000007bdf20000,0x00000007bdf80000)
  to   space 33280K, 0% used [0x00000007bdf80000,0x00000007bdf80000,0x00000007c0000000)
 ParOldGen       total 161280K, used 35463K [0x00000006c1800000, 0x00000006cb580000, 0x00000007b9c00000)
  object space 161280K, 21% used [0x00000006c1800000,0x00000006c3aa1e80,0x00000006cb580000)
 Metaspace       used 2707K, capacity 4486K, committed 4864K, reserved 1056768K
  class space    used 302K, capacity 386K, committed 512K, reserved 1048576K
}
{Heap before GC invocations=489 (full 1):
 PSYoungGen      total 69120K, used 68736K [0x00000007b9c00000, 0x00000007c0000000, 0x00000007c0000000)
  eden space 35840K, 100% used [0x00000007b9c00000,0x00000007bbf00000,0x00000007bbf00000)
  from space 33280K, 98% used [0x00000007bbf00000,0x00000007bdf20000,0x00000007bdf80000)
  to   space 33280K, 0% used [0x00000007bdf80000,0x00000007bdf80000,0x00000007c0000000)
 ParOldGen       total 161280K, used 35463K [0x00000006c1800000, 0x00000006cb580000, 0x00000007b9c00000)
  object space 161280K, 21% used [0x00000006c1800000,0x00000006c3aa1e80,0x00000006cb580000)
 Metaspace       used 2707K, capacity 4486K, committed 4864K, reserved 1056768K
  class space    used 302K, capacity 386K, committed 512K, reserved 1048576K
[GC (Allocation Failure)  104199K->68359K(230400K), 0.0313386 secs]
Heap after GC invocations=489 (full 1):
 PSYoungGen      total 69120K, used 32896K [0x00000007b9c00000, 0x00000007c0000000, 0x00000007c0000000)
  eden space 35840K, 0% used [0x00000007b9c00000,0x00000007b9c00000,0x00000007bbf00000)
  from space 33280K, 98% used [0x00000007bdf80000,0x00000007bffa0000,0x00000007c0000000)
  to   space 33280K, 0% used [0x00000007bbf00000,0x00000007bbf00000,0x00000007bdf80000)
 ParOldGen       total 161280K, used 35463K [0x00000006c1800000, 0x00000006cb580000, 0x00000007b9c00000)
  object space 161280K, 21% used [0x00000006c1800000,0x00000006c3aa1e80,0x00000006cb580000)
 Metaspace       used 2707K, capacity 4486K, committed 4864K, reserved 1056768K
  class space    used 302K, capacity 386K, committed 512K, reserved 1048576K
}
{Heap before GC invocations=490 (full 1):
 PSYoungGen      total 69120K, used 68736K [0x00000007b9c00000, 0x00000007c0000000, 0x00000007c0000000)
  eden space 35840K, 100% used [0x00000007b9c00000,0x00000007bbf00000,0x00000007bbf00000)
  from space 33280K, 98% used [0x00000007bdf80000,0x00000007bffa0000,0x00000007c0000000)
  to   space 33280K, 0% used [0x00000007bbf00000,0x00000007bbf00000,0x00000007bdf80000)
 ParOldGen       total 161280K, used 35463K [0x00000006c1800000, 0x00000006cb580000, 0x00000007b9c00000)
  object space 161280K, 21% used [0x00000006c1800000,0x00000006c3aa1e80,0x00000006cb580000)
 Metaspace       used 2707K, capacity 4486K, committed 4864K, reserved 1056768K
  class space    used 302K, capacity 386K, committed 512K, reserved 1048576K
[GC (Allocation Failure)  104199K->68359K(230400K), 0.0321042 secs]
Heap after GC invocations=490 (full 1):
 PSYoungGen      total 69120K, used 32896K [0x00000007b9c00000, 0x00000007c0000000, 0x00000007c0000000)
  eden space 35840K, 0% used [0x00000007b9c00000,0x00000007b9c00000,0x00000007bbf00000)
  from space 33280K, 98% used [0x00000007bbf00000,0x00000007bdf20000,0x00000007bdf80000)
  to   space 33280K, 0% used [0x00000007bdf80000,0x00000007bdf80000,0x00000007c0000000)
 ParOldGen       total 161280K, used 35463K [0x00000006c1800000, 0x00000006cb580000, 0x00000007b9c00000)
  object space 161280K, 21% used [0x00000006c1800000,0x00000006c3aa1e80,0x00000006cb580000)
 Metaspace       used 2707K, capacity 4486K, committed 4864K, reserved 1056768K
  class space    used 302K, capacity 386K, committed 512K, reserved 1048576K
}
{Heap before GC invocations=491 (full 1):
 PSYoungGen      total 69120K, used 68736K [0x00000007b9c00000, 0x00000007c0000000, 0x00000007c0000000)
  eden space 35840K, 100% used [0x00000007b9c00000,0x00000007bbf00000,0x00000007bbf00000)
  from space 33280K, 98% used [0x00000007bbf00000,0x00000007bdf20000,0x00000007bdf80000)
  to   space 33280K, 0% used [0x00000007bdf80000,0x00000007bdf80000,0x00000007c0000000)
 ParOldGen       total 161280K, used 35463K [0x00000006c1800000, 0x00000006cb580000, 0x00000007b9c00000)
  object space 161280K, 21% used [0x00000006c1800000,0x00000006c3aa1e80,0x00000006cb580000)
 Metaspace       used 2707K, capacity 4486K, committed 4864K, reserved 1056768K
  class space    used 302K, capacity 386K, committed 512K, reserved 1048576K
[GC (Allocation Failure)  104199K->68359K(230400K), 0.0334202 secs]
Heap after GC invocations=491 (full 1):
 PSYoungGen      total 69120K, used 32896K [0x00000007b9c00000, 0x00000007c0000000, 0x00000007c0000000)
  eden space 35840K, 0% used [0x00000007b9c00000,0x00000007b9c00000,0x00000007bbf00000)
  from space 33280K, 98% used [0x00000007bdf80000,0x00000007bffa0000,0x00000007c0000000)
  to   space 33280K, 0% used [0x00000007bbf00000,0x00000007bbf00000,0x00000007bdf80000)
 ParOldGen       total 161280K, used 35463K [0x00000006c1800000, 0x00000006cb580000, 0x00000007b9c00000)
  object space 161280K, 21% used [0x00000006c1800000,0x00000006c3aa1e80,0x00000006cb580000)
 Metaspace       used 2707K, capacity 4486K, committed 4864K, reserved 1056768K
  class space    used 302K, capacity 386K, committed 512K, reserved 1048576K
}
{Heap before GC invocations=492 (full 1):
 PSYoungGen      total 69120K, used 68736K [0x00000007b9c00000, 0x00000007c0000000, 0x00000007c0000000)
  eden space 35840K, 100% used [0x00000007b9c00000,0x00000007bbf00000,0x00000007bbf00000)
  from space 33280K, 98% used [0x00000007bdf80000,0x00000007bffa0000,0x00000007c0000000)
  to   space 33280K, 0% used [0x00000007bbf00000,0x00000007bbf00000,0x00000007bdf80000)
 ParOldGen       total 161280K, used 35463K [0x00000006c1800000, 0x00000006cb580000, 0x00000007b9c00000)
  object space 161280K, 21% used [0x00000006c1800000,0x00000006c3aa1e80,0x00000006cb580000)
 Metaspace       used 2707K, capacity 4486K, committed 4864K, reserved 1056768K
  class space    used 302K, capacity 386K, committed 512K, reserved 1048576K
[GC (Allocation Failure)  104199K->68359K(230400K), 0.0360325 secs]
Heap after GC invocations=492 (full 1):
 PSYoungGen      total 69120K, used 32896K [0x00000007b9c00000, 0x00000007c0000000, 0x00000007c0000000)
  eden space 35840K, 0% used [0x00000007b9c00000,0x00000007b9c00000,0x00000007bbf00000)
  from space 33280K, 98% used [0x00000007bbf00000,0x00000007bdf20000,0x00000007bdf80000)
  to   space 33280K, 0% used [0x00000007bdf80000,0x00000007bdf80000,0x00000007c0000000)
 ParOldGen       total 161280K, used 35463K [0x00000006c1800000, 0x00000006cb580000, 0x00000007b9c00000)
  object space 161280K, 21% used [0x00000006c1800000,0x00000006c3aa1e80,0x00000006cb580000)
 Metaspace       used 2707K, capacity 4486K, committed 4864K, reserved 1056768K
  class space    used 302K, capacity 386K, committed 512K, reserved 1048576K
}
{Heap before GC invocations=493 (full 1):
 PSYoungGen      total 69120K, used 68736K [0x00000007b9c00000, 0x00000007c0000000, 0x00000007c0000000)
  eden space 35840K, 100% used [0x00000007b9c00000,0x00000007bbf00000,0x00000007bbf00000)
  from space 33280K, 98% used [0x00000007bbf00000,0x00000007bdf20000,0x00000007bdf80000)
  to   space 33280K, 0% used [0x00000007bdf80000,0x00000007bdf80000,0x00000007c0000000)
 ParOldGen       total 161280K, used 35463K [0x00000006c1800000, 0x00000006cb580000, 0x00000007b9c00000)
  object space 161280K, 21% used [0x00000006c1800000,0x00000006c3aa1e80,0x00000006cb580000)
 Metaspace       used 2707K, capacity 4486K, committed 4864K, reserved 1056768K
  class space    used 302K, capacity 386K, committed 512K, reserved 1048576K
[GC (Allocation Failure)  104199K->68359K(230400K), 0.0322744 secs]
Heap after GC invocations=493 (full 1):
 PSYoungGen      total 69120K, used 32896K [0x00000007b9c00000, 0x00000007c0000000, 0x00000007c0000000)
  eden space 35840K, 0% used [0x00000007b9c00000,0x00000007b9c00000,0x00000007bbf00000)
  from space 33280K, 98% used [0x00000007bdf80000,0x00000007bffa0000,0x00000007c0000000)
  to   space 33280K, 0% used [0x00000007bbf00000,0x00000007bbf00000,0x00000007bdf80000)
 ParOldGen       total 161280K, used 35463K [0x00000006c1800000, 0x00000006cb580000, 0x00000007b9c00000)
  object space 161280K, 21% used [0x00000006c1800000,0x00000006c3aa1e80,0x00000006cb580000)
 Metaspace       used 2707K, capacity 4486K, committed 4864K, reserved 1056768K
  class space    used 302K, capacity 386K, committed 512K, reserved 1048576K
}
{Heap before GC invocations=494 (full 1):
 PSYoungGen      total 69120K, used 68736K [0x00000007b9c00000, 0x00000007c0000000, 0x00000007c0000000)
  eden space 35840K, 100% used [0x00000007b9c00000,0x00000007bbf00000,0x00000007bbf00000)
  from space 33280K, 98% used [0x00000007bdf80000,0x00000007bffa0000,0x00000007c0000000)
  to   space 33280K, 0% used [0x00000007bbf00000,0x00000007bbf00000,0x00000007bdf80000)
 ParOldGen       total 161280K, used 35463K [0x00000006c1800000, 0x00000006cb580000, 0x00000007b9c00000)
  object space 161280K, 21% used [0x00000006c1800000,0x00000006c3aa1e80,0x00000006cb580000)
 Metaspace       used 2707K, capacity 4486K, committed 4864K, reserved 1056768K
  class space    used 302K, capacity 386K, committed 512K, reserved 1048576K
[GC (Allocation Failure)  104199K->68359K(230400K), 0.0328498 secs]
Heap after GC invocations=494 (full 1):
 PSYoungGen      total 69120K, used 32896K [0x00000007b9c00000, 0x00000007c0000000, 0x00000007c0000000)
  eden space 35840K, 0% used [0x00000007b9c00000,0x00000007b9c00000,0x00000007bbf00000)
  from space 33280K, 98% used [0x00000007bbf00000,0x00000007bdf20000,0x00000007bdf80000)
  to   space 33280K, 0% used [0x00000007bdf80000,0x00000007bdf80000,0x00000007c0000000)
 ParOldGen       total 161280K, used 35463K [0x00000006c1800000, 0x00000006cb580000, 0x00000007b9c00000)
  object space 161280K, 21% used [0x00000006c1800000,0x00000006c3aa1e80,0x00000006cb580000)
 Metaspace       used 2707K, capacity 4486K, committed 4864K, reserved 1056768K
  class space    used 302K, capacity 386K, committed 512K, reserved 1048576K
}
{Heap before GC invocations=495 (full 1):
 PSYoungGen      total 69120K, used 68736K [0x00000007b9c00000, 0x00000007c0000000, 0x00000007c0000000)
  eden space 35840K, 100% used [0x00000007b9c00000,0x00000007bbf00000,0x00000007bbf00000)
  from space 33280K, 98% used [0x00000007bbf00000,0x00000007bdf20000,0x00000007bdf80000)
  to   space 33280K, 0% used [0x00000007bdf80000,0x00000007bdf80000,0x00000007c0000000)
 ParOldGen       total 161280K, used 35463K [0x00000006c1800000, 0x00000006cb580000, 0x00000007b9c00000)
  object space 161280K, 21% used [0x00000006c1800000,0x00000006c3aa1e80,0x00000006cb580000)
 Metaspace       used 2707K, capacity 4486K, committed 4864K, reserved 1056768K
  class space    used 302K, capacity 386K, committed 512K, reserved 1048576K
[GC (Allocation Failure)  104199K->68359K(230400K), 0.0355553 secs]
Heap after GC invocations=495 (full 1):
 PSYoungGen      total 69120K, used 32896K [0x00000007b9c00000, 0x00000007c0000000, 0x00000007c0000000)
  eden space 35840K, 0% used [0x00000007b9c00000,0x00000007b9c00000,0x00000007bbf00000)
  from space 33280K, 98% used [0x00000007bdf80000,0x00000007bffa0000,0x00000007c0000000)
  to   space 33280K, 0% used [0x00000007bbf00000,0x00000007bbf00000,0x00000007bdf80000)
 ParOldGen       total 161280K, used 35463K [0x00000006c1800000, 0x00000006cb580000, 0x00000007b9c00000)
  object space 161280K, 21% used [0x00000006c1800000,0x00000006c3aa1e80,0x00000006cb580000)
 Metaspace       used 2707K, capacity 4486K, committed 4864K, reserved 1056768K
  class space    used 302K, capacity 386K, committed 512K, reserved 1048576K
}
{Heap before GC invocations=496 (full 1):
 PSYoungGen      total 69120K, used 68736K [0x00000007b9c00000, 0x00000007c0000000, 0x00000007c0000000)
  eden space 35840K, 100% used [0x00000007b9c00000,0x00000007bbf00000,0x00000007bbf00000)
  from space 33280K, 98% used [0x00000007bdf80000,0x00000007bffa0000,0x00000007c0000000)
  to   space 33280K, 0% used [0x00000007bbf00000,0x00000007bbf00000,0x00000007bdf80000)
 ParOldGen       total 161280K, used 35463K [0x00000006c1800000, 0x00000006cb580000, 0x00000007b9c00000)
  object space 161280K, 21% used [0x00000006c1800000,0x00000006c3aa1e80,0x00000006cb580000)
 Metaspace       used 2707K, capacity 4486K, committed 4864K, reserved 1056768K
  class space    used 302K, capacity 386K, committed 512K, reserved 1048576K
[GC (Allocation Failure)  104199K->68391K(230400K), 0.0325103 secs]
Heap after GC invocations=496 (full 1):
 PSYoungGen      total 69120K, used 32928K [0x00000007b9c00000, 0x00000007c0000000, 0x00000007c0000000)
  eden space 35840K, 0% used [0x00000007b9c00000,0x00000007b9c00000,0x00000007bbf00000)
  from space 33280K, 98% used [0x00000007bbf00000,0x00000007bdf28000,0x00000007bdf80000)
  to   space 33280K, 0% used [0x00000007bdf80000,0x00000007bdf80000,0x00000007c0000000)
 ParOldGen       total 161280K, used 35463K [0x00000006c1800000, 0x00000006cb580000, 0x00000007b9c00000)
  object space 161280K, 21% used [0x00000006c1800000,0x00000006c3aa1e80,0x00000006cb580000)
 Metaspace       used 2707K, capacity 4486K, committed 4864K, reserved 1056768K
  class space    used 302K, capacity 386K, committed 512K, reserved 1048576K
}
{Heap before GC invocations=497 (full 1):
 PSYoungGen      total 69120K, used 68768K [0x00000007b9c00000, 0x00000007c0000000, 0x00000007c0000000)
  eden space 35840K, 100% used [0x00000007b9c00000,0x00000007bbf00000,0x00000007bbf00000)
  from space 33280K, 98% used [0x00000007bbf00000,0x00000007bdf28000,0x00000007bdf80000)
  to   space 33280K, 0% used [0x00000007bdf80000,0x00000007bdf80000,0x00000007c0000000)
 ParOldGen       total 161280K, used 35463K [0x00000006c1800000, 0x00000006cb580000, 0x00000007b9c00000)
  object space 161280K, 21% used [0x00000006c1800000,0x00000006c3aa1e80,0x00000006cb580000)
 Metaspace       used 2707K, capacity 4486K, committed 4864K, reserved 1056768K
  class space    used 302K, capacity 386K, committed 512K, reserved 1048576K
[GC (Allocation Failure)  104231K->68359K(230400K), 0.0322943 secs]
Heap after GC invocations=497 (full 1):
 PSYoungGen      total 69120K, used 32896K [0x00000007b9c00000, 0x00000007c0000000, 0x00000007c0000000)
  eden space 35840K, 0% used [0x00000007b9c00000,0x00000007b9c00000,0x00000007bbf00000)
  from space 33280K, 98% used [0x00000007bdf80000,0x00000007bffa0000,0x00000007c0000000)
  to   space 33280K, 0% used [0x00000007bbf00000,0x00000007bbf00000,0x00000007bdf80000)
 ParOldGen       total 161280K, used 35463K [0x00000006c1800000, 0x00000006cb580000, 0x00000007b9c00000)
  object space 161280K, 21% used [0x00000006c1800000,0x00000006c3aa1e80,0x00000006cb580000)
 Metaspace       used 2707K, capacity 4486K, committed 4864K, reserved 1056768K
  class space    used 302K, capacity 386K, committed 512K, reserved 1048576K
}
{Heap before GC invocations=498 (full 1):
 PSYoungGen      total 69120K, used 68736K [0x00000007b9c00000, 0x00000007c0000000, 0x00000007c0000000)
  eden space 35840K, 100% used [0x00000007b9c00000,0x00000007bbf00000,0x00000007bbf00000)
  from space 33280K, 98% used [0x00000007bdf80000,0x00000007bffa0000,0x00000007c0000000)
  to   space 33280K, 0% used [0x00000007bbf00000,0x00000007bbf00000,0x00000007bdf80000)
 ParOldGen       total 161280K, used 35463K [0x00000006c1800000, 0x00000006cb580000, 0x00000007b9c00000)
  object space 161280K, 21% used [0x00000006c1800000,0x00000006c3aa1e80,0x00000006cb580000)
 Metaspace       used 2707K, capacity 4486K, committed 4864K, reserved 1056768K
  class space    used 302K, capacity 386K, committed 512K, reserved 1048576K
[GC (Allocation Failure)  104199K->68359K(230400K), 0.0320291 secs]
Heap after GC invocations=498 (full 1):
 PSYoungGen      total 69120K, used 32896K [0x00000007b9c00000, 0x00000007c0000000, 0x00000007c0000000)
  eden space 35840K, 0% used [0x00000007b9c00000,0x00000007b9c00000,0x00000007bbf00000)
  from space 33280K, 98% used [0x00000007bbf00000,0x00000007bdf20000,0x00000007bdf80000)
  to   space 33280K, 0% used [0x00000007bdf80000,0x00000007bdf80000,0x00000007c0000000)
 ParOldGen       total 161280K, used 35463K [0x00000006c1800000, 0x00000006cb580000, 0x00000007b9c00000)
  object space 161280K, 21% used [0x00000006c1800000,0x00000006c3aa1e80,0x00000006cb580000)
 Metaspace       used 2707K, capacity 4486K, committed 4864K, reserved 1056768K
  class space    used 302K, capacity 386K, committed 512K, reserved 1048576K
}
{Heap before GC invocations=499 (full 1):
 PSYoungGen      total 69120K, used 68736K [0x00000007b9c00000, 0x00000007c0000000, 0x00000007c0000000)
  eden space 35840K, 100% used [0x00000007b9c00000,0x00000007bbf00000,0x00000007bbf00000)
  from space 33280K, 98% used [0x00000007bbf00000,0x00000007bdf20000,0x00000007bdf80000)
  to   space 33280K, 0% used [0x00000007bdf80000,0x00000007bdf80000,0x00000007c0000000)
 ParOldGen       total 161280K, used 35463K [0x00000006c1800000, 0x00000006cb580000, 0x00000007b9c00000)
  object space 161280K, 21% used [0x00000006c1800000,0x00000006c3aa1e80,0x00000006cb580000)
 Metaspace       used 2707K, capacity 4486K, committed 4864K, reserved 1056768K
  class space    used 302K, capacity 386K, committed 512K, reserved 1048576K
[GC (Allocation Failure)  104199K->68391K(230400K), 0.0511303 secs]
Heap after GC invocations=499 (full 1):
 PSYoungGen      total 69120K, used 32928K [0x00000007b9c00000, 0x00000007c0000000, 0x00000007c0000000)
  eden space 35840K, 0% used [0x00000007b9c00000,0x00000007b9c00000,0x00000007bbf00000)
  from space 33280K, 98% used [0x00000007bdf80000,0x00000007bffa8000,0x00000007c0000000)
  to   space 33280K, 0% used [0x00000007bbf00000,0x00000007bbf00000,0x00000007bdf80000)
 ParOldGen       total 161280K, used 35463K [0x00000006c1800000, 0x00000006cb580000, 0x00000007b9c00000)
  object space 161280K, 21% used [0x00000006c1800000,0x00000006c3aa1e80,0x00000006cb580000)
 Metaspace       used 2707K, capacity 4486K, committed 4864K, reserved 1056768K
  class space    used 302K, capacity 386K, committed 512K, reserved 1048576K
}
{Heap before GC invocations=500 (full 1):
 PSYoungGen      total 69120K, used 68768K [0x00000007b9c00000, 0x00000007c0000000, 0x00000007c0000000)
  eden space 35840K, 100% used [0x00000007b9c00000,0x00000007bbf00000,0x00000007bbf00000)
  from space 33280K, 98% used [0x00000007bdf80000,0x00000007bffa8000,0x00000007c0000000)
  to   space 33280K, 0% used [0x00000007bbf00000,0x00000007bbf00000,0x00000007bdf80000)
 ParOldGen       total 161280K, used 35463K [0x00000006c1800000, 0x00000006cb580000, 0x00000007b9c00000)
  object space 161280K, 21% used [0x00000006c1800000,0x00000006c3aa1e80,0x00000006cb580000)
 Metaspace       used 2707K, capacity 4486K, committed 4864K, reserved 1056768K
  class space    used 302K, capacity 386K, committed 512K, reserved 1048576K
[GC (Allocation Failure)  104231K->68359K(230400K), 0.0467973 secs]
Heap after GC invocations=500 (full 1):
 PSYoungGen      total 69120K, used 32896K [0x00000007b9c00000, 0x00000007c0000000, 0x00000007c0000000)
  eden space 35840K, 0% used [0x00000007b9c00000,0x00000007b9c00000,0x00000007bbf00000)
  from space 33280K, 98% used [0x00000007bbf00000,0x00000007bdf20000,0x00000007bdf80000)
  to   space 33280K, 0% used [0x00000007bdf80000,0x00000007bdf80000,0x00000007c0000000)
 ParOldGen       total 161280K, used 35463K [0x00000006c1800000, 0x00000006cb580000, 0x00000007b9c00000)
  object space 161280K, 21% used [0x00000006c1800000,0x00000006c3aa1e80,0x00000006cb580000)
 Metaspace       used 2707K, capacity 4486K, committed 4864K, reserved 1056768K
  class space    used 302K, capacity 386K, committed 512K, reserved 1048576K
}
{Heap before GC invocations=501 (full 1):
 PSYoungGen      total 69120K, used 68736K [0x00000007b9c00000, 0x00000007c0000000, 0x00000007c0000000)
  eden space 35840K, 100% used [0x00000007b9c00000,0x00000007bbf00000,0x00000007bbf00000)
  from space 33280K, 98% used [0x00000007bbf00000,0x00000007bdf20000,0x00000007bdf80000)
  to   space 33280K, 0% used [0x00000007bdf80000,0x00000007bdf80000,0x00000007c0000000)
 ParOldGen       total 161280K, used 35463K [0x00000006c1800000, 0x00000006cb580000, 0x00000007b9c00000)
  object space 161280K, 21% used [0x00000006c1800000,0x00000006c3aa1e80,0x00000006cb580000)
 Metaspace       used 2707K, capacity 4486K, committed 4864K, reserved 1056768K
  class space    used 302K, capacity 386K, committed 512K, reserved 1048576K
[GC (Allocation Failure)  104199K->68327K(230400K), 0.0390412 secs]
Heap after GC invocations=501 (full 1):
 PSYoungGen      total 69120K, used 32864K [0x00000007b9c00000, 0x00000007c0000000, 0x00000007c0000000)
  eden space 35840K, 0% used [0x00000007b9c00000,0x00000007b9c00000,0x00000007bbf00000)
  from space 33280K, 98% used [0x00000007bdf80000,0x00000007bff98000,0x00000007c0000000)
  to   space 33280K, 0% used [0x00000007bbf00000,0x00000007bbf00000,0x00000007bdf80000)
 ParOldGen       total 161280K, used 35463K [0x00000006c1800000, 0x00000006cb580000, 0x00000007b9c00000)
  object space 161280K, 21% used [0x00000006c1800000,0x00000006c3aa1e80,0x00000006cb580000)
 Metaspace       used 2707K, capacity 4486K, committed 4864K, reserved 1056768K
  class space    used 302K, capacity 386K, committed 512K, reserved 1048576K
}
{Heap before GC invocations=502 (full 1):
 PSYoungGen      total 69120K, used 68704K [0x00000007b9c00000, 0x00000007c0000000, 0x00000007c0000000)
  eden space 35840K, 100% used [0x00000007b9c00000,0x00000007bbf00000,0x00000007bbf00000)
  from space 33280K, 98% used [0x00000007bdf80000,0x00000007bff98000,0x00000007c0000000)
  to   space 33280K, 0% used [0x00000007bbf00000,0x00000007bbf00000,0x00000007bdf80000)
 ParOldGen       total 161280K, used 35463K [0x00000006c1800000, 0x00000006cb580000, 0x00000007b9c00000)
  object space 161280K, 21% used [0x00000006c1800000,0x00000006c3aa1e80,0x00000006cb580000)
 Metaspace       used 2707K, capacity 4486K, committed 4864K, reserved 1056768K
  class space    used 302K, capacity 386K, committed 512K, reserved 1048576K
[GC (Allocation Failure)  104167K->68359K(230400K), 0.0338060 secs]
Heap after GC invocations=502 (full 1):
 PSYoungGen      total 69120K, used 32896K [0x00000007b9c00000, 0x00000007c0000000, 0x00000007c0000000)
  eden space 35840K, 0% used [0x00000007b9c00000,0x00000007b9c00000,0x00000007bbf00000)
  from space 33280K, 98% used [0x00000007bbf00000,0x00000007bdf20000,0x00000007bdf80000)
  to   space 33280K, 0% used [0x00000007bdf80000,0x00000007bdf80000,0x00000007c0000000)
 ParOldGen       total 161280K, used 35463K [0x00000006c1800000, 0x00000006cb580000, 0x00000007b9c00000)
  object space 161280K, 21% used [0x00000006c1800000,0x00000006c3aa1e80,0x00000006cb580000)
 Metaspace       used 2707K, capacity 4486K, committed 4864K, reserved 1056768K
  class space    used 302K, capacity 386K, committed 512K, reserved 1048576K
}
{Heap before GC invocations=503 (full 1):
 PSYoungGen      total 69120K, used 68736K [0x00000007b9c00000, 0x00000007c0000000, 0x00000007c0000000)
  eden space 35840K, 100% used [0x00000007b9c00000,0x00000007bbf00000,0x00000007bbf00000)
  from space 33280K, 98% used [0x00000007bbf00000,0x00000007bdf20000,0x00000007bdf80000)
  to   space 33280K, 0% used [0x00000007bdf80000,0x00000007bdf80000,0x00000007c0000000)
 ParOldGen       total 161280K, used 35463K [0x00000006c1800000, 0x00000006cb580000, 0x00000007b9c00000)
  object space 161280K, 21% used [0x00000006c1800000,0x00000006c3aa1e80,0x00000006cb580000)
 Metaspace       used 2707K, capacity 4486K, committed 4864K, reserved 1056768K
  class space    used 302K, capacity 386K, committed 512K, reserved 1048576K
[GC (Allocation Failure)  104199K->68359K(230400K), 0.0326826 secs]
Heap after GC invocations=503 (full 1):
 PSYoungGen      total 69120K, used 32896K [0x00000007b9c00000, 0x00000007c0000000, 0x00000007c0000000)
  eden space 35840K, 0% used [0x00000007b9c00000,0x00000007b9c00000,0x00000007bbf00000)
  from space 33280K, 98% used [0x00000007bdf80000,0x00000007bffa0000,0x00000007c0000000)
  to   space 33280K, 0% used [0x00000007bbf00000,0x00000007bbf00000,0x00000007bdf80000)
 ParOldGen       total 161280K, used 35463K [0x00000006c1800000, 0x00000006cb580000, 0x00000007b9c00000)
  object space 161280K, 21% used [0x00000006c1800000,0x00000006c3aa1e80,0x00000006cb580000)
 Metaspace       used 2707K, capacity 4486K, committed 4864K, reserved 1056768K
  class space    used 302K, capacity 386K, committed 512K, reserved 1048576K
}
{Heap before GC invocations=504 (full 1):
 PSYoungGen      total 69120K, used 68736K [0x00000007b9c00000, 0x00000007c0000000, 0x00000007c0000000)
  eden space 35840K, 100% used [0x00000007b9c00000,0x00000007bbf00000,0x00000007bbf00000)
  from space 33280K, 98% used [0x00000007bdf80000,0x00000007bffa0000,0x00000007c0000000)
  to   space 33280K, 0% used [0x00000007bbf00000,0x00000007bbf00000,0x00000007bdf80000)
 ParOldGen       total 161280K, used 35463K [0x00000006c1800000, 0x00000006cb580000, 0x00000007b9c00000)
  object space 161280K, 21% used [0x00000006c1800000,0x00000006c3aa1e80,0x00000006cb580000)
 Metaspace       used 2707K, capacity 4486K, committed 4864K, reserved 1056768K
  class space    used 302K, capacity 386K, committed 512K, reserved 1048576K
[GC (Allocation Failure)  104199K->68359K(230400K), 0.0356383 secs]
Heap after GC invocations=504 (full 1):
 PSYoungGen      total 69120K, used 32896K [0x00000007b9c00000, 0x00000007c0000000, 0x00000007c0000000)
  eden space 35840K, 0% used [0x00000007b9c00000,0x00000007b9c00000,0x00000007bbf00000)
  from space 33280K, 98% used [0x00000007bbf00000,0x00000007bdf20000,0x00000007bdf80000)
  to   space 33280K, 0% used [0x00000007bdf80000,0x00000007bdf80000,0x00000007c0000000)
 ParOldGen       total 161280K, used 35463K [0x00000006c1800000, 0x00000006cb580000, 0x00000007b9c00000)
  object space 161280K, 21% used [0x00000006c1800000,0x00000006c3aa1e80,0x00000006cb580000)
 Metaspace       used 2707K, capacity 4486K, committed 4864K, reserved 1056768K
  class space    used 302K, capacity 386K, committed 512K, reserved 1048576K
}
{Heap before GC invocations=505 (full 1):
 PSYoungGen      total 69120K, used 68736K [0x00000007b9c00000, 0x00000007c0000000, 0x00000007c0000000)
  eden space 35840K, 100% used [0x00000007b9c00000,0x00000007bbf00000,0x00000007bbf00000)
  from space 33280K, 98% used [0x00000007bbf00000,0x00000007bdf20000,0x00000007bdf80000)
  to   space 33280K, 0% used [0x00000007bdf80000,0x00000007bdf80000,0x00000007c0000000)
 ParOldGen       total 161280K, used 35463K [0x00000006c1800000, 0x00000006cb580000, 0x00000007b9c00000)
  object space 161280K, 21% used [0x00000006c1800000,0x00000006c3aa1e80,0x00000006cb580000)
 Metaspace       used 2707K, capacity 4486K, committed 4864K, reserved 1056768K
  class space    used 302K, capacity 386K, committed 512K, reserved 1048576K
[GC (Allocation Failure)  104199K->68359K(230400K), 0.0324796 secs]
Heap after GC invocations=505 (full 1):
 PSYoungGen      total 69120K, used 32896K [0x00000007b9c00000, 0x00000007c0000000, 0x00000007c0000000)
  eden space 35840K, 0% used [0x00000007b9c00000,0x00000007b9c00000,0x00000007bbf00000)
  from space 33280K, 98% used [0x00000007bdf80000,0x00000007bffa0000,0x00000007c0000000)
  to   space 33280K, 0% used [0x00000007bbf00000,0x00000007bbf00000,0x00000007bdf80000)
 ParOldGen       total 161280K, used 35463K [0x00000006c1800000, 0x00000006cb580000, 0x00000007b9c00000)
  object space 161280K, 21% used [0x00000006c1800000,0x00000006c3aa1e80,0x00000006cb580000)
 Metaspace       used 2707K, capacity 4486K, committed 4864K, reserved 1056768K
  class space    used 302K, capacity 386K, committed 512K, reserved 1048576K
}
{Heap before GC invocations=506 (full 1):
 PSYoungGen      total 69120K, used 68736K [0x00000007b9c00000, 0x00000007c0000000, 0x00000007c0000000)
  eden space 35840K, 100% used [0x00000007b9c00000,0x00000007bbf00000,0x00000007bbf00000)
  from space 33280K, 98% used [0x00000007bdf80000,0x00000007bffa0000,0x00000007c0000000)
  to   space 33280K, 0% used [0x00000007bbf00000,0x00000007bbf00000,0x00000007bdf80000)
 ParOldGen       total 161280K, used 35463K [0x00000006c1800000, 0x00000006cb580000, 0x00000007b9c00000)
  object space 161280K, 21% used [0x00000006c1800000,0x00000006c3aa1e80,0x00000006cb580000)
 Metaspace       used 2707K, capacity 4486K, committed 4864K, reserved 1056768K
  class space    used 302K, capacity 386K, committed 512K, reserved 1048576K
[GC (Allocation Failure)  104199K->68359K(230400K), 0.0335682 secs]
Heap after GC invocations=506 (full 1):
 PSYoungGen      total 69120K, used 32896K [0x00000007b9c00000, 0x00000007c0000000, 0x00000007c0000000)
  eden space 35840K, 0% used [0x00000007b9c00000,0x00000007b9c00000,0x00000007bbf00000)
  from space 33280K, 98% used [0x00000007bbf00000,0x00000007bdf20000,0x00000007bdf80000)
  to   space 33280K, 0% used [0x00000007bdf80000,0x00000007bdf80000,0x00000007c0000000)
 ParOldGen       total 161280K, used 35463K [0x00000006c1800000, 0x00000006cb580000, 0x00000007b9c00000)
  object space 161280K, 21% used [0x00000006c1800000,0x00000006c3aa1e80,0x00000006cb580000)
 Metaspace       used 2707K, capacity 4486K, committed 4864K, reserved 1056768K
  class space    used 302K, capacity 386K, committed 512K, reserved 1048576K
}
{Heap before GC invocations=507 (full 1):
 PSYoungGen      total 69120K, used 68736K [0x00000007b9c00000, 0x00000007c0000000, 0x00000007c0000000)
  eden space 35840K, 100% used [0x00000007b9c00000,0x00000007bbf00000,0x00000007bbf00000)
  from space 33280K, 98% used [0x00000007bbf00000,0x00000007bdf20000,0x00000007bdf80000)
  to   space 33280K, 0% used [0x00000007bdf80000,0x00000007bdf80000,0x00000007c0000000)
 ParOldGen       total 161280K, used 35463K [0x00000006c1800000, 0x00000006cb580000, 0x00000007b9c00000)
  object space 161280K, 21% used [0x00000006c1800000,0x00000006c3aa1e80,0x00000006cb580000)
 Metaspace       used 2707K, capacity 4486K, committed 4864K, reserved 1056768K
  class space    used 302K, capacity 386K, committed 512K, reserved 1048576K
[GC (Allocation Failure)  104199K->68359K(230400K), 0.0315446 secs]
Heap after GC invocations=507 (full 1):
 PSYoungGen      total 69120K, used 32896K [0x00000007b9c00000, 0x00000007c0000000, 0x00000007c0000000)
  eden space 35840K, 0% used [0x00000007b9c00000,0x00000007b9c00000,0x00000007bbf00000)
  from space 33280K, 98% used [0x00000007bdf80000,0x00000007bffa0000,0x00000007c0000000)
  to   space 33280K, 0% used [0x00000007bbf00000,0x00000007bbf00000,0x00000007bdf80000)
 ParOldGen       total 161280K, used 35463K [0x00000006c1800000, 0x00000006cb580000, 0x00000007b9c00000)
  object space 161280K, 21% used [0x00000006c1800000,0x00000006c3aa1e80,0x00000006cb580000)
 Metaspace       used 2707K, capacity 4486K, committed 4864K, reserved 1056768K
  class space    used 302K, capacity 386K, committed 512K, reserved 1048576K
}
{Heap before GC invocations=508 (full 1):
 PSYoungGen      total 69120K, used 68736K [0x00000007b9c00000, 0x00000007c0000000, 0x00000007c0000000)
  eden space 35840K, 100% used [0x00000007b9c00000,0x00000007bbf00000,0x00000007bbf00000)
  from space 33280K, 98% used [0x00000007bdf80000,0x00000007bffa0000,0x00000007c0000000)
  to   space 33280K, 0% used [0x00000007bbf00000,0x00000007bbf00000,0x00000007bdf80000)
 ParOldGen       total 161280K, used 35463K [0x00000006c1800000, 0x00000006cb580000, 0x00000007b9c00000)
  object space 161280K, 21% used [0x00000006c1800000,0x00000006c3aa1e80,0x00000006cb580000)
 Metaspace       used 2707K, capacity 4486K, committed 4864K, reserved 1056768K
  class space    used 302K, capacity 386K, committed 512K, reserved 1048576K
[GC (Allocation Failure)  104199K->68391K(230400K), 0.0301906 secs]
Heap after GC invocations=508 (full 1):
 PSYoungGen      total 69120K, used 32928K [0x00000007b9c00000, 0x00000007c0000000, 0x00000007c0000000)
  eden space 35840K, 0% used [0x00000007b9c00000,0x00000007b9c00000,0x00000007bbf00000)
  from space 33280K, 98% used [0x00000007bbf00000,0x00000007bdf28000,0x00000007bdf80000)
  to   space 33280K, 0% used [0x00000007bdf80000,0x00000007bdf80000,0x00000007c0000000)
 ParOldGen       total 161280K, used 35463K [0x00000006c1800000, 0x00000006cb580000, 0x00000007b9c00000)
  object space 161280K, 21% used [0x00000006c1800000,0x00000006c3aa1e80,0x00000006cb580000)
 Metaspace       used 2707K, capacity 4486K, committed 4864K, reserved 1056768K
  class space    used 302K, capacity 386K, committed 512K, reserved 1048576K
}
{Heap before GC invocations=509 (full 1):
 PSYoungGen      total 69120K, used 68768K [0x00000007b9c00000, 0x00000007c0000000, 0x00000007c0000000)
  eden space 35840K, 100% used [0x00000007b9c00000,0x00000007bbf00000,0x00000007bbf00000)
  from space 33280K, 98% used [0x00000007bbf00000,0x00000007bdf28000,0x00000007bdf80000)
  to   space 33280K, 0% used [0x00000007bdf80000,0x00000007bdf80000,0x00000007c0000000)
 ParOldGen       total 161280K, used 35463K [0x00000006c1800000, 0x00000006cb580000, 0x00000007b9c00000)
  object space 161280K, 21% used [0x00000006c1800000,0x00000006c3aa1e80,0x00000006cb580000)
 Metaspace       used 2707K, capacity 4486K, committed 4864K, reserved 1056768K
  class space    used 302K, capacity 386K, committed 512K, reserved 1048576K
[GC (Allocation Failure)  104231K->68391K(230400K), 0.0347861 secs]
Heap after GC invocations=509 (full 1):
 PSYoungGen      total 69120K, used 32928K [0x00000007b9c00000, 0x00000007c0000000, 0x00000007c0000000)
  eden space 35840K, 0% used [0x00000007b9c00000,0x00000007b9c00000,0x00000007bbf00000)
  from space 33280K, 98% used [0x00000007bdf80000,0x00000007bffa8000,0x00000007c0000000)
  to   space 33280K, 0% used [0x00000007bbf00000,0x00000007bbf00000,0x00000007bdf80000)
 ParOldGen       total 161280K, used 35463K [0x00000006c1800000, 0x00000006cb580000, 0x00000007b9c00000)
  object space 161280K, 21% used [0x00000006c1800000,0x00000006c3aa1e80,0x00000006cb580000)
 Metaspace       used 2707K, capacity 4486K, committed 4864K, reserved 1056768K
  class space    used 302K, capacity 386K, committed 512K, reserved 1048576K
}
{Heap before GC invocations=510 (full 1):
 PSYoungGen      total 69120K, used 68768K [0x00000007b9c00000, 0x00000007c0000000, 0x00000007c0000000)
  eden space 35840K, 100% used [0x00000007b9c00000,0x00000007bbf00000,0x00000007bbf00000)
  from space 33280K, 98% used [0x00000007bdf80000,0x00000007bffa8000,0x00000007c0000000)
  to   space 33280K, 0% used [0x00000007bbf00000,0x00000007bbf00000,0x00000007bdf80000)
 ParOldGen       total 161280K, used 35463K [0x00000006c1800000, 0x00000006cb580000, 0x00000007b9c00000)
  object space 161280K, 21% used [0x00000006c1800000,0x00000006c3aa1e80,0x00000006cb580000)
 Metaspace       used 2707K, capacity 4486K, committed 4864K, reserved 1056768K
  class space    used 302K, capacity 386K, committed 512K, reserved 1048576K
[GC (Allocation Failure)  104231K->68359K(230400K), 0.0409569 secs]
Heap after GC invocations=510 (full 1):
 PSYoungGen      total 69120K, used 32896K [0x00000007b9c00000, 0x00000007c0000000, 0x00000007c0000000)
  eden space 35840K, 0% used [0x00000007b9c00000,0x00000007b9c00000,0x00000007bbf00000)
  from space 33280K, 98% used [0x00000007bbf00000,0x00000007bdf20000,0x00000007bdf80000)
  to   space 33280K, 0% used [0x00000007bdf80000,0x00000007bdf80000,0x00000007c0000000)
 ParOldGen       total 161280K, used 35463K [0x00000006c1800000, 0x00000006cb580000, 0x00000007b9c00000)
  object space 161280K, 21% used [0x00000006c1800000,0x00000006c3aa1e80,0x00000006cb580000)
 Metaspace       used 2707K, capacity 4486K, committed 4864K, reserved 1056768K
  class space    used 302K, capacity 386K, committed 512K, reserved 1048576K
}
{Heap before GC invocations=511 (full 1):
 PSYoungGen      total 69120K, used 68736K [0x00000007b9c00000, 0x00000007c0000000, 0x00000007c0000000)
  eden space 35840K, 100% used [0x00000007b9c00000,0x00000007bbf00000,0x00000007bbf00000)
  from space 33280K, 98% used [0x00000007bbf00000,0x00000007bdf20000,0x00000007bdf80000)
  to   space 33280K, 0% used [0x00000007bdf80000,0x00000007bdf80000,0x00000007c0000000)
 ParOldGen       total 161280K, used 35463K [0x00000006c1800000, 0x00000006cb580000, 0x00000007b9c00000)
  object space 161280K, 21% used [0x00000006c1800000,0x00000006c3aa1e80,0x00000006cb580000)
 Metaspace       used 2707K, capacity 4486K, committed 4864K, reserved 1056768K
  class space    used 302K, capacity 386K, committed 512K, reserved 1048576K
[GC (Allocation Failure)  104199K->68327K(230400K), 0.0398780 secs]
Heap after GC invocations=511 (full 1):
 PSYoungGen      total 69120K, used 32864K [0x00000007b9c00000, 0x00000007c0000000, 0x00000007c0000000)
  eden space 35840K, 0% used [0x00000007b9c00000,0x00000007b9c00000,0x00000007bbf00000)
  from space 33280K, 98% used [0x00000007bdf80000,0x00000007bff98000,0x00000007c0000000)
  to   space 33280K, 0% used [0x00000007bbf00000,0x00000007bbf00000,0x00000007bdf80000)
 ParOldGen       total 161280K, used 35463K [0x00000006c1800000, 0x00000006cb580000, 0x00000007b9c00000)
  object space 161280K, 21% used [0x00000006c1800000,0x00000006c3aa1e80,0x00000006cb580000)
 Metaspace       used 2707K, capacity 4486K, committed 4864K, reserved 1056768K
  class space    used 302K, capacity 386K, committed 512K, reserved 1048576K
}
{Heap before GC invocations=512 (full 1):
 PSYoungGen      total 69120K, used 68704K [0x00000007b9c00000, 0x00000007c0000000, 0x00000007c0000000)
  eden space 35840K, 100% used [0x00000007b9c00000,0x00000007bbf00000,0x00000007bbf00000)
  from space 33280K, 98% used [0x00000007bdf80000,0x00000007bff98000,0x00000007c0000000)
  to   space 33280K, 0% used [0x00000007bbf00000,0x00000007bbf00000,0x00000007bdf80000)
 ParOldGen       total 161280K, used 35463K [0x00000006c1800000, 0x00000006cb580000, 0x00000007b9c00000)
  object space 161280K, 21% used [0x00000006c1800000,0x00000006c3aa1e80,0x00000006cb580000)
 Metaspace       used 2707K, capacity 4486K, committed 4864K, reserved 1056768K
  class space    used 302K, capacity 386K, committed 512K, reserved 1048576K
[GC (Allocation Failure)  104167K->68391K(230400K), 0.0334509 secs]
Heap after GC invocations=512 (full 1):
 PSYoungGen      total 69120K, used 32928K [0x00000007b9c00000, 0x00000007c0000000, 0x00000007c0000000)
  eden space 35840K, 0% used [0x00000007b9c00000,0x00000007b9c00000,0x00000007bbf00000)
  from space 33280K, 98% used [0x00000007bbf00000,0x00000007bdf28000,0x00000007bdf80000)
  to   space 33280K, 0% used [0x00000007bdf80000,0x00000007bdf80000,0x00000007c0000000)
 ParOldGen       total 161280K, used 35463K [0x00000006c1800000, 0x00000006cb580000, 0x00000007b9c00000)
  object space 161280K, 21% used [0x00000006c1800000,0x00000006c3aa1e80,0x00000006cb580000)
 Metaspace       used 2707K, capacity 4486K, committed 4864K, reserved 1056768K
  class space    used 302K, capacity 386K, committed 512K, reserved 1048576K
}
{Heap before GC invocations=513 (full 1):
 PSYoungGen      total 69120K, used 68768K [0x00000007b9c00000, 0x00000007c0000000, 0x00000007c0000000)
  eden space 35840K, 100% used [0x00000007b9c00000,0x00000007bbf00000,0x00000007bbf00000)
  from space 33280K, 98% used [0x00000007bbf00000,0x00000007bdf28000,0x00000007bdf80000)
  to   space 33280K, 0% used [0x00000007bdf80000,0x00000007bdf80000,0x00000007c0000000)
 ParOldGen       total 161280K, used 35463K [0x00000006c1800000, 0x00000006cb580000, 0x00000007b9c00000)
  object space 161280K, 21% used [0x00000006c1800000,0x00000006c3aa1e80,0x00000006cb580000)
 Metaspace       used 2707K, capacity 4486K, committed 4864K, reserved 1056768K
  class space    used 302K, capacity 386K, committed 512K, reserved 1048576K
[GC (Allocation Failure)  104231K->68391K(230400K), 0.0322893 secs]
Heap after GC invocations=513 (full 1):
 PSYoungGen      total 69120K, used 32928K [0x00000007b9c00000, 0x00000007c0000000, 0x00000007c0000000)
  eden space 35840K, 0% used [0x00000007b9c00000,0x00000007b9c00000,0x00000007bbf00000)
  from space 33280K, 98% used [0x00000007bdf80000,0x00000007bffa8000,0x00000007c0000000)
  to   space 33280K, 0% used [0x00000007bbf00000,0x00000007bbf00000,0x00000007bdf80000)
 ParOldGen       total 161280K, used 35463K [0x00000006c1800000, 0x00000006cb580000, 0x00000007b9c00000)
  object space 161280K, 21% used [0x00000006c1800000,0x00000006c3aa1e80,0x00000006cb580000)
 Metaspace       used 2707K, capacity 4486K, committed 4864K, reserved 1056768K
  class space    used 302K, capacity 386K, committed 512K, reserved 1048576K
}
{Heap before GC invocations=514 (full 1):
 PSYoungGen      total 69120K, used 68768K [0x00000007b9c00000, 0x00000007c0000000, 0x00000007c0000000)
  eden space 35840K, 100% used [0x00000007b9c00000,0x00000007bbf00000,0x00000007bbf00000)
  from space 33280K, 98% used [0x00000007bdf80000,0x00000007bffa8000,0x00000007c0000000)
  to   space 33280K, 0% used [0x00000007bbf00000,0x00000007bbf00000,0x00000007bdf80000)
 ParOldGen       total 161280K, used 35463K [0x00000006c1800000, 0x00000006cb580000, 0x00000007b9c00000)
  object space 161280K, 21% used [0x00000006c1800000,0x00000006c3aa1e80,0x00000006cb580000)
 Metaspace       used 2707K, capacity 4486K, committed 4864K, reserved 1056768K
  class space    used 302K, capacity 386K, committed 512K, reserved 1048576K
[GC (Allocation Failure)  104231K->68327K(230400K), 0.0313322 secs]
Heap after GC invocations=514 (full 1):
 PSYoungGen      total 69120K, used 32864K [0x00000007b9c00000, 0x00000007c0000000, 0x00000007c0000000)
  eden space 35840K, 0% used [0x00000007b9c00000,0x00000007b9c00000,0x00000007bbf00000)
  from space 33280K, 98% used [0x00000007bbf00000,0x00000007bdf18000,0x00000007bdf80000)
  to   space 33280K, 0% used [0x00000007bdf80000,0x00000007bdf80000,0x00000007c0000000)
 ParOldGen       total 161280K, used 35463K [0x00000006c1800000, 0x00000006cb580000, 0x00000007b9c00000)
  object space 161280K, 21% used [0x00000006c1800000,0x00000006c3aa1e80,0x00000006cb580000)
 Metaspace       used 2707K, capacity 4486K, committed 4864K, reserved 1056768K
  class space    used 302K, capacity 386K, committed 512K, reserved 1048576K
}
{Heap before GC invocations=515 (full 1):
 PSYoungGen      total 69120K, used 68704K [0x00000007b9c00000, 0x00000007c0000000, 0x00000007c0000000)
  eden space 35840K, 100% used [0x00000007b9c00000,0x00000007bbf00000,0x00000007bbf00000)
  from space 33280K, 98% used [0x00000007bbf00000,0x00000007bdf18000,0x00000007bdf80000)
  to   space 33280K, 0% used [0x00000007bdf80000,0x00000007bdf80000,0x00000007c0000000)
 ParOldGen       total 161280K, used 35463K [0x00000006c1800000, 0x00000006cb580000, 0x00000007b9c00000)
  object space 161280K, 21% used [0x00000006c1800000,0x00000006c3aa1e80,0x00000006cb580000)
 Metaspace       used 2707K, capacity 4486K, committed 4864K, reserved 1056768K
  class space    used 302K, capacity 386K, committed 512K, reserved 1048576K
[GC (Allocation Failure)  104167K->68327K(230400K), 0.0322582 secs]
Heap after GC invocations=515 (full 1):
 PSYoungGen      total 69120K, used 32864K [0x00000007b9c00000, 0x00000007c0000000, 0x00000007c0000000)
  eden space 35840K, 0% used [0x00000007b9c00000,0x00000007b9c00000,0x00000007bbf00000)
  from space 33280K, 98% used [0x00000007bdf80000,0x00000007bff98000,0x00000007c0000000)
  to   space 33280K, 0% used [0x00000007bbf00000,0x00000007bbf00000,0x00000007bdf80000)
 ParOldGen       total 161280K, used 35463K [0x00000006c1800000, 0x00000006cb580000, 0x00000007b9c00000)
  object space 161280K, 21% used [0x00000006c1800000,0x00000006c3aa1e80,0x00000006cb580000)
 Metaspace       used 2707K, capacity 4486K, committed 4864K, reserved 1056768K
  class space    used 302K, capacity 386K, committed 512K, reserved 1048576K
}
{Heap before GC invocations=516 (full 1):
 PSYoungGen      total 69120K, used 68704K [0x00000007b9c00000, 0x00000007c0000000, 0x00000007c0000000)
  eden space 35840K, 100% used [0x00000007b9c00000,0x00000007bbf00000,0x00000007bbf00000)
  from space 33280K, 98% used [0x00000007bdf80000,0x00000007bff98000,0x00000007c0000000)
  to   space 33280K, 0% used [0x00000007bbf00000,0x00000007bbf00000,0x00000007bdf80000)
 ParOldGen       total 161280K, used 35463K [0x00000006c1800000, 0x00000006cb580000, 0x00000007b9c00000)
  object space 161280K, 21% used [0x00000006c1800000,0x00000006c3aa1e80,0x00000006cb580000)
 Metaspace       used 2707K, capacity 4486K, committed 4864K, reserved 1056768K
  class space    used 302K, capacity 386K, committed 512K, reserved 1048576K
[GC (Allocation Failure)  104167K->68391K(230400K), 0.0310022 secs]
Heap after GC invocations=516 (full 1):
 PSYoungGen      total 69120K, used 32928K [0x00000007b9c00000, 0x00000007c0000000, 0x00000007c0000000)
  eden space 35840K, 0% used [0x00000007b9c00000,0x00000007b9c00000,0x00000007bbf00000)
  from space 33280K, 98% used [0x00000007bbf00000,0x00000007bdf28000,0x00000007bdf80000)
  to   space 33280K, 0% used [0x00000007bdf80000,0x00000007bdf80000,0x00000007c0000000)
 ParOldGen       total 161280K, used 35463K [0x00000006c1800000, 0x00000006cb580000, 0x00000007b9c00000)
  object space 161280K, 21% used [0x00000006c1800000,0x00000006c3aa1e80,0x00000006cb580000)
 Metaspace       used 2707K, capacity 4486K, committed 4864K, reserved 1056768K
  class space    used 302K, capacity 386K, committed 512K, reserved 1048576K
}
{Heap before GC invocations=517 (full 1):
 PSYoungGen      total 69120K, used 68768K [0x00000007b9c00000, 0x00000007c0000000, 0x00000007c0000000)
  eden space 35840K, 100% used [0x00000007b9c00000,0x00000007bbf00000,0x00000007bbf00000)
  from space 33280K, 98% used [0x00000007bbf00000,0x00000007bdf28000,0x00000007bdf80000)
  to   space 33280K, 0% used [0x00000007bdf80000,0x00000007bdf80000,0x00000007c0000000)
 ParOldGen       total 161280K, used 35463K [0x00000006c1800000, 0x00000006cb580000, 0x00000007b9c00000)
  object space 161280K, 21% used [0x00000006c1800000,0x00000006c3aa1e80,0x00000006cb580000)
 Metaspace       used 2707K, capacity 4486K, committed 4864K, reserved 1056768K
  class space    used 302K, capacity 386K, committed 512K, reserved 1048576K
[GC (Allocation Failure)  104231K->68359K(230400K), 0.0322258 secs]
Heap after GC invocations=517 (full 1):
 PSYoungGen      total 69120K, used 32896K [0x00000007b9c00000, 0x00000007c0000000, 0x00000007c0000000)
  eden space 35840K, 0% used [0x00000007b9c00000,0x00000007b9c00000,0x00000007bbf00000)
  from space 33280K, 98% used [0x00000007bdf80000,0x00000007bffa0000,0x00000007c0000000)
  to   space 33280K, 0% used [0x00000007bbf00000,0x00000007bbf00000,0x00000007bdf80000)
 ParOldGen       total 161280K, used 35463K [0x00000006c1800000, 0x00000006cb580000, 0x00000007b9c00000)
  object space 161280K, 21% used [0x00000006c1800000,0x00000006c3aa1e80,0x00000006cb580000)
 Metaspace       used 2707K, capacity 4486K, committed 4864K, reserved 1056768K
  class space    used 302K, capacity 386K, committed 512K, reserved 1048576K
}
{Heap before GC invocations=518 (full 1):
 PSYoungGen      total 69120K, used 68736K [0x00000007b9c00000, 0x00000007c0000000, 0x00000007c0000000)
  eden space 35840K, 100% used [0x00000007b9c00000,0x00000007bbf00000,0x00000007bbf00000)
  from space 33280K, 98% used [0x00000007bdf80000,0x00000007bffa0000,0x00000007c0000000)
  to   space 33280K, 0% used [0x00000007bbf00000,0x00000007bbf00000,0x00000007bdf80000)
 ParOldGen       total 161280K, used 35463K [0x00000006c1800000, 0x00000006cb580000, 0x00000007b9c00000)
  object space 161280K, 21% used [0x00000006c1800000,0x00000006c3aa1e80,0x00000006cb580000)
 Metaspace       used 2707K, capacity 4486K, committed 4864K, reserved 1056768K
  class space    used 302K, capacity 386K, committed 512K, reserved 1048576K
[GC (Allocation Failure)  104199K->68327K(230400K), 0.0333932 secs]
Heap after GC invocations=518 (full 1):
 PSYoungGen      total 69120K, used 32864K [0x00000007b9c00000, 0x00000007c0000000, 0x00000007c0000000)
  eden space 35840K, 0% used [0x00000007b9c00000,0x00000007b9c00000,0x00000007bbf00000)
  from space 33280K, 98% used [0x00000007bbf00000,0x00000007bdf18000,0x00000007bdf80000)
  to   space 33280K, 0% used [0x00000007bdf80000,0x00000007bdf80000,0x00000007c0000000)
 ParOldGen       total 161280K, used 35463K [0x00000006c1800000, 0x00000006cb580000, 0x00000007b9c00000)
  object space 161280K, 21% used [0x00000006c1800000,0x00000006c3aa1e80,0x00000006cb580000)
 Metaspace       used 2707K, capacity 4486K, committed 4864K, reserved 1056768K
  class space    used 302K, capacity 386K, committed 512K, reserved 1048576K
}
{Heap before GC invocations=519 (full 1):
 PSYoungGen      total 69120K, used 68704K [0x00000007b9c00000, 0x00000007c0000000, 0x00000007c0000000)
  eden space 35840K, 100% used [0x00000007b9c00000,0x00000007bbf00000,0x00000007bbf00000)
  from space 33280K, 98% used [0x00000007bbf00000,0x00000007bdf18000,0x00000007bdf80000)
  to   space 33280K, 0% used [0x00000007bdf80000,0x00000007bdf80000,0x00000007c0000000)
 ParOldGen       total 161280K, used 35463K [0x00000006c1800000, 0x00000006cb580000, 0x00000007b9c00000)
  object space 161280K, 21% used [0x00000006c1800000,0x00000006c3aa1e80,0x00000006cb580000)
 Metaspace       used 2707K, capacity 4486K, committed 4864K, reserved 1056768K
  class space    used 302K, capacity 386K, committed 512K, reserved 1048576K
[GC (Allocation Failure)  104167K->68359K(230400K), 0.0331324 secs]
Heap after GC invocations=519 (full 1):
 PSYoungGen      total 69120K, used 32896K [0x00000007b9c00000, 0x00000007c0000000, 0x00000007c0000000)
  eden space 35840K, 0% used [0x00000007b9c00000,0x00000007b9c00000,0x00000007bbf00000)
  from space 33280K, 98% used [0x00000007bdf80000,0x00000007bffa0000,0x00000007c0000000)
  to   space 33280K, 0% used [0x00000007bbf00000,0x00000007bbf00000,0x00000007bdf80000)
 ParOldGen       total 161280K, used 35463K [0x00000006c1800000, 0x00000006cb580000, 0x00000007b9c00000)
  object space 161280K, 21% used [0x00000006c1800000,0x00000006c3aa1e80,0x00000006cb580000)
 Metaspace       used 2707K, capacity 4486K, committed 4864K, reserved 1056768K
  class space    used 302K, capacity 386K, committed 512K, reserved 1048576K
}
{Heap before GC invocations=520 (full 1):
 PSYoungGen      total 69120K, used 68736K [0x00000007b9c00000, 0x00000007c0000000, 0x00000007c0000000)
  eden space 35840K, 100% used [0x00000007b9c00000,0x00000007bbf00000,0x00000007bbf00000)
  from space 33280K, 98% used [0x00000007bdf80000,0x00000007bffa0000,0x00000007c0000000)
  to   space 33280K, 0% used [0x00000007bbf00000,0x00000007bbf00000,0x00000007bdf80000)
 ParOldGen       total 161280K, used 35463K [0x00000006c1800000, 0x00000006cb580000, 0x00000007b9c00000)
  object space 161280K, 21% used [0x00000006c1800000,0x00000006c3aa1e80,0x00000006cb580000)
 Metaspace       used 2707K, capacity 4486K, committed 4864K, reserved 1056768K
  class space    used 302K, capacity 386K, committed 512K, reserved 1048576K
[GC (Allocation Failure)  104199K->68391K(230400K), 0.0342286 secs]
Heap after GC invocations=520 (full 1):
 PSYoungGen      total 69120K, used 32928K [0x00000007b9c00000, 0x00000007c0000000, 0x00000007c0000000)
  eden space 35840K, 0% used [0x00000007b9c00000,0x00000007b9c00000,0x00000007bbf00000)
  from space 33280K, 98% used [0x00000007bbf00000,0x00000007bdf28000,0x00000007bdf80000)
  to   space 33280K, 0% used [0x00000007bdf80000,0x00000007bdf80000,0x00000007c0000000)
 ParOldGen       total 161280K, used 35463K [0x00000006c1800000, 0x00000006cb580000, 0x00000007b9c00000)
  object space 161280K, 21% used [0x00000006c1800000,0x00000006c3aa1e80,0x00000006cb580000)
 Metaspace       used 2707K, capacity 4486K, committed 4864K, reserved 1056768K
  class space    used 302K, capacity 386K, committed 512K, reserved 1048576K
}
{Heap before GC invocations=521 (full 1):
 PSYoungGen      total 69120K, used 68768K [0x00000007b9c00000, 0x00000007c0000000, 0x00000007c0000000)
  eden space 35840K, 100% used [0x00000007b9c00000,0x00000007bbf00000,0x00000007bbf00000)
  from space 33280K, 98% used [0x00000007bbf00000,0x00000007bdf28000,0x00000007bdf80000)
  to   space 33280K, 0% used [0x00000007bdf80000,0x00000007bdf80000,0x00000007c0000000)
 ParOldGen       total 161280K, used 35463K [0x00000006c1800000, 0x00000006cb580000, 0x00000007b9c00000)
  object space 161280K, 21% used [0x00000006c1800000,0x00000006c3aa1e80,0x00000006cb580000)
 Metaspace       used 2707K, capacity 4486K, committed 4864K, reserved 1056768K
  class space    used 302K, capacity 386K, committed 512K, reserved 1048576K
[GC (Allocation Failure)  104231K->68327K(230400K), 0.0328017 secs]
Heap after GC invocations=521 (full 1):
 PSYoungGen      total 69120K, used 32864K [0x00000007b9c00000, 0x00000007c0000000, 0x00000007c0000000)
  eden space 35840K, 0% used [0x00000007b9c00000,0x00000007b9c00000,0x00000007bbf00000)
  from space 33280K, 98% used [0x00000007bdf80000,0x00000007bff98000,0x00000007c0000000)
  to   space 33280K, 0% used [0x00000007bbf00000,0x00000007bbf00000,0x00000007bdf80000)
 ParOldGen       total 161280K, used 35463K [0x00000006c1800000, 0x00000006cb580000, 0x00000007b9c00000)
  object space 161280K, 21% used [0x00000006c1800000,0x00000006c3aa1e80,0x00000006cb580000)
 Metaspace       used 2707K, capacity 4486K, committed 4864K, reserved 1056768K
  class space    used 302K, capacity 386K, committed 512K, reserved 1048576K
}
{Heap before GC invocations=522 (full 1):
 PSYoungGen      total 69120K, used 68704K [0x00000007b9c00000, 0x00000007c0000000, 0x00000007c0000000)
  eden space 35840K, 100% used [0x00000007b9c00000,0x00000007bbf00000,0x00000007bbf00000)
  from space 33280K, 98% used [0x00000007bdf80000,0x00000007bff98000,0x00000007c0000000)
  to   space 33280K, 0% used [0x00000007bbf00000,0x00000007bbf00000,0x00000007bdf80000)
 ParOldGen       total 161280K, used 35463K [0x00000006c1800000, 0x00000006cb580000, 0x00000007b9c00000)
  object space 161280K, 21% used [0x00000006c1800000,0x00000006c3aa1e80,0x00000006cb580000)
 Metaspace       used 2707K, capacity 4486K, committed 4864K, reserved 1056768K
  class space    used 302K, capacity 386K, committed 512K, reserved 1048576K
[GC (Allocation Failure)  104167K->68359K(230400K), 0.0304234 secs]
Heap after GC invocations=522 (full 1):
 PSYoungGen      total 69120K, used 32896K [0x00000007b9c00000, 0x00000007c0000000, 0x00000007c0000000)
  eden space 35840K, 0% used [0x00000007b9c00000,0x00000007b9c00000,0x00000007bbf00000)
  from space 33280K, 98% used [0x00000007bbf00000,0x00000007bdf20000,0x00000007bdf80000)
  to   space 33280K, 0% used [0x00000007bdf80000,0x00000007bdf80000,0x00000007c0000000)
 ParOldGen       total 161280K, used 35463K [0x00000006c1800000, 0x00000006cb580000, 0x00000007b9c00000)
  object space 161280K, 21% used [0x00000006c1800000,0x00000006c3aa1e80,0x00000006cb580000)
 Metaspace       used 2707K, capacity 4486K, committed 4864K, reserved 1056768K
  class space    used 302K, capacity 386K, committed 512K, reserved 1048576K
}
{Heap before GC invocations=523 (full 1):
 PSYoungGen      total 69120K, used 68736K [0x00000007b9c00000, 0x00000007c0000000, 0x00000007c0000000)
  eden space 35840K, 100% used [0x00000007b9c00000,0x00000007bbf00000,0x00000007bbf00000)
  from space 33280K, 98% used [0x00000007bbf00000,0x00000007bdf20000,0x00000007bdf80000)
  to   space 33280K, 0% used [0x00000007bdf80000,0x00000007bdf80000,0x00000007c0000000)
 ParOldGen       total 161280K, used 35463K [0x00000006c1800000, 0x00000006cb580000, 0x00000007b9c00000)
  object space 161280K, 21% used [0x00000006c1800000,0x00000006c3aa1e80,0x00000006cb580000)
 Metaspace       used 2707K, capacity 4486K, committed 4864K, reserved 1056768K
  class space    used 302K, capacity 386K, committed 512K, reserved 1048576K
[GC (Allocation Failure)  104199K->68359K(230400K), 0.0324986 secs]
Heap after GC invocations=523 (full 1):
 PSYoungGen      total 69120K, used 32896K [0x00000007b9c00000, 0x00000007c0000000, 0x00000007c0000000)
  eden space 35840K, 0% used [0x00000007b9c00000,0x00000007b9c00000,0x00000007bbf00000)
  from space 33280K, 98% used [0x00000007bdf80000,0x00000007bffa0000,0x00000007c0000000)
  to   space 33280K, 0% used [0x00000007bbf00000,0x00000007bbf00000,0x00000007bdf80000)
 ParOldGen       total 161280K, used 35463K [0x00000006c1800000, 0x00000006cb580000, 0x00000007b9c00000)
  object space 161280K, 21% used [0x00000006c1800000,0x00000006c3aa1e80,0x00000006cb580000)
 Metaspace       used 2707K, capacity 4486K, committed 4864K, reserved 1056768K
  class space    used 302K, capacity 386K, committed 512K, reserved 1048576K
}
{Heap before GC invocations=524 (full 1):
 PSYoungGen      total 69120K, used 68736K [0x00000007b9c00000, 0x00000007c0000000, 0x00000007c0000000)
  eden space 35840K, 100% used [0x00000007b9c00000,0x00000007bbf00000,0x00000007bbf00000)
  from space 33280K, 98% used [0x00000007bdf80000,0x00000007bffa0000,0x00000007c0000000)
  to   space 33280K, 0% used [0x00000007bbf00000,0x00000007bbf00000,0x00000007bdf80000)
 ParOldGen       total 161280K, used 35463K [0x00000006c1800000, 0x00000006cb580000, 0x00000007b9c00000)
  object space 161280K, 21% used [0x00000006c1800000,0x00000006c3aa1e80,0x00000006cb580000)
 Metaspace       used 2707K, capacity 4486K, committed 4864K, reserved 1056768K
  class space    used 302K, capacity 386K, committed 512K, reserved 1048576K
[GC (Allocation Failure)  104199K->68359K(230400K), 0.0308549 secs]
Heap after GC invocations=524 (full 1):
 PSYoungGen      total 69120K, used 32896K [0x00000007b9c00000, 0x00000007c0000000, 0x00000007c0000000)
  eden space 35840K, 0% used [0x00000007b9c00000,0x00000007b9c00000,0x00000007bbf00000)
  from space 33280K, 98% used [0x00000007bbf00000,0x00000007bdf20000,0x00000007bdf80000)
  to   space 33280K, 0% used [0x00000007bdf80000,0x00000007bdf80000,0x00000007c0000000)
 ParOldGen       total 161280K, used 35463K [0x00000006c1800000, 0x00000006cb580000, 0x00000007b9c00000)
  object space 161280K, 21% used [0x00000006c1800000,0x00000006c3aa1e80,0x00000006cb580000)
 Metaspace       used 2707K, capacity 4486K, committed 4864K, reserved 1056768K
  class space    used 302K, capacity 386K, committed 512K, reserved 1048576K
}
{Heap before GC invocations=525 (full 1):
 PSYoungGen      total 69120K, used 68736K [0x00000007b9c00000, 0x00000007c0000000, 0x00000007c0000000)
  eden space 35840K, 100% used [0x00000007b9c00000,0x00000007bbf00000,0x00000007bbf00000)
  from space 33280K, 98% used [0x00000007bbf00000,0x00000007bdf20000,0x00000007bdf80000)
  to   space 33280K, 0% used [0x00000007bdf80000,0x00000007bdf80000,0x00000007c0000000)
 ParOldGen       total 161280K, used 35463K [0x00000006c1800000, 0x00000006cb580000, 0x00000007b9c00000)
  object space 161280K, 21% used [0x00000006c1800000,0x00000006c3aa1e80,0x00000006cb580000)
 Metaspace       used 2707K, capacity 4486K, committed 4864K, reserved 1056768K
  class space    used 302K, capacity 386K, committed 512K, reserved 1048576K
[GC (Allocation Failure)  104199K->68327K(230400K), 0.0309688 secs]
Heap after GC invocations=525 (full 1):
 PSYoungGen      total 69120K, used 32864K [0x00000007b9c00000, 0x00000007c0000000, 0x00000007c0000000)
  eden space 35840K, 0% used [0x00000007b9c00000,0x00000007b9c00000,0x00000007bbf00000)
  from space 33280K, 98% used [0x00000007bdf80000,0x00000007bff98000,0x00000007c0000000)
  to   space 33280K, 0% used [0x00000007bbf00000,0x00000007bbf00000,0x00000007bdf80000)
 ParOldGen       total 161280K, used 35463K [0x00000006c1800000, 0x00000006cb580000, 0x00000007b9c00000)
  object space 161280K, 21% used [0x00000006c1800000,0x00000006c3aa1e80,0x00000006cb580000)
 Metaspace       used 2707K, capacity 4486K, committed 4864K, reserved 1056768K
  class space    used 302K, capacity 386K, committed 512K, reserved 1048576K
}
{Heap before GC invocations=526 (full 1):
 PSYoungGen      total 69120K, used 68704K [0x00000007b9c00000, 0x00000007c0000000, 0x00000007c0000000)
  eden space 35840K, 100% used [0x00000007b9c00000,0x00000007bbf00000,0x00000007bbf00000)
  from space 33280K, 98% used [0x00000007bdf80000,0x00000007bff98000,0x00000007c0000000)
  to   space 33280K, 0% used [0x00000007bbf00000,0x00000007bbf00000,0x00000007bdf80000)
 ParOldGen       total 161280K, used 35463K [0x00000006c1800000, 0x00000006cb580000, 0x00000007b9c00000)
  object space 161280K, 21% used [0x00000006c1800000,0x00000006c3aa1e80,0x00000006cb580000)
 Metaspace       used 2707K, capacity 4486K, committed 4864K, reserved 1056768K
  class space    used 302K, capacity 386K, committed 512K, reserved 1048576K
[GC (Allocation Failure)  104167K->68327K(230400K), 0.0307806 secs]
Heap after GC invocations=526 (full 1):
 PSYoungGen      total 69120K, used 32864K [0x00000007b9c00000, 0x00000007c0000000, 0x00000007c0000000)
  eden space 35840K, 0% used [0x00000007b9c00000,0x00000007b9c00000,0x00000007bbf00000)
  from space 33280K, 98% used [0x00000007bbf00000,0x00000007bdf18000,0x00000007bdf80000)
  to   space 33280K, 0% used [0x00000007bdf80000,0x00000007bdf80000,0x00000007c0000000)
 ParOldGen       total 161280K, used 35463K [0x00000006c1800000, 0x00000006cb580000, 0x00000007b9c00000)
  object space 161280K, 21% used [0x00000006c1800000,0x00000006c3aa1e80,0x00000006cb580000)
 Metaspace       used 2707K, capacity 4486K, committed 4864K, reserved 1056768K
  class space    used 302K, capacity 386K, committed 512K, reserved 1048576K
}
{Heap before GC invocations=527 (full 1):
 PSYoungGen      total 69120K, used 68704K [0x00000007b9c00000, 0x00000007c0000000, 0x00000007c0000000)
  eden space 35840K, 100% used [0x00000007b9c00000,0x00000007bbf00000,0x00000007bbf00000)
  from space 33280K, 98% used [0x00000007bbf00000,0x00000007bdf18000,0x00000007bdf80000)
  to   space 33280K, 0% used [0x00000007bdf80000,0x00000007bdf80000,0x00000007c0000000)
 ParOldGen       total 161280K, used 35463K [0x00000006c1800000, 0x00000006cb580000, 0x00000007b9c00000)
  object space 161280K, 21% used [0x00000006c1800000,0x00000006c3aa1e80,0x00000006cb580000)
 Metaspace       used 2707K, capacity 4486K, committed 4864K, reserved 1056768K
  class space    used 302K, capacity 386K, committed 512K, reserved 1048576K
[GC (Allocation Failure)  104167K->68391K(230400K), 0.0316539 secs]
Heap after GC invocations=527 (full 1):
 PSYoungGen      total 69120K, used 32928K [0x00000007b9c00000, 0x00000007c0000000, 0x00000007c0000000)
  eden space 35840K, 0% used [0x00000007b9c00000,0x00000007b9c00000,0x00000007bbf00000)
  from space 33280K, 98% used [0x00000007bdf80000,0x00000007bffa8000,0x00000007c0000000)
  to   space 33280K, 0% used [0x00000007bbf00000,0x00000007bbf00000,0x00000007bdf80000)
 ParOldGen       total 161280K, used 35463K [0x00000006c1800000, 0x00000006cb580000, 0x00000007b9c00000)
  object space 161280K, 21% used [0x00000006c1800000,0x00000006c3aa1e80,0x00000006cb580000)
 Metaspace       used 2707K, capacity 4486K, committed 4864K, reserved 1056768K
  class space    used 302K, capacity 386K, committed 512K, reserved 1048576K
}
{Heap before GC invocations=528 (full 1):
 PSYoungGen      total 69120K, used 68768K [0x00000007b9c00000, 0x00000007c0000000, 0x00000007c0000000)
  eden space 35840K, 100% used [0x00000007b9c00000,0x00000007bbf00000,0x00000007bbf00000)
  from space 33280K, 98% used [0x00000007bdf80000,0x00000007bffa8000,0x00000007c0000000)
  to   space 33280K, 0% used [0x00000007bbf00000,0x00000007bbf00000,0x00000007bdf80000)
 ParOldGen       total 161280K, used 35463K [0x00000006c1800000, 0x00000006cb580000, 0x00000007b9c00000)
  object space 161280K, 21% used [0x00000006c1800000,0x00000006c3aa1e80,0x00000006cb580000)
 Metaspace       used 2707K, capacity 4486K, committed 4864K, reserved 1056768K
  class space    used 302K, capacity 386K, committed 512K, reserved 1048576K
[GC (Allocation Failure)  104231K->68359K(230400K), 0.0320442 secs]
Heap after GC invocations=528 (full 1):
 PSYoungGen      total 69120K, used 32896K [0x00000007b9c00000, 0x00000007c0000000, 0x00000007c0000000)
  eden space 35840K, 0% used [0x00000007b9c00000,0x00000007b9c00000,0x00000007bbf00000)
  from space 33280K, 98% used [0x00000007bbf00000,0x00000007bdf20000,0x00000007bdf80000)
  to   space 33280K, 0% used [0x00000007bdf80000,0x00000007bdf80000,0x00000007c0000000)
 ParOldGen       total 161280K, used 35463K [0x00000006c1800000, 0x00000006cb580000, 0x00000007b9c00000)
  object space 161280K, 21% used [0x00000006c1800000,0x00000006c3aa1e80,0x00000006cb580000)
 Metaspace       used 2707K, capacity 4486K, committed 4864K, reserved 1056768K
  class space    used 302K, capacity 386K, committed 512K, reserved 1048576K
}
{Heap before GC invocations=529 (full 1):
 PSYoungGen      total 69120K, used 68736K [0x00000007b9c00000, 0x00000007c0000000, 0x00000007c0000000)
  eden space 35840K, 100% used [0x00000007b9c00000,0x00000007bbf00000,0x00000007bbf00000)
  from space 33280K, 98% used [0x00000007bbf00000,0x00000007bdf20000,0x00000007bdf80000)
  to   space 33280K, 0% used [0x00000007bdf80000,0x00000007bdf80000,0x00000007c0000000)
 ParOldGen       total 161280K, used 35463K [0x00000006c1800000, 0x00000006cb580000, 0x00000007b9c00000)
  object space 161280K, 21% used [0x00000006c1800000,0x00000006c3aa1e80,0x00000006cb580000)
 Metaspace       used 2707K, capacity 4486K, committed 4864K, reserved 1056768K
  class space    used 302K, capacity 386K, committed 512K, reserved 1048576K
[GC (Allocation Failure)  104199K->68359K(230400K), 0.0338917 secs]
Heap after GC invocations=529 (full 1):
 PSYoungGen      total 69120K, used 32896K [0x00000007b9c00000, 0x00000007c0000000, 0x00000007c0000000)
  eden space 35840K, 0% used [0x00000007b9c00000,0x00000007b9c00000,0x00000007bbf00000)
  from space 33280K, 98% used [0x00000007bdf80000,0x00000007bffa0000,0x00000007c0000000)
  to   space 33280K, 0% used [0x00000007bbf00000,0x00000007bbf00000,0x00000007bdf80000)
 ParOldGen       total 161280K, used 35463K [0x00000006c1800000, 0x00000006cb580000, 0x00000007b9c00000)
  object space 161280K, 21% used [0x00000006c1800000,0x00000006c3aa1e80,0x00000006cb580000)
 Metaspace       used 2707K, capacity 4486K, committed 4864K, reserved 1056768K
  class space    used 302K, capacity 386K, committed 512K, reserved 1048576K
}
{Heap before GC invocations=530 (full 1):
 PSYoungGen      total 69120K, used 68736K [0x00000007b9c00000, 0x00000007c0000000, 0x00000007c0000000)
  eden space 35840K, 100% used [0x00000007b9c00000,0x00000007bbf00000,0x00000007bbf00000)
  from space 33280K, 98% used [0x00000007bdf80000,0x00000007bffa0000,0x00000007c0000000)
  to   space 33280K, 0% used [0x00000007bbf00000,0x00000007bbf00000,0x00000007bdf80000)
 ParOldGen       total 161280K, used 35463K [0x00000006c1800000, 0x00000006cb580000, 0x00000007b9c00000)
  object space 161280K, 21% used [0x00000006c1800000,0x00000006c3aa1e80,0x00000006cb580000)
 Metaspace       used 2707K, capacity 4486K, committed 4864K, reserved 1056768K
  class space    used 302K, capacity 386K, committed 512K, reserved 1048576K
[GC (Allocation Failure)  104199K->68359K(230400K), 0.0322574 secs]
Heap after GC invocations=530 (full 1):
 PSYoungGen      total 69120K, used 32896K [0x00000007b9c00000, 0x00000007c0000000, 0x00000007c0000000)
  eden space 35840K, 0% used [0x00000007b9c00000,0x00000007b9c00000,0x00000007bbf00000)
  from space 33280K, 98% used [0x00000007bbf00000,0x00000007bdf20000,0x00000007bdf80000)
  to   space 33280K, 0% used [0x00000007bdf80000,0x00000007bdf80000,0x00000007c0000000)
 ParOldGen       total 161280K, used 35463K [0x00000006c1800000, 0x00000006cb580000, 0x00000007b9c00000)
  object space 161280K, 21% used [0x00000006c1800000,0x00000006c3aa1e80,0x00000006cb580000)
 Metaspace       used 2707K, capacity 4486K, committed 4864K, reserved 1056768K
  class space    used 302K, capacity 386K, committed 512K, reserved 1048576K
}
{Heap before GC invocations=531 (full 1):
 PSYoungGen      total 69120K, used 68736K [0x00000007b9c00000, 0x00000007c0000000, 0x00000007c0000000)
  eden space 35840K, 100% used [0x00000007b9c00000,0x00000007bbf00000,0x00000007bbf00000)
  from space 33280K, 98% used [0x00000007bbf00000,0x00000007bdf20000,0x00000007bdf80000)
  to   space 33280K, 0% used [0x00000007bdf80000,0x00000007bdf80000,0x00000007c0000000)
 ParOldGen       total 161280K, used 35463K [0x00000006c1800000, 0x00000006cb580000, 0x00000007b9c00000)
  object space 161280K, 21% used [0x00000006c1800000,0x00000006c3aa1e80,0x00000006cb580000)
 Metaspace       used 2707K, capacity 4486K, committed 4864K, reserved 1056768K
  class space    used 302K, capacity 386K, committed 512K, reserved 1048576K
[GC (Allocation Failure)  104199K->68391K(230400K), 0.0319999 secs]
Heap after GC invocations=531 (full 1):
 PSYoungGen      total 69120K, used 32928K [0x00000007b9c00000, 0x00000007c0000000, 0x00000007c0000000)
  eden space 35840K, 0% used [0x00000007b9c00000,0x00000007b9c00000,0x00000007bbf00000)
  from space 33280K, 98% used [0x00000007bdf80000,0x00000007bffa8000,0x00000007c0000000)
  to   space 33280K, 0% used [0x00000007bbf00000,0x00000007bbf00000,0x00000007bdf80000)
 ParOldGen       total 161280K, used 35463K [0x00000006c1800000, 0x00000006cb580000, 0x00000007b9c00000)
  object space 161280K, 21% used [0x00000006c1800000,0x00000006c3aa1e80,0x00000006cb580000)
 Metaspace       used 2707K, capacity 4486K, committed 4864K, reserved 1056768K
  class space    used 302K, capacity 386K, committed 512K, reserved 1048576K
}
{Heap before GC invocations=532 (full 1):
 PSYoungGen      total 69120K, used 68768K [0x00000007b9c00000, 0x00000007c0000000, 0x00000007c0000000)
  eden space 35840K, 100% used [0x00000007b9c00000,0x00000007bbf00000,0x00000007bbf00000)
  from space 33280K, 98% used [0x00000007bdf80000,0x00000007bffa8000,0x00000007c0000000)
  to   space 33280K, 0% used [0x00000007bbf00000,0x00000007bbf00000,0x00000007bdf80000)
 ParOldGen       total 161280K, used 35463K [0x00000006c1800000, 0x00000006cb580000, 0x00000007b9c00000)
  object space 161280K, 21% used [0x00000006c1800000,0x00000006c3aa1e80,0x00000006cb580000)
 Metaspace       used 2707K, capacity 4486K, committed 4864K, reserved 1056768K
  class space    used 302K, capacity 386K, committed 512K, reserved 1048576K
[GC (Allocation Failure)  104231K->68359K(230400K), 0.0378407 secs]
Heap after GC invocations=532 (full 1):
 PSYoungGen      total 69120K, used 32896K [0x00000007b9c00000, 0x00000007c0000000, 0x00000007c0000000)
  eden space 35840K, 0% used [0x00000007b9c00000,0x00000007b9c00000,0x00000007bbf00000)
  from space 33280K, 98% used [0x00000007bbf00000,0x00000007bdf20000,0x00000007bdf80000)
  to   space 33280K, 0% used [0x00000007bdf80000,0x00000007bdf80000,0x00000007c0000000)
 ParOldGen       total 161280K, used 35463K [0x00000006c1800000, 0x00000006cb580000, 0x00000007b9c00000)
  object space 161280K, 21% used [0x00000006c1800000,0x00000006c3aa1e80,0x00000006cb580000)
 Metaspace       used 2707K, capacity 4486K, committed 4864K, reserved 1056768K
  class space    used 302K, capacity 386K, committed 512K, reserved 1048576K
}
{Heap before GC invocations=533 (full 1):
 PSYoungGen      total 69120K, used 68736K [0x00000007b9c00000, 0x00000007c0000000, 0x00000007c0000000)
  eden space 35840K, 100% used [0x00000007b9c00000,0x00000007bbf00000,0x00000007bbf00000)
  from space 33280K, 98% used [0x00000007bbf00000,0x00000007bdf20000,0x00000007bdf80000)
  to   space 33280K, 0% used [0x00000007bdf80000,0x00000007bdf80000,0x00000007c0000000)
 ParOldGen       total 161280K, used 35463K [0x00000006c1800000, 0x00000006cb580000, 0x00000007b9c00000)
  object space 161280K, 21% used [0x00000006c1800000,0x00000006c3aa1e80,0x00000006cb580000)
 Metaspace       used 2707K, capacity 4486K, committed 4864K, reserved 1056768K
  class space    used 302K, capacity 386K, committed 512K, reserved 1048576K
[GC (Allocation Failure)  104199K->68359K(230400K), 0.0311731 secs]
Heap after GC invocations=533 (full 1):
 PSYoungGen      total 69120K, used 32896K [0x00000007b9c00000, 0x00000007c0000000, 0x00000007c0000000)
  eden space 35840K, 0% used [0x00000007b9c00000,0x00000007b9c00000,0x00000007bbf00000)
  from space 33280K, 98% used [0x00000007bdf80000,0x00000007bffa0000,0x00000007c0000000)
  to   space 33280K, 0% used [0x00000007bbf00000,0x00000007bbf00000,0x00000007bdf80000)
 ParOldGen       total 161280K, used 35463K [0x00000006c1800000, 0x00000006cb580000, 0x00000007b9c00000)
  object space 161280K, 21% used [0x00000006c1800000,0x00000006c3aa1e80,0x00000006cb580000)
 Metaspace       used 2707K, capacity 4486K, committed 4864K, reserved 1056768K
  class space    used 302K, capacity 386K, committed 512K, reserved 1048576K
}
{Heap before GC invocations=534 (full 1):
 PSYoungGen      total 69120K, used 68736K [0x00000007b9c00000, 0x00000007c0000000, 0x00000007c0000000)
  eden space 35840K, 100% used [0x00000007b9c00000,0x00000007bbf00000,0x00000007bbf00000)
  from space 33280K, 98% used [0x00000007bdf80000,0x00000007bffa0000,0x00000007c0000000)
  to   space 33280K, 0% used [0x00000007bbf00000,0x00000007bbf00000,0x00000007bdf80000)
 ParOldGen       total 161280K, used 35463K [0x00000006c1800000, 0x00000006cb580000, 0x00000007b9c00000)
  object space 161280K, 21% used [0x00000006c1800000,0x00000006c3aa1e80,0x00000006cb580000)
 Metaspace       used 2707K, capacity 4486K, committed 4864K, reserved 1056768K
  class space    used 302K, capacity 386K, committed 512K, reserved 1048576K
[GC (Allocation Failure)  104199K->68359K(230400K), 0.0317420 secs]
Heap after GC invocations=534 (full 1):
 PSYoungGen      total 69120K, used 32896K [0x00000007b9c00000, 0x00000007c0000000, 0x00000007c0000000)
  eden space 35840K, 0% used [0x00000007b9c00000,0x00000007b9c00000,0x00000007bbf00000)
  from space 33280K, 98% used [0x00000007bbf00000,0x00000007bdf20000,0x00000007bdf80000)
  to   space 33280K, 0% used [0x00000007bdf80000,0x00000007bdf80000,0x00000007c0000000)
 ParOldGen       total 161280K, used 35463K [0x00000006c1800000, 0x00000006cb580000, 0x00000007b9c00000)
  object space 161280K, 21% used [0x00000006c1800000,0x00000006c3aa1e80,0x00000006cb580000)
 Metaspace       used 2707K, capacity 4486K, committed 4864K, reserved 1056768K
  class space    used 302K, capacity 386K, committed 512K, reserved 1048576K
}
{Heap before GC invocations=535 (full 1):
 PSYoungGen      total 69120K, used 68736K [0x00000007b9c00000, 0x00000007c0000000, 0x00000007c0000000)
  eden space 35840K, 100% used [0x00000007b9c00000,0x00000007bbf00000,0x00000007bbf00000)
  from space 33280K, 98% used [0x00000007bbf00000,0x00000007bdf20000,0x00000007bdf80000)
  to   space 33280K, 0% used [0x00000007bdf80000,0x00000007bdf80000,0x00000007c0000000)
 ParOldGen       total 161280K, used 35463K [0x00000006c1800000, 0x00000006cb580000, 0x00000007b9c00000)
  object space 161280K, 21% used [0x00000006c1800000,0x00000006c3aa1e80,0x00000006cb580000)
 Metaspace       used 2707K, capacity 4486K, committed 4864K, reserved 1056768K
  class space    used 302K, capacity 386K, committed 512K, reserved 1048576K
[GC (Allocation Failure)  104199K->68359K(230400K), 0.0307251 secs]
Heap after GC invocations=535 (full 1):
 PSYoungGen      total 69120K, used 32896K [0x00000007b9c00000, 0x00000007c0000000, 0x00000007c0000000)
  eden space 35840K, 0% used [0x00000007b9c00000,0x00000007b9c00000,0x00000007bbf00000)
  from space 33280K, 98% used [0x00000007bdf80000,0x00000007bffa0000,0x00000007c0000000)
  to   space 33280K, 0% used [0x00000007bbf00000,0x00000007bbf00000,0x00000007bdf80000)
 ParOldGen       total 161280K, used 35463K [0x00000006c1800000, 0x00000006cb580000, 0x00000007b9c00000)
  object space 161280K, 21% used [0x00000006c1800000,0x00000006c3aa1e80,0x00000006cb580000)
 Metaspace       used 2707K, capacity 4486K, committed 4864K, reserved 1056768K
  class space    used 302K, capacity 386K, committed 512K, reserved 1048576K
}
{Heap before GC invocations=536 (full 1):
 PSYoungGen      total 69120K, used 68736K [0x00000007b9c00000, 0x00000007c0000000, 0x00000007c0000000)
  eden space 35840K, 100% used [0x00000007b9c00000,0x00000007bbf00000,0x00000007bbf00000)
  from space 33280K, 98% used [0x00000007bdf80000,0x00000007bffa0000,0x00000007c0000000)
  to   space 33280K, 0% used [0x00000007bbf00000,0x00000007bbf00000,0x00000007bdf80000)
 ParOldGen       total 161280K, used 35463K [0x00000006c1800000, 0x00000006cb580000, 0x00000007b9c00000)
  object space 161280K, 21% used [0x00000006c1800000,0x00000006c3aa1e80,0x00000006cb580000)
 Metaspace       used 2707K, capacity 4486K, committed 4864K, reserved 1056768K
  class space    used 302K, capacity 386K, committed 512K, reserved 1048576K
[GC (Allocation Failure)  104199K->68359K(230400K), 0.0312045 secs]
Heap after GC invocations=536 (full 1):
 PSYoungGen      total 69120K, used 32896K [0x00000007b9c00000, 0x00000007c0000000, 0x00000007c0000000)
  eden space 35840K, 0% used [0x00000007b9c00000,0x00000007b9c00000,0x00000007bbf00000)
  from space 33280K, 98% used [0x00000007bbf00000,0x00000007bdf20000,0x00000007bdf80000)
  to   space 33280K, 0% used [0x00000007bdf80000,0x00000007bdf80000,0x00000007c0000000)
 ParOldGen       total 161280K, used 35463K [0x00000006c1800000, 0x00000006cb580000, 0x00000007b9c00000)
  object space 161280K, 21% used [0x00000006c1800000,0x00000006c3aa1e80,0x00000006cb580000)
 Metaspace       used 2707K, capacity 4486K, committed 4864K, reserved 1056768K
  class space    used 302K, capacity 386K, committed 512K, reserved 1048576K
}
{Heap before GC invocations=537 (full 1):
 PSYoungGen      total 69120K, used 68736K [0x00000007b9c00000, 0x00000007c0000000, 0x00000007c0000000)
  eden space 35840K, 100% used [0x00000007b9c00000,0x00000007bbf00000,0x00000007bbf00000)
  from space 33280K, 98% used [0x00000007bbf00000,0x00000007bdf20000,0x00000007bdf80000)
  to   space 33280K, 0% used [0x00000007bdf80000,0x00000007bdf80000,0x00000007c0000000)
 ParOldGen       total 161280K, used 35463K [0x00000006c1800000, 0x00000006cb580000, 0x00000007b9c00000)
  object space 161280K, 21% used [0x00000006c1800000,0x00000006c3aa1e80,0x00000006cb580000)
 Metaspace       used 2707K, capacity 4486K, committed 4864K, reserved 1056768K
  class space    used 302K, capacity 386K, committed 512K, reserved 1048576K
[GC (Allocation Failure)  104199K->68359K(230400K), 0.0356509 secs]
Heap after GC invocations=537 (full 1):
 PSYoungGen      total 69120K, used 32896K [0x00000007b9c00000, 0x00000007c0000000, 0x00000007c0000000)
  eden space 35840K, 0% used [0x00000007b9c00000,0x00000007b9c00000,0x00000007bbf00000)
  from space 33280K, 98% used [0x00000007bdf80000,0x00000007bffa0000,0x00000007c0000000)
  to   space 33280K, 0% used [0x00000007bbf00000,0x00000007bbf00000,0x00000007bdf80000)
 ParOldGen       total 161280K, used 35463K [0x00000006c1800000, 0x00000006cb580000, 0x00000007b9c00000)
  object space 161280K, 21% used [0x00000006c1800000,0x00000006c3aa1e80,0x00000006cb580000)
 Metaspace       used 2707K, capacity 4486K, committed 4864K, reserved 1056768K
  class space    used 302K, capacity 386K, committed 512K, reserved 1048576K
}
{Heap before GC invocations=538 (full 1):
 PSYoungGen      total 69120K, used 68736K [0x00000007b9c00000, 0x00000007c0000000, 0x00000007c0000000)
  eden space 35840K, 100% used [0x00000007b9c00000,0x00000007bbf00000,0x00000007bbf00000)
  from space 33280K, 98% used [0x00000007bdf80000,0x00000007bffa0000,0x00000007c0000000)
  to   space 33280K, 0% used [0x00000007bbf00000,0x00000007bbf00000,0x00000007bdf80000)
 ParOldGen       total 161280K, used 35463K [0x00000006c1800000, 0x00000006cb580000, 0x00000007b9c00000)
  object space 161280K, 21% used [0x00000006c1800000,0x00000006c3aa1e80,0x00000006cb580000)
 Metaspace       used 2707K, capacity 4486K, committed 4864K, reserved 1056768K
  class space    used 302K, capacity 386K, committed 512K, reserved 1048576K
[GC (Allocation Failure)  104199K->68359K(230400K), 0.0401636 secs]
Heap after GC invocations=538 (full 1):
 PSYoungGen      total 69120K, used 32896K [0x00000007b9c00000, 0x00000007c0000000, 0x00000007c0000000)
  eden space 35840K, 0% used [0x00000007b9c00000,0x00000007b9c00000,0x00000007bbf00000)
  from space 33280K, 98% used [0x00000007bbf00000,0x00000007bdf20000,0x00000007bdf80000)
  to   space 33280K, 0% used [0x00000007bdf80000,0x00000007bdf80000,0x00000007c0000000)
 ParOldGen       total 161280K, used 35463K [0x00000006c1800000, 0x00000006cb580000, 0x00000007b9c00000)
  object space 161280K, 21% used [0x00000006c1800000,0x00000006c3aa1e80,0x00000006cb580000)
 Metaspace       used 2707K, capacity 4486K, committed 4864K, reserved 1056768K
  class space    used 302K, capacity 386K, committed 512K, reserved 1048576K
}
{Heap before GC invocations=539 (full 1):
 PSYoungGen      total 69120K, used 68736K [0x00000007b9c00000, 0x00000007c0000000, 0x00000007c0000000)
  eden space 35840K, 100% used [0x00000007b9c00000,0x00000007bbf00000,0x00000007bbf00000)
  from space 33280K, 98% used [0x00000007bbf00000,0x00000007bdf20000,0x00000007bdf80000)
  to   space 33280K, 0% used [0x00000007bdf80000,0x00000007bdf80000,0x00000007c0000000)
 ParOldGen       total 161280K, used 35463K [0x00000006c1800000, 0x00000006cb580000, 0x00000007b9c00000)
  object space 161280K, 21% used [0x00000006c1800000,0x00000006c3aa1e80,0x00000006cb580000)
 Metaspace       used 2707K, capacity 4486K, committed 4864K, reserved 1056768K
  class space    used 302K, capacity 386K, committed 512K, reserved 1048576K
[GC (Allocation Failure)  104199K->68359K(230400K), 0.0383020 secs]
Heap after GC invocations=539 (full 1):
 PSYoungGen      total 69120K, used 32896K [0x00000007b9c00000, 0x00000007c0000000, 0x00000007c0000000)
  eden space 35840K, 0% used [0x00000007b9c00000,0x00000007b9c00000,0x00000007bbf00000)
  from space 33280K, 98% used [0x00000007bdf80000,0x00000007bffa0000,0x00000007c0000000)
  to   space 33280K, 0% used [0x00000007bbf00000,0x00000007bbf00000,0x00000007bdf80000)
 ParOldGen       total 161280K, used 35463K [0x00000006c1800000, 0x00000006cb580000, 0x00000007b9c00000)
  object space 161280K, 21% used [0x00000006c1800000,0x00000006c3aa1e80,0x00000006cb580000)
 Metaspace       used 2707K, capacity 4486K, committed 4864K, reserved 1056768K
  class space    used 302K, capacity 386K, committed 512K, reserved 1048576K
}
{Heap before GC invocations=540 (full 1):
 PSYoungGen      total 69120K, used 68736K [0x00000007b9c00000, 0x00000007c0000000, 0x00000007c0000000)
  eden space 35840K, 100% used [0x00000007b9c00000,0x00000007bbf00000,0x00000007bbf00000)
  from space 33280K, 98% used [0x00000007bdf80000,0x00000007bffa0000,0x00000007c0000000)
  to   space 33280K, 0% used [0x00000007bbf00000,0x00000007bbf00000,0x00000007bdf80000)
 ParOldGen       total 161280K, used 35463K [0x00000006c1800000, 0x00000006cb580000, 0x00000007b9c00000)
  object space 161280K, 21% used [0x00000006c1800000,0x00000006c3aa1e80,0x00000006cb580000)
 Metaspace       used 2707K, capacity 4486K, committed 4864K, reserved 1056768K
  class space    used 302K, capacity 386K, committed 512K, reserved 1048576K
[GC (Allocation Failure)  104199K->68391K(230400K), 0.0318268 secs]
Heap after GC invocations=540 (full 1):
 PSYoungGen      total 69120K, used 32928K [0x00000007b9c00000, 0x00000007c0000000, 0x00000007c0000000)
  eden space 35840K, 0% used [0x00000007b9c00000,0x00000007b9c00000,0x00000007bbf00000)
  from space 33280K, 98% used [0x00000007bbf00000,0x00000007bdf28000,0x00000007bdf80000)
  to   space 33280K, 0% used [0x00000007bdf80000,0x00000007bdf80000,0x00000007c0000000)
 ParOldGen       total 161280K, used 35463K [0x00000006c1800000, 0x00000006cb580000, 0x00000007b9c00000)
  object space 161280K, 21% used [0x00000006c1800000,0x00000006c3aa1e80,0x00000006cb580000)
 Metaspace       used 2707K, capacity 4486K, committed 4864K, reserved 1056768K
  class space    used 302K, capacity 386K, committed 512K, reserved 1048576K
}
{Heap before GC invocations=541 (full 1):
 PSYoungGen      total 69120K, used 68768K [0x00000007b9c00000, 0x00000007c0000000, 0x00000007c0000000)
  eden space 35840K, 100% used [0x00000007b9c00000,0x00000007bbf00000,0x00000007bbf00000)
  from space 33280K, 98% used [0x00000007bbf00000,0x00000007bdf28000,0x00000007bdf80000)
  to   space 33280K, 0% used [0x00000007bdf80000,0x00000007bdf80000,0x00000007c0000000)
 ParOldGen       total 161280K, used 35463K [0x00000006c1800000, 0x00000006cb580000, 0x00000007b9c00000)
  object space 161280K, 21% used [0x00000006c1800000,0x00000006c3aa1e80,0x00000006cb580000)
 Metaspace       used 2707K, capacity 4486K, committed 4864K, reserved 1056768K
  class space    used 302K, capacity 386K, committed 512K, reserved 1048576K
[GC (Allocation Failure)  104231K->68359K(230400K), 0.0317750 secs]
Heap after GC invocations=541 (full 1):
 PSYoungGen      total 69120K, used 32896K [0x00000007b9c00000, 0x00000007c0000000, 0x00000007c0000000)
  eden space 35840K, 0% used [0x00000007b9c00000,0x00000007b9c00000,0x00000007bbf00000)
  from space 33280K, 98% used [0x00000007bdf80000,0x00000007bffa0000,0x00000007c0000000)
  to   space 33280K, 0% used [0x00000007bbf00000,0x00000007bbf00000,0x00000007bdf80000)
 ParOldGen       total 161280K, used 35463K [0x00000006c1800000, 0x00000006cb580000, 0x00000007b9c00000)
  object space 161280K, 21% used [0x00000006c1800000,0x00000006c3aa1e80,0x00000006cb580000)
 Metaspace       used 2707K, capacity 4486K, committed 4864K, reserved 1056768K
  class space    used 302K, capacity 386K, committed 512K, reserved 1048576K
}
{Heap before GC invocations=542 (full 1):
 PSYoungGen      total 69120K, used 68736K [0x00000007b9c00000, 0x00000007c0000000, 0x00000007c0000000)
  eden space 35840K, 100% used [0x00000007b9c00000,0x00000007bbf00000,0x00000007bbf00000)
  from space 33280K, 98% used [0x00000007bdf80000,0x00000007bffa0000,0x00000007c0000000)
  to   space 33280K, 0% used [0x00000007bbf00000,0x00000007bbf00000,0x00000007bdf80000)
 ParOldGen       total 161280K, used 35463K [0x00000006c1800000, 0x00000006cb580000, 0x00000007b9c00000)
  object space 161280K, 21% used [0x00000006c1800000,0x00000006c3aa1e80,0x00000006cb580000)
 Metaspace       used 2707K, capacity 4486K, committed 4864K, reserved 1056768K
  class space    used 302K, capacity 386K, committed 512K, reserved 1048576K
[GC (Allocation Failure)  104199K->68327K(230400K), 0.0305504 secs]
Heap after GC invocations=542 (full 1):
 PSYoungGen      total 69120K, used 32864K [0x00000007b9c00000, 0x00000007c0000000, 0x00000007c0000000)
  eden space 35840K, 0% used [0x00000007b9c00000,0x00000007b9c00000,0x00000007bbf00000)
  from space 33280K, 98% used [0x00000007bbf00000,0x00000007bdf18000,0x00000007bdf80000)
  to   space 33280K, 0% used [0x00000007bdf80000,0x00000007bdf80000,0x00000007c0000000)
 ParOldGen       total 161280K, used 35463K [0x00000006c1800000, 0x00000006cb580000, 0x00000007b9c00000)
  object space 161280K, 21% used [0x00000006c1800000,0x00000006c3aa1e80,0x00000006cb580000)
 Metaspace       used 2707K, capacity 4486K, committed 4864K, reserved 1056768K
  class space    used 302K, capacity 386K, committed 512K, reserved 1048576K
}
{Heap before GC invocations=543 (full 1):
 PSYoungGen      total 69120K, used 68704K [0x00000007b9c00000, 0x00000007c0000000, 0x00000007c0000000)
  eden space 35840K, 100% used [0x00000007b9c00000,0x00000007bbf00000,0x00000007bbf00000)
  from space 33280K, 98% used [0x00000007bbf00000,0x00000007bdf18000,0x00000007bdf80000)
  to   space 33280K, 0% used [0x00000007bdf80000,0x00000007bdf80000,0x00000007c0000000)
 ParOldGen       total 161280K, used 35463K [0x00000006c1800000, 0x00000006cb580000, 0x00000007b9c00000)
  object space 161280K, 21% used [0x00000006c1800000,0x00000006c3aa1e80,0x00000006cb580000)
 Metaspace       used 2707K, capacity 4486K, committed 4864K, reserved 1056768K
  class space    used 302K, capacity 386K, committed 512K, reserved 1048576K
[GC (Allocation Failure)  104167K->68327K(230400K), 0.0304840 secs]
Heap after GC invocations=543 (full 1):
 PSYoungGen      total 69120K, used 32864K [0x00000007b9c00000, 0x00000007c0000000, 0x00000007c0000000)
  eden space 35840K, 0% used [0x00000007b9c00000,0x00000007b9c00000,0x00000007bbf00000)
  from space 33280K, 98% used [0x00000007bdf80000,0x00000007bff98000,0x00000007c0000000)
  to   space 33280K, 0% used [0x00000007bbf00000,0x00000007bbf00000,0x00000007bdf80000)
 ParOldGen       total 161280K, used 35463K [0x00000006c1800000, 0x00000006cb580000, 0x00000007b9c00000)
  object space 161280K, 21% used [0x00000006c1800000,0x00000006c3aa1e80,0x00000006cb580000)
 Metaspace       used 2707K, capacity 4486K, committed 4864K, reserved 1056768K
  class space    used 302K, capacity 386K, committed 512K, reserved 1048576K
}
{Heap before GC invocations=544 (full 1):
 PSYoungGen      total 69120K, used 68704K [0x00000007b9c00000, 0x00000007c0000000, 0x00000007c0000000)
  eden space 35840K, 100% used [0x00000007b9c00000,0x00000007bbf00000,0x00000007bbf00000)
  from space 33280K, 98% used [0x00000007bdf80000,0x00000007bff98000,0x00000007c0000000)
  to   space 33280K, 0% used [0x00000007bbf00000,0x00000007bbf00000,0x00000007bdf80000)
 ParOldGen       total 161280K, used 35463K [0x00000006c1800000, 0x00000006cb580000, 0x00000007b9c00000)
  object space 161280K, 21% used [0x00000006c1800000,0x00000006c3aa1e80,0x00000006cb580000)
 Metaspace       used 2707K, capacity 4486K, committed 4864K, reserved 1056768K
  class space    used 302K, capacity 386K, committed 512K, reserved 1048576K
[GC (Allocation Failure)  104167K->68359K(230400K), 0.0296174 secs]
Heap after GC invocations=544 (full 1):
 PSYoungGen      total 69120K, used 32896K [0x00000007b9c00000, 0x00000007c0000000, 0x00000007c0000000)
  eden space 35840K, 0% used [0x00000007b9c00000,0x00000007b9c00000,0x00000007bbf00000)
  from space 33280K, 98% used [0x00000007bbf00000,0x00000007bdf20000,0x00000007bdf80000)
  to   space 33280K, 0% used [0x00000007bdf80000,0x00000007bdf80000,0x00000007c0000000)
 ParOldGen       total 161280K, used 35463K [0x00000006c1800000, 0x00000006cb580000, 0x00000007b9c00000)
  object space 161280K, 21% used [0x00000006c1800000,0x00000006c3aa1e80,0x00000006cb580000)
 Metaspace       used 2707K, capacity 4486K, committed 4864K, reserved 1056768K
  class space    used 302K, capacity 386K, committed 512K, reserved 1048576K
}
{Heap before GC invocations=545 (full 1):
 PSYoungGen      total 69120K, used 68736K [0x00000007b9c00000, 0x00000007c0000000, 0x00000007c0000000)
  eden space 35840K, 100% used [0x00000007b9c00000,0x00000007bbf00000,0x00000007bbf00000)
  from space 33280K, 98% used [0x00000007bbf00000,0x00000007bdf20000,0x00000007bdf80000)
  to   space 33280K, 0% used [0x00000007bdf80000,0x00000007bdf80000,0x00000007c0000000)
 ParOldGen       total 161280K, used 35463K [0x00000006c1800000, 0x00000006cb580000, 0x00000007b9c00000)
  object space 161280K, 21% used [0x00000006c1800000,0x00000006c3aa1e80,0x00000006cb580000)
 Metaspace       used 2707K, capacity 4486K, committed 4864K, reserved 1056768K
  class space    used 302K, capacity 386K, committed 512K, reserved 1048576K
[GC (Allocation Failure)  104199K->68327K(230400K), 0.0337918 secs]
Heap after GC invocations=545 (full 1):
 PSYoungGen      total 69120K, used 32864K [0x00000007b9c00000, 0x00000007c0000000, 0x00000007c0000000)
  eden space 35840K, 0% used [0x00000007b9c00000,0x00000007b9c00000,0x00000007bbf00000)
  from space 33280K, 98% used [0x00000007bdf80000,0x00000007bff98000,0x00000007c0000000)
  to   space 33280K, 0% used [0x00000007bbf00000,0x00000007bbf00000,0x00000007bdf80000)
 ParOldGen       total 161280K, used 35463K [0x00000006c1800000, 0x00000006cb580000, 0x00000007b9c00000)
  object space 161280K, 21% used [0x00000006c1800000,0x00000006c3aa1e80,0x00000006cb580000)
 Metaspace       used 2707K, capacity 4486K, committed 4864K, reserved 1056768K
  class space    used 302K, capacity 386K, committed 512K, reserved 1048576K
}
{Heap before GC invocations=546 (full 1):
 PSYoungGen      total 69120K, used 68704K [0x00000007b9c00000, 0x00000007c0000000, 0x00000007c0000000)
  eden space 35840K, 100% used [0x00000007b9c00000,0x00000007bbf00000,0x00000007bbf00000)
  from space 33280K, 98% used [0x00000007bdf80000,0x00000007bff98000,0x00000007c0000000)
  to   space 33280K, 0% used [0x00000007bbf00000,0x00000007bbf00000,0x00000007bdf80000)
 ParOldGen       total 161280K, used 35463K [0x00000006c1800000, 0x00000006cb580000, 0x00000007b9c00000)
  object space 161280K, 21% used [0x00000006c1800000,0x00000006c3aa1e80,0x00000006cb580000)
 Metaspace       used 2707K, capacity 4486K, committed 4864K, reserved 1056768K
  class space    used 302K, capacity 386K, committed 512K, reserved 1048576K
[GC (Allocation Failure)  104167K->68359K(230400K), 0.0325998 secs]
Heap after GC invocations=546 (full 1):
 PSYoungGen      total 69120K, used 32896K [0x00000007b9c00000, 0x00000007c0000000, 0x00000007c0000000)
  eden space 35840K, 0% used [0x00000007b9c00000,0x00000007b9c00000,0x00000007bbf00000)
  from space 33280K, 98% used [0x00000007bbf00000,0x00000007bdf20000,0x00000007bdf80000)
  to   space 33280K, 0% used [0x00000007bdf80000,0x00000007bdf80000,0x00000007c0000000)
 ParOldGen       total 161280K, used 35463K [0x00000006c1800000, 0x00000006cb580000, 0x00000007b9c00000)
  object space 161280K, 21% used [0x00000006c1800000,0x00000006c3aa1e80,0x00000006cb580000)
 Metaspace       used 2707K, capacity 4486K, committed 4864K, reserved 1056768K
  class space    used 302K, capacity 386K, committed 512K, reserved 1048576K
}
{Heap before GC invocations=547 (full 1):
 PSYoungGen      total 69120K, used 68736K [0x00000007b9c00000, 0x00000007c0000000, 0x00000007c0000000)
  eden space 35840K, 100% used [0x00000007b9c00000,0x00000007bbf00000,0x00000007bbf00000)
  from space 33280K, 98% used [0x00000007bbf00000,0x00000007bdf20000,0x00000007bdf80000)
  to   space 33280K, 0% used [0x00000007bdf80000,0x00000007bdf80000,0x00000007c0000000)
 ParOldGen       total 161280K, used 35463K [0x00000006c1800000, 0x00000006cb580000, 0x00000007b9c00000)
  object space 161280K, 21% used [0x00000006c1800000,0x00000006c3aa1e80,0x00000006cb580000)
 Metaspace       used 2707K, capacity 4486K, committed 4864K, reserved 1056768K
  class space    used 302K, capacity 386K, committed 512K, reserved 1048576K
[GC (Allocation Failure)  104199K->68359K(230400K), 0.0307596 secs]
Heap after GC invocations=547 (full 1):
 PSYoungGen      total 69120K, used 32896K [0x00000007b9c00000, 0x00000007c0000000, 0x00000007c0000000)
  eden space 35840K, 0% used [0x00000007b9c00000,0x00000007b9c00000,0x00000007bbf00000)
  from space 33280K, 98% used [0x00000007bdf80000,0x00000007bffa0000,0x00000007c0000000)
  to   space 33280K, 0% used [0x00000007bbf00000,0x00000007bbf00000,0x00000007bdf80000)
 ParOldGen       total 161280K, used 35463K [0x00000006c1800000, 0x00000006cb580000, 0x00000007b9c00000)
  object space 161280K, 21% used [0x00000006c1800000,0x00000006c3aa1e80,0x00000006cb580000)
 Metaspace       used 2707K, capacity 4486K, committed 4864K, reserved 1056768K
  class space    used 302K, capacity 386K, committed 512K, reserved 1048576K
}
{Heap before GC invocations=548 (full 1):
 PSYoungGen      total 69120K, used 68736K [0x00000007b9c00000, 0x00000007c0000000, 0x00000007c0000000)
  eden space 35840K, 100% used [0x00000007b9c00000,0x00000007bbf00000,0x00000007bbf00000)
  from space 33280K, 98% used [0x00000007bdf80000,0x00000007bffa0000,0x00000007c0000000)
  to   space 33280K, 0% used [0x00000007bbf00000,0x00000007bbf00000,0x00000007bdf80000)
 ParOldGen       total 161280K, used 35463K [0x00000006c1800000, 0x00000006cb580000, 0x00000007b9c00000)
  object space 161280K, 21% used [0x00000006c1800000,0x00000006c3aa1e80,0x00000006cb580000)
 Metaspace       used 2707K, capacity 4486K, committed 4864K, reserved 1056768K
  class space    used 302K, capacity 386K, committed 512K, reserved 1048576K
[GC (Allocation Failure)  104199K->68327K(230400K), 0.0352057 secs]
Heap after GC invocations=548 (full 1):
 PSYoungGen      total 69120K, used 32864K [0x00000007b9c00000, 0x00000007c0000000, 0x00000007c0000000)
  eden space 35840K, 0% used [0x00000007b9c00000,0x00000007b9c00000,0x00000007bbf00000)
  from space 33280K, 98% used [0x00000007bbf00000,0x00000007bdf18000,0x00000007bdf80000)
  to   space 33280K, 0% used [0x00000007bdf80000,0x00000007bdf80000,0x00000007c0000000)
 ParOldGen       total 161280K, used 35463K [0x00000006c1800000, 0x00000006cb580000, 0x00000007b9c00000)
  object space 161280K, 21% used [0x00000006c1800000,0x00000006c3aa1e80,0x00000006cb580000)
 Metaspace       used 2707K, capacity 4486K, committed 4864K, reserved 1056768K
  class space    used 302K, capacity 386K, committed 512K, reserved 1048576K
}
{Heap before GC invocations=549 (full 1):
 PSYoungGen      total 69120K, used 68704K [0x00000007b9c00000, 0x00000007c0000000, 0x00000007c0000000)
  eden space 35840K, 100% used [0x00000007b9c00000,0x00000007bbf00000,0x00000007bbf00000)
  from space 33280K, 98% used [0x00000007bbf00000,0x00000007bdf18000,0x00000007bdf80000)
  to   space 33280K, 0% used [0x00000007bdf80000,0x00000007bdf80000,0x00000007c0000000)
 ParOldGen       total 161280K, used 35463K [0x00000006c1800000, 0x00000006cb580000, 0x00000007b9c00000)
  object space 161280K, 21% used [0x00000006c1800000,0x00000006c3aa1e80,0x00000006cb580000)
 Metaspace       used 2707K, capacity 4486K, committed 4864K, reserved 1056768K
  class space    used 302K, capacity 386K, committed 512K, reserved 1048576K
[GC (Allocation Failure)  104167K->68359K(230400K), 0.0314561 secs]
Heap after GC invocations=549 (full 1):
 PSYoungGen      total 69120K, used 32896K [0x00000007b9c00000, 0x00000007c0000000, 0x00000007c0000000)
  eden space 35840K, 0% used [0x00000007b9c00000,0x00000007b9c00000,0x00000007bbf00000)
  from space 33280K, 98% used [0x00000007bdf80000,0x00000007bffa0000,0x00000007c0000000)
  to   space 33280K, 0% used [0x00000007bbf00000,0x00000007bbf00000,0x00000007bdf80000)
 ParOldGen       total 161280K, used 35463K [0x00000006c1800000, 0x00000006cb580000, 0x00000007b9c00000)
  object space 161280K, 21% used [0x00000006c1800000,0x00000006c3aa1e80,0x00000006cb580000)
 Metaspace       used 2707K, capacity 4486K, committed 4864K, reserved 1056768K
  class space    used 302K, capacity 386K, committed 512K, reserved 1048576K
}
{Heap before GC invocations=550 (full 1):
 PSYoungGen      total 69120K, used 68736K [0x00000007b9c00000, 0x00000007c0000000, 0x00000007c0000000)
  eden space 35840K, 100% used [0x00000007b9c00000,0x00000007bbf00000,0x00000007bbf00000)
  from space 33280K, 98% used [0x00000007bdf80000,0x00000007bffa0000,0x00000007c0000000)
  to   space 33280K, 0% used [0x00000007bbf00000,0x00000007bbf00000,0x00000007bdf80000)
 ParOldGen       total 161280K, used 35463K [0x00000006c1800000, 0x00000006cb580000, 0x00000007b9c00000)
  object space 161280K, 21% used [0x00000006c1800000,0x00000006c3aa1e80,0x00000006cb580000)
 Metaspace       used 2707K, capacity 4486K, committed 4864K, reserved 1056768K
  class space    used 302K, capacity 386K, committed 512K, reserved 1048576K
[GC (Allocation Failure)  104199K->68327K(230400K), 0.0309873 secs]
Heap after GC invocations=550 (full 1):
 PSYoungGen      total 69120K, used 32864K [0x00000007b9c00000, 0x00000007c0000000, 0x00000007c0000000)
  eden space 35840K, 0% used [0x00000007b9c00000,0x00000007b9c00000,0x00000007bbf00000)
  from space 33280K, 98% used [0x00000007bbf00000,0x00000007bdf18000,0x00000007bdf80000)
  to   space 33280K, 0% used [0x00000007bdf80000,0x00000007bdf80000,0x00000007c0000000)
 ParOldGen       total 161280K, used 35463K [0x00000006c1800000, 0x00000006cb580000, 0x00000007b9c00000)
  object space 161280K, 21% used [0x00000006c1800000,0x00000006c3aa1e80,0x00000006cb580000)
 Metaspace       used 2707K, capacity 4486K, committed 4864K, reserved 1056768K
  class space    used 302K, capacity 386K, committed 512K, reserved 1048576K
}
{Heap before GC invocations=551 (full 1):
 PSYoungGen      total 69120K, used 68704K [0x00000007b9c00000, 0x00000007c0000000, 0x00000007c0000000)
  eden space 35840K, 100% used [0x00000007b9c00000,0x00000007bbf00000,0x00000007bbf00000)
  from space 33280K, 98% used [0x00000007bbf00000,0x00000007bdf18000,0x00000007bdf80000)
  to   space 33280K, 0% used [0x00000007bdf80000,0x00000007bdf80000,0x00000007c0000000)
 ParOldGen       total 161280K, used 35463K [0x00000006c1800000, 0x00000006cb580000, 0x00000007b9c00000)
  object space 161280K, 21% used [0x00000006c1800000,0x00000006c3aa1e80,0x00000006cb580000)
 Metaspace       used 2707K, capacity 4486K, committed 4864K, reserved 1056768K
  class space    used 302K, capacity 386K, committed 512K, reserved 1048576K
[GC (Allocation Failure)  104167K->68359K(230400K), 0.0307901 secs]
Heap after GC invocations=551 (full 1):
 PSYoungGen      total 69120K, used 32896K [0x00000007b9c00000, 0x00000007c0000000, 0x00000007c0000000)
  eden space 35840K, 0% used [0x00000007b9c00000,0x00000007b9c00000,0x00000007bbf00000)
  from space 33280K, 98% used [0x00000007bdf80000,0x00000007bffa0000,0x00000007c0000000)
  to   space 33280K, 0% used [0x00000007bbf00000,0x00000007bbf00000,0x00000007bdf80000)
 ParOldGen       total 161280K, used 35463K [0x00000006c1800000, 0x00000006cb580000, 0x00000007b9c00000)
  object space 161280K, 21% used [0x00000006c1800000,0x00000006c3aa1e80,0x00000006cb580000)
 Metaspace       used 2707K, capacity 4486K, committed 4864K, reserved 1056768K
  class space    used 302K, capacity 386K, committed 512K, reserved 1048576K
}
{Heap before GC invocations=552 (full 1):
 PSYoungGen      total 69120K, used 68736K [0x00000007b9c00000, 0x00000007c0000000, 0x00000007c0000000)
  eden space 35840K, 100% used [0x00000007b9c00000,0x00000007bbf00000,0x00000007bbf00000)
  from space 33280K, 98% used [0x00000007bdf80000,0x00000007bffa0000,0x00000007c0000000)
  to   space 33280K, 0% used [0x00000007bbf00000,0x00000007bbf00000,0x00000007bdf80000)
 ParOldGen       total 161280K, used 35463K [0x00000006c1800000, 0x00000006cb580000, 0x00000007b9c00000)
  object space 161280K, 21% used [0x00000006c1800000,0x00000006c3aa1e80,0x00000006cb580000)
 Metaspace       used 2707K, capacity 4486K, committed 4864K, reserved 1056768K
  class space    used 302K, capacity 386K, committed 512K, reserved 1048576K
[GC (Allocation Failure)  104199K->68359K(230400K), 0.0308191 secs]
Heap after GC invocations=552 (full 1):
 PSYoungGen      total 69120K, used 32896K [0x00000007b9c00000, 0x00000007c0000000, 0x00000007c0000000)
  eden space 35840K, 0% used [0x00000007b9c00000,0x00000007b9c00000,0x00000007bbf00000)
  from space 33280K, 98% used [0x00000007bbf00000,0x00000007bdf20000,0x00000007bdf80000)
  to   space 33280K, 0% used [0x00000007bdf80000,0x00000007bdf80000,0x00000007c0000000)
 ParOldGen       total 161280K, used 35463K [0x00000006c1800000, 0x00000006cb580000, 0x00000007b9c00000)
  object space 161280K, 21% used [0x00000006c1800000,0x00000006c3aa1e80,0x00000006cb580000)
 Metaspace       used 2707K, capacity 4486K, committed 4864K, reserved 1056768K
  class space    used 302K, capacity 386K, committed 512K, reserved 1048576K
}
{Heap before GC invocations=553 (full 1):
 PSYoungGen      total 69120K, used 68736K [0x00000007b9c00000, 0x00000007c0000000, 0x00000007c0000000)
  eden space 35840K, 100% used [0x00000007b9c00000,0x00000007bbf00000,0x00000007bbf00000)
  from space 33280K, 98% used [0x00000007bbf00000,0x00000007bdf20000,0x00000007bdf80000)
  to   space 33280K, 0% used [0x00000007bdf80000,0x00000007bdf80000,0x00000007c0000000)
 ParOldGen       total 161280K, used 35463K [0x00000006c1800000, 0x00000006cb580000, 0x00000007b9c00000)
  object space 161280K, 21% used [0x00000006c1800000,0x00000006c3aa1e80,0x00000006cb580000)
 Metaspace       used 2707K, capacity 4486K, committed 4864K, reserved 1056768K
  class space    used 302K, capacity 386K, committed 512K, reserved 1048576K
[GC (Allocation Failure)  104199K->68391K(230400K), 0.0307400 secs]
Heap after GC invocations=553 (full 1):
 PSYoungGen      total 69120K, used 32928K [0x00000007b9c00000, 0x00000007c0000000, 0x00000007c0000000)
  eden space 35840K, 0% used [0x00000007b9c00000,0x00000007b9c00000,0x00000007bbf00000)
  from space 33280K, 98% used [0x00000007bdf80000,0x00000007bffa8000,0x00000007c0000000)
  to   space 33280K, 0% used [0x00000007bbf00000,0x00000007bbf00000,0x00000007bdf80000)
 ParOldGen       total 161280K, used 35463K [0x00000006c1800000, 0x00000006cb580000, 0x00000007b9c00000)
  object space 161280K, 21% used [0x00000006c1800000,0x00000006c3aa1e80,0x00000006cb580000)
 Metaspace       used 2707K, capacity 4486K, committed 4864K, reserved 1056768K
  class space    used 302K, capacity 386K, committed 512K, reserved 1048576K
}
{Heap before GC invocations=554 (full 1):
 PSYoungGen      total 69120K, used 68768K [0x00000007b9c00000, 0x00000007c0000000, 0x00000007c0000000)
  eden space 35840K, 100% used [0x00000007b9c00000,0x00000007bbf00000,0x00000007bbf00000)
  from space 33280K, 98% used [0x00000007bdf80000,0x00000007bffa8000,0x00000007c0000000)
  to   space 33280K, 0% used [0x00000007bbf00000,0x00000007bbf00000,0x00000007bdf80000)
 ParOldGen       total 161280K, used 35463K [0x00000006c1800000, 0x00000006cb580000, 0x00000007b9c00000)
  object space 161280K, 21% used [0x00000006c1800000,0x00000006c3aa1e80,0x00000006cb580000)
 Metaspace       used 2707K, capacity 4486K, committed 4864K, reserved 1056768K
  class space    used 302K, capacity 386K, committed 512K, reserved 1048576K
[GC (Allocation Failure)  104231K->68327K(230400K), 0.0308735 secs]
Heap after GC invocations=554 (full 1):
 PSYoungGen      total 69120K, used 32864K [0x00000007b9c00000, 0x00000007c0000000, 0x00000007c0000000)
  eden space 35840K, 0% used [0x00000007b9c00000,0x00000007b9c00000,0x00000007bbf00000)
  from space 33280K, 98% used [0x00000007bbf00000,0x00000007bdf18000,0x00000007bdf80000)
  to   space 33280K, 0% used [0x00000007bdf80000,0x00000007bdf80000,0x00000007c0000000)
 ParOldGen       total 161280K, used 35463K [0x00000006c1800000, 0x00000006cb580000, 0x00000007b9c00000)
  object space 161280K, 21% used [0x00000006c1800000,0x00000006c3aa1e80,0x00000006cb580000)
 Metaspace       used 2707K, capacity 4486K, committed 4864K, reserved 1056768K
  class space    used 302K, capacity 386K, committed 512K, reserved 1048576K
}
{Heap before GC invocations=555 (full 1):
 PSYoungGen      total 69120K, used 68704K [0x00000007b9c00000, 0x00000007c0000000, 0x00000007c0000000)
  eden space 35840K, 100% used [0x00000007b9c00000,0x00000007bbf00000,0x00000007bbf00000)
  from space 33280K, 98% used [0x00000007bbf00000,0x00000007bdf18000,0x00000007bdf80000)
  to   space 33280K, 0% used [0x00000007bdf80000,0x00000007bdf80000,0x00000007c0000000)
 ParOldGen       total 161280K, used 35463K [0x00000006c1800000, 0x00000006cb580000, 0x00000007b9c00000)
  object space 161280K, 21% used [0x00000006c1800000,0x00000006c3aa1e80,0x00000006cb580000)
 Metaspace       used 2707K, capacity 4486K, committed 4864K, reserved 1056768K
  class space    used 302K, capacity 386K, committed 512K, reserved 1048576K
[GC (Allocation Failure)  104167K->68359K(230400K), 0.0322322 secs]
Heap after GC invocations=555 (full 1):
 PSYoungGen      total 69120K, used 32896K [0x00000007b9c00000, 0x00000007c0000000, 0x00000007c0000000)
  eden space 35840K, 0% used [0x00000007b9c00000,0x00000007b9c00000,0x00000007bbf00000)
  from space 33280K, 98% used [0x00000007bdf80000,0x00000007bffa0000,0x00000007c0000000)
  to   space 33280K, 0% used [0x00000007bbf00000,0x00000007bbf00000,0x00000007bdf80000)
 ParOldGen       total 161280K, used 35463K [0x00000006c1800000, 0x00000006cb580000, 0x00000007b9c00000)
  object space 161280K, 21% used [0x00000006c1800000,0x00000006c3aa1e80,0x00000006cb580000)
 Metaspace       used 2707K, capacity 4486K, committed 4864K, reserved 1056768K
  class space    used 302K, capacity 386K, committed 512K, reserved 1048576K
}
{Heap before GC invocations=556 (full 1):
 PSYoungGen      total 69120K, used 68736K [0x00000007b9c00000, 0x00000007c0000000, 0x00000007c0000000)
  eden space 35840K, 100% used [0x00000007b9c00000,0x00000007bbf00000,0x00000007bbf00000)
  from space 33280K, 98% used [0x00000007bdf80000,0x00000007bffa0000,0x00000007c0000000)
  to   space 33280K, 0% used [0x00000007bbf00000,0x00000007bbf00000,0x00000007bdf80000)
 ParOldGen       total 161280K, used 35463K [0x00000006c1800000, 0x00000006cb580000, 0x00000007b9c00000)
  object space 161280K, 21% used [0x00000006c1800000,0x00000006c3aa1e80,0x00000006cb580000)
 Metaspace       used 2707K, capacity 4486K, committed 4864K, reserved 1056768K
  class space    used 302K, capacity 386K, committed 512K, reserved 1048576K
[GC (Allocation Failure)  104199K->68359K(230400K), 0.0294404 secs]
Heap after GC invocations=556 (full 1):
 PSYoungGen      total 69120K, used 32896K [0x00000007b9c00000, 0x00000007c0000000, 0x00000007c0000000)
  eden space 35840K, 0% used [0x00000007b9c00000,0x00000007b9c00000,0x00000007bbf00000)
  from space 33280K, 98% used [0x00000007bbf00000,0x00000007bdf20000,0x00000007bdf80000)
  to   space 33280K, 0% used [0x00000007bdf80000,0x00000007bdf80000,0x00000007c0000000)
 ParOldGen       total 161280K, used 35463K [0x00000006c1800000, 0x00000006cb580000, 0x00000007b9c00000)
  object space 161280K, 21% used [0x00000006c1800000,0x00000006c3aa1e80,0x00000006cb580000)
 Metaspace       used 2707K, capacity 4486K, committed 4864K, reserved 1056768K
  class space    used 302K, capacity 386K, committed 512K, reserved 1048576K
}
{Heap before GC invocations=557 (full 1):
 PSYoungGen      total 69120K, used 68736K [0x00000007b9c00000, 0x00000007c0000000, 0x00000007c0000000)
  eden space 35840K, 100% used [0x00000007b9c00000,0x00000007bbf00000,0x00000007bbf00000)
  from space 33280K, 98% used [0x00000007bbf00000,0x00000007bdf20000,0x00000007bdf80000)
  to   space 33280K, 0% used [0x00000007bdf80000,0x00000007bdf80000,0x00000007c0000000)
 ParOldGen       total 161280K, used 35463K [0x00000006c1800000, 0x00000006cb580000, 0x00000007b9c00000)
  object space 161280K, 21% used [0x00000006c1800000,0x00000006c3aa1e80,0x00000006cb580000)
 Metaspace       used 2707K, capacity 4486K, committed 4864K, reserved 1056768K
  class space    used 302K, capacity 386K, committed 512K, reserved 1048576K
[GC (Allocation Failure)  104199K->68359K(230400K), 0.0359876 secs]
Heap after GC invocations=557 (full 1):
 PSYoungGen      total 69120K, used 32896K [0x00000007b9c00000, 0x00000007c0000000, 0x00000007c0000000)
  eden space 35840K, 0% used [0x00000007b9c00000,0x00000007b9c00000,0x00000007bbf00000)
  from space 33280K, 98% used [0x00000007bdf80000,0x00000007bffa0000,0x00000007c0000000)
  to   space 33280K, 0% used [0x00000007bbf00000,0x00000007bbf00000,0x00000007bdf80000)
 ParOldGen       total 161280K, used 35463K [0x00000006c1800000, 0x00000006cb580000, 0x00000007b9c00000)
  object space 161280K, 21% used [0x00000006c1800000,0x00000006c3aa1e80,0x00000006cb580000)
 Metaspace       used 2707K, capacity 4486K, committed 4864K, reserved 1056768K
  class space    used 302K, capacity 386K, committed 512K, reserved 1048576K
}
{Heap before GC invocations=558 (full 1):
 PSYoungGen      total 69120K, used 68736K [0x00000007b9c00000, 0x00000007c0000000, 0x00000007c0000000)
  eden space 35840K, 100% used [0x00000007b9c00000,0x00000007bbf00000,0x00000007bbf00000)
  from space 33280K, 98% used [0x00000007bdf80000,0x00000007bffa0000,0x00000007c0000000)
  to   space 33280K, 0% used [0x00000007bbf00000,0x00000007bbf00000,0x00000007bdf80000)
 ParOldGen       total 161280K, used 35463K [0x00000006c1800000, 0x00000006cb580000, 0x00000007b9c00000)
  object space 161280K, 21% used [0x00000006c1800000,0x00000006c3aa1e80,0x00000006cb580000)
 Metaspace       used 2707K, capacity 4486K, committed 4864K, reserved 1056768K
  class space    used 302K, capacity 386K, committed 512K, reserved 1048576K
[GC (Allocation Failure)  104199K->68359K(230400K), 0.0376962 secs]
Heap after GC invocations=558 (full 1):
 PSYoungGen      total 69120K, used 32896K [0x00000007b9c00000, 0x00000007c0000000, 0x00000007c0000000)
  eden space 35840K, 0% used [0x00000007b9c00000,0x00000007b9c00000,0x00000007bbf00000)
  from space 33280K, 98% used [0x00000007bbf00000,0x00000007bdf20000,0x00000007bdf80000)
  to   space 33280K, 0% used [0x00000007bdf80000,0x00000007bdf80000,0x00000007c0000000)
 ParOldGen       total 161280K, used 35463K [0x00000006c1800000, 0x00000006cb580000, 0x00000007b9c00000)
  object space 161280K, 21% used [0x00000006c1800000,0x00000006c3aa1e80,0x00000006cb580000)
 Metaspace       used 2707K, capacity 4486K, committed 4864K, reserved 1056768K
  class space    used 302K, capacity 386K, committed 512K, reserved 1048576K
}
{Heap before GC invocations=559 (full 1):
 PSYoungGen      total 69120K, used 68736K [0x00000007b9c00000, 0x00000007c0000000, 0x00000007c0000000)
  eden space 35840K, 100% used [0x00000007b9c00000,0x00000007bbf00000,0x00000007bbf00000)
  from space 33280K, 98% used [0x00000007bbf00000,0x00000007bdf20000,0x00000007bdf80000)
  to   space 33280K, 0% used [0x00000007bdf80000,0x00000007bdf80000,0x00000007c0000000)
 ParOldGen       total 161280K, used 35463K [0x00000006c1800000, 0x00000006cb580000, 0x00000007b9c00000)
  object space 161280K, 21% used [0x00000006c1800000,0x00000006c3aa1e80,0x00000006cb580000)
 Metaspace       used 2707K, capacity 4486K, committed 4864K, reserved 1056768K
  class space    used 302K, capacity 386K, committed 512K, reserved 1048576K
[GC (Allocation Failure)  104199K->68359K(230400K), 0.0317480 secs]
Heap after GC invocations=559 (full 1):
 PSYoungGen      total 69120K, used 32896K [0x00000007b9c00000, 0x00000007c0000000, 0x00000007c0000000)
  eden space 35840K, 0% used [0x00000007b9c00000,0x00000007b9c00000,0x00000007bbf00000)
  from space 33280K, 98% used [0x00000007bdf80000,0x00000007bffa0000,0x00000007c0000000)
  to   space 33280K, 0% used [0x00000007bbf00000,0x00000007bbf00000,0x00000007bdf80000)
 ParOldGen       total 161280K, used 35463K [0x00000006c1800000, 0x00000006cb580000, 0x00000007b9c00000)
  object space 161280K, 21% used [0x00000006c1800000,0x00000006c3aa1e80,0x00000006cb580000)
 Metaspace       used 2707K, capacity 4486K, committed 4864K, reserved 1056768K
  class space    used 302K, capacity 386K, committed 512K, reserved 1048576K
}
{Heap before GC invocations=560 (full 1):
 PSYoungGen      total 69120K, used 68736K [0x00000007b9c00000, 0x00000007c0000000, 0x00000007c0000000)
  eden space 35840K, 100% used [0x00000007b9c00000,0x00000007bbf00000,0x00000007bbf00000)
  from space 33280K, 98% used [0x00000007bdf80000,0x00000007bffa0000,0x00000007c0000000)
  to   space 33280K, 0% used [0x00000007bbf00000,0x00000007bbf00000,0x00000007bdf80000)
 ParOldGen       total 161280K, used 35463K [0x00000006c1800000, 0x00000006cb580000, 0x00000007b9c00000)
  object space 161280K, 21% used [0x00000006c1800000,0x00000006c3aa1e80,0x00000006cb580000)
 Metaspace       used 2707K, capacity 4486K, committed 4864K, reserved 1056768K
  class space    used 302K, capacity 386K, committed 512K, reserved 1048576K
[GC (Allocation Failure)  104199K->68359K(230400K), 0.0320803 secs]
Heap after GC invocations=560 (full 1):
 PSYoungGen      total 69120K, used 32896K [0x00000007b9c00000, 0x00000007c0000000, 0x00000007c0000000)
  eden space 35840K, 0% used [0x00000007b9c00000,0x00000007b9c00000,0x00000007bbf00000)
  from space 33280K, 98% used [0x00000007bbf00000,0x00000007bdf20000,0x00000007bdf80000)
  to   space 33280K, 0% used [0x00000007bdf80000,0x00000007bdf80000,0x00000007c0000000)
 ParOldGen       total 161280K, used 35463K [0x00000006c1800000, 0x00000006cb580000, 0x00000007b9c00000)
  object space 161280K, 21% used [0x00000006c1800000,0x00000006c3aa1e80,0x00000006cb580000)
 Metaspace       used 2707K, capacity 4486K, committed 4864K, reserved 1056768K
  class space    used 302K, capacity 386K, committed 512K, reserved 1048576K
}
{Heap before GC invocations=561 (full 1):
 PSYoungGen      total 69120K, used 68736K [0x00000007b9c00000, 0x00000007c0000000, 0x00000007c0000000)
  eden space 35840K, 100% used [0x00000007b9c00000,0x00000007bbf00000,0x00000007bbf00000)
  from space 33280K, 98% used [0x00000007bbf00000,0x00000007bdf20000,0x00000007bdf80000)
  to   space 33280K, 0% used [0x00000007bdf80000,0x00000007bdf80000,0x00000007c0000000)
 ParOldGen       total 161280K, used 35463K [0x00000006c1800000, 0x00000006cb580000, 0x00000007b9c00000)
  object space 161280K, 21% used [0x00000006c1800000,0x00000006c3aa1e80,0x00000006cb580000)
 Metaspace       used 2707K, capacity 4486K, committed 4864K, reserved 1056768K
  class space    used 302K, capacity 386K, committed 512K, reserved 1048576K
[GC (Allocation Failure)  104199K->68391K(230400K), 0.0326253 secs]
Heap after GC invocations=561 (full 1):
 PSYoungGen      total 69120K, used 32928K [0x00000007b9c00000, 0x00000007c0000000, 0x00000007c0000000)
  eden space 35840K, 0% used [0x00000007b9c00000,0x00000007b9c00000,0x00000007bbf00000)
  from space 33280K, 98% used [0x00000007bdf80000,0x00000007bffa8000,0x00000007c0000000)
  to   space 33280K, 0% used [0x00000007bbf00000,0x00000007bbf00000,0x00000007bdf80000)
 ParOldGen       total 161280K, used 35463K [0x00000006c1800000, 0x00000006cb580000, 0x00000007b9c00000)
  object space 161280K, 21% used [0x00000006c1800000,0x00000006c3aa1e80,0x00000006cb580000)
 Metaspace       used 2707K, capacity 4486K, committed 4864K, reserved 1056768K
  class space    used 302K, capacity 386K, committed 512K, reserved 1048576K
}
{Heap before GC invocations=562 (full 1):
 PSYoungGen      total 69120K, used 68768K [0x00000007b9c00000, 0x00000007c0000000, 0x00000007c0000000)
  eden space 35840K, 100% used [0x00000007b9c00000,0x00000007bbf00000,0x00000007bbf00000)
  from space 33280K, 98% used [0x00000007bdf80000,0x00000007bffa8000,0x00000007c0000000)
  to   space 33280K, 0% used [0x00000007bbf00000,0x00000007bbf00000,0x00000007bdf80000)
 ParOldGen       total 161280K, used 35463K [0x00000006c1800000, 0x00000006cb580000, 0x00000007b9c00000)
  object space 161280K, 21% used [0x00000006c1800000,0x00000006c3aa1e80,0x00000006cb580000)
 Metaspace       used 2707K, capacity 4486K, committed 4864K, reserved 1056768K
  class space    used 302K, capacity 386K, committed 512K, reserved 1048576K
[GC (Allocation Failure)  104231K->68359K(230400K), 0.0315573 secs]
Heap after GC invocations=562 (full 1):
 PSYoungGen      total 69120K, used 32896K [0x00000007b9c00000, 0x00000007c0000000, 0x00000007c0000000)
  eden space 35840K, 0% used [0x00000007b9c00000,0x00000007b9c00000,0x00000007bbf00000)
  from space 33280K, 98% used [0x00000007bbf00000,0x00000007bdf20000,0x00000007bdf80000)
  to   space 33280K, 0% used [0x00000007bdf80000,0x00000007bdf80000,0x00000007c0000000)
 ParOldGen       total 161280K, used 35463K [0x00000006c1800000, 0x00000006cb580000, 0x00000007b9c00000)
  object space 161280K, 21% used [0x00000006c1800000,0x00000006c3aa1e80,0x00000006cb580000)
 Metaspace       used 2707K, capacity 4486K, committed 4864K, reserved 1056768K
  class space    used 302K, capacity 386K, committed 512K, reserved 1048576K
}
{Heap before GC invocations=563 (full 1):
 PSYoungGen      total 69120K, used 68736K [0x00000007b9c00000, 0x00000007c0000000, 0x00000007c0000000)
  eden space 35840K, 100% used [0x00000007b9c00000,0x00000007bbf00000,0x00000007bbf00000)
  from space 33280K, 98% used [0x00000007bbf00000,0x00000007bdf20000,0x00000007bdf80000)
  to   space 33280K, 0% used [0x00000007bdf80000,0x00000007bdf80000,0x00000007c0000000)
 ParOldGen       total 161280K, used 35463K [0x00000006c1800000, 0x00000006cb580000, 0x00000007b9c00000)
  object space 161280K, 21% used [0x00000006c1800000,0x00000006c3aa1e80,0x00000006cb580000)
 Metaspace       used 2707K, capacity 4486K, committed 4864K, reserved 1056768K
  class space    used 302K, capacity 386K, committed 512K, reserved 1048576K
[GC (Allocation Failure)  104199K->68327K(230400K), 0.0316928 secs]
Heap after GC invocations=563 (full 1):
 PSYoungGen      total 69120K, used 32864K [0x00000007b9c00000, 0x00000007c0000000, 0x00000007c0000000)
  eden space 35840K, 0% used [0x00000007b9c00000,0x00000007b9c00000,0x00000007bbf00000)
  from space 33280K, 98% used [0x00000007bdf80000,0x00000007bff98000,0x00000007c0000000)
  to   space 33280K, 0% used [0x00000007bbf00000,0x00000007bbf00000,0x00000007bdf80000)
 ParOldGen       total 161280K, used 35463K [0x00000006c1800000, 0x00000006cb580000, 0x00000007b9c00000)
  object space 161280K, 21% used [0x00000006c1800000,0x00000006c3aa1e80,0x00000006cb580000)
 Metaspace       used 2707K, capacity 4486K, committed 4864K, reserved 1056768K
  class space    used 302K, capacity 386K, committed 512K, reserved 1048576K
}
{Heap before GC invocations=564 (full 1):
 PSYoungGen      total 69120K, used 68704K [0x00000007b9c00000, 0x00000007c0000000, 0x00000007c0000000)
  eden space 35840K, 100% used [0x00000007b9c00000,0x00000007bbf00000,0x00000007bbf00000)
  from space 33280K, 98% used [0x00000007bdf80000,0x00000007bff98000,0x00000007c0000000)
  to   space 33280K, 0% used [0x00000007bbf00000,0x00000007bbf00000,0x00000007bdf80000)
 ParOldGen       total 161280K, used 35463K [0x00000006c1800000, 0x00000006cb580000, 0x00000007b9c00000)
  object space 161280K, 21% used [0x00000006c1800000,0x00000006c3aa1e80,0x00000006cb580000)
 Metaspace       used 2707K, capacity 4486K, committed 4864K, reserved 1056768K
  class space    used 302K, capacity 386K, committed 512K, reserved 1048576K
[GC (Allocation Failure)  104167K->68359K(230400K), 0.0305370 secs]
Heap after GC invocations=564 (full 1):
 PSYoungGen      total 69120K, used 32896K [0x00000007b9c00000, 0x00000007c0000000, 0x00000007c0000000)
  eden space 35840K, 0% used [0x00000007b9c00000,0x00000007b9c00000,0x00000007bbf00000)
  from space 33280K, 98% used [0x00000007bbf00000,0x00000007bdf20000,0x00000007bdf80000)
  to   space 33280K, 0% used [0x00000007bdf80000,0x00000007bdf80000,0x00000007c0000000)
 ParOldGen       total 161280K, used 35463K [0x00000006c1800000, 0x00000006cb580000, 0x00000007b9c00000)
  object space 161280K, 21% used [0x00000006c1800000,0x00000006c3aa1e80,0x00000006cb580000)
 Metaspace       used 2707K, capacity 4486K, committed 4864K, reserved 1056768K
  class space    used 302K, capacity 386K, committed 512K, reserved 1048576K
}
{Heap before GC invocations=565 (full 1):
 PSYoungGen      total 69120K, used 68736K [0x00000007b9c00000, 0x00000007c0000000, 0x00000007c0000000)
  eden space 35840K, 100% used [0x00000007b9c00000,0x00000007bbf00000,0x00000007bbf00000)
  from space 33280K, 98% used [0x00000007bbf00000,0x00000007bdf20000,0x00000007bdf80000)
  to   space 33280K, 0% used [0x00000007bdf80000,0x00000007bdf80000,0x00000007c0000000)
 ParOldGen       total 161280K, used 35463K [0x00000006c1800000, 0x00000006cb580000, 0x00000007b9c00000)
  object space 161280K, 21% used [0x00000006c1800000,0x00000006c3aa1e80,0x00000006cb580000)
 Metaspace       used 2707K, capacity 4486K, committed 4864K, reserved 1056768K
  class space    used 302K, capacity 386K, committed 512K, reserved 1048576K
[GC (Allocation Failure)  104199K->68359K(230400K), 0.0317246 secs]
Heap after GC invocations=565 (full 1):
 PSYoungGen      total 69120K, used 32896K [0x00000007b9c00000, 0x00000007c0000000, 0x00000007c0000000)
  eden space 35840K, 0% used [0x00000007b9c00000,0x00000007b9c00000,0x00000007bbf00000)
  from space 33280K, 98% used [0x00000007bdf80000,0x00000007bffa0000,0x00000007c0000000)
  to   space 33280K, 0% used [0x00000007bbf00000,0x00000007bbf00000,0x00000007bdf80000)
 ParOldGen       total 161280K, used 35463K [0x00000006c1800000, 0x00000006cb580000, 0x00000007b9c00000)
  object space 161280K, 21% used [0x00000006c1800000,0x00000006c3aa1e80,0x00000006cb580000)
 Metaspace       used 2707K, capacity 4486K, committed 4864K, reserved 1056768K
  class space    used 302K, capacity 386K, committed 512K, reserved 1048576K
}
{Heap before GC invocations=566 (full 1):
 PSYoungGen      total 69120K, used 68736K [0x00000007b9c00000, 0x00000007c0000000, 0x00000007c0000000)
  eden space 35840K, 100% used [0x00000007b9c00000,0x00000007bbf00000,0x00000007bbf00000)
  from space 33280K, 98% used [0x00000007bdf80000,0x00000007bffa0000,0x00000007c0000000)
  to   space 33280K, 0% used [0x00000007bbf00000,0x00000007bbf00000,0x00000007bdf80000)
 ParOldGen       total 161280K, used 35463K [0x00000006c1800000, 0x00000006cb580000, 0x00000007b9c00000)
  object space 161280K, 21% used [0x00000006c1800000,0x00000006c3aa1e80,0x00000006cb580000)
 Metaspace       used 2707K, capacity 4486K, committed 4864K, reserved 1056768K
  class space    used 302K, capacity 386K, committed 512K, reserved 1048576K
[GC (Allocation Failure)  104199K->68391K(230400K), 0.0334174 secs]
Heap after GC invocations=566 (full 1):
 PSYoungGen      total 69120K, used 32928K [0x00000007b9c00000, 0x00000007c0000000, 0x00000007c0000000)
  eden space 35840K, 0% used [0x00000007b9c00000,0x00000007b9c00000,0x00000007bbf00000)
  from space 33280K, 98% used [0x00000007bbf00000,0x00000007bdf28000,0x00000007bdf80000)
  to   space 33280K, 0% used [0x00000007bdf80000,0x00000007bdf80000,0x00000007c0000000)
 ParOldGen       total 161280K, used 35463K [0x00000006c1800000, 0x00000006cb580000, 0x00000007b9c00000)
  object space 161280K, 21% used [0x00000006c1800000,0x00000006c3aa1e80,0x00000006cb580000)
 Metaspace       used 2707K, capacity 4486K, committed 4864K, reserved 1056768K
  class space    used 302K, capacity 386K, committed 512K, reserved 1048576K
}
{Heap before GC invocations=567 (full 1):
 PSYoungGen      total 69120K, used 68768K [0x00000007b9c00000, 0x00000007c0000000, 0x00000007c0000000)
  eden space 35840K, 100% used [0x00000007b9c00000,0x00000007bbf00000,0x00000007bbf00000)
  from space 33280K, 98% used [0x00000007bbf00000,0x00000007bdf28000,0x00000007bdf80000)
  to   space 33280K, 0% used [0x00000007bdf80000,0x00000007bdf80000,0x00000007c0000000)
 ParOldGen       total 161280K, used 35463K [0x00000006c1800000, 0x00000006cb580000, 0x00000007b9c00000)
  object space 161280K, 21% used [0x00000006c1800000,0x00000006c3aa1e80,0x00000006cb580000)
 Metaspace       used 2707K, capacity 4486K, committed 4864K, reserved 1056768K
  class space    used 302K, capacity 386K, committed 512K, reserved 1048576K
[GC (Allocation Failure)  104231K->68359K(230400K), 0.0352459 secs]
Heap after GC invocations=567 (full 1):
 PSYoungGen      total 69120K, used 32896K [0x00000007b9c00000, 0x00000007c0000000, 0x00000007c0000000)
  eden space 35840K, 0% used [0x00000007b9c00000,0x00000007b9c00000,0x00000007bbf00000)
  from space 33280K, 98% used [0x00000007bdf80000,0x00000007bffa0000,0x00000007c0000000)
  to   space 33280K, 0% used [0x00000007bbf00000,0x00000007bbf00000,0x00000007bdf80000)
 ParOldGen       total 161280K, used 35463K [0x00000006c1800000, 0x00000006cb580000, 0x00000007b9c00000)
  object space 161280K, 21% used [0x00000006c1800000,0x00000006c3aa1e80,0x00000006cb580000)
 Metaspace       used 2707K, capacity 4486K, committed 4864K, reserved 1056768K
  class space    used 302K, capacity 386K, committed 512K, reserved 1048576K
}
{Heap before GC invocations=568 (full 1):
 PSYoungGen      total 69120K, used 68736K [0x00000007b9c00000, 0x00000007c0000000, 0x00000007c0000000)
  eden space 35840K, 100% used [0x00000007b9c00000,0x00000007bbf00000,0x00000007bbf00000)
  from space 33280K, 98% used [0x00000007bdf80000,0x00000007bffa0000,0x00000007c0000000)
  to   space 33280K, 0% used [0x00000007bbf00000,0x00000007bbf00000,0x00000007bdf80000)
 ParOldGen       total 161280K, used 35463K [0x00000006c1800000, 0x00000006cb580000, 0x00000007b9c00000)
  object space 161280K, 21% used [0x00000006c1800000,0x00000006c3aa1e80,0x00000006cb580000)
 Metaspace       used 2707K, capacity 4486K, committed 4864K, reserved 1056768K
  class space    used 302K, capacity 386K, committed 512K, reserved 1048576K
[GC (Allocation Failure)  104199K->68359K(230400K), 0.0381641 secs]
Heap after GC invocations=568 (full 1):
 PSYoungGen      total 69120K, used 32896K [0x00000007b9c00000, 0x00000007c0000000, 0x00000007c0000000)
  eden space 35840K, 0% used [0x00000007b9c00000,0x00000007b9c00000,0x00000007bbf00000)
  from space 33280K, 98% used [0x00000007bbf00000,0x00000007bdf20000,0x00000007bdf80000)
  to   space 33280K, 0% used [0x00000007bdf80000,0x00000007bdf80000,0x00000007c0000000)
 ParOldGen       total 161280K, used 35463K [0x00000006c1800000, 0x00000006cb580000, 0x00000007b9c00000)
  object space 161280K, 21% used [0x00000006c1800000,0x00000006c3aa1e80,0x00000006cb580000)
 Metaspace       used 2707K, capacity 4486K, committed 4864K, reserved 1056768K
  class space    used 302K, capacity 386K, committed 512K, reserved 1048576K
}
{Heap before GC invocations=569 (full 1):
 PSYoungGen      total 69120K, used 68736K [0x00000007b9c00000, 0x00000007c0000000, 0x00000007c0000000)
  eden space 35840K, 100% used [0x00000007b9c00000,0x00000007bbf00000,0x00000007bbf00000)
  from space 33280K, 98% used [0x00000007bbf00000,0x00000007bdf20000,0x00000007bdf80000)
  to   space 33280K, 0% used [0x00000007bdf80000,0x00000007bdf80000,0x00000007c0000000)
 ParOldGen       total 161280K, used 35463K [0x00000006c1800000, 0x00000006cb580000, 0x00000007b9c00000)
  object space 161280K, 21% used [0x00000006c1800000,0x00000006c3aa1e80,0x00000006cb580000)
 Metaspace       used 2707K, capacity 4486K, committed 4864K, reserved 1056768K
  class space    used 302K, capacity 386K, committed 512K, reserved 1048576K
[GC (Allocation Failure)  104199K->68359K(230400K), 0.0362587 secs]
Heap after GC invocations=569 (full 1):
 PSYoungGen      total 69120K, used 32896K [0x00000007b9c00000, 0x00000007c0000000, 0x00000007c0000000)
  eden space 35840K, 0% used [0x00000007b9c00000,0x00000007b9c00000,0x00000007bbf00000)
  from space 33280K, 98% used [0x00000007bdf80000,0x00000007bffa0000,0x00000007c0000000)
  to   space 33280K, 0% used [0x00000007bbf00000,0x00000007bbf00000,0x00000007bdf80000)
 ParOldGen       total 161280K, used 35463K [0x00000006c1800000, 0x00000006cb580000, 0x00000007b9c00000)
  object space 161280K, 21% used [0x00000006c1800000,0x00000006c3aa1e80,0x00000006cb580000)
 Metaspace       used 2707K, capacity 4486K, committed 4864K, reserved 1056768K
  class space    used 302K, capacity 386K, committed 512K, reserved 1048576K
}
{Heap before GC invocations=570 (full 1):
 PSYoungGen      total 69120K, used 68736K [0x00000007b9c00000, 0x00000007c0000000, 0x00000007c0000000)
  eden space 35840K, 100% used [0x00000007b9c00000,0x00000007bbf00000,0x00000007bbf00000)
  from space 33280K, 98% used [0x00000007bdf80000,0x00000007bffa0000,0x00000007c0000000)
  to   space 33280K, 0% used [0x00000007bbf00000,0x00000007bbf00000,0x00000007bdf80000)
 ParOldGen       total 161280K, used 35463K [0x00000006c1800000, 0x00000006cb580000, 0x00000007b9c00000)
  object space 161280K, 21% used [0x00000006c1800000,0x00000006c3aa1e80,0x00000006cb580000)
 Metaspace       used 2707K, capacity 4486K, committed 4864K, reserved 1056768K
  class space    used 302K, capacity 386K, committed 512K, reserved 1048576K
[GC (Allocation Failure)  104199K->68359K(230400K), 0.0331790 secs]
Heap after GC invocations=570 (full 1):
 PSYoungGen      total 69120K, used 32896K [0x00000007b9c00000, 0x00000007c0000000, 0x00000007c0000000)
  eden space 35840K, 0% used [0x00000007b9c00000,0x00000007b9c00000,0x00000007bbf00000)
  from space 33280K, 98% used [0x00000007bbf00000,0x00000007bdf20000,0x00000007bdf80000)
  to   space 33280K, 0% used [0x00000007bdf80000,0x00000007bdf80000,0x00000007c0000000)
 ParOldGen       total 161280K, used 35463K [0x00000006c1800000, 0x00000006cb580000, 0x00000007b9c00000)
  object space 161280K, 21% used [0x00000006c1800000,0x00000006c3aa1e80,0x00000006cb580000)
 Metaspace       used 2707K, capacity 4486K, committed 4864K, reserved 1056768K
  class space    used 302K, capacity 386K, committed 512K, reserved 1048576K
}
{Heap before GC invocations=571 (full 1):
 PSYoungGen      total 69120K, used 68736K [0x00000007b9c00000, 0x00000007c0000000, 0x00000007c0000000)
  eden space 35840K, 100% used [0x00000007b9c00000,0x00000007bbf00000,0x00000007bbf00000)
  from space 33280K, 98% used [0x00000007bbf00000,0x00000007bdf20000,0x00000007bdf80000)
  to   space 33280K, 0% used [0x00000007bdf80000,0x00000007bdf80000,0x00000007c0000000)
 ParOldGen       total 161280K, used 35463K [0x00000006c1800000, 0x00000006cb580000, 0x00000007b9c00000)
  object space 161280K, 21% used [0x00000006c1800000,0x00000006c3aa1e80,0x00000006cb580000)
 Metaspace       used 2707K, capacity 4486K, committed 4864K, reserved 1056768K
  class space    used 302K, capacity 386K, committed 512K, reserved 1048576K
[GC (Allocation Failure)  104199K->68391K(230400K), 0.0323712 secs]
Heap after GC invocations=571 (full 1):
 PSYoungGen      total 69120K, used 32928K [0x00000007b9c00000, 0x00000007c0000000, 0x00000007c0000000)
  eden space 35840K, 0% used [0x00000007b9c00000,0x00000007b9c00000,0x00000007bbf00000)
  from space 33280K, 98% used [0x00000007bdf80000,0x00000007bffa8000,0x00000007c0000000)
  to   space 33280K, 0% used [0x00000007bbf00000,0x00000007bbf00000,0x00000007bdf80000)
 ParOldGen       total 161280K, used 35463K [0x00000006c1800000, 0x00000006cb580000, 0x00000007b9c00000)
  object space 161280K, 21% used [0x00000006c1800000,0x00000006c3aa1e80,0x00000006cb580000)
 Metaspace       used 2707K, capacity 4486K, committed 4864K, reserved 1056768K
  class space    used 302K, capacity 386K, committed 512K, reserved 1048576K
}
{Heap before GC invocations=572 (full 1):
 PSYoungGen      total 69120K, used 68768K [0x00000007b9c00000, 0x00000007c0000000, 0x00000007c0000000)
  eden space 35840K, 100% used [0x00000007b9c00000,0x00000007bbf00000,0x00000007bbf00000)
  from space 33280K, 98% used [0x00000007bdf80000,0x00000007bffa8000,0x00000007c0000000)
  to   space 33280K, 0% used [0x00000007bbf00000,0x00000007bbf00000,0x00000007bdf80000)
 ParOldGen       total 161280K, used 35463K [0x00000006c1800000, 0x00000006cb580000, 0x00000007b9c00000)
  object space 161280K, 21% used [0x00000006c1800000,0x00000006c3aa1e80,0x00000006cb580000)
 Metaspace       used 2707K, capacity 4486K, committed 4864K, reserved 1056768K
  class space    used 302K, capacity 386K, committed 512K, reserved 1048576K
[GC (Allocation Failure)  104231K->68359K(230400K), 0.0310555 secs]
Heap after GC invocations=572 (full 1):
 PSYoungGen      total 69120K, used 32896K [0x00000007b9c00000, 0x00000007c0000000, 0x00000007c0000000)
  eden space 35840K, 0% used [0x00000007b9c00000,0x00000007b9c00000,0x00000007bbf00000)
  from space 33280K, 98% used [0x00000007bbf00000,0x00000007bdf20000,0x00000007bdf80000)
  to   space 33280K, 0% used [0x00000007bdf80000,0x00000007bdf80000,0x00000007c0000000)
 ParOldGen       total 161280K, used 35463K [0x00000006c1800000, 0x00000006cb580000, 0x00000007b9c00000)
  object space 161280K, 21% used [0x00000006c1800000,0x00000006c3aa1e80,0x00000006cb580000)
 Metaspace       used 2707K, capacity 4486K, committed 4864K, reserved 1056768K
  class space    used 302K, capacity 386K, committed 512K, reserved 1048576K
}
{Heap before GC invocations=573 (full 1):
 PSYoungGen      total 69120K, used 68736K [0x00000007b9c00000, 0x00000007c0000000, 0x00000007c0000000)
  eden space 35840K, 100% used [0x00000007b9c00000,0x00000007bbf00000,0x00000007bbf00000)
  from space 33280K, 98% used [0x00000007bbf00000,0x00000007bdf20000,0x00000007bdf80000)
  to   space 33280K, 0% used [0x00000007bdf80000,0x00000007bdf80000,0x00000007c0000000)
 ParOldGen       total 161280K, used 35463K [0x00000006c1800000, 0x00000006cb580000, 0x00000007b9c00000)
  object space 161280K, 21% used [0x00000006c1800000,0x00000006c3aa1e80,0x00000006cb580000)
 Metaspace       used 2707K, capacity 4486K, committed 4864K, reserved 1056768K
  class space    used 302K, capacity 386K, committed 512K, reserved 1048576K
[GC (Allocation Failure)  104199K->68359K(230400K), 0.0314393 secs]
Heap after GC invocations=573 (full 1):
 PSYoungGen      total 69120K, used 32896K [0x00000007b9c00000, 0x00000007c0000000, 0x00000007c0000000)
  eden space 35840K, 0% used [0x00000007b9c00000,0x00000007b9c00000,0x00000007bbf00000)
  from space 33280K, 98% used [0x00000007bdf80000,0x00000007bffa0000,0x00000007c0000000)
  to   space 33280K, 0% used [0x00000007bbf00000,0x00000007bbf00000,0x00000007bdf80000)
 ParOldGen       total 161280K, used 35463K [0x00000006c1800000, 0x00000006cb580000, 0x00000007b9c00000)
  object space 161280K, 21% used [0x00000006c1800000,0x00000006c3aa1e80,0x00000006cb580000)
 Metaspace       used 2707K, capacity 4486K, committed 4864K, reserved 1056768K
  class space    used 302K, capacity 386K, committed 512K, reserved 1048576K
}
{Heap before GC invocations=574 (full 1):
 PSYoungGen      total 69120K, used 68736K [0x00000007b9c00000, 0x00000007c0000000, 0x00000007c0000000)
  eden space 35840K, 100% used [0x00000007b9c00000,0x00000007bbf00000,0x00000007bbf00000)
  from space 33280K, 98% used [0x00000007bdf80000,0x00000007bffa0000,0x00000007c0000000)
  to   space 33280K, 0% used [0x00000007bbf00000,0x00000007bbf00000,0x00000007bdf80000)
 ParOldGen       total 161280K, used 35463K [0x00000006c1800000, 0x00000006cb580000, 0x00000007b9c00000)
  object space 161280K, 21% used [0x00000006c1800000,0x00000006c3aa1e80,0x00000006cb580000)
 Metaspace       used 2707K, capacity 4486K, committed 4864K, reserved 1056768K
  class space    used 302K, capacity 386K, committed 512K, reserved 1048576K
[GC (Allocation Failure)  104199K->68359K(230400K), 0.0313344 secs]
Heap after GC invocations=574 (full 1):
 PSYoungGen      total 69120K, used 32896K [0x00000007b9c00000, 0x00000007c0000000, 0x00000007c0000000)
  eden space 35840K, 0% used [0x00000007b9c00000,0x00000007b9c00000,0x00000007bbf00000)
  from space 33280K, 98% used [0x00000007bbf00000,0x00000007bdf20000,0x00000007bdf80000)
  to   space 33280K, 0% used [0x00000007bdf80000,0x00000007bdf80000,0x00000007c0000000)
 ParOldGen       total 161280K, used 35463K [0x00000006c1800000, 0x00000006cb580000, 0x00000007b9c00000)
  object space 161280K, 21% used [0x00000006c1800000,0x00000006c3aa1e80,0x00000006cb580000)
 Metaspace       used 2707K, capacity 4486K, committed 4864K, reserved 1056768K
  class space    used 302K, capacity 386K, committed 512K, reserved 1048576K
}
{Heap before GC invocations=575 (full 1):
 PSYoungGen      total 69120K, used 68736K [0x00000007b9c00000, 0x00000007c0000000, 0x00000007c0000000)
  eden space 35840K, 100% used [0x00000007b9c00000,0x00000007bbf00000,0x00000007bbf00000)
  from space 33280K, 98% used [0x00000007bbf00000,0x00000007bdf20000,0x00000007bdf80000)
  to   space 33280K, 0% used [0x00000007bdf80000,0x00000007bdf80000,0x00000007c0000000)
 ParOldGen       total 161280K, used 35463K [0x00000006c1800000, 0x00000006cb580000, 0x00000007b9c00000)
  object space 161280K, 21% used [0x00000006c1800000,0x00000006c3aa1e80,0x00000006cb580000)
 Metaspace       used 2707K, capacity 4486K, committed 4864K, reserved 1056768K
  class space    used 302K, capacity 386K, committed 512K, reserved 1048576K
[GC (Allocation Failure)  104199K->68359K(230400K), 0.0327320 secs]
Heap after GC invocations=575 (full 1):
 PSYoungGen      total 69120K, used 32896K [0x00000007b9c00000, 0x00000007c0000000, 0x00000007c0000000)
  eden space 35840K, 0% used [0x00000007b9c00000,0x00000007b9c00000,0x00000007bbf00000)
  from space 33280K, 98% used [0x00000007bdf80000,0x00000007bffa0000,0x00000007c0000000)
  to   space 33280K, 0% used [0x00000007bbf00000,0x00000007bbf00000,0x00000007bdf80000)
 ParOldGen       total 161280K, used 35463K [0x00000006c1800000, 0x00000006cb580000, 0x00000007b9c00000)
  object space 161280K, 21% used [0x00000006c1800000,0x00000006c3aa1e80,0x00000006cb580000)
 Metaspace       used 2707K, capacity 4486K, committed 4864K, reserved 1056768K
  class space    used 302K, capacity 386K, committed 512K, reserved 1048576K
}
{Heap before GC invocations=576 (full 1):
 PSYoungGen      total 69120K, used 68736K [0x00000007b9c00000, 0x00000007c0000000, 0x00000007c0000000)
  eden space 35840K, 100% used [0x00000007b9c00000,0x00000007bbf00000,0x00000007bbf00000)
  from space 33280K, 98% used [0x00000007bdf80000,0x00000007bffa0000,0x00000007c0000000)
  to   space 33280K, 0% used [0x00000007bbf00000,0x00000007bbf00000,0x00000007bdf80000)
 ParOldGen       total 161280K, used 35463K [0x00000006c1800000, 0x00000006cb580000, 0x00000007b9c00000)
  object space 161280K, 21% used [0x00000006c1800000,0x00000006c3aa1e80,0x00000006cb580000)
 Metaspace       used 2707K, capacity 4486K, committed 4864K, reserved 1056768K
  class space    used 302K, capacity 386K, committed 512K, reserved 1048576K
[GC (Allocation Failure)  104199K->68359K(230400K), 0.0326805 secs]
Heap after GC invocations=576 (full 1):
 PSYoungGen      total 69120K, used 32896K [0x00000007b9c00000, 0x00000007c0000000, 0x00000007c0000000)
  eden space 35840K, 0% used [0x00000007b9c00000,0x00000007b9c00000,0x00000007bbf00000)
  from space 33280K, 98% used [0x00000007bbf00000,0x00000007bdf20000,0x00000007bdf80000)
  to   space 33280K, 0% used [0x00000007bdf80000,0x00000007bdf80000,0x00000007c0000000)
 ParOldGen       total 161280K, used 35463K [0x00000006c1800000, 0x00000006cb580000, 0x00000007b9c00000)
  object space 161280K, 21% used [0x00000006c1800000,0x00000006c3aa1e80,0x00000006cb580000)
 Metaspace       used 2707K, capacity 4486K, committed 4864K, reserved 1056768K
  class space    used 302K, capacity 386K, committed 512K, reserved 1048576K
}
{Heap before GC invocations=577 (full 1):
 PSYoungGen      total 69120K, used 68736K [0x00000007b9c00000, 0x00000007c0000000, 0x00000007c0000000)
  eden space 35840K, 100% used [0x00000007b9c00000,0x00000007bbf00000,0x00000007bbf00000)
  from space 33280K, 98% used [0x00000007bbf00000,0x00000007bdf20000,0x00000007bdf80000)
  to   space 33280K, 0% used [0x00000007bdf80000,0x00000007bdf80000,0x00000007c0000000)
 ParOldGen       total 161280K, used 35463K [0x00000006c1800000, 0x00000006cb580000, 0x00000007b9c00000)
  object space 161280K, 21% used [0x00000006c1800000,0x00000006c3aa1e80,0x00000006cb580000)
 Metaspace       used 2707K, capacity 4486K, committed 4864K, reserved 1056768K
  class space    used 302K, capacity 386K, committed 512K, reserved 1048576K
[GC (Allocation Failure)  104199K->68359K(230400K), 0.0316596 secs]
Heap after GC invocations=577 (full 1):
 PSYoungGen      total 69120K, used 32896K [0x00000007b9c00000, 0x00000007c0000000, 0x00000007c0000000)
  eden space 35840K, 0% used [0x00000007b9c00000,0x00000007b9c00000,0x00000007bbf00000)
  from space 33280K, 98% used [0x00000007bdf80000,0x00000007bffa0000,0x00000007c0000000)
  to   space 33280K, 0% used [0x00000007bbf00000,0x00000007bbf00000,0x00000007bdf80000)
 ParOldGen       total 161280K, used 35463K [0x00000006c1800000, 0x00000006cb580000, 0x00000007b9c00000)
  object space 161280K, 21% used [0x00000006c1800000,0x00000006c3aa1e80,0x00000006cb580000)
 Metaspace       used 2707K, capacity 4486K, committed 4864K, reserved 1056768K
  class space    used 302K, capacity 386K, committed 512K, reserved 1048576K
}
{Heap before GC invocations=578 (full 1):
 PSYoungGen      total 69120K, used 68736K [0x00000007b9c00000, 0x00000007c0000000, 0x00000007c0000000)
  eden space 35840K, 100% used [0x00000007b9c00000,0x00000007bbf00000,0x00000007bbf00000)
  from space 33280K, 98% used [0x00000007bdf80000,0x00000007bffa0000,0x00000007c0000000)
  to   space 33280K, 0% used [0x00000007bbf00000,0x00000007bbf00000,0x00000007bdf80000)
 ParOldGen       total 161280K, used 35463K [0x00000006c1800000, 0x00000006cb580000, 0x00000007b9c00000)
  object space 161280K, 21% used [0x00000006c1800000,0x00000006c3aa1e80,0x00000006cb580000)
 Metaspace       used 2707K, capacity 4486K, committed 4864K, reserved 1056768K
  class space    used 302K, capacity 386K, committed 512K, reserved 1048576K
[GC (Allocation Failure)  104199K->68359K(230400K), 0.0333227 secs]
Heap after GC invocations=578 (full 1):
 PSYoungGen      total 69120K, used 32896K [0x00000007b9c00000, 0x00000007c0000000, 0x00000007c0000000)
  eden space 35840K, 0% used [0x00000007b9c00000,0x00000007b9c00000,0x00000007bbf00000)
  from space 33280K, 98% used [0x00000007bbf00000,0x00000007bdf20000,0x00000007bdf80000)
  to   space 33280K, 0% used [0x00000007bdf80000,0x00000007bdf80000,0x00000007c0000000)
 ParOldGen       total 161280K, used 35463K [0x00000006c1800000, 0x00000006cb580000, 0x00000007b9c00000)
  object space 161280K, 21% used [0x00000006c1800000,0x00000006c3aa1e80,0x00000006cb580000)
 Metaspace       used 2707K, capacity 4486K, committed 4864K, reserved 1056768K
  class space    used 302K, capacity 386K, committed 512K, reserved 1048576K
}
{Heap before GC invocations=579 (full 1):
 PSYoungGen      total 69120K, used 68736K [0x00000007b9c00000, 0x00000007c0000000, 0x00000007c0000000)
  eden space 35840K, 100% used [0x00000007b9c00000,0x00000007bbf00000,0x00000007bbf00000)
  from space 33280K, 98% used [0x00000007bbf00000,0x00000007bdf20000,0x00000007bdf80000)
  to   space 33280K, 0% used [0x00000007bdf80000,0x00000007bdf80000,0x00000007c0000000)
 ParOldGen       total 161280K, used 35463K [0x00000006c1800000, 0x00000006cb580000, 0x00000007b9c00000)
  object space 161280K, 21% used [0x00000006c1800000,0x00000006c3aa1e80,0x00000006cb580000)
 Metaspace       used 2707K, capacity 4486K, committed 4864K, reserved 1056768K
  class space    used 302K, capacity 386K, committed 512K, reserved 1048576K
[GC (Allocation Failure)  104199K->68359K(230400K), 0.0328213 secs]
Heap after GC invocations=579 (full 1):
 PSYoungGen      total 69120K, used 32896K [0x00000007b9c00000, 0x00000007c0000000, 0x00000007c0000000)
  eden space 35840K, 0% used [0x00000007b9c00000,0x00000007b9c00000,0x00000007bbf00000)
  from space 33280K, 98% used [0x00000007bdf80000,0x00000007bffa0000,0x00000007c0000000)
  to   space 33280K, 0% used [0x00000007bbf00000,0x00000007bbf00000,0x00000007bdf80000)
 ParOldGen       total 161280K, used 35463K [0x00000006c1800000, 0x00000006cb580000, 0x00000007b9c00000)
  object space 161280K, 21% used [0x00000006c1800000,0x00000006c3aa1e80,0x00000006cb580000)
 Metaspace       used 2707K, capacity 4486K, committed 4864K, reserved 1056768K
  class space    used 302K, capacity 386K, committed 512K, reserved 1048576K
}
{Heap before GC invocations=580 (full 1):
 PSYoungGen      total 69120K, used 68736K [0x00000007b9c00000, 0x00000007c0000000, 0x00000007c0000000)
  eden space 35840K, 100% used [0x00000007b9c00000,0x00000007bbf00000,0x00000007bbf00000)
  from space 33280K, 98% used [0x00000007bdf80000,0x00000007bffa0000,0x00000007c0000000)
  to   space 33280K, 0% used [0x00000007bbf00000,0x00000007bbf00000,0x00000007bdf80000)
 ParOldGen       total 161280K, used 35463K [0x00000006c1800000, 0x00000006cb580000, 0x00000007b9c00000)
  object space 161280K, 21% used [0x00000006c1800000,0x00000006c3aa1e80,0x00000006cb580000)
 Metaspace       used 2707K, capacity 4486K, committed 4864K, reserved 1056768K
  class space    used 302K, capacity 386K, committed 512K, reserved 1048576K
[GC (Allocation Failure)  104199K->68359K(230400K), 0.0328614 secs]
Heap after GC invocations=580 (full 1):
 PSYoungGen      total 69120K, used 32896K [0x00000007b9c00000, 0x00000007c0000000, 0x00000007c0000000)
  eden space 35840K, 0% used [0x00000007b9c00000,0x00000007b9c00000,0x00000007bbf00000)
  from space 33280K, 98% used [0x00000007bbf00000,0x00000007bdf20000,0x00000007bdf80000)
  to   space 33280K, 0% used [0x00000007bdf80000,0x00000007bdf80000,0x00000007c0000000)
 ParOldGen       total 161280K, used 35463K [0x00000006c1800000, 0x00000006cb580000, 0x00000007b9c00000)
  object space 161280K, 21% used [0x00000006c1800000,0x00000006c3aa1e80,0x00000006cb580000)
 Metaspace       used 2707K, capacity 4486K, committed 4864K, reserved 1056768K
  class space    used 302K, capacity 386K, committed 512K, reserved 1048576K
}
{Heap before GC invocations=581 (full 1):
 PSYoungGen      total 69120K, used 68736K [0x00000007b9c00000, 0x00000007c0000000, 0x00000007c0000000)
  eden space 35840K, 100% used [0x00000007b9c00000,0x00000007bbf00000,0x00000007bbf00000)
  from space 33280K, 98% used [0x00000007bbf00000,0x00000007bdf20000,0x00000007bdf80000)
  to   space 33280K, 0% used [0x00000007bdf80000,0x00000007bdf80000,0x00000007c0000000)
 ParOldGen       total 161280K, used 35463K [0x00000006c1800000, 0x00000006cb580000, 0x00000007b9c00000)
  object space 161280K, 21% used [0x00000006c1800000,0x00000006c3aa1e80,0x00000006cb580000)
 Metaspace       used 2707K, capacity 4486K, committed 4864K, reserved 1056768K
  class space    used 302K, capacity 386K, committed 512K, reserved 1048576K
[GC (Allocation Failure)  104199K->68359K(230400K), 0.0325328 secs]
Heap after GC invocations=581 (full 1):
 PSYoungGen      total 69120K, used 32896K [0x00000007b9c00000, 0x00000007c0000000, 0x00000007c0000000)
  eden space 35840K, 0% used [0x00000007b9c00000,0x00000007b9c00000,0x00000007bbf00000)
  from space 33280K, 98% used [0x00000007bdf80000,0x00000007bffa0000,0x00000007c0000000)
  to   space 33280K, 0% used [0x00000007bbf00000,0x00000007bbf00000,0x00000007bdf80000)
 ParOldGen       total 161280K, used 35463K [0x00000006c1800000, 0x00000006cb580000, 0x00000007b9c00000)
  object space 161280K, 21% used [0x00000006c1800000,0x00000006c3aa1e80,0x00000006cb580000)
 Metaspace       used 2707K, capacity 4486K, committed 4864K, reserved 1056768K
  class space    used 302K, capacity 386K, committed 512K, reserved 1048576K
}
{Heap before GC invocations=582 (full 1):
 PSYoungGen      total 69120K, used 68736K [0x00000007b9c00000, 0x00000007c0000000, 0x00000007c0000000)
  eden space 35840K, 100% used [0x00000007b9c00000,0x00000007bbf00000,0x00000007bbf00000)
  from space 33280K, 98% used [0x00000007bdf80000,0x00000007bffa0000,0x00000007c0000000)
  to   space 33280K, 0% used [0x00000007bbf00000,0x00000007bbf00000,0x00000007bdf80000)
 ParOldGen       total 161280K, used 35463K [0x00000006c1800000, 0x00000006cb580000, 0x00000007b9c00000)
  object space 161280K, 21% used [0x00000006c1800000,0x00000006c3aa1e80,0x00000006cb580000)
 Metaspace       used 2707K, capacity 4486K, committed 4864K, reserved 1056768K
  class space    used 302K, capacity 386K, committed 512K, reserved 1048576K
[GC (Allocation Failure)  104199K->68391K(230400K), 0.0336067 secs]
Heap after GC invocations=582 (full 1):
 PSYoungGen      total 69120K, used 32928K [0x00000007b9c00000, 0x00000007c0000000, 0x00000007c0000000)
  eden space 35840K, 0% used [0x00000007b9c00000,0x00000007b9c00000,0x00000007bbf00000)
  from space 33280K, 98% used [0x00000007bbf00000,0x00000007bdf28000,0x00000007bdf80000)
  to   space 33280K, 0% used [0x00000007bdf80000,0x00000007bdf80000,0x00000007c0000000)
 ParOldGen       total 161280K, used 35463K [0x00000006c1800000, 0x00000006cb580000, 0x00000007b9c00000)
  object space 161280K, 21% used [0x00000006c1800000,0x00000006c3aa1e80,0x00000006cb580000)
 Metaspace       used 2707K, capacity 4486K, committed 4864K, reserved 1056768K
  class space    used 302K, capacity 386K, committed 512K, reserved 1048576K
}
{Heap before GC invocations=583 (full 1):
 PSYoungGen      total 69120K, used 68768K [0x00000007b9c00000, 0x00000007c0000000, 0x00000007c0000000)
  eden space 35840K, 100% used [0x00000007b9c00000,0x00000007bbf00000,0x00000007bbf00000)
  from space 33280K, 98% used [0x00000007bbf00000,0x00000007bdf28000,0x00000007bdf80000)
  to   space 33280K, 0% used [0x00000007bdf80000,0x00000007bdf80000,0x00000007c0000000)
 ParOldGen       total 161280K, used 35463K [0x00000006c1800000, 0x00000006cb580000, 0x00000007b9c00000)
  object space 161280K, 21% used [0x00000006c1800000,0x00000006c3aa1e80,0x00000006cb580000)
 Metaspace       used 2707K, capacity 4486K, committed 4864K, reserved 1056768K
  class space    used 302K, capacity 386K, committed 512K, reserved 1048576K
[GC (Allocation Failure)  104231K->68359K(230400K), 0.0321139 secs]
Heap after GC invocations=583 (full 1):
 PSYoungGen      total 69120K, used 32896K [0x00000007b9c00000, 0x00000007c0000000, 0x00000007c0000000)
  eden space 35840K, 0% used [0x00000007b9c00000,0x00000007b9c00000,0x00000007bbf00000)
  from space 33280K, 98% used [0x00000007bdf80000,0x00000007bffa0000,0x00000007c0000000)
  to   space 33280K, 0% used [0x00000007bbf00000,0x00000007bbf00000,0x00000007bdf80000)
 ParOldGen       total 161280K, used 35463K [0x00000006c1800000, 0x00000006cb580000, 0x00000007b9c00000)
  object space 161280K, 21% used [0x00000006c1800000,0x00000006c3aa1e80,0x00000006cb580000)
 Metaspace       used 2707K, capacity 4486K, committed 4864K, reserved 1056768K
  class space    used 302K, capacity 386K, committed 512K, reserved 1048576K
}
{Heap before GC invocations=584 (full 1):
 PSYoungGen      total 69120K, used 68736K [0x00000007b9c00000, 0x00000007c0000000, 0x00000007c0000000)
  eden space 35840K, 100% used [0x00000007b9c00000,0x00000007bbf00000,0x00000007bbf00000)
  from space 33280K, 98% used [0x00000007bdf80000,0x00000007bffa0000,0x00000007c0000000)
  to   space 33280K, 0% used [0x00000007bbf00000,0x00000007bbf00000,0x00000007bdf80000)
 ParOldGen       total 161280K, used 35463K [0x00000006c1800000, 0x00000006cb580000, 0x00000007b9c00000)
  object space 161280K, 21% used [0x00000006c1800000,0x00000006c3aa1e80,0x00000006cb580000)
 Metaspace       used 2707K, capacity 4486K, committed 4864K, reserved 1056768K
  class space    used 302K, capacity 386K, committed 512K, reserved 1048576K
[GC (Allocation Failure)  104199K->68359K(230400K), 0.0303698 secs]
Heap after GC invocations=584 (full 1):
 PSYoungGen      total 69120K, used 32896K [0x00000007b9c00000, 0x00000007c0000000, 0x00000007c0000000)
  eden space 35840K, 0% used [0x00000007b9c00000,0x00000007b9c00000,0x00000007bbf00000)
  from space 33280K, 98% used [0x00000007bbf00000,0x00000007bdf20000,0x00000007bdf80000)
  to   space 33280K, 0% used [0x00000007bdf80000,0x00000007bdf80000,0x00000007c0000000)
 ParOldGen       total 161280K, used 35463K [0x00000006c1800000, 0x00000006cb580000, 0x00000007b9c00000)
  object space 161280K, 21% used [0x00000006c1800000,0x00000006c3aa1e80,0x00000006cb580000)
 Metaspace       used 2707K, capacity 4486K, committed 4864K, reserved 1056768K
  class space    used 302K, capacity 386K, committed 512K, reserved 1048576K
}
{Heap before GC invocations=585 (full 1):
 PSYoungGen      total 69120K, used 68736K [0x00000007b9c00000, 0x00000007c0000000, 0x00000007c0000000)
  eden space 35840K, 100% used [0x00000007b9c00000,0x00000007bbf00000,0x00000007bbf00000)
  from space 33280K, 98% used [0x00000007bbf00000,0x00000007bdf20000,0x00000007bdf80000)
  to   space 33280K, 0% used [0x00000007bdf80000,0x00000007bdf80000,0x00000007c0000000)
 ParOldGen       total 161280K, used 35463K [0x00000006c1800000, 0x00000006cb580000, 0x00000007b9c00000)
  object space 161280K, 21% used [0x00000006c1800000,0x00000006c3aa1e80,0x00000006cb580000)
 Metaspace       used 2707K, capacity 4486K, committed 4864K, reserved 1056768K
  class space    used 302K, capacity 386K, committed 512K, reserved 1048576K
[GC (Allocation Failure)  104199K->68359K(230400K), 0.0312075 secs]
Heap after GC invocations=585 (full 1):
 PSYoungGen      total 69120K, used 32896K [0x00000007b9c00000, 0x00000007c0000000, 0x00000007c0000000)
  eden space 35840K, 0% used [0x00000007b9c00000,0x00000007b9c00000,0x00000007bbf00000)
  from space 33280K, 98% used [0x00000007bdf80000,0x00000007bffa0000,0x00000007c0000000)
  to   space 33280K, 0% used [0x00000007bbf00000,0x00000007bbf00000,0x00000007bdf80000)
 ParOldGen       total 161280K, used 35463K [0x00000006c1800000, 0x00000006cb580000, 0x00000007b9c00000)
  object space 161280K, 21% used [0x00000006c1800000,0x00000006c3aa1e80,0x00000006cb580000)
 Metaspace       used 2707K, capacity 4486K, committed 4864K, reserved 1056768K
  class space    used 302K, capacity 386K, committed 512K, reserved 1048576K
}
{Heap before GC invocations=586 (full 1):
 PSYoungGen      total 69120K, used 68736K [0x00000007b9c00000, 0x00000007c0000000, 0x00000007c0000000)
  eden space 35840K, 100% used [0x00000007b9c00000,0x00000007bbf00000,0x00000007bbf00000)
  from space 33280K, 98% used [0x00000007bdf80000,0x00000007bffa0000,0x00000007c0000000)
  to   space 33280K, 0% used [0x00000007bbf00000,0x00000007bbf00000,0x00000007bdf80000)
 ParOldGen       total 161280K, used 35463K [0x00000006c1800000, 0x00000006cb580000, 0x00000007b9c00000)
  object space 161280K, 21% used [0x00000006c1800000,0x00000006c3aa1e80,0x00000006cb580000)
 Metaspace       used 2707K, capacity 4486K, committed 4864K, reserved 1056768K
  class space    used 302K, capacity 386K, committed 512K, reserved 1048576K
[GC (Allocation Failure)  104199K->68359K(230400K), 0.0312392 secs]
Heap after GC invocations=586 (full 1):
 PSYoungGen      total 69120K, used 32896K [0x00000007b9c00000, 0x00000007c0000000, 0x00000007c0000000)
  eden space 35840K, 0% used [0x00000007b9c00000,0x00000007b9c00000,0x00000007bbf00000)
  from space 33280K, 98% used [0x00000007bbf00000,0x00000007bdf20000,0x00000007bdf80000)
  to   space 33280K, 0% used [0x00000007bdf80000,0x00000007bdf80000,0x00000007c0000000)
 ParOldGen       total 161280K, used 35463K [0x00000006c1800000, 0x00000006cb580000, 0x00000007b9c00000)
  object space 161280K, 21% used [0x00000006c1800000,0x00000006c3aa1e80,0x00000006cb580000)
 Metaspace       used 2707K, capacity 4486K, committed 4864K, reserved 1056768K
  class space    used 302K, capacity 386K, committed 512K, reserved 1048576K
}
{Heap before GC invocations=587 (full 1):
 PSYoungGen      total 69120K, used 68736K [0x00000007b9c00000, 0x00000007c0000000, 0x00000007c0000000)
  eden space 35840K, 100% used [0x00000007b9c00000,0x00000007bbf00000,0x00000007bbf00000)
  from space 33280K, 98% used [0x00000007bbf00000,0x00000007bdf20000,0x00000007bdf80000)
  to   space 33280K, 0% used [0x00000007bdf80000,0x00000007bdf80000,0x00000007c0000000)
 ParOldGen       total 161280K, used 35463K [0x00000006c1800000, 0x00000006cb580000, 0x00000007b9c00000)
  object space 161280K, 21% used [0x00000006c1800000,0x00000006c3aa1e80,0x00000006cb580000)
 Metaspace       used 2707K, capacity 4486K, committed 4864K, reserved 1056768K
  class space    used 302K, capacity 386K, committed 512K, reserved 1048576K
[GC (Allocation Failure)  104199K->68391K(230400K), 0.0325955 secs]
Heap after GC invocations=587 (full 1):
 PSYoungGen      total 69120K, used 32928K [0x00000007b9c00000, 0x00000007c0000000, 0x00000007c0000000)
  eden space 35840K, 0% used [0x00000007b9c00000,0x00000007b9c00000,0x00000007bbf00000)
  from space 33280K, 98% used [0x00000007bdf80000,0x00000007bffa8000,0x00000007c0000000)
  to   space 33280K, 0% used [0x00000007bbf00000,0x00000007bbf00000,0x00000007bdf80000)
 ParOldGen       total 161280K, used 35463K [0x00000006c1800000, 0x00000006cb580000, 0x00000007b9c00000)
  object space 161280K, 21% used [0x00000006c1800000,0x00000006c3aa1e80,0x00000006cb580000)
 Metaspace       used 2707K, capacity 4486K, committed 4864K, reserved 1056768K
  class space    used 302K, capacity 386K, committed 512K, reserved 1048576K
}
{Heap before GC invocations=588 (full 1):
 PSYoungGen      total 69120K, used 68768K [0x00000007b9c00000, 0x00000007c0000000, 0x00000007c0000000)
  eden space 35840K, 100% used [0x00000007b9c00000,0x00000007bbf00000,0x00000007bbf00000)
  from space 33280K, 98% used [0x00000007bdf80000,0x00000007bffa8000,0x00000007c0000000)
  to   space 33280K, 0% used [0x00000007bbf00000,0x00000007bbf00000,0x00000007bdf80000)
 ParOldGen       total 161280K, used 35463K [0x00000006c1800000, 0x00000006cb580000, 0x00000007b9c00000)
  object space 161280K, 21% used [0x00000006c1800000,0x00000006c3aa1e80,0x00000006cb580000)
 Metaspace       used 2707K, capacity 4486K, committed 4864K, reserved 1056768K
  class space    used 302K, capacity 386K, committed 512K, reserved 1048576K
[GC (Allocation Failure)  104231K->68359K(230400K), 0.0322698 secs]
Heap after GC invocations=588 (full 1):
 PSYoungGen      total 69120K, used 32896K [0x00000007b9c00000, 0x00000007c0000000, 0x00000007c0000000)
  eden space 35840K, 0% used [0x00000007b9c00000,0x00000007b9c00000,0x00000007bbf00000)
  from space 33280K, 98% used [0x00000007bbf00000,0x00000007bdf20000,0x00000007bdf80000)
  to   space 33280K, 0% used [0x00000007bdf80000,0x00000007bdf80000,0x00000007c0000000)
 ParOldGen       total 161280K, used 35463K [0x00000006c1800000, 0x00000006cb580000, 0x00000007b9c00000)
  object space 161280K, 21% used [0x00000006c1800000,0x00000006c3aa1e80,0x00000006cb580000)
 Metaspace       used 2707K, capacity 4486K, committed 4864K, reserved 1056768K
  class space    used 302K, capacity 386K, committed 512K, reserved 1048576K
}
{Heap before GC invocations=589 (full 1):
 PSYoungGen      total 69120K, used 68736K [0x00000007b9c00000, 0x00000007c0000000, 0x00000007c0000000)
  eden space 35840K, 100% used [0x00000007b9c00000,0x00000007bbf00000,0x00000007bbf00000)
  from space 33280K, 98% used [0x00000007bbf00000,0x00000007bdf20000,0x00000007bdf80000)
  to   space 33280K, 0% used [0x00000007bdf80000,0x00000007bdf80000,0x00000007c0000000)
 ParOldGen       total 161280K, used 35463K [0x00000006c1800000, 0x00000006cb580000, 0x00000007b9c00000)
  object space 161280K, 21% used [0x00000006c1800000,0x00000006c3aa1e80,0x00000006cb580000)
 Metaspace       used 2707K, capacity 4486K, committed 4864K, reserved 1056768K
  class space    used 302K, capacity 386K, committed 512K, reserved 1048576K
[GC (Allocation Failure)  104199K->68359K(230400K), 0.0322345 secs]
Heap after GC invocations=589 (full 1):
 PSYoungGen      total 69120K, used 32896K [0x00000007b9c00000, 0x00000007c0000000, 0x00000007c0000000)
  eden space 35840K, 0% used [0x00000007b9c00000,0x00000007b9c00000,0x00000007bbf00000)
  from space 33280K, 98% used [0x00000007bdf80000,0x00000007bffa0000,0x00000007c0000000)
  to   space 33280K, 0% used [0x00000007bbf00000,0x00000007bbf00000,0x00000007bdf80000)
 ParOldGen       total 161280K, used 35463K [0x00000006c1800000, 0x00000006cb580000, 0x00000007b9c00000)
  object space 161280K, 21% used [0x00000006c1800000,0x00000006c3aa1e80,0x00000006cb580000)
 Metaspace       used 2707K, capacity 4486K, committed 4864K, reserved 1056768K
  class space    used 302K, capacity 386K, committed 512K, reserved 1048576K
}
{Heap before GC invocations=590 (full 1):
 PSYoungGen      total 69120K, used 68736K [0x00000007b9c00000, 0x00000007c0000000, 0x00000007c0000000)
  eden space 35840K, 100% used [0x00000007b9c00000,0x00000007bbf00000,0x00000007bbf00000)
  from space 33280K, 98% used [0x00000007bdf80000,0x00000007bffa0000,0x00000007c0000000)
  to   space 33280K, 0% used [0x00000007bbf00000,0x00000007bbf00000,0x00000007bdf80000)
 ParOldGen       total 161280K, used 35463K [0x00000006c1800000, 0x00000006cb580000, 0x00000007b9c00000)
  object space 161280K, 21% used [0x00000006c1800000,0x00000006c3aa1e80,0x00000006cb580000)
 Metaspace       used 2707K, capacity 4486K, committed 4864K, reserved 1056768K
  class space    used 302K, capacity 386K, committed 512K, reserved 1048576K
[GC (Allocation Failure)  104199K->68391K(230400K), 0.0320980 secs]
Heap after GC invocations=590 (full 1):
 PSYoungGen      total 69120K, used 32928K [0x00000007b9c00000, 0x00000007c0000000, 0x00000007c0000000)
  eden space 35840K, 0% used [0x00000007b9c00000,0x00000007b9c00000,0x00000007bbf00000)
  from space 33280K, 98% used [0x00000007bbf00000,0x00000007bdf28000,0x00000007bdf80000)
  to   space 33280K, 0% used [0x00000007bdf80000,0x00000007bdf80000,0x00000007c0000000)
 ParOldGen       total 161280K, used 35463K [0x00000006c1800000, 0x00000006cb580000, 0x00000007b9c00000)
  object space 161280K, 21% used [0x00000006c1800000,0x00000006c3aa1e80,0x00000006cb580000)
 Metaspace       used 2707K, capacity 4486K, committed 4864K, reserved 1056768K
  class space    used 302K, capacity 386K, committed 512K, reserved 1048576K
}
{Heap before GC invocations=591 (full 1):
 PSYoungGen      total 69120K, used 68768K [0x00000007b9c00000, 0x00000007c0000000, 0x00000007c0000000)
  eden space 35840K, 100% used [0x00000007b9c00000,0x00000007bbf00000,0x00000007bbf00000)
  from space 33280K, 98% used [0x00000007bbf00000,0x00000007bdf28000,0x00000007bdf80000)
  to   space 33280K, 0% used [0x00000007bdf80000,0x00000007bdf80000,0x00000007c0000000)
 ParOldGen       total 161280K, used 35463K [0x00000006c1800000, 0x00000006cb580000, 0x00000007b9c00000)
  object space 161280K, 21% used [0x00000006c1800000,0x00000006c3aa1e80,0x00000006cb580000)
 Metaspace       used 2707K, capacity 4486K, committed 4864K, reserved 1056768K
  class space    used 302K, capacity 386K, committed 512K, reserved 1048576K
[GC (Allocation Failure)  104231K->68359K(230400K), 0.0332527 secs]
Heap after GC invocations=591 (full 1):
 PSYoungGen      total 69120K, used 32896K [0x00000007b9c00000, 0x00000007c0000000, 0x00000007c0000000)
  eden space 35840K, 0% used [0x00000007b9c00000,0x00000007b9c00000,0x00000007bbf00000)
  from space 33280K, 98% used [0x00000007bdf80000,0x00000007bffa0000,0x00000007c0000000)
  to   space 33280K, 0% used [0x00000007bbf00000,0x00000007bbf00000,0x00000007bdf80000)
 ParOldGen       total 161280K, used 35463K [0x00000006c1800000, 0x00000006cb580000, 0x00000007b9c00000)
  object space 161280K, 21% used [0x00000006c1800000,0x00000006c3aa1e80,0x00000006cb580000)
 Metaspace       used 2707K, capacity 4486K, committed 4864K, reserved 1056768K
  class space    used 302K, capacity 386K, committed 512K, reserved 1048576K
}
{Heap before GC invocations=592 (full 1):
 PSYoungGen      total 69120K, used 68736K [0x00000007b9c00000, 0x00000007c0000000, 0x00000007c0000000)
  eden space 35840K, 100% used [0x00000007b9c00000,0x00000007bbf00000,0x00000007bbf00000)
  from space 33280K, 98% used [0x00000007bdf80000,0x00000007bffa0000,0x00000007c0000000)
  to   space 33280K, 0% used [0x00000007bbf00000,0x00000007bbf00000,0x00000007bdf80000)
 ParOldGen       total 161280K, used 35463K [0x00000006c1800000, 0x00000006cb580000, 0x00000007b9c00000)
  object space 161280K, 21% used [0x00000006c1800000,0x00000006c3aa1e80,0x00000006cb580000)
 Metaspace       used 2707K, capacity 4486K, committed 4864K, reserved 1056768K
  class space    used 302K, capacity 386K, committed 512K, reserved 1048576K
[GC (Allocation Failure)  104199K->68359K(230400K), 0.0337243 secs]
Heap after GC invocations=592 (full 1):
 PSYoungGen      total 69120K, used 32896K [0x00000007b9c00000, 0x00000007c0000000, 0x00000007c0000000)
  eden space 35840K, 0% used [0x00000007b9c00000,0x00000007b9c00000,0x00000007bbf00000)
  from space 33280K, 98% used [0x00000007bbf00000,0x00000007bdf20000,0x00000007bdf80000)
  to   space 33280K, 0% used [0x00000007bdf80000,0x00000007bdf80000,0x00000007c0000000)
 ParOldGen       total 161280K, used 35463K [0x00000006c1800000, 0x00000006cb580000, 0x00000007b9c00000)
  object space 161280K, 21% used [0x00000006c1800000,0x00000006c3aa1e80,0x00000006cb580000)
 Metaspace       used 2707K, capacity 4486K, committed 4864K, reserved 1056768K
  class space    used 302K, capacity 386K, committed 512K, reserved 1048576K
}
{Heap before GC invocations=593 (full 1):
 PSYoungGen      total 69120K, used 68736K [0x00000007b9c00000, 0x00000007c0000000, 0x00000007c0000000)
  eden space 35840K, 100% used [0x00000007b9c00000,0x00000007bbf00000,0x00000007bbf00000)
  from space 33280K, 98% used [0x00000007bbf00000,0x00000007bdf20000,0x00000007bdf80000)
  to   space 33280K, 0% used [0x00000007bdf80000,0x00000007bdf80000,0x00000007c0000000)
 ParOldGen       total 161280K, used 35463K [0x00000006c1800000, 0x00000006cb580000, 0x00000007b9c00000)
  object space 161280K, 21% used [0x00000006c1800000,0x00000006c3aa1e80,0x00000006cb580000)
 Metaspace       used 2707K, capacity 4486K, committed 4864K, reserved 1056768K
  class space    used 302K, capacity 386K, committed 512K, reserved 1048576K
[GC (Allocation Failure)  104199K->68359K(230400K), 0.0323340 secs]
Heap after GC invocations=593 (full 1):
 PSYoungGen      total 69120K, used 32896K [0x00000007b9c00000, 0x00000007c0000000, 0x00000007c0000000)
  eden space 35840K, 0% used [0x00000007b9c00000,0x00000007b9c00000,0x00000007bbf00000)
  from space 33280K, 98% used [0x00000007bdf80000,0x00000007bffa0000,0x00000007c0000000)
  to   space 33280K, 0% used [0x00000007bbf00000,0x00000007bbf00000,0x00000007bdf80000)
 ParOldGen       total 161280K, used 35463K [0x00000006c1800000, 0x00000006cb580000, 0x00000007b9c00000)
  object space 161280K, 21% used [0x00000006c1800000,0x00000006c3aa1e80,0x00000006cb580000)
 Metaspace       used 2707K, capacity 4486K, committed 4864K, reserved 1056768K
  class space    used 302K, capacity 386K, committed 512K, reserved 1048576K
}
{Heap before GC invocations=594 (full 1):
 PSYoungGen      total 69120K, used 68736K [0x00000007b9c00000, 0x00000007c0000000, 0x00000007c0000000)
  eden space 35840K, 100% used [0x00000007b9c00000,0x00000007bbf00000,0x00000007bbf00000)
  from space 33280K, 98% used [0x00000007bdf80000,0x00000007bffa0000,0x00000007c0000000)
  to   space 33280K, 0% used [0x00000007bbf00000,0x00000007bbf00000,0x00000007bdf80000)
 ParOldGen       total 161280K, used 35463K [0x00000006c1800000, 0x00000006cb580000, 0x00000007b9c00000)
  object space 161280K, 21% used [0x00000006c1800000,0x00000006c3aa1e80,0x00000006cb580000)
 Metaspace       used 2707K, capacity 4486K, committed 4864K, reserved 1056768K
  class space    used 302K, capacity 386K, committed 512K, reserved 1048576K
[GC (Allocation Failure)  104199K->68359K(230400K), 0.0329731 secs]
Heap after GC invocations=594 (full 1):
 PSYoungGen      total 69120K, used 32896K [0x00000007b9c00000, 0x00000007c0000000, 0x00000007c0000000)
  eden space 35840K, 0% used [0x00000007b9c00000,0x00000007b9c00000,0x00000007bbf00000)
  from space 33280K, 98% used [0x00000007bbf00000,0x00000007bdf20000,0x00000007bdf80000)
  to   space 33280K, 0% used [0x00000007bdf80000,0x00000007bdf80000,0x00000007c0000000)
 ParOldGen       total 161280K, used 35463K [0x00000006c1800000, 0x00000006cb580000, 0x00000007b9c00000)
  object space 161280K, 21% used [0x00000006c1800000,0x00000006c3aa1e80,0x00000006cb580000)
 Metaspace       used 2707K, capacity 4486K, committed 4864K, reserved 1056768K
  class space    used 302K, capacity 386K, committed 512K, reserved 1048576K
}
{Heap before GC invocations=595 (full 1):
 PSYoungGen      total 69120K, used 68736K [0x00000007b9c00000, 0x00000007c0000000, 0x00000007c0000000)
  eden space 35840K, 100% used [0x00000007b9c00000,0x00000007bbf00000,0x00000007bbf00000)
  from space 33280K, 98% used [0x00000007bbf00000,0x00000007bdf20000,0x00000007bdf80000)
  to   space 33280K, 0% used [0x00000007bdf80000,0x00000007bdf80000,0x00000007c0000000)
 ParOldGen       total 161280K, used 35463K [0x00000006c1800000, 0x00000006cb580000, 0x00000007b9c00000)
  object space 161280K, 21% used [0x00000006c1800000,0x00000006c3aa1e80,0x00000006cb580000)
 Metaspace       used 2707K, capacity 4486K, committed 4864K, reserved 1056768K
  class space    used 302K, capacity 386K, committed 512K, reserved 1048576K
[GC (Allocation Failure)  104199K->68327K(230400K), 0.0332968 secs]
Heap after GC invocations=595 (full 1):
 PSYoungGen      total 69120K, used 32864K [0x00000007b9c00000, 0x00000007c0000000, 0x00000007c0000000)
  eden space 35840K, 0% used [0x00000007b9c00000,0x00000007b9c00000,0x00000007bbf00000)
  from space 33280K, 98% used [0x00000007bdf80000,0x00000007bff98000,0x00000007c0000000)
  to   space 33280K, 0% used [0x00000007bbf00000,0x00000007bbf00000,0x00000007bdf80000)
 ParOldGen       total 161280K, used 35463K [0x00000006c1800000, 0x00000006cb580000, 0x00000007b9c00000)
  object space 161280K, 21% used [0x00000006c1800000,0x00000006c3aa1e80,0x00000006cb580000)
 Metaspace       used 2707K, capacity 4486K, committed 4864K, reserved 1056768K
  class space    used 302K, capacity 386K, committed 512K, reserved 1048576K
}
{Heap before GC invocations=596 (full 1):
 PSYoungGen      total 69120K, used 68704K [0x00000007b9c00000, 0x00000007c0000000, 0x00000007c0000000)
  eden space 35840K, 100% used [0x00000007b9c00000,0x00000007bbf00000,0x00000007bbf00000)
  from space 33280K, 98% used [0x00000007bdf80000,0x00000007bff98000,0x00000007c0000000)
  to   space 33280K, 0% used [0x00000007bbf00000,0x00000007bbf00000,0x00000007bdf80000)
 ParOldGen       total 161280K, used 35463K [0x00000006c1800000, 0x00000006cb580000, 0x00000007b9c00000)
  object space 161280K, 21% used [0x00000006c1800000,0x00000006c3aa1e80,0x00000006cb580000)
 Metaspace       used 2707K, capacity 4486K, committed 4864K, reserved 1056768K
  class space    used 302K, capacity 386K, committed 512K, reserved 1048576K
[GC (Allocation Failure)  104167K->68359K(230400K), 0.0315169 secs]
Heap after GC invocations=596 (full 1):
 PSYoungGen      total 69120K, used 32896K [0x00000007b9c00000, 0x00000007c0000000, 0x00000007c0000000)
  eden space 35840K, 0% used [0x00000007b9c00000,0x00000007b9c00000,0x00000007bbf00000)
  from space 33280K, 98% used [0x00000007bbf00000,0x00000007bdf20000,0x00000007bdf80000)
  to   space 33280K, 0% used [0x00000007bdf80000,0x00000007bdf80000,0x00000007c0000000)
 ParOldGen       total 161280K, used 35463K [0x00000006c1800000, 0x00000006cb580000, 0x00000007b9c00000)
  object space 161280K, 21% used [0x00000006c1800000,0x00000006c3aa1e80,0x00000006cb580000)
 Metaspace       used 2707K, capacity 4486K, committed 4864K, reserved 1056768K
  class space    used 302K, capacity 386K, committed 512K, reserved 1048576K
}
{Heap before GC invocations=597 (full 1):
 PSYoungGen      total 69120K, used 68736K [0x00000007b9c00000, 0x00000007c0000000, 0x00000007c0000000)
  eden space 35840K, 100% used [0x00000007b9c00000,0x00000007bbf00000,0x00000007bbf00000)
  from space 33280K, 98% used [0x00000007bbf00000,0x00000007bdf20000,0x00000007bdf80000)
  to   space 33280K, 0% used [0x00000007bdf80000,0x00000007bdf80000,0x00000007c0000000)
 ParOldGen       total 161280K, used 35463K [0x00000006c1800000, 0x00000006cb580000, 0x00000007b9c00000)
  object space 161280K, 21% used [0x00000006c1800000,0x00000006c3aa1e80,0x00000006cb580000)
 Metaspace       used 2707K, capacity 4486K, committed 4864K, reserved 1056768K
  class space    used 302K, capacity 386K, committed 512K, reserved 1048576K
[GC (Allocation Failure)  104199K->68327K(230400K), 0.0313561 secs]
Heap after GC invocations=597 (full 1):
 PSYoungGen      total 69120K, used 32864K [0x00000007b9c00000, 0x00000007c0000000, 0x00000007c0000000)
  eden space 35840K, 0% used [0x00000007b9c00000,0x00000007b9c00000,0x00000007bbf00000)
  from space 33280K, 98% used [0x00000007bdf80000,0x00000007bff98000,0x00000007c0000000)
  to   space 33280K, 0% used [0x00000007bbf00000,0x00000007bbf00000,0x00000007bdf80000)
 ParOldGen       total 161280K, used 35463K [0x00000006c1800000, 0x00000006cb580000, 0x00000007b9c00000)
  object space 161280K, 21% used [0x00000006c1800000,0x00000006c3aa1e80,0x00000006cb580000)
 Metaspace       used 2707K, capacity 4486K, committed 4864K, reserved 1056768K
  class space    used 302K, capacity 386K, committed 512K, reserved 1048576K
}
{Heap before GC invocations=598 (full 1):
 PSYoungGen      total 69120K, used 68704K [0x00000007b9c00000, 0x00000007c0000000, 0x00000007c0000000)
  eden space 35840K, 100% used [0x00000007b9c00000,0x00000007bbf00000,0x00000007bbf00000)
  from space 33280K, 98% used [0x00000007bdf80000,0x00000007bff98000,0x00000007c0000000)
  to   space 33280K, 0% used [0x00000007bbf00000,0x00000007bbf00000,0x00000007bdf80000)
 ParOldGen       total 161280K, used 35463K [0x00000006c1800000, 0x00000006cb580000, 0x00000007b9c00000)
  object space 161280K, 21% used [0x00000006c1800000,0x00000006c3aa1e80,0x00000006cb580000)
 Metaspace       used 2707K, capacity 4486K, committed 4864K, reserved 1056768K
  class space    used 302K, capacity 386K, committed 512K, reserved 1048576K
[GC (Allocation Failure)  104167K->68359K(230400K), 0.0309012 secs]
Heap after GC invocations=598 (full 1):
 PSYoungGen      total 69120K, used 32896K [0x00000007b9c00000, 0x00000007c0000000, 0x00000007c0000000)
  eden space 35840K, 0% used [0x00000007b9c00000,0x00000007b9c00000,0x00000007bbf00000)
  from space 33280K, 98% used [0x00000007bbf00000,0x00000007bdf20000,0x00000007bdf80000)
  to   space 33280K, 0% used [0x00000007bdf80000,0x00000007bdf80000,0x00000007c0000000)
 ParOldGen       total 161280K, used 35463K [0x00000006c1800000, 0x00000006cb580000, 0x00000007b9c00000)
  object space 161280K, 21% used [0x00000006c1800000,0x00000006c3aa1e80,0x00000006cb580000)
 Metaspace       used 2707K, capacity 4486K, committed 4864K, reserved 1056768K
  class space    used 302K, capacity 386K, committed 512K, reserved 1048576K
}
{Heap before GC invocations=599 (full 1):
 PSYoungGen      total 69120K, used 68736K [0x00000007b9c00000, 0x00000007c0000000, 0x00000007c0000000)
  eden space 35840K, 100% used [0x00000007b9c00000,0x00000007bbf00000,0x00000007bbf00000)
  from space 33280K, 98% used [0x00000007bbf00000,0x00000007bdf20000,0x00000007bdf80000)
  to   space 33280K, 0% used [0x00000007bdf80000,0x00000007bdf80000,0x00000007c0000000)
 ParOldGen       total 161280K, used 35463K [0x00000006c1800000, 0x00000006cb580000, 0x00000007b9c00000)
  object space 161280K, 21% used [0x00000006c1800000,0x00000006c3aa1e80,0x00000006cb580000)
 Metaspace       used 2707K, capacity 4486K, committed 4864K, reserved 1056768K
  class space    used 302K, capacity 386K, committed 512K, reserved 1048576K
[GC (Allocation Failure)  104199K->68359K(230400K), 0.0338799 secs]
Heap after GC invocations=599 (full 1):
 PSYoungGen      total 69120K, used 32896K [0x00000007b9c00000, 0x00000007c0000000, 0x00000007c0000000)
  eden space 35840K, 0% used [0x00000007b9c00000,0x00000007b9c00000,0x00000007bbf00000)
  from space 33280K, 98% used [0x00000007bdf80000,0x00000007bffa0000,0x00000007c0000000)
  to   space 33280K, 0% used [0x00000007bbf00000,0x00000007bbf00000,0x00000007bdf80000)
 ParOldGen       total 161280K, used 35463K [0x00000006c1800000, 0x00000006cb580000, 0x00000007b9c00000)
  object space 161280K, 21% used [0x00000006c1800000,0x00000006c3aa1e80,0x00000006cb580000)
 Metaspace       used 2707K, capacity 4486K, committed 4864K, reserved 1056768K
  class space    used 302K, capacity 386K, committed 512K, reserved 1048576K
}
{Heap before GC invocations=600 (full 1):
 PSYoungGen      total 69120K, used 68736K [0x00000007b9c00000, 0x00000007c0000000, 0x00000007c0000000)
  eden space 35840K, 100% used [0x00000007b9c00000,0x00000007bbf00000,0x00000007bbf00000)
  from space 33280K, 98% used [0x00000007bdf80000,0x00000007bffa0000,0x00000007c0000000)
  to   space 33280K, 0% used [0x00000007bbf00000,0x00000007bbf00000,0x00000007bdf80000)
 ParOldGen       total 161280K, used 35463K [0x00000006c1800000, 0x00000006cb580000, 0x00000007b9c00000)
  object space 161280K, 21% used [0x00000006c1800000,0x00000006c3aa1e80,0x00000006cb580000)
 Metaspace       used 2707K, capacity 4486K, committed 4864K, reserved 1056768K
  class space    used 302K, capacity 386K, committed 512K, reserved 1048576K
[GC (Allocation Failure)  104199K->68327K(230400K), 0.0413414 secs]
Heap after GC invocations=600 (full 1):
 PSYoungGen      total 69120K, used 32864K [0x00000007b9c00000, 0x00000007c0000000, 0x00000007c0000000)
  eden space 35840K, 0% used [0x00000007b9c00000,0x00000007b9c00000,0x00000007bbf00000)
  from space 33280K, 98% used [0x00000007bbf00000,0x00000007bdf18000,0x00000007bdf80000)
  to   space 33280K, 0% used [0x00000007bdf80000,0x00000007bdf80000,0x00000007c0000000)
 ParOldGen       total 161280K, used 35463K [0x00000006c1800000, 0x00000006cb580000, 0x00000007b9c00000)
  object space 161280K, 21% used [0x00000006c1800000,0x00000006c3aa1e80,0x00000006cb580000)
 Metaspace       used 2707K, capacity 4486K, committed 4864K, reserved 1056768K
  class space    used 302K, capacity 386K, committed 512K, reserved 1048576K
}
{Heap before GC invocations=601 (full 1):
 PSYoungGen      total 69120K, used 68704K [0x00000007b9c00000, 0x00000007c0000000, 0x00000007c0000000)
  eden space 35840K, 100% used [0x00000007b9c00000,0x00000007bbf00000,0x00000007bbf00000)
  from space 33280K, 98% used [0x00000007bbf00000,0x00000007bdf18000,0x00000007bdf80000)
  to   space 33280K, 0% used [0x00000007bdf80000,0x00000007bdf80000,0x00000007c0000000)
 ParOldGen       total 161280K, used 35463K [0x00000006c1800000, 0x00000006cb580000, 0x00000007b9c00000)
  object space 161280K, 21% used [0x00000006c1800000,0x00000006c3aa1e80,0x00000006cb580000)
 Metaspace       used 2707K, capacity 4486K, committed 4864K, reserved 1056768K
  class space    used 302K, capacity 386K, committed 512K, reserved 1048576K
[GC (Allocation Failure)  104167K->68359K(230400K), 0.0355174 secs]
Heap after GC invocations=601 (full 1):
 PSYoungGen      total 69120K, used 32896K [0x00000007b9c00000, 0x00000007c0000000, 0x00000007c0000000)
  eden space 35840K, 0% used [0x00000007b9c00000,0x00000007b9c00000,0x00000007bbf00000)
  from space 33280K, 98% used [0x00000007bdf80000,0x00000007bffa0000,0x00000007c0000000)
  to   space 33280K, 0% used [0x00000007bbf00000,0x00000007bbf00000,0x00000007bdf80000)
 ParOldGen       total 161280K, used 35463K [0x00000006c1800000, 0x00000006cb580000, 0x00000007b9c00000)
  object space 161280K, 21% used [0x00000006c1800000,0x00000006c3aa1e80,0x00000006cb580000)
 Metaspace       used 2707K, capacity 4486K, committed 4864K, reserved 1056768K
  class space    used 302K, capacity 386K, committed 512K, reserved 1048576K
}
{Heap before GC invocations=602 (full 1):
 PSYoungGen      total 69120K, used 68736K [0x00000007b9c00000, 0x00000007c0000000, 0x00000007c0000000)
  eden space 35840K, 100% used [0x00000007b9c00000,0x00000007bbf00000,0x00000007bbf00000)
  from space 33280K, 98% used [0x00000007bdf80000,0x00000007bffa0000,0x00000007c0000000)
  to   space 33280K, 0% used [0x00000007bbf00000,0x00000007bbf00000,0x00000007bdf80000)
 ParOldGen       total 161280K, used 35463K [0x00000006c1800000, 0x00000006cb580000, 0x00000007b9c00000)
  object space 161280K, 21% used [0x00000006c1800000,0x00000006c3aa1e80,0x00000006cb580000)
 Metaspace       used 2707K, capacity 4486K, committed 4864K, reserved 1056768K
  class space    used 302K, capacity 386K, committed 512K, reserved 1048576K
[GC (Allocation Failure)  104199K->68359K(230400K), 0.0343878 secs]
Heap after GC invocations=602 (full 1):
 PSYoungGen      total 69120K, used 32896K [0x00000007b9c00000, 0x00000007c0000000, 0x00000007c0000000)
  eden space 35840K, 0% used [0x00000007b9c00000,0x00000007b9c00000,0x00000007bbf00000)
  from space 33280K, 98% used [0x00000007bbf00000,0x00000007bdf20000,0x00000007bdf80000)
  to   space 33280K, 0% used [0x00000007bdf80000,0x00000007bdf80000,0x00000007c0000000)
 ParOldGen       total 161280K, used 35463K [0x00000006c1800000, 0x00000006cb580000, 0x00000007b9c00000)
  object space 161280K, 21% used [0x00000006c1800000,0x00000006c3aa1e80,0x00000006cb580000)
 Metaspace       used 2707K, capacity 4486K, committed 4864K, reserved 1056768K
  class space    used 302K, capacity 386K, committed 512K, reserved 1048576K
}
{Heap before GC invocations=603 (full 1):
 PSYoungGen      total 69120K, used 68736K [0x00000007b9c00000, 0x00000007c0000000, 0x00000007c0000000)
  eden space 35840K, 100% used [0x00000007b9c00000,0x00000007bbf00000,0x00000007bbf00000)
  from space 33280K, 98% used [0x00000007bbf00000,0x00000007bdf20000,0x00000007bdf80000)
  to   space 33280K, 0% used [0x00000007bdf80000,0x00000007bdf80000,0x00000007c0000000)
 ParOldGen       total 161280K, used 35463K [0x00000006c1800000, 0x00000006cb580000, 0x00000007b9c00000)
  object space 161280K, 21% used [0x00000006c1800000,0x00000006c3aa1e80,0x00000006cb580000)
 Metaspace       used 2707K, capacity 4486K, committed 4864K, reserved 1056768K
  class space    used 302K, capacity 386K, committed 512K, reserved 1048576K
[GC (Allocation Failure)  104199K->68359K(230400K), 0.0334758 secs]
Heap after GC invocations=603 (full 1):
 PSYoungGen      total 69120K, used 32896K [0x00000007b9c00000, 0x00000007c0000000, 0x00000007c0000000)
  eden space 35840K, 0% used [0x00000007b9c00000,0x00000007b9c00000,0x00000007bbf00000)
  from space 33280K, 98% used [0x00000007bdf80000,0x00000007bffa0000,0x00000007c0000000)
  to   space 33280K, 0% used [0x00000007bbf00000,0x00000007bbf00000,0x00000007bdf80000)
 ParOldGen       total 161280K, used 35463K [0x00000006c1800000, 0x00000006cb580000, 0x00000007b9c00000)
  object space 161280K, 21% used [0x00000006c1800000,0x00000006c3aa1e80,0x00000006cb580000)
 Metaspace       used 2707K, capacity 4486K, committed 4864K, reserved 1056768K
  class space    used 302K, capacity 386K, committed 512K, reserved 1048576K
}
{Heap before GC invocations=604 (full 1):
 PSYoungGen      total 69120K, used 68736K [0x00000007b9c00000, 0x00000007c0000000, 0x00000007c0000000)
  eden space 35840K, 100% used [0x00000007b9c00000,0x00000007bbf00000,0x00000007bbf00000)
  from space 33280K, 98% used [0x00000007bdf80000,0x00000007bffa0000,0x00000007c0000000)
  to   space 33280K, 0% used [0x00000007bbf00000,0x00000007bbf00000,0x00000007bdf80000)
 ParOldGen       total 161280K, used 35463K [0x00000006c1800000, 0x00000006cb580000, 0x00000007b9c00000)
  object space 161280K, 21% used [0x00000006c1800000,0x00000006c3aa1e80,0x00000006cb580000)
 Metaspace       used 2707K, capacity 4486K, committed 4864K, reserved 1056768K
  class space    used 302K, capacity 386K, committed 512K, reserved 1048576K
[GC (Allocation Failure)  104199K->68359K(230400K), 0.0318917 secs]
Heap after GC invocations=604 (full 1):
 PSYoungGen      total 69120K, used 32896K [0x00000007b9c00000, 0x00000007c0000000, 0x00000007c0000000)
  eden space 35840K, 0% used [0x00000007b9c00000,0x00000007b9c00000,0x00000007bbf00000)
  from space 33280K, 98% used [0x00000007bbf00000,0x00000007bdf20000,0x00000007bdf80000)
  to   space 33280K, 0% used [0x00000007bdf80000,0x00000007bdf80000,0x00000007c0000000)
 ParOldGen       total 161280K, used 35463K [0x00000006c1800000, 0x00000006cb580000, 0x00000007b9c00000)
  object space 161280K, 21% used [0x00000006c1800000,0x00000006c3aa1e80,0x00000006cb580000)
 Metaspace       used 2707K, capacity 4486K, committed 4864K, reserved 1056768K
  class space    used 302K, capacity 386K, committed 512K, reserved 1048576K
}
{Heap before GC invocations=605 (full 1):
 PSYoungGen      total 69120K, used 68736K [0x00000007b9c00000, 0x00000007c0000000, 0x00000007c0000000)
  eden space 35840K, 100% used [0x00000007b9c00000,0x00000007bbf00000,0x00000007bbf00000)
  from space 33280K, 98% used [0x00000007bbf00000,0x00000007bdf20000,0x00000007bdf80000)
  to   space 33280K, 0% used [0x00000007bdf80000,0x00000007bdf80000,0x00000007c0000000)
 ParOldGen       total 161280K, used 35463K [0x00000006c1800000, 0x00000006cb580000, 0x00000007b9c00000)
  object space 161280K, 21% used [0x00000006c1800000,0x00000006c3aa1e80,0x00000006cb580000)
 Metaspace       used 2707K, capacity 4486K, committed 4864K, reserved 1056768K
  class space    used 302K, capacity 386K, committed 512K, reserved 1048576K
[GC (Allocation Failure)  104199K->68359K(230400K), 0.0321146 secs]
Heap after GC invocations=605 (full 1):
 PSYoungGen      total 69120K, used 32896K [0x00000007b9c00000, 0x00000007c0000000, 0x00000007c0000000)
  eden space 35840K, 0% used [0x00000007b9c00000,0x00000007b9c00000,0x00000007bbf00000)
  from space 33280K, 98% used [0x00000007bdf80000,0x00000007bffa0000,0x00000007c0000000)
  to   space 33280K, 0% used [0x00000007bbf00000,0x00000007bbf00000,0x00000007bdf80000)
 ParOldGen       total 161280K, used 35463K [0x00000006c1800000, 0x00000006cb580000, 0x00000007b9c00000)
  object space 161280K, 21% used [0x00000006c1800000,0x00000006c3aa1e80,0x00000006cb580000)
 Metaspace       used 2707K, capacity 4486K, committed 4864K, reserved 1056768K
  class space    used 302K, capacity 386K, committed 512K, reserved 1048576K
}
{Heap before GC invocations=606 (full 1):
 PSYoungGen      total 69120K, used 68736K [0x00000007b9c00000, 0x00000007c0000000, 0x00000007c0000000)
  eden space 35840K, 100% used [0x00000007b9c00000,0x00000007bbf00000,0x00000007bbf00000)
  from space 33280K, 98% used [0x00000007bdf80000,0x00000007bffa0000,0x00000007c0000000)
  to   space 33280K, 0% used [0x00000007bbf00000,0x00000007bbf00000,0x00000007bdf80000)
 ParOldGen       total 161280K, used 35463K [0x00000006c1800000, 0x00000006cb580000, 0x00000007b9c00000)
  object space 161280K, 21% used [0x00000006c1800000,0x00000006c3aa1e80,0x00000006cb580000)
 Metaspace       used 2707K, capacity 4486K, committed 4864K, reserved 1056768K
  class space    used 302K, capacity 386K, committed 512K, reserved 1048576K
[GC (Allocation Failure)  104199K->68327K(230400K), 0.0329038 secs]
Heap after GC invocations=606 (full 1):
 PSYoungGen      total 69120K, used 32864K [0x00000007b9c00000, 0x00000007c0000000, 0x00000007c0000000)
  eden space 35840K, 0% used [0x00000007b9c00000,0x00000007b9c00000,0x00000007bbf00000)
  from space 33280K, 98% used [0x00000007bbf00000,0x00000007bdf18000,0x00000007bdf80000)
  to   space 33280K, 0% used [0x00000007bdf80000,0x00000007bdf80000,0x00000007c0000000)
 ParOldGen       total 161280K, used 35463K [0x00000006c1800000, 0x00000006cb580000, 0x00000007b9c00000)
  object space 161280K, 21% used [0x00000006c1800000,0x00000006c3aa1e80,0x00000006cb580000)
 Metaspace       used 2707K, capacity 4486K, committed 4864K, reserved 1056768K
  class space    used 302K, capacity 386K, committed 512K, reserved 1048576K
}
{Heap before GC invocations=607 (full 1):
 PSYoungGen      total 69120K, used 68704K [0x00000007b9c00000, 0x00000007c0000000, 0x00000007c0000000)
  eden space 35840K, 100% used [0x00000007b9c00000,0x00000007bbf00000,0x00000007bbf00000)
  from space 33280K, 98% used [0x00000007bbf00000,0x00000007bdf18000,0x00000007bdf80000)
  to   space 33280K, 0% used [0x00000007bdf80000,0x00000007bdf80000,0x00000007c0000000)
 ParOldGen       total 161280K, used 35463K [0x00000006c1800000, 0x00000006cb580000, 0x00000007b9c00000)
  object space 161280K, 21% used [0x00000006c1800000,0x00000006c3aa1e80,0x00000006cb580000)
 Metaspace       used 2707K, capacity 4486K, committed 4864K, reserved 1056768K
  class space    used 302K, capacity 386K, committed 512K, reserved 1048576K
[GC (Allocation Failure)  104167K->68359K(230400K), 0.0375405 secs]
Heap after GC invocations=607 (full 1):
 PSYoungGen      total 69120K, used 32896K [0x00000007b9c00000, 0x00000007c0000000, 0x00000007c0000000)
  eden space 35840K, 0% used [0x00000007b9c00000,0x00000007b9c00000,0x00000007bbf00000)
  from space 33280K, 98% used [0x00000007bdf80000,0x00000007bffa0000,0x00000007c0000000)
  to   space 33280K, 0% used [0x00000007bbf00000,0x00000007bbf00000,0x00000007bdf80000)
 ParOldGen       total 161280K, used 35463K [0x00000006c1800000, 0x00000006cb580000, 0x00000007b9c00000)
  object space 161280K, 21% used [0x00000006c1800000,0x00000006c3aa1e80,0x00000006cb580000)
 Metaspace       used 2707K, capacity 4486K, committed 4864K, reserved 1056768K
  class space    used 302K, capacity 386K, committed 512K, reserved 1048576K
}
{Heap before GC invocations=608 (full 1):
 PSYoungGen      total 69120K, used 68736K [0x00000007b9c00000, 0x00000007c0000000, 0x00000007c0000000)
  eden space 35840K, 100% used [0x00000007b9c00000,0x00000007bbf00000,0x00000007bbf00000)
  from space 33280K, 98% used [0x00000007bdf80000,0x00000007bffa0000,0x00000007c0000000)
  to   space 33280K, 0% used [0x00000007bbf00000,0x00000007bbf00000,0x00000007bdf80000)
 ParOldGen       total 161280K, used 35463K [0x00000006c1800000, 0x00000006cb580000, 0x00000007b9c00000)
  object space 161280K, 21% used [0x00000006c1800000,0x00000006c3aa1e80,0x00000006cb580000)
 Metaspace       used 2707K, capacity 4486K, committed 4864K, reserved 1056768K
  class space    used 302K, capacity 386K, committed 512K, reserved 1048576K
[GC (Allocation Failure)  104199K->68327K(230400K), 0.0324351 secs]
Heap after GC invocations=608 (full 1):
 PSYoungGen      total 69120K, used 32864K [0x00000007b9c00000, 0x00000007c0000000, 0x00000007c0000000)
  eden space 35840K, 0% used [0x00000007b9c00000,0x00000007b9c00000,0x00000007bbf00000)
  from space 33280K, 98% used [0x00000007bbf00000,0x00000007bdf18000,0x00000007bdf80000)
  to   space 33280K, 0% used [0x00000007bdf80000,0x00000007bdf80000,0x00000007c0000000)
 ParOldGen       total 161280K, used 35463K [0x00000006c1800000, 0x00000006cb580000, 0x00000007b9c00000)
  object space 161280K, 21% used [0x00000006c1800000,0x00000006c3aa1e80,0x00000006cb580000)
 Metaspace       used 2707K, capacity 4486K, committed 4864K, reserved 1056768K
  class space    used 302K, capacity 386K, committed 512K, reserved 1048576K
}
{Heap before GC invocations=609 (full 1):
 PSYoungGen      total 69120K, used 68704K [0x00000007b9c00000, 0x00000007c0000000, 0x00000007c0000000)
  eden space 35840K, 100% used [0x00000007b9c00000,0x00000007bbf00000,0x00000007bbf00000)
  from space 33280K, 98% used [0x00000007bbf00000,0x00000007bdf18000,0x00000007bdf80000)
  to   space 33280K, 0% used [0x00000007bdf80000,0x00000007bdf80000,0x00000007c0000000)
 ParOldGen       total 161280K, used 35463K [0x00000006c1800000, 0x00000006cb580000, 0x00000007b9c00000)
  object space 161280K, 21% used [0x00000006c1800000,0x00000006c3aa1e80,0x00000006cb580000)
 Metaspace       used 2707K, capacity 4486K, committed 4864K, reserved 1056768K
  class space    used 302K, capacity 386K, committed 512K, reserved 1048576K
[GC (Allocation Failure)  104167K->68327K(230400K), 0.0328910 secs]
Heap after GC invocations=609 (full 1):
 PSYoungGen      total 69120K, used 32864K [0x00000007b9c00000, 0x00000007c0000000, 0x00000007c0000000)
  eden space 35840K, 0% used [0x00000007b9c00000,0x00000007b9c00000,0x00000007bbf00000)
  from space 33280K, 98% used [0x00000007bdf80000,0x00000007bff98000,0x00000007c0000000)
  to   space 33280K, 0% used [0x00000007bbf00000,0x00000007bbf00000,0x00000007bdf80000)
 ParOldGen       total 161280K, used 35463K [0x00000006c1800000, 0x00000006cb580000, 0x00000007b9c00000)
  object space 161280K, 21% used [0x00000006c1800000,0x00000006c3aa1e80,0x00000006cb580000)
 Metaspace       used 2707K, capacity 4486K, committed 4864K, reserved 1056768K
  class space    used 302K, capacity 386K, committed 512K, reserved 1048576K
}
{Heap before GC invocations=610 (full 1):
 PSYoungGen      total 69120K, used 68704K [0x00000007b9c00000, 0x00000007c0000000, 0x00000007c0000000)
  eden space 35840K, 100% used [0x00000007b9c00000,0x00000007bbf00000,0x00000007bbf00000)
  from space 33280K, 98% used [0x00000007bdf80000,0x00000007bff98000,0x00000007c0000000)
  to   space 33280K, 0% used [0x00000007bbf00000,0x00000007bbf00000,0x00000007bdf80000)
 ParOldGen       total 161280K, used 35463K [0x00000006c1800000, 0x00000006cb580000, 0x00000007b9c00000)
  object space 161280K, 21% used [0x00000006c1800000,0x00000006c3aa1e80,0x00000006cb580000)
 Metaspace       used 2707K, capacity 4486K, committed 4864K, reserved 1056768K
  class space    used 302K, capacity 386K, committed 512K, reserved 1048576K
[GC (Allocation Failure)  104167K->68359K(230400K), 0.0320556 secs]
Heap after GC invocations=610 (full 1):
 PSYoungGen      total 69120K, used 32896K [0x00000007b9c00000, 0x00000007c0000000, 0x00000007c0000000)
  eden space 35840K, 0% used [0x00000007b9c00000,0x00000007b9c00000,0x00000007bbf00000)
  from space 33280K, 98% used [0x00000007bbf00000,0x00000007bdf20000,0x00000007bdf80000)
  to   space 33280K, 0% used [0x00000007bdf80000,0x00000007bdf80000,0x00000007c0000000)
 ParOldGen       total 161280K, used 35463K [0x00000006c1800000, 0x00000006cb580000, 0x00000007b9c00000)
  object space 161280K, 21% used [0x00000006c1800000,0x00000006c3aa1e80,0x00000006cb580000)
 Metaspace       used 2707K, capacity 4486K, committed 4864K, reserved 1056768K
  class space    used 302K, capacity 386K, committed 512K, reserved 1048576K
}
{Heap before GC invocations=611 (full 1):
 PSYoungGen      total 69120K, used 68736K [0x00000007b9c00000, 0x00000007c0000000, 0x00000007c0000000)
  eden space 35840K, 100% used [0x00000007b9c00000,0x00000007bbf00000,0x00000007bbf00000)
  from space 33280K, 98% used [0x00000007bbf00000,0x00000007bdf20000,0x00000007bdf80000)
  to   space 33280K, 0% used [0x00000007bdf80000,0x00000007bdf80000,0x00000007c0000000)
 ParOldGen       total 161280K, used 35463K [0x00000006c1800000, 0x00000006cb580000, 0x00000007b9c00000)
  object space 161280K, 21% used [0x00000006c1800000,0x00000006c3aa1e80,0x00000006cb580000)
 Metaspace       used 2707K, capacity 4486K, committed 4864K, reserved 1056768K
  class space    used 302K, capacity 386K, committed 512K, reserved 1048576K
[GC (Allocation Failure)  104199K->68327K(230400K), 0.0373165 secs]
Heap after GC invocations=611 (full 1):
 PSYoungGen      total 69120K, used 32864K [0x00000007b9c00000, 0x00000007c0000000, 0x00000007c0000000)
  eden space 35840K, 0% used [0x00000007b9c00000,0x00000007b9c00000,0x00000007bbf00000)
  from space 33280K, 98% used [0x00000007bdf80000,0x00000007bff98000,0x00000007c0000000)
  to   space 33280K, 0% used [0x00000007bbf00000,0x00000007bbf00000,0x00000007bdf80000)
 ParOldGen       total 161280K, used 35463K [0x00000006c1800000, 0x00000006cb580000, 0x00000007b9c00000)
  object space 161280K, 21% used [0x00000006c1800000,0x00000006c3aa1e80,0x00000006cb580000)
 Metaspace       used 2707K, capacity 4486K, committed 4864K, reserved 1056768K
  class space    used 302K, capacity 386K, committed 512K, reserved 1048576K
}
{Heap before GC invocations=612 (full 1):
 PSYoungGen      total 69120K, used 68704K [0x00000007b9c00000, 0x00000007c0000000, 0x00000007c0000000)
  eden space 35840K, 100% used [0x00000007b9c00000,0x00000007bbf00000,0x00000007bbf00000)
  from space 33280K, 98% used [0x00000007bdf80000,0x00000007bff98000,0x00000007c0000000)
  to   space 33280K, 0% used [0x00000007bbf00000,0x00000007bbf00000,0x00000007bdf80000)
 ParOldGen       total 161280K, used 35463K [0x00000006c1800000, 0x00000006cb580000, 0x00000007b9c00000)
  object space 161280K, 21% used [0x00000006c1800000,0x00000006c3aa1e80,0x00000006cb580000)
 Metaspace       used 2707K, capacity 4486K, committed 4864K, reserved 1056768K
  class space    used 302K, capacity 386K, committed 512K, reserved 1048576K
[GC (Allocation Failure)  104167K->68359K(230400K), 0.0318910 secs]
Heap after GC invocations=612 (full 1):
 PSYoungGen      total 69120K, used 32896K [0x00000007b9c00000, 0x00000007c0000000, 0x00000007c0000000)
  eden space 35840K, 0% used [0x00000007b9c00000,0x00000007b9c00000,0x00000007bbf00000)
  from space 33280K, 98% used [0x00000007bbf00000,0x00000007bdf20000,0x00000007bdf80000)
  to   space 33280K, 0% used [0x00000007bdf80000,0x00000007bdf80000,0x00000007c0000000)
 ParOldGen       total 161280K, used 35463K [0x00000006c1800000, 0x00000006cb580000, 0x00000007b9c00000)
  object space 161280K, 21% used [0x00000006c1800000,0x00000006c3aa1e80,0x00000006cb580000)
 Metaspace       used 2707K, capacity 4486K, committed 4864K, reserved 1056768K
  class space    used 302K, capacity 386K, committed 512K, reserved 1048576K
}
{Heap before GC invocations=613 (full 1):
 PSYoungGen      total 69120K, used 68736K [0x00000007b9c00000, 0x00000007c0000000, 0x00000007c0000000)
  eden space 35840K, 100% used [0x00000007b9c00000,0x00000007bbf00000,0x00000007bbf00000)
  from space 33280K, 98% used [0x00000007bbf00000,0x00000007bdf20000,0x00000007bdf80000)
  to   space 33280K, 0% used [0x00000007bdf80000,0x00000007bdf80000,0x00000007c0000000)
 ParOldGen       total 161280K, used 35463K [0x00000006c1800000, 0x00000006cb580000, 0x00000007b9c00000)
  object space 161280K, 21% used [0x00000006c1800000,0x00000006c3aa1e80,0x00000006cb580000)
 Metaspace       used 2707K, capacity 4486K, committed 4864K, reserved 1056768K
  class space    used 302K, capacity 386K, committed 512K, reserved 1048576K
[GC (Allocation Failure)  104199K->68391K(230400K), 0.0329860 secs]
Heap after GC invocations=613 (full 1):
 PSYoungGen      total 69120K, used 32928K [0x00000007b9c00000, 0x00000007c0000000, 0x00000007c0000000)
  eden space 35840K, 0% used [0x00000007b9c00000,0x00000007b9c00000,0x00000007bbf00000)
  from space 33280K, 98% used [0x00000007bdf80000,0x00000007bffa8000,0x00000007c0000000)
  to   space 33280K, 0% used [0x00000007bbf00000,0x00000007bbf00000,0x00000007bdf80000)
 ParOldGen       total 161280K, used 35463K [0x00000006c1800000, 0x00000006cb580000, 0x00000007b9c00000)
  object space 161280K, 21% used [0x00000006c1800000,0x00000006c3aa1e80,0x00000006cb580000)
 Metaspace       used 2707K, capacity 4486K, committed 4864K, reserved 1056768K
  class space    used 302K, capacity 386K, committed 512K, reserved 1048576K
}
{Heap before GC invocations=614 (full 1):
 PSYoungGen      total 69120K, used 68768K [0x00000007b9c00000, 0x00000007c0000000, 0x00000007c0000000)
  eden space 35840K, 100% used [0x00000007b9c00000,0x00000007bbf00000,0x00000007bbf00000)
  from space 33280K, 98% used [0x00000007bdf80000,0x00000007bffa8000,0x00000007c0000000)
  to   space 33280K, 0% used [0x00000007bbf00000,0x00000007bbf00000,0x00000007bdf80000)
 ParOldGen       total 161280K, used 35463K [0x00000006c1800000, 0x00000006cb580000, 0x00000007b9c00000)
  object space 161280K, 21% used [0x00000006c1800000,0x00000006c3aa1e80,0x00000006cb580000)
 Metaspace       used 2707K, capacity 4486K, committed 4864K, reserved 1056768K
  class space    used 302K, capacity 386K, committed 512K, reserved 1048576K
[GC (Allocation Failure)  104231K->68359K(230400K), 0.0316788 secs]
Heap after GC invocations=614 (full 1):
 PSYoungGen      total 69120K, used 32896K [0x00000007b9c00000, 0x00000007c0000000, 0x00000007c0000000)
  eden space 35840K, 0% used [0x00000007b9c00000,0x00000007b9c00000,0x00000007bbf00000)
  from space 33280K, 98% used [0x00000007bbf00000,0x00000007bdf20000,0x00000007bdf80000)
  to   space 33280K, 0% used [0x00000007bdf80000,0x00000007bdf80000,0x00000007c0000000)
 ParOldGen       total 161280K, used 35463K [0x00000006c1800000, 0x00000006cb580000, 0x00000007b9c00000)
  object space 161280K, 21% used [0x00000006c1800000,0x00000006c3aa1e80,0x00000006cb580000)
 Metaspace       used 2707K, capacity 4486K, committed 4864K, reserved 1056768K
  class space    used 302K, capacity 386K, committed 512K, reserved 1048576K
}
{Heap before GC invocations=615 (full 1):
 PSYoungGen      total 69120K, used 68736K [0x00000007b9c00000, 0x00000007c0000000, 0x00000007c0000000)
  eden space 35840K, 100% used [0x00000007b9c00000,0x00000007bbf00000,0x00000007bbf00000)
  from space 33280K, 98% used [0x00000007bbf00000,0x00000007bdf20000,0x00000007bdf80000)
  to   space 33280K, 0% used [0x00000007bdf80000,0x00000007bdf80000,0x00000007c0000000)
 ParOldGen       total 161280K, used 35463K [0x00000006c1800000, 0x00000006cb580000, 0x00000007b9c00000)
  object space 161280K, 21% used [0x00000006c1800000,0x00000006c3aa1e80,0x00000006cb580000)
 Metaspace       used 2707K, capacity 4486K, committed 4864K, reserved 1056768K
  class space    used 302K, capacity 386K, committed 512K, reserved 1048576K
[GC (Allocation Failure)  104199K->68359K(230400K), 0.0318027 secs]
Heap after GC invocations=615 (full 1):
 PSYoungGen      total 69120K, used 32896K [0x00000007b9c00000, 0x00000007c0000000, 0x00000007c0000000)
  eden space 35840K, 0% used [0x00000007b9c00000,0x00000007b9c00000,0x00000007bbf00000)
  from space 33280K, 98% used [0x00000007bdf80000,0x00000007bffa0000,0x00000007c0000000)
  to   space 33280K, 0% used [0x00000007bbf00000,0x00000007bbf00000,0x00000007bdf80000)
 ParOldGen       total 161280K, used 35463K [0x00000006c1800000, 0x00000006cb580000, 0x00000007b9c00000)
  object space 161280K, 21% used [0x00000006c1800000,0x00000006c3aa1e80,0x00000006cb580000)
 Metaspace       used 2707K, capacity 4486K, committed 4864K, reserved 1056768K
  class space    used 302K, capacity 386K, committed 512K, reserved 1048576K
}
{Heap before GC invocations=616 (full 1):
 PSYoungGen      total 69120K, used 68736K [0x00000007b9c00000, 0x00000007c0000000, 0x00000007c0000000)
  eden space 35840K, 100% used [0x00000007b9c00000,0x00000007bbf00000,0x00000007bbf00000)
  from space 33280K, 98% used [0x00000007bdf80000,0x00000007bffa0000,0x00000007c0000000)
  to   space 33280K, 0% used [0x00000007bbf00000,0x00000007bbf00000,0x00000007bdf80000)
 ParOldGen       total 161280K, used 35463K [0x00000006c1800000, 0x00000006cb580000, 0x00000007b9c00000)
  object space 161280K, 21% used [0x00000006c1800000,0x00000006c3aa1e80,0x00000006cb580000)
 Metaspace       used 2707K, capacity 4486K, committed 4864K, reserved 1056768K
  class space    used 302K, capacity 386K, committed 512K, reserved 1048576K
[GC (Allocation Failure)  104199K->68359K(230400K), 0.0311686 secs]
Heap after GC invocations=616 (full 1):
 PSYoungGen      total 69120K, used 32896K [0x00000007b9c00000, 0x00000007c0000000, 0x00000007c0000000)
  eden space 35840K, 0% used [0x00000007b9c00000,0x00000007b9c00000,0x00000007bbf00000)
  from space 33280K, 98% used [0x00000007bbf00000,0x00000007bdf20000,0x00000007bdf80000)
  to   space 33280K, 0% used [0x00000007bdf80000,0x00000007bdf80000,0x00000007c0000000)
 ParOldGen       total 161280K, used 35463K [0x00000006c1800000, 0x00000006cb580000, 0x00000007b9c00000)
  object space 161280K, 21% used [0x00000006c1800000,0x00000006c3aa1e80,0x00000006cb580000)
 Metaspace       used 2707K, capacity 4486K, committed 4864K, reserved 1056768K
  class space    used 302K, capacity 386K, committed 512K, reserved 1048576K
}
{Heap before GC invocations=617 (full 1):
 PSYoungGen      total 69120K, used 68736K [0x00000007b9c00000, 0x00000007c0000000, 0x00000007c0000000)
  eden space 35840K, 100% used [0x00000007b9c00000,0x00000007bbf00000,0x00000007bbf00000)
  from space 33280K, 98% used [0x00000007bbf00000,0x00000007bdf20000,0x00000007bdf80000)
  to   space 33280K, 0% used [0x00000007bdf80000,0x00000007bdf80000,0x00000007c0000000)
 ParOldGen       total 161280K, used 35463K [0x00000006c1800000, 0x00000006cb580000, 0x00000007b9c00000)
  object space 161280K, 21% used [0x00000006c1800000,0x00000006c3aa1e80,0x00000006cb580000)
 Metaspace       used 2707K, capacity 4486K, committed 4864K, reserved 1056768K
  class space    used 302K, capacity 386K, committed 512K, reserved 1048576K
[GC (Allocation Failure)  104199K->68359K(230400K), 0.0314404 secs]
Heap after GC invocations=617 (full 1):
 PSYoungGen      total 69120K, used 32896K [0x00000007b9c00000, 0x00000007c0000000, 0x00000007c0000000)
  eden space 35840K, 0% used [0x00000007b9c00000,0x00000007b9c00000,0x00000007bbf00000)
  from space 33280K, 98% used [0x00000007bdf80000,0x00000007bffa0000,0x00000007c0000000)
  to   space 33280K, 0% used [0x00000007bbf00000,0x00000007bbf00000,0x00000007bdf80000)
 ParOldGen       total 161280K, used 35463K [0x00000006c1800000, 0x00000006cb580000, 0x00000007b9c00000)
  object space 161280K, 21% used [0x00000006c1800000,0x00000006c3aa1e80,0x00000006cb580000)
 Metaspace       used 2707K, capacity 4486K, committed 4864K, reserved 1056768K
  class space    used 302K, capacity 386K, committed 512K, reserved 1048576K
}
{Heap before GC invocations=618 (full 1):
 PSYoungGen      total 69120K, used 68736K [0x00000007b9c00000, 0x00000007c0000000, 0x00000007c0000000)
  eden space 35840K, 100% used [0x00000007b9c00000,0x00000007bbf00000,0x00000007bbf00000)
  from space 33280K, 98% used [0x00000007bdf80000,0x00000007bffa0000,0x00000007c0000000)
  to   space 33280K, 0% used [0x00000007bbf00000,0x00000007bbf00000,0x00000007bdf80000)
 ParOldGen       total 161280K, used 35463K [0x00000006c1800000, 0x00000006cb580000, 0x00000007b9c00000)
  object space 161280K, 21% used [0x00000006c1800000,0x00000006c3aa1e80,0x00000006cb580000)
 Metaspace       used 2707K, capacity 4486K, committed 4864K, reserved 1056768K
  class space    used 302K, capacity 386K, committed 512K, reserved 1048576K
[GC (Allocation Failure)  104199K->68327K(230400K), 0.0313719 secs]
Heap after GC invocations=618 (full 1):
 PSYoungGen      total 69120K, used 32864K [0x00000007b9c00000, 0x00000007c0000000, 0x00000007c0000000)
  eden space 35840K, 0% used [0x00000007b9c00000,0x00000007b9c00000,0x00000007bbf00000)
  from space 33280K, 98% used [0x00000007bbf00000,0x00000007bdf18000,0x00000007bdf80000)
  to   space 33280K, 0% used [0x00000007bdf80000,0x00000007bdf80000,0x00000007c0000000)
 ParOldGen       total 161280K, used 35463K [0x00000006c1800000, 0x00000006cb580000, 0x00000007b9c00000)
  object space 161280K, 21% used [0x00000006c1800000,0x00000006c3aa1e80,0x00000006cb580000)
 Metaspace       used 2707K, capacity 4486K, committed 4864K, reserved 1056768K
  class space    used 302K, capacity 386K, committed 512K, reserved 1048576K
}
{Heap before GC invocations=619 (full 1):
 PSYoungGen      total 69120K, used 68704K [0x00000007b9c00000, 0x00000007c0000000, 0x00000007c0000000)
  eden space 35840K, 100% used [0x00000007b9c00000,0x00000007bbf00000,0x00000007bbf00000)
  from space 33280K, 98% used [0x00000007bbf00000,0x00000007bdf18000,0x00000007bdf80000)
  to   space 33280K, 0% used [0x00000007bdf80000,0x00000007bdf80000,0x00000007c0000000)
 ParOldGen       total 161280K, used 35463K [0x00000006c1800000, 0x00000006cb580000, 0x00000007b9c00000)
  object space 161280K, 21% used [0x00000006c1800000,0x00000006c3aa1e80,0x00000006cb580000)
 Metaspace       used 2707K, capacity 4486K, committed 4864K, reserved 1056768K
  class space    used 302K, capacity 386K, committed 512K, reserved 1048576K
[GC (Allocation Failure)  104167K->68359K(230400K), 0.0347561 secs]
Heap after GC invocations=619 (full 1):
 PSYoungGen      total 69120K, used 32896K [0x00000007b9c00000, 0x00000007c0000000, 0x00000007c0000000)
  eden space 35840K, 0% used [0x00000007b9c00000,0x00000007b9c00000,0x00000007bbf00000)
  from space 33280K, 98% used [0x00000007bdf80000,0x00000007bffa0000,0x00000007c0000000)
  to   space 33280K, 0% used [0x00000007bbf00000,0x00000007bbf00000,0x00000007bdf80000)
 ParOldGen       total 161280K, used 35463K [0x00000006c1800000, 0x00000006cb580000, 0x00000007b9c00000)
  object space 161280K, 21% used [0x00000006c1800000,0x00000006c3aa1e80,0x00000006cb580000)
 Metaspace       used 2707K, capacity 4486K, committed 4864K, reserved 1056768K
  class space    used 302K, capacity 386K, committed 512K, reserved 1048576K
}
{Heap before GC invocations=620 (full 1):
 PSYoungGen      total 69120K, used 68736K [0x00000007b9c00000, 0x00000007c0000000, 0x00000007c0000000)
  eden space 35840K, 100% used [0x00000007b9c00000,0x00000007bbf00000,0x00000007bbf00000)
  from space 33280K, 98% used [0x00000007bdf80000,0x00000007bffa0000,0x00000007c0000000)
  to   space 33280K, 0% used [0x00000007bbf00000,0x00000007bbf00000,0x00000007bdf80000)
 ParOldGen       total 161280K, used 35463K [0x00000006c1800000, 0x00000006cb580000, 0x00000007b9c00000)
  object space 161280K, 21% used [0x00000006c1800000,0x00000006c3aa1e80,0x00000006cb580000)
 Metaspace       used 2707K, capacity 4486K, committed 4864K, reserved 1056768K
  class space    used 302K, capacity 386K, committed 512K, reserved 1048576K
[GC (Allocation Failure)  104199K->68359K(230400K), 0.0322465 secs]
Heap after GC invocations=620 (full 1):
 PSYoungGen      total 69120K, used 32896K [0x00000007b9c00000, 0x00000007c0000000, 0x00000007c0000000)
  eden space 35840K, 0% used [0x00000007b9c00000,0x00000007b9c00000,0x00000007bbf00000)
  from space 33280K, 98% used [0x00000007bbf00000,0x00000007bdf20000,0x00000007bdf80000)
  to   space 33280K, 0% used [0x00000007bdf80000,0x00000007bdf80000,0x00000007c0000000)
 ParOldGen       total 161280K, used 35463K [0x00000006c1800000, 0x00000006cb580000, 0x00000007b9c00000)
  object space 161280K, 21% used [0x00000006c1800000,0x00000006c3aa1e80,0x00000006cb580000)
 Metaspace       used 2707K, capacity 4486K, committed 4864K, reserved 1056768K
  class space    used 302K, capacity 386K, committed 512K, reserved 1048576K
}
{Heap before GC invocations=621 (full 1):
 PSYoungGen      total 69120K, used 68736K [0x00000007b9c00000, 0x00000007c0000000, 0x00000007c0000000)
  eden space 35840K, 100% used [0x00000007b9c00000,0x00000007bbf00000,0x00000007bbf00000)
  from space 33280K, 98% used [0x00000007bbf00000,0x00000007bdf20000,0x00000007bdf80000)
  to   space 33280K, 0% used [0x00000007bdf80000,0x00000007bdf80000,0x00000007c0000000)
 ParOldGen       total 161280K, used 35463K [0x00000006c1800000, 0x00000006cb580000, 0x00000007b9c00000)
  object space 161280K, 21% used [0x00000006c1800000,0x00000006c3aa1e80,0x00000006cb580000)
 Metaspace       used 2707K, capacity 4486K, committed 4864K, reserved 1056768K
  class space    used 302K, capacity 386K, committed 512K, reserved 1048576K
[GC (Allocation Failure)  104199K->68327K(230400K), 0.0329177 secs]
Heap after GC invocations=621 (full 1):
 PSYoungGen      total 69120K, used 32864K [0x00000007b9c00000, 0x00000007c0000000, 0x00000007c0000000)
  eden space 35840K, 0% used [0x00000007b9c00000,0x00000007b9c00000,0x00000007bbf00000)
  from space 33280K, 98% used [0x00000007bdf80000,0x00000007bff98000,0x00000007c0000000)
  to   space 33280K, 0% used [0x00000007bbf00000,0x00000007bbf00000,0x00000007bdf80000)
 ParOldGen       total 161280K, used 35463K [0x00000006c1800000, 0x00000006cb580000, 0x00000007b9c00000)
  object space 161280K, 21% used [0x00000006c1800000,0x00000006c3aa1e80,0x00000006cb580000)
 Metaspace       used 2707K, capacity 4486K, committed 4864K, reserved 1056768K
  class space    used 302K, capacity 386K, committed 512K, reserved 1048576K
}
{Heap before GC invocations=622 (full 1):
 PSYoungGen      total 69120K, used 68704K [0x00000007b9c00000, 0x00000007c0000000, 0x00000007c0000000)
  eden space 35840K, 100% used [0x00000007b9c00000,0x00000007bbf00000,0x00000007bbf00000)
  from space 33280K, 98% used [0x00000007bdf80000,0x00000007bff98000,0x00000007c0000000)
  to   space 33280K, 0% used [0x00000007bbf00000,0x00000007bbf00000,0x00000007bdf80000)
 ParOldGen       total 161280K, used 35463K [0x00000006c1800000, 0x00000006cb580000, 0x00000007b9c00000)
  object space 161280K, 21% used [0x00000006c1800000,0x00000006c3aa1e80,0x00000006cb580000)
 Metaspace       used 2707K, capacity 4486K, committed 4864K, reserved 1056768K
  class space    used 302K, capacity 386K, committed 512K, reserved 1048576K
[GC (Allocation Failure)  104167K->68359K(230400K), 0.0341187 secs]
Heap after GC invocations=622 (full 1):
 PSYoungGen      total 69120K, used 32896K [0x00000007b9c00000, 0x00000007c0000000, 0x00000007c0000000)
  eden space 35840K, 0% used [0x00000007b9c00000,0x00000007b9c00000,0x00000007bbf00000)
  from space 33280K, 98% used [0x00000007bbf00000,0x00000007bdf20000,0x00000007bdf80000)
  to   space 33280K, 0% used [0x00000007bdf80000,0x00000007bdf80000,0x00000007c0000000)
 ParOldGen       total 161280K, used 35463K [0x00000006c1800000, 0x00000006cb580000, 0x00000007b9c00000)
  object space 161280K, 21% used [0x00000006c1800000,0x00000006c3aa1e80,0x00000006cb580000)
 Metaspace       used 2707K, capacity 4486K, committed 4864K, reserved 1056768K
  class space    used 302K, capacity 386K, committed 512K, reserved 1048576K
}
{Heap before GC invocations=623 (full 1):
 PSYoungGen      total 69120K, used 68736K [0x00000007b9c00000, 0x00000007c0000000, 0x00000007c0000000)
  eden space 35840K, 100% used [0x00000007b9c00000,0x00000007bbf00000,0x00000007bbf00000)
  from space 33280K, 98% used [0x00000007bbf00000,0x00000007bdf20000,0x00000007bdf80000)
  to   space 33280K, 0% used [0x00000007bdf80000,0x00000007bdf80000,0x00000007c0000000)
 ParOldGen       total 161280K, used 35463K [0x00000006c1800000, 0x00000006cb580000, 0x00000007b9c00000)
  object space 161280K, 21% used [0x00000006c1800000,0x00000006c3aa1e80,0x00000006cb580000)
 Metaspace       used 2707K, capacity 4486K, committed 4864K, reserved 1056768K
  class space    used 302K, capacity 386K, committed 512K, reserved 1048576K
[GC (Allocation Failure)  104199K->68359K(230400K), 0.0330010 secs]
Heap after GC invocations=623 (full 1):
 PSYoungGen      total 69120K, used 32896K [0x00000007b9c00000, 0x00000007c0000000, 0x00000007c0000000)
  eden space 35840K, 0% used [0x00000007b9c00000,0x00000007b9c00000,0x00000007bbf00000)
  from space 33280K, 98% used [0x00000007bdf80000,0x00000007bffa0000,0x00000007c0000000)
  to   space 33280K, 0% used [0x00000007bbf00000,0x00000007bbf00000,0x00000007bdf80000)
 ParOldGen       total 161280K, used 35463K [0x00000006c1800000, 0x00000006cb580000, 0x00000007b9c00000)
  object space 161280K, 21% used [0x00000006c1800000,0x00000006c3aa1e80,0x00000006cb580000)
 Metaspace       used 2707K, capacity 4486K, committed 4864K, reserved 1056768K
  class space    used 302K, capacity 386K, committed 512K, reserved 1048576K
}
{Heap before GC invocations=624 (full 1):
 PSYoungGen      total 69120K, used 68736K [0x00000007b9c00000, 0x00000007c0000000, 0x00000007c0000000)
  eden space 35840K, 100% used [0x00000007b9c00000,0x00000007bbf00000,0x00000007bbf00000)
  from space 33280K, 98% used [0x00000007bdf80000,0x00000007bffa0000,0x00000007c0000000)
  to   space 33280K, 0% used [0x00000007bbf00000,0x00000007bbf00000,0x00000007bdf80000)
 ParOldGen       total 161280K, used 35463K [0x00000006c1800000, 0x00000006cb580000, 0x00000007b9c00000)
  object space 161280K, 21% used [0x00000006c1800000,0x00000006c3aa1e80,0x00000006cb580000)
 Metaspace       used 2707K, capacity 4486K, committed 4864K, reserved 1056768K
  class space    used 302K, capacity 386K, committed 512K, reserved 1048576K
[GC (Allocation Failure)  104199K->68391K(230400K), 0.0327980 secs]
Heap after GC invocations=624 (full 1):
 PSYoungGen      total 69120K, used 32928K [0x00000007b9c00000, 0x00000007c0000000, 0x00000007c0000000)
  eden space 35840K, 0% used [0x00000007b9c00000,0x00000007b9c00000,0x00000007bbf00000)
  from space 33280K, 98% used [0x00000007bbf00000,0x00000007bdf28000,0x00000007bdf80000)
  to   space 33280K, 0% used [0x00000007bdf80000,0x00000007bdf80000,0x00000007c0000000)
 ParOldGen       total 161280K, used 35463K [0x00000006c1800000, 0x00000006cb580000, 0x00000007b9c00000)
  object space 161280K, 21% used [0x00000006c1800000,0x00000006c3aa1e80,0x00000006cb580000)
 Metaspace       used 2707K, capacity 4486K, committed 4864K, reserved 1056768K
  class space    used 302K, capacity 386K, committed 512K, reserved 1048576K
}
{Heap before GC invocations=625 (full 1):
 PSYoungGen      total 69120K, used 68768K [0x00000007b9c00000, 0x00000007c0000000, 0x00000007c0000000)
  eden space 35840K, 100% used [0x00000007b9c00000,0x00000007bbf00000,0x00000007bbf00000)
  from space 33280K, 98% used [0x00000007bbf00000,0x00000007bdf28000,0x00000007bdf80000)
  to   space 33280K, 0% used [0x00000007bdf80000,0x00000007bdf80000,0x00000007c0000000)
 ParOldGen       total 161280K, used 35463K [0x00000006c1800000, 0x00000006cb580000, 0x00000007b9c00000)
  object space 161280K, 21% used [0x00000006c1800000,0x00000006c3aa1e80,0x00000006cb580000)
 Metaspace       used 2707K, capacity 4486K, committed 4864K, reserved 1056768K
  class space    used 302K, capacity 386K, committed 512K, reserved 1048576K
[GC (Allocation Failure)  104231K->68391K(230400K), 0.0341253 secs]
Heap after GC invocations=625 (full 1):
 PSYoungGen      total 69120K, used 32928K [0x00000007b9c00000, 0x00000007c0000000, 0x00000007c0000000)
  eden space 35840K, 0% used [0x00000007b9c00000,0x00000007b9c00000,0x00000007bbf00000)
  from space 33280K, 98% used [0x00000007bdf80000,0x00000007bffa8000,0x00000007c0000000)
  to   space 33280K, 0% used [0x00000007bbf00000,0x00000007bbf00000,0x00000007bdf80000)
 ParOldGen       total 161280K, used 35463K [0x00000006c1800000, 0x00000006cb580000, 0x00000007b9c00000)
  object space 161280K, 21% used [0x00000006c1800000,0x00000006c3aa1e80,0x00000006cb580000)
 Metaspace       used 2707K, capacity 4486K, committed 4864K, reserved 1056768K
  class space    used 302K, capacity 386K, committed 512K, reserved 1048576K
}
{Heap before GC invocations=626 (full 1):
 PSYoungGen      total 69120K, used 68768K [0x00000007b9c00000, 0x00000007c0000000, 0x00000007c0000000)
  eden space 35840K, 100% used [0x00000007b9c00000,0x00000007bbf00000,0x00000007bbf00000)
  from space 33280K, 98% used [0x00000007bdf80000,0x00000007bffa8000,0x00000007c0000000)
  to   space 33280K, 0% used [0x00000007bbf00000,0x00000007bbf00000,0x00000007bdf80000)
 ParOldGen       total 161280K, used 35463K [0x00000006c1800000, 0x00000006cb580000, 0x00000007b9c00000)
  object space 161280K, 21% used [0x00000006c1800000,0x00000006c3aa1e80,0x00000006cb580000)
 Metaspace       used 2707K, capacity 4486K, committed 4864K, reserved 1056768K
  class space    used 302K, capacity 386K, committed 512K, reserved 1048576K
[GC (Allocation Failure)  104231K->68359K(230400K), 0.0325300 secs]
Heap after GC invocations=626 (full 1):
 PSYoungGen      total 69120K, used 32896K [0x00000007b9c00000, 0x00000007c0000000, 0x00000007c0000000)
  eden space 35840K, 0% used [0x00000007b9c00000,0x00000007b9c00000,0x00000007bbf00000)
  from space 33280K, 98% used [0x00000007bbf00000,0x00000007bdf20000,0x00000007bdf80000)
  to   space 33280K, 0% used [0x00000007bdf80000,0x00000007bdf80000,0x00000007c0000000)
 ParOldGen       total 161280K, used 35463K [0x00000006c1800000, 0x00000006cb580000, 0x00000007b9c00000)
  object space 161280K, 21% used [0x00000006c1800000,0x00000006c3aa1e80,0x00000006cb580000)
 Metaspace       used 2707K, capacity 4486K, committed 4864K, reserved 1056768K
  class space    used 302K, capacity 386K, committed 512K, reserved 1048576K
}
{Heap before GC invocations=627 (full 1):
 PSYoungGen      total 69120K, used 68736K [0x00000007b9c00000, 0x00000007c0000000, 0x00000007c0000000)
  eden space 35840K, 100% used [0x00000007b9c00000,0x00000007bbf00000,0x00000007bbf00000)
  from space 33280K, 98% used [0x00000007bbf00000,0x00000007bdf20000,0x00000007bdf80000)
  to   space 33280K, 0% used [0x00000007bdf80000,0x00000007bdf80000,0x00000007c0000000)
 ParOldGen       total 161280K, used 35463K [0x00000006c1800000, 0x00000006cb580000, 0x00000007b9c00000)
  object space 161280K, 21% used [0x00000006c1800000,0x00000006c3aa1e80,0x00000006cb580000)
 Metaspace       used 2707K, capacity 4486K, committed 4864K, reserved 1056768K
  class space    used 302K, capacity 386K, committed 512K, reserved 1048576K
[GC (Allocation Failure)  104199K->68391K(230400K), 0.0316201 secs]
Heap after GC invocations=627 (full 1):
 PSYoungGen      total 69120K, used 32928K [0x00000007b9c00000, 0x00000007c0000000, 0x00000007c0000000)
  eden space 35840K, 0% used [0x00000007b9c00000,0x00000007b9c00000,0x00000007bbf00000)
  from space 33280K, 98% used [0x00000007bdf80000,0x00000007bffa8000,0x00000007c0000000)
  to   space 33280K, 0% used [0x00000007bbf00000,0x00000007bbf00000,0x00000007bdf80000)
 ParOldGen       total 161280K, used 35463K [0x00000006c1800000, 0x00000006cb580000, 0x00000007b9c00000)
  object space 161280K, 21% used [0x00000006c1800000,0x00000006c3aa1e80,0x00000006cb580000)
 Metaspace       used 2707K, capacity 4486K, committed 4864K, reserved 1056768K
  class space    used 302K, capacity 386K, committed 512K, reserved 1048576K
}
{Heap before GC invocations=628 (full 1):
 PSYoungGen      total 69120K, used 68768K [0x00000007b9c00000, 0x00000007c0000000, 0x00000007c0000000)
  eden space 35840K, 100% used [0x00000007b9c00000,0x00000007bbf00000,0x00000007bbf00000)
  from space 33280K, 98% used [0x00000007bdf80000,0x00000007bffa8000,0x00000007c0000000)
  to   space 33280K, 0% used [0x00000007bbf00000,0x00000007bbf00000,0x00000007bdf80000)
 ParOldGen       total 161280K, used 35463K [0x00000006c1800000, 0x00000006cb580000, 0x00000007b9c00000)
  object space 161280K, 21% used [0x00000006c1800000,0x00000006c3aa1e80,0x00000006cb580000)
 Metaspace       used 2707K, capacity 4486K, committed 4864K, reserved 1056768K
  class space    used 302K, capacity 386K, committed 512K, reserved 1048576K
[GC (Allocation Failure)  104231K->68359K(230400K), 0.0320643 secs]
Heap after GC invocations=628 (full 1):
 PSYoungGen      total 69120K, used 32896K [0x00000007b9c00000, 0x00000007c0000000, 0x00000007c0000000)
  eden space 35840K, 0% used [0x00000007b9c00000,0x00000007b9c00000,0x00000007bbf00000)
  from space 33280K, 98% used [0x00000007bbf00000,0x00000007bdf20000,0x00000007bdf80000)
  to   space 33280K, 0% used [0x00000007bdf80000,0x00000007bdf80000,0x00000007c0000000)
 ParOldGen       total 161280K, used 35463K [0x00000006c1800000, 0x00000006cb580000, 0x00000007b9c00000)
  object space 161280K, 21% used [0x00000006c1800000,0x00000006c3aa1e80,0x00000006cb580000)
 Metaspace       used 2707K, capacity 4486K, committed 4864K, reserved 1056768K
  class space    used 302K, capacity 386K, committed 512K, reserved 1048576K
}
{Heap before GC invocations=629 (full 1):
 PSYoungGen      total 69120K, used 68736K [0x00000007b9c00000, 0x00000007c0000000, 0x00000007c0000000)
  eden space 35840K, 100% used [0x00000007b9c00000,0x00000007bbf00000,0x00000007bbf00000)
  from space 33280K, 98% used [0x00000007bbf00000,0x00000007bdf20000,0x00000007bdf80000)
  to   space 33280K, 0% used [0x00000007bdf80000,0x00000007bdf80000,0x00000007c0000000)
 ParOldGen       total 161280K, used 35463K [0x00000006c1800000, 0x00000006cb580000, 0x00000007b9c00000)
  object space 161280K, 21% used [0x00000006c1800000,0x00000006c3aa1e80,0x00000006cb580000)
 Metaspace       used 2707K, capacity 4486K, committed 4864K, reserved 1056768K
  class space    used 302K, capacity 386K, committed 512K, reserved 1048576K
[GC (Allocation Failure)  104199K->68359K(230400K), 0.0313139 secs]
Heap after GC invocations=629 (full 1):
 PSYoungGen      total 69120K, used 32896K [0x00000007b9c00000, 0x00000007c0000000, 0x00000007c0000000)
  eden space 35840K, 0% used [0x00000007b9c00000,0x00000007b9c00000,0x00000007bbf00000)
  from space 33280K, 98% used [0x00000007bdf80000,0x00000007bffa0000,0x00000007c0000000)
  to   space 33280K, 0% used [0x00000007bbf00000,0x00000007bbf00000,0x00000007bdf80000)
 ParOldGen       total 161280K, used 35463K [0x00000006c1800000, 0x00000006cb580000, 0x00000007b9c00000)
  object space 161280K, 21% used [0x00000006c1800000,0x00000006c3aa1e80,0x00000006cb580000)
 Metaspace       used 2707K, capacity 4486K, committed 4864K, reserved 1056768K
  class space    used 302K, capacity 386K, committed 512K, reserved 1048576K
}
{Heap before GC invocations=630 (full 1):
 PSYoungGen      total 69120K, used 68736K [0x00000007b9c00000, 0x00000007c0000000, 0x00000007c0000000)
  eden space 35840K, 100% used [0x00000007b9c00000,0x00000007bbf00000,0x00000007bbf00000)
  from space 33280K, 98% used [0x00000007bdf80000,0x00000007bffa0000,0x00000007c0000000)
  to   space 33280K, 0% used [0x00000007bbf00000,0x00000007bbf00000,0x00000007bdf80000)
 ParOldGen       total 161280K, used 35463K [0x00000006c1800000, 0x00000006cb580000, 0x00000007b9c00000)
  object space 161280K, 21% used [0x00000006c1800000,0x00000006c3aa1e80,0x00000006cb580000)
 Metaspace       used 2707K, capacity 4486K, committed 4864K, reserved 1056768K
  class space    used 302K, capacity 386K, committed 512K, reserved 1048576K
[GC (Allocation Failure)  104199K->68359K(230400K), 0.0291025 secs]
Heap after GC invocations=630 (full 1):
 PSYoungGen      total 69120K, used 32896K [0x00000007b9c00000, 0x00000007c0000000, 0x00000007c0000000)
  eden space 35840K, 0% used [0x00000007b9c00000,0x00000007b9c00000,0x00000007bbf00000)
  from space 33280K, 98% used [0x00000007bbf00000,0x00000007bdf20000,0x00000007bdf80000)
  to   space 33280K, 0% used [0x00000007bdf80000,0x00000007bdf80000,0x00000007c0000000)
 ParOldGen       total 161280K, used 35463K [0x00000006c1800000, 0x00000006cb580000, 0x00000007b9c00000)
  object space 161280K, 21% used [0x00000006c1800000,0x00000006c3aa1e80,0x00000006cb580000)
 Metaspace       used 2707K, capacity 4486K, committed 4864K, reserved 1056768K
  class space    used 302K, capacity 386K, committed 512K, reserved 1048576K
}
{Heap before GC invocations=631 (full 1):
 PSYoungGen      total 69120K, used 68736K [0x00000007b9c00000, 0x00000007c0000000, 0x00000007c0000000)
  eden space 35840K, 100% used [0x00000007b9c00000,0x00000007bbf00000,0x00000007bbf00000)
  from space 33280K, 98% used [0x00000007bbf00000,0x00000007bdf20000,0x00000007bdf80000)
  to   space 33280K, 0% used [0x00000007bdf80000,0x00000007bdf80000,0x00000007c0000000)
 ParOldGen       total 161280K, used 35463K [0x00000006c1800000, 0x00000006cb580000, 0x00000007b9c00000)
  object space 161280K, 21% used [0x00000006c1800000,0x00000006c3aa1e80,0x00000006cb580000)
 Metaspace       used 2707K, capacity 4486K, committed 4864K, reserved 1056768K
  class space    used 302K, capacity 386K, committed 512K, reserved 1048576K
[GC (Allocation Failure)  104199K->68359K(230400K), 0.0360779 secs]
Heap after GC invocations=631 (full 1):
 PSYoungGen      total 69120K, used 32896K [0x00000007b9c00000, 0x00000007c0000000, 0x00000007c0000000)
  eden space 35840K, 0% used [0x00000007b9c00000,0x00000007b9c00000,0x00000007bbf00000)
  from space 33280K, 98% used [0x00000007bdf80000,0x00000007bffa0000,0x00000007c0000000)
  to   space 33280K, 0% used [0x00000007bbf00000,0x00000007bbf00000,0x00000007bdf80000)
 ParOldGen       total 161280K, used 35463K [0x00000006c1800000, 0x00000006cb580000, 0x00000007b9c00000)
  object space 161280K, 21% used [0x00000006c1800000,0x00000006c3aa1e80,0x00000006cb580000)
 Metaspace       used 2707K, capacity 4486K, committed 4864K, reserved 1056768K
  class space    used 302K, capacity 386K, committed 512K, reserved 1048576K
}
{Heap before GC invocations=632 (full 1):
 PSYoungGen      total 69120K, used 68736K [0x00000007b9c00000, 0x00000007c0000000, 0x00000007c0000000)
  eden space 35840K, 100% used [0x00000007b9c00000,0x00000007bbf00000,0x00000007bbf00000)
  from space 33280K, 98% used [0x00000007bdf80000,0x00000007bffa0000,0x00000007c0000000)
  to   space 33280K, 0% used [0x00000007bbf00000,0x00000007bbf00000,0x00000007bdf80000)
 ParOldGen       total 161280K, used 35463K [0x00000006c1800000, 0x00000006cb580000, 0x00000007b9c00000)
  object space 161280K, 21% used [0x00000006c1800000,0x00000006c3aa1e80,0x00000006cb580000)
 Metaspace       used 2707K, capacity 4486K, committed 4864K, reserved 1056768K
  class space    used 302K, capacity 386K, committed 512K, reserved 1048576K
[GC (Allocation Failure)  104199K->68359K(230400K), 0.0342684 secs]
Heap after GC invocations=632 (full 1):
 PSYoungGen      total 69120K, used 32896K [0x00000007b9c00000, 0x00000007c0000000, 0x00000007c0000000)
  eden space 35840K, 0% used [0x00000007b9c00000,0x00000007b9c00000,0x00000007bbf00000)
  from space 33280K, 98% used [0x00000007bbf00000,0x00000007bdf20000,0x00000007bdf80000)
  to   space 33280K, 0% used [0x00000007bdf80000,0x00000007bdf80000,0x00000007c0000000)
 ParOldGen       total 161280K, used 35463K [0x00000006c1800000, 0x00000006cb580000, 0x00000007b9c00000)
  object space 161280K, 21% used [0x00000006c1800000,0x00000006c3aa1e80,0x00000006cb580000)
 Metaspace       used 2707K, capacity 4486K, committed 4864K, reserved 1056768K
  class space    used 302K, capacity 386K, committed 512K, reserved 1048576K
}
{Heap before GC invocations=633 (full 1):
 PSYoungGen      total 69120K, used 68736K [0x00000007b9c00000, 0x00000007c0000000, 0x00000007c0000000)
  eden space 35840K, 100% used [0x00000007b9c00000,0x00000007bbf00000,0x00000007bbf00000)
  from space 33280K, 98% used [0x00000007bbf00000,0x00000007bdf20000,0x00000007bdf80000)
  to   space 33280K, 0% used [0x00000007bdf80000,0x00000007bdf80000,0x00000007c0000000)
 ParOldGen       total 161280K, used 35463K [0x00000006c1800000, 0x00000006cb580000, 0x00000007b9c00000)
  object space 161280K, 21% used [0x00000006c1800000,0x00000006c3aa1e80,0x00000006cb580000)
 Metaspace       used 2707K, capacity 4486K, committed 4864K, reserved 1056768K
  class space    used 302K, capacity 386K, committed 512K, reserved 1048576K
[GC (Allocation Failure)  104199K->68391K(230400K), 0.0316139 secs]
Heap after GC invocations=633 (full 1):
 PSYoungGen      total 69120K, used 32928K [0x00000007b9c00000, 0x00000007c0000000, 0x00000007c0000000)
  eden space 35840K, 0% used [0x00000007b9c00000,0x00000007b9c00000,0x00000007bbf00000)
  from space 33280K, 98% used [0x00000007bdf80000,0x00000007bffa8000,0x00000007c0000000)
  to   space 33280K, 0% used [0x00000007bbf00000,0x00000007bbf00000,0x00000007bdf80000)
 ParOldGen       total 161280K, used 35463K [0x00000006c1800000, 0x00000006cb580000, 0x00000007b9c00000)
  object space 161280K, 21% used [0x00000006c1800000,0x00000006c3aa1e80,0x00000006cb580000)
 Metaspace       used 2707K, capacity 4486K, committed 4864K, reserved 1056768K
  class space    used 302K, capacity 386K, committed 512K, reserved 1048576K
}
{Heap before GC invocations=634 (full 1):
 PSYoungGen      total 69120K, used 68768K [0x00000007b9c00000, 0x00000007c0000000, 0x00000007c0000000)
  eden space 35840K, 100% used [0x00000007b9c00000,0x00000007bbf00000,0x00000007bbf00000)
  from space 33280K, 98% used [0x00000007bdf80000,0x00000007bffa8000,0x00000007c0000000)
  to   space 33280K, 0% used [0x00000007bbf00000,0x00000007bbf00000,0x00000007bdf80000)
 ParOldGen       total 161280K, used 35463K [0x00000006c1800000, 0x00000006cb580000, 0x00000007b9c00000)
  object space 161280K, 21% used [0x00000006c1800000,0x00000006c3aa1e80,0x00000006cb580000)
 Metaspace       used 2707K, capacity 4486K, committed 4864K, reserved 1056768K
  class space    used 302K, capacity 386K, committed 512K, reserved 1048576K
[GC (Allocation Failure)  104231K->68327K(230400K), 0.0339006 secs]
Heap after GC invocations=634 (full 1):
 PSYoungGen      total 69120K, used 32864K [0x00000007b9c00000, 0x00000007c0000000, 0x00000007c0000000)
  eden space 35840K, 0% used [0x00000007b9c00000,0x00000007b9c00000,0x00000007bbf00000)
  from space 33280K, 98% used [0x00000007bbf00000,0x00000007bdf18000,0x00000007bdf80000)
  to   space 33280K, 0% used [0x00000007bdf80000,0x00000007bdf80000,0x00000007c0000000)
 ParOldGen       total 161280K, used 35463K [0x00000006c1800000, 0x00000006cb580000, 0x00000007b9c00000)
  object space 161280K, 21% used [0x00000006c1800000,0x00000006c3aa1e80,0x00000006cb580000)
 Metaspace       used 2707K, capacity 4486K, committed 4864K, reserved 1056768K
  class space    used 302K, capacity 386K, committed 512K, reserved 1048576K
}
{Heap before GC invocations=635 (full 1):
 PSYoungGen      total 69120K, used 68704K [0x00000007b9c00000, 0x00000007c0000000, 0x00000007c0000000)
  eden space 35840K, 100% used [0x00000007b9c00000,0x00000007bbf00000,0x00000007bbf00000)
  from space 33280K, 98% used [0x00000007bbf00000,0x00000007bdf18000,0x00000007bdf80000)
  to   space 33280K, 0% used [0x00000007bdf80000,0x00000007bdf80000,0x00000007c0000000)
 ParOldGen       total 161280K, used 35463K [0x00000006c1800000, 0x00000006cb580000, 0x00000007b9c00000)
  object space 161280K, 21% used [0x00000006c1800000,0x00000006c3aa1e80,0x00000006cb580000)
 Metaspace       used 2707K, capacity 4486K, committed 4864K, reserved 1056768K
  class space    used 302K, capacity 386K, committed 512K, reserved 1048576K
[GC (Allocation Failure)  104167K->68359K(230400K), 0.0328563 secs]
Heap after GC invocations=635 (full 1):
 PSYoungGen      total 69120K, used 32896K [0x00000007b9c00000, 0x00000007c0000000, 0x00000007c0000000)
  eden space 35840K, 0% used [0x00000007b9c00000,0x00000007b9c00000,0x00000007bbf00000)
  from space 33280K, 98% used [0x00000007bdf80000,0x00000007bffa0000,0x00000007c0000000)
  to   space 33280K, 0% used [0x00000007bbf00000,0x00000007bbf00000,0x00000007bdf80000)
 ParOldGen       total 161280K, used 35463K [0x00000006c1800000, 0x00000006cb580000, 0x00000007b9c00000)
  object space 161280K, 21% used [0x00000006c1800000,0x00000006c3aa1e80,0x00000006cb580000)
 Metaspace       used 2707K, capacity 4486K, committed 4864K, reserved 1056768K
  class space    used 302K, capacity 386K, committed 512K, reserved 1048576K
}
{Heap before GC invocations=636 (full 1):
 PSYoungGen      total 69120K, used 68736K [0x00000007b9c00000, 0x00000007c0000000, 0x00000007c0000000)
  eden space 35840K, 100% used [0x00000007b9c00000,0x00000007bbf00000,0x00000007bbf00000)
  from space 33280K, 98% used [0x00000007bdf80000,0x00000007bffa0000,0x00000007c0000000)
  to   space 33280K, 0% used [0x00000007bbf00000,0x00000007bbf00000,0x00000007bdf80000)
 ParOldGen       total 161280K, used 35463K [0x00000006c1800000, 0x00000006cb580000, 0x00000007b9c00000)
  object space 161280K, 21% used [0x00000006c1800000,0x00000006c3aa1e80,0x00000006cb580000)
 Metaspace       used 2707K, capacity 4486K, committed 4864K, reserved 1056768K
  class space    used 302K, capacity 386K, committed 512K, reserved 1048576K
[GC (Allocation Failure)  104199K->68359K(230400K), 0.0316593 secs]
Heap after GC invocations=636 (full 1):
 PSYoungGen      total 69120K, used 32896K [0x00000007b9c00000, 0x00000007c0000000, 0x00000007c0000000)
  eden space 35840K, 0% used [0x00000007b9c00000,0x00000007b9c00000,0x00000007bbf00000)
  from space 33280K, 98% used [0x00000007bbf00000,0x00000007bdf20000,0x00000007bdf80000)
  to   space 33280K, 0% used [0x00000007bdf80000,0x00000007bdf80000,0x00000007c0000000)
 ParOldGen       total 161280K, used 35463K [0x00000006c1800000, 0x00000006cb580000, 0x00000007b9c00000)
  object space 161280K, 21% used [0x00000006c1800000,0x00000006c3aa1e80,0x00000006cb580000)
 Metaspace       used 2707K, capacity 4486K, committed 4864K, reserved 1056768K
  class space    used 302K, capacity 386K, committed 512K, reserved 1048576K
}
{Heap before GC invocations=637 (full 1):
 PSYoungGen      total 69120K, used 68736K [0x00000007b9c00000, 0x00000007c0000000, 0x00000007c0000000)
  eden space 35840K, 100% used [0x00000007b9c00000,0x00000007bbf00000,0x00000007bbf00000)
  from space 33280K, 98% used [0x00000007bbf00000,0x00000007bdf20000,0x00000007bdf80000)
  to   space 33280K, 0% used [0x00000007bdf80000,0x00000007bdf80000,0x00000007c0000000)
 ParOldGen       total 161280K, used 35463K [0x00000006c1800000, 0x00000006cb580000, 0x00000007b9c00000)
  object space 161280K, 21% used [0x00000006c1800000,0x00000006c3aa1e80,0x00000006cb580000)
 Metaspace       used 2707K, capacity 4486K, committed 4864K, reserved 1056768K
  class space    used 302K, capacity 386K, committed 512K, reserved 1048576K
[GC (Allocation Failure)  104199K->68327K(230400K), 0.0316952 secs]
Heap after GC invocations=637 (full 1):
 PSYoungGen      total 69120K, used 32864K [0x00000007b9c00000, 0x00000007c0000000, 0x00000007c0000000)
  eden space 35840K, 0% used [0x00000007b9c00000,0x00000007b9c00000,0x00000007bbf00000)
  from space 33280K, 98% used [0x00000007bdf80000,0x00000007bff98000,0x00000007c0000000)
  to   space 33280K, 0% used [0x00000007bbf00000,0x00000007bbf00000,0x00000007bdf80000)
 ParOldGen       total 161280K, used 35463K [0x00000006c1800000, 0x00000006cb580000, 0x00000007b9c00000)
  object space 161280K, 21% used [0x00000006c1800000,0x00000006c3aa1e80,0x00000006cb580000)
 Metaspace       used 2707K, capacity 4486K, committed 4864K, reserved 1056768K
  class space    used 302K, capacity 386K, committed 512K, reserved 1048576K
}
{Heap before GC invocations=638 (full 1):
 PSYoungGen      total 69120K, used 68704K [0x00000007b9c00000, 0x00000007c0000000, 0x00000007c0000000)
  eden space 35840K, 100% used [0x00000007b9c00000,0x00000007bbf00000,0x00000007bbf00000)
  from space 33280K, 98% used [0x00000007bdf80000,0x00000007bff98000,0x00000007c0000000)
  to   space 33280K, 0% used [0x00000007bbf00000,0x00000007bbf00000,0x00000007bdf80000)
 ParOldGen       total 161280K, used 35463K [0x00000006c1800000, 0x00000006cb580000, 0x00000007b9c00000)
  object space 161280K, 21% used [0x00000006c1800000,0x00000006c3aa1e80,0x00000006cb580000)
 Metaspace       used 2707K, capacity 4486K, committed 4864K, reserved 1056768K
  class space    used 302K, capacity 386K, committed 512K, reserved 1048576K
[GC (Allocation Failure)  104167K->68359K(230400K), 0.0313779 secs]
Heap after GC invocations=638 (full 1):
 PSYoungGen      total 69120K, used 32896K [0x00000007b9c00000, 0x00000007c0000000, 0x00000007c0000000)
  eden space 35840K, 0% used [0x00000007b9c00000,0x00000007b9c00000,0x00000007bbf00000)
  from space 33280K, 98% used [0x00000007bbf00000,0x00000007bdf20000,0x00000007bdf80000)
  to   space 33280K, 0% used [0x00000007bdf80000,0x00000007bdf80000,0x00000007c0000000)
 ParOldGen       total 161280K, used 35463K [0x00000006c1800000, 0x00000006cb580000, 0x00000007b9c00000)
  object space 161280K, 21% used [0x00000006c1800000,0x00000006c3aa1e80,0x00000006cb580000)
 Metaspace       used 2707K, capacity 4486K, committed 4864K, reserved 1056768K
  class space    used 302K, capacity 386K, committed 512K, reserved 1048576K
}
{Heap before GC invocations=639 (full 1):
 PSYoungGen      total 69120K, used 68736K [0x00000007b9c00000, 0x00000007c0000000, 0x00000007c0000000)
  eden space 35840K, 100% used [0x00000007b9c00000,0x00000007bbf00000,0x00000007bbf00000)
  from space 33280K, 98% used [0x00000007bbf00000,0x00000007bdf20000,0x00000007bdf80000)
  to   space 33280K, 0% used [0x00000007bdf80000,0x00000007bdf80000,0x00000007c0000000)
 ParOldGen       total 161280K, used 35463K [0x00000006c1800000, 0x00000006cb580000, 0x00000007b9c00000)
  object space 161280K, 21% used [0x00000006c1800000,0x00000006c3aa1e80,0x00000006cb580000)
 Metaspace       used 2707K, capacity 4486K, committed 4864K, reserved 1056768K
  class space    used 302K, capacity 386K, committed 512K, reserved 1048576K
[GC (Allocation Failure)  104199K->68359K(230400K), 0.0277389 secs]
Heap after GC invocations=639 (full 1):
 PSYoungGen      total 69120K, used 32896K [0x00000007b9c00000, 0x00000007c0000000, 0x00000007c0000000)
  eden space 35840K, 0% used [0x00000007b9c00000,0x00000007b9c00000,0x00000007bbf00000)
  from space 33280K, 98% used [0x00000007bdf80000,0x00000007bffa0000,0x00000007c0000000)
  to   space 33280K, 0% used [0x00000007bbf00000,0x00000007bbf00000,0x00000007bdf80000)
 ParOldGen       total 161280K, used 35463K [0x00000006c1800000, 0x00000006cb580000, 0x00000007b9c00000)
  object space 161280K, 21% used [0x00000006c1800000,0x00000006c3aa1e80,0x00000006cb580000)
 Metaspace       used 2707K, capacity 4486K, committed 4864K, reserved 1056768K
  class space    used 302K, capacity 386K, committed 512K, reserved 1048576K
}
{Heap before GC invocations=640 (full 1):
 PSYoungGen      total 69120K, used 68736K [0x00000007b9c00000, 0x00000007c0000000, 0x00000007c0000000)
  eden space 35840K, 100% used [0x00000007b9c00000,0x00000007bbf00000,0x00000007bbf00000)
  from space 33280K, 98% used [0x00000007bdf80000,0x00000007bffa0000,0x00000007c0000000)
  to   space 33280K, 0% used [0x00000007bbf00000,0x00000007bbf00000,0x00000007bdf80000)
 ParOldGen       total 161280K, used 35463K [0x00000006c1800000, 0x00000006cb580000, 0x00000007b9c00000)
  object space 161280K, 21% used [0x00000006c1800000,0x00000006c3aa1e80,0x00000006cb580000)
 Metaspace       used 2707K, capacity 4486K, committed 4864K, reserved 1056768K
  class space    used 302K, capacity 386K, committed 512K, reserved 1048576K
[GC (Allocation Failure)  104199K->68391K(230400K), 0.0335146 secs]
Heap after GC invocations=640 (full 1):
 PSYoungGen      total 69120K, used 32928K [0x00000007b9c00000, 0x00000007c0000000, 0x00000007c0000000)
  eden space 35840K, 0% used [0x00000007b9c00000,0x00000007b9c00000,0x00000007bbf00000)
  from space 33280K, 98% used [0x00000007bbf00000,0x00000007bdf28000,0x00000007bdf80000)
  to   space 33280K, 0% used [0x00000007bdf80000,0x00000007bdf80000,0x00000007c0000000)
 ParOldGen       total 161280K, used 35463K [0x00000006c1800000, 0x00000006cb580000, 0x00000007b9c00000)
  object space 161280K, 21% used [0x00000006c1800000,0x00000006c3aa1e80,0x00000006cb580000)
 Metaspace       used 2707K, capacity 4486K, committed 4864K, reserved 1056768K
  class space    used 302K, capacity 386K, committed 512K, reserved 1048576K
}
{Heap before GC invocations=641 (full 1):
 PSYoungGen      total 69120K, used 68768K [0x00000007b9c00000, 0x00000007c0000000, 0x00000007c0000000)
  eden space 35840K, 100% used [0x00000007b9c00000,0x00000007bbf00000,0x00000007bbf00000)
  from space 33280K, 98% used [0x00000007bbf00000,0x00000007bdf28000,0x00000007bdf80000)
  to   space 33280K, 0% used [0x00000007bdf80000,0x00000007bdf80000,0x00000007c0000000)
 ParOldGen       total 161280K, used 35463K [0x00000006c1800000, 0x00000006cb580000, 0x00000007b9c00000)
  object space 161280K, 21% used [0x00000006c1800000,0x00000006c3aa1e80,0x00000006cb580000)
 Metaspace       used 2707K, capacity 4486K, committed 4864K, reserved 1056768K
  class space    used 302K, capacity 386K, committed 512K, reserved 1048576K
[GC (Allocation Failure)  104231K->68359K(230400K), 0.0331945 secs]
Heap after GC invocations=641 (full 1):
 PSYoungGen      total 69120K, used 32896K [0x00000007b9c00000, 0x00000007c0000000, 0x00000007c0000000)
  eden space 35840K, 0% used [0x00000007b9c00000,0x00000007b9c00000,0x00000007bbf00000)
  from space 33280K, 98% used [0x00000007bdf80000,0x00000007bffa0000,0x00000007c0000000)
  to   space 33280K, 0% used [0x00000007bbf00000,0x00000007bbf00000,0x00000007bdf80000)
 ParOldGen       total 161280K, used 35463K [0x00000006c1800000, 0x00000006cb580000, 0x00000007b9c00000)
  object space 161280K, 21% used [0x00000006c1800000,0x00000006c3aa1e80,0x00000006cb580000)
 Metaspace       used 2707K, capacity 4486K, committed 4864K, reserved 1056768K
  class space    used 302K, capacity 386K, committed 512K, reserved 1048576K
}
{Heap before GC invocations=642 (full 1):
 PSYoungGen      total 69120K, used 68736K [0x00000007b9c00000, 0x00000007c0000000, 0x00000007c0000000)
  eden space 35840K, 100% used [0x00000007b9c00000,0x00000007bbf00000,0x00000007bbf00000)
  from space 33280K, 98% used [0x00000007bdf80000,0x00000007bffa0000,0x00000007c0000000)
  to   space 33280K, 0% used [0x00000007bbf00000,0x00000007bbf00000,0x00000007bdf80000)
 ParOldGen       total 161280K, used 35463K [0x00000006c1800000, 0x00000006cb580000, 0x00000007b9c00000)
  object space 161280K, 21% used [0x00000006c1800000,0x00000006c3aa1e80,0x00000006cb580000)
 Metaspace       used 2707K, capacity 4486K, committed 4864K, reserved 1056768K
  class space    used 302K, capacity 386K, committed 512K, reserved 1048576K
[GC (Allocation Failure)  104199K->68391K(230400K), 0.0321348 secs]
Heap after GC invocations=642 (full 1):
 PSYoungGen      total 69120K, used 32928K [0x00000007b9c00000, 0x00000007c0000000, 0x00000007c0000000)
  eden space 35840K, 0% used [0x00000007b9c00000,0x00000007b9c00000,0x00000007bbf00000)
  from space 33280K, 98% used [0x00000007bbf00000,0x00000007bdf28000,0x00000007bdf80000)
  to   space 33280K, 0% used [0x00000007bdf80000,0x00000007bdf80000,0x00000007c0000000)
 ParOldGen       total 161280K, used 35463K [0x00000006c1800000, 0x00000006cb580000, 0x00000007b9c00000)
  object space 161280K, 21% used [0x00000006c1800000,0x00000006c3aa1e80,0x00000006cb580000)
 Metaspace       used 2707K, capacity 4486K, committed 4864K, reserved 1056768K
  class space    used 302K, capacity 386K, committed 512K, reserved 1048576K
}
{Heap before GC invocations=643 (full 1):
 PSYoungGen      total 69120K, used 68768K [0x00000007b9c00000, 0x00000007c0000000, 0x00000007c0000000)
  eden space 35840K, 100% used [0x00000007b9c00000,0x00000007bbf00000,0x00000007bbf00000)
  from space 33280K, 98% used [0x00000007bbf00000,0x00000007bdf28000,0x00000007bdf80000)
  to   space 33280K, 0% used [0x00000007bdf80000,0x00000007bdf80000,0x00000007c0000000)
 ParOldGen       total 161280K, used 35463K [0x00000006c1800000, 0x00000006cb580000, 0x00000007b9c00000)
  object space 161280K, 21% used [0x00000006c1800000,0x00000006c3aa1e80,0x00000006cb580000)
 Metaspace       used 2707K, capacity 4486K, committed 4864K, reserved 1056768K
  class space    used 302K, capacity 386K, committed 512K, reserved 1048576K
[GC (Allocation Failure)  104231K->68391K(230400K), 0.0323361 secs]
Heap after GC invocations=643 (full 1):
 PSYoungGen      total 69120K, used 32928K [0x00000007b9c00000, 0x00000007c0000000, 0x00000007c0000000)
  eden space 35840K, 0% used [0x00000007b9c00000,0x00000007b9c00000,0x00000007bbf00000)
  from space 33280K, 98% used [0x00000007bdf80000,0x00000007bffa8000,0x00000007c0000000)
  to   space 33280K, 0% used [0x00000007bbf00000,0x00000007bbf00000,0x00000007bdf80000)
 ParOldGen       total 161280K, used 35463K [0x00000006c1800000, 0x00000006cb580000, 0x00000007b9c00000)
  object space 161280K, 21% used [0x00000006c1800000,0x00000006c3aa1e80,0x00000006cb580000)
 Metaspace       used 2707K, capacity 4486K, committed 4864K, reserved 1056768K
  class space    used 302K, capacity 386K, committed 512K, reserved 1048576K
}
{Heap before GC invocations=644 (full 1):
 PSYoungGen      total 69120K, used 68768K [0x00000007b9c00000, 0x00000007c0000000, 0x00000007c0000000)
  eden space 35840K, 100% used [0x00000007b9c00000,0x00000007bbf00000,0x00000007bbf00000)
  from space 33280K, 98% used [0x00000007bdf80000,0x00000007bffa8000,0x00000007c0000000)
  to   space 33280K, 0% used [0x00000007bbf00000,0x00000007bbf00000,0x00000007bdf80000)
 ParOldGen       total 161280K, used 35463K [0x00000006c1800000, 0x00000006cb580000, 0x00000007b9c00000)
  object space 161280K, 21% used [0x00000006c1800000,0x00000006c3aa1e80,0x00000006cb580000)
 Metaspace       used 2707K, capacity 4486K, committed 4864K, reserved 1056768K
  class space    used 302K, capacity 386K, committed 512K, reserved 1048576K
[GC (Allocation Failure)  104231K->68327K(230400K), 0.0344885 secs]
Heap after GC invocations=644 (full 1):
 PSYoungGen      total 69120K, used 32864K [0x00000007b9c00000, 0x00000007c0000000, 0x00000007c0000000)
  eden space 35840K, 0% used [0x00000007b9c00000,0x00000007b9c00000,0x00000007bbf00000)
  from space 33280K, 98% used [0x00000007bbf00000,0x00000007bdf18000,0x00000007bdf80000)
  to   space 33280K, 0% used [0x00000007bdf80000,0x00000007bdf80000,0x00000007c0000000)
 ParOldGen       total 161280K, used 35463K [0x00000006c1800000, 0x00000006cb580000, 0x00000007b9c00000)
  object space 161280K, 21% used [0x00000006c1800000,0x00000006c3aa1e80,0x00000006cb580000)
 Metaspace       used 2707K, capacity 4486K, committed 4864K, reserved 1056768K
  class space    used 302K, capacity 386K, committed 512K, reserved 1048576K
}
{Heap before GC invocations=645 (full 1):
 PSYoungGen      total 69120K, used 68704K [0x00000007b9c00000, 0x00000007c0000000, 0x00000007c0000000)
  eden space 35840K, 100% used [0x00000007b9c00000,0x00000007bbf00000,0x00000007bbf00000)
  from space 33280K, 98% used [0x00000007bbf00000,0x00000007bdf18000,0x00000007bdf80000)
  to   space 33280K, 0% used [0x00000007bdf80000,0x00000007bdf80000,0x00000007c0000000)
 ParOldGen       total 161280K, used 35463K [0x00000006c1800000, 0x00000006cb580000, 0x00000007b9c00000)
  object space 161280K, 21% used [0x00000006c1800000,0x00000006c3aa1e80,0x00000006cb580000)
 Metaspace       used 2707K, capacity 4486K, committed 4864K, reserved 1056768K
  class space    used 302K, capacity 386K, committed 512K, reserved 1048576K
[GC (Allocation Failure)  104167K->68359K(230400K), 0.0346062 secs]
Heap after GC invocations=645 (full 1):
 PSYoungGen      total 69120K, used 32896K [0x00000007b9c00000, 0x00000007c0000000, 0x00000007c0000000)
  eden space 35840K, 0% used [0x00000007b9c00000,0x00000007b9c00000,0x00000007bbf00000)
  from space 33280K, 98% used [0x00000007bdf80000,0x00000007bffa0000,0x00000007c0000000)
  to   space 33280K, 0% used [0x00000007bbf00000,0x00000007bbf00000,0x00000007bdf80000)
 ParOldGen       total 161280K, used 35463K [0x00000006c1800000, 0x00000006cb580000, 0x00000007b9c00000)
  object space 161280K, 21% used [0x00000006c1800000,0x00000006c3aa1e80,0x00000006cb580000)
 Metaspace       used 2707K, capacity 4486K, committed 4864K, reserved 1056768K
  class space    used 302K, capacity 386K, committed 512K, reserved 1048576K
}
{Heap before GC invocations=646 (full 1):
 PSYoungGen      total 69120K, used 68736K [0x00000007b9c00000, 0x00000007c0000000, 0x00000007c0000000)
  eden space 35840K, 100% used [0x00000007b9c00000,0x00000007bbf00000,0x00000007bbf00000)
  from space 33280K, 98% used [0x00000007bdf80000,0x00000007bffa0000,0x00000007c0000000)
  to   space 33280K, 0% used [0x00000007bbf00000,0x00000007bbf00000,0x00000007bdf80000)
 ParOldGen       total 161280K, used 35463K [0x00000006c1800000, 0x00000006cb580000, 0x00000007b9c00000)
  object space 161280K, 21% used [0x00000006c1800000,0x00000006c3aa1e80,0x00000006cb580000)
 Metaspace       used 2707K, capacity 4486K, committed 4864K, reserved 1056768K
  class space    used 302K, capacity 386K, committed 512K, reserved 1048576K
[GC (Allocation Failure)  104199K->68359K(230400K), 0.0332279 secs]
Heap after GC invocations=646 (full 1):
 PSYoungGen      total 69120K, used 32896K [0x00000007b9c00000, 0x00000007c0000000, 0x00000007c0000000)
  eden space 35840K, 0% used [0x00000007b9c00000,0x00000007b9c00000,0x00000007bbf00000)
  from space 33280K, 98% used [0x00000007bbf00000,0x00000007bdf20000,0x00000007bdf80000)
  to   space 33280K, 0% used [0x00000007bdf80000,0x00000007bdf80000,0x00000007c0000000)
 ParOldGen       total 161280K, used 35463K [0x00000006c1800000, 0x00000006cb580000, 0x00000007b9c00000)
  object space 161280K, 21% used [0x00000006c1800000,0x00000006c3aa1e80,0x00000006cb580000)
 Metaspace       used 2707K, capacity 4486K, committed 4864K, reserved 1056768K
  class space    used 302K, capacity 386K, committed 512K, reserved 1048576K
}
{Heap before GC invocations=647 (full 1):
 PSYoungGen      total 69120K, used 68736K [0x00000007b9c00000, 0x00000007c0000000, 0x00000007c0000000)
  eden space 35840K, 100% used [0x00000007b9c00000,0x00000007bbf00000,0x00000007bbf00000)
  from space 33280K, 98% used [0x00000007bbf00000,0x00000007bdf20000,0x00000007bdf80000)
  to   space 33280K, 0% used [0x00000007bdf80000,0x00000007bdf80000,0x00000007c0000000)
 ParOldGen       total 161280K, used 35463K [0x00000006c1800000, 0x00000006cb580000, 0x00000007b9c00000)
  object space 161280K, 21% used [0x00000006c1800000,0x00000006c3aa1e80,0x00000006cb580000)
 Metaspace       used 2707K, capacity 4486K, committed 4864K, reserved 1056768K
  class space    used 302K, capacity 386K, committed 512K, reserved 1048576K
[GC (Allocation Failure)  104199K->68359K(230400K), 0.0328411 secs]
Heap after GC invocations=647 (full 1):
 PSYoungGen      total 69120K, used 32896K [0x00000007b9c00000, 0x00000007c0000000, 0x00000007c0000000)
  eden space 35840K, 0% used [0x00000007b9c00000,0x00000007b9c00000,0x00000007bbf00000)
  from space 33280K, 98% used [0x00000007bdf80000,0x00000007bffa0000,0x00000007c0000000)
  to   space 33280K, 0% used [0x00000007bbf00000,0x00000007bbf00000,0x00000007bdf80000)
 ParOldGen       total 161280K, used 35463K [0x00000006c1800000, 0x00000006cb580000, 0x00000007b9c00000)
  object space 161280K, 21% used [0x00000006c1800000,0x00000006c3aa1e80,0x00000006cb580000)
 Metaspace       used 2707K, capacity 4486K, committed 4864K, reserved 1056768K
  class space    used 302K, capacity 386K, committed 512K, reserved 1048576K
}
{Heap before GC invocations=648 (full 1):
 PSYoungGen      total 69120K, used 68736K [0x00000007b9c00000, 0x00000007c0000000, 0x00000007c0000000)
  eden space 35840K, 100% used [0x00000007b9c00000,0x00000007bbf00000,0x00000007bbf00000)
  from space 33280K, 98% used [0x00000007bdf80000,0x00000007bffa0000,0x00000007c0000000)
  to   space 33280K, 0% used [0x00000007bbf00000,0x00000007bbf00000,0x00000007bdf80000)
 ParOldGen       total 161280K, used 35463K [0x00000006c1800000, 0x00000006cb580000, 0x00000007b9c00000)
  object space 161280K, 21% used [0x00000006c1800000,0x00000006c3aa1e80,0x00000006cb580000)
 Metaspace       used 2707K, capacity 4486K, committed 4864K, reserved 1056768K
  class space    used 302K, capacity 386K, committed 512K, reserved 1048576K
[GC (Allocation Failure)  104199K->68327K(230400K), 0.0313482 secs]
Heap after GC invocations=648 (full 1):
 PSYoungGen      total 69120K, used 32864K [0x00000007b9c00000, 0x00000007c0000000, 0x00000007c0000000)
  eden space 35840K, 0% used [0x00000007b9c00000,0x00000007b9c00000,0x00000007bbf00000)
  from space 33280K, 98% used [0x00000007bbf00000,0x00000007bdf18000,0x00000007bdf80000)
  to   space 33280K, 0% used [0x00000007bdf80000,0x00000007bdf80000,0x00000007c0000000)
 ParOldGen       total 161280K, used 35463K [0x00000006c1800000, 0x00000006cb580000, 0x00000007b9c00000)
  object space 161280K, 21% used [0x00000006c1800000,0x00000006c3aa1e80,0x00000006cb580000)
 Metaspace       used 2707K, capacity 4486K, committed 4864K, reserved 1056768K
  class space    used 302K, capacity 386K, committed 512K, reserved 1048576K
}
{Heap before GC invocations=649 (full 1):
 PSYoungGen      total 69120K, used 68704K [0x00000007b9c00000, 0x00000007c0000000, 0x00000007c0000000)
  eden space 35840K, 100% used [0x00000007b9c00000,0x00000007bbf00000,0x00000007bbf00000)
  from space 33280K, 98% used [0x00000007bbf00000,0x00000007bdf18000,0x00000007bdf80000)
  to   space 33280K, 0% used [0x00000007bdf80000,0x00000007bdf80000,0x00000007c0000000)
 ParOldGen       total 161280K, used 35463K [0x00000006c1800000, 0x00000006cb580000, 0x00000007b9c00000)
  object space 161280K, 21% used [0x00000006c1800000,0x00000006c3aa1e80,0x00000006cb580000)
 Metaspace       used 2707K, capacity 4486K, committed 4864K, reserved 1056768K
  class space    used 302K, capacity 386K, committed 512K, reserved 1048576K
[GC (Allocation Failure)  104167K->68359K(230400K), 0.0313838 secs]
Heap after GC invocations=649 (full 1):
 PSYoungGen      total 69120K, used 32896K [0x00000007b9c00000, 0x00000007c0000000, 0x00000007c0000000)
  eden space 35840K, 0% used [0x00000007b9c00000,0x00000007b9c00000,0x00000007bbf00000)
  from space 33280K, 98% used [0x00000007bdf80000,0x00000007bffa0000,0x00000007c0000000)
  to   space 33280K, 0% used [0x00000007bbf00000,0x00000007bbf00000,0x00000007bdf80000)
 ParOldGen       total 161280K, used 35463K [0x00000006c1800000, 0x00000006cb580000, 0x00000007b9c00000)
  object space 161280K, 21% used [0x00000006c1800000,0x00000006c3aa1e80,0x00000006cb580000)
 Metaspace       used 2707K, capacity 4486K, committed 4864K, reserved 1056768K
  class space    used 302K, capacity 386K, committed 512K, reserved 1048576K
}
{Heap before GC invocations=650 (full 1):
 PSYoungGen      total 69120K, used 68736K [0x00000007b9c00000, 0x00000007c0000000, 0x00000007c0000000)
  eden space 35840K, 100% used [0x00000007b9c00000,0x00000007bbf00000,0x00000007bbf00000)
  from space 33280K, 98% used [0x00000007bdf80000,0x00000007bffa0000,0x00000007c0000000)
  to   space 33280K, 0% used [0x00000007bbf00000,0x00000007bbf00000,0x00000007bdf80000)
 ParOldGen       total 161280K, used 35463K [0x00000006c1800000, 0x00000006cb580000, 0x00000007b9c00000)
  object space 161280K, 21% used [0x00000006c1800000,0x00000006c3aa1e80,0x00000006cb580000)
 Metaspace       used 2707K, capacity 4486K, committed 4864K, reserved 1056768K
  class space    used 302K, capacity 386K, committed 512K, reserved 1048576K
[GC (Allocation Failure)  104199K->68359K(230400K), 0.0313199 secs]
Heap after GC invocations=650 (full 1):
 PSYoungGen      total 69120K, used 32896K [0x00000007b9c00000, 0x00000007c0000000, 0x00000007c0000000)
  eden space 35840K, 0% used [0x00000007b9c00000,0x00000007b9c00000,0x00000007bbf00000)
  from space 33280K, 98% used [0x00000007bbf00000,0x00000007bdf20000,0x00000007bdf80000)
  to   space 33280K, 0% used [0x00000007bdf80000,0x00000007bdf80000,0x00000007c0000000)
 ParOldGen       total 161280K, used 35463K [0x00000006c1800000, 0x00000006cb580000, 0x00000007b9c00000)
  object space 161280K, 21% used [0x00000006c1800000,0x00000006c3aa1e80,0x00000006cb580000)
 Metaspace       used 2707K, capacity 4486K, committed 4864K, reserved 1056768K
  class space    used 302K, capacity 386K, committed 512K, reserved 1048576K
}
{Heap before GC invocations=651 (full 1):
 PSYoungGen      total 69120K, used 68736K [0x00000007b9c00000, 0x00000007c0000000, 0x00000007c0000000)
  eden space 35840K, 100% used [0x00000007b9c00000,0x00000007bbf00000,0x00000007bbf00000)
  from space 33280K, 98% used [0x00000007bbf00000,0x00000007bdf20000,0x00000007bdf80000)
  to   space 33280K, 0% used [0x00000007bdf80000,0x00000007bdf80000,0x00000007c0000000)
 ParOldGen       total 161280K, used 35463K [0x00000006c1800000, 0x00000006cb580000, 0x00000007b9c00000)
  object space 161280K, 21% used [0x00000006c1800000,0x00000006c3aa1e80,0x00000006cb580000)
 Metaspace       used 2707K, capacity 4486K, committed 4864K, reserved 1056768K
  class space    used 302K, capacity 386K, committed 512K, reserved 1048576K
[GC (Allocation Failure)  104199K->68327K(230400K), 0.0313924 secs]
Heap after GC invocations=651 (full 1):
 PSYoungGen      total 69120K, used 32864K [0x00000007b9c00000, 0x00000007c0000000, 0x00000007c0000000)
  eden space 35840K, 0% used [0x00000007b9c00000,0x00000007b9c00000,0x00000007bbf00000)
  from space 33280K, 98% used [0x00000007bdf80000,0x00000007bff98000,0x00000007c0000000)
  to   space 33280K, 0% used [0x00000007bbf00000,0x00000007bbf00000,0x00000007bdf80000)
 ParOldGen       total 161280K, used 35463K [0x00000006c1800000, 0x00000006cb580000, 0x00000007b9c00000)
  object space 161280K, 21% used [0x00000006c1800000,0x00000006c3aa1e80,0x00000006cb580000)
 Metaspace       used 2707K, capacity 4486K, committed 4864K, reserved 1056768K
  class space    used 302K, capacity 386K, committed 512K, reserved 1048576K
}
{Heap before GC invocations=652 (full 1):
 PSYoungGen      total 69120K, used 68704K [0x00000007b9c00000, 0x00000007c0000000, 0x00000007c0000000)
  eden space 35840K, 100% used [0x00000007b9c00000,0x00000007bbf00000,0x00000007bbf00000)
  from space 33280K, 98% used [0x00000007bdf80000,0x00000007bff98000,0x00000007c0000000)
  to   space 33280K, 0% used [0x00000007bbf00000,0x00000007bbf00000,0x00000007bdf80000)
 ParOldGen       total 161280K, used 35463K [0x00000006c1800000, 0x00000006cb580000, 0x00000007b9c00000)
  object space 161280K, 21% used [0x00000006c1800000,0x00000006c3aa1e80,0x00000006cb580000)
 Metaspace       used 2707K, capacity 4486K, committed 4864K, reserved 1056768K
  class space    used 302K, capacity 386K, committed 512K, reserved 1048576K
[GC (Allocation Failure)  104167K->68327K(230400K), 0.0317679 secs]
Heap after GC invocations=652 (full 1):
 PSYoungGen      total 69120K, used 32864K [0x00000007b9c00000, 0x00000007c0000000, 0x00000007c0000000)
  eden space 35840K, 0% used [0x00000007b9c00000,0x00000007b9c00000,0x00000007bbf00000)
  from space 33280K, 98% used [0x00000007bbf00000,0x00000007bdf18000,0x00000007bdf80000)
  to   space 33280K, 0% used [0x00000007bdf80000,0x00000007bdf80000,0x00000007c0000000)
 ParOldGen       total 161280K, used 35463K [0x00000006c1800000, 0x00000006cb580000, 0x00000007b9c00000)
  object space 161280K, 21% used [0x00000006c1800000,0x00000006c3aa1e80,0x00000006cb580000)
 Metaspace       used 2707K, capacity 4486K, committed 4864K, reserved 1056768K
  class space    used 302K, capacity 386K, committed 512K, reserved 1048576K
}
{Heap before GC invocations=653 (full 1):
 PSYoungGen      total 69120K, used 68704K [0x00000007b9c00000, 0x00000007c0000000, 0x00000007c0000000)
  eden space 35840K, 100% used [0x00000007b9c00000,0x00000007bbf00000,0x00000007bbf00000)
  from space 33280K, 98% used [0x00000007bbf00000,0x00000007bdf18000,0x00000007bdf80000)
  to   space 33280K, 0% used [0x00000007bdf80000,0x00000007bdf80000,0x00000007c0000000)
 ParOldGen       total 161280K, used 35463K [0x00000006c1800000, 0x00000006cb580000, 0x00000007b9c00000)
  object space 161280K, 21% used [0x00000006c1800000,0x00000006c3aa1e80,0x00000006cb580000)
 Metaspace       used 2707K, capacity 4486K, committed 4864K, reserved 1056768K
  class space    used 302K, capacity 386K, committed 512K, reserved 1048576K
[GC (Allocation Failure)  104167K->68359K(230400K), 0.0334666 secs]
Heap after GC invocations=653 (full 1):
 PSYoungGen      total 69120K, used 32896K [0x00000007b9c00000, 0x00000007c0000000, 0x00000007c0000000)
  eden space 35840K, 0% used [0x00000007b9c00000,0x00000007b9c00000,0x00000007bbf00000)
  from space 33280K, 98% used [0x00000007bdf80000,0x00000007bffa0000,0x00000007c0000000)
  to   space 33280K, 0% used [0x00000007bbf00000,0x00000007bbf00000,0x00000007bdf80000)
 ParOldGen       total 161280K, used 35463K [0x00000006c1800000, 0x00000006cb580000, 0x00000007b9c00000)
  object space 161280K, 21% used [0x00000006c1800000,0x00000006c3aa1e80,0x00000006cb580000)
 Metaspace       used 2707K, capacity 4486K, committed 4864K, reserved 1056768K
  class space    used 302K, capacity 386K, committed 512K, reserved 1048576K
}
{Heap before GC invocations=654 (full 1):
 PSYoungGen      total 69120K, used 68736K [0x00000007b9c00000, 0x00000007c0000000, 0x00000007c0000000)
  eden space 35840K, 100% used [0x00000007b9c00000,0x00000007bbf00000,0x00000007bbf00000)
  from space 33280K, 98% used [0x00000007bdf80000,0x00000007bffa0000,0x00000007c0000000)
  to   space 33280K, 0% used [0x00000007bbf00000,0x00000007bbf00000,0x00000007bdf80000)
 ParOldGen       total 161280K, used 35463K [0x00000006c1800000, 0x00000006cb580000, 0x00000007b9c00000)
  object space 161280K, 21% used [0x00000006c1800000,0x00000006c3aa1e80,0x00000006cb580000)
 Metaspace       used 2707K, capacity 4486K, committed 4864K, reserved 1056768K
  class space    used 302K, capacity 386K, committed 512K, reserved 1048576K
[GC (Allocation Failure)  104199K->68359K(230400K), 0.0332453 secs]
Heap after GC invocations=654 (full 1):
 PSYoungGen      total 69120K, used 32896K [0x00000007b9c00000, 0x00000007c0000000, 0x00000007c0000000)
  eden space 35840K, 0% used [0x00000007b9c00000,0x00000007b9c00000,0x00000007bbf00000)
  from space 33280K, 98% used [0x00000007bbf00000,0x00000007bdf20000,0x00000007bdf80000)
  to   space 33280K, 0% used [0x00000007bdf80000,0x00000007bdf80000,0x00000007c0000000)
 ParOldGen       total 161280K, used 35463K [0x00000006c1800000, 0x00000006cb580000, 0x00000007b9c00000)
  object space 161280K, 21% used [0x00000006c1800000,0x00000006c3aa1e80,0x00000006cb580000)
 Metaspace       used 2707K, capacity 4486K, committed 4864K, reserved 1056768K
  class space    used 302K, capacity 386K, committed 512K, reserved 1048576K
}
{Heap before GC invocations=655 (full 1):
 PSYoungGen      total 69120K, used 68736K [0x00000007b9c00000, 0x00000007c0000000, 0x00000007c0000000)
  eden space 35840K, 100% used [0x00000007b9c00000,0x00000007bbf00000,0x00000007bbf00000)
  from space 33280K, 98% used [0x00000007bbf00000,0x00000007bdf20000,0x00000007bdf80000)
  to   space 33280K, 0% used [0x00000007bdf80000,0x00000007bdf80000,0x00000007c0000000)
 ParOldGen       total 161280K, used 35463K [0x00000006c1800000, 0x00000006cb580000, 0x00000007b9c00000)
  object space 161280K, 21% used [0x00000006c1800000,0x00000006c3aa1e80,0x00000006cb580000)
 Metaspace       used 2707K, capacity 4486K, committed 4864K, reserved 1056768K
  class space    used 302K, capacity 386K, committed 512K, reserved 1048576K
[GC (Allocation Failure)  104199K->68391K(230400K), 0.0336619 secs]
Heap after GC invocations=655 (full 1):
 PSYoungGen      total 69120K, used 32928K [0x00000007b9c00000, 0x00000007c0000000, 0x00000007c0000000)
  eden space 35840K, 0% used [0x00000007b9c00000,0x00000007b9c00000,0x00000007bbf00000)
  from space 33280K, 98% used [0x00000007bdf80000,0x00000007bffa8000,0x00000007c0000000)
  to   space 33280K, 0% used [0x00000007bbf00000,0x00000007bbf00000,0x00000007bdf80000)
 ParOldGen       total 161280K, used 35463K [0x00000006c1800000, 0x00000006cb580000, 0x00000007b9c00000)
  object space 161280K, 21% used [0x00000006c1800000,0x00000006c3aa1e80,0x00000006cb580000)
 Metaspace       used 2707K, capacity 4486K, committed 4864K, reserved 1056768K
  class space    used 302K, capacity 386K, committed 512K, reserved 1048576K
}
{Heap before GC invocations=656 (full 1):
 PSYoungGen      total 69120K, used 68768K [0x00000007b9c00000, 0x00000007c0000000, 0x00000007c0000000)
  eden space 35840K, 100% used [0x00000007b9c00000,0x00000007bbf00000,0x00000007bbf00000)
  from space 33280K, 98% used [0x00000007bdf80000,0x00000007bffa8000,0x00000007c0000000)
  to   space 33280K, 0% used [0x00000007bbf00000,0x00000007bbf00000,0x00000007bdf80000)
 ParOldGen       total 161280K, used 35463K [0x00000006c1800000, 0x00000006cb580000, 0x00000007b9c00000)
  object space 161280K, 21% used [0x00000006c1800000,0x00000006c3aa1e80,0x00000006cb580000)
 Metaspace       used 2707K, capacity 4486K, committed 4864K, reserved 1056768K
  class space    used 302K, capacity 386K, committed 512K, reserved 1048576K
[GC (Allocation Failure)  104231K->68359K(230400K), 0.0328814 secs]
Heap after GC invocations=656 (full 1):
 PSYoungGen      total 69120K, used 32896K [0x00000007b9c00000, 0x00000007c0000000, 0x00000007c0000000)
  eden space 35840K, 0% used [0x00000007b9c00000,0x00000007b9c00000,0x00000007bbf00000)
  from space 33280K, 98% used [0x00000007bbf00000,0x00000007bdf20000,0x00000007bdf80000)
  to   space 33280K, 0% used [0x00000007bdf80000,0x00000007bdf80000,0x00000007c0000000)
 ParOldGen       total 161280K, used 35463K [0x00000006c1800000, 0x00000006cb580000, 0x00000007b9c00000)
  object space 161280K, 21% used [0x00000006c1800000,0x00000006c3aa1e80,0x00000006cb580000)
 Metaspace       used 2707K, capacity 4486K, committed 4864K, reserved 1056768K
  class space    used 302K, capacity 386K, committed 512K, reserved 1048576K
}
{Heap before GC invocations=657 (full 1):
 PSYoungGen      total 69120K, used 68736K [0x00000007b9c00000, 0x00000007c0000000, 0x00000007c0000000)
  eden space 35840K, 100% used [0x00000007b9c00000,0x00000007bbf00000,0x00000007bbf00000)
  from space 33280K, 98% used [0x00000007bbf00000,0x00000007bdf20000,0x00000007bdf80000)
  to   space 33280K, 0% used [0x00000007bdf80000,0x00000007bdf80000,0x00000007c0000000)
 ParOldGen       total 161280K, used 35463K [0x00000006c1800000, 0x00000006cb580000, 0x00000007b9c00000)
  object space 161280K, 21% used [0x00000006c1800000,0x00000006c3aa1e80,0x00000006cb580000)
 Metaspace       used 2707K, capacity 4486K, committed 4864K, reserved 1056768K
  class space    used 302K, capacity 386K, committed 512K, reserved 1048576K
[GC (Allocation Failure)  104199K->68359K(230400K), 0.0350150 secs]
Heap after GC invocations=657 (full 1):
 PSYoungGen      total 69120K, used 32896K [0x00000007b9c00000, 0x00000007c0000000, 0x00000007c0000000)
  eden space 35840K, 0% used [0x00000007b9c00000,0x00000007b9c00000,0x00000007bbf00000)
  from space 33280K, 98% used [0x00000007bdf80000,0x00000007bffa0000,0x00000007c0000000)
  to   space 33280K, 0% used [0x00000007bbf00000,0x00000007bbf00000,0x00000007bdf80000)
 ParOldGen       total 161280K, used 35463K [0x00000006c1800000, 0x00000006cb580000, 0x00000007b9c00000)
  object space 161280K, 21% used [0x00000006c1800000,0x00000006c3aa1e80,0x00000006cb580000)
 Metaspace       used 2707K, capacity 4486K, committed 4864K, reserved 1056768K
  class space    used 302K, capacity 386K, committed 512K, reserved 1048576K
}
{Heap before GC invocations=658 (full 1):
 PSYoungGen      total 69120K, used 68736K [0x00000007b9c00000, 0x00000007c0000000, 0x00000007c0000000)
  eden space 35840K, 100% used [0x00000007b9c00000,0x00000007bbf00000,0x00000007bbf00000)
  from space 33280K, 98% used [0x00000007bdf80000,0x00000007bffa0000,0x00000007c0000000)
  to   space 33280K, 0% used [0x00000007bbf00000,0x00000007bbf00000,0x00000007bdf80000)
 ParOldGen       total 161280K, used 35463K [0x00000006c1800000, 0x00000006cb580000, 0x00000007b9c00000)
  object space 161280K, 21% used [0x00000006c1800000,0x00000006c3aa1e80,0x00000006cb580000)
 Metaspace       used 2707K, capacity 4486K, committed 4864K, reserved 1056768K
  class space    used 302K, capacity 386K, committed 512K, reserved 1048576K
[GC (Allocation Failure)  104199K->68359K(230400K), 0.0341147 secs]
Heap after GC invocations=658 (full 1):
 PSYoungGen      total 69120K, used 32896K [0x00000007b9c00000, 0x00000007c0000000, 0x00000007c0000000)
  eden space 35840K, 0% used [0x00000007b9c00000,0x00000007b9c00000,0x00000007bbf00000)
  from space 33280K, 98% used [0x00000007bbf00000,0x00000007bdf20000,0x00000007bdf80000)
  to   space 33280K, 0% used [0x00000007bdf80000,0x00000007bdf80000,0x00000007c0000000)
 ParOldGen       total 161280K, used 35463K [0x00000006c1800000, 0x00000006cb580000, 0x00000007b9c00000)
  object space 161280K, 21% used [0x00000006c1800000,0x00000006c3aa1e80,0x00000006cb580000)
 Metaspace       used 2707K, capacity 4486K, committed 4864K, reserved 1056768K
  class space    used 302K, capacity 386K, committed 512K, reserved 1048576K
}
{Heap before GC invocations=659 (full 1):
 PSYoungGen      total 69120K, used 68736K [0x00000007b9c00000, 0x00000007c0000000, 0x00000007c0000000)
  eden space 35840K, 100% used [0x00000007b9c00000,0x00000007bbf00000,0x00000007bbf00000)
  from space 33280K, 98% used [0x00000007bbf00000,0x00000007bdf20000,0x00000007bdf80000)
  to   space 33280K, 0% used [0x00000007bdf80000,0x00000007bdf80000,0x00000007c0000000)
 ParOldGen       total 161280K, used 35463K [0x00000006c1800000, 0x00000006cb580000, 0x00000007b9c00000)
  object space 161280K, 21% used [0x00000006c1800000,0x00000006c3aa1e80,0x00000006cb580000)
 Metaspace       used 2707K, capacity 4486K, committed 4864K, reserved 1056768K
  class space    used 302K, capacity 386K, committed 512K, reserved 1048576K
[GC (Allocation Failure)  104199K->68327K(230400K), 0.0310608 secs]
Heap after GC invocations=659 (full 1):
 PSYoungGen      total 69120K, used 32864K [0x00000007b9c00000, 0x00000007c0000000, 0x00000007c0000000)
  eden space 35840K, 0% used [0x00000007b9c00000,0x00000007b9c00000,0x00000007bbf00000)
  from space 33280K, 98% used [0x00000007bdf80000,0x00000007bff98000,0x00000007c0000000)
  to   space 33280K, 0% used [0x00000007bbf00000,0x00000007bbf00000,0x00000007bdf80000)
 ParOldGen       total 161280K, used 35463K [0x00000006c1800000, 0x00000006cb580000, 0x00000007b9c00000)
  object space 161280K, 21% used [0x00000006c1800000,0x00000006c3aa1e80,0x00000006cb580000)
 Metaspace       used 2707K, capacity 4486K, committed 4864K, reserved 1056768K
  class space    used 302K, capacity 386K, committed 512K, reserved 1048576K
}
{Heap before GC invocations=660 (full 1):
 PSYoungGen      total 69120K, used 68704K [0x00000007b9c00000, 0x00000007c0000000, 0x00000007c0000000)
  eden space 35840K, 100% used [0x00000007b9c00000,0x00000007bbf00000,0x00000007bbf00000)
  from space 33280K, 98% used [0x00000007bdf80000,0x00000007bff98000,0x00000007c0000000)
  to   space 33280K, 0% used [0x00000007bbf00000,0x00000007bbf00000,0x00000007bdf80000)
 ParOldGen       total 161280K, used 35463K [0x00000006c1800000, 0x00000006cb580000, 0x00000007b9c00000)
  object space 161280K, 21% used [0x00000006c1800000,0x00000006c3aa1e80,0x00000006cb580000)
 Metaspace       used 2707K, capacity 4486K, committed 4864K, reserved 1056768K
  class space    used 302K, capacity 386K, committed 512K, reserved 1048576K
[GC (Allocation Failure)  104167K->68327K(230400K), 0.0297885 secs]
Heap after GC invocations=660 (full 1):
 PSYoungGen      total 69120K, used 32864K [0x00000007b9c00000, 0x00000007c0000000, 0x00000007c0000000)
  eden space 35840K, 0% used [0x00000007b9c00000,0x00000007b9c00000,0x00000007bbf00000)
  from space 33280K, 98% used [0x00000007bbf00000,0x00000007bdf18000,0x00000007bdf80000)
  to   space 33280K, 0% used [0x00000007bdf80000,0x00000007bdf80000,0x00000007c0000000)
 ParOldGen       total 161280K, used 35463K [0x00000006c1800000, 0x00000006cb580000, 0x00000007b9c00000)
  object space 161280K, 21% used [0x00000006c1800000,0x00000006c3aa1e80,0x00000006cb580000)
 Metaspace       used 2707K, capacity 4486K, committed 4864K, reserved 1056768K
  class space    used 302K, capacity 386K, committed 512K, reserved 1048576K
}
{Heap before GC invocations=661 (full 1):
 PSYoungGen      total 69120K, used 68704K [0x00000007b9c00000, 0x00000007c0000000, 0x00000007c0000000)
  eden space 35840K, 100% used [0x00000007b9c00000,0x00000007bbf00000,0x00000007bbf00000)
  from space 33280K, 98% used [0x00000007bbf00000,0x00000007bdf18000,0x00000007bdf80000)
  to   space 33280K, 0% used [0x00000007bdf80000,0x00000007bdf80000,0x00000007c0000000)
 ParOldGen       total 161280K, used 35463K [0x00000006c1800000, 0x00000006cb580000, 0x00000007b9c00000)
  object space 161280K, 21% used [0x00000006c1800000,0x00000006c3aa1e80,0x00000006cb580000)
 Metaspace       used 2707K, capacity 4486K, committed 4864K, reserved 1056768K
  class space    used 302K, capacity 386K, committed 512K, reserved 1048576K
[GC (Allocation Failure)  104167K->68359K(230400K), 0.0319114 secs]
Heap after GC invocations=661 (full 1):
 PSYoungGen      total 69120K, used 32896K [0x00000007b9c00000, 0x00000007c0000000, 0x00000007c0000000)
  eden space 35840K, 0% used [0x00000007b9c00000,0x00000007b9c00000,0x00000007bbf00000)
  from space 33280K, 98% used [0x00000007bdf80000,0x00000007bffa0000,0x00000007c0000000)
  to   space 33280K, 0% used [0x00000007bbf00000,0x00000007bbf00000,0x00000007bdf80000)
 ParOldGen       total 161280K, used 35463K [0x00000006c1800000, 0x00000006cb580000, 0x00000007b9c00000)
  object space 161280K, 21% used [0x00000006c1800000,0x00000006c3aa1e80,0x00000006cb580000)
 Metaspace       used 2707K, capacity 4486K, committed 4864K, reserved 1056768K
  class space    used 302K, capacity 386K, committed 512K, reserved 1048576K
}
{Heap before GC invocations=662 (full 1):
 PSYoungGen      total 69120K, used 68736K [0x00000007b9c00000, 0x00000007c0000000, 0x00000007c0000000)
  eden space 35840K, 100% used [0x00000007b9c00000,0x00000007bbf00000,0x00000007bbf00000)
  from space 33280K, 98% used [0x00000007bdf80000,0x00000007bffa0000,0x00000007c0000000)
  to   space 33280K, 0% used [0x00000007bbf00000,0x00000007bbf00000,0x00000007bdf80000)
 ParOldGen       total 161280K, used 35463K [0x00000006c1800000, 0x00000006cb580000, 0x00000007b9c00000)
  object space 161280K, 21% used [0x00000006c1800000,0x00000006c3aa1e80,0x00000006cb580000)
 Metaspace       used 2707K, capacity 4486K, committed 4864K, reserved 1056768K
  class space    used 302K, capacity 386K, committed 512K, reserved 1048576K
[GC (Allocation Failure)  104199K->68359K(230400K), 0.0323376 secs]
Heap after GC invocations=662 (full 1):
 PSYoungGen      total 69120K, used 32896K [0x00000007b9c00000, 0x00000007c0000000, 0x00000007c0000000)
  eden space 35840K, 0% used [0x00000007b9c00000,0x00000007b9c00000,0x00000007bbf00000)
  from space 33280K, 98% used [0x00000007bbf00000,0x00000007bdf20000,0x00000007bdf80000)
  to   space 33280K, 0% used [0x00000007bdf80000,0x00000007bdf80000,0x00000007c0000000)
 ParOldGen       total 161280K, used 35463K [0x00000006c1800000, 0x00000006cb580000, 0x00000007b9c00000)
  object space 161280K, 21% used [0x00000006c1800000,0x00000006c3aa1e80,0x00000006cb580000)
 Metaspace       used 2707K, capacity 4486K, committed 4864K, reserved 1056768K
  class space    used 302K, capacity 386K, committed 512K, reserved 1048576K
}
{Heap before GC invocations=663 (full 1):
 PSYoungGen      total 69120K, used 68736K [0x00000007b9c00000, 0x00000007c0000000, 0x00000007c0000000)
  eden space 35840K, 100% used [0x00000007b9c00000,0x00000007bbf00000,0x00000007bbf00000)
  from space 33280K, 98% used [0x00000007bbf00000,0x00000007bdf20000,0x00000007bdf80000)
  to   space 33280K, 0% used [0x00000007bdf80000,0x00000007bdf80000,0x00000007c0000000)
 ParOldGen       total 161280K, used 35463K [0x00000006c1800000, 0x00000006cb580000, 0x00000007b9c00000)
  object space 161280K, 21% used [0x00000006c1800000,0x00000006c3aa1e80,0x00000006cb580000)
 Metaspace       used 2707K, capacity 4486K, committed 4864K, reserved 1056768K
  class space    used 302K, capacity 386K, committed 512K, reserved 1048576K
[GC (Allocation Failure)  104199K->68359K(230400K), 0.0297927 secs]
Heap after GC invocations=663 (full 1):
 PSYoungGen      total 69120K, used 32896K [0x00000007b9c00000, 0x00000007c0000000, 0x00000007c0000000)
  eden space 35840K, 0% used [0x00000007b9c00000,0x00000007b9c00000,0x00000007bbf00000)
  from space 33280K, 98% used [0x00000007bdf80000,0x00000007bffa0000,0x00000007c0000000)
  to   space 33280K, 0% used [0x00000007bbf00000,0x00000007bbf00000,0x00000007bdf80000)
 ParOldGen       total 161280K, used 35463K [0x00000006c1800000, 0x00000006cb580000, 0x00000007b9c00000)
  object space 161280K, 21% used [0x00000006c1800000,0x00000006c3aa1e80,0x00000006cb580000)
 Metaspace       used 2707K, capacity 4486K, committed 4864K, reserved 1056768K
  class space    used 302K, capacity 386K, committed 512K, reserved 1048576K
}
{Heap before GC invocations=664 (full 1):
 PSYoungGen      total 69120K, used 68736K [0x00000007b9c00000, 0x00000007c0000000, 0x00000007c0000000)
  eden space 35840K, 100% used [0x00000007b9c00000,0x00000007bbf00000,0x00000007bbf00000)
  from space 33280K, 98% used [0x00000007bdf80000,0x00000007bffa0000,0x00000007c0000000)
  to   space 33280K, 0% used [0x00000007bbf00000,0x00000007bbf00000,0x00000007bdf80000)
 ParOldGen       total 161280K, used 35463K [0x00000006c1800000, 0x00000006cb580000, 0x00000007b9c00000)
  object space 161280K, 21% used [0x00000006c1800000,0x00000006c3aa1e80,0x00000006cb580000)
 Metaspace       used 2707K, capacity 4486K, committed 4864K, reserved 1056768K
  class space    used 302K, capacity 386K, committed 512K, reserved 1048576K
[GC (Allocation Failure)  104199K->68391K(230400K), 0.0320858 secs]
Heap after GC invocations=664 (full 1):
 PSYoungGen      total 69120K, used 32928K [0x00000007b9c00000, 0x00000007c0000000, 0x00000007c0000000)
  eden space 35840K, 0% used [0x00000007b9c00000,0x00000007b9c00000,0x00000007bbf00000)
  from space 33280K, 98% used [0x00000007bbf00000,0x00000007bdf28000,0x00000007bdf80000)
  to   space 33280K, 0% used [0x00000007bdf80000,0x00000007bdf80000,0x00000007c0000000)
 ParOldGen       total 161280K, used 35463K [0x00000006c1800000, 0x00000006cb580000, 0x00000007b9c00000)
  object space 161280K, 21% used [0x00000006c1800000,0x00000006c3aa1e80,0x00000006cb580000)
 Metaspace       used 2707K, capacity 4486K, committed 4864K, reserved 1056768K
  class space    used 302K, capacity 386K, committed 512K, reserved 1048576K
}
{Heap before GC invocations=665 (full 1):
 PSYoungGen      total 69120K, used 68768K [0x00000007b9c00000, 0x00000007c0000000, 0x00000007c0000000)
  eden space 35840K, 100% used [0x00000007b9c00000,0x00000007bbf00000,0x00000007bbf00000)
  from space 33280K, 98% used [0x00000007bbf00000,0x00000007bdf28000,0x00000007bdf80000)
  to   space 33280K, 0% used [0x00000007bdf80000,0x00000007bdf80000,0x00000007c0000000)
 ParOldGen       total 161280K, used 35463K [0x00000006c1800000, 0x00000006cb580000, 0x00000007b9c00000)
  object space 161280K, 21% used [0x00000006c1800000,0x00000006c3aa1e80,0x00000006cb580000)
 Metaspace       used 2707K, capacity 4486K, committed 4864K, reserved 1056768K
  class space    used 302K, capacity 386K, committed 512K, reserved 1048576K
[GC (Allocation Failure)  104231K->68359K(230400K), 0.0314189 secs]
Heap after GC invocations=665 (full 1):
 PSYoungGen      total 69120K, used 32896K [0x00000007b9c00000, 0x00000007c0000000, 0x00000007c0000000)
  eden space 35840K, 0% used [0x00000007b9c00000,0x00000007b9c00000,0x00000007bbf00000)
  from space 33280K, 98% used [0x00000007bdf80000,0x00000007bffa0000,0x00000007c0000000)
  to   space 33280K, 0% used [0x00000007bbf00000,0x00000007bbf00000,0x00000007bdf80000)
 ParOldGen       total 161280K, used 35463K [0x00000006c1800000, 0x00000006cb580000, 0x00000007b9c00000)
  object space 161280K, 21% used [0x00000006c1800000,0x00000006c3aa1e80,0x00000006cb580000)
 Metaspace       used 2707K, capacity 4486K, committed 4864K, reserved 1056768K
  class space    used 302K, capacity 386K, committed 512K, reserved 1048576K
}
{Heap before GC invocations=666 (full 1):
 PSYoungGen      total 69120K, used 68736K [0x00000007b9c00000, 0x00000007c0000000, 0x00000007c0000000)
  eden space 35840K, 100% used [0x00000007b9c00000,0x00000007bbf00000,0x00000007bbf00000)
  from space 33280K, 98% used [0x00000007bdf80000,0x00000007bffa0000,0x00000007c0000000)
  to   space 33280K, 0% used [0x00000007bbf00000,0x00000007bbf00000,0x00000007bdf80000)
 ParOldGen       total 161280K, used 35463K [0x00000006c1800000, 0x00000006cb580000, 0x00000007b9c00000)
  object space 161280K, 21% used [0x00000006c1800000,0x00000006c3aa1e80,0x00000006cb580000)
 Metaspace       used 2707K, capacity 4486K, committed 4864K, reserved 1056768K
  class space    used 302K, capacity 386K, committed 512K, reserved 1048576K
[GC (Allocation Failure)  104199K->68327K(230400K), 0.0331118 secs]
Heap after GC invocations=666 (full 1):
 PSYoungGen      total 69120K, used 32864K [0x00000007b9c00000, 0x00000007c0000000, 0x00000007c0000000)
  eden space 35840K, 0% used [0x00000007b9c00000,0x00000007b9c00000,0x00000007bbf00000)
  from space 33280K, 98% used [0x00000007bbf00000,0x00000007bdf18000,0x00000007bdf80000)
  to   space 33280K, 0% used [0x00000007bdf80000,0x00000007bdf80000,0x00000007c0000000)
 ParOldGen       total 161280K, used 35463K [0x00000006c1800000, 0x00000006cb580000, 0x00000007b9c00000)
  object space 161280K, 21% used [0x00000006c1800000,0x00000006c3aa1e80,0x00000006cb580000)
 Metaspace       used 2707K, capacity 4486K, committed 4864K, reserved 1056768K
  class space    used 302K, capacity 386K, committed 512K, reserved 1048576K
}
{Heap before GC invocations=667 (full 1):
 PSYoungGen      total 69120K, used 68704K [0x00000007b9c00000, 0x00000007c0000000, 0x00000007c0000000)
  eden space 35840K, 100% used [0x00000007b9c00000,0x00000007bbf00000,0x00000007bbf00000)
  from space 33280K, 98% used [0x00000007bbf00000,0x00000007bdf18000,0x00000007bdf80000)
  to   space 33280K, 0% used [0x00000007bdf80000,0x00000007bdf80000,0x00000007c0000000)
 ParOldGen       total 161280K, used 35463K [0x00000006c1800000, 0x00000006cb580000, 0x00000007b9c00000)
  object space 161280K, 21% used [0x00000006c1800000,0x00000006c3aa1e80,0x00000006cb580000)
 Metaspace       used 2707K, capacity 4486K, committed 4864K, reserved 1056768K
  class space    used 302K, capacity 386K, committed 512K, reserved 1048576K
[GC (Allocation Failure)  104167K->68359K(230400K), 0.0317096 secs]
Heap after GC invocations=667 (full 1):
 PSYoungGen      total 69120K, used 32896K [0x00000007b9c00000, 0x00000007c0000000, 0x00000007c0000000)
  eden space 35840K, 0% used [0x00000007b9c00000,0x00000007b9c00000,0x00000007bbf00000)
  from space 33280K, 98% used [0x00000007bdf80000,0x00000007bffa0000,0x00000007c0000000)
  to   space 33280K, 0% used [0x00000007bbf00000,0x00000007bbf00000,0x00000007bdf80000)
 ParOldGen       total 161280K, used 35463K [0x00000006c1800000, 0x00000006cb580000, 0x00000007b9c00000)
  object space 161280K, 21% used [0x00000006c1800000,0x00000006c3aa1e80,0x00000006cb580000)
 Metaspace       used 2707K, capacity 4486K, committed 4864K, reserved 1056768K
  class space    used 302K, capacity 386K, committed 512K, reserved 1048576K
}
{Heap before GC invocations=668 (full 1):
 PSYoungGen      total 69120K, used 68736K [0x00000007b9c00000, 0x00000007c0000000, 0x00000007c0000000)
  eden space 35840K, 100% used [0x00000007b9c00000,0x00000007bbf00000,0x00000007bbf00000)
  from space 33280K, 98% used [0x00000007bdf80000,0x00000007bffa0000,0x00000007c0000000)
  to   space 33280K, 0% used [0x00000007bbf00000,0x00000007bbf00000,0x00000007bdf80000)
 ParOldGen       total 161280K, used 35463K [0x00000006c1800000, 0x00000006cb580000, 0x00000007b9c00000)
  object space 161280K, 21% used [0x00000006c1800000,0x00000006c3aa1e80,0x00000006cb580000)
 Metaspace       used 2707K, capacity 4486K, committed 4864K, reserved 1056768K
  class space    used 302K, capacity 386K, committed 512K, reserved 1048576K
[GC (Allocation Failure)  104199K->68359K(230400K), 0.0314777 secs]
Heap after GC invocations=668 (full 1):
 PSYoungGen      total 69120K, used 32896K [0x00000007b9c00000, 0x00000007c0000000, 0x00000007c0000000)
  eden space 35840K, 0% used [0x00000007b9c00000,0x00000007b9c00000,0x00000007bbf00000)
  from space 33280K, 98% used [0x00000007bbf00000,0x00000007bdf20000,0x00000007bdf80000)
  to   space 33280K, 0% used [0x00000007bdf80000,0x00000007bdf80000,0x00000007c0000000)
 ParOldGen       total 161280K, used 35463K [0x00000006c1800000, 0x00000006cb580000, 0x00000007b9c00000)
  object space 161280K, 21% used [0x00000006c1800000,0x00000006c3aa1e80,0x00000006cb580000)
 Metaspace       used 2707K, capacity 4486K, committed 4864K, reserved 1056768K
  class space    used 302K, capacity 386K, committed 512K, reserved 1048576K
}
{Heap before GC invocations=669 (full 1):
 PSYoungGen      total 69120K, used 68736K [0x00000007b9c00000, 0x00000007c0000000, 0x00000007c0000000)
  eden space 35840K, 100% used [0x00000007b9c00000,0x00000007bbf00000,0x00000007bbf00000)
  from space 33280K, 98% used [0x00000007bbf00000,0x00000007bdf20000,0x00000007bdf80000)
  to   space 33280K, 0% used [0x00000007bdf80000,0x00000007bdf80000,0x00000007c0000000)
 ParOldGen       total 161280K, used 35463K [0x00000006c1800000, 0x00000006cb580000, 0x00000007b9c00000)
  object space 161280K, 21% used [0x00000006c1800000,0x00000006c3aa1e80,0x00000006cb580000)
 Metaspace       used 2707K, capacity 4486K, committed 4864K, reserved 1056768K
  class space    used 302K, capacity 386K, committed 512K, reserved 1048576K
[GC (Allocation Failure)  104199K->68327K(230400K), 0.0329518 secs]
Heap after GC invocations=669 (full 1):
 PSYoungGen      total 69120K, used 32864K [0x00000007b9c00000, 0x00000007c0000000, 0x00000007c0000000)
  eden space 35840K, 0% used [0x00000007b9c00000,0x00000007b9c00000,0x00000007bbf00000)
  from space 33280K, 98% used [0x00000007bdf80000,0x00000007bff98000,0x00000007c0000000)
  to   space 33280K, 0% used [0x00000007bbf00000,0x00000007bbf00000,0x00000007bdf80000)
 ParOldGen       total 161280K, used 35463K [0x00000006c1800000, 0x00000006cb580000, 0x00000007b9c00000)
  object space 161280K, 21% used [0x00000006c1800000,0x00000006c3aa1e80,0x00000006cb580000)
 Metaspace       used 2707K, capacity 4486K, committed 4864K, reserved 1056768K
  class space    used 302K, capacity 386K, committed 512K, reserved 1048576K
}
{Heap before GC invocations=670 (full 1):
 PSYoungGen      total 69120K, used 68704K [0x00000007b9c00000, 0x00000007c0000000, 0x00000007c0000000)
  eden space 35840K, 100% used [0x00000007b9c00000,0x00000007bbf00000,0x00000007bbf00000)
  from space 33280K, 98% used [0x00000007bdf80000,0x00000007bff98000,0x00000007c0000000)
  to   space 33280K, 0% used [0x00000007bbf00000,0x00000007bbf00000,0x00000007bdf80000)
 ParOldGen       total 161280K, used 35463K [0x00000006c1800000, 0x00000006cb580000, 0x00000007b9c00000)
  object space 161280K, 21% used [0x00000006c1800000,0x00000006c3aa1e80,0x00000006cb580000)
 Metaspace       used 2707K, capacity 4486K, committed 4864K, reserved 1056768K
  class space    used 302K, capacity 386K, committed 512K, reserved 1048576K
[GC (Allocation Failure)  104167K->68391K(230400K), 0.0318210 secs]
Heap after GC invocations=670 (full 1):
 PSYoungGen      total 69120K, used 32928K [0x00000007b9c00000, 0x00000007c0000000, 0x00000007c0000000)
  eden space 35840K, 0% used [0x00000007b9c00000,0x00000007b9c00000,0x00000007bbf00000)
  from space 33280K, 98% used [0x00000007bbf00000,0x00000007bdf28000,0x00000007bdf80000)
  to   space 33280K, 0% used [0x00000007bdf80000,0x00000007bdf80000,0x00000007c0000000)
 ParOldGen       total 161280K, used 35463K [0x00000006c1800000, 0x00000006cb580000, 0x00000007b9c00000)
  object space 161280K, 21% used [0x00000006c1800000,0x00000006c3aa1e80,0x00000006cb580000)
 Metaspace       used 2707K, capacity 4486K, committed 4864K, reserved 1056768K
  class space    used 302K, capacity 386K, committed 512K, reserved 1048576K
}
{Heap before GC invocations=671 (full 1):
 PSYoungGen      total 69120K, used 68768K [0x00000007b9c00000, 0x00000007c0000000, 0x00000007c0000000)
  eden space 35840K, 100% used [0x00000007b9c00000,0x00000007bbf00000,0x00000007bbf00000)
  from space 33280K, 98% used [0x00000007bbf00000,0x00000007bdf28000,0x00000007bdf80000)
  to   space 33280K, 0% used [0x00000007bdf80000,0x00000007bdf80000,0x00000007c0000000)
 ParOldGen       total 161280K, used 35463K [0x00000006c1800000, 0x00000006cb580000, 0x00000007b9c00000)
  object space 161280K, 21% used [0x00000006c1800000,0x00000006c3aa1e80,0x00000006cb580000)
 Metaspace       used 2707K, capacity 4486K, committed 4864K, reserved 1056768K
  class space    used 302K, capacity 386K, committed 512K, reserved 1048576K
[GC (Allocation Failure)  104231K->68359K(230400K), 0.0308659 secs]
Heap after GC invocations=671 (full 1):
 PSYoungGen      total 69120K, used 32896K [0x00000007b9c00000, 0x00000007c0000000, 0x00000007c0000000)
  eden space 35840K, 0% used [0x00000007b9c00000,0x00000007b9c00000,0x00000007bbf00000)
  from space 33280K, 98% used [0x00000007bdf80000,0x00000007bffa0000,0x00000007c0000000)
  to   space 33280K, 0% used [0x00000007bbf00000,0x00000007bbf00000,0x00000007bdf80000)
 ParOldGen       total 161280K, used 35463K [0x00000006c1800000, 0x00000006cb580000, 0x00000007b9c00000)
  object space 161280K, 21% used [0x00000006c1800000,0x00000006c3aa1e80,0x00000006cb580000)
 Metaspace       used 2707K, capacity 4486K, committed 4864K, reserved 1056768K
  class space    used 302K, capacity 386K, committed 512K, reserved 1048576K
}
{Heap before GC invocations=672 (full 1):
 PSYoungGen      total 69120K, used 68736K [0x00000007b9c00000, 0x00000007c0000000, 0x00000007c0000000)
  eden space 35840K, 100% used [0x00000007b9c00000,0x00000007bbf00000,0x00000007bbf00000)
  from space 33280K, 98% used [0x00000007bdf80000,0x00000007bffa0000,0x00000007c0000000)
  to   space 33280K, 0% used [0x00000007bbf00000,0x00000007bbf00000,0x00000007bdf80000)
 ParOldGen       total 161280K, used 35463K [0x00000006c1800000, 0x00000006cb580000, 0x00000007b9c00000)
  object space 161280K, 21% used [0x00000006c1800000,0x00000006c3aa1e80,0x00000006cb580000)
 Metaspace       used 2707K, capacity 4486K, committed 4864K, reserved 1056768K
  class space    used 302K, capacity 386K, committed 512K, reserved 1048576K
[GC (Allocation Failure)  104199K->68359K(230400K), 0.0316767 secs]
Heap after GC invocations=672 (full 1):
 PSYoungGen      total 69120K, used 32896K [0x00000007b9c00000, 0x00000007c0000000, 0x00000007c0000000)
  eden space 35840K, 0% used [0x00000007b9c00000,0x00000007b9c00000,0x00000007bbf00000)
  from space 33280K, 98% used [0x00000007bbf00000,0x00000007bdf20000,0x00000007bdf80000)
  to   space 33280K, 0% used [0x00000007bdf80000,0x00000007bdf80000,0x00000007c0000000)
 ParOldGen       total 161280K, used 35463K [0x00000006c1800000, 0x00000006cb580000, 0x00000007b9c00000)
  object space 161280K, 21% used [0x00000006c1800000,0x00000006c3aa1e80,0x00000006cb580000)
 Metaspace       used 2707K, capacity 4486K, committed 4864K, reserved 1056768K
  class space    used 302K, capacity 386K, committed 512K, reserved 1048576K
}
{Heap before GC invocations=673 (full 1):
 PSYoungGen      total 69120K, used 68736K [0x00000007b9c00000, 0x00000007c0000000, 0x00000007c0000000)
  eden space 35840K, 100% used [0x00000007b9c00000,0x00000007bbf00000,0x00000007bbf00000)
  from space 33280K, 98% used [0x00000007bbf00000,0x00000007bdf20000,0x00000007bdf80000)
  to   space 33280K, 0% used [0x00000007bdf80000,0x00000007bdf80000,0x00000007c0000000)
 ParOldGen       total 161280K, used 35463K [0x00000006c1800000, 0x00000006cb580000, 0x00000007b9c00000)
  object space 161280K, 21% used [0x00000006c1800000,0x00000006c3aa1e80,0x00000006cb580000)
 Metaspace       used 2707K, capacity 4486K, committed 4864K, reserved 1056768K
  class space    used 302K, capacity 386K, committed 512K, reserved 1048576K
[GC (Allocation Failure)  104199K->68359K(230400K), 0.0297477 secs]
Heap after GC invocations=673 (full 1):
 PSYoungGen      total 69120K, used 32896K [0x00000007b9c00000, 0x00000007c0000000, 0x00000007c0000000)
  eden space 35840K, 0% used [0x00000007b9c00000,0x00000007b9c00000,0x00000007bbf00000)
  from space 33280K, 98% used [0x00000007bdf80000,0x00000007bffa0000,0x00000007c0000000)
  to   space 33280K, 0% used [0x00000007bbf00000,0x00000007bbf00000,0x00000007bdf80000)
 ParOldGen       total 161280K, used 35463K [0x00000006c1800000, 0x00000006cb580000, 0x00000007b9c00000)
  object space 161280K, 21% used [0x00000006c1800000,0x00000006c3aa1e80,0x00000006cb580000)
 Metaspace       used 2707K, capacity 4486K, committed 4864K, reserved 1056768K
  class space    used 302K, capacity 386K, committed 512K, reserved 1048576K
}
{Heap before GC invocations=674 (full 1):
 PSYoungGen      total 69120K, used 68736K [0x00000007b9c00000, 0x00000007c0000000, 0x00000007c0000000)
  eden space 35840K, 100% used [0x00000007b9c00000,0x00000007bbf00000,0x00000007bbf00000)
  from space 33280K, 98% used [0x00000007bdf80000,0x00000007bffa0000,0x00000007c0000000)
  to   space 33280K, 0% used [0x00000007bbf00000,0x00000007bbf00000,0x00000007bdf80000)
 ParOldGen       total 161280K, used 35463K [0x00000006c1800000, 0x00000006cb580000, 0x00000007b9c00000)
  object space 161280K, 21% used [0x00000006c1800000,0x00000006c3aa1e80,0x00000006cb580000)
 Metaspace       used 2707K, capacity 4486K, committed 4864K, reserved 1056768K
  class space    used 302K, capacity 386K, committed 512K, reserved 1048576K
[GC (Allocation Failure)  104199K->68359K(230400K), 0.0332619 secs]
Heap after GC invocations=674 (full 1):
 PSYoungGen      total 69120K, used 32896K [0x00000007b9c00000, 0x00000007c0000000, 0x00000007c0000000)
  eden space 35840K, 0% used [0x00000007b9c00000,0x00000007b9c00000,0x00000007bbf00000)
  from space 33280K, 98% used [0x00000007bbf00000,0x00000007bdf20000,0x00000007bdf80000)
  to   space 33280K, 0% used [0x00000007bdf80000,0x00000007bdf80000,0x00000007c0000000)
 ParOldGen       total 161280K, used 35463K [0x00000006c1800000, 0x00000006cb580000, 0x00000007b9c00000)
  object space 161280K, 21% used [0x00000006c1800000,0x00000006c3aa1e80,0x00000006cb580000)
 Metaspace       used 2707K, capacity 4486K, committed 4864K, reserved 1056768K
  class space    used 302K, capacity 386K, committed 512K, reserved 1048576K
}
{Heap before GC invocations=675 (full 1):
 PSYoungGen      total 69120K, used 68736K [0x00000007b9c00000, 0x00000007c0000000, 0x00000007c0000000)
  eden space 35840K, 100% used [0x00000007b9c00000,0x00000007bbf00000,0x00000007bbf00000)
  from space 33280K, 98% used [0x00000007bbf00000,0x00000007bdf20000,0x00000007bdf80000)
  to   space 33280K, 0% used [0x00000007bdf80000,0x00000007bdf80000,0x00000007c0000000)
 ParOldGen       total 161280K, used 35463K [0x00000006c1800000, 0x00000006cb580000, 0x00000007b9c00000)
  object space 161280K, 21% used [0x00000006c1800000,0x00000006c3aa1e80,0x00000006cb580000)
 Metaspace       used 2707K, capacity 4486K, committed 4864K, reserved 1056768K
  class space    used 302K, capacity 386K, committed 512K, reserved 1048576K
[GC (Allocation Failure)  104199K->68327K(230400K), 0.0317008 secs]
Heap after GC invocations=675 (full 1):
 PSYoungGen      total 69120K, used 32864K [0x00000007b9c00000, 0x00000007c0000000, 0x00000007c0000000)
  eden space 35840K, 0% used [0x00000007b9c00000,0x00000007b9c00000,0x00000007bbf00000)
  from space 33280K, 98% used [0x00000007bdf80000,0x00000007bff98000,0x00000007c0000000)
  to   space 33280K, 0% used [0x00000007bbf00000,0x00000007bbf00000,0x00000007bdf80000)
 ParOldGen       total 161280K, used 35463K [0x00000006c1800000, 0x00000006cb580000, 0x00000007b9c00000)
  object space 161280K, 21% used [0x00000006c1800000,0x00000006c3aa1e80,0x00000006cb580000)
 Metaspace       used 2707K, capacity 4486K, committed 4864K, reserved 1056768K
  class space    used 302K, capacity 386K, committed 512K, reserved 1048576K
}
{Heap before GC invocations=676 (full 1):
 PSYoungGen      total 69120K, used 68704K [0x00000007b9c00000, 0x00000007c0000000, 0x00000007c0000000)
  eden space 35840K, 100% used [0x00000007b9c00000,0x00000007bbf00000,0x00000007bbf00000)
  from space 33280K, 98% used [0x00000007bdf80000,0x00000007bff98000,0x00000007c0000000)
  to   space 33280K, 0% used [0x00000007bbf00000,0x00000007bbf00000,0x00000007bdf80000)
 ParOldGen       total 161280K, used 35463K [0x00000006c1800000, 0x00000006cb580000, 0x00000007b9c00000)
  object space 161280K, 21% used [0x00000006c1800000,0x00000006c3aa1e80,0x00000006cb580000)
 Metaspace       used 2707K, capacity 4486K, committed 4864K, reserved 1056768K
  class space    used 302K, capacity 386K, committed 512K, reserved 1048576K
[GC (Allocation Failure)  104167K->68391K(230400K), 0.0321008 secs]
Heap after GC invocations=676 (full 1):
 PSYoungGen      total 69120K, used 32928K [0x00000007b9c00000, 0x00000007c0000000, 0x00000007c0000000)
  eden space 35840K, 0% used [0x00000007b9c00000,0x00000007b9c00000,0x00000007bbf00000)
  from space 33280K, 98% used [0x00000007bbf00000,0x00000007bdf28000,0x00000007bdf80000)
  to   space 33280K, 0% used [0x00000007bdf80000,0x00000007bdf80000,0x00000007c0000000)
 ParOldGen       total 161280K, used 35463K [0x00000006c1800000, 0x00000006cb580000, 0x00000007b9c00000)
  object space 161280K, 21% used [0x00000006c1800000,0x00000006c3aa1e80,0x00000006cb580000)
 Metaspace       used 2707K, capacity 4486K, committed 4864K, reserved 1056768K
  class space    used 302K, capacity 386K, committed 512K, reserved 1048576K
}
{Heap before GC invocations=677 (full 1):
 PSYoungGen      total 69120K, used 68768K [0x00000007b9c00000, 0x00000007c0000000, 0x00000007c0000000)
  eden space 35840K, 100% used [0x00000007b9c00000,0x00000007bbf00000,0x00000007bbf00000)
  from space 33280K, 98% used [0x00000007bbf00000,0x00000007bdf28000,0x00000007bdf80000)
  to   space 33280K, 0% used [0x00000007bdf80000,0x00000007bdf80000,0x00000007c0000000)
 ParOldGen       total 161280K, used 35463K [0x00000006c1800000, 0x00000006cb580000, 0x00000007b9c00000)
  object space 161280K, 21% used [0x00000006c1800000,0x00000006c3aa1e80,0x00000006cb580000)
 Metaspace       used 2707K, capacity 4486K, committed 4864K, reserved 1056768K
  class space    used 302K, capacity 386K, committed 512K, reserved 1048576K
[GC (Allocation Failure)  104231K->68327K(230400K), 0.0324485 secs]
Heap after GC invocations=677 (full 1):
 PSYoungGen      total 69120K, used 32864K [0x00000007b9c00000, 0x00000007c0000000, 0x00000007c0000000)
  eden space 35840K, 0% used [0x00000007b9c00000,0x00000007b9c00000,0x00000007bbf00000)
  from space 33280K, 98% used [0x00000007bdf80000,0x00000007bff98000,0x00000007c0000000)
  to   space 33280K, 0% used [0x00000007bbf00000,0x00000007bbf00000,0x00000007bdf80000)
 ParOldGen       total 161280K, used 35463K [0x00000006c1800000, 0x00000006cb580000, 0x00000007b9c00000)
  object space 161280K, 21% used [0x00000006c1800000,0x00000006c3aa1e80,0x00000006cb580000)
 Metaspace       used 2707K, capacity 4486K, committed 4864K, reserved 1056768K
  class space    used 302K, capacity 386K, committed 512K, reserved 1048576K
}
{Heap before GC invocations=678 (full 1):
 PSYoungGen      total 69120K, used 68704K [0x00000007b9c00000, 0x00000007c0000000, 0x00000007c0000000)
  eden space 35840K, 100% used [0x00000007b9c00000,0x00000007bbf00000,0x00000007bbf00000)
  from space 33280K, 98% used [0x00000007bdf80000,0x00000007bff98000,0x00000007c0000000)
  to   space 33280K, 0% used [0x00000007bbf00000,0x00000007bbf00000,0x00000007bdf80000)
 ParOldGen       total 161280K, used 35463K [0x00000006c1800000, 0x00000006cb580000, 0x00000007b9c00000)
  object space 161280K, 21% used [0x00000006c1800000,0x00000006c3aa1e80,0x00000006cb580000)
 Metaspace       used 2707K, capacity 4486K, committed 4864K, reserved 1056768K
  class space    used 302K, capacity 386K, committed 512K, reserved 1048576K
[GC (Allocation Failure)  104167K->68359K(230400K), 0.0322406 secs]
Heap after GC invocations=678 (full 1):
 PSYoungGen      total 69120K, used 32896K [0x00000007b9c00000, 0x00000007c0000000, 0x00000007c0000000)
  eden space 35840K, 0% used [0x00000007b9c00000,0x00000007b9c00000,0x00000007bbf00000)
  from space 33280K, 98% used [0x00000007bbf00000,0x00000007bdf20000,0x00000007bdf80000)
  to   space 33280K, 0% used [0x00000007bdf80000,0x00000007bdf80000,0x00000007c0000000)
 ParOldGen       total 161280K, used 35463K [0x00000006c1800000, 0x00000006cb580000, 0x00000007b9c00000)
  object space 161280K, 21% used [0x00000006c1800000,0x00000006c3aa1e80,0x00000006cb580000)
 Metaspace       used 2707K, capacity 4486K, committed 4864K, reserved 1056768K
  class space    used 302K, capacity 386K, committed 512K, reserved 1048576K
}
{Heap before GC invocations=679 (full 1):
 PSYoungGen      total 69120K, used 68736K [0x00000007b9c00000, 0x00000007c0000000, 0x00000007c0000000)
  eden space 35840K, 100% used [0x00000007b9c00000,0x00000007bbf00000,0x00000007bbf00000)
  from space 33280K, 98% used [0x00000007bbf00000,0x00000007bdf20000,0x00000007bdf80000)
  to   space 33280K, 0% used [0x00000007bdf80000,0x00000007bdf80000,0x00000007c0000000)
 ParOldGen       total 161280K, used 35463K [0x00000006c1800000, 0x00000006cb580000, 0x00000007b9c00000)
  object space 161280K, 21% used [0x00000006c1800000,0x00000006c3aa1e80,0x00000006cb580000)
 Metaspace       used 2707K, capacity 4486K, committed 4864K, reserved 1056768K
  class space    used 302K, capacity 386K, committed 512K, reserved 1048576K
[GC (Allocation Failure)  104199K->68327K(230400K), 0.0322678 secs]
Heap after GC invocations=679 (full 1):
 PSYoungGen      total 69120K, used 32864K [0x00000007b9c00000, 0x00000007c0000000, 0x00000007c0000000)
  eden space 35840K, 0% used [0x00000007b9c00000,0x00000007b9c00000,0x00000007bbf00000)
  from space 33280K, 98% used [0x00000007bdf80000,0x00000007bff98000,0x00000007c0000000)
  to   space 33280K, 0% used [0x00000007bbf00000,0x00000007bbf00000,0x00000007bdf80000)
 ParOldGen       total 161280K, used 35463K [0x00000006c1800000, 0x00000006cb580000, 0x00000007b9c00000)
  object space 161280K, 21% used [0x00000006c1800000,0x00000006c3aa1e80,0x00000006cb580000)
 Metaspace       used 2707K, capacity 4486K, committed 4864K, reserved 1056768K
  class space    used 302K, capacity 386K, committed 512K, reserved 1048576K
}
{Heap before GC invocations=680 (full 1):
 PSYoungGen      total 69120K, used 68704K [0x00000007b9c00000, 0x00000007c0000000, 0x00000007c0000000)
  eden space 35840K, 100% used [0x00000007b9c00000,0x00000007bbf00000,0x00000007bbf00000)
  from space 33280K, 98% used [0x00000007bdf80000,0x00000007bff98000,0x00000007c0000000)
  to   space 33280K, 0% used [0x00000007bbf00000,0x00000007bbf00000,0x00000007bdf80000)
 ParOldGen       total 161280K, used 35463K [0x00000006c1800000, 0x00000006cb580000, 0x00000007b9c00000)
  object space 161280K, 21% used [0x00000006c1800000,0x00000006c3aa1e80,0x00000006cb580000)
 Metaspace       used 2707K, capacity 4486K, committed 4864K, reserved 1056768K
  class space    used 302K, capacity 386K, committed 512K, reserved 1048576K
[GC (Allocation Failure)  104167K->68359K(230400K), 0.0334605 secs]
Heap after GC invocations=680 (full 1):
 PSYoungGen      total 69120K, used 32896K [0x00000007b9c00000, 0x00000007c0000000, 0x00000007c0000000)
  eden space 35840K, 0% used [0x00000007b9c00000,0x00000007b9c00000,0x00000007bbf00000)
  from space 33280K, 98% used [0x00000007bbf00000,0x00000007bdf20000,0x00000007bdf80000)
  to   space 33280K, 0% used [0x00000007bdf80000,0x00000007bdf80000,0x00000007c0000000)
 ParOldGen       total 161280K, used 35463K [0x00000006c1800000, 0x00000006cb580000, 0x00000007b9c00000)
  object space 161280K, 21% used [0x00000006c1800000,0x00000006c3aa1e80,0x00000006cb580000)
 Metaspace       used 2707K, capacity 4486K, committed 4864K, reserved 1056768K
  class space    used 302K, capacity 386K, committed 512K, reserved 1048576K
}
{Heap before GC invocations=681 (full 1):
 PSYoungGen      total 69120K, used 68736K [0x00000007b9c00000, 0x00000007c0000000, 0x00000007c0000000)
  eden space 35840K, 100% used [0x00000007b9c00000,0x00000007bbf00000,0x00000007bbf00000)
  from space 33280K, 98% used [0x00000007bbf00000,0x00000007bdf20000,0x00000007bdf80000)
  to   space 33280K, 0% used [0x00000007bdf80000,0x00000007bdf80000,0x00000007c0000000)
 ParOldGen       total 161280K, used 35463K [0x00000006c1800000, 0x00000006cb580000, 0x00000007b9c00000)
  object space 161280K, 21% used [0x00000006c1800000,0x00000006c3aa1e80,0x00000006cb580000)
 Metaspace       used 2707K, capacity 4486K, committed 4864K, reserved 1056768K
  class space    used 302K, capacity 386K, committed 512K, reserved 1048576K
[GC (Allocation Failure)  104199K->68327K(230400K), 0.0308407 secs]
Heap after GC invocations=681 (full 1):
 PSYoungGen      total 69120K, used 32864K [0x00000007b9c00000, 0x00000007c0000000, 0x00000007c0000000)
  eden space 35840K, 0% used [0x00000007b9c00000,0x00000007b9c00000,0x00000007bbf00000)
  from space 33280K, 98% used [0x00000007bdf80000,0x00000007bff98000,0x00000007c0000000)
  to   space 33280K, 0% used [0x00000007bbf00000,0x00000007bbf00000,0x00000007bdf80000)
 ParOldGen       total 161280K, used 35463K [0x00000006c1800000, 0x00000006cb580000, 0x00000007b9c00000)
  object space 161280K, 21% used [0x00000006c1800000,0x00000006c3aa1e80,0x00000006cb580000)
 Metaspace       used 2707K, capacity 4486K, committed 4864K, reserved 1056768K
  class space    used 302K, capacity 386K, committed 512K, reserved 1048576K
}
{Heap before GC invocations=682 (full 1):
 PSYoungGen      total 69120K, used 68704K [0x00000007b9c00000, 0x00000007c0000000, 0x00000007c0000000)
  eden space 35840K, 100% used [0x00000007b9c00000,0x00000007bbf00000,0x00000007bbf00000)
  from space 33280K, 98% used [0x00000007bdf80000,0x00000007bff98000,0x00000007c0000000)
  to   space 33280K, 0% used [0x00000007bbf00000,0x00000007bbf00000,0x00000007bdf80000)
 ParOldGen       total 161280K, used 35463K [0x00000006c1800000, 0x00000006cb580000, 0x00000007b9c00000)
  object space 161280K, 21% used [0x00000006c1800000,0x00000006c3aa1e80,0x00000006cb580000)
 Metaspace       used 2707K, capacity 4486K, committed 4864K, reserved 1056768K
  class space    used 302K, capacity 386K, committed 512K, reserved 1048576K
[GC (Allocation Failure)  104167K->68359K(230400K), 0.0306603 secs]
Heap after GC invocations=682 (full 1):
 PSYoungGen      total 69120K, used 32896K [0x00000007b9c00000, 0x00000007c0000000, 0x00000007c0000000)
  eden space 35840K, 0% used [0x00000007b9c00000,0x00000007b9c00000,0x00000007bbf00000)
  from space 33280K, 98% used [0x00000007bbf00000,0x00000007bdf20000,0x00000007bdf80000)
  to   space 33280K, 0% used [0x00000007bdf80000,0x00000007bdf80000,0x00000007c0000000)
 ParOldGen       total 161280K, used 35463K [0x00000006c1800000, 0x00000006cb580000, 0x00000007b9c00000)
  object space 161280K, 21% used [0x00000006c1800000,0x00000006c3aa1e80,0x00000006cb580000)
 Metaspace       used 2707K, capacity 4486K, committed 4864K, reserved 1056768K
  class space    used 302K, capacity 386K, committed 512K, reserved 1048576K
}
{Heap before GC invocations=683 (full 1):
 PSYoungGen      total 69120K, used 68736K [0x00000007b9c00000, 0x00000007c0000000, 0x00000007c0000000)
  eden space 35840K, 100% used [0x00000007b9c00000,0x00000007bbf00000,0x00000007bbf00000)
  from space 33280K, 98% used [0x00000007bbf00000,0x00000007bdf20000,0x00000007bdf80000)
  to   space 33280K, 0% used [0x00000007bdf80000,0x00000007bdf80000,0x00000007c0000000)
 ParOldGen       total 161280K, used 35463K [0x00000006c1800000, 0x00000006cb580000, 0x00000007b9c00000)
  object space 161280K, 21% used [0x00000006c1800000,0x00000006c3aa1e80,0x00000006cb580000)
 Metaspace       used 2707K, capacity 4486K, committed 4864K, reserved 1056768K
  class space    used 302K, capacity 386K, committed 512K, reserved 1048576K
[GC (Allocation Failure)  104199K->68359K(230400K), 0.0329374 secs]
Heap after GC invocations=683 (full 1):
 PSYoungGen      total 69120K, used 32896K [0x00000007b9c00000, 0x00000007c0000000, 0x00000007c0000000)
  eden space 35840K, 0% used [0x00000007b9c00000,0x00000007b9c00000,0x00000007bbf00000)
  from space 33280K, 98% used [0x00000007bdf80000,0x00000007bffa0000,0x00000007c0000000)
  to   space 33280K, 0% used [0x00000007bbf00000,0x00000007bbf00000,0x00000007bdf80000)
 ParOldGen       total 161280K, used 35463K [0x00000006c1800000, 0x00000006cb580000, 0x00000007b9c00000)
  object space 161280K, 21% used [0x00000006c1800000,0x00000006c3aa1e80,0x00000006cb580000)
 Metaspace       used 2707K, capacity 4486K, committed 4864K, reserved 1056768K
  class space    used 302K, capacity 386K, committed 512K, reserved 1048576K
}
{Heap before GC invocations=684 (full 1):
 PSYoungGen      total 69120K, used 68736K [0x00000007b9c00000, 0x00000007c0000000, 0x00000007c0000000)
  eden space 35840K, 100% used [0x00000007b9c00000,0x00000007bbf00000,0x00000007bbf00000)
  from space 33280K, 98% used [0x00000007bdf80000,0x00000007bffa0000,0x00000007c0000000)
  to   space 33280K, 0% used [0x00000007bbf00000,0x00000007bbf00000,0x00000007bdf80000)
 ParOldGen       total 161280K, used 35463K [0x00000006c1800000, 0x00000006cb580000, 0x00000007b9c00000)
  object space 161280K, 21% used [0x00000006c1800000,0x00000006c3aa1e80,0x00000006cb580000)
 Metaspace       used 2707K, capacity 4486K, committed 4864K, reserved 1056768K
  class space    used 302K, capacity 386K, committed 512K, reserved 1048576K
[GC (Allocation Failure)  104199K->68359K(230400K), 0.0317669 secs]
Heap after GC invocations=684 (full 1):
 PSYoungGen      total 69120K, used 32896K [0x00000007b9c00000, 0x00000007c0000000, 0x00000007c0000000)
  eden space 35840K, 0% used [0x00000007b9c00000,0x00000007b9c00000,0x00000007bbf00000)
  from space 33280K, 98% used [0x00000007bbf00000,0x00000007bdf20000,0x00000007bdf80000)
  to   space 33280K, 0% used [0x00000007bdf80000,0x00000007bdf80000,0x00000007c0000000)
 ParOldGen       total 161280K, used 35463K [0x00000006c1800000, 0x00000006cb580000, 0x00000007b9c00000)
  object space 161280K, 21% used [0x00000006c1800000,0x00000006c3aa1e80,0x00000006cb580000)
 Metaspace       used 2707K, capacity 4486K, committed 4864K, reserved 1056768K
  class space    used 302K, capacity 386K, committed 512K, reserved 1048576K
}
{Heap before GC invocations=685 (full 1):
 PSYoungGen      total 69120K, used 68736K [0x00000007b9c00000, 0x00000007c0000000, 0x00000007c0000000)
  eden space 35840K, 100% used [0x00000007b9c00000,0x00000007bbf00000,0x00000007bbf00000)
  from space 33280K, 98% used [0x00000007bbf00000,0x00000007bdf20000,0x00000007bdf80000)
  to   space 33280K, 0% used [0x00000007bdf80000,0x00000007bdf80000,0x00000007c0000000)
 ParOldGen       total 161280K, used 35463K [0x00000006c1800000, 0x00000006cb580000, 0x00000007b9c00000)
  object space 161280K, 21% used [0x00000006c1800000,0x00000006c3aa1e80,0x00000006cb580000)
 Metaspace       used 2707K, capacity 4486K, committed 4864K, reserved 1056768K
  class space    used 302K, capacity 386K, committed 512K, reserved 1048576K
[GC (Allocation Failure)  104199K->68359K(230400K), 0.0313408 secs]
Heap after GC invocations=685 (full 1):
 PSYoungGen      total 69120K, used 32896K [0x00000007b9c00000, 0x00000007c0000000, 0x00000007c0000000)
  eden space 35840K, 0% used [0x00000007b9c00000,0x00000007b9c00000,0x00000007bbf00000)
  from space 33280K, 98% used [0x00000007bdf80000,0x00000007bffa0000,0x00000007c0000000)
  to   space 33280K, 0% used [0x00000007bbf00000,0x00000007bbf00000,0x00000007bdf80000)
 ParOldGen       total 161280K, used 35463K [0x00000006c1800000, 0x00000006cb580000, 0x00000007b9c00000)
  object space 161280K, 21% used [0x00000006c1800000,0x00000006c3aa1e80,0x00000006cb580000)
 Metaspace       used 2707K, capacity 4486K, committed 4864K, reserved 1056768K
  class space    used 302K, capacity 386K, committed 512K, reserved 1048576K
}
{Heap before GC invocations=686 (full 1):
 PSYoungGen      total 69120K, used 68736K [0x00000007b9c00000, 0x00000007c0000000, 0x00000007c0000000)
  eden space 35840K, 100% used [0x00000007b9c00000,0x00000007bbf00000,0x00000007bbf00000)
  from space 33280K, 98% used [0x00000007bdf80000,0x00000007bffa0000,0x00000007c0000000)
  to   space 33280K, 0% used [0x00000007bbf00000,0x00000007bbf00000,0x00000007bdf80000)
 ParOldGen       total 161280K, used 35463K [0x00000006c1800000, 0x00000006cb580000, 0x00000007b9c00000)
  object space 161280K, 21% used [0x00000006c1800000,0x00000006c3aa1e80,0x00000006cb580000)
 Metaspace       used 2707K, capacity 4486K, committed 4864K, reserved 1056768K
  class space    used 302K, capacity 386K, committed 512K, reserved 1048576K
[GC (Allocation Failure)  104199K->68359K(230400K), 0.0327670 secs]
Heap after GC invocations=686 (full 1):
 PSYoungGen      total 69120K, used 32896K [0x00000007b9c00000, 0x00000007c0000000, 0x00000007c0000000)
  eden space 35840K, 0% used [0x00000007b9c00000,0x00000007b9c00000,0x00000007bbf00000)
  from space 33280K, 98% used [0x00000007bbf00000,0x00000007bdf20000,0x00000007bdf80000)
  to   space 33280K, 0% used [0x00000007bdf80000,0x00000007bdf80000,0x00000007c0000000)
 ParOldGen       total 161280K, used 35463K [0x00000006c1800000, 0x00000006cb580000, 0x00000007b9c00000)
  object space 161280K, 21% used [0x00000006c1800000,0x00000006c3aa1e80,0x00000006cb580000)
 Metaspace       used 2707K, capacity 4486K, committed 4864K, reserved 1056768K
  class space    used 302K, capacity 386K, committed 512K, reserved 1048576K
}
{Heap before GC invocations=687 (full 1):
 PSYoungGen      total 69120K, used 68736K [0x00000007b9c00000, 0x00000007c0000000, 0x00000007c0000000)
  eden space 35840K, 100% used [0x00000007b9c00000,0x00000007bbf00000,0x00000007bbf00000)
  from space 33280K, 98% used [0x00000007bbf00000,0x00000007bdf20000,0x00000007bdf80000)
  to   space 33280K, 0% used [0x00000007bdf80000,0x00000007bdf80000,0x00000007c0000000)
 ParOldGen       total 161280K, used 35463K [0x00000006c1800000, 0x00000006cb580000, 0x00000007b9c00000)
  object space 161280K, 21% used [0x00000006c1800000,0x00000006c3aa1e80,0x00000006cb580000)
 Metaspace       used 2707K, capacity 4486K, committed 4864K, reserved 1056768K
  class space    used 302K, capacity 386K, committed 512K, reserved 1048576K
[GC (Allocation Failure)  104199K->68359K(230400K), 0.0373999 secs]
Heap after GC invocations=687 (full 1):
 PSYoungGen      total 69120K, used 32896K [0x00000007b9c00000, 0x00000007c0000000, 0x00000007c0000000)
  eden space 35840K, 0% used [0x00000007b9c00000,0x00000007b9c00000,0x00000007bbf00000)
  from space 33280K, 98% used [0x00000007bdf80000,0x00000007bffa0000,0x00000007c0000000)
  to   space 33280K, 0% used [0x00000007bbf00000,0x00000007bbf00000,0x00000007bdf80000)
 ParOldGen       total 161280K, used 35463K [0x00000006c1800000, 0x00000006cb580000, 0x00000007b9c00000)
  object space 161280K, 21% used [0x00000006c1800000,0x00000006c3aa1e80,0x00000006cb580000)
 Metaspace       used 2707K, capacity 4486K, committed 4864K, reserved 1056768K
  class space    used 302K, capacity 386K, committed 512K, reserved 1048576K
}
{Heap before GC invocations=688 (full 1):
 PSYoungGen      total 69120K, used 68736K [0x00000007b9c00000, 0x00000007c0000000, 0x00000007c0000000)
  eden space 35840K, 100% used [0x00000007b9c00000,0x00000007bbf00000,0x00000007bbf00000)
  from space 33280K, 98% used [0x00000007bdf80000,0x00000007bffa0000,0x00000007c0000000)
  to   space 33280K, 0% used [0x00000007bbf00000,0x00000007bbf00000,0x00000007bdf80000)
 ParOldGen       total 161280K, used 35463K [0x00000006c1800000, 0x00000006cb580000, 0x00000007b9c00000)
  object space 161280K, 21% used [0x00000006c1800000,0x00000006c3aa1e80,0x00000006cb580000)
 Metaspace       used 2707K, capacity 4486K, committed 4864K, reserved 1056768K
  class space    used 302K, capacity 386K, committed 512K, reserved 1048576K
[GC (Allocation Failure)  104199K->68359K(230400K), 0.0378209 secs]
Heap after GC invocations=688 (full 1):
 PSYoungGen      total 69120K, used 32896K [0x00000007b9c00000, 0x00000007c0000000, 0x00000007c0000000)
  eden space 35840K, 0% used [0x00000007b9c00000,0x00000007b9c00000,0x00000007bbf00000)
  from space 33280K, 98% used [0x00000007bbf00000,0x00000007bdf20000,0x00000007bdf80000)
  to   space 33280K, 0% used [0x00000007bdf80000,0x00000007bdf80000,0x00000007c0000000)
 ParOldGen       total 161280K, used 35463K [0x00000006c1800000, 0x00000006cb580000, 0x00000007b9c00000)
  object space 161280K, 21% used [0x00000006c1800000,0x00000006c3aa1e80,0x00000006cb580000)
 Metaspace       used 2707K, capacity 4486K, committed 4864K, reserved 1056768K
  class space    used 302K, capacity 386K, committed 512K, reserved 1048576K
}
{Heap before GC invocations=689 (full 1):
 PSYoungGen      total 69120K, used 68736K [0x00000007b9c00000, 0x00000007c0000000, 0x00000007c0000000)
  eden space 35840K, 100% used [0x00000007b9c00000,0x00000007bbf00000,0x00000007bbf00000)
  from space 33280K, 98% used [0x00000007bbf00000,0x00000007bdf20000,0x00000007bdf80000)
  to   space 33280K, 0% used [0x00000007bdf80000,0x00000007bdf80000,0x00000007c0000000)
 ParOldGen       total 161280K, used 35463K [0x00000006c1800000, 0x00000006cb580000, 0x00000007b9c00000)
  object space 161280K, 21% used [0x00000006c1800000,0x00000006c3aa1e80,0x00000006cb580000)
 Metaspace       used 2707K, capacity 4486K, committed 4864K, reserved 1056768K
  class space    used 302K, capacity 386K, committed 512K, reserved 1048576K
[GC (Allocation Failure)  104199K->68327K(230400K), 0.0327738 secs]
Heap after GC invocations=689 (full 1):
 PSYoungGen      total 69120K, used 32864K [0x00000007b9c00000, 0x00000007c0000000, 0x00000007c0000000)
  eden space 35840K, 0% used [0x00000007b9c00000,0x00000007b9c00000,0x00000007bbf00000)
  from space 33280K, 98% used [0x00000007bdf80000,0x00000007bff98000,0x00000007c0000000)
  to   space 33280K, 0% used [0x00000007bbf00000,0x00000007bbf00000,0x00000007bdf80000)
 ParOldGen       total 161280K, used 35463K [0x00000006c1800000, 0x00000006cb580000, 0x00000007b9c00000)
  object space 161280K, 21% used [0x00000006c1800000,0x00000006c3aa1e80,0x00000006cb580000)
 Metaspace       used 2707K, capacity 4486K, committed 4864K, reserved 1056768K
  class space    used 302K, capacity 386K, committed 512K, reserved 1048576K
}
{Heap before GC invocations=690 (full 1):
 PSYoungGen      total 69120K, used 68704K [0x00000007b9c00000, 0x00000007c0000000, 0x00000007c0000000)
  eden space 35840K, 100% used [0x00000007b9c00000,0x00000007bbf00000,0x00000007bbf00000)
  from space 33280K, 98% used [0x00000007bdf80000,0x00000007bff98000,0x00000007c0000000)
  to   space 33280K, 0% used [0x00000007bbf00000,0x00000007bbf00000,0x00000007bdf80000)
 ParOldGen       total 161280K, used 35463K [0x00000006c1800000, 0x00000006cb580000, 0x00000007b9c00000)
  object space 161280K, 21% used [0x00000006c1800000,0x00000006c3aa1e80,0x00000006cb580000)
 Metaspace       used 2707K, capacity 4486K, committed 4864K, reserved 1056768K
  class space    used 302K, capacity 386K, committed 512K, reserved 1048576K
[GC (Allocation Failure)  104167K->68359K(230400K), 0.0289151 secs]
Heap after GC invocations=690 (full 1):
 PSYoungGen      total 69120K, used 32896K [0x00000007b9c00000, 0x00000007c0000000, 0x00000007c0000000)
  eden space 35840K, 0% used [0x00000007b9c00000,0x00000007b9c00000,0x00000007bbf00000)
  from space 33280K, 98% used [0x00000007bbf00000,0x00000007bdf20000,0x00000007bdf80000)
  to   space 33280K, 0% used [0x00000007bdf80000,0x00000007bdf80000,0x00000007c0000000)
 ParOldGen       total 161280K, used 35463K [0x00000006c1800000, 0x00000006cb580000, 0x00000007b9c00000)
  object space 161280K, 21% used [0x00000006c1800000,0x00000006c3aa1e80,0x00000006cb580000)
 Metaspace       used 2707K, capacity 4486K, committed 4864K, reserved 1056768K
  class space    used 302K, capacity 386K, committed 512K, reserved 1048576K
}
{Heap before GC invocations=691 (full 1):
 PSYoungGen      total 69120K, used 68736K [0x00000007b9c00000, 0x00000007c0000000, 0x00000007c0000000)
  eden space 35840K, 100% used [0x00000007b9c00000,0x00000007bbf00000,0x00000007bbf00000)
  from space 33280K, 98% used [0x00000007bbf00000,0x00000007bdf20000,0x00000007bdf80000)
  to   space 33280K, 0% used [0x00000007bdf80000,0x00000007bdf80000,0x00000007c0000000)
 ParOldGen       total 161280K, used 35463K [0x00000006c1800000, 0x00000006cb580000, 0x00000007b9c00000)
  object space 161280K, 21% used [0x00000006c1800000,0x00000006c3aa1e80,0x00000006cb580000)
 Metaspace       used 2707K, capacity 4486K, committed 4864K, reserved 1056768K
  class space    used 302K, capacity 386K, committed 512K, reserved 1048576K
[GC (Allocation Failure)  104199K->68359K(230400K), 0.0313374 secs]
Heap after GC invocations=691 (full 1):
 PSYoungGen      total 69120K, used 32896K [0x00000007b9c00000, 0x00000007c0000000, 0x00000007c0000000)
  eden space 35840K, 0% used [0x00000007b9c00000,0x00000007b9c00000,0x00000007bbf00000)
  from space 33280K, 98% used [0x00000007bdf80000,0x00000007bffa0000,0x00000007c0000000)
  to   space 33280K, 0% used [0x00000007bbf00000,0x00000007bbf00000,0x00000007bdf80000)
 ParOldGen       total 161280K, used 35463K [0x00000006c1800000, 0x00000006cb580000, 0x00000007b9c00000)
  object space 161280K, 21% used [0x00000006c1800000,0x00000006c3aa1e80,0x00000006cb580000)
 Metaspace       used 2707K, capacity 4486K, committed 4864K, reserved 1056768K
  class space    used 302K, capacity 386K, committed 512K, reserved 1048576K
}
{Heap before GC invocations=692 (full 1):
 PSYoungGen      total 69120K, used 68736K [0x00000007b9c00000, 0x00000007c0000000, 0x00000007c0000000)
  eden space 35840K, 100% used [0x00000007b9c00000,0x00000007bbf00000,0x00000007bbf00000)
  from space 33280K, 98% used [0x00000007bdf80000,0x00000007bffa0000,0x00000007c0000000)
  to   space 33280K, 0% used [0x00000007bbf00000,0x00000007bbf00000,0x00000007bdf80000)
 ParOldGen       total 161280K, used 35463K [0x00000006c1800000, 0x00000006cb580000, 0x00000007b9c00000)
  object space 161280K, 21% used [0x00000006c1800000,0x00000006c3aa1e80,0x00000006cb580000)
 Metaspace       used 2707K, capacity 4486K, committed 4864K, reserved 1056768K
  class space    used 302K, capacity 386K, committed 512K, reserved 1048576K
[GC (Allocation Failure)  104199K->68359K(230400K), 0.0303556 secs]
Heap after GC invocations=692 (full 1):
 PSYoungGen      total 69120K, used 32896K [0x00000007b9c00000, 0x00000007c0000000, 0x00000007c0000000)
  eden space 35840K, 0% used [0x00000007b9c00000,0x00000007b9c00000,0x00000007bbf00000)
  from space 33280K, 98% used [0x00000007bbf00000,0x00000007bdf20000,0x00000007bdf80000)
  to   space 33280K, 0% used [0x00000007bdf80000,0x00000007bdf80000,0x00000007c0000000)
 ParOldGen       total 161280K, used 35463K [0x00000006c1800000, 0x00000006cb580000, 0x00000007b9c00000)
  object space 161280K, 21% used [0x00000006c1800000,0x00000006c3aa1e80,0x00000006cb580000)
 Metaspace       used 2707K, capacity 4486K, committed 4864K, reserved 1056768K
  class space    used 302K, capacity 386K, committed 512K, reserved 1048576K
}
{Heap before GC invocations=693 (full 1):
 PSYoungGen      total 69120K, used 68736K [0x00000007b9c00000, 0x00000007c0000000, 0x00000007c0000000)
  eden space 35840K, 100% used [0x00000007b9c00000,0x00000007bbf00000,0x00000007bbf00000)
  from space 33280K, 98% used [0x00000007bbf00000,0x00000007bdf20000,0x00000007bdf80000)
  to   space 33280K, 0% used [0x00000007bdf80000,0x00000007bdf80000,0x00000007c0000000)
 ParOldGen       total 161280K, used 35463K [0x00000006c1800000, 0x00000006cb580000, 0x00000007b9c00000)
  object space 161280K, 21% used [0x00000006c1800000,0x00000006c3aa1e80,0x00000006cb580000)
 Metaspace       used 2707K, capacity 4486K, committed 4864K, reserved 1056768K
  class space    used 302K, capacity 386K, committed 512K, reserved 1048576K
[GC (Allocation Failure)  104199K->68359K(230400K), 0.0324968 secs]
Heap after GC invocations=693 (full 1):
 PSYoungGen      total 69120K, used 32896K [0x00000007b9c00000, 0x00000007c0000000, 0x00000007c0000000)
  eden space 35840K, 0% used [0x00000007b9c00000,0x00000007b9c00000,0x00000007bbf00000)
  from space 33280K, 98% used [0x00000007bdf80000,0x00000007bffa0000,0x00000007c0000000)
  to   space 33280K, 0% used [0x00000007bbf00000,0x00000007bbf00000,0x00000007bdf80000)
 ParOldGen       total 161280K, used 35463K [0x00000006c1800000, 0x00000006cb580000, 0x00000007b9c00000)
  object space 161280K, 21% used [0x00000006c1800000,0x00000006c3aa1e80,0x00000006cb580000)
 Metaspace       used 2707K, capacity 4486K, committed 4864K, reserved 1056768K
  class space    used 302K, capacity 386K, committed 512K, reserved 1048576K
}
{Heap before GC invocations=694 (full 1):
 PSYoungGen      total 69120K, used 68736K [0x00000007b9c00000, 0x00000007c0000000, 0x00000007c0000000)
  eden space 35840K, 100% used [0x00000007b9c00000,0x00000007bbf00000,0x00000007bbf00000)
  from space 33280K, 98% used [0x00000007bdf80000,0x00000007bffa0000,0x00000007c0000000)
  to   space 33280K, 0% used [0x00000007bbf00000,0x00000007bbf00000,0x00000007bdf80000)
 ParOldGen       total 161280K, used 35463K [0x00000006c1800000, 0x00000006cb580000, 0x00000007b9c00000)
  object space 161280K, 21% used [0x00000006c1800000,0x00000006c3aa1e80,0x00000006cb580000)
 Metaspace       used 2707K, capacity 4486K, committed 4864K, reserved 1056768K
  class space    used 302K, capacity 386K, committed 512K, reserved 1048576K
[GC (Allocation Failure)  104199K->68391K(230400K), 0.0339313 secs]
Heap after GC invocations=694 (full 1):
 PSYoungGen      total 69120K, used 32928K [0x00000007b9c00000, 0x00000007c0000000, 0x00000007c0000000)
  eden space 35840K, 0% used [0x00000007b9c00000,0x00000007b9c00000,0x00000007bbf00000)
  from space 33280K, 98% used [0x00000007bbf00000,0x00000007bdf28000,0x00000007bdf80000)
  to   space 33280K, 0% used [0x00000007bdf80000,0x00000007bdf80000,0x00000007c0000000)
 ParOldGen       total 161280K, used 35463K [0x00000006c1800000, 0x00000006cb580000, 0x00000007b9c00000)
  object space 161280K, 21% used [0x00000006c1800000,0x00000006c3aa1e80,0x00000006cb580000)
 Metaspace       used 2707K, capacity 4486K, committed 4864K, reserved 1056768K
  class space    used 302K, capacity 386K, committed 512K, reserved 1048576K
}
{Heap before GC invocations=695 (full 1):
 PSYoungGen      total 69120K, used 68768K [0x00000007b9c00000, 0x00000007c0000000, 0x00000007c0000000)
  eden space 35840K, 100% used [0x00000007b9c00000,0x00000007bbf00000,0x00000007bbf00000)
  from space 33280K, 98% used [0x00000007bbf00000,0x00000007bdf28000,0x00000007bdf80000)
  to   space 33280K, 0% used [0x00000007bdf80000,0x00000007bdf80000,0x00000007c0000000)
 ParOldGen       total 161280K, used 35463K [0x00000006c1800000, 0x00000006cb580000, 0x00000007b9c00000)
  object space 161280K, 21% used [0x00000006c1800000,0x00000006c3aa1e80,0x00000006cb580000)
 Metaspace       used 2707K, capacity 4486K, committed 4864K, reserved 1056768K
  class space    used 302K, capacity 386K, committed 512K, reserved 1048576K
[GC (Allocation Failure)  104231K->68359K(230400K), 0.0319456 secs]
Heap after GC invocations=695 (full 1):
 PSYoungGen      total 69120K, used 32896K [0x00000007b9c00000, 0x00000007c0000000, 0x00000007c0000000)
  eden space 35840K, 0% used [0x00000007b9c00000,0x00000007b9c00000,0x00000007bbf00000)
  from space 33280K, 98% used [0x00000007bdf80000,0x00000007bffa0000,0x00000007c0000000)
  to   space 33280K, 0% used [0x00000007bbf00000,0x00000007bbf00000,0x00000007bdf80000)
 ParOldGen       total 161280K, used 35463K [0x00000006c1800000, 0x00000006cb580000, 0x00000007b9c00000)
  object space 161280K, 21% used [0x00000006c1800000,0x00000006c3aa1e80,0x00000006cb580000)
 Metaspace       used 2707K, capacity 4486K, committed 4864K, reserved 1056768K
  class space    used 302K, capacity 386K, committed 512K, reserved 1048576K
}
{Heap before GC invocations=696 (full 1):
 PSYoungGen      total 69120K, used 68736K [0x00000007b9c00000, 0x00000007c0000000, 0x00000007c0000000)
  eden space 35840K, 100% used [0x00000007b9c00000,0x00000007bbf00000,0x00000007bbf00000)
  from space 33280K, 98% used [0x00000007bdf80000,0x00000007bffa0000,0x00000007c0000000)
  to   space 33280K, 0% used [0x00000007bbf00000,0x00000007bbf00000,0x00000007bdf80000)
 ParOldGen       total 161280K, used 35463K [0x00000006c1800000, 0x00000006cb580000, 0x00000007b9c00000)
  object space 161280K, 21% used [0x00000006c1800000,0x00000006c3aa1e80,0x00000006cb580000)
 Metaspace       used 2707K, capacity 4486K, committed 4864K, reserved 1056768K
  class space    used 302K, capacity 386K, committed 512K, reserved 1048576K
[GC (Allocation Failure)  104199K->68359K(230400K), 0.0322666 secs]
Heap after GC invocations=696 (full 1):
 PSYoungGen      total 69120K, used 32896K [0x00000007b9c00000, 0x00000007c0000000, 0x00000007c0000000)
  eden space 35840K, 0% used [0x00000007b9c00000,0x00000007b9c00000,0x00000007bbf00000)
  from space 33280K, 98% used [0x00000007bbf00000,0x00000007bdf20000,0x00000007bdf80000)
  to   space 33280K, 0% used [0x00000007bdf80000,0x00000007bdf80000,0x00000007c0000000)
 ParOldGen       total 161280K, used 35463K [0x00000006c1800000, 0x00000006cb580000, 0x00000007b9c00000)
  object space 161280K, 21% used [0x00000006c1800000,0x00000006c3aa1e80,0x00000006cb580000)
 Metaspace       used 2707K, capacity 4486K, committed 4864K, reserved 1056768K
  class space    used 302K, capacity 386K, committed 512K, reserved 1048576K
}
{Heap before GC invocations=697 (full 1):
 PSYoungGen      total 69120K, used 68736K [0x00000007b9c00000, 0x00000007c0000000, 0x00000007c0000000)
  eden space 35840K, 100% used [0x00000007b9c00000,0x00000007bbf00000,0x00000007bbf00000)
  from space 33280K, 98% used [0x00000007bbf00000,0x00000007bdf20000,0x00000007bdf80000)
  to   space 33280K, 0% used [0x00000007bdf80000,0x00000007bdf80000,0x00000007c0000000)
 ParOldGen       total 161280K, used 35463K [0x00000006c1800000, 0x00000006cb580000, 0x00000007b9c00000)
  object space 161280K, 21% used [0x00000006c1800000,0x00000006c3aa1e80,0x00000006cb580000)
 Metaspace       used 2707K, capacity 4486K, committed 4864K, reserved 1056768K
  class space    used 302K, capacity 386K, committed 512K, reserved 1048576K
[GC (Allocation Failure)  104199K->68359K(230400K), 0.0377890 secs]
Heap after GC invocations=697 (full 1):
 PSYoungGen      total 69120K, used 32896K [0x00000007b9c00000, 0x00000007c0000000, 0x00000007c0000000)
  eden space 35840K, 0% used [0x00000007b9c00000,0x00000007b9c00000,0x00000007bbf00000)
  from space 33280K, 98% used [0x00000007bdf80000,0x00000007bffa0000,0x00000007c0000000)
  to   space 33280K, 0% used [0x00000007bbf00000,0x00000007bbf00000,0x00000007bdf80000)
 ParOldGen       total 161280K, used 35463K [0x00000006c1800000, 0x00000006cb580000, 0x00000007b9c00000)
  object space 161280K, 21% used [0x00000006c1800000,0x00000006c3aa1e80,0x00000006cb580000)
 Metaspace       used 2707K, capacity 4486K, committed 4864K, reserved 1056768K
  class space    used 302K, capacity 386K, committed 512K, reserved 1048576K
}
{Heap before GC invocations=698 (full 1):
 PSYoungGen      total 69120K, used 68736K [0x00000007b9c00000, 0x00000007c0000000, 0x00000007c0000000)
  eden space 35840K, 100% used [0x00000007b9c00000,0x00000007bbf00000,0x00000007bbf00000)
  from space 33280K, 98% used [0x00000007bdf80000,0x00000007bffa0000,0x00000007c0000000)
  to   space 33280K, 0% used [0x00000007bbf00000,0x00000007bbf00000,0x00000007bdf80000)
 ParOldGen       total 161280K, used 35463K [0x00000006c1800000, 0x00000006cb580000, 0x00000007b9c00000)
  object space 161280K, 21% used [0x00000006c1800000,0x00000006c3aa1e80,0x00000006cb580000)
 Metaspace       used 2707K, capacity 4486K, committed 4864K, reserved 1056768K
  class space    used 302K, capacity 386K, committed 512K, reserved 1048576K
[GC (Allocation Failure)  104199K->68359K(230400K), 0.0321666 secs]
Heap after GC invocations=698 (full 1):
 PSYoungGen      total 69120K, used 32896K [0x00000007b9c00000, 0x00000007c0000000, 0x00000007c0000000)
  eden space 35840K, 0% used [0x00000007b9c00000,0x00000007b9c00000,0x00000007bbf00000)
  from space 33280K, 98% used [0x00000007bbf00000,0x00000007bdf20000,0x00000007bdf80000)
  to   space 33280K, 0% used [0x00000007bdf80000,0x00000007bdf80000,0x00000007c0000000)
 ParOldGen       total 161280K, used 35463K [0x00000006c1800000, 0x00000006cb580000, 0x00000007b9c00000)
  object space 161280K, 21% used [0x00000006c1800000,0x00000006c3aa1e80,0x00000006cb580000)
 Metaspace       used 2707K, capacity 4486K, committed 4864K, reserved 1056768K
  class space    used 302K, capacity 386K, committed 512K, reserved 1048576K
}
{Heap before GC invocations=699 (full 1):
 PSYoungGen      total 69120K, used 68736K [0x00000007b9c00000, 0x00000007c0000000, 0x00000007c0000000)
  eden space 35840K, 100% used [0x00000007b9c00000,0x00000007bbf00000,0x00000007bbf00000)
  from space 33280K, 98% used [0x00000007bbf00000,0x00000007bdf20000,0x00000007bdf80000)
  to   space 33280K, 0% used [0x00000007bdf80000,0x00000007bdf80000,0x00000007c0000000)
 ParOldGen       total 161280K, used 35463K [0x00000006c1800000, 0x00000006cb580000, 0x00000007b9c00000)
  object space 161280K, 21% used [0x00000006c1800000,0x00000006c3aa1e80,0x00000006cb580000)
 Metaspace       used 2707K, capacity 4486K, committed 4864K, reserved 1056768K
  class space    used 302K, capacity 386K, committed 512K, reserved 1048576K
[GC (Allocation Failure)  104199K->68359K(230400K), 0.0320836 secs]
Heap after GC invocations=699 (full 1):
 PSYoungGen      total 69120K, used 32896K [0x00000007b9c00000, 0x00000007c0000000, 0x00000007c0000000)
  eden space 35840K, 0% used [0x00000007b9c00000,0x00000007b9c00000,0x00000007bbf00000)
  from space 33280K, 98% used [0x00000007bdf80000,0x00000007bffa0000,0x00000007c0000000)
  to   space 33280K, 0% used [0x00000007bbf00000,0x00000007bbf00000,0x00000007bdf80000)
 ParOldGen       total 161280K, used 35463K [0x00000006c1800000, 0x00000006cb580000, 0x00000007b9c00000)
  object space 161280K, 21% used [0x00000006c1800000,0x00000006c3aa1e80,0x00000006cb580000)
 Metaspace       used 2707K, capacity 4486K, committed 4864K, reserved 1056768K
  class space    used 302K, capacity 386K, committed 512K, reserved 1048576K
}
{Heap before GC invocations=700 (full 1):
 PSYoungGen      total 69120K, used 68736K [0x00000007b9c00000, 0x00000007c0000000, 0x00000007c0000000)
  eden space 35840K, 100% used [0x00000007b9c00000,0x00000007bbf00000,0x00000007bbf00000)
  from space 33280K, 98% used [0x00000007bdf80000,0x00000007bffa0000,0x00000007c0000000)
  to   space 33280K, 0% used [0x00000007bbf00000,0x00000007bbf00000,0x00000007bdf80000)
 ParOldGen       total 161280K, used 35463K [0x00000006c1800000, 0x00000006cb580000, 0x00000007b9c00000)
  object space 161280K, 21% used [0x00000006c1800000,0x00000006c3aa1e80,0x00000006cb580000)
 Metaspace       used 2707K, capacity 4486K, committed 4864K, reserved 1056768K
  class space    used 302K, capacity 386K, committed 512K, reserved 1048576K
[GC (Allocation Failure)  104199K->68391K(230400K), 0.0313810 secs]
Heap after GC invocations=700 (full 1):
 PSYoungGen      total 69120K, used 32928K [0x00000007b9c00000, 0x00000007c0000000, 0x00000007c0000000)
  eden space 35840K, 0% used [0x00000007b9c00000,0x00000007b9c00000,0x00000007bbf00000)
  from space 33280K, 98% used [0x00000007bbf00000,0x00000007bdf28000,0x00000007bdf80000)
  to   space 33280K, 0% used [0x00000007bdf80000,0x00000007bdf80000,0x00000007c0000000)
 ParOldGen       total 161280K, used 35463K [0x00000006c1800000, 0x00000006cb580000, 0x00000007b9c00000)
  object space 161280K, 21% used [0x00000006c1800000,0x00000006c3aa1e80,0x00000006cb580000)
 Metaspace       used 2707K, capacity 4486K, committed 4864K, reserved 1056768K
  class space    used 302K, capacity 386K, committed 512K, reserved 1048576K
}
{Heap before GC invocations=701 (full 1):
 PSYoungGen      total 69120K, used 68768K [0x00000007b9c00000, 0x00000007c0000000, 0x00000007c0000000)
  eden space 35840K, 100% used [0x00000007b9c00000,0x00000007bbf00000,0x00000007bbf00000)
  from space 33280K, 98% used [0x00000007bbf00000,0x00000007bdf28000,0x00000007bdf80000)
  to   space 33280K, 0% used [0x00000007bdf80000,0x00000007bdf80000,0x00000007c0000000)
 ParOldGen       total 161280K, used 35463K [0x00000006c1800000, 0x00000006cb580000, 0x00000007b9c00000)
  object space 161280K, 21% used [0x00000006c1800000,0x00000006c3aa1e80,0x00000006cb580000)
 Metaspace       used 2707K, capacity 4486K, committed 4864K, reserved 1056768K
  class space    used 302K, capacity 386K, committed 512K, reserved 1048576K
[GC (Allocation Failure)  104231K->68359K(230400K), 0.0312369 secs]
Heap after GC invocations=701 (full 1):
 PSYoungGen      total 69120K, used 32896K [0x00000007b9c00000, 0x00000007c0000000, 0x00000007c0000000)
  eden space 35840K, 0% used [0x00000007b9c00000,0x00000007b9c00000,0x00000007bbf00000)
  from space 33280K, 98% used [0x00000007bdf80000,0x00000007bffa0000,0x00000007c0000000)
  to   space 33280K, 0% used [0x00000007bbf00000,0x00000007bbf00000,0x00000007bdf80000)
 ParOldGen       total 161280K, used 35463K [0x00000006c1800000, 0x00000006cb580000, 0x00000007b9c00000)
  object space 161280K, 21% used [0x00000006c1800000,0x00000006c3aa1e80,0x00000006cb580000)
 Metaspace       used 2707K, capacity 4486K, committed 4864K, reserved 1056768K
  class space    used 302K, capacity 386K, committed 512K, reserved 1048576K
}
{Heap before GC invocations=702 (full 1):
 PSYoungGen      total 69120K, used 68736K [0x00000007b9c00000, 0x00000007c0000000, 0x00000007c0000000)
  eden space 35840K, 100% used [0x00000007b9c00000,0x00000007bbf00000,0x00000007bbf00000)
  from space 33280K, 98% used [0x00000007bdf80000,0x00000007bffa0000,0x00000007c0000000)
  to   space 33280K, 0% used [0x00000007bbf00000,0x00000007bbf00000,0x00000007bdf80000)
 ParOldGen       total 161280K, used 35463K [0x00000006c1800000, 0x00000006cb580000, 0x00000007b9c00000)
  object space 161280K, 21% used [0x00000006c1800000,0x00000006c3aa1e80,0x00000006cb580000)
 Metaspace       used 2707K, capacity 4486K, committed 4864K, reserved 1056768K
  class space    used 302K, capacity 386K, committed 512K, reserved 1048576K
[GC (Allocation Failure)  104199K->68359K(230400K), 0.0315211 secs]
Heap after GC invocations=702 (full 1):
 PSYoungGen      total 69120K, used 32896K [0x00000007b9c00000, 0x00000007c0000000, 0x00000007c0000000)
  eden space 35840K, 0% used [0x00000007b9c00000,0x00000007b9c00000,0x00000007bbf00000)
  from space 33280K, 98% used [0x00000007bbf00000,0x00000007bdf20000,0x00000007bdf80000)
  to   space 33280K, 0% used [0x00000007bdf80000,0x00000007bdf80000,0x00000007c0000000)
 ParOldGen       total 161280K, used 35463K [0x00000006c1800000, 0x00000006cb580000, 0x00000007b9c00000)
  object space 161280K, 21% used [0x00000006c1800000,0x00000006c3aa1e80,0x00000006cb580000)
 Metaspace       used 2707K, capacity 4486K, committed 4864K, reserved 1056768K
  class space    used 302K, capacity 386K, committed 512K, reserved 1048576K
}
{Heap before GC invocations=703 (full 1):
 PSYoungGen      total 69120K, used 68736K [0x00000007b9c00000, 0x00000007c0000000, 0x00000007c0000000)
  eden space 35840K, 100% used [0x00000007b9c00000,0x00000007bbf00000,0x00000007bbf00000)
  from space 33280K, 98% used [0x00000007bbf00000,0x00000007bdf20000,0x00000007bdf80000)
  to   space 33280K, 0% used [0x00000007bdf80000,0x00000007bdf80000,0x00000007c0000000)
 ParOldGen       total 161280K, used 35463K [0x00000006c1800000, 0x00000006cb580000, 0x00000007b9c00000)
  object space 161280K, 21% used [0x00000006c1800000,0x00000006c3aa1e80,0x00000006cb580000)
 Metaspace       used 2707K, capacity 4486K, committed 4864K, reserved 1056768K
  class space    used 302K, capacity 386K, committed 512K, reserved 1048576K
[GC (Allocation Failure)  104199K->68391K(230400K), 0.0316799 secs]
Heap after GC invocations=703 (full 1):
 PSYoungGen      total 69120K, used 32928K [0x00000007b9c00000, 0x00000007c0000000, 0x00000007c0000000)
  eden space 35840K, 0% used [0x00000007b9c00000,0x00000007b9c00000,0x00000007bbf00000)
  from space 33280K, 98% used [0x00000007bdf80000,0x00000007bffa8000,0x00000007c0000000)
  to   space 33280K, 0% used [0x00000007bbf00000,0x00000007bbf00000,0x00000007bdf80000)
 ParOldGen       total 161280K, used 35463K [0x00000006c1800000, 0x00000006cb580000, 0x00000007b9c00000)
  object space 161280K, 21% used [0x00000006c1800000,0x00000006c3aa1e80,0x00000006cb580000)
 Metaspace       used 2707K, capacity 4486K, committed 4864K, reserved 1056768K
  class space    used 302K, capacity 386K, committed 512K, reserved 1048576K
}
{Heap before GC invocations=704 (full 1):
 PSYoungGen      total 69120K, used 68768K [0x00000007b9c00000, 0x00000007c0000000, 0x00000007c0000000)
  eden space 35840K, 100% used [0x00000007b9c00000,0x00000007bbf00000,0x00000007bbf00000)
  from space 33280K, 98% used [0x00000007bdf80000,0x00000007bffa8000,0x00000007c0000000)
  to   space 33280K, 0% used [0x00000007bbf00000,0x00000007bbf00000,0x00000007bdf80000)
 ParOldGen       total 161280K, used 35463K [0x00000006c1800000, 0x00000006cb580000, 0x00000007b9c00000)
  object space 161280K, 21% used [0x00000006c1800000,0x00000006c3aa1e80,0x00000006cb580000)
 Metaspace       used 2707K, capacity 4486K, committed 4864K, reserved 1056768K
  class space    used 302K, capacity 386K, committed 512K, reserved 1048576K
[GC (Allocation Failure)  104231K->68359K(230400K), 0.0312171 secs]
Heap after GC invocations=704 (full 1):
 PSYoungGen      total 69120K, used 32896K [0x00000007b9c00000, 0x00000007c0000000, 0x00000007c0000000)
  eden space 35840K, 0% used [0x00000007b9c00000,0x00000007b9c00000,0x00000007bbf00000)
  from space 33280K, 98% used [0x00000007bbf00000,0x00000007bdf20000,0x00000007bdf80000)
  to   space 33280K, 0% used [0x00000007bdf80000,0x00000007bdf80000,0x00000007c0000000)
 ParOldGen       total 161280K, used 35463K [0x00000006c1800000, 0x00000006cb580000, 0x00000007b9c00000)
  object space 161280K, 21% used [0x00000006c1800000,0x00000006c3aa1e80,0x00000006cb580000)
 Metaspace       used 2707K, capacity 4486K, committed 4864K, reserved 1056768K
  class space    used 302K, capacity 386K, committed 512K, reserved 1048576K
}
{Heap before GC invocations=705 (full 1):
 PSYoungGen      total 69120K, used 68736K [0x00000007b9c00000, 0x00000007c0000000, 0x00000007c0000000)
  eden space 35840K, 100% used [0x00000007b9c00000,0x00000007bbf00000,0x00000007bbf00000)
  from space 33280K, 98% used [0x00000007bbf00000,0x00000007bdf20000,0x00000007bdf80000)
  to   space 33280K, 0% used [0x00000007bdf80000,0x00000007bdf80000,0x00000007c0000000)
 ParOldGen       total 161280K, used 35463K [0x00000006c1800000, 0x00000006cb580000, 0x00000007b9c00000)
  object space 161280K, 21% used [0x00000006c1800000,0x00000006c3aa1e80,0x00000006cb580000)
 Metaspace       used 2707K, capacity 4486K, committed 4864K, reserved 1056768K
  class space    used 302K, capacity 386K, committed 512K, reserved 1048576K
[GC (Allocation Failure)  104199K->68391K(230400K), 0.0328095 secs]
Heap after GC invocations=705 (full 1):
 PSYoungGen      total 69120K, used 32928K [0x00000007b9c00000, 0x00000007c0000000, 0x00000007c0000000)
  eden space 35840K, 0% used [0x00000007b9c00000,0x00000007b9c00000,0x00000007bbf00000)
  from space 33280K, 98% used [0x00000007bdf80000,0x00000007bffa8000,0x00000007c0000000)
  to   space 33280K, 0% used [0x00000007bbf00000,0x00000007bbf00000,0x00000007bdf80000)
 ParOldGen       total 161280K, used 35463K [0x00000006c1800000, 0x00000006cb580000, 0x00000007b9c00000)
  object space 161280K, 21% used [0x00000006c1800000,0x00000006c3aa1e80,0x00000006cb580000)
 Metaspace       used 2707K, capacity 4486K, committed 4864K, reserved 1056768K
  class space    used 302K, capacity 386K, committed 512K, reserved 1048576K
}
{Heap before GC invocations=706 (full 1):
 PSYoungGen      total 69120K, used 68768K [0x00000007b9c00000, 0x00000007c0000000, 0x00000007c0000000)
  eden space 35840K, 100% used [0x00000007b9c00000,0x00000007bbf00000,0x00000007bbf00000)
  from space 33280K, 98% used [0x00000007bdf80000,0x00000007bffa8000,0x00000007c0000000)
  to   space 33280K, 0% used [0x00000007bbf00000,0x00000007bbf00000,0x00000007bdf80000)
 ParOldGen       total 161280K, used 35463K [0x00000006c1800000, 0x00000006cb580000, 0x00000007b9c00000)
  object space 161280K, 21% used [0x00000006c1800000,0x00000006c3aa1e80,0x00000006cb580000)
 Metaspace       used 2707K, capacity 4486K, committed 4864K, reserved 1056768K
  class space    used 302K, capacity 386K, committed 512K, reserved 1048576K
[GC (Allocation Failure)  104231K->68359K(230400K), 0.0311396 secs]
Heap after GC invocations=706 (full 1):
 PSYoungGen      total 69120K, used 32896K [0x00000007b9c00000, 0x00000007c0000000, 0x00000007c0000000)
  eden space 35840K, 0% used [0x00000007b9c00000,0x00000007b9c00000,0x00000007bbf00000)
  from space 33280K, 98% used [0x00000007bbf00000,0x00000007bdf20000,0x00000007bdf80000)
  to   space 33280K, 0% used [0x00000007bdf80000,0x00000007bdf80000,0x00000007c0000000)
 ParOldGen       total 161280K, used 35463K [0x00000006c1800000, 0x00000006cb580000, 0x00000007b9c00000)
  object space 161280K, 21% used [0x00000006c1800000,0x00000006c3aa1e80,0x00000006cb580000)
 Metaspace       used 2707K, capacity 4486K, committed 4864K, reserved 1056768K
  class space    used 302K, capacity 386K, committed 512K, reserved 1048576K
}
{Heap before GC invocations=707 (full 1):
 PSYoungGen      total 69120K, used 68736K [0x00000007b9c00000, 0x00000007c0000000, 0x00000007c0000000)
  eden space 35840K, 100% used [0x00000007b9c00000,0x00000007bbf00000,0x00000007bbf00000)
  from space 33280K, 98% used [0x00000007bbf00000,0x00000007bdf20000,0x00000007bdf80000)
  to   space 33280K, 0% used [0x00000007bdf80000,0x00000007bdf80000,0x00000007c0000000)
 ParOldGen       total 161280K, used 35463K [0x00000006c1800000, 0x00000006cb580000, 0x00000007b9c00000)
  object space 161280K, 21% used [0x00000006c1800000,0x00000006c3aa1e80,0x00000006cb580000)
 Metaspace       used 2707K, capacity 4486K, committed 4864K, reserved 1056768K
  class space    used 302K, capacity 386K, committed 512K, reserved 1048576K
[GC (Allocation Failure)  104199K->68359K(230400K), 0.0328635 secs]
Heap after GC invocations=707 (full 1):
 PSYoungGen      total 69120K, used 32896K [0x00000007b9c00000, 0x00000007c0000000, 0x00000007c0000000)
  eden space 35840K, 0% used [0x00000007b9c00000,0x00000007b9c00000,0x00000007bbf00000)
  from space 33280K, 98% used [0x00000007bdf80000,0x00000007bffa0000,0x00000007c0000000)
  to   space 33280K, 0% used [0x00000007bbf00000,0x00000007bbf00000,0x00000007bdf80000)
 ParOldGen       total 161280K, used 35463K [0x00000006c1800000, 0x00000006cb580000, 0x00000007b9c00000)
  object space 161280K, 21% used [0x00000006c1800000,0x00000006c3aa1e80,0x00000006cb580000)
 Metaspace       used 2707K, capacity 4486K, committed 4864K, reserved 1056768K
  class space    used 302K, capacity 386K, committed 512K, reserved 1048576K
}
{Heap before GC invocations=708 (full 1):
 PSYoungGen      total 69120K, used 68736K [0x00000007b9c00000, 0x00000007c0000000, 0x00000007c0000000)
  eden space 35840K, 100% used [0x00000007b9c00000,0x00000007bbf00000,0x00000007bbf00000)
  from space 33280K, 98% used [0x00000007bdf80000,0x00000007bffa0000,0x00000007c0000000)
  to   space 33280K, 0% used [0x00000007bbf00000,0x00000007bbf00000,0x00000007bdf80000)
 ParOldGen       total 161280K, used 35463K [0x00000006c1800000, 0x00000006cb580000, 0x00000007b9c00000)
  object space 161280K, 21% used [0x00000006c1800000,0x00000006c3aa1e80,0x00000006cb580000)
 Metaspace       used 2707K, capacity 4486K, committed 4864K, reserved 1056768K
  class space    used 302K, capacity 386K, committed 512K, reserved 1048576K
[GC (Allocation Failure)  104199K->68391K(230400K), 0.0316398 secs]
Heap after GC invocations=708 (full 1):
 PSYoungGen      total 69120K, used 32928K [0x00000007b9c00000, 0x00000007c0000000, 0x00000007c0000000)
  eden space 35840K, 0% used [0x00000007b9c00000,0x00000007b9c00000,0x00000007bbf00000)
  from space 33280K, 98% used [0x00000007bbf00000,0x00000007bdf28000,0x00000007bdf80000)
  to   space 33280K, 0% used [0x00000007bdf80000,0x00000007bdf80000,0x00000007c0000000)
 ParOldGen       total 161280K, used 35463K [0x00000006c1800000, 0x00000006cb580000, 0x00000007b9c00000)
  object space 161280K, 21% used [0x00000006c1800000,0x00000006c3aa1e80,0x00000006cb580000)
 Metaspace       used 2707K, capacity 4486K, committed 4864K, reserved 1056768K
  class space    used 302K, capacity 386K, committed 512K, reserved 1048576K
}
{Heap before GC invocations=709 (full 1):
 PSYoungGen      total 69120K, used 68768K [0x00000007b9c00000, 0x00000007c0000000, 0x00000007c0000000)
  eden space 35840K, 100% used [0x00000007b9c00000,0x00000007bbf00000,0x00000007bbf00000)
  from space 33280K, 98% used [0x00000007bbf00000,0x00000007bdf28000,0x00000007bdf80000)
  to   space 33280K, 0% used [0x00000007bdf80000,0x00000007bdf80000,0x00000007c0000000)
 ParOldGen       total 161280K, used 35463K [0x00000006c1800000, 0x00000006cb580000, 0x00000007b9c00000)
  object space 161280K, 21% used [0x00000006c1800000,0x00000006c3aa1e80,0x00000006cb580000)
 Metaspace       used 2707K, capacity 4486K, committed 4864K, reserved 1056768K
  class space    used 302K, capacity 386K, committed 512K, reserved 1048576K
[GC (Allocation Failure)  104231K->68391K(230400K), 0.0318179 secs]
Heap after GC invocations=709 (full 1):
 PSYoungGen      total 69120K, used 32928K [0x00000007b9c00000, 0x00000007c0000000, 0x00000007c0000000)
  eden space 35840K, 0% used [0x00000007b9c00000,0x00000007b9c00000,0x00000007bbf00000)
  from space 33280K, 98% used [0x00000007bdf80000,0x00000007bffa8000,0x00000007c0000000)
  to   space 33280K, 0% used [0x00000007bbf00000,0x00000007bbf00000,0x00000007bdf80000)
 ParOldGen       total 161280K, used 35463K [0x00000006c1800000, 0x00000006cb580000, 0x00000007b9c00000)
  object space 161280K, 21% used [0x00000006c1800000,0x00000006c3aa1e80,0x00000006cb580000)
 Metaspace       used 2707K, capacity 4486K, committed 4864K, reserved 1056768K
  class space    used 302K, capacity 386K, committed 512K, reserved 1048576K
}
{Heap before GC invocations=710 (full 1):
 PSYoungGen      total 69120K, used 68768K [0x00000007b9c00000, 0x00000007c0000000, 0x00000007c0000000)
  eden space 35840K, 100% used [0x00000007b9c00000,0x00000007bbf00000,0x00000007bbf00000)
  from space 33280K, 98% used [0x00000007bdf80000,0x00000007bffa8000,0x00000007c0000000)
  to   space 33280K, 0% used [0x00000007bbf00000,0x00000007bbf00000,0x00000007bdf80000)
 ParOldGen       total 161280K, used 35463K [0x00000006c1800000, 0x00000006cb580000, 0x00000007b9c00000)
  object space 161280K, 21% used [0x00000006c1800000,0x00000006c3aa1e80,0x00000006cb580000)
 Metaspace       used 2707K, capacity 4486K, committed 4864K, reserved 1056768K
  class space    used 302K, capacity 386K, committed 512K, reserved 1048576K
[GC (Allocation Failure)  104231K->68359K(230400K), 0.0315483 secs]
Heap after GC invocations=710 (full 1):
 PSYoungGen      total 69120K, used 32896K [0x00000007b9c00000, 0x00000007c0000000, 0x00000007c0000000)
  eden space 35840K, 0% used [0x00000007b9c00000,0x00000007b9c00000,0x00000007bbf00000)
  from space 33280K, 98% used [0x00000007bbf00000,0x00000007bdf20000,0x00000007bdf80000)
  to   space 33280K, 0% used [0x00000007bdf80000,0x00000007bdf80000,0x00000007c0000000)
 ParOldGen       total 161280K, used 35463K [0x00000006c1800000, 0x00000006cb580000, 0x00000007b9c00000)
  object space 161280K, 21% used [0x00000006c1800000,0x00000006c3aa1e80,0x00000006cb580000)
 Metaspace       used 2707K, capacity 4486K, committed 4864K, reserved 1056768K
  class space    used 302K, capacity 386K, committed 512K, reserved 1048576K
}
{Heap before GC invocations=711 (full 1):
 PSYoungGen      total 69120K, used 68736K [0x00000007b9c00000, 0x00000007c0000000, 0x00000007c0000000)
  eden space 35840K, 100% used [0x00000007b9c00000,0x00000007bbf00000,0x00000007bbf00000)
  from space 33280K, 98% used [0x00000007bbf00000,0x00000007bdf20000,0x00000007bdf80000)
  to   space 33280K, 0% used [0x00000007bdf80000,0x00000007bdf80000,0x00000007c0000000)
 ParOldGen       total 161280K, used 35463K [0x00000006c1800000, 0x00000006cb580000, 0x00000007b9c00000)
  object space 161280K, 21% used [0x00000006c1800000,0x00000006c3aa1e80,0x00000006cb580000)
 Metaspace       used 2707K, capacity 4486K, committed 4864K, reserved 1056768K
  class space    used 302K, capacity 386K, committed 512K, reserved 1048576K
[GC (Allocation Failure)  104199K->68327K(230400K), 0.0294829 secs]
Heap after GC invocations=711 (full 1):
 PSYoungGen      total 69120K, used 32864K [0x00000007b9c00000, 0x00000007c0000000, 0x00000007c0000000)
  eden space 35840K, 0% used [0x00000007b9c00000,0x00000007b9c00000,0x00000007bbf00000)
  from space 33280K, 98% used [0x00000007bdf80000,0x00000007bff98000,0x00000007c0000000)
  to   space 33280K, 0% used [0x00000007bbf00000,0x00000007bbf00000,0x00000007bdf80000)
 ParOldGen       total 161280K, used 35463K [0x00000006c1800000, 0x00000006cb580000, 0x00000007b9c00000)
  object space 161280K, 21% used [0x00000006c1800000,0x00000006c3aa1e80,0x00000006cb580000)
 Metaspace       used 2707K, capacity 4486K, committed 4864K, reserved 1056768K
  class space    used 302K, capacity 386K, committed 512K, reserved 1048576K
}
{Heap before GC invocations=712 (full 1):
 PSYoungGen      total 69120K, used 68704K [0x00000007b9c00000, 0x00000007c0000000, 0x00000007c0000000)
  eden space 35840K, 100% used [0x00000007b9c00000,0x00000007bbf00000,0x00000007bbf00000)
  from space 33280K, 98% used [0x00000007bdf80000,0x00000007bff98000,0x00000007c0000000)
  to   space 33280K, 0% used [0x00000007bbf00000,0x00000007bbf00000,0x00000007bdf80000)
 ParOldGen       total 161280K, used 35463K [0x00000006c1800000, 0x00000006cb580000, 0x00000007b9c00000)
  object space 161280K, 21% used [0x00000006c1800000,0x00000006c3aa1e80,0x00000006cb580000)
 Metaspace       used 2707K, capacity 4486K, committed 4864K, reserved 1056768K
  class space    used 302K, capacity 386K, committed 512K, reserved 1048576K
[GC (Allocation Failure)  104167K->68359K(230400K), 0.0323385 secs]
Heap after GC invocations=712 (full 1):
 PSYoungGen      total 69120K, used 32896K [0x00000007b9c00000, 0x00000007c0000000, 0x00000007c0000000)
  eden space 35840K, 0% used [0x00000007b9c00000,0x00000007b9c00000,0x00000007bbf00000)
  from space 33280K, 98% used [0x00000007bbf00000,0x00000007bdf20000,0x00000007bdf80000)
  to   space 33280K, 0% used [0x00000007bdf80000,0x00000007bdf80000,0x00000007c0000000)
 ParOldGen       total 161280K, used 35463K [0x00000006c1800000, 0x00000006cb580000, 0x00000007b9c00000)
  object space 161280K, 21% used [0x00000006c1800000,0x00000006c3aa1e80,0x00000006cb580000)
 Metaspace       used 2707K, capacity 4486K, committed 4864K, reserved 1056768K
  class space    used 302K, capacity 386K, committed 512K, reserved 1048576K
}
{Heap before GC invocations=713 (full 1):
 PSYoungGen      total 69120K, used 68736K [0x00000007b9c00000, 0x00000007c0000000, 0x00000007c0000000)
  eden space 35840K, 100% used [0x00000007b9c00000,0x00000007bbf00000,0x00000007bbf00000)
  from space 33280K, 98% used [0x00000007bbf00000,0x00000007bdf20000,0x00000007bdf80000)
  to   space 33280K, 0% used [0x00000007bdf80000,0x00000007bdf80000,0x00000007c0000000)
 ParOldGen       total 161280K, used 35463K [0x00000006c1800000, 0x00000006cb580000, 0x00000007b9c00000)
  object space 161280K, 21% used [0x00000006c1800000,0x00000006c3aa1e80,0x00000006cb580000)
 Metaspace       used 2707K, capacity 4486K, committed 4864K, reserved 1056768K
  class space    used 302K, capacity 386K, committed 512K, reserved 1048576K
[GC (Allocation Failure)  104199K->68359K(230400K), 0.0320186 secs]
Heap after GC invocations=713 (full 1):
 PSYoungGen      total 69120K, used 32896K [0x00000007b9c00000, 0x00000007c0000000, 0x00000007c0000000)
  eden space 35840K, 0% used [0x00000007b9c00000,0x00000007b9c00000,0x00000007bbf00000)
  from space 33280K, 98% used [0x00000007bdf80000,0x00000007bffa0000,0x00000007c0000000)
  to   space 33280K, 0% used [0x00000007bbf00000,0x00000007bbf00000,0x00000007bdf80000)
 ParOldGen       total 161280K, used 35463K [0x00000006c1800000, 0x00000006cb580000, 0x00000007b9c00000)
  object space 161280K, 21% used [0x00000006c1800000,0x00000006c3aa1e80,0x00000006cb580000)
 Metaspace       used 2707K, capacity 4486K, committed 4864K, reserved 1056768K
  class space    used 302K, capacity 386K, committed 512K, reserved 1048576K
}
{Heap before GC invocations=714 (full 1):
 PSYoungGen      total 69120K, used 68736K [0x00000007b9c00000, 0x00000007c0000000, 0x00000007c0000000)
  eden space 35840K, 100% used [0x00000007b9c00000,0x00000007bbf00000,0x00000007bbf00000)
  from space 33280K, 98% used [0x00000007bdf80000,0x00000007bffa0000,0x00000007c0000000)
  to   space 33280K, 0% used [0x00000007bbf00000,0x00000007bbf00000,0x00000007bdf80000)
 ParOldGen       total 161280K, used 35463K [0x00000006c1800000, 0x00000006cb580000, 0x00000007b9c00000)
  object space 161280K, 21% used [0x00000006c1800000,0x00000006c3aa1e80,0x00000006cb580000)
 Metaspace       used 2707K, capacity 4486K, committed 4864K, reserved 1056768K
  class space    used 302K, capacity 386K, committed 512K, reserved 1048576K
[GC (Allocation Failure)  104199K->68327K(230400K), 0.0332672 secs]
Heap after GC invocations=714 (full 1):
 PSYoungGen      total 69120K, used 32864K [0x00000007b9c00000, 0x00000007c0000000, 0x00000007c0000000)
  eden space 35840K, 0% used [0x00000007b9c00000,0x00000007b9c00000,0x00000007bbf00000)
  from space 33280K, 98% used [0x00000007bbf00000,0x00000007bdf18000,0x00000007bdf80000)
  to   space 33280K, 0% used [0x00000007bdf80000,0x00000007bdf80000,0x00000007c0000000)
 ParOldGen       total 161280K, used 35463K [0x00000006c1800000, 0x00000006cb580000, 0x00000007b9c00000)
  object space 161280K, 21% used [0x00000006c1800000,0x00000006c3aa1e80,0x00000006cb580000)
 Metaspace       used 2707K, capacity 4486K, committed 4864K, reserved 1056768K
  class space    used 302K, capacity 386K, committed 512K, reserved 1048576K
}
{Heap before GC invocations=715 (full 1):
 PSYoungGen      total 69120K, used 68704K [0x00000007b9c00000, 0x00000007c0000000, 0x00000007c0000000)
  eden space 35840K, 100% used [0x00000007b9c00000,0x00000007bbf00000,0x00000007bbf00000)
  from space 33280K, 98% used [0x00000007bbf00000,0x00000007bdf18000,0x00000007bdf80000)
  to   space 33280K, 0% used [0x00000007bdf80000,0x00000007bdf80000,0x00000007c0000000)
 ParOldGen       total 161280K, used 35463K [0x00000006c1800000, 0x00000006cb580000, 0x00000007b9c00000)
  object space 161280K, 21% used [0x00000006c1800000,0x00000006c3aa1e80,0x00000006cb580000)
 Metaspace       used 2707K, capacity 4486K, committed 4864K, reserved 1056768K
  class space    used 302K, capacity 386K, committed 512K, reserved 1048576K
[GC (Allocation Failure)  104167K->68327K(230400K), 0.0318769 secs]
Heap after GC invocations=715 (full 1):
 PSYoungGen      total 69120K, used 32864K [0x00000007b9c00000, 0x00000007c0000000, 0x00000007c0000000)
  eden space 35840K, 0% used [0x00000007b9c00000,0x00000007b9c00000,0x00000007bbf00000)
  from space 33280K, 98% used [0x00000007bdf80000,0x00000007bff98000,0x00000007c0000000)
  to   space 33280K, 0% used [0x00000007bbf00000,0x00000007bbf00000,0x00000007bdf80000)
 ParOldGen       total 161280K, used 35463K [0x00000006c1800000, 0x00000006cb580000, 0x00000007b9c00000)
  object space 161280K, 21% used [0x00000006c1800000,0x00000006c3aa1e80,0x00000006cb580000)
 Metaspace       used 2707K, capacity 4486K, committed 4864K, reserved 1056768K
  class space    used 302K, capacity 386K, committed 512K, reserved 1048576K
}
{Heap before GC invocations=716 (full 1):
 PSYoungGen      total 69120K, used 68704K [0x00000007b9c00000, 0x00000007c0000000, 0x00000007c0000000)
  eden space 35840K, 100% used [0x00000007b9c00000,0x00000007bbf00000,0x00000007bbf00000)
  from space 33280K, 98% used [0x00000007bdf80000,0x00000007bff98000,0x00000007c0000000)
  to   space 33280K, 0% used [0x00000007bbf00000,0x00000007bbf00000,0x00000007bdf80000)
 ParOldGen       total 161280K, used 35463K [0x00000006c1800000, 0x00000006cb580000, 0x00000007b9c00000)
  object space 161280K, 21% used [0x00000006c1800000,0x00000006c3aa1e80,0x00000006cb580000)
 Metaspace       used 2707K, capacity 4486K, committed 4864K, reserved 1056768K
  class space    used 302K, capacity 386K, committed 512K, reserved 1048576K
[GC (Allocation Failure)  104167K->68359K(230400K), 0.0312437 secs]
Heap after GC invocations=716 (full 1):
 PSYoungGen      total 69120K, used 32896K [0x00000007b9c00000, 0x00000007c0000000, 0x00000007c0000000)
  eden space 35840K, 0% used [0x00000007b9c00000,0x00000007b9c00000,0x00000007bbf00000)
  from space 33280K, 98% used [0x00000007bbf00000,0x00000007bdf20000,0x00000007bdf80000)
  to   space 33280K, 0% used [0x00000007bdf80000,0x00000007bdf80000,0x00000007c0000000)
 ParOldGen       total 161280K, used 35463K [0x00000006c1800000, 0x00000006cb580000, 0x00000007b9c00000)
  object space 161280K, 21% used [0x00000006c1800000,0x00000006c3aa1e80,0x00000006cb580000)
 Metaspace       used 2707K, capacity 4486K, committed 4864K, reserved 1056768K
  class space    used 302K, capacity 386K, committed 512K, reserved 1048576K
}
{Heap before GC invocations=717 (full 1):
 PSYoungGen      total 69120K, used 68736K [0x00000007b9c00000, 0x00000007c0000000, 0x00000007c0000000)
  eden space 35840K, 100% used [0x00000007b9c00000,0x00000007bbf00000,0x00000007bbf00000)
  from space 33280K, 98% used [0x00000007bbf00000,0x00000007bdf20000,0x00000007bdf80000)
  to   space 33280K, 0% used [0x00000007bdf80000,0x00000007bdf80000,0x00000007c0000000)
 ParOldGen       total 161280K, used 35463K [0x00000006c1800000, 0x00000006cb580000, 0x00000007b9c00000)
  object space 161280K, 21% used [0x00000006c1800000,0x00000006c3aa1e80,0x00000006cb580000)
 Metaspace       used 2707K, capacity 4486K, committed 4864K, reserved 1056768K
  class space    used 302K, capacity 386K, committed 512K, reserved 1048576K
[GC (Allocation Failure)  104199K->68359K(230400K), 0.0320191 secs]
Heap after GC invocations=717 (full 1):
 PSYoungGen      total 69120K, used 32896K [0x00000007b9c00000, 0x00000007c0000000, 0x00000007c0000000)
  eden space 35840K, 0% used [0x00000007b9c00000,0x00000007b9c00000,0x00000007bbf00000)
  from space 33280K, 98% used [0x00000007bdf80000,0x00000007bffa0000,0x00000007c0000000)
  to   space 33280K, 0% used [0x00000007bbf00000,0x00000007bbf00000,0x00000007bdf80000)
 ParOldGen       total 161280K, used 35463K [0x00000006c1800000, 0x00000006cb580000, 0x00000007b9c00000)
  object space 161280K, 21% used [0x00000006c1800000,0x00000006c3aa1e80,0x00000006cb580000)
 Metaspace       used 2707K, capacity 4486K, committed 4864K, reserved 1056768K
  class space    used 302K, capacity 386K, committed 512K, reserved 1048576K
}
{Heap before GC invocations=718 (full 1):
 PSYoungGen      total 69120K, used 68736K [0x00000007b9c00000, 0x00000007c0000000, 0x00000007c0000000)
  eden space 35840K, 100% used [0x00000007b9c00000,0x00000007bbf00000,0x00000007bbf00000)
  from space 33280K, 98% used [0x00000007bdf80000,0x00000007bffa0000,0x00000007c0000000)
  to   space 33280K, 0% used [0x00000007bbf00000,0x00000007bbf00000,0x00000007bdf80000)
 ParOldGen       total 161280K, used 35463K [0x00000006c1800000, 0x00000006cb580000, 0x00000007b9c00000)
  object space 161280K, 21% used [0x00000006c1800000,0x00000006c3aa1e80,0x00000006cb580000)
 Metaspace       used 2707K, capacity 4486K, committed 4864K, reserved 1056768K
  class space    used 302K, capacity 386K, committed 512K, reserved 1048576K
[GC (Allocation Failure)  104199K->68359K(230400K), 0.0367644 secs]
Heap after GC invocations=718 (full 1):
 PSYoungGen      total 69120K, used 32896K [0x00000007b9c00000, 0x00000007c0000000, 0x00000007c0000000)
  eden space 35840K, 0% used [0x00000007b9c00000,0x00000007b9c00000,0x00000007bbf00000)
  from space 33280K, 98% used [0x00000007bbf00000,0x00000007bdf20000,0x00000007bdf80000)
  to   space 33280K, 0% used [0x00000007bdf80000,0x00000007bdf80000,0x00000007c0000000)
 ParOldGen       total 161280K, used 35463K [0x00000006c1800000, 0x00000006cb580000, 0x00000007b9c00000)
  object space 161280K, 21% used [0x00000006c1800000,0x00000006c3aa1e80,0x00000006cb580000)
 Metaspace       used 2707K, capacity 4486K, committed 4864K, reserved 1056768K
  class space    used 302K, capacity 386K, committed 512K, reserved 1048576K
}
{Heap before GC invocations=719 (full 1):
 PSYoungGen      total 69120K, used 68736K [0x00000007b9c00000, 0x00000007c0000000, 0x00000007c0000000)
  eden space 35840K, 100% used [0x00000007b9c00000,0x00000007bbf00000,0x00000007bbf00000)
  from space 33280K, 98% used [0x00000007bbf00000,0x00000007bdf20000,0x00000007bdf80000)
  to   space 33280K, 0% used [0x00000007bdf80000,0x00000007bdf80000,0x00000007c0000000)
 ParOldGen       total 161280K, used 35463K [0x00000006c1800000, 0x00000006cb580000, 0x00000007b9c00000)
  object space 161280K, 21% used [0x00000006c1800000,0x00000006c3aa1e80,0x00000006cb580000)
 Metaspace       used 2707K, capacity 4486K, committed 4864K, reserved 1056768K
  class space    used 302K, capacity 386K, committed 512K, reserved 1048576K
[GC (Allocation Failure)  104199K->68391K(230400K), 0.0333331 secs]
Heap after GC invocations=719 (full 1):
 PSYoungGen      total 69120K, used 32928K [0x00000007b9c00000, 0x00000007c0000000, 0x00000007c0000000)
  eden space 35840K, 0% used [0x00000007b9c00000,0x00000007b9c00000,0x00000007bbf00000)
  from space 33280K, 98% used [0x00000007bdf80000,0x00000007bffa8000,0x00000007c0000000)
  to   space 33280K, 0% used [0x00000007bbf00000,0x00000007bbf00000,0x00000007bdf80000)
 ParOldGen       total 161280K, used 35463K [0x00000006c1800000, 0x00000006cb580000, 0x00000007b9c00000)
  object space 161280K, 21% used [0x00000006c1800000,0x00000006c3aa1e80,0x00000006cb580000)
 Metaspace       used 2707K, capacity 4486K, committed 4864K, reserved 1056768K
  class space    used 302K, capacity 386K, committed 512K, reserved 1048576K
}
{Heap before GC invocations=720 (full 1):
 PSYoungGen      total 69120K, used 68768K [0x00000007b9c00000, 0x00000007c0000000, 0x00000007c0000000)
  eden space 35840K, 100% used [0x00000007b9c00000,0x00000007bbf00000,0x00000007bbf00000)
  from space 33280K, 98% used [0x00000007bdf80000,0x00000007bffa8000,0x00000007c0000000)
  to   space 33280K, 0% used [0x00000007bbf00000,0x00000007bbf00000,0x00000007bdf80000)
 ParOldGen       total 161280K, used 35463K [0x00000006c1800000, 0x00000006cb580000, 0x00000007b9c00000)
  object space 161280K, 21% used [0x00000006c1800000,0x00000006c3aa1e80,0x00000006cb580000)
 Metaspace       used 2707K, capacity 4486K, committed 4864K, reserved 1056768K
  class space    used 302K, capacity 386K, committed 512K, reserved 1048576K
[GC (Allocation Failure)  104231K->68391K(230400K), 0.0334289 secs]
Heap after GC invocations=720 (full 1):
 PSYoungGen      total 69120K, used 32928K [0x00000007b9c00000, 0x00000007c0000000, 0x00000007c0000000)
  eden space 35840K, 0% used [0x00000007b9c00000,0x00000007b9c00000,0x00000007bbf00000)
  from space 33280K, 98% used [0x00000007bbf00000,0x00000007bdf28000,0x00000007bdf80000)
  to   space 33280K, 0% used [0x00000007bdf80000,0x00000007bdf80000,0x00000007c0000000)
 ParOldGen       total 161280K, used 35463K [0x00000006c1800000, 0x00000006cb580000, 0x00000007b9c00000)
  object space 161280K, 21% used [0x00000006c1800000,0x00000006c3aa1e80,0x00000006cb580000)
 Metaspace       used 2707K, capacity 4486K, committed 4864K, reserved 1056768K
  class space    used 302K, capacity 386K, committed 512K, reserved 1048576K
}
{Heap before GC invocations=721 (full 1):
 PSYoungGen      total 69120K, used 68768K [0x00000007b9c00000, 0x00000007c0000000, 0x00000007c0000000)
  eden space 35840K, 100% used [0x00000007b9c00000,0x00000007bbf00000,0x00000007bbf00000)
  from space 33280K, 98% used [0x00000007bbf00000,0x00000007bdf28000,0x00000007bdf80000)
  to   space 33280K, 0% used [0x00000007bdf80000,0x00000007bdf80000,0x00000007c0000000)
 ParOldGen       total 161280K, used 35463K [0x00000006c1800000, 0x00000006cb580000, 0x00000007b9c00000)
  object space 161280K, 21% used [0x00000006c1800000,0x00000006c3aa1e80,0x00000006cb580000)
 Metaspace       used 2707K, capacity 4486K, committed 4864K, reserved 1056768K
  class space    used 302K, capacity 386K, committed 512K, reserved 1048576K
[GC (Allocation Failure)  104231K->68359K(230400K), 0.0396164 secs]
Heap after GC invocations=721 (full 1):
 PSYoungGen      total 69120K, used 32896K [0x00000007b9c00000, 0x00000007c0000000, 0x00000007c0000000)
  eden space 35840K, 0% used [0x00000007b9c00000,0x00000007b9c00000,0x00000007bbf00000)
  from space 33280K, 98% used [0x00000007bdf80000,0x00000007bffa0000,0x00000007c0000000)
  to   space 33280K, 0% used [0x00000007bbf00000,0x00000007bbf00000,0x00000007bdf80000)
 ParOldGen       total 161280K, used 35463K [0x00000006c1800000, 0x00000006cb580000, 0x00000007b9c00000)
  object space 161280K, 21% used [0x00000006c1800000,0x00000006c3aa1e80,0x00000006cb580000)
 Metaspace       used 2707K, capacity 4486K, committed 4864K, reserved 1056768K
  class space    used 302K, capacity 386K, committed 512K, reserved 1048576K
}
{Heap before GC invocations=722 (full 1):
 PSYoungGen      total 69120K, used 68736K [0x00000007b9c00000, 0x00000007c0000000, 0x00000007c0000000)
  eden space 35840K, 100% used [0x00000007b9c00000,0x00000007bbf00000,0x00000007bbf00000)
  from space 33280K, 98% used [0x00000007bdf80000,0x00000007bffa0000,0x00000007c0000000)
  to   space 33280K, 0% used [0x00000007bbf00000,0x00000007bbf00000,0x00000007bdf80000)
 ParOldGen       total 161280K, used 35463K [0x00000006c1800000, 0x00000006cb580000, 0x00000007b9c00000)
  object space 161280K, 21% used [0x00000006c1800000,0x00000006c3aa1e80,0x00000006cb580000)
 Metaspace       used 2707K, capacity 4486K, committed 4864K, reserved 1056768K
  class space    used 302K, capacity 386K, committed 512K, reserved 1048576K
[GC (Allocation Failure)  104199K->68327K(230400K), 0.0466919 secs]
Heap after GC invocations=722 (full 1):
 PSYoungGen      total 69120K, used 32864K [0x00000007b9c00000, 0x00000007c0000000, 0x00000007c0000000)
  eden space 35840K, 0% used [0x00000007b9c00000,0x00000007b9c00000,0x00000007bbf00000)
  from space 33280K, 98% used [0x00000007bbf00000,0x00000007bdf18000,0x00000007bdf80000)
  to   space 33280K, 0% used [0x00000007bdf80000,0x00000007bdf80000,0x00000007c0000000)
 ParOldGen       total 161280K, used 35463K [0x00000006c1800000, 0x00000006cb580000, 0x00000007b9c00000)
  object space 161280K, 21% used [0x00000006c1800000,0x00000006c3aa1e80,0x00000006cb580000)
 Metaspace       used 2707K, capacity 4486K, committed 4864K, reserved 1056768K
  class space    used 302K, capacity 386K, committed 512K, reserved 1048576K
}
{Heap before GC invocations=723 (full 1):
 PSYoungGen      total 69120K, used 68704K [0x00000007b9c00000, 0x00000007c0000000, 0x00000007c0000000)
  eden space 35840K, 100% used [0x00000007b9c00000,0x00000007bbf00000,0x00000007bbf00000)
  from space 33280K, 98% used [0x00000007bbf00000,0x00000007bdf18000,0x00000007bdf80000)
  to   space 33280K, 0% used [0x00000007bdf80000,0x00000007bdf80000,0x00000007c0000000)
 ParOldGen       total 161280K, used 35463K [0x00000006c1800000, 0x00000006cb580000, 0x00000007b9c00000)
  object space 161280K, 21% used [0x00000006c1800000,0x00000006c3aa1e80,0x00000006cb580000)
 Metaspace       used 2707K, capacity 4486K, committed 4864K, reserved 1056768K
  class space    used 302K, capacity 386K, committed 512K, reserved 1048576K
[GC (Allocation Failure)  104167K->68359K(230400K), 0.0310001 secs]
Heap after GC invocations=723 (full 1):
 PSYoungGen      total 69120K, used 32896K [0x00000007b9c00000, 0x00000007c0000000, 0x00000007c0000000)
  eden space 35840K, 0% used [0x00000007b9c00000,0x00000007b9c00000,0x00000007bbf00000)
  from space 33280K, 98% used [0x00000007bdf80000,0x00000007bffa0000,0x00000007c0000000)
  to   space 33280K, 0% used [0x00000007bbf00000,0x00000007bbf00000,0x00000007bdf80000)
 ParOldGen       total 161280K, used 35463K [0x00000006c1800000, 0x00000006cb580000, 0x00000007b9c00000)
  object space 161280K, 21% used [0x00000006c1800000,0x00000006c3aa1e80,0x00000006cb580000)
 Metaspace       used 2707K, capacity 4486K, committed 4864K, reserved 1056768K
  class space    used 302K, capacity 386K, committed 512K, reserved 1048576K
}
{Heap before GC invocations=724 (full 1):
 PSYoungGen      total 69120K, used 68736K [0x00000007b9c00000, 0x00000007c0000000, 0x00000007c0000000)
  eden space 35840K, 100% used [0x00000007b9c00000,0x00000007bbf00000,0x00000007bbf00000)
  from space 33280K, 98% used [0x00000007bdf80000,0x00000007bffa0000,0x00000007c0000000)
  to   space 33280K, 0% used [0x00000007bbf00000,0x00000007bbf00000,0x00000007bdf80000)
 ParOldGen       total 161280K, used 35463K [0x00000006c1800000, 0x00000006cb580000, 0x00000007b9c00000)
  object space 161280K, 21% used [0x00000006c1800000,0x00000006c3aa1e80,0x00000006cb580000)
 Metaspace       used 2707K, capacity 4486K, committed 4864K, reserved 1056768K
  class space    used 302K, capacity 386K, committed 512K, reserved 1048576K
[GC (Allocation Failure)  104199K->68359K(230400K), 0.0362941 secs]
Heap after GC invocations=724 (full 1):
 PSYoungGen      total 69120K, used 32896K [0x00000007b9c00000, 0x00000007c0000000, 0x00000007c0000000)
  eden space 35840K, 0% used [0x00000007b9c00000,0x00000007b9c00000,0x00000007bbf00000)
  from space 33280K, 98% used [0x00000007bbf00000,0x00000007bdf20000,0x00000007bdf80000)
  to   space 33280K, 0% used [0x00000007bdf80000,0x00000007bdf80000,0x00000007c0000000)
 ParOldGen       total 161280K, used 35463K [0x00000006c1800000, 0x00000006cb580000, 0x00000007b9c00000)
  object space 161280K, 21% used [0x00000006c1800000,0x00000006c3aa1e80,0x00000006cb580000)
 Metaspace       used 2707K, capacity 4486K, committed 4864K, reserved 1056768K
  class space    used 302K, capacity 386K, committed 512K, reserved 1048576K
}
{Heap before GC invocations=725 (full 1):
 PSYoungGen      total 69120K, used 68736K [0x00000007b9c00000, 0x00000007c0000000, 0x00000007c0000000)
  eden space 35840K, 100% used [0x00000007b9c00000,0x00000007bbf00000,0x00000007bbf00000)
  from space 33280K, 98% used [0x00000007bbf00000,0x00000007bdf20000,0x00000007bdf80000)
  to   space 33280K, 0% used [0x00000007bdf80000,0x00000007bdf80000,0x00000007c0000000)
 ParOldGen       total 161280K, used 35463K [0x00000006c1800000, 0x00000006cb580000, 0x00000007b9c00000)
  object space 161280K, 21% used [0x00000006c1800000,0x00000006c3aa1e80,0x00000006cb580000)
 Metaspace       used 2707K, capacity 4486K, committed 4864K, reserved 1056768K
  class space    used 302K, capacity 386K, committed 512K, reserved 1048576K
[GC (Allocation Failure)  104199K->68359K(230400K), 0.0383675 secs]
Heap after GC invocations=725 (full 1):
 PSYoungGen      total 69120K, used 32896K [0x00000007b9c00000, 0x00000007c0000000, 0x00000007c0000000)
  eden space 35840K, 0% used [0x00000007b9c00000,0x00000007b9c00000,0x00000007bbf00000)
  from space 33280K, 98% used [0x00000007bdf80000,0x00000007bffa0000,0x00000007c0000000)
  to   space 33280K, 0% used [0x00000007bbf00000,0x00000007bbf00000,0x00000007bdf80000)
 ParOldGen       total 161280K, used 35463K [0x00000006c1800000, 0x00000006cb580000, 0x00000007b9c00000)
  object space 161280K, 21% used [0x00000006c1800000,0x00000006c3aa1e80,0x00000006cb580000)
 Metaspace       used 2707K, capacity 4486K, committed 4864K, reserved 1056768K
  class space    used 302K, capacity 386K, committed 512K, reserved 1048576K
}
{Heap before GC invocations=726 (full 1):
 PSYoungGen      total 69120K, used 68736K [0x00000007b9c00000, 0x00000007c0000000, 0x00000007c0000000)
  eden space 35840K, 100% used [0x00000007b9c00000,0x00000007bbf00000,0x00000007bbf00000)
  from space 33280K, 98% used [0x00000007bdf80000,0x00000007bffa0000,0x00000007c0000000)
  to   space 33280K, 0% used [0x00000007bbf00000,0x00000007bbf00000,0x00000007bdf80000)
 ParOldGen       total 161280K, used 35463K [0x00000006c1800000, 0x00000006cb580000, 0x00000007b9c00000)
  object space 161280K, 21% used [0x00000006c1800000,0x00000006c3aa1e80,0x00000006cb580000)
 Metaspace       used 2707K, capacity 4486K, committed 4864K, reserved 1056768K
  class space    used 302K, capacity 386K, committed 512K, reserved 1048576K
[GC (Allocation Failure)  104199K->68359K(230400K), 0.0348555 secs]
Heap after GC invocations=726 (full 1):
 PSYoungGen      total 69120K, used 32896K [0x00000007b9c00000, 0x00000007c0000000, 0x00000007c0000000)
  eden space 35840K, 0% used [0x00000007b9c00000,0x00000007b9c00000,0x00000007bbf00000)
  from space 33280K, 98% used [0x00000007bbf00000,0x00000007bdf20000,0x00000007bdf80000)
  to   space 33280K, 0% used [0x00000007bdf80000,0x00000007bdf80000,0x00000007c0000000)
 ParOldGen       total 161280K, used 35463K [0x00000006c1800000, 0x00000006cb580000, 0x00000007b9c00000)
  object space 161280K, 21% used [0x00000006c1800000,0x00000006c3aa1e80,0x00000006cb580000)
 Metaspace       used 2707K, capacity 4486K, committed 4864K, reserved 1056768K
  class space    used 302K, capacity 386K, committed 512K, reserved 1048576K
}
{Heap before GC invocations=727 (full 1):
 PSYoungGen      total 69120K, used 68736K [0x00000007b9c00000, 0x00000007c0000000, 0x00000007c0000000)
  eden space 35840K, 100% used [0x00000007b9c00000,0x00000007bbf00000,0x00000007bbf00000)
  from space 33280K, 98% used [0x00000007bbf00000,0x00000007bdf20000,0x00000007bdf80000)
  to   space 33280K, 0% used [0x00000007bdf80000,0x00000007bdf80000,0x00000007c0000000)
 ParOldGen       total 161280K, used 35463K [0x00000006c1800000, 0x00000006cb580000, 0x00000007b9c00000)
  object space 161280K, 21% used [0x00000006c1800000,0x00000006c3aa1e80,0x00000006cb580000)
 Metaspace       used 2707K, capacity 4486K, committed 4864K, reserved 1056768K
  class space    used 302K, capacity 386K, committed 512K, reserved 1048576K
[GC (Allocation Failure)  104199K->68359K(230400K), 0.0313498 secs]
Heap after GC invocations=727 (full 1):
 PSYoungGen      total 69120K, used 32896K [0x00000007b9c00000, 0x00000007c0000000, 0x00000007c0000000)
  eden space 35840K, 0% used [0x00000007b9c00000,0x00000007b9c00000,0x00000007bbf00000)
  from space 33280K, 98% used [0x00000007bdf80000,0x00000007bffa0000,0x00000007c0000000)
  to   space 33280K, 0% used [0x00000007bbf00000,0x00000007bbf00000,0x00000007bdf80000)
 ParOldGen       total 161280K, used 35463K [0x00000006c1800000, 0x00000006cb580000, 0x00000007b9c00000)
  object space 161280K, 21% used [0x00000006c1800000,0x00000006c3aa1e80,0x00000006cb580000)
 Metaspace       used 2707K, capacity 4486K, committed 4864K, reserved 1056768K
  class space    used 302K, capacity 386K, committed 512K, reserved 1048576K
}
{Heap before GC invocations=728 (full 1):
 PSYoungGen      total 69120K, used 68736K [0x00000007b9c00000, 0x00000007c0000000, 0x00000007c0000000)
  eden space 35840K, 100% used [0x00000007b9c00000,0x00000007bbf00000,0x00000007bbf00000)
  from space 33280K, 98% used [0x00000007bdf80000,0x00000007bffa0000,0x00000007c0000000)
  to   space 33280K, 0% used [0x00000007bbf00000,0x00000007bbf00000,0x00000007bdf80000)
 ParOldGen       total 161280K, used 35463K [0x00000006c1800000, 0x00000006cb580000, 0x00000007b9c00000)
  object space 161280K, 21% used [0x00000006c1800000,0x00000006c3aa1e80,0x00000006cb580000)
 Metaspace       used 2707K, capacity 4486K, committed 4864K, reserved 1056768K
  class space    used 302K, capacity 386K, committed 512K, reserved 1048576K
[GC (Allocation Failure)  104199K->68359K(230400K), 0.0304071 secs]
Heap after GC invocations=728 (full 1):
 PSYoungGen      total 69120K, used 32896K [0x00000007b9c00000, 0x00000007c0000000, 0x00000007c0000000)
  eden space 35840K, 0% used [0x00000007b9c00000,0x00000007b9c00000,0x00000007bbf00000)
  from space 33280K, 98% used [0x00000007bbf00000,0x00000007bdf20000,0x00000007bdf80000)
  to   space 33280K, 0% used [0x00000007bdf80000,0x00000007bdf80000,0x00000007c0000000)
 ParOldGen       total 161280K, used 35463K [0x00000006c1800000, 0x00000006cb580000, 0x00000007b9c00000)
  object space 161280K, 21% used [0x00000006c1800000,0x00000006c3aa1e80,0x00000006cb580000)
 Metaspace       used 2707K, capacity 4486K, committed 4864K, reserved 1056768K
  class space    used 302K, capacity 386K, committed 512K, reserved 1048576K
}
{Heap before GC invocations=729 (full 1):
 PSYoungGen      total 69120K, used 68736K [0x00000007b9c00000, 0x00000007c0000000, 0x00000007c0000000)
  eden space 35840K, 100% used [0x00000007b9c00000,0x00000007bbf00000,0x00000007bbf00000)
  from space 33280K, 98% used [0x00000007bbf00000,0x00000007bdf20000,0x00000007bdf80000)
  to   space 33280K, 0% used [0x00000007bdf80000,0x00000007bdf80000,0x00000007c0000000)
 ParOldGen       total 161280K, used 35463K [0x00000006c1800000, 0x00000006cb580000, 0x00000007b9c00000)
  object space 161280K, 21% used [0x00000006c1800000,0x00000006c3aa1e80,0x00000006cb580000)
 Metaspace       used 2707K, capacity 4486K, committed 4864K, reserved 1056768K
  class space    used 302K, capacity 386K, committed 512K, reserved 1048576K
[GC (Allocation Failure)  104199K->68359K(230400K), 0.0316523 secs]
Heap after GC invocations=729 (full 1):
 PSYoungGen      total 69120K, used 32896K [0x00000007b9c00000, 0x00000007c0000000, 0x00000007c0000000)
  eden space 35840K, 0% used [0x00000007b9c00000,0x00000007b9c00000,0x00000007bbf00000)
  from space 33280K, 98% used [0x00000007bdf80000,0x00000007bffa0000,0x00000007c0000000)
  to   space 33280K, 0% used [0x00000007bbf00000,0x00000007bbf00000,0x00000007bdf80000)
 ParOldGen       total 161280K, used 35463K [0x00000006c1800000, 0x00000006cb580000, 0x00000007b9c00000)
  object space 161280K, 21% used [0x00000006c1800000,0x00000006c3aa1e80,0x00000006cb580000)
 Metaspace       used 2707K, capacity 4486K, committed 4864K, reserved 1056768K
  class space    used 302K, capacity 386K, committed 512K, reserved 1048576K
}
{Heap before GC invocations=730 (full 1):
 PSYoungGen      total 69120K, used 68736K [0x00000007b9c00000, 0x00000007c0000000, 0x00000007c0000000)
  eden space 35840K, 100% used [0x00000007b9c00000,0x00000007bbf00000,0x00000007bbf00000)
  from space 33280K, 98% used [0x00000007bdf80000,0x00000007bffa0000,0x00000007c0000000)
  to   space 33280K, 0% used [0x00000007bbf00000,0x00000007bbf00000,0x00000007bdf80000)
 ParOldGen       total 161280K, used 35463K [0x00000006c1800000, 0x00000006cb580000, 0x00000007b9c00000)
  object space 161280K, 21% used [0x00000006c1800000,0x00000006c3aa1e80,0x00000006cb580000)
 Metaspace       used 2707K, capacity 4486K, committed 4864K, reserved 1056768K
  class space    used 302K, capacity 386K, committed 512K, reserved 1048576K
[GC (Allocation Failure)  104199K->68359K(230400K), 0.0305823 secs]
Heap after GC invocations=730 (full 1):
 PSYoungGen      total 69120K, used 32896K [0x00000007b9c00000, 0x00000007c0000000, 0x00000007c0000000)
  eden space 35840K, 0% used [0x00000007b9c00000,0x00000007b9c00000,0x00000007bbf00000)
  from space 33280K, 98% used [0x00000007bbf00000,0x00000007bdf20000,0x00000007bdf80000)
  to   space 33280K, 0% used [0x00000007bdf80000,0x00000007bdf80000,0x00000007c0000000)
 ParOldGen       total 161280K, used 35463K [0x00000006c1800000, 0x00000006cb580000, 0x00000007b9c00000)
  object space 161280K, 21% used [0x00000006c1800000,0x00000006c3aa1e80,0x00000006cb580000)
 Metaspace       used 2707K, capacity 4486K, committed 4864K, reserved 1056768K
  class space    used 302K, capacity 386K, committed 512K, reserved 1048576K
}
{Heap before GC invocations=731 (full 1):
 PSYoungGen      total 69120K, used 68736K [0x00000007b9c00000, 0x00000007c0000000, 0x00000007c0000000)
  eden space 35840K, 100% used [0x00000007b9c00000,0x00000007bbf00000,0x00000007bbf00000)
  from space 33280K, 98% used [0x00000007bbf00000,0x00000007bdf20000,0x00000007bdf80000)
  to   space 33280K, 0% used [0x00000007bdf80000,0x00000007bdf80000,0x00000007c0000000)
 ParOldGen       total 161280K, used 35463K [0x00000006c1800000, 0x00000006cb580000, 0x00000007b9c00000)
  object space 161280K, 21% used [0x00000006c1800000,0x00000006c3aa1e80,0x00000006cb580000)
 Metaspace       used 2707K, capacity 4486K, committed 4864K, reserved 1056768K
  class space    used 302K, capacity 386K, committed 512K, reserved 1048576K
[GC (Allocation Failure)  104199K->68327K(230400K), 0.0324346 secs]
Heap after GC invocations=731 (full 1):
 PSYoungGen      total 69120K, used 32864K [0x00000007b9c00000, 0x00000007c0000000, 0x00000007c0000000)
  eden space 35840K, 0% used [0x00000007b9c00000,0x00000007b9c00000,0x00000007bbf00000)
  from space 33280K, 98% used [0x00000007bdf80000,0x00000007bff98000,0x00000007c0000000)
  to   space 33280K, 0% used [0x00000007bbf00000,0x00000007bbf00000,0x00000007bdf80000)
 ParOldGen       total 161280K, used 35463K [0x00000006c1800000, 0x00000006cb580000, 0x00000007b9c00000)
  object space 161280K, 21% used [0x00000006c1800000,0x00000006c3aa1e80,0x00000006cb580000)
 Metaspace       used 2707K, capacity 4486K, committed 4864K, reserved 1056768K
  class space    used 302K, capacity 386K, committed 512K, reserved 1048576K
}
{Heap before GC invocations=732 (full 1):
 PSYoungGen      total 69120K, used 68704K [0x00000007b9c00000, 0x00000007c0000000, 0x00000007c0000000)
  eden space 35840K, 100% used [0x00000007b9c00000,0x00000007bbf00000,0x00000007bbf00000)
  from space 33280K, 98% used [0x00000007bdf80000,0x00000007bff98000,0x00000007c0000000)
  to   space 33280K, 0% used [0x00000007bbf00000,0x00000007bbf00000,0x00000007bdf80000)
 ParOldGen       total 161280K, used 35463K [0x00000006c1800000, 0x00000006cb580000, 0x00000007b9c00000)
  object space 161280K, 21% used [0x00000006c1800000,0x00000006c3aa1e80,0x00000006cb580000)
 Metaspace       used 2707K, capacity 4486K, committed 4864K, reserved 1056768K
  class space    used 302K, capacity 386K, committed 512K, reserved 1048576K
[GC (Allocation Failure)  104167K->68327K(230400K), 0.0345875 secs]
Heap after GC invocations=732 (full 1):
 PSYoungGen      total 69120K, used 32864K [0x00000007b9c00000, 0x00000007c0000000, 0x00000007c0000000)
  eden space 35840K, 0% used [0x00000007b9c00000,0x00000007b9c00000,0x00000007bbf00000)
  from space 33280K, 98% used [0x00000007bbf00000,0x00000007bdf18000,0x00000007bdf80000)
  to   space 33280K, 0% used [0x00000007bdf80000,0x00000007bdf80000,0x00000007c0000000)
 ParOldGen       total 161280K, used 35463K [0x00000006c1800000, 0x00000006cb580000, 0x00000007b9c00000)
  object space 161280K, 21% used [0x00000006c1800000,0x00000006c3aa1e80,0x00000006cb580000)
 Metaspace       used 2707K, capacity 4486K, committed 4864K, reserved 1056768K
  class space    used 302K, capacity 386K, committed 512K, reserved 1048576K
}
{Heap before GC invocations=733 (full 1):
 PSYoungGen      total 69120K, used 68704K [0x00000007b9c00000, 0x00000007c0000000, 0x00000007c0000000)
  eden space 35840K, 100% used [0x00000007b9c00000,0x00000007bbf00000,0x00000007bbf00000)
  from space 33280K, 98% used [0x00000007bbf00000,0x00000007bdf18000,0x00000007bdf80000)
  to   space 33280K, 0% used [0x00000007bdf80000,0x00000007bdf80000,0x00000007c0000000)
 ParOldGen       total 161280K, used 35463K [0x00000006c1800000, 0x00000006cb580000, 0x00000007b9c00000)
  object space 161280K, 21% used [0x00000006c1800000,0x00000006c3aa1e80,0x00000006cb580000)
 Metaspace       used 2707K, capacity 4486K, committed 4864K, reserved 1056768K
  class space    used 302K, capacity 386K, committed 512K, reserved 1048576K
[GC (Allocation Failure)  104167K->68359K(230400K), 0.0366454 secs]
Heap after GC invocations=733 (full 1):
 PSYoungGen      total 69120K, used 32896K [0x00000007b9c00000, 0x00000007c0000000, 0x00000007c0000000)
  eden space 35840K, 0% used [0x00000007b9c00000,0x00000007b9c00000,0x00000007bbf00000)
  from space 33280K, 98% used [0x00000007bdf80000,0x00000007bffa0000,0x00000007c0000000)
  to   space 33280K, 0% used [0x00000007bbf00000,0x00000007bbf00000,0x00000007bdf80000)
 ParOldGen       total 161280K, used 35463K [0x00000006c1800000, 0x00000006cb580000, 0x00000007b9c00000)
  object space 161280K, 21% used [0x00000006c1800000,0x00000006c3aa1e80,0x00000006cb580000)
 Metaspace       used 2707K, capacity 4486K, committed 4864K, reserved 1056768K
  class space    used 302K, capacity 386K, committed 512K, reserved 1048576K
}
{Heap before GC invocations=734 (full 1):
 PSYoungGen      total 69120K, used 68736K [0x00000007b9c00000, 0x00000007c0000000, 0x00000007c0000000)
  eden space 35840K, 100% used [0x00000007b9c00000,0x00000007bbf00000,0x00000007bbf00000)
  from space 33280K, 98% used [0x00000007bdf80000,0x00000007bffa0000,0x00000007c0000000)
  to   space 33280K, 0% used [0x00000007bbf00000,0x00000007bbf00000,0x00000007bdf80000)
 ParOldGen       total 161280K, used 35463K [0x00000006c1800000, 0x00000006cb580000, 0x00000007b9c00000)
  object space 161280K, 21% used [0x00000006c1800000,0x00000006c3aa1e80,0x00000006cb580000)
 Metaspace       used 2707K, capacity 4486K, committed 4864K, reserved 1056768K
  class space    used 302K, capacity 386K, committed 512K, reserved 1048576K
[GC (Allocation Failure)  104199K->68359K(230400K), 0.0333781 secs]
Heap after GC invocations=734 (full 1):
 PSYoungGen      total 69120K, used 32896K [0x00000007b9c00000, 0x00000007c0000000, 0x00000007c0000000)
  eden space 35840K, 0% used [0x00000007b9c00000,0x00000007b9c00000,0x00000007bbf00000)
  from space 33280K, 98% used [0x00000007bbf00000,0x00000007bdf20000,0x00000007bdf80000)
  to   space 33280K, 0% used [0x00000007bdf80000,0x00000007bdf80000,0x00000007c0000000)
 ParOldGen       total 161280K, used 35463K [0x00000006c1800000, 0x00000006cb580000, 0x00000007b9c00000)
  object space 161280K, 21% used [0x00000006c1800000,0x00000006c3aa1e80,0x00000006cb580000)
 Metaspace       used 2707K, capacity 4486K, committed 4864K, reserved 1056768K
  class space    used 302K, capacity 386K, committed 512K, reserved 1048576K
}
{Heap before GC invocations=735 (full 1):
 PSYoungGen      total 69120K, used 68736K [0x00000007b9c00000, 0x00000007c0000000, 0x00000007c0000000)
  eden space 35840K, 100% used [0x00000007b9c00000,0x00000007bbf00000,0x00000007bbf00000)
  from space 33280K, 98% used [0x00000007bbf00000,0x00000007bdf20000,0x00000007bdf80000)
  to   space 33280K, 0% used [0x00000007bdf80000,0x00000007bdf80000,0x00000007c0000000)
 ParOldGen       total 161280K, used 35463K [0x00000006c1800000, 0x00000006cb580000, 0x00000007b9c00000)
  object space 161280K, 21% used [0x00000006c1800000,0x00000006c3aa1e80,0x00000006cb580000)
 Metaspace       used 2707K, capacity 4486K, committed 4864K, reserved 1056768K
  class space    used 302K, capacity 386K, committed 512K, reserved 1048576K
[GC (Allocation Failure)  104199K->68327K(230400K), 0.0319786 secs]
Heap after GC invocations=735 (full 1):
 PSYoungGen      total 69120K, used 32864K [0x00000007b9c00000, 0x00000007c0000000, 0x00000007c0000000)
  eden space 35840K, 0% used [0x00000007b9c00000,0x00000007b9c00000,0x00000007bbf00000)
  from space 33280K, 98% used [0x00000007bdf80000,0x00000007bff98000,0x00000007c0000000)
  to   space 33280K, 0% used [0x00000007bbf00000,0x00000007bbf00000,0x00000007bdf80000)
 ParOldGen       total 161280K, used 35463K [0x00000006c1800000, 0x00000006cb580000, 0x00000007b9c00000)
  object space 161280K, 21% used [0x00000006c1800000,0x00000006c3aa1e80,0x00000006cb580000)
 Metaspace       used 2707K, capacity 4486K, committed 4864K, reserved 1056768K
  class space    used 302K, capacity 386K, committed 512K, reserved 1048576K
}
{Heap before GC invocations=736 (full 1):
 PSYoungGen      total 69120K, used 68704K [0x00000007b9c00000, 0x00000007c0000000, 0x00000007c0000000)
  eden space 35840K, 100% used [0x00000007b9c00000,0x00000007bbf00000,0x00000007bbf00000)
  from space 33280K, 98% used [0x00000007bdf80000,0x00000007bff98000,0x00000007c0000000)
  to   space 33280K, 0% used [0x00000007bbf00000,0x00000007bbf00000,0x00000007bdf80000)
 ParOldGen       total 161280K, used 35463K [0x00000006c1800000, 0x00000006cb580000, 0x00000007b9c00000)
  object space 161280K, 21% used [0x00000006c1800000,0x00000006c3aa1e80,0x00000006cb580000)
 Metaspace       used 2707K, capacity 4486K, committed 4864K, reserved 1056768K
  class space    used 302K, capacity 386K, committed 512K, reserved 1048576K
[GC (Allocation Failure)  104167K->68359K(230400K), 0.0328475 secs]
Heap after GC invocations=736 (full 1):
 PSYoungGen      total 69120K, used 32896K [0x00000007b9c00000, 0x00000007c0000000, 0x00000007c0000000)
  eden space 35840K, 0% used [0x00000007b9c00000,0x00000007b9c00000,0x00000007bbf00000)
  from space 33280K, 98% used [0x00000007bbf00000,0x00000007bdf20000,0x00000007bdf80000)
  to   space 33280K, 0% used [0x00000007bdf80000,0x00000007bdf80000,0x00000007c0000000)
 ParOldGen       total 161280K, used 35463K [0x00000006c1800000, 0x00000006cb580000, 0x00000007b9c00000)
  object space 161280K, 21% used [0x00000006c1800000,0x00000006c3aa1e80,0x00000006cb580000)
 Metaspace       used 2707K, capacity 4486K, committed 4864K, reserved 1056768K
  class space    used 302K, capacity 386K, committed 512K, reserved 1048576K
}
{Heap before GC invocations=737 (full 1):
 PSYoungGen      total 69120K, used 68736K [0x00000007b9c00000, 0x00000007c0000000, 0x00000007c0000000)
  eden space 35840K, 100% used [0x00000007b9c00000,0x00000007bbf00000,0x00000007bbf00000)
  from space 33280K, 98% used [0x00000007bbf00000,0x00000007bdf20000,0x00000007bdf80000)
  to   space 33280K, 0% used [0x00000007bdf80000,0x00000007bdf80000,0x00000007c0000000)
 ParOldGen       total 161280K, used 35463K [0x00000006c1800000, 0x00000006cb580000, 0x00000007b9c00000)
  object space 161280K, 21% used [0x00000006c1800000,0x00000006c3aa1e80,0x00000006cb580000)
 Metaspace       used 2707K, capacity 4486K, committed 4864K, reserved 1056768K
  class space    used 302K, capacity 386K, committed 512K, reserved 1048576K
[GC (Allocation Failure)  104199K->68327K(230400K), 0.0320071 secs]
Heap after GC invocations=737 (full 1):
 PSYoungGen      total 69120K, used 32864K [0x00000007b9c00000, 0x00000007c0000000, 0x00000007c0000000)
  eden space 35840K, 0% used [0x00000007b9c00000,0x00000007b9c00000,0x00000007bbf00000)
  from space 33280K, 98% used [0x00000007bdf80000,0x00000007bff98000,0x00000007c0000000)
  to   space 33280K, 0% used [0x00000007bbf00000,0x00000007bbf00000,0x00000007bdf80000)
 ParOldGen       total 161280K, used 35463K [0x00000006c1800000, 0x00000006cb580000, 0x00000007b9c00000)
  object space 161280K, 21% used [0x00000006c1800000,0x00000006c3aa1e80,0x00000006cb580000)
 Metaspace       used 2707K, capacity 4486K, committed 4864K, reserved 1056768K
  class space    used 302K, capacity 386K, committed 512K, reserved 1048576K
}
{Heap before GC invocations=738 (full 1):
 PSYoungGen      total 69120K, used 68704K [0x00000007b9c00000, 0x00000007c0000000, 0x00000007c0000000)
  eden space 35840K, 100% used [0x00000007b9c00000,0x00000007bbf00000,0x00000007bbf00000)
  from space 33280K, 98% used [0x00000007bdf80000,0x00000007bff98000,0x00000007c0000000)
  to   space 33280K, 0% used [0x00000007bbf00000,0x00000007bbf00000,0x00000007bdf80000)
 ParOldGen       total 161280K, used 35463K [0x00000006c1800000, 0x00000006cb580000, 0x00000007b9c00000)
  object space 161280K, 21% used [0x00000006c1800000,0x00000006c3aa1e80,0x00000006cb580000)
 Metaspace       used 2707K, capacity 4486K, committed 4864K, reserved 1056768K
  class space    used 302K, capacity 386K, committed 512K, reserved 1048576K
[GC (Allocation Failure)  104167K->68359K(230400K), 0.0328941 secs]
Heap after GC invocations=738 (full 1):
 PSYoungGen      total 69120K, used 32896K [0x00000007b9c00000, 0x00000007c0000000, 0x00000007c0000000)
  eden space 35840K, 0% used [0x00000007b9c00000,0x00000007b9c00000,0x00000007bbf00000)
  from space 33280K, 98% used [0x00000007bbf00000,0x00000007bdf20000,0x00000007bdf80000)
  to   space 33280K, 0% used [0x00000007bdf80000,0x00000007bdf80000,0x00000007c0000000)
 ParOldGen       total 161280K, used 35463K [0x00000006c1800000, 0x00000006cb580000, 0x00000007b9c00000)
  object space 161280K, 21% used [0x00000006c1800000,0x00000006c3aa1e80,0x00000006cb580000)
 Metaspace       used 2707K, capacity 4486K, committed 4864K, reserved 1056768K
  class space    used 302K, capacity 386K, committed 512K, reserved 1048576K
}
{Heap before GC invocations=739 (full 1):
 PSYoungGen      total 69120K, used 68736K [0x00000007b9c00000, 0x00000007c0000000, 0x00000007c0000000)
  eden space 35840K, 100% used [0x00000007b9c00000,0x00000007bbf00000,0x00000007bbf00000)
  from space 33280K, 98% used [0x00000007bbf00000,0x00000007bdf20000,0x00000007bdf80000)
  to   space 33280K, 0% used [0x00000007bdf80000,0x00000007bdf80000,0x00000007c0000000)
 ParOldGen       total 161280K, used 35463K [0x00000006c1800000, 0x00000006cb580000, 0x00000007b9c00000)
  object space 161280K, 21% used [0x00000006c1800000,0x00000006c3aa1e80,0x00000006cb580000)
 Metaspace       used 2707K, capacity 4486K, committed 4864K, reserved 1056768K
  class space    used 302K, capacity 386K, committed 512K, reserved 1048576K
[GC (Allocation Failure)  104199K->68359K(230400K), 0.0318754 secs]
Heap after GC invocations=739 (full 1):
 PSYoungGen      total 69120K, used 32896K [0x00000007b9c00000, 0x00000007c0000000, 0x00000007c0000000)
  eden space 35840K, 0% used [0x00000007b9c00000,0x00000007b9c00000,0x00000007bbf00000)
  from space 33280K, 98% used [0x00000007bdf80000,0x00000007bffa0000,0x00000007c0000000)
  to   space 33280K, 0% used [0x00000007bbf00000,0x00000007bbf00000,0x00000007bdf80000)
 ParOldGen       total 161280K, used 35463K [0x00000006c1800000, 0x00000006cb580000, 0x00000007b9c00000)
  object space 161280K, 21% used [0x00000006c1800000,0x00000006c3aa1e80,0x00000006cb580000)
 Metaspace       used 2707K, capacity 4486K, committed 4864K, reserved 1056768K
  class space    used 302K, capacity 386K, committed 512K, reserved 1048576K
}
{Heap before GC invocations=740 (full 1):
 PSYoungGen      total 69120K, used 68736K [0x00000007b9c00000, 0x00000007c0000000, 0x00000007c0000000)
  eden space 35840K, 100% used [0x00000007b9c00000,0x00000007bbf00000,0x00000007bbf00000)
  from space 33280K, 98% used [0x00000007bdf80000,0x00000007bffa0000,0x00000007c0000000)
  to   space 33280K, 0% used [0x00000007bbf00000,0x00000007bbf00000,0x00000007bdf80000)
 ParOldGen       total 161280K, used 35463K [0x00000006c1800000, 0x00000006cb580000, 0x00000007b9c00000)
  object space 161280K, 21% used [0x00000006c1800000,0x00000006c3aa1e80,0x00000006cb580000)
 Metaspace       used 2707K, capacity 4486K, committed 4864K, reserved 1056768K
  class space    used 302K, capacity 386K, committed 512K, reserved 1048576K
[GC (Allocation Failure)  104199K->68359K(230400K), 0.0312356 secs]
Heap after GC invocations=740 (full 1):
 PSYoungGen      total 69120K, used 32896K [0x00000007b9c00000, 0x00000007c0000000, 0x00000007c0000000)
  eden space 35840K, 0% used [0x00000007b9c00000,0x00000007b9c00000,0x00000007bbf00000)
  from space 33280K, 98% used [0x00000007bbf00000,0x00000007bdf20000,0x00000007bdf80000)
  to   space 33280K, 0% used [0x00000007bdf80000,0x00000007bdf80000,0x00000007c0000000)
 ParOldGen       total 161280K, used 35463K [0x00000006c1800000, 0x00000006cb580000, 0x00000007b9c00000)
  object space 161280K, 21% used [0x00000006c1800000,0x00000006c3aa1e80,0x00000006cb580000)
 Metaspace       used 2707K, capacity 4486K, committed 4864K, reserved 1056768K
  class space    used 302K, capacity 386K, committed 512K, reserved 1048576K
}
{Heap before GC invocations=741 (full 1):
 PSYoungGen      total 69120K, used 68736K [0x00000007b9c00000, 0x00000007c0000000, 0x00000007c0000000)
  eden space 35840K, 100% used [0x00000007b9c00000,0x00000007bbf00000,0x00000007bbf00000)
  from space 33280K, 98% used [0x00000007bbf00000,0x00000007bdf20000,0x00000007bdf80000)
  to   space 33280K, 0% used [0x00000007bdf80000,0x00000007bdf80000,0x00000007c0000000)
 ParOldGen       total 161280K, used 35463K [0x00000006c1800000, 0x00000006cb580000, 0x00000007b9c00000)
  object space 161280K, 21% used [0x00000006c1800000,0x00000006c3aa1e80,0x00000006cb580000)
 Metaspace       used 2707K, capacity 4486K, committed 4864K, reserved 1056768K
  class space    used 302K, capacity 386K, committed 512K, reserved 1048576K
[GC (Allocation Failure)  104199K->68359K(230400K), 0.0309013 secs]
Heap after GC invocations=741 (full 1):
 PSYoungGen      total 69120K, used 32896K [0x00000007b9c00000, 0x00000007c0000000, 0x00000007c0000000)
  eden space 35840K, 0% used [0x00000007b9c00000,0x00000007b9c00000,0x00000007bbf00000)
  from space 33280K, 98% used [0x00000007bdf80000,0x00000007bffa0000,0x00000007c0000000)
  to   space 33280K, 0% used [0x00000007bbf00000,0x00000007bbf00000,0x00000007bdf80000)
 ParOldGen       total 161280K, used 35463K [0x00000006c1800000, 0x00000006cb580000, 0x00000007b9c00000)
  object space 161280K, 21% used [0x00000006c1800000,0x00000006c3aa1e80,0x00000006cb580000)
 Metaspace       used 2707K, capacity 4486K, committed 4864K, reserved 1056768K
  class space    used 302K, capacity 386K, committed 512K, reserved 1048576K
}
{Heap before GC invocations=742 (full 1):
 PSYoungGen      total 69120K, used 68736K [0x00000007b9c00000, 0x00000007c0000000, 0x00000007c0000000)
  eden space 35840K, 100% used [0x00000007b9c00000,0x00000007bbf00000,0x00000007bbf00000)
  from space 33280K, 98% used [0x00000007bdf80000,0x00000007bffa0000,0x00000007c0000000)
  to   space 33280K, 0% used [0x00000007bbf00000,0x00000007bbf00000,0x00000007bdf80000)
 ParOldGen       total 161280K, used 35463K [0x00000006c1800000, 0x00000006cb580000, 0x00000007b9c00000)
  object space 161280K, 21% used [0x00000006c1800000,0x00000006c3aa1e80,0x00000006cb580000)
 Metaspace       used 2707K, capacity 4486K, committed 4864K, reserved 1056768K
  class space    used 302K, capacity 386K, committed 512K, reserved 1048576K
[GC (Allocation Failure)  104199K->68359K(230400K), 0.0328842 secs]
Heap after GC invocations=742 (full 1):
 PSYoungGen      total 69120K, used 32896K [0x00000007b9c00000, 0x00000007c0000000, 0x00000007c0000000)
  eden space 35840K, 0% used [0x00000007b9c00000,0x00000007b9c00000,0x00000007bbf00000)
  from space 33280K, 98% used [0x00000007bbf00000,0x00000007bdf20000,0x00000007bdf80000)
  to   space 33280K, 0% used [0x00000007bdf80000,0x00000007bdf80000,0x00000007c0000000)
 ParOldGen       total 161280K, used 35463K [0x00000006c1800000, 0x00000006cb580000, 0x00000007b9c00000)
  object space 161280K, 21% used [0x00000006c1800000,0x00000006c3aa1e80,0x00000006cb580000)
 Metaspace       used 2707K, capacity 4486K, committed 4864K, reserved 1056768K
  class space    used 302K, capacity 386K, committed 512K, reserved 1048576K
}
{Heap before GC invocations=743 (full 1):
 PSYoungGen      total 69120K, used 68736K [0x00000007b9c00000, 0x00000007c0000000, 0x00000007c0000000)
  eden space 35840K, 100% used [0x00000007b9c00000,0x00000007bbf00000,0x00000007bbf00000)
  from space 33280K, 98% used [0x00000007bbf00000,0x00000007bdf20000,0x00000007bdf80000)
  to   space 33280K, 0% used [0x00000007bdf80000,0x00000007bdf80000,0x00000007c0000000)
 ParOldGen       total 161280K, used 35463K [0x00000006c1800000, 0x00000006cb580000, 0x00000007b9c00000)
  object space 161280K, 21% used [0x00000006c1800000,0x00000006c3aa1e80,0x00000006cb580000)
 Metaspace       used 2707K, capacity 4486K, committed 4864K, reserved 1056768K
  class space    used 302K, capacity 386K, committed 512K, reserved 1048576K
[GC (Allocation Failure)  104199K->68359K(230400K), 0.0337438 secs]
Heap after GC invocations=743 (full 1):
 PSYoungGen      total 69120K, used 32896K [0x00000007b9c00000, 0x00000007c0000000, 0x00000007c0000000)
  eden space 35840K, 0% used [0x00000007b9c00000,0x00000007b9c00000,0x00000007bbf00000)
  from space 33280K, 98% used [0x00000007bdf80000,0x00000007bffa0000,0x00000007c0000000)
  to   space 33280K, 0% used [0x00000007bbf00000,0x00000007bbf00000,0x00000007bdf80000)
 ParOldGen       total 161280K, used 35463K [0x00000006c1800000, 0x00000006cb580000, 0x00000007b9c00000)
  object space 161280K, 21% used [0x00000006c1800000,0x00000006c3aa1e80,0x00000006cb580000)
 Metaspace       used 2707K, capacity 4486K, committed 4864K, reserved 1056768K
  class space    used 302K, capacity 386K, committed 512K, reserved 1048576K
}
{Heap before GC invocations=744 (full 1):
 PSYoungGen      total 69120K, used 68736K [0x00000007b9c00000, 0x00000007c0000000, 0x00000007c0000000)
  eden space 35840K, 100% used [0x00000007b9c00000,0x00000007bbf00000,0x00000007bbf00000)
  from space 33280K, 98% used [0x00000007bdf80000,0x00000007bffa0000,0x00000007c0000000)
  to   space 33280K, 0% used [0x00000007bbf00000,0x00000007bbf00000,0x00000007bdf80000)
 ParOldGen       total 161280K, used 35463K [0x00000006c1800000, 0x00000006cb580000, 0x00000007b9c00000)
  object space 161280K, 21% used [0x00000006c1800000,0x00000006c3aa1e80,0x00000006cb580000)
 Metaspace       used 2707K, capacity 4486K, committed 4864K, reserved 1056768K
  class space    used 302K, capacity 386K, committed 512K, reserved 1048576K
[GC (Allocation Failure)  104199K->68359K(230400K), 0.0331763 secs]
Heap after GC invocations=744 (full 1):
 PSYoungGen      total 69120K, used 32896K [0x00000007b9c00000, 0x00000007c0000000, 0x00000007c0000000)
  eden space 35840K, 0% used [0x00000007b9c00000,0x00000007b9c00000,0x00000007bbf00000)
  from space 33280K, 98% used [0x00000007bbf00000,0x00000007bdf20000,0x00000007bdf80000)
  to   space 33280K, 0% used [0x00000007bdf80000,0x00000007bdf80000,0x00000007c0000000)
 ParOldGen       total 161280K, used 35463K [0x00000006c1800000, 0x00000006cb580000, 0x00000007b9c00000)
  object space 161280K, 21% used [0x00000006c1800000,0x00000006c3aa1e80,0x00000006cb580000)
 Metaspace       used 2707K, capacity 4486K, committed 4864K, reserved 1056768K
  class space    used 302K, capacity 386K, committed 512K, reserved 1048576K
}
{Heap before GC invocations=745 (full 1):
 PSYoungGen      total 69120K, used 68736K [0x00000007b9c00000, 0x00000007c0000000, 0x00000007c0000000)
  eden space 35840K, 100% used [0x00000007b9c00000,0x00000007bbf00000,0x00000007bbf00000)
  from space 33280K, 98% used [0x00000007bbf00000,0x00000007bdf20000,0x00000007bdf80000)
  to   space 33280K, 0% used [0x00000007bdf80000,0x00000007bdf80000,0x00000007c0000000)
 ParOldGen       total 161280K, used 35463K [0x00000006c1800000, 0x00000006cb580000, 0x00000007b9c00000)
  object space 161280K, 21% used [0x00000006c1800000,0x00000006c3aa1e80,0x00000006cb580000)
 Metaspace       used 2707K, capacity 4486K, committed 4864K, reserved 1056768K
  class space    used 302K, capacity 386K, committed 512K, reserved 1048576K
[GC (Allocation Failure)  104199K->68391K(230400K), 0.0330745 secs]
Heap after GC invocations=745 (full 1):
 PSYoungGen      total 69120K, used 32928K [0x00000007b9c00000, 0x00000007c0000000, 0x00000007c0000000)
  eden space 35840K, 0% used [0x00000007b9c00000,0x00000007b9c00000,0x00000007bbf00000)
  from space 33280K, 98% used [0x00000007bdf80000,0x00000007bffa8000,0x00000007c0000000)
  to   space 33280K, 0% used [0x00000007bbf00000,0x00000007bbf00000,0x00000007bdf80000)
 ParOldGen       total 161280K, used 35463K [0x00000006c1800000, 0x00000006cb580000, 0x00000007b9c00000)
  object space 161280K, 21% used [0x00000006c1800000,0x00000006c3aa1e80,0x00000006cb580000)
 Metaspace       used 2707K, capacity 4486K, committed 4864K, reserved 1056768K
  class space    used 302K, capacity 386K, committed 512K, reserved 1048576K
}
{Heap before GC invocations=746 (full 1):
 PSYoungGen      total 69120K, used 68768K [0x00000007b9c00000, 0x00000007c0000000, 0x00000007c0000000)
  eden space 35840K, 100% used [0x00000007b9c00000,0x00000007bbf00000,0x00000007bbf00000)
  from space 33280K, 98% used [0x00000007bdf80000,0x00000007bffa8000,0x00000007c0000000)
  to   space 33280K, 0% used [0x00000007bbf00000,0x00000007bbf00000,0x00000007bdf80000)
 ParOldGen       total 161280K, used 35463K [0x00000006c1800000, 0x00000006cb580000, 0x00000007b9c00000)
  object space 161280K, 21% used [0x00000006c1800000,0x00000006c3aa1e80,0x00000006cb580000)
 Metaspace       used 2707K, capacity 4486K, committed 4864K, reserved 1056768K
  class space    used 302K, capacity 386K, committed 512K, reserved 1048576K
[GC (Allocation Failure)  104231K->68359K(230400K), 0.0325493 secs]
Heap after GC invocations=746 (full 1):
 PSYoungGen      total 69120K, used 32896K [0x00000007b9c00000, 0x00000007c0000000, 0x00000007c0000000)
  eden space 35840K, 0% used [0x00000007b9c00000,0x00000007b9c00000,0x00000007bbf00000)
  from space 33280K, 98% used [0x00000007bbf00000,0x00000007bdf20000,0x00000007bdf80000)
  to   space 33280K, 0% used [0x00000007bdf80000,0x00000007bdf80000,0x00000007c0000000)
 ParOldGen       total 161280K, used 35463K [0x00000006c1800000, 0x00000006cb580000, 0x00000007b9c00000)
  object space 161280K, 21% used [0x00000006c1800000,0x00000006c3aa1e80,0x00000006cb580000)
 Metaspace       used 2707K, capacity 4486K, committed 4864K, reserved 1056768K
  class space    used 302K, capacity 386K, committed 512K, reserved 1048576K
}
{Heap before GC invocations=747 (full 1):
 PSYoungGen      total 69120K, used 68736K [0x00000007b9c00000, 0x00000007c0000000, 0x00000007c0000000)
  eden space 35840K, 100% used [0x00000007b9c00000,0x00000007bbf00000,0x00000007bbf00000)
  from space 33280K, 98% used [0x00000007bbf00000,0x00000007bdf20000,0x00000007bdf80000)
  to   space 33280K, 0% used [0x00000007bdf80000,0x00000007bdf80000,0x00000007c0000000)
 ParOldGen       total 161280K, used 35463K [0x00000006c1800000, 0x00000006cb580000, 0x00000007b9c00000)
  object space 161280K, 21% used [0x00000006c1800000,0x00000006c3aa1e80,0x00000006cb580000)
 Metaspace       used 2707K, capacity 4486K, committed 4864K, reserved 1056768K
  class space    used 302K, capacity 386K, committed 512K, reserved 1048576K
[GC (Allocation Failure)  104199K->68391K(230400K), 0.0315510 secs]
Heap after GC invocations=747 (full 1):
 PSYoungGen      total 69120K, used 32928K [0x00000007b9c00000, 0x00000007c0000000, 0x00000007c0000000)
  eden space 35840K, 0% used [0x00000007b9c00000,0x00000007b9c00000,0x00000007bbf00000)
  from space 33280K, 98% used [0x00000007bdf80000,0x00000007bffa8000,0x00000007c0000000)
  to   space 33280K, 0% used [0x00000007bbf00000,0x00000007bbf00000,0x00000007bdf80000)
 ParOldGen       total 161280K, used 35463K [0x00000006c1800000, 0x00000006cb580000, 0x00000007b9c00000)
  object space 161280K, 21% used [0x00000006c1800000,0x00000006c3aa1e80,0x00000006cb580000)
 Metaspace       used 2707K, capacity 4486K, committed 4864K, reserved 1056768K
  class space    used 302K, capacity 386K, committed 512K, reserved 1048576K
}
{Heap before GC invocations=748 (full 1):
 PSYoungGen      total 69120K, used 68768K [0x00000007b9c00000, 0x00000007c0000000, 0x00000007c0000000)
  eden space 35840K, 100% used [0x00000007b9c00000,0x00000007bbf00000,0x00000007bbf00000)
  from space 33280K, 98% used [0x00000007bdf80000,0x00000007bffa8000,0x00000007c0000000)
  to   space 33280K, 0% used [0x00000007bbf00000,0x00000007bbf00000,0x00000007bdf80000)
 ParOldGen       total 161280K, used 35463K [0x00000006c1800000, 0x00000006cb580000, 0x00000007b9c00000)
  object space 161280K, 21% used [0x00000006c1800000,0x00000006c3aa1e80,0x00000006cb580000)
 Metaspace       used 2707K, capacity 4486K, committed 4864K, reserved 1056768K
  class space    used 302K, capacity 386K, committed 512K, reserved 1048576K
[GC (Allocation Failure)  104231K->68327K(230400K), 0.0319702 secs]
Heap after GC invocations=748 (full 1):
 PSYoungGen      total 69120K, used 32864K [0x00000007b9c00000, 0x00000007c0000000, 0x00000007c0000000)
  eden space 35840K, 0% used [0x00000007b9c00000,0x00000007b9c00000,0x00000007bbf00000)
  from space 33280K, 98% used [0x00000007bbf00000,0x00000007bdf18000,0x00000007bdf80000)
  to   space 33280K, 0% used [0x00000007bdf80000,0x00000007bdf80000,0x00000007c0000000)
 ParOldGen       total 161280K, used 35463K [0x00000006c1800000, 0x00000006cb580000, 0x00000007b9c00000)
  object space 161280K, 21% used [0x00000006c1800000,0x00000006c3aa1e80,0x00000006cb580000)
 Metaspace       used 2707K, capacity 4486K, committed 4864K, reserved 1056768K
  class space    used 302K, capacity 386K, committed 512K, reserved 1048576K
}
{Heap before GC invocations=749 (full 1):
 PSYoungGen      total 69120K, used 68704K [0x00000007b9c00000, 0x00000007c0000000, 0x00000007c0000000)
  eden space 35840K, 100% used [0x00000007b9c00000,0x00000007bbf00000,0x00000007bbf00000)
  from space 33280K, 98% used [0x00000007bbf00000,0x00000007bdf18000,0x00000007bdf80000)
  to   space 33280K, 0% used [0x00000007bdf80000,0x00000007bdf80000,0x00000007c0000000)
 ParOldGen       total 161280K, used 35463K [0x00000006c1800000, 0x00000006cb580000, 0x00000007b9c00000)
  object space 161280K, 21% used [0x00000006c1800000,0x00000006c3aa1e80,0x00000006cb580000)
 Metaspace       used 2707K, capacity 4486K, committed 4864K, reserved 1056768K
  class space    used 302K, capacity 386K, committed 512K, reserved 1048576K
[GC (Allocation Failure)  104167K->68359K(230400K), 0.0326198 secs]
Heap after GC invocations=749 (full 1):
 PSYoungGen      total 69120K, used 32896K [0x00000007b9c00000, 0x00000007c0000000, 0x00000007c0000000)
  eden space 35840K, 0% used [0x00000007b9c00000,0x00000007b9c00000,0x00000007bbf00000)
  from space 33280K, 98% used [0x00000007bdf80000,0x00000007bffa0000,0x00000007c0000000)
  to   space 33280K, 0% used [0x00000007bbf00000,0x00000007bbf00000,0x00000007bdf80000)
 ParOldGen       total 161280K, used 35463K [0x00000006c1800000, 0x00000006cb580000, 0x00000007b9c00000)
  object space 161280K, 21% used [0x00000006c1800000,0x00000006c3aa1e80,0x00000006cb580000)
 Metaspace       used 2707K, capacity 4486K, committed 4864K, reserved 1056768K
  class space    used 302K, capacity 386K, committed 512K, reserved 1048576K
}
{Heap before GC invocations=750 (full 1):
 PSYoungGen      total 69120K, used 68736K [0x00000007b9c00000, 0x00000007c0000000, 0x00000007c0000000)
  eden space 35840K, 100% used [0x00000007b9c00000,0x00000007bbf00000,0x00000007bbf00000)
  from space 33280K, 98% used [0x00000007bdf80000,0x00000007bffa0000,0x00000007c0000000)
  to   space 33280K, 0% used [0x00000007bbf00000,0x00000007bbf00000,0x00000007bdf80000)
 ParOldGen       total 161280K, used 35463K [0x00000006c1800000, 0x00000006cb580000, 0x00000007b9c00000)
  object space 161280K, 21% used [0x00000006c1800000,0x00000006c3aa1e80,0x00000006cb580000)
 Metaspace       used 2707K, capacity 4486K, committed 4864K, reserved 1056768K
  class space    used 302K, capacity 386K, committed 512K, reserved 1048576K
[GC (Allocation Failure)  104199K->68391K(230400K), 0.0322682 secs]
Heap after GC invocations=750 (full 1):
 PSYoungGen      total 69120K, used 32928K [0x00000007b9c00000, 0x00000007c0000000, 0x00000007c0000000)
  eden space 35840K, 0% used [0x00000007b9c00000,0x00000007b9c00000,0x00000007bbf00000)
  from space 33280K, 98% used [0x00000007bbf00000,0x00000007bdf28000,0x00000007bdf80000)
  to   space 33280K, 0% used [0x00000007bdf80000,0x00000007bdf80000,0x00000007c0000000)
 ParOldGen       total 161280K, used 35463K [0x00000006c1800000, 0x00000006cb580000, 0x00000007b9c00000)
  object space 161280K, 21% used [0x00000006c1800000,0x00000006c3aa1e80,0x00000006cb580000)
 Metaspace       used 2707K, capacity 4486K, committed 4864K, reserved 1056768K
  class space    used 302K, capacity 386K, committed 512K, reserved 1048576K
}
{Heap before GC invocations=751 (full 1):
 PSYoungGen      total 69120K, used 68768K [0x00000007b9c00000, 0x00000007c0000000, 0x00000007c0000000)
  eden space 35840K, 100% used [0x00000007b9c00000,0x00000007bbf00000,0x00000007bbf00000)
  from space 33280K, 98% used [0x00000007bbf00000,0x00000007bdf28000,0x00000007bdf80000)
  to   space 33280K, 0% used [0x00000007bdf80000,0x00000007bdf80000,0x00000007c0000000)
 ParOldGen       total 161280K, used 35463K [0x00000006c1800000, 0x00000006cb580000, 0x00000007b9c00000)
  object space 161280K, 21% used [0x00000006c1800000,0x00000006c3aa1e80,0x00000006cb580000)
 Metaspace       used 2707K, capacity 4486K, committed 4864K, reserved 1056768K
  class space    used 302K, capacity 386K, committed 512K, reserved 1048576K
[GC (Allocation Failure)  104231K->68391K(230400K), 0.0308648 secs]
Heap after GC invocations=751 (full 1):
 PSYoungGen      total 69120K, used 32928K [0x00000007b9c00000, 0x00000007c0000000, 0x00000007c0000000)
  eden space 35840K, 0% used [0x00000007b9c00000,0x00000007b9c00000,0x00000007bbf00000)
  from space 33280K, 98% used [0x00000007bdf80000,0x00000007bffa8000,0x00000007c0000000)
  to   space 33280K, 0% used [0x00000007bbf00000,0x00000007bbf00000,0x00000007bdf80000)
 ParOldGen       total 161280K, used 35463K [0x00000006c1800000, 0x00000006cb580000, 0x00000007b9c00000)
  object space 161280K, 21% used [0x00000006c1800000,0x00000006c3aa1e80,0x00000006cb580000)
 Metaspace       used 2707K, capacity 4486K, committed 4864K, reserved 1056768K
  class space    used 302K, capacity 386K, committed 512K, reserved 1048576K
}
{Heap before GC invocations=752 (full 1):
 PSYoungGen      total 69120K, used 68768K [0x00000007b9c00000, 0x00000007c0000000, 0x00000007c0000000)
  eden space 35840K, 100% used [0x00000007b9c00000,0x00000007bbf00000,0x00000007bbf00000)
  from space 33280K, 98% used [0x00000007bdf80000,0x00000007bffa8000,0x00000007c0000000)
  to   space 33280K, 0% used [0x00000007bbf00000,0x00000007bbf00000,0x00000007bdf80000)
 ParOldGen       total 161280K, used 35463K [0x00000006c1800000, 0x00000006cb580000, 0x00000007b9c00000)
  object space 161280K, 21% used [0x00000006c1800000,0x00000006c3aa1e80,0x00000006cb580000)
 Metaspace       used 2707K, capacity 4486K, committed 4864K, reserved 1056768K
  class space    used 302K, capacity 386K, committed 512K, reserved 1048576K
[GC (Allocation Failure)  104231K->68359K(230400K), 0.0305071 secs]
Heap after GC invocations=752 (full 1):
 PSYoungGen      total 69120K, used 32896K [0x00000007b9c00000, 0x00000007c0000000, 0x00000007c0000000)
  eden space 35840K, 0% used [0x00000007b9c00000,0x00000007b9c00000,0x00000007bbf00000)
  from space 33280K, 98% used [0x00000007bbf00000,0x00000007bdf20000,0x00000007bdf80000)
  to   space 33280K, 0% used [0x00000007bdf80000,0x00000007bdf80000,0x00000007c0000000)
 ParOldGen       total 161280K, used 35463K [0x00000006c1800000, 0x00000006cb580000, 0x00000007b9c00000)
  object space 161280K, 21% used [0x00000006c1800000,0x00000006c3aa1e80,0x00000006cb580000)
 Metaspace       used 2707K, capacity 4486K, committed 4864K, reserved 1056768K
  class space    used 302K, capacity 386K, committed 512K, reserved 1048576K
}
{Heap before GC invocations=753 (full 1):
 PSYoungGen      total 69120K, used 68736K [0x00000007b9c00000, 0x00000007c0000000, 0x00000007c0000000)
  eden space 35840K, 100% used [0x00000007b9c00000,0x00000007bbf00000,0x00000007bbf00000)
  from space 33280K, 98% used [0x00000007bbf00000,0x00000007bdf20000,0x00000007bdf80000)
  to   space 33280K, 0% used [0x00000007bdf80000,0x00000007bdf80000,0x00000007c0000000)
 ParOldGen       total 161280K, used 35463K [0x00000006c1800000, 0x00000006cb580000, 0x00000007b9c00000)
  object space 161280K, 21% used [0x00000006c1800000,0x00000006c3aa1e80,0x00000006cb580000)
 Metaspace       used 2707K, capacity 4486K, committed 4864K, reserved 1056768K
  class space    used 302K, capacity 386K, committed 512K, reserved 1048576K
[GC (Allocation Failure)  104199K->68327K(230400K), 0.0312945 secs]
Heap after GC invocations=753 (full 1):
 PSYoungGen      total 69120K, used 32864K [0x00000007b9c00000, 0x00000007c0000000, 0x00000007c0000000)
  eden space 35840K, 0% used [0x00000007b9c00000,0x00000007b9c00000,0x00000007bbf00000)
  from space 33280K, 98% used [0x00000007bdf80000,0x00000007bff98000,0x00000007c0000000)
  to   space 33280K, 0% used [0x00000007bbf00000,0x00000007bbf00000,0x00000007bdf80000)
 ParOldGen       total 161280K, used 35463K [0x00000006c1800000, 0x00000006cb580000, 0x00000007b9c00000)
  object space 161280K, 21% used [0x00000006c1800000,0x00000006c3aa1e80,0x00000006cb580000)
 Metaspace       used 2707K, capacity 4486K, committed 4864K, reserved 1056768K
  class space    used 302K, capacity 386K, committed 512K, reserved 1048576K
}
{Heap before GC invocations=754 (full 1):
 PSYoungGen      total 69120K, used 68704K [0x00000007b9c00000, 0x00000007c0000000, 0x00000007c0000000)
  eden space 35840K, 100% used [0x00000007b9c00000,0x00000007bbf00000,0x00000007bbf00000)
  from space 33280K, 98% used [0x00000007bdf80000,0x00000007bff98000,0x00000007c0000000)
  to   space 33280K, 0% used [0x00000007bbf00000,0x00000007bbf00000,0x00000007bdf80000)
 ParOldGen       total 161280K, used 35463K [0x00000006c1800000, 0x00000006cb580000, 0x00000007b9c00000)
  object space 161280K, 21% used [0x00000006c1800000,0x00000006c3aa1e80,0x00000006cb580000)
 Metaspace       used 2707K, capacity 4486K, committed 4864K, reserved 1056768K
  class space    used 302K, capacity 386K, committed 512K, reserved 1048576K
[GC (Allocation Failure)  104167K->68391K(230400K), 0.0342019 secs]
Heap after GC invocations=754 (full 1):
 PSYoungGen      total 69120K, used 32928K [0x00000007b9c00000, 0x00000007c0000000, 0x00000007c0000000)
  eden space 35840K, 0% used [0x00000007b9c00000,0x00000007b9c00000,0x00000007bbf00000)
  from space 33280K, 98% used [0x00000007bbf00000,0x00000007bdf28000,0x00000007bdf80000)
  to   space 33280K, 0% used [0x00000007bdf80000,0x00000007bdf80000,0x00000007c0000000)
 ParOldGen       total 161280K, used 35463K [0x00000006c1800000, 0x00000006cb580000, 0x00000007b9c00000)
  object space 161280K, 21% used [0x00000006c1800000,0x00000006c3aa1e80,0x00000006cb580000)
 Metaspace       used 2707K, capacity 4486K, committed 4864K, reserved 1056768K
  class space    used 302K, capacity 386K, committed 512K, reserved 1048576K
}
{Heap before GC invocations=755 (full 1):
 PSYoungGen      total 69120K, used 68768K [0x00000007b9c00000, 0x00000007c0000000, 0x00000007c0000000)
  eden space 35840K, 100% used [0x00000007b9c00000,0x00000007bbf00000,0x00000007bbf00000)
  from space 33280K, 98% used [0x00000007bbf00000,0x00000007bdf28000,0x00000007bdf80000)
  to   space 33280K, 0% used [0x00000007bdf80000,0x00000007bdf80000,0x00000007c0000000)
 ParOldGen       total 161280K, used 35463K [0x00000006c1800000, 0x00000006cb580000, 0x00000007b9c00000)
  object space 161280K, 21% used [0x00000006c1800000,0x00000006c3aa1e80,0x00000006cb580000)
 Metaspace       used 2707K, capacity 4486K, committed 4864K, reserved 1056768K
  class space    used 302K, capacity 386K, committed 512K, reserved 1048576K
[GC (Allocation Failure)  104231K->68391K(230400K), 0.0322679 secs]
Heap after GC invocations=755 (full 1):
 PSYoungGen      total 69120K, used 32928K [0x00000007b9c00000, 0x00000007c0000000, 0x00000007c0000000)
  eden space 35840K, 0% used [0x00000007b9c00000,0x00000007b9c00000,0x00000007bbf00000)
  from space 33280K, 98% used [0x00000007bdf80000,0x00000007bffa8000,0x00000007c0000000)
  to   space 33280K, 0% used [0x00000007bbf00000,0x00000007bbf00000,0x00000007bdf80000)
 ParOldGen       total 161280K, used 35463K [0x00000006c1800000, 0x00000006cb580000, 0x00000007b9c00000)
  object space 161280K, 21% used [0x00000006c1800000,0x00000006c3aa1e80,0x00000006cb580000)
 Metaspace       used 2707K, capacity 4486K, committed 4864K, reserved 1056768K
  class space    used 302K, capacity 386K, committed 512K, reserved 1048576K
}
{Heap before GC invocations=756 (full 1):
 PSYoungGen      total 69120K, used 68768K [0x00000007b9c00000, 0x00000007c0000000, 0x00000007c0000000)
  eden space 35840K, 100% used [0x00000007b9c00000,0x00000007bbf00000,0x00000007bbf00000)
  from space 33280K, 98% used [0x00000007bdf80000,0x00000007bffa8000,0x00000007c0000000)
  to   space 33280K, 0% used [0x00000007bbf00000,0x00000007bbf00000,0x00000007bdf80000)
 ParOldGen       total 161280K, used 35463K [0x00000006c1800000, 0x00000006cb580000, 0x00000007b9c00000)
  object space 161280K, 21% used [0x00000006c1800000,0x00000006c3aa1e80,0x00000006cb580000)
 Metaspace       used 2707K, capacity 4486K, committed 4864K, reserved 1056768K
  class space    used 302K, capacity 386K, committed 512K, reserved 1048576K
[GC (Allocation Failure)  104231K->68359K(230400K), 0.0325770 secs]
Heap after GC invocations=756 (full 1):
 PSYoungGen      total 69120K, used 32896K [0x00000007b9c00000, 0x00000007c0000000, 0x00000007c0000000)
  eden space 35840K, 0% used [0x00000007b9c00000,0x00000007b9c00000,0x00000007bbf00000)
  from space 33280K, 98% used [0x00000007bbf00000,0x00000007bdf20000,0x00000007bdf80000)
  to   space 33280K, 0% used [0x00000007bdf80000,0x00000007bdf80000,0x00000007c0000000)
 ParOldGen       total 161280K, used 35463K [0x00000006c1800000, 0x00000006cb580000, 0x00000007b9c00000)
  object space 161280K, 21% used [0x00000006c1800000,0x00000006c3aa1e80,0x00000006cb580000)
 Metaspace       used 2707K, capacity 4486K, committed 4864K, reserved 1056768K
  class space    used 302K, capacity 386K, committed 512K, reserved 1048576K
}
{Heap before GC invocations=757 (full 1):
 PSYoungGen      total 69120K, used 68736K [0x00000007b9c00000, 0x00000007c0000000, 0x00000007c0000000)
  eden space 35840K, 100% used [0x00000007b9c00000,0x00000007bbf00000,0x00000007bbf00000)
  from space 33280K, 98% used [0x00000007bbf00000,0x00000007bdf20000,0x00000007bdf80000)
  to   space 33280K, 0% used [0x00000007bdf80000,0x00000007bdf80000,0x00000007c0000000)
 ParOldGen       total 161280K, used 35463K [0x00000006c1800000, 0x00000006cb580000, 0x00000007b9c00000)
  object space 161280K, 21% used [0x00000006c1800000,0x00000006c3aa1e80,0x00000006cb580000)
 Metaspace       used 2707K, capacity 4486K, committed 4864K, reserved 1056768K
  class space    used 302K, capacity 386K, committed 512K, reserved 1048576K
[GC (Allocation Failure)  104199K->68359K(230400K), 0.0371210 secs]
Heap after GC invocations=757 (full 1):
 PSYoungGen      total 69120K, used 32896K [0x00000007b9c00000, 0x00000007c0000000, 0x00000007c0000000)
  eden space 35840K, 0% used [0x00000007b9c00000,0x00000007b9c00000,0x00000007bbf00000)
  from space 33280K, 98% used [0x00000007bdf80000,0x00000007bffa0000,0x00000007c0000000)
  to   space 33280K, 0% used [0x00000007bbf00000,0x00000007bbf00000,0x00000007bdf80000)
 ParOldGen       total 161280K, used 35463K [0x00000006c1800000, 0x00000006cb580000, 0x00000007b9c00000)
  object space 161280K, 21% used [0x00000006c1800000,0x00000006c3aa1e80,0x00000006cb580000)
 Metaspace       used 2707K, capacity 4486K, committed 4864K, reserved 1056768K
  class space    used 302K, capacity 386K, committed 512K, reserved 1048576K
}
{Heap before GC invocations=758 (full 1):
 PSYoungGen      total 69120K, used 68736K [0x00000007b9c00000, 0x00000007c0000000, 0x00000007c0000000)
  eden space 35840K, 100% used [0x00000007b9c00000,0x00000007bbf00000,0x00000007bbf00000)
  from space 33280K, 98% used [0x00000007bdf80000,0x00000007bffa0000,0x00000007c0000000)
  to   space 33280K, 0% used [0x00000007bbf00000,0x00000007bbf00000,0x00000007bdf80000)
 ParOldGen       total 161280K, used 35463K [0x00000006c1800000, 0x00000006cb580000, 0x00000007b9c00000)
  object space 161280K, 21% used [0x00000006c1800000,0x00000006c3aa1e80,0x00000006cb580000)
 Metaspace       used 2707K, capacity 4486K, committed 4864K, reserved 1056768K
  class space    used 302K, capacity 386K, committed 512K, reserved 1048576K
[GC (Allocation Failure)  104199K->68359K(230400K), 0.0358676 secs]
Heap after GC invocations=758 (full 1):
 PSYoungGen      total 69120K, used 32896K [0x00000007b9c00000, 0x00000007c0000000, 0x00000007c0000000)
  eden space 35840K, 0% used [0x00000007b9c00000,0x00000007b9c00000,0x00000007bbf00000)
  from space 33280K, 98% used [0x00000007bbf00000,0x00000007bdf20000,0x00000007bdf80000)
  to   space 33280K, 0% used [0x00000007bdf80000,0x00000007bdf80000,0x00000007c0000000)
 ParOldGen       total 161280K, used 35463K [0x00000006c1800000, 0x00000006cb580000, 0x00000007b9c00000)
  object space 161280K, 21% used [0x00000006c1800000,0x00000006c3aa1e80,0x00000006cb580000)
 Metaspace       used 2707K, capacity 4486K, committed 4864K, reserved 1056768K
  class space    used 302K, capacity 386K, committed 512K, reserved 1048576K
}
{Heap before GC invocations=759 (full 1):
 PSYoungGen      total 69120K, used 68736K [0x00000007b9c00000, 0x00000007c0000000, 0x00000007c0000000)
  eden space 35840K, 100% used [0x00000007b9c00000,0x00000007bbf00000,0x00000007bbf00000)
  from space 33280K, 98% used [0x00000007bbf00000,0x00000007bdf20000,0x00000007bdf80000)
  to   space 33280K, 0% used [0x00000007bdf80000,0x00000007bdf80000,0x00000007c0000000)
 ParOldGen       total 161280K, used 35463K [0x00000006c1800000, 0x00000006cb580000, 0x00000007b9c00000)
  object space 161280K, 21% used [0x00000006c1800000,0x00000006c3aa1e80,0x00000006cb580000)
 Metaspace       used 2707K, capacity 4486K, committed 4864K, reserved 1056768K
  class space    used 302K, capacity 386K, committed 512K, reserved 1048576K
[GC (Allocation Failure)  104199K->68359K(230400K), 0.0368986 secs]
Heap after GC invocations=759 (full 1):
 PSYoungGen      total 69120K, used 32896K [0x00000007b9c00000, 0x00000007c0000000, 0x00000007c0000000)
  eden space 35840K, 0% used [0x00000007b9c00000,0x00000007b9c00000,0x00000007bbf00000)
  from space 33280K, 98% used [0x00000007bdf80000,0x00000007bffa0000,0x00000007c0000000)
  to   space 33280K, 0% used [0x00000007bbf00000,0x00000007bbf00000,0x00000007bdf80000)
 ParOldGen       total 161280K, used 35463K [0x00000006c1800000, 0x00000006cb580000, 0x00000007b9c00000)
  object space 161280K, 21% used [0x00000006c1800000,0x00000006c3aa1e80,0x00000006cb580000)
 Metaspace       used 2707K, capacity 4486K, committed 4864K, reserved 1056768K
  class space    used 302K, capacity 386K, committed 512K, reserved 1048576K
}
{Heap before GC invocations=760 (full 1):
 PSYoungGen      total 69120K, used 68736K [0x00000007b9c00000, 0x00000007c0000000, 0x00000007c0000000)
  eden space 35840K, 100% used [0x00000007b9c00000,0x00000007bbf00000,0x00000007bbf00000)
  from space 33280K, 98% used [0x00000007bdf80000,0x00000007bffa0000,0x00000007c0000000)
  to   space 33280K, 0% used [0x00000007bbf00000,0x00000007bbf00000,0x00000007bdf80000)
 ParOldGen       total 161280K, used 35463K [0x00000006c1800000, 0x00000006cb580000, 0x00000007b9c00000)
  object space 161280K, 21% used [0x00000006c1800000,0x00000006c3aa1e80,0x00000006cb580000)
 Metaspace       used 2707K, capacity 4486K, committed 4864K, reserved 1056768K
  class space    used 302K, capacity 386K, committed 512K, reserved 1048576K
[GC (Allocation Failure)  104199K->68359K(230400K), 0.0309449 secs]
Heap after GC invocations=760 (full 1):
 PSYoungGen      total 69120K, used 32896K [0x00000007b9c00000, 0x00000007c0000000, 0x00000007c0000000)
  eden space 35840K, 0% used [0x00000007b9c00000,0x00000007b9c00000,0x00000007bbf00000)
  from space 33280K, 98% used [0x00000007bbf00000,0x00000007bdf20000,0x00000007bdf80000)
  to   space 33280K, 0% used [0x00000007bdf80000,0x00000007bdf80000,0x00000007c0000000)
 ParOldGen       total 161280K, used 35463K [0x00000006c1800000, 0x00000006cb580000, 0x00000007b9c00000)
  object space 161280K, 21% used [0x00000006c1800000,0x00000006c3aa1e80,0x00000006cb580000)
 Metaspace       used 2707K, capacity 4486K, committed 4864K, reserved 1056768K
  class space    used 302K, capacity 386K, committed 512K, reserved 1048576K
}
{Heap before GC invocations=761 (full 1):
 PSYoungGen      total 69120K, used 68736K [0x00000007b9c00000, 0x00000007c0000000, 0x00000007c0000000)
  eden space 35840K, 100% used [0x00000007b9c00000,0x00000007bbf00000,0x00000007bbf00000)
  from space 33280K, 98% used [0x00000007bbf00000,0x00000007bdf20000,0x00000007bdf80000)
  to   space 33280K, 0% used [0x00000007bdf80000,0x00000007bdf80000,0x00000007c0000000)
 ParOldGen       total 161280K, used 35463K [0x00000006c1800000, 0x00000006cb580000, 0x00000007b9c00000)
  object space 161280K, 21% used [0x00000006c1800000,0x00000006c3aa1e80,0x00000006cb580000)
 Metaspace       used 2707K, capacity 4486K, committed 4864K, reserved 1056768K
  class space    used 302K, capacity 386K, committed 512K, reserved 1048576K
[GC (Allocation Failure)  104199K->68327K(230400K), 0.0310270 secs]
Heap after GC invocations=761 (full 1):
 PSYoungGen      total 69120K, used 32864K [0x00000007b9c00000, 0x00000007c0000000, 0x00000007c0000000)
  eden space 35840K, 0% used [0x00000007b9c00000,0x00000007b9c00000,0x00000007bbf00000)
  from space 33280K, 98% used [0x00000007bdf80000,0x00000007bff98000,0x00000007c0000000)
  to   space 33280K, 0% used [0x00000007bbf00000,0x00000007bbf00000,0x00000007bdf80000)
 ParOldGen       total 161280K, used 35463K [0x00000006c1800000, 0x00000006cb580000, 0x00000007b9c00000)
  object space 161280K, 21% used [0x00000006c1800000,0x00000006c3aa1e80,0x00000006cb580000)
 Metaspace       used 2707K, capacity 4486K, committed 4864K, reserved 1056768K
  class space    used 302K, capacity 386K, committed 512K, reserved 1048576K
}
{Heap before GC invocations=762 (full 1):
 PSYoungGen      total 69120K, used 68704K [0x00000007b9c00000, 0x00000007c0000000, 0x00000007c0000000)
  eden space 35840K, 100% used [0x00000007b9c00000,0x00000007bbf00000,0x00000007bbf00000)
  from space 33280K, 98% used [0x00000007bdf80000,0x00000007bff98000,0x00000007c0000000)
  to   space 33280K, 0% used [0x00000007bbf00000,0x00000007bbf00000,0x00000007bdf80000)
 ParOldGen       total 161280K, used 35463K [0x00000006c1800000, 0x00000006cb580000, 0x00000007b9c00000)
  object space 161280K, 21% used [0x00000006c1800000,0x00000006c3aa1e80,0x00000006cb580000)
 Metaspace       used 2707K, capacity 4486K, committed 4864K, reserved 1056768K
  class space    used 302K, capacity 386K, committed 512K, reserved 1048576K
[GC (Allocation Failure)  104167K->68327K(230400K), 0.0318906 secs]
Heap after GC invocations=762 (full 1):
 PSYoungGen      total 69120K, used 32864K [0x00000007b9c00000, 0x00000007c0000000, 0x00000007c0000000)
  eden space 35840K, 0% used [0x00000007b9c00000,0x00000007b9c00000,0x00000007bbf00000)
  from space 33280K, 98% used [0x00000007bbf00000,0x00000007bdf18000,0x00000007bdf80000)
  to   space 33280K, 0% used [0x00000007bdf80000,0x00000007bdf80000,0x00000007c0000000)
 ParOldGen       total 161280K, used 35463K [0x00000006c1800000, 0x00000006cb580000, 0x00000007b9c00000)
  object space 161280K, 21% used [0x00000006c1800000,0x00000006c3aa1e80,0x00000006cb580000)
 Metaspace       used 2707K, capacity 4486K, committed 4864K, reserved 1056768K
  class space    used 302K, capacity 386K, committed 512K, reserved 1048576K
}
{Heap before GC invocations=763 (full 1):
 PSYoungGen      total 69120K, used 68704K [0x00000007b9c00000, 0x00000007c0000000, 0x00000007c0000000)
  eden space 35840K, 100% used [0x00000007b9c00000,0x00000007bbf00000,0x00000007bbf00000)
  from space 33280K, 98% used [0x00000007bbf00000,0x00000007bdf18000,0x00000007bdf80000)
  to   space 33280K, 0% used [0x00000007bdf80000,0x00000007bdf80000,0x00000007c0000000)
 ParOldGen       total 161280K, used 35463K [0x00000006c1800000, 0x00000006cb580000, 0x00000007b9c00000)
  object space 161280K, 21% used [0x00000006c1800000,0x00000006c3aa1e80,0x00000006cb580000)
 Metaspace       used 2707K, capacity 4486K, committed 4864K, reserved 1056768K
  class space    used 302K, capacity 386K, committed 512K, reserved 1048576K
[GC (Allocation Failure)  104167K->68327K(230400K), 0.0324265 secs]
Heap after GC invocations=763 (full 1):
 PSYoungGen      total 69120K, used 32864K [0x00000007b9c00000, 0x00000007c0000000, 0x00000007c0000000)
  eden space 35840K, 0% used [0x00000007b9c00000,0x00000007b9c00000,0x00000007bbf00000)
  from space 33280K, 98% used [0x00000007bdf80000,0x00000007bff98000,0x00000007c0000000)
  to   space 33280K, 0% used [0x00000007bbf00000,0x00000007bbf00000,0x00000007bdf80000)
 ParOldGen       total 161280K, used 35463K [0x00000006c1800000, 0x00000006cb580000, 0x00000007b9c00000)
  object space 161280K, 21% used [0x00000006c1800000,0x00000006c3aa1e80,0x00000006cb580000)
 Metaspace       used 2707K, capacity 4486K, committed 4864K, reserved 1056768K
  class space    used 302K, capacity 386K, committed 512K, reserved 1048576K
}
{Heap before GC invocations=764 (full 1):
 PSYoungGen      total 69120K, used 68704K [0x00000007b9c00000, 0x00000007c0000000, 0x00000007c0000000)
  eden space 35840K, 100% used [0x00000007b9c00000,0x00000007bbf00000,0x00000007bbf00000)
  from space 33280K, 98% used [0x00000007bdf80000,0x00000007bff98000,0x00000007c0000000)
  to   space 33280K, 0% used [0x00000007bbf00000,0x00000007bbf00000,0x00000007bdf80000)
 ParOldGen       total 161280K, used 35463K [0x00000006c1800000, 0x00000006cb580000, 0x00000007b9c00000)
  object space 161280K, 21% used [0x00000006c1800000,0x00000006c3aa1e80,0x00000006cb580000)
 Metaspace       used 2707K, capacity 4486K, committed 4864K, reserved 1056768K
  class space    used 302K, capacity 386K, committed 512K, reserved 1048576K
[GC (Allocation Failure)  104167K->68359K(230400K), 0.0446755 secs]
Heap after GC invocations=764 (full 1):
 PSYoungGen      total 69120K, used 32896K [0x00000007b9c00000, 0x00000007c0000000, 0x00000007c0000000)
  eden space 35840K, 0% used [0x00000007b9c00000,0x00000007b9c00000,0x00000007bbf00000)
  from space 33280K, 98% used [0x00000007bbf00000,0x00000007bdf20000,0x00000007bdf80000)
  to   space 33280K, 0% used [0x00000007bdf80000,0x00000007bdf80000,0x00000007c0000000)
 ParOldGen       total 161280K, used 35463K [0x00000006c1800000, 0x00000006cb580000, 0x00000007b9c00000)
  object space 161280K, 21% used [0x00000006c1800000,0x00000006c3aa1e80,0x00000006cb580000)
 Metaspace       used 2707K, capacity 4486K, committed 4864K, reserved 1056768K
  class space    used 302K, capacity 386K, committed 512K, reserved 1048576K
}
{Heap before GC invocations=765 (full 1):
 PSYoungGen      total 69120K, used 68736K [0x00000007b9c00000, 0x00000007c0000000, 0x00000007c0000000)
  eden space 35840K, 100% used [0x00000007b9c00000,0x00000007bbf00000,0x00000007bbf00000)
  from space 33280K, 98% used [0x00000007bbf00000,0x00000007bdf20000,0x00000007bdf80000)
  to   space 33280K, 0% used [0x00000007bdf80000,0x00000007bdf80000,0x00000007c0000000)
 ParOldGen       total 161280K, used 35463K [0x00000006c1800000, 0x00000006cb580000, 0x00000007b9c00000)
  object space 161280K, 21% used [0x00000006c1800000,0x00000006c3aa1e80,0x00000006cb580000)
 Metaspace       used 2707K, capacity 4486K, committed 4864K, reserved 1056768K
  class space    used 302K, capacity 386K, committed 512K, reserved 1048576K
[GC (Allocation Failure)  104199K->68391K(230400K), 0.0381398 secs]
Heap after GC invocations=765 (full 1):
 PSYoungGen      total 69120K, used 32928K [0x00000007b9c00000, 0x00000007c0000000, 0x00000007c0000000)
  eden space 35840K, 0% used [0x00000007b9c00000,0x00000007b9c00000,0x00000007bbf00000)
  from space 33280K, 98% used [0x00000007bdf80000,0x00000007bffa8000,0x00000007c0000000)
  to   space 33280K, 0% used [0x00000007bbf00000,0x00000007bbf00000,0x00000007bdf80000)
 ParOldGen       total 161280K, used 35463K [0x00000006c1800000, 0x00000006cb580000, 0x00000007b9c00000)
  object space 161280K, 21% used [0x00000006c1800000,0x00000006c3aa1e80,0x00000006cb580000)
 Metaspace       used 2707K, capacity 4486K, committed 4864K, reserved 1056768K
  class space    used 302K, capacity 386K, committed 512K, reserved 1048576K
}
{Heap before GC invocations=766 (full 1):
 PSYoungGen      total 69120K, used 68768K [0x00000007b9c00000, 0x00000007c0000000, 0x00000007c0000000)
  eden space 35840K, 100% used [0x00000007b9c00000,0x00000007bbf00000,0x00000007bbf00000)
  from space 33280K, 98% used [0x00000007bdf80000,0x00000007bffa8000,0x00000007c0000000)
  to   space 33280K, 0% used [0x00000007bbf00000,0x00000007bbf00000,0x00000007bdf80000)
 ParOldGen       total 161280K, used 35463K [0x00000006c1800000, 0x00000006cb580000, 0x00000007b9c00000)
  object space 161280K, 21% used [0x00000006c1800000,0x00000006c3aa1e80,0x00000006cb580000)
 Metaspace       used 2707K, capacity 4486K, committed 4864K, reserved 1056768K
  class space    used 302K, capacity 386K, committed 512K, reserved 1048576K
[GC (Allocation Failure)  104231K->68359K(230400K), 0.0372913 secs]
Heap after GC invocations=766 (full 1):
 PSYoungGen      total 69120K, used 32896K [0x00000007b9c00000, 0x00000007c0000000, 0x00000007c0000000)
  eden space 35840K, 0% used [0x00000007b9c00000,0x00000007b9c00000,0x00000007bbf00000)
  from space 33280K, 98% used [0x00000007bbf00000,0x00000007bdf20000,0x00000007bdf80000)
  to   space 33280K, 0% used [0x00000007bdf80000,0x00000007bdf80000,0x00000007c0000000)
 ParOldGen       total 161280K, used 35463K [0x00000006c1800000, 0x00000006cb580000, 0x00000007b9c00000)
  object space 161280K, 21% used [0x00000006c1800000,0x00000006c3aa1e80,0x00000006cb580000)
 Metaspace       used 2707K, capacity 4486K, committed 4864K, reserved 1056768K
  class space    used 302K, capacity 386K, committed 512K, reserved 1048576K
}
{Heap before GC invocations=767 (full 1):
 PSYoungGen      total 69120K, used 68736K [0x00000007b9c00000, 0x00000007c0000000, 0x00000007c0000000)
  eden space 35840K, 100% used [0x00000007b9c00000,0x00000007bbf00000,0x00000007bbf00000)
  from space 33280K, 98% used [0x00000007bbf00000,0x00000007bdf20000,0x00000007bdf80000)
  to   space 33280K, 0% used [0x00000007bdf80000,0x00000007bdf80000,0x00000007c0000000)
 ParOldGen       total 161280K, used 35463K [0x00000006c1800000, 0x00000006cb580000, 0x00000007b9c00000)
  object space 161280K, 21% used [0x00000006c1800000,0x00000006c3aa1e80,0x00000006cb580000)
 Metaspace       used 2707K, capacity 4486K, committed 4864K, reserved 1056768K
  class space    used 302K, capacity 386K, committed 512K, reserved 1048576K
[GC (Allocation Failure)  104199K->68391K(230400K), 0.0458873 secs]
Heap after GC invocations=767 (full 1):
 PSYoungGen      total 69120K, used 32928K [0x00000007b9c00000, 0x00000007c0000000, 0x00000007c0000000)
  eden space 35840K, 0% used [0x00000007b9c00000,0x00000007b9c00000,0x00000007bbf00000)
  from space 33280K, 98% used [0x00000007bdf80000,0x00000007bffa8000,0x00000007c0000000)
  to   space 33280K, 0% used [0x00000007bbf00000,0x00000007bbf00000,0x00000007bdf80000)
 ParOldGen       total 161280K, used 35463K [0x00000006c1800000, 0x00000006cb580000, 0x00000007b9c00000)
  object space 161280K, 21% used [0x00000006c1800000,0x00000006c3aa1e80,0x00000006cb580000)
 Metaspace       used 2707K, capacity 4486K, committed 4864K, reserved 1056768K
  class space    used 302K, capacity 386K, committed 512K, reserved 1048576K
}
{Heap before GC invocations=768 (full 1):
 PSYoungGen      total 69120K, used 68768K [0x00000007b9c00000, 0x00000007c0000000, 0x00000007c0000000)
  eden space 35840K, 100% used [0x00000007b9c00000,0x00000007bbf00000,0x00000007bbf00000)
  from space 33280K, 98% used [0x00000007bdf80000,0x00000007bffa8000,0x00000007c0000000)
  to   space 33280K, 0% used [0x00000007bbf00000,0x00000007bbf00000,0x00000007bdf80000)
 ParOldGen       total 161280K, used 35463K [0x00000006c1800000, 0x00000006cb580000, 0x00000007b9c00000)
  object space 161280K, 21% used [0x00000006c1800000,0x00000006c3aa1e80,0x00000006cb580000)
 Metaspace       used 2707K, capacity 4486K, committed 4864K, reserved 1056768K
  class space    used 302K, capacity 386K, committed 512K, reserved 1048576K
[GC (Allocation Failure)  104231K->68359K(230400K), 0.0391332 secs]
Heap after GC invocations=768 (full 1):
 PSYoungGen      total 69120K, used 32896K [0x00000007b9c00000, 0x00000007c0000000, 0x00000007c0000000)
  eden space 35840K, 0% used [0x00000007b9c00000,0x00000007b9c00000,0x00000007bbf00000)
  from space 33280K, 98% used [0x00000007bbf00000,0x00000007bdf20000,0x00000007bdf80000)
  to   space 33280K, 0% used [0x00000007bdf80000,0x00000007bdf80000,0x00000007c0000000)
 ParOldGen       total 161280K, used 35463K [0x00000006c1800000, 0x00000006cb580000, 0x00000007b9c00000)
  object space 161280K, 21% used [0x00000006c1800000,0x00000006c3aa1e80,0x00000006cb580000)
 Metaspace       used 2707K, capacity 4486K, committed 4864K, reserved 1056768K
  class space    used 302K, capacity 386K, committed 512K, reserved 1048576K
}
{Heap before GC invocations=769 (full 1):
 PSYoungGen      total 69120K, used 68736K [0x00000007b9c00000, 0x00000007c0000000, 0x00000007c0000000)
  eden space 35840K, 100% used [0x00000007b9c00000,0x00000007bbf00000,0x00000007bbf00000)
  from space 33280K, 98% used [0x00000007bbf00000,0x00000007bdf20000,0x00000007bdf80000)
  to   space 33280K, 0% used [0x00000007bdf80000,0x00000007bdf80000,0x00000007c0000000)
 ParOldGen       total 161280K, used 35463K [0x00000006c1800000, 0x00000006cb580000, 0x00000007b9c00000)
  object space 161280K, 21% used [0x00000006c1800000,0x00000006c3aa1e80,0x00000006cb580000)
 Metaspace       used 2707K, capacity 4486K, committed 4864K, reserved 1056768K
  class space    used 302K, capacity 386K, committed 512K, reserved 1048576K
[GC (Allocation Failure)  104199K->68359K(230400K), 0.0368145 secs]
Heap after GC invocations=769 (full 1):
 PSYoungGen      total 69120K, used 32896K [0x00000007b9c00000, 0x00000007c0000000, 0x00000007c0000000)
  eden space 35840K, 0% used [0x00000007b9c00000,0x00000007b9c00000,0x00000007bbf00000)
  from space 33280K, 98% used [0x00000007bdf80000,0x00000007bffa0000,0x00000007c0000000)
  to   space 33280K, 0% used [0x00000007bbf00000,0x00000007bbf00000,0x00000007bdf80000)
 ParOldGen       total 161280K, used 35463K [0x00000006c1800000, 0x00000006cb580000, 0x00000007b9c00000)
  object space 161280K, 21% used [0x00000006c1800000,0x00000006c3aa1e80,0x00000006cb580000)
 Metaspace       used 2707K, capacity 4486K, committed 4864K, reserved 1056768K
  class space    used 302K, capacity 386K, committed 512K, reserved 1048576K
}
{Heap before GC invocations=770 (full 1):
 PSYoungGen      total 69120K, used 68736K [0x00000007b9c00000, 0x00000007c0000000, 0x00000007c0000000)
  eden space 35840K, 100% used [0x00000007b9c00000,0x00000007bbf00000,0x00000007bbf00000)
  from space 33280K, 98% used [0x00000007bdf80000,0x00000007bffa0000,0x00000007c0000000)
  to   space 33280K, 0% used [0x00000007bbf00000,0x00000007bbf00000,0x00000007bdf80000)
 ParOldGen       total 161280K, used 35463K [0x00000006c1800000, 0x00000006cb580000, 0x00000007b9c00000)
  object space 161280K, 21% used [0x00000006c1800000,0x00000006c3aa1e80,0x00000006cb580000)
 Metaspace       used 2707K, capacity 4486K, committed 4864K, reserved 1056768K
  class space    used 302K, capacity 386K, committed 512K, reserved 1048576K
[GC (Allocation Failure)  104199K->68327K(230400K), 0.0356057 secs]
Heap after GC invocations=770 (full 1):
 PSYoungGen      total 69120K, used 32864K [0x00000007b9c00000, 0x00000007c0000000, 0x00000007c0000000)
  eden space 35840K, 0% used [0x00000007b9c00000,0x00000007b9c00000,0x00000007bbf00000)
  from space 33280K, 98% used [0x00000007bbf00000,0x00000007bdf18000,0x00000007bdf80000)
  to   space 33280K, 0% used [0x00000007bdf80000,0x00000007bdf80000,0x00000007c0000000)
 ParOldGen       total 161280K, used 35463K [0x00000006c1800000, 0x00000006cb580000, 0x00000007b9c00000)
  object space 161280K, 21% used [0x00000006c1800000,0x00000006c3aa1e80,0x00000006cb580000)
 Metaspace       used 2707K, capacity 4486K, committed 4864K, reserved 1056768K
  class space    used 302K, capacity 386K, committed 512K, reserved 1048576K
}
{Heap before GC invocations=771 (full 1):
 PSYoungGen      total 69120K, used 68704K [0x00000007b9c00000, 0x00000007c0000000, 0x00000007c0000000)
  eden space 35840K, 100% used [0x00000007b9c00000,0x00000007bbf00000,0x00000007bbf00000)
  from space 33280K, 98% used [0x00000007bbf00000,0x00000007bdf18000,0x00000007bdf80000)
  to   space 33280K, 0% used [0x00000007bdf80000,0x00000007bdf80000,0x00000007c0000000)
 ParOldGen       total 161280K, used 35463K [0x00000006c1800000, 0x00000006cb580000, 0x00000007b9c00000)
  object space 161280K, 21% used [0x00000006c1800000,0x00000006c3aa1e80,0x00000006cb580000)
 Metaspace       used 2707K, capacity 4486K, committed 4864K, reserved 1056768K
  class space    used 302K, capacity 386K, committed 512K, reserved 1048576K
[GC (Allocation Failure)  104167K->68359K(230400K), 0.0547372 secs]
Heap after GC invocations=771 (full 1):
 PSYoungGen      total 69120K, used 32896K [0x00000007b9c00000, 0x00000007c0000000, 0x00000007c0000000)
  eden space 35840K, 0% used [0x00000007b9c00000,0x00000007b9c00000,0x00000007bbf00000)
  from space 33280K, 98% used [0x00000007bdf80000,0x00000007bffa0000,0x00000007c0000000)
  to   space 33280K, 0% used [0x00000007bbf00000,0x00000007bbf00000,0x00000007bdf80000)
 ParOldGen       total 161280K, used 35463K [0x00000006c1800000, 0x00000006cb580000, 0x00000007b9c00000)
  object space 161280K, 21% used [0x00000006c1800000,0x00000006c3aa1e80,0x00000006cb580000)
 Metaspace       used 2707K, capacity 4486K, committed 4864K, reserved 1056768K
  class space    used 302K, capacity 386K, committed 512K, reserved 1048576K
}
{Heap before GC invocations=772 (full 1):
 PSYoungGen      total 69120K, used 68736K [0x00000007b9c00000, 0x00000007c0000000, 0x00000007c0000000)
  eden space 35840K, 100% used [0x00000007b9c00000,0x00000007bbf00000,0x00000007bbf00000)
  from space 33280K, 98% used [0x00000007bdf80000,0x00000007bffa0000,0x00000007c0000000)
  to   space 33280K, 0% used [0x00000007bbf00000,0x00000007bbf00000,0x00000007bdf80000)
 ParOldGen       total 161280K, used 35463K [0x00000006c1800000, 0x00000006cb580000, 0x00000007b9c00000)
  object space 161280K, 21% used [0x00000006c1800000,0x00000006c3aa1e80,0x00000006cb580000)
 Metaspace       used 2707K, capacity 4486K, committed 4864K, reserved 1056768K
  class space    used 302K, capacity 386K, committed 512K, reserved 1048576K
[GC (Allocation Failure)  104199K->68359K(230400K), 0.0370742 secs]
Heap after GC invocations=772 (full 1):
 PSYoungGen      total 69120K, used 32896K [0x00000007b9c00000, 0x00000007c0000000, 0x00000007c0000000)
  eden space 35840K, 0% used [0x00000007b9c00000,0x00000007b9c00000,0x00000007bbf00000)
  from space 33280K, 98% used [0x00000007bbf00000,0x00000007bdf20000,0x00000007bdf80000)
  to   space 33280K, 0% used [0x00000007bdf80000,0x00000007bdf80000,0x00000007c0000000)
 ParOldGen       total 161280K, used 35463K [0x00000006c1800000, 0x00000006cb580000, 0x00000007b9c00000)
  object space 161280K, 21% used [0x00000006c1800000,0x00000006c3aa1e80,0x00000006cb580000)
 Metaspace       used 2707K, capacity 4486K, committed 4864K, reserved 1056768K
  class space    used 302K, capacity 386K, committed 512K, reserved 1048576K
}
{Heap before GC invocations=773 (full 1):
 PSYoungGen      total 69120K, used 68736K [0x00000007b9c00000, 0x00000007c0000000, 0x00000007c0000000)
  eden space 35840K, 100% used [0x00000007b9c00000,0x00000007bbf00000,0x00000007bbf00000)
  from space 33280K, 98% used [0x00000007bbf00000,0x00000007bdf20000,0x00000007bdf80000)
  to   space 33280K, 0% used [0x00000007bdf80000,0x00000007bdf80000,0x00000007c0000000)
 ParOldGen       total 161280K, used 35463K [0x00000006c1800000, 0x00000006cb580000, 0x00000007b9c00000)
  object space 161280K, 21% used [0x00000006c1800000,0x00000006c3aa1e80,0x00000006cb580000)
 Metaspace       used 2707K, capacity 4486K, committed 4864K, reserved 1056768K
  class space    used 302K, capacity 386K, committed 512K, reserved 1048576K
[GC (Allocation Failure)  104199K->68359K(230400K), 0.0318645 secs]
Heap after GC invocations=773 (full 1):
 PSYoungGen      total 69120K, used 32896K [0x00000007b9c00000, 0x00000007c0000000, 0x00000007c0000000)
  eden space 35840K, 0% used [0x00000007b9c00000,0x00000007b9c00000,0x00000007bbf00000)
  from space 33280K, 98% used [0x00000007bdf80000,0x00000007bffa0000,0x00000007c0000000)
  to   space 33280K, 0% used [0x00000007bbf00000,0x00000007bbf00000,0x00000007bdf80000)
 ParOldGen       total 161280K, used 35463K [0x00000006c1800000, 0x00000006cb580000, 0x00000007b9c00000)
  object space 161280K, 21% used [0x00000006c1800000,0x00000006c3aa1e80,0x00000006cb580000)
 Metaspace       used 2707K, capacity 4486K, committed 4864K, reserved 1056768K
  class space    used 302K, capacity 386K, committed 512K, reserved 1048576K
}
{Heap before GC invocations=774 (full 1):
 PSYoungGen      total 69120K, used 68736K [0x00000007b9c00000, 0x00000007c0000000, 0x00000007c0000000)
  eden space 35840K, 100% used [0x00000007b9c00000,0x00000007bbf00000,0x00000007bbf00000)
  from space 33280K, 98% used [0x00000007bdf80000,0x00000007bffa0000,0x00000007c0000000)
  to   space 33280K, 0% used [0x00000007bbf00000,0x00000007bbf00000,0x00000007bdf80000)
 ParOldGen       total 161280K, used 35463K [0x00000006c1800000, 0x00000006cb580000, 0x00000007b9c00000)
  object space 161280K, 21% used [0x00000006c1800000,0x00000006c3aa1e80,0x00000006cb580000)
 Metaspace       used 2707K, capacity 4486K, committed 4864K, reserved 1056768K
  class space    used 302K, capacity 386K, committed 512K, reserved 1048576K
[GC (Allocation Failure)  104199K->68391K(230400K), 0.0317470 secs]
Heap after GC invocations=774 (full 1):
 PSYoungGen      total 69120K, used 32928K [0x00000007b9c00000, 0x00000007c0000000, 0x00000007c0000000)
  eden space 35840K, 0% used [0x00000007b9c00000,0x00000007b9c00000,0x00000007bbf00000)
  from space 33280K, 98% used [0x00000007bbf00000,0x00000007bdf28000,0x00000007bdf80000)
  to   space 33280K, 0% used [0x00000007bdf80000,0x00000007bdf80000,0x00000007c0000000)
 ParOldGen       total 161280K, used 35463K [0x00000006c1800000, 0x00000006cb580000, 0x00000007b9c00000)
  object space 161280K, 21% used [0x00000006c1800000,0x00000006c3aa1e80,0x00000006cb580000)
 Metaspace       used 2707K, capacity 4486K, committed 4864K, reserved 1056768K
  class space    used 302K, capacity 386K, committed 512K, reserved 1048576K
}
{Heap before GC invocations=775 (full 1):
 PSYoungGen      total 69120K, used 68768K [0x00000007b9c00000, 0x00000007c0000000, 0x00000007c0000000)
  eden space 35840K, 100% used [0x00000007b9c00000,0x00000007bbf00000,0x00000007bbf00000)
  from space 33280K, 98% used [0x00000007bbf00000,0x00000007bdf28000,0x00000007bdf80000)
  to   space 33280K, 0% used [0x00000007bdf80000,0x00000007bdf80000,0x00000007c0000000)
 ParOldGen       total 161280K, used 35463K [0x00000006c1800000, 0x00000006cb580000, 0x00000007b9c00000)
  object space 161280K, 21% used [0x00000006c1800000,0x00000006c3aa1e80,0x00000006cb580000)
 Metaspace       used 2707K, capacity 4486K, committed 4864K, reserved 1056768K
  class space    used 302K, capacity 386K, committed 512K, reserved 1048576K
[GC (Allocation Failure)  104231K->68391K(230400K), 0.0310333 secs]
Heap after GC invocations=775 (full 1):
 PSYoungGen      total 69120K, used 32928K [0x00000007b9c00000, 0x00000007c0000000, 0x00000007c0000000)
  eden space 35840K, 0% used [0x00000007b9c00000,0x00000007b9c00000,0x00000007bbf00000)
  from space 33280K, 98% used [0x00000007bdf80000,0x00000007bffa8000,0x00000007c0000000)
  to   space 33280K, 0% used [0x00000007bbf00000,0x00000007bbf00000,0x00000007bdf80000)
 ParOldGen       total 161280K, used 35463K [0x00000006c1800000, 0x00000006cb580000, 0x00000007b9c00000)
  object space 161280K, 21% used [0x00000006c1800000,0x00000006c3aa1e80,0x00000006cb580000)
 Metaspace       used 2707K, capacity 4486K, committed 4864K, reserved 1056768K
  class space    used 302K, capacity 386K, committed 512K, reserved 1048576K
}
{Heap before GC invocations=776 (full 1):
 PSYoungGen      total 69120K, used 68768K [0x00000007b9c00000, 0x00000007c0000000, 0x00000007c0000000)
  eden space 35840K, 100% used [0x00000007b9c00000,0x00000007bbf00000,0x00000007bbf00000)
  from space 33280K, 98% used [0x00000007bdf80000,0x00000007bffa8000,0x00000007c0000000)
  to   space 33280K, 0% used [0x00000007bbf00000,0x00000007bbf00000,0x00000007bdf80000)
 ParOldGen       total 161280K, used 35463K [0x00000006c1800000, 0x00000006cb580000, 0x00000007b9c00000)
  object space 161280K, 21% used [0x00000006c1800000,0x00000006c3aa1e80,0x00000006cb580000)
 Metaspace       used 2707K, capacity 4486K, committed 4864K, reserved 1056768K
  class space    used 302K, capacity 386K, committed 512K, reserved 1048576K
[GC (Allocation Failure)  104231K->68359K(230400K), 0.0312035 secs]
Heap after GC invocations=776 (full 1):
 PSYoungGen      total 69120K, used 32896K [0x00000007b9c00000, 0x00000007c0000000, 0x00000007c0000000)
  eden space 35840K, 0% used [0x00000007b9c00000,0x00000007b9c00000,0x00000007bbf00000)
  from space 33280K, 98% used [0x00000007bbf00000,0x00000007bdf20000,0x00000007bdf80000)
  to   space 33280K, 0% used [0x00000007bdf80000,0x00000007bdf80000,0x00000007c0000000)
 ParOldGen       total 161280K, used 35463K [0x00000006c1800000, 0x00000006cb580000, 0x00000007b9c00000)
  object space 161280K, 21% used [0x00000006c1800000,0x00000006c3aa1e80,0x00000006cb580000)
 Metaspace       used 2707K, capacity 4486K, committed 4864K, reserved 1056768K
  class space    used 302K, capacity 386K, committed 512K, reserved 1048576K
}
{Heap before GC invocations=777 (full 1):
 PSYoungGen      total 69120K, used 68736K [0x00000007b9c00000, 0x00000007c0000000, 0x00000007c0000000)
  eden space 35840K, 100% used [0x00000007b9c00000,0x00000007bbf00000,0x00000007bbf00000)
  from space 33280K, 98% used [0x00000007bbf00000,0x00000007bdf20000,0x00000007bdf80000)
  to   space 33280K, 0% used [0x00000007bdf80000,0x00000007bdf80000,0x00000007c0000000)
 ParOldGen       total 161280K, used 35463K [0x00000006c1800000, 0x00000006cb580000, 0x00000007b9c00000)
  object space 161280K, 21% used [0x00000006c1800000,0x00000006c3aa1e80,0x00000006cb580000)
 Metaspace       used 2707K, capacity 4486K, committed 4864K, reserved 1056768K
  class space    used 302K, capacity 386K, committed 512K, reserved 1048576K
[GC (Allocation Failure)  104199K->68327K(230400K), 0.0313760 secs]
Heap after GC invocations=777 (full 1):
 PSYoungGen      total 69120K, used 32864K [0x00000007b9c00000, 0x00000007c0000000, 0x00000007c0000000)
  eden space 35840K, 0% used [0x00000007b9c00000,0x00000007b9c00000,0x00000007bbf00000)
  from space 33280K, 98% used [0x00000007bdf80000,0x00000007bff98000,0x00000007c0000000)
  to   space 33280K, 0% used [0x00000007bbf00000,0x00000007bbf00000,0x00000007bdf80000)
 ParOldGen       total 161280K, used 35463K [0x00000006c1800000, 0x00000006cb580000, 0x00000007b9c00000)
  object space 161280K, 21% used [0x00000006c1800000,0x00000006c3aa1e80,0x00000006cb580000)
 Metaspace       used 2707K, capacity 4486K, committed 4864K, reserved 1056768K
  class space    used 302K, capacity 386K, committed 512K, reserved 1048576K
}
{Heap before GC invocations=778 (full 1):
 PSYoungGen      total 69120K, used 68704K [0x00000007b9c00000, 0x00000007c0000000, 0x00000007c0000000)
  eden space 35840K, 100% used [0x00000007b9c00000,0x00000007bbf00000,0x00000007bbf00000)
  from space 33280K, 98% used [0x00000007bdf80000,0x00000007bff98000,0x00000007c0000000)
  to   space 33280K, 0% used [0x00000007bbf00000,0x00000007bbf00000,0x00000007bdf80000)
 ParOldGen       total 161280K, used 35463K [0x00000006c1800000, 0x00000006cb580000, 0x00000007b9c00000)
  object space 161280K, 21% used [0x00000006c1800000,0x00000006c3aa1e80,0x00000006cb580000)
 Metaspace       used 2707K, capacity 4486K, committed 4864K, reserved 1056768K
  class space    used 302K, capacity 386K, committed 512K, reserved 1048576K
[GC (Allocation Failure)  104167K->68327K(230400K), 0.0345788 secs]
Heap after GC invocations=778 (full 1):
 PSYoungGen      total 69120K, used 32864K [0x00000007b9c00000, 0x00000007c0000000, 0x00000007c0000000)
  eden space 35840K, 0% used [0x00000007b9c00000,0x00000007b9c00000,0x00000007bbf00000)
  from space 33280K, 98% used [0x00000007bbf00000,0x00000007bdf18000,0x00000007bdf80000)
  to   space 33280K, 0% used [0x00000007bdf80000,0x00000007bdf80000,0x00000007c0000000)
 ParOldGen       total 161280K, used 35463K [0x00000006c1800000, 0x00000006cb580000, 0x00000007b9c00000)
  object space 161280K, 21% used [0x00000006c1800000,0x00000006c3aa1e80,0x00000006cb580000)
 Metaspace       used 2707K, capacity 4486K, committed 4864K, reserved 1056768K
  class space    used 302K, capacity 386K, committed 512K, reserved 1048576K
}
{Heap before GC invocations=779 (full 1):
 PSYoungGen      total 69120K, used 68704K [0x00000007b9c00000, 0x00000007c0000000, 0x00000007c0000000)
  eden space 35840K, 100% used [0x00000007b9c00000,0x00000007bbf00000,0x00000007bbf00000)
  from space 33280K, 98% used [0x00000007bbf00000,0x00000007bdf18000,0x00000007bdf80000)
  to   space 33280K, 0% used [0x00000007bdf80000,0x00000007bdf80000,0x00000007c0000000)
 ParOldGen       total 161280K, used 35463K [0x00000006c1800000, 0x00000006cb580000, 0x00000007b9c00000)
  object space 161280K, 21% used [0x00000006c1800000,0x00000006c3aa1e80,0x00000006cb580000)
 Metaspace       used 2707K, capacity 4486K, committed 4864K, reserved 1056768K
  class space    used 302K, capacity 386K, committed 512K, reserved 1048576K
[GC (Allocation Failure)  104167K->68359K(230400K), 0.0528385 secs]
Heap after GC invocations=779 (full 1):
 PSYoungGen      total 69120K, used 32896K [0x00000007b9c00000, 0x00000007c0000000, 0x00000007c0000000)
  eden space 35840K, 0% used [0x00000007b9c00000,0x00000007b9c00000,0x00000007bbf00000)
  from space 33280K, 98% used [0x00000007bdf80000,0x00000007bffa0000,0x00000007c0000000)
  to   space 33280K, 0% used [0x00000007bbf00000,0x00000007bbf00000,0x00000007bdf80000)
 ParOldGen       total 161280K, used 35463K [0x00000006c1800000, 0x00000006cb580000, 0x00000007b9c00000)
  object space 161280K, 21% used [0x00000006c1800000,0x00000006c3aa1e80,0x00000006cb580000)
 Metaspace       used 2707K, capacity 4486K, committed 4864K, reserved 1056768K
  class space    used 302K, capacity 386K, committed 512K, reserved 1048576K
}
{Heap before GC invocations=780 (full 1):
 PSYoungGen      total 69120K, used 68736K [0x00000007b9c00000, 0x00000007c0000000, 0x00000007c0000000)
  eden space 35840K, 100% used [0x00000007b9c00000,0x00000007bbf00000,0x00000007bbf00000)
  from space 33280K, 98% used [0x00000007bdf80000,0x00000007bffa0000,0x00000007c0000000)
  to   space 33280K, 0% used [0x00000007bbf00000,0x00000007bbf00000,0x00000007bdf80000)
 ParOldGen       total 161280K, used 35463K [0x00000006c1800000, 0x00000006cb580000, 0x00000007b9c00000)
  object space 161280K, 21% used [0x00000006c1800000,0x00000006c3aa1e80,0x00000006cb580000)
 Metaspace       used 2707K, capacity 4486K, committed 4864K, reserved 1056768K
  class space    used 302K, capacity 386K, committed 512K, reserved 1048576K
[GC (Allocation Failure)  104199K->68359K(230400K), 0.0579283 secs]
Heap after GC invocations=780 (full 1):
 PSYoungGen      total 69120K, used 32896K [0x00000007b9c00000, 0x00000007c0000000, 0x00000007c0000000)
  eden space 35840K, 0% used [0x00000007b9c00000,0x00000007b9c00000,0x00000007bbf00000)
  from space 33280K, 98% used [0x00000007bbf00000,0x00000007bdf20000,0x00000007bdf80000)
  to   space 33280K, 0% used [0x00000007bdf80000,0x00000007bdf80000,0x00000007c0000000)
 ParOldGen       total 161280K, used 35463K [0x00000006c1800000, 0x00000006cb580000, 0x00000007b9c00000)
  object space 161280K, 21% used [0x00000006c1800000,0x00000006c3aa1e80,0x00000006cb580000)
 Metaspace       used 2707K, capacity 4486K, committed 4864K, reserved 1056768K
  class space    used 302K, capacity 386K, committed 512K, reserved 1048576K
}
{Heap before GC invocations=781 (full 1):
 PSYoungGen      total 69120K, used 68736K [0x00000007b9c00000, 0x00000007c0000000, 0x00000007c0000000)
  eden space 35840K, 100% used [0x00000007b9c00000,0x00000007bbf00000,0x00000007bbf00000)
  from space 33280K, 98% used [0x00000007bbf00000,0x00000007bdf20000,0x00000007bdf80000)
  to   space 33280K, 0% used [0x00000007bdf80000,0x00000007bdf80000,0x00000007c0000000)
 ParOldGen       total 161280K, used 35463K [0x00000006c1800000, 0x00000006cb580000, 0x00000007b9c00000)
  object space 161280K, 21% used [0x00000006c1800000,0x00000006c3aa1e80,0x00000006cb580000)
 Metaspace       used 2707K, capacity 4486K, committed 4864K, reserved 1056768K
  class space    used 302K, capacity 386K, committed 512K, reserved 1048576K
[GC (Allocation Failure)  104199K->68327K(230400K), 0.0454260 secs]
Heap after GC invocations=781 (full 1):
 PSYoungGen      total 69120K, used 32864K [0x00000007b9c00000, 0x00000007c0000000, 0x00000007c0000000)
  eden space 35840K, 0% used [0x00000007b9c00000,0x00000007b9c00000,0x00000007bbf00000)
  from space 33280K, 98% used [0x00000007bdf80000,0x00000007bff98000,0x00000007c0000000)
  to   space 33280K, 0% used [0x00000007bbf00000,0x00000007bbf00000,0x00000007bdf80000)
 ParOldGen       total 161280K, used 35463K [0x00000006c1800000, 0x00000006cb580000, 0x00000007b9c00000)
  object space 161280K, 21% used [0x00000006c1800000,0x00000006c3aa1e80,0x00000006cb580000)
 Metaspace       used 2707K, capacity 4486K, committed 4864K, reserved 1056768K
  class space    used 302K, capacity 386K, committed 512K, reserved 1048576K
}
{Heap before GC invocations=782 (full 1):
 PSYoungGen      total 69120K, used 68704K [0x00000007b9c00000, 0x00000007c0000000, 0x00000007c0000000)
  eden space 35840K, 100% used [0x00000007b9c00000,0x00000007bbf00000,0x00000007bbf00000)
  from space 33280K, 98% used [0x00000007bdf80000,0x00000007bff98000,0x00000007c0000000)
  to   space 33280K, 0% used [0x00000007bbf00000,0x00000007bbf00000,0x00000007bdf80000)
 ParOldGen       total 161280K, used 35463K [0x00000006c1800000, 0x00000006cb580000, 0x00000007b9c00000)
  object space 161280K, 21% used [0x00000006c1800000,0x00000006c3aa1e80,0x00000006cb580000)
 Metaspace       used 2707K, capacity 4486K, committed 4864K, reserved 1056768K
  class space    used 302K, capacity 386K, committed 512K, reserved 1048576K
[GC (Allocation Failure)  104167K->68391K(230400K), 0.0357070 secs]
Heap after GC invocations=782 (full 1):
 PSYoungGen      total 69120K, used 32928K [0x00000007b9c00000, 0x00000007c0000000, 0x00000007c0000000)
  eden space 35840K, 0% used [0x00000007b9c00000,0x00000007b9c00000,0x00000007bbf00000)
  from space 33280K, 98% used [0x00000007bbf00000,0x00000007bdf28000,0x00000007bdf80000)
  to   space 33280K, 0% used [0x00000007bdf80000,0x00000007bdf80000,0x00000007c0000000)
 ParOldGen       total 161280K, used 35463K [0x00000006c1800000, 0x00000006cb580000, 0x00000007b9c00000)
  object space 161280K, 21% used [0x00000006c1800000,0x00000006c3aa1e80,0x00000006cb580000)
 Metaspace       used 2707K, capacity 4486K, committed 4864K, reserved 1056768K
  class space    used 302K, capacity 386K, committed 512K, reserved 1048576K
}
{Heap before GC invocations=783 (full 1):
 PSYoungGen      total 69120K, used 68768K [0x00000007b9c00000, 0x00000007c0000000, 0x00000007c0000000)
  eden space 35840K, 100% used [0x00000007b9c00000,0x00000007bbf00000,0x00000007bbf00000)
  from space 33280K, 98% used [0x00000007bbf00000,0x00000007bdf28000,0x00000007bdf80000)
  to   space 33280K, 0% used [0x00000007bdf80000,0x00000007bdf80000,0x00000007c0000000)
 ParOldGen       total 161280K, used 35463K [0x00000006c1800000, 0x00000006cb580000, 0x00000007b9c00000)
  object space 161280K, 21% used [0x00000006c1800000,0x00000006c3aa1e80,0x00000006cb580000)
 Metaspace       used 2707K, capacity 4486K, committed 4864K, reserved 1056768K
  class space    used 302K, capacity 386K, committed 512K, reserved 1048576K
[GC (Allocation Failure)  104231K->68359K(230400K), 0.0379175 secs]
Heap after GC invocations=783 (full 1):
 PSYoungGen      total 69120K, used 32896K [0x00000007b9c00000, 0x00000007c0000000, 0x00000007c0000000)
  eden space 35840K, 0% used [0x00000007b9c00000,0x00000007b9c00000,0x00000007bbf00000)
  from space 33280K, 98% used [0x00000007bdf80000,0x00000007bffa0000,0x00000007c0000000)
  to   space 33280K, 0% used [0x00000007bbf00000,0x00000007bbf00000,0x00000007bdf80000)
 ParOldGen       total 161280K, used 35463K [0x00000006c1800000, 0x00000006cb580000, 0x00000007b9c00000)
  object space 161280K, 21% used [0x00000006c1800000,0x00000006c3aa1e80,0x00000006cb580000)
 Metaspace       used 2707K, capacity 4486K, committed 4864K, reserved 1056768K
  class space    used 302K, capacity 386K, committed 512K, reserved 1048576K
}
{Heap before GC invocations=784 (full 1):
 PSYoungGen      total 69120K, used 68736K [0x00000007b9c00000, 0x00000007c0000000, 0x00000007c0000000)
  eden space 35840K, 100% used [0x00000007b9c00000,0x00000007bbf00000,0x00000007bbf00000)
  from space 33280K, 98% used [0x00000007bdf80000,0x00000007bffa0000,0x00000007c0000000)
  to   space 33280K, 0% used [0x00000007bbf00000,0x00000007bbf00000,0x00000007bdf80000)
 ParOldGen       total 161280K, used 35463K [0x00000006c1800000, 0x00000006cb580000, 0x00000007b9c00000)
  object space 161280K, 21% used [0x00000006c1800000,0x00000006c3aa1e80,0x00000006cb580000)
 Metaspace       used 2707K, capacity 4486K, committed 4864K, reserved 1056768K
  class space    used 302K, capacity 386K, committed 512K, reserved 1048576K
[GC (Allocation Failure)  104199K->68359K(230400K), 0.0432710 secs]
Heap after GC invocations=784 (full 1):
 PSYoungGen      total 69120K, used 32896K [0x00000007b9c00000, 0x00000007c0000000, 0x00000007c0000000)
  eden space 35840K, 0% used [0x00000007b9c00000,0x00000007b9c00000,0x00000007bbf00000)
  from space 33280K, 98% used [0x00000007bbf00000,0x00000007bdf20000,0x00000007bdf80000)
  to   space 33280K, 0% used [0x00000007bdf80000,0x00000007bdf80000,0x00000007c0000000)
 ParOldGen       total 161280K, used 35463K [0x00000006c1800000, 0x00000006cb580000, 0x00000007b9c00000)
  object space 161280K, 21% used [0x00000006c1800000,0x00000006c3aa1e80,0x00000006cb580000)
 Metaspace       used 2707K, capacity 4486K, committed 4864K, reserved 1056768K
  class space    used 302K, capacity 386K, committed 512K, reserved 1048576K
}
{Heap before GC invocations=785 (full 1):
 PSYoungGen      total 69120K, used 68736K [0x00000007b9c00000, 0x00000007c0000000, 0x00000007c0000000)
  eden space 35840K, 100% used [0x00000007b9c00000,0x00000007bbf00000,0x00000007bbf00000)
  from space 33280K, 98% used [0x00000007bbf00000,0x00000007bdf20000,0x00000007bdf80000)
  to   space 33280K, 0% used [0x00000007bdf80000,0x00000007bdf80000,0x00000007c0000000)
 ParOldGen       total 161280K, used 35463K [0x00000006c1800000, 0x00000006cb580000, 0x00000007b9c00000)
  object space 161280K, 21% used [0x00000006c1800000,0x00000006c3aa1e80,0x00000006cb580000)
 Metaspace       used 2707K, capacity 4486K, committed 4864K, reserved 1056768K
  class space    used 302K, capacity 386K, committed 512K, reserved 1048576K
[GC (Allocation Failure)  104199K->68327K(230400K), 0.0380462 secs]
Heap after GC invocations=785 (full 1):
 PSYoungGen      total 69120K, used 32864K [0x00000007b9c00000, 0x00000007c0000000, 0x00000007c0000000)
  eden space 35840K, 0% used [0x00000007b9c00000,0x00000007b9c00000,0x00000007bbf00000)
  from space 33280K, 98% used [0x00000007bdf80000,0x00000007bff98000,0x00000007c0000000)
  to   space 33280K, 0% used [0x00000007bbf00000,0x00000007bbf00000,0x00000007bdf80000)
 ParOldGen       total 161280K, used 35463K [0x00000006c1800000, 0x00000006cb580000, 0x00000007b9c00000)
  object space 161280K, 21% used [0x00000006c1800000,0x00000006c3aa1e80,0x00000006cb580000)
 Metaspace       used 2707K, capacity 4486K, committed 4864K, reserved 1056768K
  class space    used 302K, capacity 386K, committed 512K, reserved 1048576K
}
{Heap before GC invocations=786 (full 1):
 PSYoungGen      total 69120K, used 68704K [0x00000007b9c00000, 0x00000007c0000000, 0x00000007c0000000)
  eden space 35840K, 100% used [0x00000007b9c00000,0x00000007bbf00000,0x00000007bbf00000)
  from space 33280K, 98% used [0x00000007bdf80000,0x00000007bff98000,0x00000007c0000000)
  to   space 33280K, 0% used [0x00000007bbf00000,0x00000007bbf00000,0x00000007bdf80000)
 ParOldGen       total 161280K, used 35463K [0x00000006c1800000, 0x00000006cb580000, 0x00000007b9c00000)
  object space 161280K, 21% used [0x00000006c1800000,0x00000006c3aa1e80,0x00000006cb580000)
 Metaspace       used 2707K, capacity 4486K, committed 4864K, reserved 1056768K
  class space    used 302K, capacity 386K, committed 512K, reserved 1048576K
[GC (Allocation Failure)  104167K->68359K(230400K), 0.0349230 secs]
Heap after GC invocations=786 (full 1):
 PSYoungGen      total 69120K, used 32896K [0x00000007b9c00000, 0x00000007c0000000, 0x00000007c0000000)
  eden space 35840K, 0% used [0x00000007b9c00000,0x00000007b9c00000,0x00000007bbf00000)
  from space 33280K, 98% used [0x00000007bbf00000,0x00000007bdf20000,0x00000007bdf80000)
  to   space 33280K, 0% used [0x00000007bdf80000,0x00000007bdf80000,0x00000007c0000000)
 ParOldGen       total 161280K, used 35463K [0x00000006c1800000, 0x00000006cb580000, 0x00000007b9c00000)
  object space 161280K, 21% used [0x00000006c1800000,0x00000006c3aa1e80,0x00000006cb580000)
 Metaspace       used 2707K, capacity 4486K, committed 4864K, reserved 1056768K
  class space    used 302K, capacity 386K, committed 512K, reserved 1048576K
}
{Heap before GC invocations=787 (full 1):
 PSYoungGen      total 69120K, used 68736K [0x00000007b9c00000, 0x00000007c0000000, 0x00000007c0000000)
  eden space 35840K, 100% used [0x00000007b9c00000,0x00000007bbf00000,0x00000007bbf00000)
  from space 33280K, 98% used [0x00000007bbf00000,0x00000007bdf20000,0x00000007bdf80000)
  to   space 33280K, 0% used [0x00000007bdf80000,0x00000007bdf80000,0x00000007c0000000)
 ParOldGen       total 161280K, used 35463K [0x00000006c1800000, 0x00000006cb580000, 0x00000007b9c00000)
  object space 161280K, 21% used [0x00000006c1800000,0x00000006c3aa1e80,0x00000006cb580000)
 Metaspace       used 2707K, capacity 4486K, committed 4864K, reserved 1056768K
  class space    used 302K, capacity 386K, committed 512K, reserved 1048576K
[GC (Allocation Failure)  104199K->68327K(230400K), 0.0304396 secs]
Heap after GC invocations=787 (full 1):
 PSYoungGen      total 69120K, used 32864K [0x00000007b9c00000, 0x00000007c0000000, 0x00000007c0000000)
  eden space 35840K, 0% used [0x00000007b9c00000,0x00000007b9c00000,0x00000007bbf00000)
  from space 33280K, 98% used [0x00000007bdf80000,0x00000007bff98000,0x00000007c0000000)
  to   space 33280K, 0% used [0x00000007bbf00000,0x00000007bbf00000,0x00000007bdf80000)
 ParOldGen       total 161280K, used 35463K [0x00000006c1800000, 0x00000006cb580000, 0x00000007b9c00000)
  object space 161280K, 21% used [0x00000006c1800000,0x00000006c3aa1e80,0x00000006cb580000)
 Metaspace       used 2707K, capacity 4486K, committed 4864K, reserved 1056768K
  class space    used 302K, capacity 386K, committed 512K, reserved 1048576K
}
{Heap before GC invocations=788 (full 1):
 PSYoungGen      total 69120K, used 68704K [0x00000007b9c00000, 0x00000007c0000000, 0x00000007c0000000)
  eden space 35840K, 100% used [0x00000007b9c00000,0x00000007bbf00000,0x00000007bbf00000)
  from space 33280K, 98% used [0x00000007bdf80000,0x00000007bff98000,0x00000007c0000000)
  to   space 33280K, 0% used [0x00000007bbf00000,0x00000007bbf00000,0x00000007bdf80000)
 ParOldGen       total 161280K, used 35463K [0x00000006c1800000, 0x00000006cb580000, 0x00000007b9c00000)
  object space 161280K, 21% used [0x00000006c1800000,0x00000006c3aa1e80,0x00000006cb580000)
 Metaspace       used 2707K, capacity 4486K, committed 4864K, reserved 1056768K
  class space    used 302K, capacity 386K, committed 512K, reserved 1048576K
[GC (Allocation Failure)  104167K->68359K(230400K), 0.0337391 secs]
Heap after GC invocations=788 (full 1):
 PSYoungGen      total 69120K, used 32896K [0x00000007b9c00000, 0x00000007c0000000, 0x00000007c0000000)
  eden space 35840K, 0% used [0x00000007b9c00000,0x00000007b9c00000,0x00000007bbf00000)
  from space 33280K, 98% used [0x00000007bbf00000,0x00000007bdf20000,0x00000007bdf80000)
  to   space 33280K, 0% used [0x00000007bdf80000,0x00000007bdf80000,0x00000007c0000000)
 ParOldGen       total 161280K, used 35463K [0x00000006c1800000, 0x00000006cb580000, 0x00000007b9c00000)
  object space 161280K, 21% used [0x00000006c1800000,0x00000006c3aa1e80,0x00000006cb580000)
 Metaspace       used 2707K, capacity 4486K, committed 4864K, reserved 1056768K
  class space    used 302K, capacity 386K, committed 512K, reserved 1048576K
}
{Heap before GC invocations=789 (full 1):
 PSYoungGen      total 69120K, used 68736K [0x00000007b9c00000, 0x00000007c0000000, 0x00000007c0000000)
  eden space 35840K, 100% used [0x00000007b9c00000,0x00000007bbf00000,0x00000007bbf00000)
  from space 33280K, 98% used [0x00000007bbf00000,0x00000007bdf20000,0x00000007bdf80000)
  to   space 33280K, 0% used [0x00000007bdf80000,0x00000007bdf80000,0x00000007c0000000)
 ParOldGen       total 161280K, used 35463K [0x00000006c1800000, 0x00000006cb580000, 0x00000007b9c00000)
  object space 161280K, 21% used [0x00000006c1800000,0x00000006c3aa1e80,0x00000006cb580000)
 Metaspace       used 2707K, capacity 4486K, committed 4864K, reserved 1056768K
  class space    used 302K, capacity 386K, committed 512K, reserved 1048576K
[GC (Allocation Failure)  104199K->68359K(230400K), 0.0313563 secs]
Heap after GC invocations=789 (full 1):
 PSYoungGen      total 69120K, used 32896K [0x00000007b9c00000, 0x00000007c0000000, 0x00000007c0000000)
  eden space 35840K, 0% used [0x00000007b9c00000,0x00000007b9c00000,0x00000007bbf00000)
  from space 33280K, 98% used [0x00000007bdf80000,0x00000007bffa0000,0x00000007c0000000)
  to   space 33280K, 0% used [0x00000007bbf00000,0x00000007bbf00000,0x00000007bdf80000)
 ParOldGen       total 161280K, used 35463K [0x00000006c1800000, 0x00000006cb580000, 0x00000007b9c00000)
  object space 161280K, 21% used [0x00000006c1800000,0x00000006c3aa1e80,0x00000006cb580000)
 Metaspace       used 2707K, capacity 4486K, committed 4864K, reserved 1056768K
  class space    used 302K, capacity 386K, committed 512K, reserved 1048576K
}
{Heap before GC invocations=790 (full 1):
 PSYoungGen      total 69120K, used 68736K [0x00000007b9c00000, 0x00000007c0000000, 0x00000007c0000000)
  eden space 35840K, 100% used [0x00000007b9c00000,0x00000007bbf00000,0x00000007bbf00000)
  from space 33280K, 98% used [0x00000007bdf80000,0x00000007bffa0000,0x00000007c0000000)
  to   space 33280K, 0% used [0x00000007bbf00000,0x00000007bbf00000,0x00000007bdf80000)
 ParOldGen       total 161280K, used 35463K [0x00000006c1800000, 0x00000006cb580000, 0x00000007b9c00000)
  object space 161280K, 21% used [0x00000006c1800000,0x00000006c3aa1e80,0x00000006cb580000)
 Metaspace       used 2707K, capacity 4486K, committed 4864K, reserved 1056768K
  class space    used 302K, capacity 386K, committed 512K, reserved 1048576K
[GC (Allocation Failure)  104199K->68359K(230400K), 0.0331067 secs]
Heap after GC invocations=790 (full 1):
 PSYoungGen      total 69120K, used 32896K [0x00000007b9c00000, 0x00000007c0000000, 0x00000007c0000000)
  eden space 35840K, 0% used [0x00000007b9c00000,0x00000007b9c00000,0x00000007bbf00000)
  from space 33280K, 98% used [0x00000007bbf00000,0x00000007bdf20000,0x00000007bdf80000)
  to   space 33280K, 0% used [0x00000007bdf80000,0x00000007bdf80000,0x00000007c0000000)
 ParOldGen       total 161280K, used 35463K [0x00000006c1800000, 0x00000006cb580000, 0x00000007b9c00000)
  object space 161280K, 21% used [0x00000006c1800000,0x00000006c3aa1e80,0x00000006cb580000)
 Metaspace       used 2707K, capacity 4486K, committed 4864K, reserved 1056768K
  class space    used 302K, capacity 386K, committed 512K, reserved 1048576K
}
{Heap before GC invocations=791 (full 1):
 PSYoungGen      total 69120K, used 68736K [0x00000007b9c00000, 0x00000007c0000000, 0x00000007c0000000)
  eden space 35840K, 100% used [0x00000007b9c00000,0x00000007bbf00000,0x00000007bbf00000)
  from space 33280K, 98% used [0x00000007bbf00000,0x00000007bdf20000,0x00000007bdf80000)
  to   space 33280K, 0% used [0x00000007bdf80000,0x00000007bdf80000,0x00000007c0000000)
 ParOldGen       total 161280K, used 35463K [0x00000006c1800000, 0x00000006cb580000, 0x00000007b9c00000)
  object space 161280K, 21% used [0x00000006c1800000,0x00000006c3aa1e80,0x00000006cb580000)
 Metaspace       used 2707K, capacity 4486K, committed 4864K, reserved 1056768K
  class space    used 302K, capacity 386K, committed 512K, reserved 1048576K
[GC (Allocation Failure)  104199K->68391K(230400K), 0.0337780 secs]
Heap after GC invocations=791 (full 1):
 PSYoungGen      total 69120K, used 32928K [0x00000007b9c00000, 0x00000007c0000000, 0x00000007c0000000)
  eden space 35840K, 0% used [0x00000007b9c00000,0x00000007b9c00000,0x00000007bbf00000)
  from space 33280K, 98% used [0x00000007bdf80000,0x00000007bffa8000,0x00000007c0000000)
  to   space 33280K, 0% used [0x00000007bbf00000,0x00000007bbf00000,0x00000007bdf80000)
 ParOldGen       total 161280K, used 35463K [0x00000006c1800000, 0x00000006cb580000, 0x00000007b9c00000)
  object space 161280K, 21% used [0x00000006c1800000,0x00000006c3aa1e80,0x00000006cb580000)
 Metaspace       used 2707K, capacity 4486K, committed 4864K, reserved 1056768K
  class space    used 302K, capacity 386K, committed 512K, reserved 1048576K
}
{Heap before GC invocations=792 (full 1):
 PSYoungGen      total 69120K, used 68768K [0x00000007b9c00000, 0x00000007c0000000, 0x00000007c0000000)
  eden space 35840K, 100% used [0x00000007b9c00000,0x00000007bbf00000,0x00000007bbf00000)
  from space 33280K, 98% used [0x00000007bdf80000,0x00000007bffa8000,0x00000007c0000000)
  to   space 33280K, 0% used [0x00000007bbf00000,0x00000007bbf00000,0x00000007bdf80000)
 ParOldGen       total 161280K, used 35463K [0x00000006c1800000, 0x00000006cb580000, 0x00000007b9c00000)
  object space 161280K, 21% used [0x00000006c1800000,0x00000006c3aa1e80,0x00000006cb580000)
 Metaspace       used 2707K, capacity 4486K, committed 4864K, reserved 1056768K
  class space    used 302K, capacity 386K, committed 512K, reserved 1048576K
[GC (Allocation Failure)  104231K->68359K(230400K), 0.0346908 secs]
Heap after GC invocations=792 (full 1):
 PSYoungGen      total 69120K, used 32896K [0x00000007b9c00000, 0x00000007c0000000, 0x00000007c0000000)
  eden space 35840K, 0% used [0x00000007b9c00000,0x00000007b9c00000,0x00000007bbf00000)
  from space 33280K, 98% used [0x00000007bbf00000,0x00000007bdf20000,0x00000007bdf80000)
  to   space 33280K, 0% used [0x00000007bdf80000,0x00000007bdf80000,0x00000007c0000000)
 ParOldGen       total 161280K, used 35463K [0x00000006c1800000, 0x00000006cb580000, 0x00000007b9c00000)
  object space 161280K, 21% used [0x00000006c1800000,0x00000006c3aa1e80,0x00000006cb580000)
 Metaspace       used 2707K, capacity 4486K, committed 4864K, reserved 1056768K
  class space    used 302K, capacity 386K, committed 512K, reserved 1048576K
}
{Heap before GC invocations=793 (full 1):
 PSYoungGen      total 69120K, used 68736K [0x00000007b9c00000, 0x00000007c0000000, 0x00000007c0000000)
  eden space 35840K, 100% used [0x00000007b9c00000,0x00000007bbf00000,0x00000007bbf00000)
  from space 33280K, 98% used [0x00000007bbf00000,0x00000007bdf20000,0x00000007bdf80000)
  to   space 33280K, 0% used [0x00000007bdf80000,0x00000007bdf80000,0x00000007c0000000)
 ParOldGen       total 161280K, used 35463K [0x00000006c1800000, 0x00000006cb580000, 0x00000007b9c00000)
  object space 161280K, 21% used [0x00000006c1800000,0x00000006c3aa1e80,0x00000006cb580000)
 Metaspace       used 2707K, capacity 4486K, committed 4864K, reserved 1056768K
  class space    used 302K, capacity 386K, committed 512K, reserved 1048576K
[GC (Allocation Failure)  104199K->68359K(230400K), 0.0314813 secs]
Heap after GC invocations=793 (full 1):
 PSYoungGen      total 69120K, used 32896K [0x00000007b9c00000, 0x00000007c0000000, 0x00000007c0000000)
  eden space 35840K, 0% used [0x00000007b9c00000,0x00000007b9c00000,0x00000007bbf00000)
  from space 33280K, 98% used [0x00000007bdf80000,0x00000007bffa0000,0x00000007c0000000)
  to   space 33280K, 0% used [0x00000007bbf00000,0x00000007bbf00000,0x00000007bdf80000)
 ParOldGen       total 161280K, used 35463K [0x00000006c1800000, 0x00000006cb580000, 0x00000007b9c00000)
  object space 161280K, 21% used [0x00000006c1800000,0x00000006c3aa1e80,0x00000006cb580000)
 Metaspace       used 2707K, capacity 4486K, committed 4864K, reserved 1056768K
  class space    used 302K, capacity 386K, committed 512K, reserved 1048576K
}
{Heap before GC invocations=794 (full 1):
 PSYoungGen      total 69120K, used 68736K [0x00000007b9c00000, 0x00000007c0000000, 0x00000007c0000000)
  eden space 35840K, 100% used [0x00000007b9c00000,0x00000007bbf00000,0x00000007bbf00000)
  from space 33280K, 98% used [0x00000007bdf80000,0x00000007bffa0000,0x00000007c0000000)
  to   space 33280K, 0% used [0x00000007bbf00000,0x00000007bbf00000,0x00000007bdf80000)
 ParOldGen       total 161280K, used 35463K [0x00000006c1800000, 0x00000006cb580000, 0x00000007b9c00000)
  object space 161280K, 21% used [0x00000006c1800000,0x00000006c3aa1e80,0x00000006cb580000)
 Metaspace       used 2707K, capacity 4486K, committed 4864K, reserved 1056768K
  class space    used 302K, capacity 386K, committed 512K, reserved 1048576K
[GC (Allocation Failure)  104199K->68359K(230400K), 0.0339244 secs]
Heap after GC invocations=794 (full 1):
 PSYoungGen      total 69120K, used 32896K [0x00000007b9c00000, 0x00000007c0000000, 0x00000007c0000000)
  eden space 35840K, 0% used [0x00000007b9c00000,0x00000007b9c00000,0x00000007bbf00000)
  from space 33280K, 98% used [0x00000007bbf00000,0x00000007bdf20000,0x00000007bdf80000)
  to   space 33280K, 0% used [0x00000007bdf80000,0x00000007bdf80000,0x00000007c0000000)
 ParOldGen       total 161280K, used 35463K [0x00000006c1800000, 0x00000006cb580000, 0x00000007b9c00000)
  object space 161280K, 21% used [0x00000006c1800000,0x00000006c3aa1e80,0x00000006cb580000)
 Metaspace       used 2707K, capacity 4486K, committed 4864K, reserved 1056768K
  class space    used 302K, capacity 386K, committed 512K, reserved 1048576K
}
{Heap before GC invocations=795 (full 1):
 PSYoungGen      total 69120K, used 68736K [0x00000007b9c00000, 0x00000007c0000000, 0x00000007c0000000)
  eden space 35840K, 100% used [0x00000007b9c00000,0x00000007bbf00000,0x00000007bbf00000)
  from space 33280K, 98% used [0x00000007bbf00000,0x00000007bdf20000,0x00000007bdf80000)
  to   space 33280K, 0% used [0x00000007bdf80000,0x00000007bdf80000,0x00000007c0000000)
 ParOldGen       total 161280K, used 35463K [0x00000006c1800000, 0x00000006cb580000, 0x00000007b9c00000)
  object space 161280K, 21% used [0x00000006c1800000,0x00000006c3aa1e80,0x00000006cb580000)
 Metaspace       used 2707K, capacity 4486K, committed 4864K, reserved 1056768K
  class space    used 302K, capacity 386K, committed 512K, reserved 1048576K
[GC (Allocation Failure)  104199K->68359K(230400K), 0.0326875 secs]
Heap after GC invocations=795 (full 1):
 PSYoungGen      total 69120K, used 32896K [0x00000007b9c00000, 0x00000007c0000000, 0x00000007c0000000)
  eden space 35840K, 0% used [0x00000007b9c00000,0x00000007b9c00000,0x00000007bbf00000)
  from space 33280K, 98% used [0x00000007bdf80000,0x00000007bffa0000,0x00000007c0000000)
  to   space 33280K, 0% used [0x00000007bbf00000,0x00000007bbf00000,0x00000007bdf80000)
 ParOldGen       total 161280K, used 35463K [0x00000006c1800000, 0x00000006cb580000, 0x00000007b9c00000)
  object space 161280K, 21% used [0x00000006c1800000,0x00000006c3aa1e80,0x00000006cb580000)
 Metaspace       used 2707K, capacity 4486K, committed 4864K, reserved 1056768K
  class space    used 302K, capacity 386K, committed 512K, reserved 1048576K
}
{Heap before GC invocations=796 (full 1):
 PSYoungGen      total 69120K, used 68736K [0x00000007b9c00000, 0x00000007c0000000, 0x00000007c0000000)
  eden space 35840K, 100% used [0x00000007b9c00000,0x00000007bbf00000,0x00000007bbf00000)
  from space 33280K, 98% used [0x00000007bdf80000,0x00000007bffa0000,0x00000007c0000000)
  to   space 33280K, 0% used [0x00000007bbf00000,0x00000007bbf00000,0x00000007bdf80000)
 ParOldGen       total 161280K, used 35463K [0x00000006c1800000, 0x00000006cb580000, 0x00000007b9c00000)
  object space 161280K, 21% used [0x00000006c1800000,0x00000006c3aa1e80,0x00000006cb580000)
 Metaspace       used 2707K, capacity 4486K, committed 4864K, reserved 1056768K
  class space    used 302K, capacity 386K, committed 512K, reserved 1048576K
[GC (Allocation Failure)  104199K->68359K(230400K), 0.0336367 secs]
Heap after GC invocations=796 (full 1):
 PSYoungGen      total 69120K, used 32896K [0x00000007b9c00000, 0x00000007c0000000, 0x00000007c0000000)
  eden space 35840K, 0% used [0x00000007b9c00000,0x00000007b9c00000,0x00000007bbf00000)
  from space 33280K, 98% used [0x00000007bbf00000,0x00000007bdf20000,0x00000007bdf80000)
  to   space 33280K, 0% used [0x00000007bdf80000,0x00000007bdf80000,0x00000007c0000000)
 ParOldGen       total 161280K, used 35463K [0x00000006c1800000, 0x00000006cb580000, 0x00000007b9c00000)
  object space 161280K, 21% used [0x00000006c1800000,0x00000006c3aa1e80,0x00000006cb580000)
 Metaspace       used 2707K, capacity 4486K, committed 4864K, reserved 1056768K
  class space    used 302K, capacity 386K, committed 512K, reserved 1048576K
}
{Heap before GC invocations=797 (full 1):
 PSYoungGen      total 69120K, used 68736K [0x00000007b9c00000, 0x00000007c0000000, 0x00000007c0000000)
  eden space 35840K, 100% used [0x00000007b9c00000,0x00000007bbf00000,0x00000007bbf00000)
  from space 33280K, 98% used [0x00000007bbf00000,0x00000007bdf20000,0x00000007bdf80000)
  to   space 33280K, 0% used [0x00000007bdf80000,0x00000007bdf80000,0x00000007c0000000)
 ParOldGen       total 161280K, used 35463K [0x00000006c1800000, 0x00000006cb580000, 0x00000007b9c00000)
  object space 161280K, 21% used [0x00000006c1800000,0x00000006c3aa1e80,0x00000006cb580000)
 Metaspace       used 2707K, capacity 4486K, committed 4864K, reserved 1056768K
  class space    used 302K, capacity 386K, committed 512K, reserved 1048576K
[GC (Allocation Failure)  104199K->68391K(230400K), 0.0327646 secs]
Heap after GC invocations=797 (full 1):
 PSYoungGen      total 69120K, used 32928K [0x00000007b9c00000, 0x00000007c0000000, 0x00000007c0000000)
  eden space 35840K, 0% used [0x00000007b9c00000,0x00000007b9c00000,0x00000007bbf00000)
  from space 33280K, 98% used [0x00000007bdf80000,0x00000007bffa8000,0x00000007c0000000)
  to   space 33280K, 0% used [0x00000007bbf00000,0x00000007bbf00000,0x00000007bdf80000)
 ParOldGen       total 161280K, used 35463K [0x00000006c1800000, 0x00000006cb580000, 0x00000007b9c00000)
  object space 161280K, 21% used [0x00000006c1800000,0x00000006c3aa1e80,0x00000006cb580000)
 Metaspace       used 2707K, capacity 4486K, committed 4864K, reserved 1056768K
  class space    used 302K, capacity 386K, committed 512K, reserved 1048576K
}
{Heap before GC invocations=798 (full 1):
 PSYoungGen      total 69120K, used 68768K [0x00000007b9c00000, 0x00000007c0000000, 0x00000007c0000000)
  eden space 35840K, 100% used [0x00000007b9c00000,0x00000007bbf00000,0x00000007bbf00000)
  from space 33280K, 98% used [0x00000007bdf80000,0x00000007bffa8000,0x00000007c0000000)
  to   space 33280K, 0% used [0x00000007bbf00000,0x00000007bbf00000,0x00000007bdf80000)
 ParOldGen       total 161280K, used 35463K [0x00000006c1800000, 0x00000006cb580000, 0x00000007b9c00000)
  object space 161280K, 21% used [0x00000006c1800000,0x00000006c3aa1e80,0x00000006cb580000)
 Metaspace       used 2707K, capacity 4486K, committed 4864K, reserved 1056768K
  class space    used 302K, capacity 386K, committed 512K, reserved 1048576K
[GC (Allocation Failure)  104231K->68327K(230400K), 0.0316431 secs]
Heap after GC invocations=798 (full 1):
 PSYoungGen      total 69120K, used 32864K [0x00000007b9c00000, 0x00000007c0000000, 0x00000007c0000000)
  eden space 35840K, 0% used [0x00000007b9c00000,0x00000007b9c00000,0x00000007bbf00000)
  from space 33280K, 98% used [0x00000007bbf00000,0x00000007bdf18000,0x00000007bdf80000)
  to   space 33280K, 0% used [0x00000007bdf80000,0x00000007bdf80000,0x00000007c0000000)
 ParOldGen       total 161280K, used 35463K [0x00000006c1800000, 0x00000006cb580000, 0x00000007b9c00000)
  object space 161280K, 21% used [0x00000006c1800000,0x00000006c3aa1e80,0x00000006cb580000)
 Metaspace       used 2707K, capacity 4486K, committed 4864K, reserved 1056768K
  class space    used 302K, capacity 386K, committed 512K, reserved 1048576K
}
{Heap before GC invocations=799 (full 1):
 PSYoungGen      total 69120K, used 68704K [0x00000007b9c00000, 0x00000007c0000000, 0x00000007c0000000)
  eden space 35840K, 100% used [0x00000007b9c00000,0x00000007bbf00000,0x00000007bbf00000)
  from space 33280K, 98% used [0x00000007bbf00000,0x00000007bdf18000,0x00000007bdf80000)
  to   space 33280K, 0% used [0x00000007bdf80000,0x00000007bdf80000,0x00000007c0000000)
 ParOldGen       total 161280K, used 35463K [0x00000006c1800000, 0x00000006cb580000, 0x00000007b9c00000)
  object space 161280K, 21% used [0x00000006c1800000,0x00000006c3aa1e80,0x00000006cb580000)
 Metaspace       used 2707K, capacity 4486K, committed 4864K, reserved 1056768K
  class space    used 302K, capacity 386K, committed 512K, reserved 1048576K
[GC (Allocation Failure)  104167K->68359K(230400K), 0.0311516 secs]
Heap after GC invocations=799 (full 1):
 PSYoungGen      total 69120K, used 32896K [0x00000007b9c00000, 0x00000007c0000000, 0x00000007c0000000)
  eden space 35840K, 0% used [0x00000007b9c00000,0x00000007b9c00000,0x00000007bbf00000)
  from space 33280K, 98% used [0x00000007bdf80000,0x00000007bffa0000,0x00000007c0000000)
  to   space 33280K, 0% used [0x00000007bbf00000,0x00000007bbf00000,0x00000007bdf80000)
 ParOldGen       total 161280K, used 35463K [0x00000006c1800000, 0x00000006cb580000, 0x00000007b9c00000)
  object space 161280K, 21% used [0x00000006c1800000,0x00000006c3aa1e80,0x00000006cb580000)
 Metaspace       used 2707K, capacity 4486K, committed 4864K, reserved 1056768K
  class space    used 302K, capacity 386K, committed 512K, reserved 1048576K
}
{Heap before GC invocations=800 (full 1):
 PSYoungGen      total 69120K, used 68736K [0x00000007b9c00000, 0x00000007c0000000, 0x00000007c0000000)
  eden space 35840K, 100% used [0x00000007b9c00000,0x00000007bbf00000,0x00000007bbf00000)
  from space 33280K, 98% used [0x00000007bdf80000,0x00000007bffa0000,0x00000007c0000000)
  to   space 33280K, 0% used [0x00000007bbf00000,0x00000007bbf00000,0x00000007bdf80000)
 ParOldGen       total 161280K, used 35463K [0x00000006c1800000, 0x00000006cb580000, 0x00000007b9c00000)
  object space 161280K, 21% used [0x00000006c1800000,0x00000006c3aa1e80,0x00000006cb580000)
 Metaspace       used 2707K, capacity 4486K, committed 4864K, reserved 1056768K
  class space    used 302K, capacity 386K, committed 512K, reserved 1048576K
[GC (Allocation Failure)  104199K->68359K(230400K), 0.0316176 secs]
Heap after GC invocations=800 (full 1):
 PSYoungGen      total 69120K, used 32896K [0x00000007b9c00000, 0x00000007c0000000, 0x00000007c0000000)
  eden space 35840K, 0% used [0x00000007b9c00000,0x00000007b9c00000,0x00000007bbf00000)
  from space 33280K, 98% used [0x00000007bbf00000,0x00000007bdf20000,0x00000007bdf80000)
  to   space 33280K, 0% used [0x00000007bdf80000,0x00000007bdf80000,0x00000007c0000000)
 ParOldGen       total 161280K, used 35463K [0x00000006c1800000, 0x00000006cb580000, 0x00000007b9c00000)
  object space 161280K, 21% used [0x00000006c1800000,0x00000006c3aa1e80,0x00000006cb580000)
 Metaspace       used 2707K, capacity 4486K, committed 4864K, reserved 1056768K
  class space    used 302K, capacity 386K, committed 512K, reserved 1048576K
}
{Heap before GC invocations=801 (full 1):
 PSYoungGen      total 69120K, used 68736K [0x00000007b9c00000, 0x00000007c0000000, 0x00000007c0000000)
  eden space 35840K, 100% used [0x00000007b9c00000,0x00000007bbf00000,0x00000007bbf00000)
  from space 33280K, 98% used [0x00000007bbf00000,0x00000007bdf20000,0x00000007bdf80000)
  to   space 33280K, 0% used [0x00000007bdf80000,0x00000007bdf80000,0x00000007c0000000)
 ParOldGen       total 161280K, used 35463K [0x00000006c1800000, 0x00000006cb580000, 0x00000007b9c00000)
  object space 161280K, 21% used [0x00000006c1800000,0x00000006c3aa1e80,0x00000006cb580000)
 Metaspace       used 2707K, capacity 4486K, committed 4864K, reserved 1056768K
  class space    used 302K, capacity 386K, committed 512K, reserved 1048576K
[GC (Allocation Failure)  104199K->68359K(230400K), 0.0322902 secs]
Heap after GC invocations=801 (full 1):
 PSYoungGen      total 69120K, used 32896K [0x00000007b9c00000, 0x00000007c0000000, 0x00000007c0000000)
  eden space 35840K, 0% used [0x00000007b9c00000,0x00000007b9c00000,0x00000007bbf00000)
  from space 33280K, 98% used [0x00000007bdf80000,0x00000007bffa0000,0x00000007c0000000)
  to   space 33280K, 0% used [0x00000007bbf00000,0x00000007bbf00000,0x00000007bdf80000)
 ParOldGen       total 161280K, used 35463K [0x00000006c1800000, 0x00000006cb580000, 0x00000007b9c00000)
  object space 161280K, 21% used [0x00000006c1800000,0x00000006c3aa1e80,0x00000006cb580000)
 Metaspace       used 2707K, capacity 4486K, committed 4864K, reserved 1056768K
  class space    used 302K, capacity 386K, committed 512K, reserved 1048576K
}
{Heap before GC invocations=802 (full 1):
 PSYoungGen      total 69120K, used 68736K [0x00000007b9c00000, 0x00000007c0000000, 0x00000007c0000000)
  eden space 35840K, 100% used [0x00000007b9c00000,0x00000007bbf00000,0x00000007bbf00000)
  from space 33280K, 98% used [0x00000007bdf80000,0x00000007bffa0000,0x00000007c0000000)
  to   space 33280K, 0% used [0x00000007bbf00000,0x00000007bbf00000,0x00000007bdf80000)
 ParOldGen       total 161280K, used 35463K [0x00000006c1800000, 0x00000006cb580000, 0x00000007b9c00000)
  object space 161280K, 21% used [0x00000006c1800000,0x00000006c3aa1e80,0x00000006cb580000)
 Metaspace       used 2707K, capacity 4486K, committed 4864K, reserved 1056768K
  class space    used 302K, capacity 386K, committed 512K, reserved 1048576K
[GC (Allocation Failure)  104199K->68391K(230400K), 0.0364012 secs]
Heap after GC invocations=802 (full 1):
 PSYoungGen      total 69120K, used 32928K [0x00000007b9c00000, 0x00000007c0000000, 0x00000007c0000000)
  eden space 35840K, 0% used [0x00000007b9c00000,0x00000007b9c00000,0x00000007bbf00000)
  from space 33280K, 98% used [0x00000007bbf00000,0x00000007bdf28000,0x00000007bdf80000)
  to   space 33280K, 0% used [0x00000007bdf80000,0x00000007bdf80000,0x00000007c0000000)
 ParOldGen       total 161280K, used 35463K [0x00000006c1800000, 0x00000006cb580000, 0x00000007b9c00000)
  object space 161280K, 21% used [0x00000006c1800000,0x00000006c3aa1e80,0x00000006cb580000)
 Metaspace       used 2707K, capacity 4486K, committed 4864K, reserved 1056768K
  class space    used 302K, capacity 386K, committed 512K, reserved 1048576K
}
{Heap before GC invocations=803 (full 1):
 PSYoungGen      total 69120K, used 68768K [0x00000007b9c00000, 0x00000007c0000000, 0x00000007c0000000)
  eden space 35840K, 100% used [0x00000007b9c00000,0x00000007bbf00000,0x00000007bbf00000)
  from space 33280K, 98% used [0x00000007bbf00000,0x00000007bdf28000,0x00000007bdf80000)
  to   space 33280K, 0% used [0x00000007bdf80000,0x00000007bdf80000,0x00000007c0000000)
 ParOldGen       total 161280K, used 35463K [0x00000006c1800000, 0x00000006cb580000, 0x00000007b9c00000)
  object space 161280K, 21% used [0x00000006c1800000,0x00000006c3aa1e80,0x00000006cb580000)
 Metaspace       used 2707K, capacity 4486K, committed 4864K, reserved 1056768K
  class space    used 302K, capacity 386K, committed 512K, reserved 1048576K
[GC (Allocation Failure)  104231K->68359K(230400K), 0.0380497 secs]
Heap after GC invocations=803 (full 1):
 PSYoungGen      total 69120K, used 32896K [0x00000007b9c00000, 0x00000007c0000000, 0x00000007c0000000)
  eden space 35840K, 0% used [0x00000007b9c00000,0x00000007b9c00000,0x00000007bbf00000)
  from space 33280K, 98% used [0x00000007bdf80000,0x00000007bffa0000,0x00000007c0000000)
  to   space 33280K, 0% used [0x00000007bbf00000,0x00000007bbf00000,0x00000007bdf80000)
 ParOldGen       total 161280K, used 35463K [0x00000006c1800000, 0x00000006cb580000, 0x00000007b9c00000)
  object space 161280K, 21% used [0x00000006c1800000,0x00000006c3aa1e80,0x00000006cb580000)
 Metaspace       used 2707K, capacity 4486K, committed 4864K, reserved 1056768K
  class space    used 302K, capacity 386K, committed 512K, reserved 1048576K
}
{Heap before GC invocations=804 (full 1):
 PSYoungGen      total 69120K, used 68736K [0x00000007b9c00000, 0x00000007c0000000, 0x00000007c0000000)
  eden space 35840K, 100% used [0x00000007b9c00000,0x00000007bbf00000,0x00000007bbf00000)
  from space 33280K, 98% used [0x00000007bdf80000,0x00000007bffa0000,0x00000007c0000000)
  to   space 33280K, 0% used [0x00000007bbf00000,0x00000007bbf00000,0x00000007bdf80000)
 ParOldGen       total 161280K, used 35463K [0x00000006c1800000, 0x00000006cb580000, 0x00000007b9c00000)
  object space 161280K, 21% used [0x00000006c1800000,0x00000006c3aa1e80,0x00000006cb580000)
 Metaspace       used 2707K, capacity 4486K, committed 4864K, reserved 1056768K
  class space    used 302K, capacity 386K, committed 512K, reserved 1048576K
[GC (Allocation Failure)  104199K->68359K(230400K), 0.0353534 secs]
Heap after GC invocations=804 (full 1):
 PSYoungGen      total 69120K, used 32896K [0x00000007b9c00000, 0x00000007c0000000, 0x00000007c0000000)
  eden space 35840K, 0% used [0x00000007b9c00000,0x00000007b9c00000,0x00000007bbf00000)
  from space 33280K, 98% used [0x00000007bbf00000,0x00000007bdf20000,0x00000007bdf80000)
  to   space 33280K, 0% used [0x00000007bdf80000,0x00000007bdf80000,0x00000007c0000000)
 ParOldGen       total 161280K, used 35463K [0x00000006c1800000, 0x00000006cb580000, 0x00000007b9c00000)
  object space 161280K, 21% used [0x00000006c1800000,0x00000006c3aa1e80,0x00000006cb580000)
 Metaspace       used 2707K, capacity 4486K, committed 4864K, reserved 1056768K
  class space    used 302K, capacity 386K, committed 512K, reserved 1048576K
}
{Heap before GC invocations=805 (full 1):
 PSYoungGen      total 69120K, used 68736K [0x00000007b9c00000, 0x00000007c0000000, 0x00000007c0000000)
  eden space 35840K, 100% used [0x00000007b9c00000,0x00000007bbf00000,0x00000007bbf00000)
  from space 33280K, 98% used [0x00000007bbf00000,0x00000007bdf20000,0x00000007bdf80000)
  to   space 33280K, 0% used [0x00000007bdf80000,0x00000007bdf80000,0x00000007c0000000)
 ParOldGen       total 161280K, used 35463K [0x00000006c1800000, 0x00000006cb580000, 0x00000007b9c00000)
  object space 161280K, 21% used [0x00000006c1800000,0x00000006c3aa1e80,0x00000006cb580000)
 Metaspace       used 2707K, capacity 4486K, committed 4864K, reserved 1056768K
  class space    used 302K, capacity 386K, committed 512K, reserved 1048576K
[GC (Allocation Failure)  104199K->68359K(230400K), 0.0315521 secs]
Heap after GC invocations=805 (full 1):
 PSYoungGen      total 69120K, used 32896K [0x00000007b9c00000, 0x00000007c0000000, 0x00000007c0000000)
  eden space 35840K, 0% used [0x00000007b9c00000,0x00000007b9c00000,0x00000007bbf00000)
  from space 33280K, 98% used [0x00000007bdf80000,0x00000007bffa0000,0x00000007c0000000)
  to   space 33280K, 0% used [0x00000007bbf00000,0x00000007bbf00000,0x00000007bdf80000)
 ParOldGen       total 161280K, used 35463K [0x00000006c1800000, 0x00000006cb580000, 0x00000007b9c00000)
  object space 161280K, 21% used [0x00000006c1800000,0x00000006c3aa1e80,0x00000006cb580000)
 Metaspace       used 2707K, capacity 4486K, committed 4864K, reserved 1056768K
  class space    used 302K, capacity 386K, committed 512K, reserved 1048576K
}
{Heap before GC invocations=806 (full 1):
 PSYoungGen      total 69120K, used 68736K [0x00000007b9c00000, 0x00000007c0000000, 0x00000007c0000000)
  eden space 35840K, 100% used [0x00000007b9c00000,0x00000007bbf00000,0x00000007bbf00000)
  from space 33280K, 98% used [0x00000007bdf80000,0x00000007bffa0000,0x00000007c0000000)
  to   space 33280K, 0% used [0x00000007bbf00000,0x00000007bbf00000,0x00000007bdf80000)
 ParOldGen       total 161280K, used 35463K [0x00000006c1800000, 0x00000006cb580000, 0x00000007b9c00000)
  object space 161280K, 21% used [0x00000006c1800000,0x00000006c3aa1e80,0x00000006cb580000)
 Metaspace       used 2707K, capacity 4486K, committed 4864K, reserved 1056768K
  class space    used 302K, capacity 386K, committed 512K, reserved 1048576K
[GC (Allocation Failure)  104199K->68359K(230400K), 0.0325990 secs]
Heap after GC invocations=806 (full 1):
 PSYoungGen      total 69120K, used 32896K [0x00000007b9c00000, 0x00000007c0000000, 0x00000007c0000000)
  eden space 35840K, 0% used [0x00000007b9c00000,0x00000007b9c00000,0x00000007bbf00000)
  from space 33280K, 98% used [0x00000007bbf00000,0x00000007bdf20000,0x00000007bdf80000)
  to   space 33280K, 0% used [0x00000007bdf80000,0x00000007bdf80000,0x00000007c0000000)
 ParOldGen       total 161280K, used 35463K [0x00000006c1800000, 0x00000006cb580000, 0x00000007b9c00000)
  object space 161280K, 21% used [0x00000006c1800000,0x00000006c3aa1e80,0x00000006cb580000)
 Metaspace       used 2707K, capacity 4486K, committed 4864K, reserved 1056768K
  class space    used 302K, capacity 386K, committed 512K, reserved 1048576K
}
{Heap before GC invocations=807 (full 1):
 PSYoungGen      total 69120K, used 68736K [0x00000007b9c00000, 0x00000007c0000000, 0x00000007c0000000)
  eden space 35840K, 100% used [0x00000007b9c00000,0x00000007bbf00000,0x00000007bbf00000)
  from space 33280K, 98% used [0x00000007bbf00000,0x00000007bdf20000,0x00000007bdf80000)
  to   space 33280K, 0% used [0x00000007bdf80000,0x00000007bdf80000,0x00000007c0000000)
 ParOldGen       total 161280K, used 35463K [0x00000006c1800000, 0x00000006cb580000, 0x00000007b9c00000)
  object space 161280K, 21% used [0x00000006c1800000,0x00000006c3aa1e80,0x00000006cb580000)
 Metaspace       used 2707K, capacity 4486K, committed 4864K, reserved 1056768K
  class space    used 302K, capacity 386K, committed 512K, reserved 1048576K
[GC (Allocation Failure)  104199K->68359K(230400K), 0.0336240 secs]
Heap after GC invocations=807 (full 1):
 PSYoungGen      total 69120K, used 32896K [0x00000007b9c00000, 0x00000007c0000000, 0x00000007c0000000)
  eden space 35840K, 0% used [0x00000007b9c00000,0x00000007b9c00000,0x00000007bbf00000)
  from space 33280K, 98% used [0x00000007bdf80000,0x00000007bffa0000,0x00000007c0000000)
  to   space 33280K, 0% used [0x00000007bbf00000,0x00000007bbf00000,0x00000007bdf80000)
 ParOldGen       total 161280K, used 35463K [0x00000006c1800000, 0x00000006cb580000, 0x00000007b9c00000)
  object space 161280K, 21% used [0x00000006c1800000,0x00000006c3aa1e80,0x00000006cb580000)
 Metaspace       used 2707K, capacity 4486K, committed 4864K, reserved 1056768K
  class space    used 302K, capacity 386K, committed 512K, reserved 1048576K
}
{Heap before GC invocations=808 (full 1):
 PSYoungGen      total 69120K, used 68736K [0x00000007b9c00000, 0x00000007c0000000, 0x00000007c0000000)
  eden space 35840K, 100% used [0x00000007b9c00000,0x00000007bbf00000,0x00000007bbf00000)
  from space 33280K, 98% used [0x00000007bdf80000,0x00000007bffa0000,0x00000007c0000000)
  to   space 33280K, 0% used [0x00000007bbf00000,0x00000007bbf00000,0x00000007bdf80000)
 ParOldGen       total 161280K, used 35463K [0x00000006c1800000, 0x00000006cb580000, 0x00000007b9c00000)
  object space 161280K, 21% used [0x00000006c1800000,0x00000006c3aa1e80,0x00000006cb580000)
 Metaspace       used 2707K, capacity 4486K, committed 4864K, reserved 1056768K
  class space    used 302K, capacity 386K, committed 512K, reserved 1048576K
[GC (Allocation Failure)  104199K->68359K(230400K), 0.0363334 secs]
Heap after GC invocations=808 (full 1):
 PSYoungGen      total 69120K, used 32896K [0x00000007b9c00000, 0x00000007c0000000, 0x00000007c0000000)
  eden space 35840K, 0% used [0x00000007b9c00000,0x00000007b9c00000,0x00000007bbf00000)
  from space 33280K, 98% used [0x00000007bbf00000,0x00000007bdf20000,0x00000007bdf80000)
  to   space 33280K, 0% used [0x00000007bdf80000,0x00000007bdf80000,0x00000007c0000000)
 ParOldGen       total 161280K, used 35463K [0x00000006c1800000, 0x00000006cb580000, 0x00000007b9c00000)
  object space 161280K, 21% used [0x00000006c1800000,0x00000006c3aa1e80,0x00000006cb580000)
 Metaspace       used 2707K, capacity 4486K, committed 4864K, reserved 1056768K
  class space    used 302K, capacity 386K, committed 512K, reserved 1048576K
}
{Heap before GC invocations=809 (full 1):
 PSYoungGen      total 69120K, used 68736K [0x00000007b9c00000, 0x00000007c0000000, 0x00000007c0000000)
  eden space 35840K, 100% used [0x00000007b9c00000,0x00000007bbf00000,0x00000007bbf00000)
  from space 33280K, 98% used [0x00000007bbf00000,0x00000007bdf20000,0x00000007bdf80000)
  to   space 33280K, 0% used [0x00000007bdf80000,0x00000007bdf80000,0x00000007c0000000)
 ParOldGen       total 161280K, used 35463K [0x00000006c1800000, 0x00000006cb580000, 0x00000007b9c00000)
  object space 161280K, 21% used [0x00000006c1800000,0x00000006c3aa1e80,0x00000006cb580000)
 Metaspace       used 2707K, capacity 4486K, committed 4864K, reserved 1056768K
  class space    used 302K, capacity 386K, committed 512K, reserved 1048576K
[GC (Allocation Failure)  104199K->68359K(230400K), 0.0416224 secs]
Heap after GC invocations=809 (full 1):
 PSYoungGen      total 69120K, used 32896K [0x00000007b9c00000, 0x00000007c0000000, 0x00000007c0000000)
  eden space 35840K, 0% used [0x00000007b9c00000,0x00000007b9c00000,0x00000007bbf00000)
  from space 33280K, 98% used [0x00000007bdf80000,0x00000007bffa0000,0x00000007c0000000)
  to   space 33280K, 0% used [0x00000007bbf00000,0x00000007bbf00000,0x00000007bdf80000)
 ParOldGen       total 161280K, used 35463K [0x00000006c1800000, 0x00000006cb580000, 0x00000007b9c00000)
  object space 161280K, 21% used [0x00000006c1800000,0x00000006c3aa1e80,0x00000006cb580000)
 Metaspace       used 2707K, capacity 4486K, committed 4864K, reserved 1056768K
  class space    used 302K, capacity 386K, committed 512K, reserved 1048576K
}
{Heap before GC invocations=810 (full 1):
 PSYoungGen      total 69120K, used 68736K [0x00000007b9c00000, 0x00000007c0000000, 0x00000007c0000000)
  eden space 35840K, 100% used [0x00000007b9c00000,0x00000007bbf00000,0x00000007bbf00000)
  from space 33280K, 98% used [0x00000007bdf80000,0x00000007bffa0000,0x00000007c0000000)
  to   space 33280K, 0% used [0x00000007bbf00000,0x00000007bbf00000,0x00000007bdf80000)
 ParOldGen       total 161280K, used 35463K [0x00000006c1800000, 0x00000006cb580000, 0x00000007b9c00000)
  object space 161280K, 21% used [0x00000006c1800000,0x00000006c3aa1e80,0x00000006cb580000)
 Metaspace       used 2707K, capacity 4486K, committed 4864K, reserved 1056768K
  class space    used 302K, capacity 386K, committed 512K, reserved 1048576K
[GC (Allocation Failure)  104199K->68359K(230400K), 0.0363488 secs]
Heap after GC invocations=810 (full 1):
 PSYoungGen      total 69120K, used 32896K [0x00000007b9c00000, 0x00000007c0000000, 0x00000007c0000000)
  eden space 35840K, 0% used [0x00000007b9c00000,0x00000007b9c00000,0x00000007bbf00000)
  from space 33280K, 98% used [0x00000007bbf00000,0x00000007bdf20000,0x00000007bdf80000)
  to   space 33280K, 0% used [0x00000007bdf80000,0x00000007bdf80000,0x00000007c0000000)
 ParOldGen       total 161280K, used 35463K [0x00000006c1800000, 0x00000006cb580000, 0x00000007b9c00000)
  object space 161280K, 21% used [0x00000006c1800000,0x00000006c3aa1e80,0x00000006cb580000)
 Metaspace       used 2707K, capacity 4486K, committed 4864K, reserved 1056768K
  class space    used 302K, capacity 386K, committed 512K, reserved 1048576K
}
{Heap before GC invocations=811 (full 1):
 PSYoungGen      total 69120K, used 68736K [0x00000007b9c00000, 0x00000007c0000000, 0x00000007c0000000)
  eden space 35840K, 100% used [0x00000007b9c00000,0x00000007bbf00000,0x00000007bbf00000)
  from space 33280K, 98% used [0x00000007bbf00000,0x00000007bdf20000,0x00000007bdf80000)
  to   space 33280K, 0% used [0x00000007bdf80000,0x00000007bdf80000,0x00000007c0000000)
 ParOldGen       total 161280K, used 35463K [0x00000006c1800000, 0x00000006cb580000, 0x00000007b9c00000)
  object space 161280K, 21% used [0x00000006c1800000,0x00000006c3aa1e80,0x00000006cb580000)
 Metaspace       used 2707K, capacity 4486K, committed 4864K, reserved 1056768K
  class space    used 302K, capacity 386K, committed 512K, reserved 1048576K
[GC (Allocation Failure)  104199K->68327K(230400K), 0.0341022 secs]
Heap after GC invocations=811 (full 1):
 PSYoungGen      total 69120K, used 32864K [0x00000007b9c00000, 0x00000007c0000000, 0x00000007c0000000)
  eden space 35840K, 0% used [0x00000007b9c00000,0x00000007b9c00000,0x00000007bbf00000)
  from space 33280K, 98% used [0x00000007bdf80000,0x00000007bff98000,0x00000007c0000000)
  to   space 33280K, 0% used [0x00000007bbf00000,0x00000007bbf00000,0x00000007bdf80000)
 ParOldGen       total 161280K, used 35463K [0x00000006c1800000, 0x00000006cb580000, 0x00000007b9c00000)
  object space 161280K, 21% used [0x00000006c1800000,0x00000006c3aa1e80,0x00000006cb580000)
 Metaspace       used 2707K, capacity 4486K, committed 4864K, reserved 1056768K
  class space    used 302K, capacity 386K, committed 512K, reserved 1048576K
}
{Heap before GC invocations=812 (full 1):
 PSYoungGen      total 69120K, used 68704K [0x00000007b9c00000, 0x00000007c0000000, 0x00000007c0000000)
  eden space 35840K, 100% used [0x00000007b9c00000,0x00000007bbf00000,0x00000007bbf00000)
  from space 33280K, 98% used [0x00000007bdf80000,0x00000007bff98000,0x00000007c0000000)
  to   space 33280K, 0% used [0x00000007bbf00000,0x00000007bbf00000,0x00000007bdf80000)
 ParOldGen       total 161280K, used 35463K [0x00000006c1800000, 0x00000006cb580000, 0x00000007b9c00000)
  object space 161280K, 21% used [0x00000006c1800000,0x00000006c3aa1e80,0x00000006cb580000)
 Metaspace       used 2707K, capacity 4486K, committed 4864K, reserved 1056768K
  class space    used 302K, capacity 386K, committed 512K, reserved 1048576K
[GC (Allocation Failure)  104167K->68359K(230400K), 0.0322139 secs]
Heap after GC invocations=812 (full 1):
 PSYoungGen      total 69120K, used 32896K [0x00000007b9c00000, 0x00000007c0000000, 0x00000007c0000000)
  eden space 35840K, 0% used [0x00000007b9c00000,0x00000007b9c00000,0x00000007bbf00000)
  from space 33280K, 98% used [0x00000007bbf00000,0x00000007bdf20000,0x00000007bdf80000)
  to   space 33280K, 0% used [0x00000007bdf80000,0x00000007bdf80000,0x00000007c0000000)
 ParOldGen       total 161280K, used 35463K [0x00000006c1800000, 0x00000006cb580000, 0x00000007b9c00000)
  object space 161280K, 21% used [0x00000006c1800000,0x00000006c3aa1e80,0x00000006cb580000)
 Metaspace       used 2707K, capacity 4486K, committed 4864K, reserved 1056768K
  class space    used 302K, capacity 386K, committed 512K, reserved 1048576K
}
{Heap before GC invocations=813 (full 1):
 PSYoungGen      total 69120K, used 68736K [0x00000007b9c00000, 0x00000007c0000000, 0x00000007c0000000)
  eden space 35840K, 100% used [0x00000007b9c00000,0x00000007bbf00000,0x00000007bbf00000)
  from space 33280K, 98% used [0x00000007bbf00000,0x00000007bdf20000,0x00000007bdf80000)
  to   space 33280K, 0% used [0x00000007bdf80000,0x00000007bdf80000,0x00000007c0000000)
 ParOldGen       total 161280K, used 35463K [0x00000006c1800000, 0x00000006cb580000, 0x00000007b9c00000)
  object space 161280K, 21% used [0x00000006c1800000,0x00000006c3aa1e80,0x00000006cb580000)
 Metaspace       used 2707K, capacity 4486K, committed 4864K, reserved 1056768K
  class space    used 302K, capacity 386K, committed 512K, reserved 1048576K
[GC (Allocation Failure)  104199K->68327K(230400K), 0.0311618 secs]
Heap after GC invocations=813 (full 1):
 PSYoungGen      total 69120K, used 32864K [0x00000007b9c00000, 0x00000007c0000000, 0x00000007c0000000)
  eden space 35840K, 0% used [0x00000007b9c00000,0x00000007b9c00000,0x00000007bbf00000)
  from space 33280K, 98% used [0x00000007bdf80000,0x00000007bff98000,0x00000007c0000000)
  to   space 33280K, 0% used [0x00000007bbf00000,0x00000007bbf00000,0x00000007bdf80000)
 ParOldGen       total 161280K, used 35463K [0x00000006c1800000, 0x00000006cb580000, 0x00000007b9c00000)
  object space 161280K, 21% used [0x00000006c1800000,0x00000006c3aa1e80,0x00000006cb580000)
 Metaspace       used 2707K, capacity 4486K, committed 4864K, reserved 1056768K
  class space    used 302K, capacity 386K, committed 512K, reserved 1048576K
}
{Heap before GC invocations=814 (full 1):
 PSYoungGen      total 69120K, used 68704K [0x00000007b9c00000, 0x00000007c0000000, 0x00000007c0000000)
  eden space 35840K, 100% used [0x00000007b9c00000,0x00000007bbf00000,0x00000007bbf00000)
  from space 33280K, 98% used [0x00000007bdf80000,0x00000007bff98000,0x00000007c0000000)
  to   space 33280K, 0% used [0x00000007bbf00000,0x00000007bbf00000,0x00000007bdf80000)
 ParOldGen       total 161280K, used 35463K [0x00000006c1800000, 0x00000006cb580000, 0x00000007b9c00000)
  object space 161280K, 21% used [0x00000006c1800000,0x00000006c3aa1e80,0x00000006cb580000)
 Metaspace       used 2707K, capacity 4486K, committed 4864K, reserved 1056768K
  class space    used 302K, capacity 386K, committed 512K, reserved 1048576K
[GC (Allocation Failure)  104167K->68327K(230400K), 0.0312692 secs]
Heap after GC invocations=814 (full 1):
 PSYoungGen      total 69120K, used 32864K [0x00000007b9c00000, 0x00000007c0000000, 0x00000007c0000000)
  eden space 35840K, 0% used [0x00000007b9c00000,0x00000007b9c00000,0x00000007bbf00000)
  from space 33280K, 98% used [0x00000007bbf00000,0x00000007bdf18000,0x00000007bdf80000)
  to   space 33280K, 0% used [0x00000007bdf80000,0x00000007bdf80000,0x00000007c0000000)
 ParOldGen       total 161280K, used 35463K [0x00000006c1800000, 0x00000006cb580000, 0x00000007b9c00000)
  object space 161280K, 21% used [0x00000006c1800000,0x00000006c3aa1e80,0x00000006cb580000)
 Metaspace       used 2707K, capacity 4486K, committed 4864K, reserved 1056768K
  class space    used 302K, capacity 386K, committed 512K, reserved 1048576K
}
{Heap before GC invocations=815 (full 1):
 PSYoungGen      total 69120K, used 68704K [0x00000007b9c00000, 0x00000007c0000000, 0x00000007c0000000)
  eden space 35840K, 100% used [0x00000007b9c00000,0x00000007bbf00000,0x00000007bbf00000)
  from space 33280K, 98% used [0x00000007bbf00000,0x00000007bdf18000,0x00000007bdf80000)
  to   space 33280K, 0% used [0x00000007bdf80000,0x00000007bdf80000,0x00000007c0000000)
 ParOldGen       total 161280K, used 35463K [0x00000006c1800000, 0x00000006cb580000, 0x00000007b9c00000)
  object space 161280K, 21% used [0x00000006c1800000,0x00000006c3aa1e80,0x00000006cb580000)
 Metaspace       used 2707K, capacity 4486K, committed 4864K, reserved 1056768K
  class space    used 302K, capacity 386K, committed 512K, reserved 1048576K
[GC (Allocation Failure)  104167K->68359K(230400K), 0.0332433 secs]
Heap after GC invocations=815 (full 1):
 PSYoungGen      total 69120K, used 32896K [0x00000007b9c00000, 0x00000007c0000000, 0x00000007c0000000)
  eden space 35840K, 0% used [0x00000007b9c00000,0x00000007b9c00000,0x00000007bbf00000)
  from space 33280K, 98% used [0x00000007bdf80000,0x00000007bffa0000,0x00000007c0000000)
  to   space 33280K, 0% used [0x00000007bbf00000,0x00000007bbf00000,0x00000007bdf80000)
 ParOldGen       total 161280K, used 35463K [0x00000006c1800000, 0x00000006cb580000, 0x00000007b9c00000)
  object space 161280K, 21% used [0x00000006c1800000,0x00000006c3aa1e80,0x00000006cb580000)
 Metaspace       used 2707K, capacity 4486K, committed 4864K, reserved 1056768K
  class space    used 302K, capacity 386K, committed 512K, reserved 1048576K
}
{Heap before GC invocations=816 (full 1):
 PSYoungGen      total 69120K, used 68736K [0x00000007b9c00000, 0x00000007c0000000, 0x00000007c0000000)
  eden space 35840K, 100% used [0x00000007b9c00000,0x00000007bbf00000,0x00000007bbf00000)
  from space 33280K, 98% used [0x00000007bdf80000,0x00000007bffa0000,0x00000007c0000000)
  to   space 33280K, 0% used [0x00000007bbf00000,0x00000007bbf00000,0x00000007bdf80000)
 ParOldGen       total 161280K, used 35463K [0x00000006c1800000, 0x00000006cb580000, 0x00000007b9c00000)
  object space 161280K, 21% used [0x00000006c1800000,0x00000006c3aa1e80,0x00000006cb580000)
 Metaspace       used 2707K, capacity 4486K, committed 4864K, reserved 1056768K
  class space    used 302K, capacity 386K, committed 512K, reserved 1048576K
[GC (Allocation Failure)  104199K->68391K(230400K), 0.0327285 secs]
Heap after GC invocations=816 (full 1):
 PSYoungGen      total 69120K, used 32928K [0x00000007b9c00000, 0x00000007c0000000, 0x00000007c0000000)
  eden space 35840K, 0% used [0x00000007b9c00000,0x00000007b9c00000,0x00000007bbf00000)
  from space 33280K, 98% used [0x00000007bbf00000,0x00000007bdf28000,0x00000007bdf80000)
  to   space 33280K, 0% used [0x00000007bdf80000,0x00000007bdf80000,0x00000007c0000000)
 ParOldGen       total 161280K, used 35463K [0x00000006c1800000, 0x00000006cb580000, 0x00000007b9c00000)
  object space 161280K, 21% used [0x00000006c1800000,0x00000006c3aa1e80,0x00000006cb580000)
 Metaspace       used 2707K, capacity 4486K, committed 4864K, reserved 1056768K
  class space    used 302K, capacity 386K, committed 512K, reserved 1048576K
}
{Heap before GC invocations=817 (full 1):
 PSYoungGen      total 69120K, used 68768K [0x00000007b9c00000, 0x00000007c0000000, 0x00000007c0000000)
  eden space 35840K, 100% used [0x00000007b9c00000,0x00000007bbf00000,0x00000007bbf00000)
  from space 33280K, 98% used [0x00000007bbf00000,0x00000007bdf28000,0x00000007bdf80000)
  to   space 33280K, 0% used [0x00000007bdf80000,0x00000007bdf80000,0x00000007c0000000)
 ParOldGen       total 161280K, used 35463K [0x00000006c1800000, 0x00000006cb580000, 0x00000007b9c00000)
  object space 161280K, 21% used [0x00000006c1800000,0x00000006c3aa1e80,0x00000006cb580000)
 Metaspace       used 2707K, capacity 4486K, committed 4864K, reserved 1056768K
  class space    used 302K, capacity 386K, committed 512K, reserved 1048576K
[GC (Allocation Failure)  104231K->68327K(230400K), 0.0332427 secs]
Heap after GC invocations=817 (full 1):
 PSYoungGen      total 69120K, used 32864K [0x00000007b9c00000, 0x00000007c0000000, 0x00000007c0000000)
  eden space 35840K, 0% used [0x00000007b9c00000,0x00000007b9c00000,0x00000007bbf00000)
  from space 33280K, 98% used [0x00000007bdf80000,0x00000007bff98000,0x00000007c0000000)
  to   space 33280K, 0% used [0x00000007bbf00000,0x00000007bbf00000,0x00000007bdf80000)
 ParOldGen       total 161280K, used 35463K [0x00000006c1800000, 0x00000006cb580000, 0x00000007b9c00000)
  object space 161280K, 21% used [0x00000006c1800000,0x00000006c3aa1e80,0x00000006cb580000)
 Metaspace       used 2707K, capacity 4486K, committed 4864K, reserved 1056768K
  class space    used 302K, capacity 386K, committed 512K, reserved 1048576K
}
{Heap before GC invocations=818 (full 1):
 PSYoungGen      total 69120K, used 68704K [0x00000007b9c00000, 0x00000007c0000000, 0x00000007c0000000)
  eden space 35840K, 100% used [0x00000007b9c00000,0x00000007bbf00000,0x00000007bbf00000)
  from space 33280K, 98% used [0x00000007bdf80000,0x00000007bff98000,0x00000007c0000000)
  to   space 33280K, 0% used [0x00000007bbf00000,0x00000007bbf00000,0x00000007bdf80000)
 ParOldGen       total 161280K, used 35463K [0x00000006c1800000, 0x00000006cb580000, 0x00000007b9c00000)
  object space 161280K, 21% used [0x00000006c1800000,0x00000006c3aa1e80,0x00000006cb580000)
 Metaspace       used 2707K, capacity 4486K, committed 4864K, reserved 1056768K
  class space    used 302K, capacity 386K, committed 512K, reserved 1048576K
[GC (Allocation Failure)  104167K->68327K(230400K), 0.0319347 secs]
Heap after GC invocations=818 (full 1):
 PSYoungGen      total 69120K, used 32864K [0x00000007b9c00000, 0x00000007c0000000, 0x00000007c0000000)
  eden space 35840K, 0% used [0x00000007b9c00000,0x00000007b9c00000,0x00000007bbf00000)
  from space 33280K, 98% used [0x00000007bbf00000,0x00000007bdf18000,0x00000007bdf80000)
  to   space 33280K, 0% used [0x00000007bdf80000,0x00000007bdf80000,0x00000007c0000000)
 ParOldGen       total 161280K, used 35463K [0x00000006c1800000, 0x00000006cb580000, 0x00000007b9c00000)
  object space 161280K, 21% used [0x00000006c1800000,0x00000006c3aa1e80,0x00000006cb580000)
 Metaspace       used 2707K, capacity 4486K, committed 4864K, reserved 1056768K
  class space    used 302K, capacity 386K, committed 512K, reserved 1048576K
}
{Heap before GC invocations=819 (full 1):
 PSYoungGen      total 69120K, used 68704K [0x00000007b9c00000, 0x00000007c0000000, 0x00000007c0000000)
  eden space 35840K, 100% used [0x00000007b9c00000,0x00000007bbf00000,0x00000007bbf00000)
  from space 33280K, 98% used [0x00000007bbf00000,0x00000007bdf18000,0x00000007bdf80000)
  to   space 33280K, 0% used [0x00000007bdf80000,0x00000007bdf80000,0x00000007c0000000)
 ParOldGen       total 161280K, used 35463K [0x00000006c1800000, 0x00000006cb580000, 0x00000007b9c00000)
  object space 161280K, 21% used [0x00000006c1800000,0x00000006c3aa1e80,0x00000006cb580000)
 Metaspace       used 2707K, capacity 4486K, committed 4864K, reserved 1056768K
  class space    used 302K, capacity 386K, committed 512K, reserved 1048576K
[GC (Allocation Failure)  104167K->68359K(230400K), 0.0322407 secs]
Heap after GC invocations=819 (full 1):
 PSYoungGen      total 69120K, used 32896K [0x00000007b9c00000, 0x00000007c0000000, 0x00000007c0000000)
  eden space 35840K, 0% used [0x00000007b9c00000,0x00000007b9c00000,0x00000007bbf00000)
  from space 33280K, 98% used [0x00000007bdf80000,0x00000007bffa0000,0x00000007c0000000)
  to   space 33280K, 0% used [0x00000007bbf00000,0x00000007bbf00000,0x00000007bdf80000)
 ParOldGen       total 161280K, used 35463K [0x00000006c1800000, 0x00000006cb580000, 0x00000007b9c00000)
  object space 161280K, 21% used [0x00000006c1800000,0x00000006c3aa1e80,0x00000006cb580000)
 Metaspace       used 2707K, capacity 4486K, committed 4864K, reserved 1056768K
  class space    used 302K, capacity 386K, committed 512K, reserved 1048576K
}
{Heap before GC invocations=820 (full 1):
 PSYoungGen      total 69120K, used 68736K [0x00000007b9c00000, 0x00000007c0000000, 0x00000007c0000000)
  eden space 35840K, 100% used [0x00000007b9c00000,0x00000007bbf00000,0x00000007bbf00000)
  from space 33280K, 98% used [0x00000007bdf80000,0x00000007bffa0000,0x00000007c0000000)
  to   space 33280K, 0% used [0x00000007bbf00000,0x00000007bbf00000,0x00000007bdf80000)
 ParOldGen       total 161280K, used 35463K [0x00000006c1800000, 0x00000006cb580000, 0x00000007b9c00000)
  object space 161280K, 21% used [0x00000006c1800000,0x00000006c3aa1e80,0x00000006cb580000)
 Metaspace       used 2707K, capacity 4486K, committed 4864K, reserved 1056768K
  class space    used 302K, capacity 386K, committed 512K, reserved 1048576K
[GC (Allocation Failure)  104199K->68359K(230400K), 0.0325409 secs]
Heap after GC invocations=820 (full 1):
 PSYoungGen      total 69120K, used 32896K [0x00000007b9c00000, 0x00000007c0000000, 0x00000007c0000000)
  eden space 35840K, 0% used [0x00000007b9c00000,0x00000007b9c00000,0x00000007bbf00000)
  from space 33280K, 98% used [0x00000007bbf00000,0x00000007bdf20000,0x00000007bdf80000)
  to   space 33280K, 0% used [0x00000007bdf80000,0x00000007bdf80000,0x00000007c0000000)
 ParOldGen       total 161280K, used 35463K [0x00000006c1800000, 0x00000006cb580000, 0x00000007b9c00000)
  object space 161280K, 21% used [0x00000006c1800000,0x00000006c3aa1e80,0x00000006cb580000)
 Metaspace       used 2707K, capacity 4486K, committed 4864K, reserved 1056768K
  class space    used 302K, capacity 386K, committed 512K, reserved 1048576K
}
{Heap before GC invocations=821 (full 1):
 PSYoungGen      total 69120K, used 68736K [0x00000007b9c00000, 0x00000007c0000000, 0x00000007c0000000)
  eden space 35840K, 100% used [0x00000007b9c00000,0x00000007bbf00000,0x00000007bbf00000)
  from space 33280K, 98% used [0x00000007bbf00000,0x00000007bdf20000,0x00000007bdf80000)
  to   space 33280K, 0% used [0x00000007bdf80000,0x00000007bdf80000,0x00000007c0000000)
 ParOldGen       total 161280K, used 35463K [0x00000006c1800000, 0x00000006cb580000, 0x00000007b9c00000)
  object space 161280K, 21% used [0x00000006c1800000,0x00000006c3aa1e80,0x00000006cb580000)
 Metaspace       used 2707K, capacity 4486K, committed 4864K, reserved 1056768K
  class space    used 302K, capacity 386K, committed 512K, reserved 1048576K
[GC (Allocation Failure)  104199K->68391K(230400K), 0.0332629 secs]
Heap after GC invocations=821 (full 1):
 PSYoungGen      total 69120K, used 32928K [0x00000007b9c00000, 0x00000007c0000000, 0x00000007c0000000)
  eden space 35840K, 0% used [0x00000007b9c00000,0x00000007b9c00000,0x00000007bbf00000)
  from space 33280K, 98% used [0x00000007bdf80000,0x00000007bffa8000,0x00000007c0000000)
  to   space 33280K, 0% used [0x00000007bbf00000,0x00000007bbf00000,0x00000007bdf80000)
 ParOldGen       total 161280K, used 35463K [0x00000006c1800000, 0x00000006cb580000, 0x00000007b9c00000)
  object space 161280K, 21% used [0x00000006c1800000,0x00000006c3aa1e80,0x00000006cb580000)
 Metaspace       used 2707K, capacity 4486K, committed 4864K, reserved 1056768K
  class space    used 302K, capacity 386K, committed 512K, reserved 1048576K
}
{Heap before GC invocations=822 (full 1):
 PSYoungGen      total 69120K, used 68768K [0x00000007b9c00000, 0x00000007c0000000, 0x00000007c0000000)
  eden space 35840K, 100% used [0x00000007b9c00000,0x00000007bbf00000,0x00000007bbf00000)
  from space 33280K, 98% used [0x00000007bdf80000,0x00000007bffa8000,0x00000007c0000000)
  to   space 33280K, 0% used [0x00000007bbf00000,0x00000007bbf00000,0x00000007bdf80000)
 ParOldGen       total 161280K, used 35463K [0x00000006c1800000, 0x00000006cb580000, 0x00000007b9c00000)
  object space 161280K, 21% used [0x00000006c1800000,0x00000006c3aa1e80,0x00000006cb580000)
 Metaspace       used 2707K, capacity 4486K, committed 4864K, reserved 1056768K
  class space    used 302K, capacity 386K, committed 512K, reserved 1048576K
[GC (Allocation Failure)  104231K->68359K(230400K), 0.0319633 secs]
Heap after GC invocations=822 (full 1):
 PSYoungGen      total 69120K, used 32896K [0x00000007b9c00000, 0x00000007c0000000, 0x00000007c0000000)
  eden space 35840K, 0% used [0x00000007b9c00000,0x00000007b9c00000,0x00000007bbf00000)
  from space 33280K, 98% used [0x00000007bbf00000,0x00000007bdf20000,0x00000007bdf80000)
  to   space 33280K, 0% used [0x00000007bdf80000,0x00000007bdf80000,0x00000007c0000000)
 ParOldGen       total 161280K, used 35463K [0x00000006c1800000, 0x00000006cb580000, 0x00000007b9c00000)
  object space 161280K, 21% used [0x00000006c1800000,0x00000006c3aa1e80,0x00000006cb580000)
 Metaspace       used 2707K, capacity 4486K, committed 4864K, reserved 1056768K
  class space    used 302K, capacity 386K, committed 512K, reserved 1048576K
}
{Heap before GC invocations=823 (full 1):
 PSYoungGen      total 69120K, used 68736K [0x00000007b9c00000, 0x00000007c0000000, 0x00000007c0000000)
  eden space 35840K, 100% used [0x00000007b9c00000,0x00000007bbf00000,0x00000007bbf00000)
  from space 33280K, 98% used [0x00000007bbf00000,0x00000007bdf20000,0x00000007bdf80000)
  to   space 33280K, 0% used [0x00000007bdf80000,0x00000007bdf80000,0x00000007c0000000)
 ParOldGen       total 161280K, used 35463K [0x00000006c1800000, 0x00000006cb580000, 0x00000007b9c00000)
  object space 161280K, 21% used [0x00000006c1800000,0x00000006c3aa1e80,0x00000006cb580000)
 Metaspace       used 2707K, capacity 4486K, committed 4864K, reserved 1056768K
  class space    used 302K, capacity 386K, committed 512K, reserved 1048576K
[GC (Allocation Failure)  104199K->68359K(230400K), 0.0332870 secs]
Heap after GC invocations=823 (full 1):
 PSYoungGen      total 69120K, used 32896K [0x00000007b9c00000, 0x00000007c0000000, 0x00000007c0000000)
  eden space 35840K, 0% used [0x00000007b9c00000,0x00000007b9c00000,0x00000007bbf00000)
  from space 33280K, 98% used [0x00000007bdf80000,0x00000007bffa0000,0x00000007c0000000)
  to   space 33280K, 0% used [0x00000007bbf00000,0x00000007bbf00000,0x00000007bdf80000)
 ParOldGen       total 161280K, used 35463K [0x00000006c1800000, 0x00000006cb580000, 0x00000007b9c00000)
  object space 161280K, 21% used [0x00000006c1800000,0x00000006c3aa1e80,0x00000006cb580000)
 Metaspace       used 2707K, capacity 4486K, committed 4864K, reserved 1056768K
  class space    used 302K, capacity 386K, committed 512K, reserved 1048576K
}
{Heap before GC invocations=824 (full 1):
 PSYoungGen      total 69120K, used 68736K [0x00000007b9c00000, 0x00000007c0000000, 0x00000007c0000000)
  eden space 35840K, 100% used [0x00000007b9c00000,0x00000007bbf00000,0x00000007bbf00000)
  from space 33280K, 98% used [0x00000007bdf80000,0x00000007bffa0000,0x00000007c0000000)
  to   space 33280K, 0% used [0x00000007bbf00000,0x00000007bbf00000,0x00000007bdf80000)
 ParOldGen       total 161280K, used 35463K [0x00000006c1800000, 0x00000006cb580000, 0x00000007b9c00000)
  object space 161280K, 21% used [0x00000006c1800000,0x00000006c3aa1e80,0x00000006cb580000)
 Metaspace       used 2707K, capacity 4486K, committed 4864K, reserved 1056768K
  class space    used 302K, capacity 386K, committed 512K, reserved 1048576K
[GC (Allocation Failure)  104199K->68359K(230400K), 0.0305912 secs]
Heap after GC invocations=824 (full 1):
 PSYoungGen      total 69120K, used 32896K [0x00000007b9c00000, 0x00000007c0000000, 0x00000007c0000000)
  eden space 35840K, 0% used [0x00000007b9c00000,0x00000007b9c00000,0x00000007bbf00000)
  from space 33280K, 98% used [0x00000007bbf00000,0x00000007bdf20000,0x00000007bdf80000)
  to   space 33280K, 0% used [0x00000007bdf80000,0x00000007bdf80000,0x00000007c0000000)
 ParOldGen       total 161280K, used 35463K [0x00000006c1800000, 0x00000006cb580000, 0x00000007b9c00000)
  object space 161280K, 21% used [0x00000006c1800000,0x00000006c3aa1e80,0x00000006cb580000)
 Metaspace       used 2707K, capacity 4486K, committed 4864K, reserved 1056768K
  class space    used 302K, capacity 386K, committed 512K, reserved 1048576K
}
{Heap before GC invocations=825 (full 1):
 PSYoungGen      total 69120K, used 68736K [0x00000007b9c00000, 0x00000007c0000000, 0x00000007c0000000)
  eden space 35840K, 100% used [0x00000007b9c00000,0x00000007bbf00000,0x00000007bbf00000)
  from space 33280K, 98% used [0x00000007bbf00000,0x00000007bdf20000,0x00000007bdf80000)
  to   space 33280K, 0% used [0x00000007bdf80000,0x00000007bdf80000,0x00000007c0000000)
 ParOldGen       total 161280K, used 35463K [0x00000006c1800000, 0x00000006cb580000, 0x00000007b9c00000)
  object space 161280K, 21% used [0x00000006c1800000,0x00000006c3aa1e80,0x00000006cb580000)
 Metaspace       used 2707K, capacity 4486K, committed 4864K, reserved 1056768K
  class space    used 302K, capacity 386K, committed 512K, reserved 1048576K
[GC (Allocation Failure)  104199K->68359K(230400K), 0.0329236 secs]
Heap after GC invocations=825 (full 1):
 PSYoungGen      total 69120K, used 32896K [0x00000007b9c00000, 0x00000007c0000000, 0x00000007c0000000)
  eden space 35840K, 0% used [0x00000007b9c00000,0x00000007b9c00000,0x00000007bbf00000)
  from space 33280K, 98% used [0x00000007bdf80000,0x00000007bffa0000,0x00000007c0000000)
  to   space 33280K, 0% used [0x00000007bbf00000,0x00000007bbf00000,0x00000007bdf80000)
 ParOldGen       total 161280K, used 35463K [0x00000006c1800000, 0x00000006cb580000, 0x00000007b9c00000)
  object space 161280K, 21% used [0x00000006c1800000,0x00000006c3aa1e80,0x00000006cb580000)
 Metaspace       used 2707K, capacity 4486K, committed 4864K, reserved 1056768K
  class space    used 302K, capacity 386K, committed 512K, reserved 1048576K
}
{Heap before GC invocations=826 (full 1):
 PSYoungGen      total 69120K, used 68736K [0x00000007b9c00000, 0x00000007c0000000, 0x00000007c0000000)
  eden space 35840K, 100% used [0x00000007b9c00000,0x00000007bbf00000,0x00000007bbf00000)
  from space 33280K, 98% used [0x00000007bdf80000,0x00000007bffa0000,0x00000007c0000000)
  to   space 33280K, 0% used [0x00000007bbf00000,0x00000007bbf00000,0x00000007bdf80000)
 ParOldGen       total 161280K, used 35463K [0x00000006c1800000, 0x00000006cb580000, 0x00000007b9c00000)
  object space 161280K, 21% used [0x00000006c1800000,0x00000006c3aa1e80,0x00000006cb580000)
 Metaspace       used 2707K, capacity 4486K, committed 4864K, reserved 1056768K
  class space    used 302K, capacity 386K, committed 512K, reserved 1048576K
[GC (Allocation Failure)  104199K->68327K(230400K), 0.0313406 secs]
Heap after GC invocations=826 (full 1):
 PSYoungGen      total 69120K, used 32864K [0x00000007b9c00000, 0x00000007c0000000, 0x00000007c0000000)
  eden space 35840K, 0% used [0x00000007b9c00000,0x00000007b9c00000,0x00000007bbf00000)
  from space 33280K, 98% used [0x00000007bbf00000,0x00000007bdf18000,0x00000007bdf80000)
  to   space 33280K, 0% used [0x00000007bdf80000,0x00000007bdf80000,0x00000007c0000000)
 ParOldGen       total 161280K, used 35463K [0x00000006c1800000, 0x00000006cb580000, 0x00000007b9c00000)
  object space 161280K, 21% used [0x00000006c1800000,0x00000006c3aa1e80,0x00000006cb580000)
 Metaspace       used 2707K, capacity 4486K, committed 4864K, reserved 1056768K
  class space    used 302K, capacity 386K, committed 512K, reserved 1048576K
}
{Heap before GC invocations=827 (full 1):
 PSYoungGen      total 69120K, used 68704K [0x00000007b9c00000, 0x00000007c0000000, 0x00000007c0000000)
  eden space 35840K, 100% used [0x00000007b9c00000,0x00000007bbf00000,0x00000007bbf00000)
  from space 33280K, 98% used [0x00000007bbf00000,0x00000007bdf18000,0x00000007bdf80000)
  to   space 33280K, 0% used [0x00000007bdf80000,0x00000007bdf80000,0x00000007c0000000)
 ParOldGen       total 161280K, used 35463K [0x00000006c1800000, 0x00000006cb580000, 0x00000007b9c00000)
  object space 161280K, 21% used [0x00000006c1800000,0x00000006c3aa1e80,0x00000006cb580000)
 Metaspace       used 2707K, capacity 4486K, committed 4864K, reserved 1056768K
  class space    used 302K, capacity 386K, committed 512K, reserved 1048576K
[GC (Allocation Failure)  104167K->68359K(230400K), 0.0345169 secs]
Heap after GC invocations=827 (full 1):
 PSYoungGen      total 69120K, used 32896K [0x00000007b9c00000, 0x00000007c0000000, 0x00000007c0000000)
  eden space 35840K, 0% used [0x00000007b9c00000,0x00000007b9c00000,0x00000007bbf00000)
  from space 33280K, 98% used [0x00000007bdf80000,0x00000007bffa0000,0x00000007c0000000)
  to   space 33280K, 0% used [0x00000007bbf00000,0x00000007bbf00000,0x00000007bdf80000)
 ParOldGen       total 161280K, used 35463K [0x00000006c1800000, 0x00000006cb580000, 0x00000007b9c00000)
  object space 161280K, 21% used [0x00000006c1800000,0x00000006c3aa1e80,0x00000006cb580000)
 Metaspace       used 2707K, capacity 4486K, committed 4864K, reserved 1056768K
  class space    used 302K, capacity 386K, committed 512K, reserved 1048576K
}
{Heap before GC invocations=828 (full 1):
 PSYoungGen      total 69120K, used 68736K [0x00000007b9c00000, 0x00000007c0000000, 0x00000007c0000000)
  eden space 35840K, 100% used [0x00000007b9c00000,0x00000007bbf00000,0x00000007bbf00000)
  from space 33280K, 98% used [0x00000007bdf80000,0x00000007bffa0000,0x00000007c0000000)
  to   space 33280K, 0% used [0x00000007bbf00000,0x00000007bbf00000,0x00000007bdf80000)
 ParOldGen       total 161280K, used 35463K [0x00000006c1800000, 0x00000006cb580000, 0x00000007b9c00000)
  object space 161280K, 21% used [0x00000006c1800000,0x00000006c3aa1e80,0x00000006cb580000)
 Metaspace       used 2707K, capacity 4486K, committed 4864K, reserved 1056768K
  class space    used 302K, capacity 386K, committed 512K, reserved 1048576K
[GC (Allocation Failure)  104199K->68359K(230400K), 0.0329654 secs]
Heap after GC invocations=828 (full 1):
 PSYoungGen      total 69120K, used 32896K [0x00000007b9c00000, 0x00000007c0000000, 0x00000007c0000000)
  eden space 35840K, 0% used [0x00000007b9c00000,0x00000007b9c00000,0x00000007bbf00000)
  from space 33280K, 98% used [0x00000007bbf00000,0x00000007bdf20000,0x00000007bdf80000)
  to   space 33280K, 0% used [0x00000007bdf80000,0x00000007bdf80000,0x00000007c0000000)
 ParOldGen       total 161280K, used 35463K [0x00000006c1800000, 0x00000006cb580000, 0x00000007b9c00000)
  object space 161280K, 21% used [0x00000006c1800000,0x00000006c3aa1e80,0x00000006cb580000)
 Metaspace       used 2707K, capacity 4486K, committed 4864K, reserved 1056768K
  class space    used 302K, capacity 386K, committed 512K, reserved 1048576K
}
{Heap before GC invocations=829 (full 1):
 PSYoungGen      total 69120K, used 68736K [0x00000007b9c00000, 0x00000007c0000000, 0x00000007c0000000)
  eden space 35840K, 100% used [0x00000007b9c00000,0x00000007bbf00000,0x00000007bbf00000)
  from space 33280K, 98% used [0x00000007bbf00000,0x00000007bdf20000,0x00000007bdf80000)
  to   space 33280K, 0% used [0x00000007bdf80000,0x00000007bdf80000,0x00000007c0000000)
 ParOldGen       total 161280K, used 35463K [0x00000006c1800000, 0x00000006cb580000, 0x00000007b9c00000)
  object space 161280K, 21% used [0x00000006c1800000,0x00000006c3aa1e80,0x00000006cb580000)
 Metaspace       used 2707K, capacity 4486K, committed 4864K, reserved 1056768K
  class space    used 302K, capacity 386K, committed 512K, reserved 1048576K
[GC (Allocation Failure)  104199K->68359K(230400K), 0.0323263 secs]
Heap after GC invocations=829 (full 1):
 PSYoungGen      total 69120K, used 32896K [0x00000007b9c00000, 0x00000007c0000000, 0x00000007c0000000)
  eden space 35840K, 0% used [0x00000007b9c00000,0x00000007b9c00000,0x00000007bbf00000)
  from space 33280K, 98% used [0x00000007bdf80000,0x00000007bffa0000,0x00000007c0000000)
  to   space 33280K, 0% used [0x00000007bbf00000,0x00000007bbf00000,0x00000007bdf80000)
 ParOldGen       total 161280K, used 35463K [0x00000006c1800000, 0x00000006cb580000, 0x00000007b9c00000)
  object space 161280K, 21% used [0x00000006c1800000,0x00000006c3aa1e80,0x00000006cb580000)
 Metaspace       used 2707K, capacity 4486K, committed 4864K, reserved 1056768K
  class space    used 302K, capacity 386K, committed 512K, reserved 1048576K
}
{Heap before GC invocations=830 (full 1):
 PSYoungGen      total 69120K, used 68736K [0x00000007b9c00000, 0x00000007c0000000, 0x00000007c0000000)
  eden space 35840K, 100% used [0x00000007b9c00000,0x00000007bbf00000,0x00000007bbf00000)
  from space 33280K, 98% used [0x00000007bdf80000,0x00000007bffa0000,0x00000007c0000000)
  to   space 33280K, 0% used [0x00000007bbf00000,0x00000007bbf00000,0x00000007bdf80000)
 ParOldGen       total 161280K, used 35463K [0x00000006c1800000, 0x00000006cb580000, 0x00000007b9c00000)
  object space 161280K, 21% used [0x00000006c1800000,0x00000006c3aa1e80,0x00000006cb580000)
 Metaspace       used 2707K, capacity 4486K, committed 4864K, reserved 1056768K
  class space    used 302K, capacity 386K, committed 512K, reserved 1048576K
[GC (Allocation Failure)  104199K->68391K(230400K), 0.0325624 secs]
Heap after GC invocations=830 (full 1):
 PSYoungGen      total 69120K, used 32928K [0x00000007b9c00000, 0x00000007c0000000, 0x00000007c0000000)
  eden space 35840K, 0% used [0x00000007b9c00000,0x00000007b9c00000,0x00000007bbf00000)
  from space 33280K, 98% used [0x00000007bbf00000,0x00000007bdf28000,0x00000007bdf80000)
  to   space 33280K, 0% used [0x00000007bdf80000,0x00000007bdf80000,0x00000007c0000000)
 ParOldGen       total 161280K, used 35463K [0x00000006c1800000, 0x00000006cb580000, 0x00000007b9c00000)
  object space 161280K, 21% used [0x00000006c1800000,0x00000006c3aa1e80,0x00000006cb580000)
 Metaspace       used 2707K, capacity 4486K, committed 4864K, reserved 1056768K
  class space    used 302K, capacity 386K, committed 512K, reserved 1048576K
}
{Heap before GC invocations=831 (full 1):
 PSYoungGen      total 69120K, used 68768K [0x00000007b9c00000, 0x00000007c0000000, 0x00000007c0000000)
  eden space 35840K, 100% used [0x00000007b9c00000,0x00000007bbf00000,0x00000007bbf00000)
  from space 33280K, 98% used [0x00000007bbf00000,0x00000007bdf28000,0x00000007bdf80000)
  to   space 33280K, 0% used [0x00000007bdf80000,0x00000007bdf80000,0x00000007c0000000)
 ParOldGen       total 161280K, used 35463K [0x00000006c1800000, 0x00000006cb580000, 0x00000007b9c00000)
  object space 161280K, 21% used [0x00000006c1800000,0x00000006c3aa1e80,0x00000006cb580000)
 Metaspace       used 2707K, capacity 4486K, committed 4864K, reserved 1056768K
  class space    used 302K, capacity 386K, committed 512K, reserved 1048576K
[GC (Allocation Failure)  104231K->68359K(230400K), 0.0314930 secs]
Heap after GC invocations=831 (full 1):
 PSYoungGen      total 69120K, used 32896K [0x00000007b9c00000, 0x00000007c0000000, 0x00000007c0000000)
  eden space 35840K, 0% used [0x00000007b9c00000,0x00000007b9c00000,0x00000007bbf00000)
  from space 33280K, 98% used [0x00000007bdf80000,0x00000007bffa0000,0x00000007c0000000)
  to   space 33280K, 0% used [0x00000007bbf00000,0x00000007bbf00000,0x00000007bdf80000)
 ParOldGen       total 161280K, used 35463K [0x00000006c1800000, 0x00000006cb580000, 0x00000007b9c00000)
  object space 161280K, 21% used [0x00000006c1800000,0x00000006c3aa1e80,0x00000006cb580000)
 Metaspace       used 2707K, capacity 4486K, committed 4864K, reserved 1056768K
  class space    used 302K, capacity 386K, committed 512K, reserved 1048576K
}
{Heap before GC invocations=832 (full 1):
 PSYoungGen      total 69120K, used 68736K [0x00000007b9c00000, 0x00000007c0000000, 0x00000007c0000000)
  eden space 35840K, 100% used [0x00000007b9c00000,0x00000007bbf00000,0x00000007bbf00000)
  from space 33280K, 98% used [0x00000007bdf80000,0x00000007bffa0000,0x00000007c0000000)
  to   space 33280K, 0% used [0x00000007bbf00000,0x00000007bbf00000,0x00000007bdf80000)
 ParOldGen       total 161280K, used 35463K [0x00000006c1800000, 0x00000006cb580000, 0x00000007b9c00000)
  object space 161280K, 21% used [0x00000006c1800000,0x00000006c3aa1e80,0x00000006cb580000)
 Metaspace       used 2707K, capacity 4486K, committed 4864K, reserved 1056768K
  class space    used 302K, capacity 386K, committed 512K, reserved 1048576K
[GC (Allocation Failure)  104199K->68359K(230400K), 0.0339727 secs]
Heap after GC invocations=832 (full 1):
 PSYoungGen      total 69120K, used 32896K [0x00000007b9c00000, 0x00000007c0000000, 0x00000007c0000000)
  eden space 35840K, 0% used [0x00000007b9c00000,0x00000007b9c00000,0x00000007bbf00000)
  from space 33280K, 98% used [0x00000007bbf00000,0x00000007bdf20000,0x00000007bdf80000)
  to   space 33280K, 0% used [0x00000007bdf80000,0x00000007bdf80000,0x00000007c0000000)
 ParOldGen       total 161280K, used 35463K [0x00000006c1800000, 0x00000006cb580000, 0x00000007b9c00000)
  object space 161280K, 21% used [0x00000006c1800000,0x00000006c3aa1e80,0x00000006cb580000)
 Metaspace       used 2707K, capacity 4486K, committed 4864K, reserved 1056768K
  class space    used 302K, capacity 386K, committed 512K, reserved 1048576K
}
{Heap before GC invocations=833 (full 1):
 PSYoungGen      total 69120K, used 68736K [0x00000007b9c00000, 0x00000007c0000000, 0x00000007c0000000)
  eden space 35840K, 100% used [0x00000007b9c00000,0x00000007bbf00000,0x00000007bbf00000)
  from space 33280K, 98% used [0x00000007bbf00000,0x00000007bdf20000,0x00000007bdf80000)
  to   space 33280K, 0% used [0x00000007bdf80000,0x00000007bdf80000,0x00000007c0000000)
 ParOldGen       total 161280K, used 35463K [0x00000006c1800000, 0x00000006cb580000, 0x00000007b9c00000)
  object space 161280K, 21% used [0x00000006c1800000,0x00000006c3aa1e80,0x00000006cb580000)
 Metaspace       used 2707K, capacity 4486K, committed 4864K, reserved 1056768K
  class space    used 302K, capacity 386K, committed 512K, reserved 1048576K
[GC (Allocation Failure)  104199K->68359K(230400K), 0.0325822 secs]
Heap after GC invocations=833 (full 1):
 PSYoungGen      total 69120K, used 32896K [0x00000007b9c00000, 0x00000007c0000000, 0x00000007c0000000)
  eden space 35840K, 0% used [0x00000007b9c00000,0x00000007b9c00000,0x00000007bbf00000)
  from space 33280K, 98% used [0x00000007bdf80000,0x00000007bffa0000,0x00000007c0000000)
  to   space 33280K, 0% used [0x00000007bbf00000,0x00000007bbf00000,0x00000007bdf80000)
 ParOldGen       total 161280K, used 35463K [0x00000006c1800000, 0x00000006cb580000, 0x00000007b9c00000)
  object space 161280K, 21% used [0x00000006c1800000,0x00000006c3aa1e80,0x00000006cb580000)
 Metaspace       used 2707K, capacity 4486K, committed 4864K, reserved 1056768K
  class space    used 302K, capacity 386K, committed 512K, reserved 1048576K
}
{Heap before GC invocations=834 (full 1):
 PSYoungGen      total 69120K, used 68736K [0x00000007b9c00000, 0x00000007c0000000, 0x00000007c0000000)
  eden space 35840K, 100% used [0x00000007b9c00000,0x00000007bbf00000,0x00000007bbf00000)
  from space 33280K, 98% used [0x00000007bdf80000,0x00000007bffa0000,0x00000007c0000000)
  to   space 33280K, 0% used [0x00000007bbf00000,0x00000007bbf00000,0x00000007bdf80000)
 ParOldGen       total 161280K, used 35463K [0x00000006c1800000, 0x00000006cb580000, 0x00000007b9c00000)
  object space 161280K, 21% used [0x00000006c1800000,0x00000006c3aa1e80,0x00000006cb580000)
 Metaspace       used 2707K, capacity 4486K, committed 4864K, reserved 1056768K
  class space    used 302K, capacity 386K, committed 512K, reserved 1048576K
[GC (Allocation Failure)  104199K->68359K(230400K), 0.0329201 secs]
Heap after GC invocations=834 (full 1):
 PSYoungGen      total 69120K, used 32896K [0x00000007b9c00000, 0x00000007c0000000, 0x00000007c0000000)
  eden space 35840K, 0% used [0x00000007b9c00000,0x00000007b9c00000,0x00000007bbf00000)
  from space 33280K, 98% used [0x00000007bbf00000,0x00000007bdf20000,0x00000007bdf80000)
  to   space 33280K, 0% used [0x00000007bdf80000,0x00000007bdf80000,0x00000007c0000000)
 ParOldGen       total 161280K, used 35463K [0x00000006c1800000, 0x00000006cb580000, 0x00000007b9c00000)
  object space 161280K, 21% used [0x00000006c1800000,0x00000006c3aa1e80,0x00000006cb580000)
 Metaspace       used 2707K, capacity 4486K, committed 4864K, reserved 1056768K
  class space    used 302K, capacity 386K, committed 512K, reserved 1048576K
}
{Heap before GC invocations=835 (full 1):
 PSYoungGen      total 69120K, used 68736K [0x00000007b9c00000, 0x00000007c0000000, 0x00000007c0000000)
  eden space 35840K, 100% used [0x00000007b9c00000,0x00000007bbf00000,0x00000007bbf00000)
  from space 33280K, 98% used [0x00000007bbf00000,0x00000007bdf20000,0x00000007bdf80000)
  to   space 33280K, 0% used [0x00000007bdf80000,0x00000007bdf80000,0x00000007c0000000)
 ParOldGen       total 161280K, used 35463K [0x00000006c1800000, 0x00000006cb580000, 0x00000007b9c00000)
  object space 161280K, 21% used [0x00000006c1800000,0x00000006c3aa1e80,0x00000006cb580000)
 Metaspace       used 2707K, capacity 4486K, committed 4864K, reserved 1056768K
  class space    used 302K, capacity 386K, committed 512K, reserved 1048576K
[GC (Allocation Failure)  104199K->68359K(230400K), 0.0303393 secs]
Heap after GC invocations=835 (full 1):
 PSYoungGen      total 69120K, used 32896K [0x00000007b9c00000, 0x00000007c0000000, 0x00000007c0000000)
  eden space 35840K, 0% used [0x00000007b9c00000,0x00000007b9c00000,0x00000007bbf00000)
  from space 33280K, 98% used [0x00000007bdf80000,0x00000007bffa0000,0x00000007c0000000)
  to   space 33280K, 0% used [0x00000007bbf00000,0x00000007bbf00000,0x00000007bdf80000)
 ParOldGen       total 161280K, used 35463K [0x00000006c1800000, 0x00000006cb580000, 0x00000007b9c00000)
  object space 161280K, 21% used [0x00000006c1800000,0x00000006c3aa1e80,0x00000006cb580000)
 Metaspace       used 2707K, capacity 4486K, committed 4864K, reserved 1056768K
  class space    used 302K, capacity 386K, committed 512K, reserved 1048576K
}
{Heap before GC invocations=836 (full 1):
 PSYoungGen      total 69120K, used 68736K [0x00000007b9c00000, 0x00000007c0000000, 0x00000007c0000000)
  eden space 35840K, 100% used [0x00000007b9c00000,0x00000007bbf00000,0x00000007bbf00000)
  from space 33280K, 98% used [0x00000007bdf80000,0x00000007bffa0000,0x00000007c0000000)
  to   space 33280K, 0% used [0x00000007bbf00000,0x00000007bbf00000,0x00000007bdf80000)
 ParOldGen       total 161280K, used 35463K [0x00000006c1800000, 0x00000006cb580000, 0x00000007b9c00000)
  object space 161280K, 21% used [0x00000006c1800000,0x00000006c3aa1e80,0x00000006cb580000)
 Metaspace       used 2707K, capacity 4486K, committed 4864K, reserved 1056768K
  class space    used 302K, capacity 386K, committed 512K, reserved 1048576K
[GC (Allocation Failure)  104199K->68391K(230400K), 0.0328359 secs]
Heap after GC invocations=836 (full 1):
 PSYoungGen      total 69120K, used 32928K [0x00000007b9c00000, 0x00000007c0000000, 0x00000007c0000000)
  eden space 35840K, 0% used [0x00000007b9c00000,0x00000007b9c00000,0x00000007bbf00000)
  from space 33280K, 98% used [0x00000007bbf00000,0x00000007bdf28000,0x00000007bdf80000)
  to   space 33280K, 0% used [0x00000007bdf80000,0x00000007bdf80000,0x00000007c0000000)
 ParOldGen       total 161280K, used 35463K [0x00000006c1800000, 0x00000006cb580000, 0x00000007b9c00000)
  object space 161280K, 21% used [0x00000006c1800000,0x00000006c3aa1e80,0x00000006cb580000)
 Metaspace       used 2707K, capacity 4486K, committed 4864K, reserved 1056768K
  class space    used 302K, capacity 386K, committed 512K, reserved 1048576K
}
{Heap before GC invocations=837 (full 1):
 PSYoungGen      total 69120K, used 68768K [0x00000007b9c00000, 0x00000007c0000000, 0x00000007c0000000)
  eden space 35840K, 100% used [0x00000007b9c00000,0x00000007bbf00000,0x00000007bbf00000)
  from space 33280K, 98% used [0x00000007bbf00000,0x00000007bdf28000,0x00000007bdf80000)
  to   space 33280K, 0% used [0x00000007bdf80000,0x00000007bdf80000,0x00000007c0000000)
 ParOldGen       total 161280K, used 35463K [0x00000006c1800000, 0x00000006cb580000, 0x00000007b9c00000)
  object space 161280K, 21% used [0x00000006c1800000,0x00000006c3aa1e80,0x00000006cb580000)
 Metaspace       used 2707K, capacity 4486K, committed 4864K, reserved 1056768K
  class space    used 302K, capacity 386K, committed 512K, reserved 1048576K
[GC (Allocation Failure)  104231K->68359K(230400K), 0.0337966 secs]
Heap after GC invocations=837 (full 1):
 PSYoungGen      total 69120K, used 32896K [0x00000007b9c00000, 0x00000007c0000000, 0x00000007c0000000)
  eden space 35840K, 0% used [0x00000007b9c00000,0x00000007b9c00000,0x00000007bbf00000)
  from space 33280K, 98% used [0x00000007bdf80000,0x00000007bffa0000,0x00000007c0000000)
  to   space 33280K, 0% used [0x00000007bbf00000,0x00000007bbf00000,0x00000007bdf80000)
 ParOldGen       total 161280K, used 35463K [0x00000006c1800000, 0x00000006cb580000, 0x00000007b9c00000)
  object space 161280K, 21% used [0x00000006c1800000,0x00000006c3aa1e80,0x00000006cb580000)
 Metaspace       used 2707K, capacity 4486K, committed 4864K, reserved 1056768K
  class space    used 302K, capacity 386K, committed 512K, reserved 1048576K
}
{Heap before GC invocations=838 (full 1):
 PSYoungGen      total 69120K, used 68736K [0x00000007b9c00000, 0x00000007c0000000, 0x00000007c0000000)
  eden space 35840K, 100% used [0x00000007b9c00000,0x00000007bbf00000,0x00000007bbf00000)
  from space 33280K, 98% used [0x00000007bdf80000,0x00000007bffa0000,0x00000007c0000000)
  to   space 33280K, 0% used [0x00000007bbf00000,0x00000007bbf00000,0x00000007bdf80000)
 ParOldGen       total 161280K, used 35463K [0x00000006c1800000, 0x00000006cb580000, 0x00000007b9c00000)
  object space 161280K, 21% used [0x00000006c1800000,0x00000006c3aa1e80,0x00000006cb580000)
 Metaspace       used 2707K, capacity 4486K, committed 4864K, reserved 1056768K
  class space    used 302K, capacity 386K, committed 512K, reserved 1048576K
[GC (Allocation Failure)  104199K->68359K(230400K), 0.0369896 secs]
Heap after GC invocations=838 (full 1):
 PSYoungGen      total 69120K, used 32896K [0x00000007b9c00000, 0x00000007c0000000, 0x00000007c0000000)
  eden space 35840K, 0% used [0x00000007b9c00000,0x00000007b9c00000,0x00000007bbf00000)
  from space 33280K, 98% used [0x00000007bbf00000,0x00000007bdf20000,0x00000007bdf80000)
  to   space 33280K, 0% used [0x00000007bdf80000,0x00000007bdf80000,0x00000007c0000000)
 ParOldGen       total 161280K, used 35463K [0x00000006c1800000, 0x00000006cb580000, 0x00000007b9c00000)
  object space 161280K, 21% used [0x00000006c1800000,0x00000006c3aa1e80,0x00000006cb580000)
 Metaspace       used 2707K, capacity 4486K, committed 4864K, reserved 1056768K
  class space    used 302K, capacity 386K, committed 512K, reserved 1048576K
}
{Heap before GC invocations=839 (full 1):
 PSYoungGen      total 69120K, used 68736K [0x00000007b9c00000, 0x00000007c0000000, 0x00000007c0000000)
  eden space 35840K, 100% used [0x00000007b9c00000,0x00000007bbf00000,0x00000007bbf00000)
  from space 33280K, 98% used [0x00000007bbf00000,0x00000007bdf20000,0x00000007bdf80000)
  to   space 33280K, 0% used [0x00000007bdf80000,0x00000007bdf80000,0x00000007c0000000)
 ParOldGen       total 161280K, used 35463K [0x00000006c1800000, 0x00000006cb580000, 0x00000007b9c00000)
  object space 161280K, 21% used [0x00000006c1800000,0x00000006c3aa1e80,0x00000006cb580000)
 Metaspace       used 2707K, capacity 4486K, committed 4864K, reserved 1056768K
  class space    used 302K, capacity 386K, committed 512K, reserved 1048576K
[GC (Allocation Failure)  104199K->68359K(230400K), 0.0372671 secs]
Heap after GC invocations=839 (full 1):
 PSYoungGen      total 69120K, used 32896K [0x00000007b9c00000, 0x00000007c0000000, 0x00000007c0000000)
  eden space 35840K, 0% used [0x00000007b9c00000,0x00000007b9c00000,0x00000007bbf00000)
  from space 33280K, 98% used [0x00000007bdf80000,0x00000007bffa0000,0x00000007c0000000)
  to   space 33280K, 0% used [0x00000007bbf00000,0x00000007bbf00000,0x00000007bdf80000)
 ParOldGen       total 161280K, used 35463K [0x00000006c1800000, 0x00000006cb580000, 0x00000007b9c00000)
  object space 161280K, 21% used [0x00000006c1800000,0x00000006c3aa1e80,0x00000006cb580000)
 Metaspace       used 2707K, capacity 4486K, committed 4864K, reserved 1056768K
  class space    used 302K, capacity 386K, committed 512K, reserved 1048576K
}
{Heap before GC invocations=840 (full 1):
 PSYoungGen      total 69120K, used 68736K [0x00000007b9c00000, 0x00000007c0000000, 0x00000007c0000000)
  eden space 35840K, 100% used [0x00000007b9c00000,0x00000007bbf00000,0x00000007bbf00000)
  from space 33280K, 98% used [0x00000007bdf80000,0x00000007bffa0000,0x00000007c0000000)
  to   space 33280K, 0% used [0x00000007bbf00000,0x00000007bbf00000,0x00000007bdf80000)
 ParOldGen       total 161280K, used 35463K [0x00000006c1800000, 0x00000006cb580000, 0x00000007b9c00000)
  object space 161280K, 21% used [0x00000006c1800000,0x00000006c3aa1e80,0x00000006cb580000)
 Metaspace       used 2707K, capacity 4486K, committed 4864K, reserved 1056768K
  class space    used 302K, capacity 386K, committed 512K, reserved 1048576K
[GC (Allocation Failure)  104199K->68359K(230400K), 0.0348241 secs]
Heap after GC invocations=840 (full 1):
 PSYoungGen      total 69120K, used 32896K [0x00000007b9c00000, 0x00000007c0000000, 0x00000007c0000000)
  eden space 35840K, 0% used [0x00000007b9c00000,0x00000007b9c00000,0x00000007bbf00000)
  from space 33280K, 98% used [0x00000007bbf00000,0x00000007bdf20000,0x00000007bdf80000)
  to   space 33280K, 0% used [0x00000007bdf80000,0x00000007bdf80000,0x00000007c0000000)
 ParOldGen       total 161280K, used 35463K [0x00000006c1800000, 0x00000006cb580000, 0x00000007b9c00000)
  object space 161280K, 21% used [0x00000006c1800000,0x00000006c3aa1e80,0x00000006cb580000)
 Metaspace       used 2707K, capacity 4486K, committed 4864K, reserved 1056768K
  class space    used 302K, capacity 386K, committed 512K, reserved 1048576K
}
{Heap before GC invocations=841 (full 1):
 PSYoungGen      total 69120K, used 68736K [0x00000007b9c00000, 0x00000007c0000000, 0x00000007c0000000)
  eden space 35840K, 100% used [0x00000007b9c00000,0x00000007bbf00000,0x00000007bbf00000)
  from space 33280K, 98% used [0x00000007bbf00000,0x00000007bdf20000,0x00000007bdf80000)
  to   space 33280K, 0% used [0x00000007bdf80000,0x00000007bdf80000,0x00000007c0000000)
 ParOldGen       total 161280K, used 35463K [0x00000006c1800000, 0x00000006cb580000, 0x00000007b9c00000)
  object space 161280K, 21% used [0x00000006c1800000,0x00000006c3aa1e80,0x00000006cb580000)
 Metaspace       used 2707K, capacity 4486K, committed 4864K, reserved 1056768K
  class space    used 302K, capacity 386K, committed 512K, reserved 1048576K
[GC (Allocation Failure)  104199K->68359K(230400K), 0.0326213 secs]
Heap after GC invocations=841 (full 1):
 PSYoungGen      total 69120K, used 32896K [0x00000007b9c00000, 0x00000007c0000000, 0x00000007c0000000)
  eden space 35840K, 0% used [0x00000007b9c00000,0x00000007b9c00000,0x00000007bbf00000)
  from space 33280K, 98% used [0x00000007bdf80000,0x00000007bffa0000,0x00000007c0000000)
  to   space 33280K, 0% used [0x00000007bbf00000,0x00000007bbf00000,0x00000007bdf80000)
 ParOldGen       total 161280K, used 35463K [0x00000006c1800000, 0x00000006cb580000, 0x00000007b9c00000)
  object space 161280K, 21% used [0x00000006c1800000,0x00000006c3aa1e80,0x00000006cb580000)
 Metaspace       used 2707K, capacity 4486K, committed 4864K, reserved 1056768K
  class space    used 302K, capacity 386K, committed 512K, reserved 1048576K
}
{Heap before GC invocations=842 (full 1):
 PSYoungGen      total 69120K, used 68736K [0x00000007b9c00000, 0x00000007c0000000, 0x00000007c0000000)
  eden space 35840K, 100% used [0x00000007b9c00000,0x00000007bbf00000,0x00000007bbf00000)
  from space 33280K, 98% used [0x00000007bdf80000,0x00000007bffa0000,0x00000007c0000000)
  to   space 33280K, 0% used [0x00000007bbf00000,0x00000007bbf00000,0x00000007bdf80000)
 ParOldGen       total 161280K, used 35463K [0x00000006c1800000, 0x00000006cb580000, 0x00000007b9c00000)
  object space 161280K, 21% used [0x00000006c1800000,0x00000006c3aa1e80,0x00000006cb580000)
 Metaspace       used 2707K, capacity 4486K, committed 4864K, reserved 1056768K
  class space    used 302K, capacity 386K, committed 512K, reserved 1048576K
[GC (Allocation Failure)  104199K->68359K(230400K), 0.0314244 secs]
Heap after GC invocations=842 (full 1):
 PSYoungGen      total 69120K, used 32896K [0x00000007b9c00000, 0x00000007c0000000, 0x00000007c0000000)
  eden space 35840K, 0% used [0x00000007b9c00000,0x00000007b9c00000,0x00000007bbf00000)
  from space 33280K, 98% used [0x00000007bbf00000,0x00000007bdf20000,0x00000007bdf80000)
  to   space 33280K, 0% used [0x00000007bdf80000,0x00000007bdf80000,0x00000007c0000000)
 ParOldGen       total 161280K, used 35463K [0x00000006c1800000, 0x00000006cb580000, 0x00000007b9c00000)
  object space 161280K, 21% used [0x00000006c1800000,0x00000006c3aa1e80,0x00000006cb580000)
 Metaspace       used 2707K, capacity 4486K, committed 4864K, reserved 1056768K
  class space    used 302K, capacity 386K, committed 512K, reserved 1048576K
}
{Heap before GC invocations=843 (full 1):
 PSYoungGen      total 69120K, used 68736K [0x00000007b9c00000, 0x00000007c0000000, 0x00000007c0000000)
  eden space 35840K, 100% used [0x00000007b9c00000,0x00000007bbf00000,0x00000007bbf00000)
  from space 33280K, 98% used [0x00000007bbf00000,0x00000007bdf20000,0x00000007bdf80000)
  to   space 33280K, 0% used [0x00000007bdf80000,0x00000007bdf80000,0x00000007c0000000)
 ParOldGen       total 161280K, used 35463K [0x00000006c1800000, 0x00000006cb580000, 0x00000007b9c00000)
  object space 161280K, 21% used [0x00000006c1800000,0x00000006c3aa1e80,0x00000006cb580000)
 Metaspace       used 2707K, capacity 4486K, committed 4864K, reserved 1056768K
  class space    used 302K, capacity 386K, committed 512K, reserved 1048576K
[GC (Allocation Failure)  104199K->68391K(230400K), 0.0297087 secs]
Heap after GC invocations=843 (full 1):
 PSYoungGen      total 69120K, used 32928K [0x00000007b9c00000, 0x00000007c0000000, 0x00000007c0000000)
  eden space 35840K, 0% used [0x00000007b9c00000,0x00000007b9c00000,0x00000007bbf00000)
  from space 33280K, 98% used [0x00000007bdf80000,0x00000007bffa8000,0x00000007c0000000)
  to   space 33280K, 0% used [0x00000007bbf00000,0x00000007bbf00000,0x00000007bdf80000)
 ParOldGen       total 161280K, used 35463K [0x00000006c1800000, 0x00000006cb580000, 0x00000007b9c00000)
  object space 161280K, 21% used [0x00000006c1800000,0x00000006c3aa1e80,0x00000006cb580000)
 Metaspace       used 2707K, capacity 4486K, committed 4864K, reserved 1056768K
  class space    used 302K, capacity 386K, committed 512K, reserved 1048576K
}
{Heap before GC invocations=844 (full 1):
 PSYoungGen      total 69120K, used 68768K [0x00000007b9c00000, 0x00000007c0000000, 0x00000007c0000000)
  eden space 35840K, 100% used [0x00000007b9c00000,0x00000007bbf00000,0x00000007bbf00000)
  from space 33280K, 98% used [0x00000007bdf80000,0x00000007bffa8000,0x00000007c0000000)
  to   space 33280K, 0% used [0x00000007bbf00000,0x00000007bbf00000,0x00000007bdf80000)
 ParOldGen       total 161280K, used 35463K [0x00000006c1800000, 0x00000006cb580000, 0x00000007b9c00000)
  object space 161280K, 21% used [0x00000006c1800000,0x00000006c3aa1e80,0x00000006cb580000)
 Metaspace       used 2707K, capacity 4486K, committed 4864K, reserved 1056768K
  class space    used 302K, capacity 386K, committed 512K, reserved 1048576K
[GC (Allocation Failure)  104231K->68327K(230400K), 0.0314844 secs]
Heap after GC invocations=844 (full 1):
 PSYoungGen      total 69120K, used 32864K [0x00000007b9c00000, 0x00000007c0000000, 0x00000007c0000000)
  eden space 35840K, 0% used [0x00000007b9c00000,0x00000007b9c00000,0x00000007bbf00000)
  from space 33280K, 98% used [0x00000007bbf00000,0x00000007bdf18000,0x00000007bdf80000)
  to   space 33280K, 0% used [0x00000007bdf80000,0x00000007bdf80000,0x00000007c0000000)
 ParOldGen       total 161280K, used 35463K [0x00000006c1800000, 0x00000006cb580000, 0x00000007b9c00000)
  object space 161280K, 21% used [0x00000006c1800000,0x00000006c3aa1e80,0x00000006cb580000)
 Metaspace       used 2707K, capacity 4486K, committed 4864K, reserved 1056768K
  class space    used 302K, capacity 386K, committed 512K, reserved 1048576K
}
{Heap before GC invocations=845 (full 1):
 PSYoungGen      total 69120K, used 68704K [0x00000007b9c00000, 0x00000007c0000000, 0x00000007c0000000)
  eden space 35840K, 100% used [0x00000007b9c00000,0x00000007bbf00000,0x00000007bbf00000)
  from space 33280K, 98% used [0x00000007bbf00000,0x00000007bdf18000,0x00000007bdf80000)
  to   space 33280K, 0% used [0x00000007bdf80000,0x00000007bdf80000,0x00000007c0000000)
 ParOldGen       total 161280K, used 35463K [0x00000006c1800000, 0x00000006cb580000, 0x00000007b9c00000)
  object space 161280K, 21% used [0x00000006c1800000,0x00000006c3aa1e80,0x00000006cb580000)
 Metaspace       used 2707K, capacity 4486K, committed 4864K, reserved 1056768K
  class space    used 302K, capacity 386K, committed 512K, reserved 1048576K
[GC (Allocation Failure)  104167K->68359K(230400K), 0.0340019 secs]
Heap after GC invocations=845 (full 1):
 PSYoungGen      total 69120K, used 32896K [0x00000007b9c00000, 0x00000007c0000000, 0x00000007c0000000)
  eden space 35840K, 0% used [0x00000007b9c00000,0x00000007b9c00000,0x00000007bbf00000)
  from space 33280K, 98% used [0x00000007bdf80000,0x00000007bffa0000,0x00000007c0000000)
  to   space 33280K, 0% used [0x00000007bbf00000,0x00000007bbf00000,0x00000007bdf80000)
 ParOldGen       total 161280K, used 35463K [0x00000006c1800000, 0x00000006cb580000, 0x00000007b9c00000)
  object space 161280K, 21% used [0x00000006c1800000,0x00000006c3aa1e80,0x00000006cb580000)
 Metaspace       used 2707K, capacity 4486K, committed 4864K, reserved 1056768K
  class space    used 302K, capacity 386K, committed 512K, reserved 1048576K
}
{Heap before GC invocations=846 (full 1):
 PSYoungGen      total 69120K, used 68736K [0x00000007b9c00000, 0x00000007c0000000, 0x00000007c0000000)
  eden space 35840K, 100% used [0x00000007b9c00000,0x00000007bbf00000,0x00000007bbf00000)
  from space 33280K, 98% used [0x00000007bdf80000,0x00000007bffa0000,0x00000007c0000000)
  to   space 33280K, 0% used [0x00000007bbf00000,0x00000007bbf00000,0x00000007bdf80000)
 ParOldGen       total 161280K, used 35463K [0x00000006c1800000, 0x00000006cb580000, 0x00000007b9c00000)
  object space 161280K, 21% used [0x00000006c1800000,0x00000006c3aa1e80,0x00000006cb580000)
 Metaspace       used 2707K, capacity 4486K, committed 4864K, reserved 1056768K
  class space    used 302K, capacity 386K, committed 512K, reserved 1048576K
[GC (Allocation Failure)  104199K->68327K(230400K), 0.0359388 secs]
Heap after GC invocations=846 (full 1):
 PSYoungGen      total 69120K, used 32864K [0x00000007b9c00000, 0x00000007c0000000, 0x00000007c0000000)
  eden space 35840K, 0% used [0x00000007b9c00000,0x00000007b9c00000,0x00000007bbf00000)
  from space 33280K, 98% used [0x00000007bbf00000,0x00000007bdf18000,0x00000007bdf80000)
  to   space 33280K, 0% used [0x00000007bdf80000,0x00000007bdf80000,0x00000007c0000000)
 ParOldGen       total 161280K, used 35463K [0x00000006c1800000, 0x00000006cb580000, 0x00000007b9c00000)
  object space 161280K, 21% used [0x00000006c1800000,0x00000006c3aa1e80,0x00000006cb580000)
 Metaspace       used 2707K, capacity 4486K, committed 4864K, reserved 1056768K
  class space    used 302K, capacity 386K, committed 512K, reserved 1048576K
}
{Heap before GC invocations=847 (full 1):
 PSYoungGen      total 69120K, used 68704K [0x00000007b9c00000, 0x00000007c0000000, 0x00000007c0000000)
  eden space 35840K, 100% used [0x00000007b9c00000,0x00000007bbf00000,0x00000007bbf00000)
  from space 33280K, 98% used [0x00000007bbf00000,0x00000007bdf18000,0x00000007bdf80000)
  to   space 33280K, 0% used [0x00000007bdf80000,0x00000007bdf80000,0x00000007c0000000)
 ParOldGen       total 161280K, used 35463K [0x00000006c1800000, 0x00000006cb580000, 0x00000007b9c00000)
  object space 161280K, 21% used [0x00000006c1800000,0x00000006c3aa1e80,0x00000006cb580000)
 Metaspace       used 2707K, capacity 4486K, committed 4864K, reserved 1056768K
  class space    used 302K, capacity 386K, committed 512K, reserved 1048576K
[GC (Allocation Failure)  104167K->68359K(230400K), 0.0372214 secs]
Heap after GC invocations=847 (full 1):
 PSYoungGen      total 69120K, used 32896K [0x00000007b9c00000, 0x00000007c0000000, 0x00000007c0000000)
  eden space 35840K, 0% used [0x00000007b9c00000,0x00000007b9c00000,0x00000007bbf00000)
  from space 33280K, 98% used [0x00000007bdf80000,0x00000007bffa0000,0x00000007c0000000)
  to   space 33280K, 0% used [0x00000007bbf00000,0x00000007bbf00000,0x00000007bdf80000)
 ParOldGen       total 161280K, used 35463K [0x00000006c1800000, 0x00000006cb580000, 0x00000007b9c00000)
  object space 161280K, 21% used [0x00000006c1800000,0x00000006c3aa1e80,0x00000006cb580000)
 Metaspace       used 2707K, capacity 4486K, committed 4864K, reserved 1056768K
  class space    used 302K, capacity 386K, committed 512K, reserved 1048576K
}
{Heap before GC invocations=848 (full 1):
 PSYoungGen      total 69120K, used 68736K [0x00000007b9c00000, 0x00000007c0000000, 0x00000007c0000000)
  eden space 35840K, 100% used [0x00000007b9c00000,0x00000007bbf00000,0x00000007bbf00000)
  from space 33280K, 98% used [0x00000007bdf80000,0x00000007bffa0000,0x00000007c0000000)
  to   space 33280K, 0% used [0x00000007bbf00000,0x00000007bbf00000,0x00000007bdf80000)
 ParOldGen       total 161280K, used 35463K [0x00000006c1800000, 0x00000006cb580000, 0x00000007b9c00000)
  object space 161280K, 21% used [0x00000006c1800000,0x00000006c3aa1e80,0x00000006cb580000)
 Metaspace       used 2707K, capacity 4486K, committed 4864K, reserved 1056768K
  class space    used 302K, capacity 386K, committed 512K, reserved 1048576K
[GC (Allocation Failure)  104199K->68359K(230400K), 0.0329799 secs]
Heap after GC invocations=848 (full 1):
 PSYoungGen      total 69120K, used 32896K [0x00000007b9c00000, 0x00000007c0000000, 0x00000007c0000000)
  eden space 35840K, 0% used [0x00000007b9c00000,0x00000007b9c00000,0x00000007bbf00000)
  from space 33280K, 98% used [0x00000007bbf00000,0x00000007bdf20000,0x00000007bdf80000)
  to   space 33280K, 0% used [0x00000007bdf80000,0x00000007bdf80000,0x00000007c0000000)
 ParOldGen       total 161280K, used 35463K [0x00000006c1800000, 0x00000006cb580000, 0x00000007b9c00000)
  object space 161280K, 21% used [0x00000006c1800000,0x00000006c3aa1e80,0x00000006cb580000)
 Metaspace       used 2707K, capacity 4486K, committed 4864K, reserved 1056768K
  class space    used 302K, capacity 386K, committed 512K, reserved 1048576K
}
{Heap before GC invocations=849 (full 1):
 PSYoungGen      total 69120K, used 68736K [0x00000007b9c00000, 0x00000007c0000000, 0x00000007c0000000)
  eden space 35840K, 100% used [0x00000007b9c00000,0x00000007bbf00000,0x00000007bbf00000)
  from space 33280K, 98% used [0x00000007bbf00000,0x00000007bdf20000,0x00000007bdf80000)
  to   space 33280K, 0% used [0x00000007bdf80000,0x00000007bdf80000,0x00000007c0000000)
 ParOldGen       total 161280K, used 35463K [0x00000006c1800000, 0x00000006cb580000, 0x00000007b9c00000)
  object space 161280K, 21% used [0x00000006c1800000,0x00000006c3aa1e80,0x00000006cb580000)
 Metaspace       used 2707K, capacity 4486K, committed 4864K, reserved 1056768K
  class space    used 302K, capacity 386K, committed 512K, reserved 1048576K
[GC (Allocation Failure)  104199K->68359K(230400K), 0.0319558 secs]
Heap after GC invocations=849 (full 1):
 PSYoungGen      total 69120K, used 32896K [0x00000007b9c00000, 0x00000007c0000000, 0x00000007c0000000)
  eden space 35840K, 0% used [0x00000007b9c00000,0x00000007b9c00000,0x00000007bbf00000)
  from space 33280K, 98% used [0x00000007bdf80000,0x00000007bffa0000,0x00000007c0000000)
  to   space 33280K, 0% used [0x00000007bbf00000,0x00000007bbf00000,0x00000007bdf80000)
 ParOldGen       total 161280K, used 35463K [0x00000006c1800000, 0x00000006cb580000, 0x00000007b9c00000)
  object space 161280K, 21% used [0x00000006c1800000,0x00000006c3aa1e80,0x00000006cb580000)
 Metaspace       used 2707K, capacity 4486K, committed 4864K, reserved 1056768K
  class space    used 302K, capacity 386K, committed 512K, reserved 1048576K
}
{Heap before GC invocations=850 (full 1):
 PSYoungGen      total 69120K, used 68736K [0x00000007b9c00000, 0x00000007c0000000, 0x00000007c0000000)
  eden space 35840K, 100% used [0x00000007b9c00000,0x00000007bbf00000,0x00000007bbf00000)
  from space 33280K, 98% used [0x00000007bdf80000,0x00000007bffa0000,0x00000007c0000000)
  to   space 33280K, 0% used [0x00000007bbf00000,0x00000007bbf00000,0x00000007bdf80000)
 ParOldGen       total 161280K, used 35463K [0x00000006c1800000, 0x00000006cb580000, 0x00000007b9c00000)
  object space 161280K, 21% used [0x00000006c1800000,0x00000006c3aa1e80,0x00000006cb580000)
 Metaspace       used 2707K, capacity 4486K, committed 4864K, reserved 1056768K
  class space    used 302K, capacity 386K, committed 512K, reserved 1048576K
[GC (Allocation Failure)  104199K->68359K(230400K), 0.0316011 secs]
Heap after GC invocations=850 (full 1):
 PSYoungGen      total 69120K, used 32896K [0x00000007b9c00000, 0x00000007c0000000, 0x00000007c0000000)
  eden space 35840K, 0% used [0x00000007b9c00000,0x00000007b9c00000,0x00000007bbf00000)
  from space 33280K, 98% used [0x00000007bbf00000,0x00000007bdf20000,0x00000007bdf80000)
  to   space 33280K, 0% used [0x00000007bdf80000,0x00000007bdf80000,0x00000007c0000000)
 ParOldGen       total 161280K, used 35463K [0x00000006c1800000, 0x00000006cb580000, 0x00000007b9c00000)
  object space 161280K, 21% used [0x00000006c1800000,0x00000006c3aa1e80,0x00000006cb580000)
 Metaspace       used 2707K, capacity 4486K, committed 4864K, reserved 1056768K
  class space    used 302K, capacity 386K, committed 512K, reserved 1048576K
}
{Heap before GC invocations=851 (full 1):
 PSYoungGen      total 69120K, used 68736K [0x00000007b9c00000, 0x00000007c0000000, 0x00000007c0000000)
  eden space 35840K, 100% used [0x00000007b9c00000,0x00000007bbf00000,0x00000007bbf00000)
  from space 33280K, 98% used [0x00000007bbf00000,0x00000007bdf20000,0x00000007bdf80000)
  to   space 33280K, 0% used [0x00000007bdf80000,0x00000007bdf80000,0x00000007c0000000)
 ParOldGen       total 161280K, used 35463K [0x00000006c1800000, 0x00000006cb580000, 0x00000007b9c00000)
  object space 161280K, 21% used [0x00000006c1800000,0x00000006c3aa1e80,0x00000006cb580000)
 Metaspace       used 2707K, capacity 4486K, committed 4864K, reserved 1056768K
  class space    used 302K, capacity 386K, committed 512K, reserved 1048576K
[GC (Allocation Failure)  104199K->68359K(230400K), 0.0314833 secs]
Heap after GC invocations=851 (full 1):
 PSYoungGen      total 69120K, used 32896K [0x00000007b9c00000, 0x00000007c0000000, 0x00000007c0000000)
  eden space 35840K, 0% used [0x00000007b9c00000,0x00000007b9c00000,0x00000007bbf00000)
  from space 33280K, 98% used [0x00000007bdf80000,0x00000007bffa0000,0x00000007c0000000)
  to   space 33280K, 0% used [0x00000007bbf00000,0x00000007bbf00000,0x00000007bdf80000)
 ParOldGen       total 161280K, used 35463K [0x00000006c1800000, 0x00000006cb580000, 0x00000007b9c00000)
  object space 161280K, 21% used [0x00000006c1800000,0x00000006c3aa1e80,0x00000006cb580000)
 Metaspace       used 2707K, capacity 4486K, committed 4864K, reserved 1056768K
  class space    used 302K, capacity 386K, committed 512K, reserved 1048576K
}
{Heap before GC invocations=852 (full 1):
 PSYoungGen      total 69120K, used 68736K [0x00000007b9c00000, 0x00000007c0000000, 0x00000007c0000000)
  eden space 35840K, 100% used [0x00000007b9c00000,0x00000007bbf00000,0x00000007bbf00000)
  from space 33280K, 98% used [0x00000007bdf80000,0x00000007bffa0000,0x00000007c0000000)
  to   space 33280K, 0% used [0x00000007bbf00000,0x00000007bbf00000,0x00000007bdf80000)
 ParOldGen       total 161280K, used 35463K [0x00000006c1800000, 0x00000006cb580000, 0x00000007b9c00000)
  object space 161280K, 21% used [0x00000006c1800000,0x00000006c3aa1e80,0x00000006cb580000)
 Metaspace       used 2707K, capacity 4486K, committed 4864K, reserved 1056768K
  class space    used 302K, capacity 386K, committed 512K, reserved 1048576K
[GC (Allocation Failure)  104199K->68327K(230400K), 0.0317448 secs]
Heap after GC invocations=852 (full 1):
 PSYoungGen      total 69120K, used 32864K [0x00000007b9c00000, 0x00000007c0000000, 0x00000007c0000000)
  eden space 35840K, 0% used [0x00000007b9c00000,0x00000007b9c00000,0x00000007bbf00000)
  from space 33280K, 98% used [0x00000007bbf00000,0x00000007bdf18000,0x00000007bdf80000)
  to   space 33280K, 0% used [0x00000007bdf80000,0x00000007bdf80000,0x00000007c0000000)
 ParOldGen       total 161280K, used 35463K [0x00000006c1800000, 0x00000006cb580000, 0x00000007b9c00000)
  object space 161280K, 21% used [0x00000006c1800000,0x00000006c3aa1e80,0x00000006cb580000)
 Metaspace       used 2707K, capacity 4486K, committed 4864K, reserved 1056768K
  class space    used 302K, capacity 386K, committed 512K, reserved 1048576K
}
{Heap before GC invocations=853 (full 1):
 PSYoungGen      total 69120K, used 68704K [0x00000007b9c00000, 0x00000007c0000000, 0x00000007c0000000)
  eden space 35840K, 100% used [0x00000007b9c00000,0x00000007bbf00000,0x00000007bbf00000)
  from space 33280K, 98% used [0x00000007bbf00000,0x00000007bdf18000,0x00000007bdf80000)
  to   space 33280K, 0% used [0x00000007bdf80000,0x00000007bdf80000,0x00000007c0000000)
 ParOldGen       total 161280K, used 35463K [0x00000006c1800000, 0x00000006cb580000, 0x00000007b9c00000)
  object space 161280K, 21% used [0x00000006c1800000,0x00000006c3aa1e80,0x00000006cb580000)
 Metaspace       used 2707K, capacity 4486K, committed 4864K, reserved 1056768K
  class space    used 302K, capacity 386K, committed 512K, reserved 1048576K
[GC (Allocation Failure)  104167K->68359K(230400K), 0.0337040 secs]
Heap after GC invocations=853 (full 1):
 PSYoungGen      total 69120K, used 32896K [0x00000007b9c00000, 0x00000007c0000000, 0x00000007c0000000)
  eden space 35840K, 0% used [0x00000007b9c00000,0x00000007b9c00000,0x00000007bbf00000)
  from space 33280K, 98% used [0x00000007bdf80000,0x00000007bffa0000,0x00000007c0000000)
  to   space 33280K, 0% used [0x00000007bbf00000,0x00000007bbf00000,0x00000007bdf80000)
 ParOldGen       total 161280K, used 35463K [0x00000006c1800000, 0x00000006cb580000, 0x00000007b9c00000)
  object space 161280K, 21% used [0x00000006c1800000,0x00000006c3aa1e80,0x00000006cb580000)
 Metaspace       used 2707K, capacity 4486K, committed 4864K, reserved 1056768K
  class space    used 302K, capacity 386K, committed 512K, reserved 1048576K
}
{Heap before GC invocations=854 (full 1):
 PSYoungGen      total 69120K, used 68736K [0x00000007b9c00000, 0x00000007c0000000, 0x00000007c0000000)
  eden space 35840K, 100% used [0x00000007b9c00000,0x00000007bbf00000,0x00000007bbf00000)
  from space 33280K, 98% used [0x00000007bdf80000,0x00000007bffa0000,0x00000007c0000000)
  to   space 33280K, 0% used [0x00000007bbf00000,0x00000007bbf00000,0x00000007bdf80000)
 ParOldGen       total 161280K, used 35463K [0x00000006c1800000, 0x00000006cb580000, 0x00000007b9c00000)
  object space 161280K, 21% used [0x00000006c1800000,0x00000006c3aa1e80,0x00000006cb580000)
 Metaspace       used 2707K, capacity 4486K, committed 4864K, reserved 1056768K
  class space    used 302K, capacity 386K, committed 512K, reserved 1048576K
[GC (Allocation Failure)  104199K->68359K(230400K), 0.0318169 secs]
Heap after GC invocations=854 (full 1):
 PSYoungGen      total 69120K, used 32896K [0x00000007b9c00000, 0x00000007c0000000, 0x00000007c0000000)
  eden space 35840K, 0% used [0x00000007b9c00000,0x00000007b9c00000,0x00000007bbf00000)
  from space 33280K, 98% used [0x00000007bbf00000,0x00000007bdf20000,0x00000007bdf80000)
  to   space 33280K, 0% used [0x00000007bdf80000,0x00000007bdf80000,0x00000007c0000000)
 ParOldGen       total 161280K, used 35463K [0x00000006c1800000, 0x00000006cb580000, 0x00000007b9c00000)
  object space 161280K, 21% used [0x00000006c1800000,0x00000006c3aa1e80,0x00000006cb580000)
 Metaspace       used 2707K, capacity 4486K, committed 4864K, reserved 1056768K
  class space    used 302K, capacity 386K, committed 512K, reserved 1048576K
}
{Heap before GC invocations=855 (full 1):
 PSYoungGen      total 69120K, used 68736K [0x00000007b9c00000, 0x00000007c0000000, 0x00000007c0000000)
  eden space 35840K, 100% used [0x00000007b9c00000,0x00000007bbf00000,0x00000007bbf00000)
  from space 33280K, 98% used [0x00000007bbf00000,0x00000007bdf20000,0x00000007bdf80000)
  to   space 33280K, 0% used [0x00000007bdf80000,0x00000007bdf80000,0x00000007c0000000)
 ParOldGen       total 161280K, used 35463K [0x00000006c1800000, 0x00000006cb580000, 0x00000007b9c00000)
  object space 161280K, 21% used [0x00000006c1800000,0x00000006c3aa1e80,0x00000006cb580000)
 Metaspace       used 2707K, capacity 4486K, committed 4864K, reserved 1056768K
  class space    used 302K, capacity 386K, committed 512K, reserved 1048576K
[GC (Allocation Failure)  104199K->68359K(230400K), 0.0320154 secs]
Heap after GC invocations=855 (full 1):
 PSYoungGen      total 69120K, used 32896K [0x00000007b9c00000, 0x00000007c0000000, 0x00000007c0000000)
  eden space 35840K, 0% used [0x00000007b9c00000,0x00000007b9c00000,0x00000007bbf00000)
  from space 33280K, 98% used [0x00000007bdf80000,0x00000007bffa0000,0x00000007c0000000)
  to   space 33280K, 0% used [0x00000007bbf00000,0x00000007bbf00000,0x00000007bdf80000)
 ParOldGen       total 161280K, used 35463K [0x00000006c1800000, 0x00000006cb580000, 0x00000007b9c00000)
  object space 161280K, 21% used [0x00000006c1800000,0x00000006c3aa1e80,0x00000006cb580000)
 Metaspace       used 2707K, capacity 4486K, committed 4864K, reserved 1056768K
  class space    used 302K, capacity 386K, committed 512K, reserved 1048576K
}
{Heap before GC invocations=856 (full 1):
 PSYoungGen      total 69120K, used 68736K [0x00000007b9c00000, 0x00000007c0000000, 0x00000007c0000000)
  eden space 35840K, 100% used [0x00000007b9c00000,0x00000007bbf00000,0x00000007bbf00000)
  from space 33280K, 98% used [0x00000007bdf80000,0x00000007bffa0000,0x00000007c0000000)
  to   space 33280K, 0% used [0x00000007bbf00000,0x00000007bbf00000,0x00000007bdf80000)
 ParOldGen       total 161280K, used 35463K [0x00000006c1800000, 0x00000006cb580000, 0x00000007b9c00000)
  object space 161280K, 21% used [0x00000006c1800000,0x00000006c3aa1e80,0x00000006cb580000)
 Metaspace       used 2707K, capacity 4486K, committed 4864K, reserved 1056768K
  class space    used 302K, capacity 386K, committed 512K, reserved 1048576K
[GC (Allocation Failure)  104199K->68391K(230400K), 0.0326894 secs]
Heap after GC invocations=856 (full 1):
 PSYoungGen      total 69120K, used 32928K [0x00000007b9c00000, 0x00000007c0000000, 0x00000007c0000000)
  eden space 35840K, 0% used [0x00000007b9c00000,0x00000007b9c00000,0x00000007bbf00000)
  from space 33280K, 98% used [0x00000007bbf00000,0x00000007bdf28000,0x00000007bdf80000)
  to   space 33280K, 0% used [0x00000007bdf80000,0x00000007bdf80000,0x00000007c0000000)
 ParOldGen       total 161280K, used 35463K [0x00000006c1800000, 0x00000006cb580000, 0x00000007b9c00000)
  object space 161280K, 21% used [0x00000006c1800000,0x00000006c3aa1e80,0x00000006cb580000)
 Metaspace       used 2707K, capacity 4486K, committed 4864K, reserved 1056768K
  class space    used 302K, capacity 386K, committed 512K, reserved 1048576K
}
{Heap before GC invocations=857 (full 1):
 PSYoungGen      total 69120K, used 68768K [0x00000007b9c00000, 0x00000007c0000000, 0x00000007c0000000)
  eden space 35840K, 100% used [0x00000007b9c00000,0x00000007bbf00000,0x00000007bbf00000)
  from space 33280K, 98% used [0x00000007bbf00000,0x00000007bdf28000,0x00000007bdf80000)
  to   space 33280K, 0% used [0x00000007bdf80000,0x00000007bdf80000,0x00000007c0000000)
 ParOldGen       total 161280K, used 35463K [0x00000006c1800000, 0x00000006cb580000, 0x00000007b9c00000)
  object space 161280K, 21% used [0x00000006c1800000,0x00000006c3aa1e80,0x00000006cb580000)
 Metaspace       used 2707K, capacity 4486K, committed 4864K, reserved 1056768K
  class space    used 302K, capacity 386K, committed 512K, reserved 1048576K
[GC (Allocation Failure)  104231K->68391K(230400K), 0.0372763 secs]
Heap after GC invocations=857 (full 1):
 PSYoungGen      total 69120K, used 32928K [0x00000007b9c00000, 0x00000007c0000000, 0x00000007c0000000)
  eden space 35840K, 0% used [0x00000007b9c00000,0x00000007b9c00000,0x00000007bbf00000)
  from space 33280K, 98% used [0x00000007bdf80000,0x00000007bffa8000,0x00000007c0000000)
  to   space 33280K, 0% used [0x00000007bbf00000,0x00000007bbf00000,0x00000007bdf80000)
 ParOldGen       total 161280K, used 35463K [0x00000006c1800000, 0x00000006cb580000, 0x00000007b9c00000)
  object space 161280K, 21% used [0x00000006c1800000,0x00000006c3aa1e80,0x00000006cb580000)
 Metaspace       used 2707K, capacity 4486K, committed 4864K, reserved 1056768K
  class space    used 302K, capacity 386K, committed 512K, reserved 1048576K
}
{Heap before GC invocations=858 (full 1):
 PSYoungGen      total 69120K, used 68768K [0x00000007b9c00000, 0x00000007c0000000, 0x00000007c0000000)
  eden space 35840K, 100% used [0x00000007b9c00000,0x00000007bbf00000,0x00000007bbf00000)
  from space 33280K, 98% used [0x00000007bdf80000,0x00000007bffa8000,0x00000007c0000000)
  to   space 33280K, 0% used [0x00000007bbf00000,0x00000007bbf00000,0x00000007bdf80000)
 ParOldGen       total 161280K, used 35463K [0x00000006c1800000, 0x00000006cb580000, 0x00000007b9c00000)
  object space 161280K, 21% used [0x00000006c1800000,0x00000006c3aa1e80,0x00000006cb580000)
 Metaspace       used 2707K, capacity 4486K, committed 4864K, reserved 1056768K
  class space    used 302K, capacity 386K, committed 512K, reserved 1048576K
[GC (Allocation Failure)  104231K->68327K(230400K), 0.0326853 secs]
Heap after GC invocations=858 (full 1):
 PSYoungGen      total 69120K, used 32864K [0x00000007b9c00000, 0x00000007c0000000, 0x00000007c0000000)
  eden space 35840K, 0% used [0x00000007b9c00000,0x00000007b9c00000,0x00000007bbf00000)
  from space 33280K, 98% used [0x00000007bbf00000,0x00000007bdf18000,0x00000007bdf80000)
  to   space 33280K, 0% used [0x00000007bdf80000,0x00000007bdf80000,0x00000007c0000000)
 ParOldGen       total 161280K, used 35463K [0x00000006c1800000, 0x00000006cb580000, 0x00000007b9c00000)
  object space 161280K, 21% used [0x00000006c1800000,0x00000006c3aa1e80,0x00000006cb580000)
 Metaspace       used 2707K, capacity 4486K, committed 4864K, reserved 1056768K
  class space    used 302K, capacity 386K, committed 512K, reserved 1048576K
}
{Heap before GC invocations=859 (full 1):
 PSYoungGen      total 69120K, used 68704K [0x00000007b9c00000, 0x00000007c0000000, 0x00000007c0000000)
  eden space 35840K, 100% used [0x00000007b9c00000,0x00000007bbf00000,0x00000007bbf00000)
  from space 33280K, 98% used [0x00000007bbf00000,0x00000007bdf18000,0x00000007bdf80000)
  to   space 33280K, 0% used [0x00000007bdf80000,0x00000007bdf80000,0x00000007c0000000)
 ParOldGen       total 161280K, used 35463K [0x00000006c1800000, 0x00000006cb580000, 0x00000007b9c00000)
  object space 161280K, 21% used [0x00000006c1800000,0x00000006c3aa1e80,0x00000006cb580000)
 Metaspace       used 2707K, capacity 4486K, committed 4864K, reserved 1056768K
  class space    used 302K, capacity 386K, committed 512K, reserved 1048576K
[GC (Allocation Failure)  104167K->68359K(230400K), 0.0329029 secs]
Heap after GC invocations=859 (full 1):
 PSYoungGen      total 69120K, used 32896K [0x00000007b9c00000, 0x00000007c0000000, 0x00000007c0000000)
  eden space 35840K, 0% used [0x00000007b9c00000,0x00000007b9c00000,0x00000007bbf00000)
  from space 33280K, 98% used [0x00000007bdf80000,0x00000007bffa0000,0x00000007c0000000)
  to   space 33280K, 0% used [0x00000007bbf00000,0x00000007bbf00000,0x00000007bdf80000)
 ParOldGen       total 161280K, used 35463K [0x00000006c1800000, 0x00000006cb580000, 0x00000007b9c00000)
  object space 161280K, 21% used [0x00000006c1800000,0x00000006c3aa1e80,0x00000006cb580000)
 Metaspace       used 2707K, capacity 4486K, committed 4864K, reserved 1056768K
  class space    used 302K, capacity 386K, committed 512K, reserved 1048576K
}
{Heap before GC invocations=860 (full 1):
 PSYoungGen      total 69120K, used 68736K [0x00000007b9c00000, 0x00000007c0000000, 0x00000007c0000000)
  eden space 35840K, 100% used [0x00000007b9c00000,0x00000007bbf00000,0x00000007bbf00000)
  from space 33280K, 98% used [0x00000007bdf80000,0x00000007bffa0000,0x00000007c0000000)
  to   space 33280K, 0% used [0x00000007bbf00000,0x00000007bbf00000,0x00000007bdf80000)
 ParOldGen       total 161280K, used 35463K [0x00000006c1800000, 0x00000006cb580000, 0x00000007b9c00000)
  object space 161280K, 21% used [0x00000006c1800000,0x00000006c3aa1e80,0x00000006cb580000)
 Metaspace       used 2707K, capacity 4486K, committed 4864K, reserved 1056768K
  class space    used 302K, capacity 386K, committed 512K, reserved 1048576K
[GC (Allocation Failure)  104199K->68327K(230400K), 0.0324371 secs]
Heap after GC invocations=860 (full 1):
 PSYoungGen      total 69120K, used 32864K [0x00000007b9c00000, 0x00000007c0000000, 0x00000007c0000000)
  eden space 35840K, 0% used [0x00000007b9c00000,0x00000007b9c00000,0x00000007bbf00000)
  from space 33280K, 98% used [0x00000007bbf00000,0x00000007bdf18000,0x00000007bdf80000)
  to   space 33280K, 0% used [0x00000007bdf80000,0x00000007bdf80000,0x00000007c0000000)
 ParOldGen       total 161280K, used 35463K [0x00000006c1800000, 0x00000006cb580000, 0x00000007b9c00000)
  object space 161280K, 21% used [0x00000006c1800000,0x00000006c3aa1e80,0x00000006cb580000)
 Metaspace       used 2707K, capacity 4486K, committed 4864K, reserved 1056768K
  class space    used 302K, capacity 386K, committed 512K, reserved 1048576K
}
{Heap before GC invocations=861 (full 1):
 PSYoungGen      total 69120K, used 68704K [0x00000007b9c00000, 0x00000007c0000000, 0x00000007c0000000)
  eden space 35840K, 100% used [0x00000007b9c00000,0x00000007bbf00000,0x00000007bbf00000)
  from space 33280K, 98% used [0x00000007bbf00000,0x00000007bdf18000,0x00000007bdf80000)
  to   space 33280K, 0% used [0x00000007bdf80000,0x00000007bdf80000,0x00000007c0000000)
 ParOldGen       total 161280K, used 35463K [0x00000006c1800000, 0x00000006cb580000, 0x00000007b9c00000)
  object space 161280K, 21% used [0x00000006c1800000,0x00000006c3aa1e80,0x00000006cb580000)
 Metaspace       used 2707K, capacity 4486K, committed 4864K, reserved 1056768K
  class space    used 302K, capacity 386K, committed 512K, reserved 1048576K
[GC (Allocation Failure)  104167K->68359K(230400K), 0.0323142 secs]
Heap after GC invocations=861 (full 1):
 PSYoungGen      total 69120K, used 32896K [0x00000007b9c00000, 0x00000007c0000000, 0x00000007c0000000)
  eden space 35840K, 0% used [0x00000007b9c00000,0x00000007b9c00000,0x00000007bbf00000)
  from space 33280K, 98% used [0x00000007bdf80000,0x00000007bffa0000,0x00000007c0000000)
  to   space 33280K, 0% used [0x00000007bbf00000,0x00000007bbf00000,0x00000007bdf80000)
 ParOldGen       total 161280K, used 35463K [0x00000006c1800000, 0x00000006cb580000, 0x00000007b9c00000)
  object space 161280K, 21% used [0x00000006c1800000,0x00000006c3aa1e80,0x00000006cb580000)
 Metaspace       used 2707K, capacity 4486K, committed 4864K, reserved 1056768K
  class space    used 302K, capacity 386K, committed 512K, reserved 1048576K
}
{Heap before GC invocations=862 (full 1):
 PSYoungGen      total 69120K, used 68736K [0x00000007b9c00000, 0x00000007c0000000, 0x00000007c0000000)
  eden space 35840K, 100% used [0x00000007b9c00000,0x00000007bbf00000,0x00000007bbf00000)
  from space 33280K, 98% used [0x00000007bdf80000,0x00000007bffa0000,0x00000007c0000000)
  to   space 33280K, 0% used [0x00000007bbf00000,0x00000007bbf00000,0x00000007bdf80000)
 ParOldGen       total 161280K, used 35463K [0x00000006c1800000, 0x00000006cb580000, 0x00000007b9c00000)
  object space 161280K, 21% used [0x00000006c1800000,0x00000006c3aa1e80,0x00000006cb580000)
 Metaspace       used 2707K, capacity 4486K, committed 4864K, reserved 1056768K
  class space    used 302K, capacity 386K, committed 512K, reserved 1048576K
[GC (Allocation Failure)  104199K->68359K(230400K), 0.0311672 secs]
Heap after GC invocations=862 (full 1):
 PSYoungGen      total 69120K, used 32896K [0x00000007b9c00000, 0x00000007c0000000, 0x00000007c0000000)
  eden space 35840K, 0% used [0x00000007b9c00000,0x00000007b9c00000,0x00000007bbf00000)
  from space 33280K, 98% used [0x00000007bbf00000,0x00000007bdf20000,0x00000007bdf80000)
  to   space 33280K, 0% used [0x00000007bdf80000,0x00000007bdf80000,0x00000007c0000000)
 ParOldGen       total 161280K, used 35463K [0x00000006c1800000, 0x00000006cb580000, 0x00000007b9c00000)
  object space 161280K, 21% used [0x00000006c1800000,0x00000006c3aa1e80,0x00000006cb580000)
 Metaspace       used 2707K, capacity 4486K, committed 4864K, reserved 1056768K
  class space    used 302K, capacity 386K, committed 512K, reserved 1048576K
}
{Heap before GC invocations=863 (full 1):
 PSYoungGen      total 69120K, used 68736K [0x00000007b9c00000, 0x00000007c0000000, 0x00000007c0000000)
  eden space 35840K, 100% used [0x00000007b9c00000,0x00000007bbf00000,0x00000007bbf00000)
  from space 33280K, 98% used [0x00000007bbf00000,0x00000007bdf20000,0x00000007bdf80000)
  to   space 33280K, 0% used [0x00000007bdf80000,0x00000007bdf80000,0x00000007c0000000)
 ParOldGen       total 161280K, used 35463K [0x00000006c1800000, 0x00000006cb580000, 0x00000007b9c00000)
  object space 161280K, 21% used [0x00000006c1800000,0x00000006c3aa1e80,0x00000006cb580000)
 Metaspace       used 2707K, capacity 4486K, committed 4864K, reserved 1056768K
  class space    used 302K, capacity 386K, committed 512K, reserved 1048576K
[GC (Allocation Failure)  104199K->68327K(230400K), 0.0311895 secs]
Heap after GC invocations=863 (full 1):
 PSYoungGen      total 69120K, used 32864K [0x00000007b9c00000, 0x00000007c0000000, 0x00000007c0000000)
  eden space 35840K, 0% used [0x00000007b9c00000,0x00000007b9c00000,0x00000007bbf00000)
  from space 33280K, 98% used [0x00000007bdf80000,0x00000007bff98000,0x00000007c0000000)
  to   space 33280K, 0% used [0x00000007bbf00000,0x00000007bbf00000,0x00000007bdf80000)
 ParOldGen       total 161280K, used 35463K [0x00000006c1800000, 0x00000006cb580000, 0x00000007b9c00000)
  object space 161280K, 21% used [0x00000006c1800000,0x00000006c3aa1e80,0x00000006cb580000)
 Metaspace       used 2707K, capacity 4486K, committed 4864K, reserved 1056768K
  class space    used 302K, capacity 386K, committed 512K, reserved 1048576K
}
{Heap before GC invocations=864 (full 1):
 PSYoungGen      total 69120K, used 68704K [0x00000007b9c00000, 0x00000007c0000000, 0x00000007c0000000)
  eden space 35840K, 100% used [0x00000007b9c00000,0x00000007bbf00000,0x00000007bbf00000)
  from space 33280K, 98% used [0x00000007bdf80000,0x00000007bff98000,0x00000007c0000000)
  to   space 33280K, 0% used [0x00000007bbf00000,0x00000007bbf00000,0x00000007bdf80000)
 ParOldGen       total 161280K, used 35463K [0x00000006c1800000, 0x00000006cb580000, 0x00000007b9c00000)
  object space 161280K, 21% used [0x00000006c1800000,0x00000006c3aa1e80,0x00000006cb580000)
 Metaspace       used 2707K, capacity 4486K, committed 4864K, reserved 1056768K
  class space    used 302K, capacity 386K, committed 512K, reserved 1048576K
[GC (Allocation Failure)  104167K->68359K(230400K), 0.0371311 secs]
Heap after GC invocations=864 (full 1):
 PSYoungGen      total 69120K, used 32896K [0x00000007b9c00000, 0x00000007c0000000, 0x00000007c0000000)
  eden space 35840K, 0% used [0x00000007b9c00000,0x00000007b9c00000,0x00000007bbf00000)
  from space 33280K, 98% used [0x00000007bbf00000,0x00000007bdf20000,0x00000007bdf80000)
  to   space 33280K, 0% used [0x00000007bdf80000,0x00000007bdf80000,0x00000007c0000000)
 ParOldGen       total 161280K, used 35463K [0x00000006c1800000, 0x00000006cb580000, 0x00000007b9c00000)
  object space 161280K, 21% used [0x00000006c1800000,0x00000006c3aa1e80,0x00000006cb580000)
 Metaspace       used 2707K, capacity 4486K, committed 4864K, reserved 1056768K
  class space    used 302K, capacity 386K, committed 512K, reserved 1048576K
}
{Heap before GC invocations=865 (full 1):
 PSYoungGen      total 69120K, used 68736K [0x00000007b9c00000, 0x00000007c0000000, 0x00000007c0000000)
  eden space 35840K, 100% used [0x00000007b9c00000,0x00000007bbf00000,0x00000007bbf00000)
  from space 33280K, 98% used [0x00000007bbf00000,0x00000007bdf20000,0x00000007bdf80000)
  to   space 33280K, 0% used [0x00000007bdf80000,0x00000007bdf80000,0x00000007c0000000)
 ParOldGen       total 161280K, used 35463K [0x00000006c1800000, 0x00000006cb580000, 0x00000007b9c00000)
  object space 161280K, 21% used [0x00000006c1800000,0x00000006c3aa1e80,0x00000006cb580000)
 Metaspace       used 2707K, capacity 4486K, committed 4864K, reserved 1056768K
  class space    used 302K, capacity 386K, committed 512K, reserved 1048576K
[GC (Allocation Failure)  104199K->68359K(230400K), 0.0340576 secs]
Heap after GC invocations=865 (full 1):
 PSYoungGen      total 69120K, used 32896K [0x00000007b9c00000, 0x00000007c0000000, 0x00000007c0000000)
  eden space 35840K, 0% used [0x00000007b9c00000,0x00000007b9c00000,0x00000007bbf00000)
  from space 33280K, 98% used [0x00000007bdf80000,0x00000007bffa0000,0x00000007c0000000)
  to   space 33280K, 0% used [0x00000007bbf00000,0x00000007bbf00000,0x00000007bdf80000)
 ParOldGen       total 161280K, used 35463K [0x00000006c1800000, 0x00000006cb580000, 0x00000007b9c00000)
  object space 161280K, 21% used [0x00000006c1800000,0x00000006c3aa1e80,0x00000006cb580000)
 Metaspace       used 2707K, capacity 4486K, committed 4864K, reserved 1056768K
  class space    used 302K, capacity 386K, committed 512K, reserved 1048576K
}
{Heap before GC invocations=866 (full 1):
 PSYoungGen      total 69120K, used 68736K [0x00000007b9c00000, 0x00000007c0000000, 0x00000007c0000000)
  eden space 35840K, 100% used [0x00000007b9c00000,0x00000007bbf00000,0x00000007bbf00000)
  from space 33280K, 98% used [0x00000007bdf80000,0x00000007bffa0000,0x00000007c0000000)
  to   space 33280K, 0% used [0x00000007bbf00000,0x00000007bbf00000,0x00000007bdf80000)
 ParOldGen       total 161280K, used 35463K [0x00000006c1800000, 0x00000006cb580000, 0x00000007b9c00000)
  object space 161280K, 21% used [0x00000006c1800000,0x00000006c3aa1e80,0x00000006cb580000)
 Metaspace       used 2707K, capacity 4486K, committed 4864K, reserved 1056768K
  class space    used 302K, capacity 386K, committed 512K, reserved 1048576K
[GC (Allocation Failure)  104199K->68359K(230400K), 0.0321393 secs]
Heap after GC invocations=866 (full 1):
 PSYoungGen      total 69120K, used 32896K [0x00000007b9c00000, 0x00000007c0000000, 0x00000007c0000000)
  eden space 35840K, 0% used [0x00000007b9c00000,0x00000007b9c00000,0x00000007bbf00000)
  from space 33280K, 98% used [0x00000007bbf00000,0x00000007bdf20000,0x00000007bdf80000)
  to   space 33280K, 0% used [0x00000007bdf80000,0x00000007bdf80000,0x00000007c0000000)
 ParOldGen       total 161280K, used 35463K [0x00000006c1800000, 0x00000006cb580000, 0x00000007b9c00000)
  object space 161280K, 21% used [0x00000006c1800000,0x00000006c3aa1e80,0x00000006cb580000)
 Metaspace       used 2707K, capacity 4486K, committed 4864K, reserved 1056768K
  class space    used 302K, capacity 386K, committed 512K, reserved 1048576K
}
{Heap before GC invocations=867 (full 1):
 PSYoungGen      total 69120K, used 68736K [0x00000007b9c00000, 0x00000007c0000000, 0x00000007c0000000)
  eden space 35840K, 100% used [0x00000007b9c00000,0x00000007bbf00000,0x00000007bbf00000)
  from space 33280K, 98% used [0x00000007bbf00000,0x00000007bdf20000,0x00000007bdf80000)
  to   space 33280K, 0% used [0x00000007bdf80000,0x00000007bdf80000,0x00000007c0000000)
 ParOldGen       total 161280K, used 35463K [0x00000006c1800000, 0x00000006cb580000, 0x00000007b9c00000)
  object space 161280K, 21% used [0x00000006c1800000,0x00000006c3aa1e80,0x00000006cb580000)
 Metaspace       used 2707K, capacity 4486K, committed 4864K, reserved 1056768K
  class space    used 302K, capacity 386K, committed 512K, reserved 1048576K
[GC (Allocation Failure)  104199K->68359K(230400K), 0.0391903 secs]
Heap after GC invocations=867 (full 1):
 PSYoungGen      total 69120K, used 32896K [0x00000007b9c00000, 0x00000007c0000000, 0x00000007c0000000)
  eden space 35840K, 0% used [0x00000007b9c00000,0x00000007b9c00000,0x00000007bbf00000)
  from space 33280K, 98% used [0x00000007bdf80000,0x00000007bffa0000,0x00000007c0000000)
  to   space 33280K, 0% used [0x00000007bbf00000,0x00000007bbf00000,0x00000007bdf80000)
 ParOldGen       total 161280K, used 35463K [0x00000006c1800000, 0x00000006cb580000, 0x00000007b9c00000)
  object space 161280K, 21% used [0x00000006c1800000,0x00000006c3aa1e80,0x00000006cb580000)
 Metaspace       used 2707K, capacity 4486K, committed 4864K, reserved 1056768K
  class space    used 302K, capacity 386K, committed 512K, reserved 1048576K
}
{Heap before GC invocations=868 (full 1):
 PSYoungGen      total 69120K, used 68736K [0x00000007b9c00000, 0x00000007c0000000, 0x00000007c0000000)
  eden space 35840K, 100% used [0x00000007b9c00000,0x00000007bbf00000,0x00000007bbf00000)
  from space 33280K, 98% used [0x00000007bdf80000,0x00000007bffa0000,0x00000007c0000000)
  to   space 33280K, 0% used [0x00000007bbf00000,0x00000007bbf00000,0x00000007bdf80000)
 ParOldGen       total 161280K, used 35463K [0x00000006c1800000, 0x00000006cb580000, 0x00000007b9c00000)
  object space 161280K, 21% used [0x00000006c1800000,0x00000006c3aa1e80,0x00000006cb580000)
 Metaspace       used 2707K, capacity 4486K, committed 4864K, reserved 1056768K
  class space    used 302K, capacity 386K, committed 512K, reserved 1048576K
[GC (Allocation Failure)  104199K->68391K(230400K), 0.0454887 secs]
Heap after GC invocations=868 (full 1):
 PSYoungGen      total 69120K, used 32928K [0x00000007b9c00000, 0x00000007c0000000, 0x00000007c0000000)
  eden space 35840K, 0% used [0x00000007b9c00000,0x00000007b9c00000,0x00000007bbf00000)
  from space 33280K, 98% used [0x00000007bbf00000,0x00000007bdf28000,0x00000007bdf80000)
  to   space 33280K, 0% used [0x00000007bdf80000,0x00000007bdf80000,0x00000007c0000000)
 ParOldGen       total 161280K, used 35463K [0x00000006c1800000, 0x00000006cb580000, 0x00000007b9c00000)
  object space 161280K, 21% used [0x00000006c1800000,0x00000006c3aa1e80,0x00000006cb580000)
 Metaspace       used 2707K, capacity 4486K, committed 4864K, reserved 1056768K
  class space    used 302K, capacity 386K, committed 512K, reserved 1048576K
}
{Heap before GC invocations=869 (full 1):
 PSYoungGen      total 69120K, used 68768K [0x00000007b9c00000, 0x00000007c0000000, 0x00000007c0000000)
  eden space 35840K, 100% used [0x00000007b9c00000,0x00000007bbf00000,0x00000007bbf00000)
  from space 33280K, 98% used [0x00000007bbf00000,0x00000007bdf28000,0x00000007bdf80000)
  to   space 33280K, 0% used [0x00000007bdf80000,0x00000007bdf80000,0x00000007c0000000)
 ParOldGen       total 161280K, used 35463K [0x00000006c1800000, 0x00000006cb580000, 0x00000007b9c00000)
  object space 161280K, 21% used [0x00000006c1800000,0x00000006c3aa1e80,0x00000006cb580000)
 Metaspace       used 2707K, capacity 4486K, committed 4864K, reserved 1056768K
  class space    used 302K, capacity 386K, committed 512K, reserved 1048576K
[GC (Allocation Failure)  104231K->68359K(230400K), 0.0397806 secs]
Heap after GC invocations=869 (full 1):
 PSYoungGen      total 69120K, used 32896K [0x00000007b9c00000, 0x00000007c0000000, 0x00000007c0000000)
  eden space 35840K, 0% used [0x00000007b9c00000,0x00000007b9c00000,0x00000007bbf00000)
  from space 33280K, 98% used [0x00000007bdf80000,0x00000007bffa0000,0x00000007c0000000)
  to   space 33280K, 0% used [0x00000007bbf00000,0x00000007bbf00000,0x00000007bdf80000)
 ParOldGen       total 161280K, used 35463K [0x00000006c1800000, 0x00000006cb580000, 0x00000007b9c00000)
  object space 161280K, 21% used [0x00000006c1800000,0x00000006c3aa1e80,0x00000006cb580000)
 Metaspace       used 2707K, capacity 4486K, committed 4864K, reserved 1056768K
  class space    used 302K, capacity 386K, committed 512K, reserved 1048576K
}
{Heap before GC invocations=870 (full 1):
 PSYoungGen      total 69120K, used 68736K [0x00000007b9c00000, 0x00000007c0000000, 0x00000007c0000000)
  eden space 35840K, 100% used [0x00000007b9c00000,0x00000007bbf00000,0x00000007bbf00000)
  from space 33280K, 98% used [0x00000007bdf80000,0x00000007bffa0000,0x00000007c0000000)
  to   space 33280K, 0% used [0x00000007bbf00000,0x00000007bbf00000,0x00000007bdf80000)
 ParOldGen       total 161280K, used 35463K [0x00000006c1800000, 0x00000006cb580000, 0x00000007b9c00000)
  object space 161280K, 21% used [0x00000006c1800000,0x00000006c3aa1e80,0x00000006cb580000)
 Metaspace       used 2707K, capacity 4486K, committed 4864K, reserved 1056768K
  class space    used 302K, capacity 386K, committed 512K, reserved 1048576K
[GC (Allocation Failure)  104199K->68359K(230400K), 0.0353339 secs]
Heap after GC invocations=870 (full 1):
 PSYoungGen      total 69120K, used 32896K [0x00000007b9c00000, 0x00000007c0000000, 0x00000007c0000000)
  eden space 35840K, 0% used [0x00000007b9c00000,0x00000007b9c00000,0x00000007bbf00000)
  from space 33280K, 98% used [0x00000007bbf00000,0x00000007bdf20000,0x00000007bdf80000)
  to   space 33280K, 0% used [0x00000007bdf80000,0x00000007bdf80000,0x00000007c0000000)
 ParOldGen       total 161280K, used 35463K [0x00000006c1800000, 0x00000006cb580000, 0x00000007b9c00000)
  object space 161280K, 21% used [0x00000006c1800000,0x00000006c3aa1e80,0x00000006cb580000)
 Metaspace       used 2707K, capacity 4486K, committed 4864K, reserved 1056768K
  class space    used 302K, capacity 386K, committed 512K, reserved 1048576K
}
{Heap before GC invocations=871 (full 1):
 PSYoungGen      total 69120K, used 68736K [0x00000007b9c00000, 0x00000007c0000000, 0x00000007c0000000)
  eden space 35840K, 100% used [0x00000007b9c00000,0x00000007bbf00000,0x00000007bbf00000)
  from space 33280K, 98% used [0x00000007bbf00000,0x00000007bdf20000,0x00000007bdf80000)
  to   space 33280K, 0% used [0x00000007bdf80000,0x00000007bdf80000,0x00000007c0000000)
 ParOldGen       total 161280K, used 35463K [0x00000006c1800000, 0x00000006cb580000, 0x00000007b9c00000)
  object space 161280K, 21% used [0x00000006c1800000,0x00000006c3aa1e80,0x00000006cb580000)
 Metaspace       used 2707K, capacity 4486K, committed 4864K, reserved 1056768K
  class space    used 302K, capacity 386K, committed 512K, reserved 1048576K
[GC (Allocation Failure)  104199K->68359K(230400K), 0.0407816 secs]
Heap after GC invocations=871 (full 1):
 PSYoungGen      total 69120K, used 32896K [0x00000007b9c00000, 0x00000007c0000000, 0x00000007c0000000)
  eden space 35840K, 0% used [0x00000007b9c00000,0x00000007b9c00000,0x00000007bbf00000)
  from space 33280K, 98% used [0x00000007bdf80000,0x00000007bffa0000,0x00000007c0000000)
  to   space 33280K, 0% used [0x00000007bbf00000,0x00000007bbf00000,0x00000007bdf80000)
 ParOldGen       total 161280K, used 35463K [0x00000006c1800000, 0x00000006cb580000, 0x00000007b9c00000)
  object space 161280K, 21% used [0x00000006c1800000,0x00000006c3aa1e80,0x00000006cb580000)
 Metaspace       used 2707K, capacity 4486K, committed 4864K, reserved 1056768K
  class space    used 302K, capacity 386K, committed 512K, reserved 1048576K
}
{Heap before GC invocations=872 (full 1):
 PSYoungGen      total 69120K, used 68736K [0x00000007b9c00000, 0x00000007c0000000, 0x00000007c0000000)
  eden space 35840K, 100% used [0x00000007b9c00000,0x00000007bbf00000,0x00000007bbf00000)
  from space 33280K, 98% used [0x00000007bdf80000,0x00000007bffa0000,0x00000007c0000000)
  to   space 33280K, 0% used [0x00000007bbf00000,0x00000007bbf00000,0x00000007bdf80000)
 ParOldGen       total 161280K, used 35463K [0x00000006c1800000, 0x00000006cb580000, 0x00000007b9c00000)
  object space 161280K, 21% used [0x00000006c1800000,0x00000006c3aa1e80,0x00000006cb580000)
 Metaspace       used 2707K, capacity 4486K, committed 4864K, reserved 1056768K
  class space    used 302K, capacity 386K, committed 512K, reserved 1048576K
[GC (Allocation Failure)  104199K->68359K(230400K), 0.0442733 secs]
Heap after GC invocations=872 (full 1):
 PSYoungGen      total 69120K, used 32896K [0x00000007b9c00000, 0x00000007c0000000, 0x00000007c0000000)
  eden space 35840K, 0% used [0x00000007b9c00000,0x00000007b9c00000,0x00000007bbf00000)
  from space 33280K, 98% used [0x00000007bbf00000,0x00000007bdf20000,0x00000007bdf80000)
  to   space 33280K, 0% used [0x00000007bdf80000,0x00000007bdf80000,0x00000007c0000000)
 ParOldGen       total 161280K, used 35463K [0x00000006c1800000, 0x00000006cb580000, 0x00000007b9c00000)
  object space 161280K, 21% used [0x00000006c1800000,0x00000006c3aa1e80,0x00000006cb580000)
 Metaspace       used 2707K, capacity 4486K, committed 4864K, reserved 1056768K
  class space    used 302K, capacity 386K, committed 512K, reserved 1048576K
}
{Heap before GC invocations=873 (full 1):
 PSYoungGen      total 69120K, used 68736K [0x00000007b9c00000, 0x00000007c0000000, 0x00000007c0000000)
  eden space 35840K, 100% used [0x00000007b9c00000,0x00000007bbf00000,0x00000007bbf00000)
  from space 33280K, 98% used [0x00000007bbf00000,0x00000007bdf20000,0x00000007bdf80000)
  to   space 33280K, 0% used [0x00000007bdf80000,0x00000007bdf80000,0x00000007c0000000)
 ParOldGen       total 161280K, used 35463K [0x00000006c1800000, 0x00000006cb580000, 0x00000007b9c00000)
  object space 161280K, 21% used [0x00000006c1800000,0x00000006c3aa1e80,0x00000006cb580000)
 Metaspace       used 2707K, capacity 4486K, committed 4864K, reserved 1056768K
  class space    used 302K, capacity 386K, committed 512K, reserved 1048576K
[GC (Allocation Failure)  104199K->68391K(230400K), 0.0402835 secs]
Heap after GC invocations=873 (full 1):
 PSYoungGen      total 69120K, used 32928K [0x00000007b9c00000, 0x00000007c0000000, 0x00000007c0000000)
  eden space 35840K, 0% used [0x00000007b9c00000,0x00000007b9c00000,0x00000007bbf00000)
  from space 33280K, 98% used [0x00000007bdf80000,0x00000007bffa8000,0x00000007c0000000)
  to   space 33280K, 0% used [0x00000007bbf00000,0x00000007bbf00000,0x00000007bdf80000)
 ParOldGen       total 161280K, used 35463K [0x00000006c1800000, 0x00000006cb580000, 0x00000007b9c00000)
  object space 161280K, 21% used [0x00000006c1800000,0x00000006c3aa1e80,0x00000006cb580000)
 Metaspace       used 2707K, capacity 4486K, committed 4864K, reserved 1056768K
  class space    used 302K, capacity 386K, committed 512K, reserved 1048576K
}
{Heap before GC invocations=874 (full 1):
 PSYoungGen      total 69120K, used 68768K [0x00000007b9c00000, 0x00000007c0000000, 0x00000007c0000000)
  eden space 35840K, 100% used [0x00000007b9c00000,0x00000007bbf00000,0x00000007bbf00000)
  from space 33280K, 98% used [0x00000007bdf80000,0x00000007bffa8000,0x00000007c0000000)
  to   space 33280K, 0% used [0x00000007bbf00000,0x00000007bbf00000,0x00000007bdf80000)
 ParOldGen       total 161280K, used 35463K [0x00000006c1800000, 0x00000006cb580000, 0x00000007b9c00000)
  object space 161280K, 21% used [0x00000006c1800000,0x00000006c3aa1e80,0x00000006cb580000)
 Metaspace       used 2707K, capacity 4486K, committed 4864K, reserved 1056768K
  class space    used 302K, capacity 386K, committed 512K, reserved 1048576K
[GC (Allocation Failure)  104231K->68327K(230400K), 0.0356552 secs]
Heap after GC invocations=874 (full 1):
 PSYoungGen      total 69120K, used 32864K [0x00000007b9c00000, 0x00000007c0000000, 0x00000007c0000000)
  eden space 35840K, 0% used [0x00000007b9c00000,0x00000007b9c00000,0x00000007bbf00000)
  from space 33280K, 98% used [0x00000007bbf00000,0x00000007bdf18000,0x00000007bdf80000)
  to   space 33280K, 0% used [0x00000007bdf80000,0x00000007bdf80000,0x00000007c0000000)
 ParOldGen       total 161280K, used 35463K [0x00000006c1800000, 0x00000006cb580000, 0x00000007b9c00000)
  object space 161280K, 21% used [0x00000006c1800000,0x00000006c3aa1e80,0x00000006cb580000)
 Metaspace       used 2707K, capacity 4486K, committed 4864K, reserved 1056768K
  class space    used 302K, capacity 386K, committed 512K, reserved 1048576K
}
{Heap before GC invocations=875 (full 1):
 PSYoungGen      total 69120K, used 68704K [0x00000007b9c00000, 0x00000007c0000000, 0x00000007c0000000)
  eden space 35840K, 100% used [0x00000007b9c00000,0x00000007bbf00000,0x00000007bbf00000)
  from space 33280K, 98% used [0x00000007bbf00000,0x00000007bdf18000,0x00000007bdf80000)
  to   space 33280K, 0% used [0x00000007bdf80000,0x00000007bdf80000,0x00000007c0000000)
 ParOldGen       total 161280K, used 35463K [0x00000006c1800000, 0x00000006cb580000, 0x00000007b9c00000)
  object space 161280K, 21% used [0x00000006c1800000,0x00000006c3aa1e80,0x00000006cb580000)
 Metaspace       used 2707K, capacity 4486K, committed 4864K, reserved 1056768K
  class space    used 302K, capacity 386K, committed 512K, reserved 1048576K
[GC (Allocation Failure)  104167K->68391K(230400K), 0.0311560 secs]
Heap after GC invocations=875 (full 1):
 PSYoungGen      total 69120K, used 32928K [0x00000007b9c00000, 0x00000007c0000000, 0x00000007c0000000)
  eden space 35840K, 0% used [0x00000007b9c00000,0x00000007b9c00000,0x00000007bbf00000)
  from space 33280K, 98% used [0x00000007bdf80000,0x00000007bffa8000,0x00000007c0000000)
  to   space 33280K, 0% used [0x00000007bbf00000,0x00000007bbf00000,0x00000007bdf80000)
 ParOldGen       total 161280K, used 35463K [0x00000006c1800000, 0x00000006cb580000, 0x00000007b9c00000)
  object space 161280K, 21% used [0x00000006c1800000,0x00000006c3aa1e80,0x00000006cb580000)
 Metaspace       used 2707K, capacity 4486K, committed 4864K, reserved 1056768K
  class space    used 302K, capacity 386K, committed 512K, reserved 1048576K
}
{Heap before GC invocations=876 (full 1):
 PSYoungGen      total 69120K, used 68768K [0x00000007b9c00000, 0x00000007c0000000, 0x00000007c0000000)
  eden space 35840K, 100% used [0x00000007b9c00000,0x00000007bbf00000,0x00000007bbf00000)
  from space 33280K, 98% used [0x00000007bdf80000,0x00000007bffa8000,0x00000007c0000000)
  to   space 33280K, 0% used [0x00000007bbf00000,0x00000007bbf00000,0x00000007bdf80000)
 ParOldGen       total 161280K, used 35463K [0x00000006c1800000, 0x00000006cb580000, 0x00000007b9c00000)
  object space 161280K, 21% used [0x00000006c1800000,0x00000006c3aa1e80,0x00000006cb580000)
 Metaspace       used 2707K, capacity 4486K, committed 4864K, reserved 1056768K
  class space    used 302K, capacity 386K, committed 512K, reserved 1048576K
[GC (Allocation Failure)  104231K->68359K(230400K), 0.0343835 secs]
Heap after GC invocations=876 (full 1):
 PSYoungGen      total 69120K, used 32896K [0x00000007b9c00000, 0x00000007c0000000, 0x00000007c0000000)
  eden space 35840K, 0% used [0x00000007b9c00000,0x00000007b9c00000,0x00000007bbf00000)
  from space 33280K, 98% used [0x00000007bbf00000,0x00000007bdf20000,0x00000007bdf80000)
  to   space 33280K, 0% used [0x00000007bdf80000,0x00000007bdf80000,0x00000007c0000000)
 ParOldGen       total 161280K, used 35463K [0x00000006c1800000, 0x00000006cb580000, 0x00000007b9c00000)
  object space 161280K, 21% used [0x00000006c1800000,0x00000006c3aa1e80,0x00000006cb580000)
 Metaspace       used 2707K, capacity 4486K, committed 4864K, reserved 1056768K
  class space    used 302K, capacity 386K, committed 512K, reserved 1048576K
}
{Heap before GC invocations=877 (full 1):
 PSYoungGen      total 69120K, used 68736K [0x00000007b9c00000, 0x00000007c0000000, 0x00000007c0000000)
  eden space 35840K, 100% used [0x00000007b9c00000,0x00000007bbf00000,0x00000007bbf00000)
  from space 33280K, 98% used [0x00000007bbf00000,0x00000007bdf20000,0x00000007bdf80000)
  to   space 33280K, 0% used [0x00000007bdf80000,0x00000007bdf80000,0x00000007c0000000)
 ParOldGen       total 161280K, used 35463K [0x00000006c1800000, 0x00000006cb580000, 0x00000007b9c00000)
  object space 161280K, 21% used [0x00000006c1800000,0x00000006c3aa1e80,0x00000006cb580000)
 Metaspace       used 2707K, capacity 4486K, committed 4864K, reserved 1056768K
  class space    used 302K, capacity 386K, committed 512K, reserved 1048576K
[GC (Allocation Failure)  104199K->68327K(230400K), 0.0308003 secs]
Heap after GC invocations=877 (full 1):
 PSYoungGen      total 69120K, used 32864K [0x00000007b9c00000, 0x00000007c0000000, 0x00000007c0000000)
  eden space 35840K, 0% used [0x00000007b9c00000,0x00000007b9c00000,0x00000007bbf00000)
  from space 33280K, 98% used [0x00000007bdf80000,0x00000007bff98000,0x00000007c0000000)
  to   space 33280K, 0% used [0x00000007bbf00000,0x00000007bbf00000,0x00000007bdf80000)
 ParOldGen       total 161280K, used 35463K [0x00000006c1800000, 0x00000006cb580000, 0x00000007b9c00000)
  object space 161280K, 21% used [0x00000006c1800000,0x00000006c3aa1e80,0x00000006cb580000)
 Metaspace       used 2707K, capacity 4486K, committed 4864K, reserved 1056768K
  class space    used 302K, capacity 386K, committed 512K, reserved 1048576K
}
{Heap before GC invocations=878 (full 1):
 PSYoungGen      total 69120K, used 68704K [0x00000007b9c00000, 0x00000007c0000000, 0x00000007c0000000)
  eden space 35840K, 100% used [0x00000007b9c00000,0x00000007bbf00000,0x00000007bbf00000)
  from space 33280K, 98% used [0x00000007bdf80000,0x00000007bff98000,0x00000007c0000000)
  to   space 33280K, 0% used [0x00000007bbf00000,0x00000007bbf00000,0x00000007bdf80000)
 ParOldGen       total 161280K, used 35463K [0x00000006c1800000, 0x00000006cb580000, 0x00000007b9c00000)
  object space 161280K, 21% used [0x00000006c1800000,0x00000006c3aa1e80,0x00000006cb580000)
 Metaspace       used 2707K, capacity 4486K, committed 4864K, reserved 1056768K
  class space    used 302K, capacity 386K, committed 512K, reserved 1048576K
[GC (Allocation Failure)  104167K->68359K(230400K), 0.0336267 secs]
Heap after GC invocations=878 (full 1):
 PSYoungGen      total 69120K, used 32896K [0x00000007b9c00000, 0x00000007c0000000, 0x00000007c0000000)
  eden space 35840K, 0% used [0x00000007b9c00000,0x00000007b9c00000,0x00000007bbf00000)
  from space 33280K, 98% used [0x00000007bbf00000,0x00000007bdf20000,0x00000007bdf80000)
  to   space 33280K, 0% used [0x00000007bdf80000,0x00000007bdf80000,0x00000007c0000000)
 ParOldGen       total 161280K, used 35463K [0x00000006c1800000, 0x00000006cb580000, 0x00000007b9c00000)
  object space 161280K, 21% used [0x00000006c1800000,0x00000006c3aa1e80,0x00000006cb580000)
 Metaspace       used 2707K, capacity 4486K, committed 4864K, reserved 1056768K
  class space    used 302K, capacity 386K, committed 512K, reserved 1048576K
}
{Heap before GC invocations=879 (full 1):
 PSYoungGen      total 69120K, used 68736K [0x00000007b9c00000, 0x00000007c0000000, 0x00000007c0000000)
  eden space 35840K, 100% used [0x00000007b9c00000,0x00000007bbf00000,0x00000007bbf00000)
  from space 33280K, 98% used [0x00000007bbf00000,0x00000007bdf20000,0x00000007bdf80000)
  to   space 33280K, 0% used [0x00000007bdf80000,0x00000007bdf80000,0x00000007c0000000)
 ParOldGen       total 161280K, used 35463K [0x00000006c1800000, 0x00000006cb580000, 0x00000007b9c00000)
  object space 161280K, 21% used [0x00000006c1800000,0x00000006c3aa1e80,0x00000006cb580000)
 Metaspace       used 2707K, capacity 4486K, committed 4864K, reserved 1056768K
  class space    used 302K, capacity 386K, committed 512K, reserved 1048576K
[GC (Allocation Failure)  104199K->68359K(230400K), 0.0350406 secs]
Heap after GC invocations=879 (full 1):
 PSYoungGen      total 69120K, used 32896K [0x00000007b9c00000, 0x00000007c0000000, 0x00000007c0000000)
  eden space 35840K, 0% used [0x00000007b9c00000,0x00000007b9c00000,0x00000007bbf00000)
  from space 33280K, 98% used [0x00000007bdf80000,0x00000007bffa0000,0x00000007c0000000)
  to   space 33280K, 0% used [0x00000007bbf00000,0x00000007bbf00000,0x00000007bdf80000)
 ParOldGen       total 161280K, used 35463K [0x00000006c1800000, 0x00000006cb580000, 0x00000007b9c00000)
  object space 161280K, 21% used [0x00000006c1800000,0x00000006c3aa1e80,0x00000006cb580000)
 Metaspace       used 2707K, capacity 4486K, committed 4864K, reserved 1056768K
  class space    used 302K, capacity 386K, committed 512K, reserved 1048576K
}
{Heap before GC invocations=880 (full 1):
 PSYoungGen      total 69120K, used 68736K [0x00000007b9c00000, 0x00000007c0000000, 0x00000007c0000000)
  eden space 35840K, 100% used [0x00000007b9c00000,0x00000007bbf00000,0x00000007bbf00000)
  from space 33280K, 98% used [0x00000007bdf80000,0x00000007bffa0000,0x00000007c0000000)
  to   space 33280K, 0% used [0x00000007bbf00000,0x00000007bbf00000,0x00000007bdf80000)
 ParOldGen       total 161280K, used 35463K [0x00000006c1800000, 0x00000006cb580000, 0x00000007b9c00000)
  object space 161280K, 21% used [0x00000006c1800000,0x00000006c3aa1e80,0x00000006cb580000)
 Metaspace       used 2707K, capacity 4486K, committed 4864K, reserved 1056768K
  class space    used 302K, capacity 386K, committed 512K, reserved 1048576K
[GC (Allocation Failure)  104199K->68359K(230400K), 0.0359557 secs]
Heap after GC invocations=880 (full 1):
 PSYoungGen      total 69120K, used 32896K [0x00000007b9c00000, 0x00000007c0000000, 0x00000007c0000000)
  eden space 35840K, 0% used [0x00000007b9c00000,0x00000007b9c00000,0x00000007bbf00000)
  from space 33280K, 98% used [0x00000007bbf00000,0x00000007bdf20000,0x00000007bdf80000)
  to   space 33280K, 0% used [0x00000007bdf80000,0x00000007bdf80000,0x00000007c0000000)
 ParOldGen       total 161280K, used 35463K [0x00000006c1800000, 0x00000006cb580000, 0x00000007b9c00000)
  object space 161280K, 21% used [0x00000006c1800000,0x00000006c3aa1e80,0x00000006cb580000)
 Metaspace       used 2707K, capacity 4486K, committed 4864K, reserved 1056768K
  class space    used 302K, capacity 386K, committed 512K, reserved 1048576K
}
{Heap before GC invocations=881 (full 1):
 PSYoungGen      total 69120K, used 68736K [0x00000007b9c00000, 0x00000007c0000000, 0x00000007c0000000)
  eden space 35840K, 100% used [0x00000007b9c00000,0x00000007bbf00000,0x00000007bbf00000)
  from space 33280K, 98% used [0x00000007bbf00000,0x00000007bdf20000,0x00000007bdf80000)
  to   space 33280K, 0% used [0x00000007bdf80000,0x00000007bdf80000,0x00000007c0000000)
 ParOldGen       total 161280K, used 35463K [0x00000006c1800000, 0x00000006cb580000, 0x00000007b9c00000)
  object space 161280K, 21% used [0x00000006c1800000,0x00000006c3aa1e80,0x00000006cb580000)
 Metaspace       used 2707K, capacity 4486K, committed 4864K, reserved 1056768K
  class space    used 302K, capacity 386K, committed 512K, reserved 1048576K
[GC (Allocation Failure)  104199K->68359K(230400K), 0.0339440 secs]
Heap after GC invocations=881 (full 1):
 PSYoungGen      total 69120K, used 32896K [0x00000007b9c00000, 0x00000007c0000000, 0x00000007c0000000)
  eden space 35840K, 0% used [0x00000007b9c00000,0x00000007b9c00000,0x00000007bbf00000)
  from space 33280K, 98% used [0x00000007bdf80000,0x00000007bffa0000,0x00000007c0000000)
  to   space 33280K, 0% used [0x00000007bbf00000,0x00000007bbf00000,0x00000007bdf80000)
 ParOldGen       total 161280K, used 35463K [0x00000006c1800000, 0x00000006cb580000, 0x00000007b9c00000)
  object space 161280K, 21% used [0x00000006c1800000,0x00000006c3aa1e80,0x00000006cb580000)
 Metaspace       used 2707K, capacity 4486K, committed 4864K, reserved 1056768K
  class space    used 302K, capacity 386K, committed 512K, reserved 1048576K
}
{Heap before GC invocations=882 (full 1):
 PSYoungGen      total 69120K, used 68736K [0x00000007b9c00000, 0x00000007c0000000, 0x00000007c0000000)
  eden space 35840K, 100% used [0x00000007b9c00000,0x00000007bbf00000,0x00000007bbf00000)
  from space 33280K, 98% used [0x00000007bdf80000,0x00000007bffa0000,0x00000007c0000000)
  to   space 33280K, 0% used [0x00000007bbf00000,0x00000007bbf00000,0x00000007bdf80000)
 ParOldGen       total 161280K, used 35463K [0x00000006c1800000, 0x00000006cb580000, 0x00000007b9c00000)
  object space 161280K, 21% used [0x00000006c1800000,0x00000006c3aa1e80,0x00000006cb580000)
 Metaspace       used 2707K, capacity 4486K, committed 4864K, reserved 1056768K
  class space    used 302K, capacity 386K, committed 512K, reserved 1048576K
[GC (Allocation Failure)  104199K->68359K(230400K), 0.0309998 secs]
Heap after GC invocations=882 (full 1):
 PSYoungGen      total 69120K, used 32896K [0x00000007b9c00000, 0x00000007c0000000, 0x00000007c0000000)
  eden space 35840K, 0% used [0x00000007b9c00000,0x00000007b9c00000,0x00000007bbf00000)
  from space 33280K, 98% used [0x00000007bbf00000,0x00000007bdf20000,0x00000007bdf80000)
  to   space 33280K, 0% used [0x00000007bdf80000,0x00000007bdf80000,0x00000007c0000000)
 ParOldGen       total 161280K, used 35463K [0x00000006c1800000, 0x00000006cb580000, 0x00000007b9c00000)
  object space 161280K, 21% used [0x00000006c1800000,0x00000006c3aa1e80,0x00000006cb580000)
 Metaspace       used 2707K, capacity 4486K, committed 4864K, reserved 1056768K
  class space    used 302K, capacity 386K, committed 512K, reserved 1048576K
}
{Heap before GC invocations=883 (full 1):
 PSYoungGen      total 69120K, used 68736K [0x00000007b9c00000, 0x00000007c0000000, 0x00000007c0000000)
  eden space 35840K, 100% used [0x00000007b9c00000,0x00000007bbf00000,0x00000007bbf00000)
  from space 33280K, 98% used [0x00000007bbf00000,0x00000007bdf20000,0x00000007bdf80000)
  to   space 33280K, 0% used [0x00000007bdf80000,0x00000007bdf80000,0x00000007c0000000)
 ParOldGen       total 161280K, used 35463K [0x00000006c1800000, 0x00000006cb580000, 0x00000007b9c00000)
  object space 161280K, 21% used [0x00000006c1800000,0x00000006c3aa1e80,0x00000006cb580000)
 Metaspace       used 2707K, capacity 4486K, committed 4864K, reserved 1056768K
  class space    used 302K, capacity 386K, committed 512K, reserved 1048576K
[GC (Allocation Failure)  104199K->68359K(230400K), 0.0315437 secs]
Heap after GC invocations=883 (full 1):
 PSYoungGen      total 69120K, used 32896K [0x00000007b9c00000, 0x00000007c0000000, 0x00000007c0000000)
  eden space 35840K, 0% used [0x00000007b9c00000,0x00000007b9c00000,0x00000007bbf00000)
  from space 33280K, 98% used [0x00000007bdf80000,0x00000007bffa0000,0x00000007c0000000)
  to   space 33280K, 0% used [0x00000007bbf00000,0x00000007bbf00000,0x00000007bdf80000)
 ParOldGen       total 161280K, used 35463K [0x00000006c1800000, 0x00000006cb580000, 0x00000007b9c00000)
  object space 161280K, 21% used [0x00000006c1800000,0x00000006c3aa1e80,0x00000006cb580000)
 Metaspace       used 2707K, capacity 4486K, committed 4864K, reserved 1056768K
  class space    used 302K, capacity 386K, committed 512K, reserved 1048576K
}
{Heap before GC invocations=884 (full 1):
 PSYoungGen      total 69120K, used 68736K [0x00000007b9c00000, 0x00000007c0000000, 0x00000007c0000000)
  eden space 35840K, 100% used [0x00000007b9c00000,0x00000007bbf00000,0x00000007bbf00000)
  from space 33280K, 98% used [0x00000007bdf80000,0x00000007bffa0000,0x00000007c0000000)
  to   space 33280K, 0% used [0x00000007bbf00000,0x00000007bbf00000,0x00000007bdf80000)
 ParOldGen       total 161280K, used 35463K [0x00000006c1800000, 0x00000006cb580000, 0x00000007b9c00000)
  object space 161280K, 21% used [0x00000006c1800000,0x00000006c3aa1e80,0x00000006cb580000)
 Metaspace       used 2707K, capacity 4486K, committed 4864K, reserved 1056768K
  class space    used 302K, capacity 386K, committed 512K, reserved 1048576K
[GC (Allocation Failure)  104199K->68391K(230400K), 0.0308142 secs]
Heap after GC invocations=884 (full 1):
 PSYoungGen      total 69120K, used 32928K [0x00000007b9c00000, 0x00000007c0000000, 0x00000007c0000000)
  eden space 35840K, 0% used [0x00000007b9c00000,0x00000007b9c00000,0x00000007bbf00000)
  from space 33280K, 98% used [0x00000007bbf00000,0x00000007bdf28000,0x00000007bdf80000)
  to   space 33280K, 0% used [0x00000007bdf80000,0x00000007bdf80000,0x00000007c0000000)
 ParOldGen       total 161280K, used 35463K [0x00000006c1800000, 0x00000006cb580000, 0x00000007b9c00000)
  object space 161280K, 21% used [0x00000006c1800000,0x00000006c3aa1e80,0x00000006cb580000)
 Metaspace       used 2707K, capacity 4486K, committed 4864K, reserved 1056768K
  class space    used 302K, capacity 386K, committed 512K, reserved 1048576K
}
{Heap before GC invocations=885 (full 1):
 PSYoungGen      total 69120K, used 68768K [0x00000007b9c00000, 0x00000007c0000000, 0x00000007c0000000)
  eden space 35840K, 100% used [0x00000007b9c00000,0x00000007bbf00000,0x00000007bbf00000)
  from space 33280K, 98% used [0x00000007bbf00000,0x00000007bdf28000,0x00000007bdf80000)
  to   space 33280K, 0% used [0x00000007bdf80000,0x00000007bdf80000,0x00000007c0000000)
 ParOldGen       total 161280K, used 35463K [0x00000006c1800000, 0x00000006cb580000, 0x00000007b9c00000)
  object space 161280K, 21% used [0x00000006c1800000,0x00000006c3aa1e80,0x00000006cb580000)
 Metaspace       used 2707K, capacity 4486K, committed 4864K, reserved 1056768K
  class space    used 302K, capacity 386K, committed 512K, reserved 1048576K
[GC (Allocation Failure)  104231K->68359K(230400K), 0.0305706 secs]
Heap after GC invocations=885 (full 1):
 PSYoungGen      total 69120K, used 32896K [0x00000007b9c00000, 0x00000007c0000000, 0x00000007c0000000)
  eden space 35840K, 0% used [0x00000007b9c00000,0x00000007b9c00000,0x00000007bbf00000)
  from space 33280K, 98% used [0x00000007bdf80000,0x00000007bffa0000,0x00000007c0000000)
  to   space 33280K, 0% used [0x00000007bbf00000,0x00000007bbf00000,0x00000007bdf80000)
 ParOldGen       total 161280K, used 35463K [0x00000006c1800000, 0x00000006cb580000, 0x00000007b9c00000)
  object space 161280K, 21% used [0x00000006c1800000,0x00000006c3aa1e80,0x00000006cb580000)
 Metaspace       used 2707K, capacity 4486K, committed 4864K, reserved 1056768K
  class space    used 302K, capacity 386K, committed 512K, reserved 1048576K
}
{Heap before GC invocations=886 (full 1):
 PSYoungGen      total 69120K, used 68736K [0x00000007b9c00000, 0x00000007c0000000, 0x00000007c0000000)
  eden space 35840K, 100% used [0x00000007b9c00000,0x00000007bbf00000,0x00000007bbf00000)
  from space 33280K, 98% used [0x00000007bdf80000,0x00000007bffa0000,0x00000007c0000000)
  to   space 33280K, 0% used [0x00000007bbf00000,0x00000007bbf00000,0x00000007bdf80000)
 ParOldGen       total 161280K, used 35463K [0x00000006c1800000, 0x00000006cb580000, 0x00000007b9c00000)
  object space 161280K, 21% used [0x00000006c1800000,0x00000006c3aa1e80,0x00000006cb580000)
 Metaspace       used 2707K, capacity 4486K, committed 4864K, reserved 1056768K
  class space    used 302K, capacity 386K, committed 512K, reserved 1048576K
[GC (Allocation Failure)  104199K->68359K(230400K), 0.0372326 secs]
Heap after GC invocations=886 (full 1):
 PSYoungGen      total 69120K, used 32896K [0x00000007b9c00000, 0x00000007c0000000, 0x00000007c0000000)
  eden space 35840K, 0% used [0x00000007b9c00000,0x00000007b9c00000,0x00000007bbf00000)
  from space 33280K, 98% used [0x00000007bbf00000,0x00000007bdf20000,0x00000007bdf80000)
  to   space 33280K, 0% used [0x00000007bdf80000,0x00000007bdf80000,0x00000007c0000000)
 ParOldGen       total 161280K, used 35463K [0x00000006c1800000, 0x00000006cb580000, 0x00000007b9c00000)
  object space 161280K, 21% used [0x00000006c1800000,0x00000006c3aa1e80,0x00000006cb580000)
 Metaspace       used 2707K, capacity 4486K, committed 4864K, reserved 1056768K
  class space    used 302K, capacity 386K, committed 512K, reserved 1048576K
}
{Heap before GC invocations=887 (full 1):
 PSYoungGen      total 69120K, used 68736K [0x00000007b9c00000, 0x00000007c0000000, 0x00000007c0000000)
  eden space 35840K, 100% used [0x00000007b9c00000,0x00000007bbf00000,0x00000007bbf00000)
  from space 33280K, 98% used [0x00000007bbf00000,0x00000007bdf20000,0x00000007bdf80000)
  to   space 33280K, 0% used [0x00000007bdf80000,0x00000007bdf80000,0x00000007c0000000)
 ParOldGen       total 161280K, used 35463K [0x00000006c1800000, 0x00000006cb580000, 0x00000007b9c00000)
  object space 161280K, 21% used [0x00000006c1800000,0x00000006c3aa1e80,0x00000006cb580000)
 Metaspace       used 2707K, capacity 4486K, committed 4864K, reserved 1056768K
  class space    used 302K, capacity 386K, committed 512K, reserved 1048576K
[GC (Allocation Failure)  104199K->68359K(230400K), 0.0382899 secs]
Heap after GC invocations=887 (full 1):
 PSYoungGen      total 69120K, used 32896K [0x00000007b9c00000, 0x00000007c0000000, 0x00000007c0000000)
  eden space 35840K, 0% used [0x00000007b9c00000,0x00000007b9c00000,0x00000007bbf00000)
  from space 33280K, 98% used [0x00000007bdf80000,0x00000007bffa0000,0x00000007c0000000)
  to   space 33280K, 0% used [0x00000007bbf00000,0x00000007bbf00000,0x00000007bdf80000)
 ParOldGen       total 161280K, used 35463K [0x00000006c1800000, 0x00000006cb580000, 0x00000007b9c00000)
  object space 161280K, 21% used [0x00000006c1800000,0x00000006c3aa1e80,0x00000006cb580000)
 Metaspace       used 2707K, capacity 4486K, committed 4864K, reserved 1056768K
  class space    used 302K, capacity 386K, committed 512K, reserved 1048576K
}
{Heap before GC invocations=888 (full 1):
 PSYoungGen      total 69120K, used 68736K [0x00000007b9c00000, 0x00000007c0000000, 0x00000007c0000000)
  eden space 35840K, 100% used [0x00000007b9c00000,0x00000007bbf00000,0x00000007bbf00000)
  from space 33280K, 98% used [0x00000007bdf80000,0x00000007bffa0000,0x00000007c0000000)
  to   space 33280K, 0% used [0x00000007bbf00000,0x00000007bbf00000,0x00000007bdf80000)
 ParOldGen       total 161280K, used 35463K [0x00000006c1800000, 0x00000006cb580000, 0x00000007b9c00000)
  object space 161280K, 21% used [0x00000006c1800000,0x00000006c3aa1e80,0x00000006cb580000)
 Metaspace       used 2707K, capacity 4486K, committed 4864K, reserved 1056768K
  class space    used 302K, capacity 386K, committed 512K, reserved 1048576K
[GC (Allocation Failure)  104199K->68327K(230400K), 0.0326926 secs]
Heap after GC invocations=888 (full 1):
 PSYoungGen      total 69120K, used 32864K [0x00000007b9c00000, 0x00000007c0000000, 0x00000007c0000000)
  eden space 35840K, 0% used [0x00000007b9c00000,0x00000007b9c00000,0x00000007bbf00000)
  from space 33280K, 98% used [0x00000007bbf00000,0x00000007bdf18000,0x00000007bdf80000)
  to   space 33280K, 0% used [0x00000007bdf80000,0x00000007bdf80000,0x00000007c0000000)
 ParOldGen       total 161280K, used 35463K [0x00000006c1800000, 0x00000006cb580000, 0x00000007b9c00000)
  object space 161280K, 21% used [0x00000006c1800000,0x00000006c3aa1e80,0x00000006cb580000)
 Metaspace       used 2707K, capacity 4486K, committed 4864K, reserved 1056768K
  class space    used 302K, capacity 386K, committed 512K, reserved 1048576K
}
{Heap before GC invocations=889 (full 1):
 PSYoungGen      total 69120K, used 68704K [0x00000007b9c00000, 0x00000007c0000000, 0x00000007c0000000)
  eden space 35840K, 100% used [0x00000007b9c00000,0x00000007bbf00000,0x00000007bbf00000)
  from space 33280K, 98% used [0x00000007bbf00000,0x00000007bdf18000,0x00000007bdf80000)
  to   space 33280K, 0% used [0x00000007bdf80000,0x00000007bdf80000,0x00000007c0000000)
 ParOldGen       total 161280K, used 35463K [0x00000006c1800000, 0x00000006cb580000, 0x00000007b9c00000)
  object space 161280K, 21% used [0x00000006c1800000,0x00000006c3aa1e80,0x00000006cb580000)
 Metaspace       used 2707K, capacity 4486K, committed 4864K, reserved 1056768K
  class space    used 302K, capacity 386K, committed 512K, reserved 1048576K
[GC (Allocation Failure)  104167K->68359K(230400K), 0.0332281 secs]
Heap after GC invocations=889 (full 1):
 PSYoungGen      total 69120K, used 32896K [0x00000007b9c00000, 0x00000007c0000000, 0x00000007c0000000)
  eden space 35840K, 0% used [0x00000007b9c00000,0x00000007b9c00000,0x00000007bbf00000)
  from space 33280K, 98% used [0x00000007bdf80000,0x00000007bffa0000,0x00000007c0000000)
  to   space 33280K, 0% used [0x00000007bbf00000,0x00000007bbf00000,0x00000007bdf80000)
 ParOldGen       total 161280K, used 35463K [0x00000006c1800000, 0x00000006cb580000, 0x00000007b9c00000)
  object space 161280K, 21% used [0x00000006c1800000,0x00000006c3aa1e80,0x00000006cb580000)
 Metaspace       used 2707K, capacity 4486K, committed 4864K, reserved 1056768K
  class space    used 302K, capacity 386K, committed 512K, reserved 1048576K
}
{Heap before GC invocations=890 (full 1):
 PSYoungGen      total 69120K, used 68736K [0x00000007b9c00000, 0x00000007c0000000, 0x00000007c0000000)
  eden space 35840K, 100% used [0x00000007b9c00000,0x00000007bbf00000,0x00000007bbf00000)
  from space 33280K, 98% used [0x00000007bdf80000,0x00000007bffa0000,0x00000007c0000000)
  to   space 33280K, 0% used [0x00000007bbf00000,0x00000007bbf00000,0x00000007bdf80000)
 ParOldGen       total 161280K, used 35463K [0x00000006c1800000, 0x00000006cb580000, 0x00000007b9c00000)
  object space 161280K, 21% used [0x00000006c1800000,0x00000006c3aa1e80,0x00000006cb580000)
 Metaspace       used 2707K, capacity 4486K, committed 4864K, reserved 1056768K
  class space    used 302K, capacity 386K, committed 512K, reserved 1048576K
[GC (Allocation Failure)  104199K->68359K(230400K), 0.0296661 secs]
Heap after GC invocations=890 (full 1):
 PSYoungGen      total 69120K, used 32896K [0x00000007b9c00000, 0x00000007c0000000, 0x00000007c0000000)
  eden space 35840K, 0% used [0x00000007b9c00000,0x00000007b9c00000,0x00000007bbf00000)
  from space 33280K, 98% used [0x00000007bbf00000,0x00000007bdf20000,0x00000007bdf80000)
  to   space 33280K, 0% used [0x00000007bdf80000,0x00000007bdf80000,0x00000007c0000000)
 ParOldGen       total 161280K, used 35463K [0x00000006c1800000, 0x00000006cb580000, 0x00000007b9c00000)
  object space 161280K, 21% used [0x00000006c1800000,0x00000006c3aa1e80,0x00000006cb580000)
 Metaspace       used 2707K, capacity 4486K, committed 4864K, reserved 1056768K
  class space    used 302K, capacity 386K, committed 512K, reserved 1048576K
}
{Heap before GC invocations=891 (full 1):
 PSYoungGen      total 69120K, used 68736K [0x00000007b9c00000, 0x00000007c0000000, 0x00000007c0000000)
  eden space 35840K, 100% used [0x00000007b9c00000,0x00000007bbf00000,0x00000007bbf00000)
  from space 33280K, 98% used [0x00000007bbf00000,0x00000007bdf20000,0x00000007bdf80000)
  to   space 33280K, 0% used [0x00000007bdf80000,0x00000007bdf80000,0x00000007c0000000)
 ParOldGen       total 161280K, used 35463K [0x00000006c1800000, 0x00000006cb580000, 0x00000007b9c00000)
  object space 161280K, 21% used [0x00000006c1800000,0x00000006c3aa1e80,0x00000006cb580000)
 Metaspace       used 2707K, capacity 4486K, committed 4864K, reserved 1056768K
  class space    used 302K, capacity 386K, committed 512K, reserved 1048576K
[GC (Allocation Failure)  104199K->68359K(230400K), 0.0335361 secs]
Heap after GC invocations=891 (full 1):
 PSYoungGen      total 69120K, used 32896K [0x00000007b9c00000, 0x00000007c0000000, 0x00000007c0000000)
  eden space 35840K, 0% used [0x00000007b9c00000,0x00000007b9c00000,0x00000007bbf00000)
  from space 33280K, 98% used [0x00000007bdf80000,0x00000007bffa0000,0x00000007c0000000)
  to   space 33280K, 0% used [0x00000007bbf00000,0x00000007bbf00000,0x00000007bdf80000)
 ParOldGen       total 161280K, used 35463K [0x00000006c1800000, 0x00000006cb580000, 0x00000007b9c00000)
  object space 161280K, 21% used [0x00000006c1800000,0x00000006c3aa1e80,0x00000006cb580000)
 Metaspace       used 2707K, capacity 4486K, committed 4864K, reserved 1056768K
  class space    used 302K, capacity 386K, committed 512K, reserved 1048576K
}
{Heap before GC invocations=892 (full 1):
 PSYoungGen      total 69120K, used 68736K [0x00000007b9c00000, 0x00000007c0000000, 0x00000007c0000000)
  eden space 35840K, 100% used [0x00000007b9c00000,0x00000007bbf00000,0x00000007bbf00000)
  from space 33280K, 98% used [0x00000007bdf80000,0x00000007bffa0000,0x00000007c0000000)
  to   space 33280K, 0% used [0x00000007bbf00000,0x00000007bbf00000,0x00000007bdf80000)
 ParOldGen       total 161280K, used 35463K [0x00000006c1800000, 0x00000006cb580000, 0x00000007b9c00000)
  object space 161280K, 21% used [0x00000006c1800000,0x00000006c3aa1e80,0x00000006cb580000)
 Metaspace       used 2707K, capacity 4486K, committed 4864K, reserved 1056768K
  class space    used 302K, capacity 386K, committed 512K, reserved 1048576K
[GC (Allocation Failure)  104199K->68359K(230400K), 0.0327655 secs]
Heap after GC invocations=892 (full 1):
 PSYoungGen      total 69120K, used 32896K [0x00000007b9c00000, 0x00000007c0000000, 0x00000007c0000000)
  eden space 35840K, 0% used [0x00000007b9c00000,0x00000007b9c00000,0x00000007bbf00000)
  from space 33280K, 98% used [0x00000007bbf00000,0x00000007bdf20000,0x00000007bdf80000)
  to   space 33280K, 0% used [0x00000007bdf80000,0x00000007bdf80000,0x00000007c0000000)
 ParOldGen       total 161280K, used 35463K [0x00000006c1800000, 0x00000006cb580000, 0x00000007b9c00000)
  object space 161280K, 21% used [0x00000006c1800000,0x00000006c3aa1e80,0x00000006cb580000)
 Metaspace       used 2707K, capacity 4486K, committed 4864K, reserved 1056768K
  class space    used 302K, capacity 386K, committed 512K, reserved 1048576K
}
{Heap before GC invocations=893 (full 1):
 PSYoungGen      total 69120K, used 68736K [0x00000007b9c00000, 0x00000007c0000000, 0x00000007c0000000)
  eden space 35840K, 100% used [0x00000007b9c00000,0x00000007bbf00000,0x00000007bbf00000)
  from space 33280K, 98% used [0x00000007bbf00000,0x00000007bdf20000,0x00000007bdf80000)
  to   space 33280K, 0% used [0x00000007bdf80000,0x00000007bdf80000,0x00000007c0000000)
 ParOldGen       total 161280K, used 35463K [0x00000006c1800000, 0x00000006cb580000, 0x00000007b9c00000)
  object space 161280K, 21% used [0x00000006c1800000,0x00000006c3aa1e80,0x00000006cb580000)
 Metaspace       used 2707K, capacity 4486K, committed 4864K, reserved 1056768K
  class space    used 302K, capacity 386K, committed 512K, reserved 1048576K
[GC (Allocation Failure)  104199K->68359K(230400K), 0.0327101 secs]
Heap after GC invocations=893 (full 1):
 PSYoungGen      total 69120K, used 32896K [0x00000007b9c00000, 0x00000007c0000000, 0x00000007c0000000)
  eden space 35840K, 0% used [0x00000007b9c00000,0x00000007b9c00000,0x00000007bbf00000)
  from space 33280K, 98% used [0x00000007bdf80000,0x00000007bffa0000,0x00000007c0000000)
  to   space 33280K, 0% used [0x00000007bbf00000,0x00000007bbf00000,0x00000007bdf80000)
 ParOldGen       total 161280K, used 35463K [0x00000006c1800000, 0x00000006cb580000, 0x00000007b9c00000)
  object space 161280K, 21% used [0x00000006c1800000,0x00000006c3aa1e80,0x00000006cb580000)
 Metaspace       used 2707K, capacity 4486K, committed 4864K, reserved 1056768K
  class space    used 302K, capacity 386K, committed 512K, reserved 1048576K
}
{Heap before GC invocations=894 (full 1):
 PSYoungGen      total 69120K, used 68736K [0x00000007b9c00000, 0x00000007c0000000, 0x00000007c0000000)
  eden space 35840K, 100% used [0x00000007b9c00000,0x00000007bbf00000,0x00000007bbf00000)
  from space 33280K, 98% used [0x00000007bdf80000,0x00000007bffa0000,0x00000007c0000000)
  to   space 33280K, 0% used [0x00000007bbf00000,0x00000007bbf00000,0x00000007bdf80000)
 ParOldGen       total 161280K, used 35463K [0x00000006c1800000, 0x00000006cb580000, 0x00000007b9c00000)
  object space 161280K, 21% used [0x00000006c1800000,0x00000006c3aa1e80,0x00000006cb580000)
 Metaspace       used 2707K, capacity 4486K, committed 4864K, reserved 1056768K
  class space    used 302K, capacity 386K, committed 512K, reserved 1048576K
[GC (Allocation Failure)  104199K->68391K(230400K), 0.0320912 secs]
Heap after GC invocations=894 (full 1):
 PSYoungGen      total 69120K, used 32928K [0x00000007b9c00000, 0x00000007c0000000, 0x00000007c0000000)
  eden space 35840K, 0% used [0x00000007b9c00000,0x00000007b9c00000,0x00000007bbf00000)
  from space 33280K, 98% used [0x00000007bbf00000,0x00000007bdf28000,0x00000007bdf80000)
  to   space 33280K, 0% used [0x00000007bdf80000,0x00000007bdf80000,0x00000007c0000000)
 ParOldGen       total 161280K, used 35463K [0x00000006c1800000, 0x00000006cb580000, 0x00000007b9c00000)
  object space 161280K, 21% used [0x00000006c1800000,0x00000006c3aa1e80,0x00000006cb580000)
 Metaspace       used 2707K, capacity 4486K, committed 4864K, reserved 1056768K
  class space    used 302K, capacity 386K, committed 512K, reserved 1048576K
}
{Heap before GC invocations=895 (full 1):
 PSYoungGen      total 69120K, used 68768K [0x00000007b9c00000, 0x00000007c0000000, 0x00000007c0000000)
  eden space 35840K, 100% used [0x00000007b9c00000,0x00000007bbf00000,0x00000007bbf00000)
  from space 33280K, 98% used [0x00000007bbf00000,0x00000007bdf28000,0x00000007bdf80000)
  to   space 33280K, 0% used [0x00000007bdf80000,0x00000007bdf80000,0x00000007c0000000)
 ParOldGen       total 161280K, used 35463K [0x00000006c1800000, 0x00000006cb580000, 0x00000007b9c00000)
  object space 161280K, 21% used [0x00000006c1800000,0x00000006c3aa1e80,0x00000006cb580000)
 Metaspace       used 2707K, capacity 4486K, committed 4864K, reserved 1056768K
  class space    used 302K, capacity 386K, committed 512K, reserved 1048576K
[GC (Allocation Failure)  104231K->68359K(230400K), 0.0324912 secs]
Heap after GC invocations=895 (full 1):
 PSYoungGen      total 69120K, used 32896K [0x00000007b9c00000, 0x00000007c0000000, 0x00000007c0000000)
  eden space 35840K, 0% used [0x00000007b9c00000,0x00000007b9c00000,0x00000007bbf00000)
  from space 33280K, 98% used [0x00000007bdf80000,0x00000007bffa0000,0x00000007c0000000)
  to   space 33280K, 0% used [0x00000007bbf00000,0x00000007bbf00000,0x00000007bdf80000)
 ParOldGen       total 161280K, used 35463K [0x00000006c1800000, 0x00000006cb580000, 0x00000007b9c00000)
  object space 161280K, 21% used [0x00000006c1800000,0x00000006c3aa1e80,0x00000006cb580000)
 Metaspace       used 2707K, capacity 4486K, committed 4864K, reserved 1056768K
  class space    used 302K, capacity 386K, committed 512K, reserved 1048576K
}
{Heap before GC invocations=896 (full 1):
 PSYoungGen      total 69120K, used 68736K [0x00000007b9c00000, 0x00000007c0000000, 0x00000007c0000000)
  eden space 35840K, 100% used [0x00000007b9c00000,0x00000007bbf00000,0x00000007bbf00000)
  from space 33280K, 98% used [0x00000007bdf80000,0x00000007bffa0000,0x00000007c0000000)
  to   space 33280K, 0% used [0x00000007bbf00000,0x00000007bbf00000,0x00000007bdf80000)
 ParOldGen       total 161280K, used 35463K [0x00000006c1800000, 0x00000006cb580000, 0x00000007b9c00000)
  object space 161280K, 21% used [0x00000006c1800000,0x00000006c3aa1e80,0x00000006cb580000)
 Metaspace       used 2707K, capacity 4486K, committed 4864K, reserved 1056768K
  class space    used 302K, capacity 386K, committed 512K, reserved 1048576K
[GC (Allocation Failure)  104199K->68359K(230400K), 0.0314532 secs]
Heap after GC invocations=896 (full 1):
 PSYoungGen      total 69120K, used 32896K [0x00000007b9c00000, 0x00000007c0000000, 0x00000007c0000000)
  eden space 35840K, 0% used [0x00000007b9c00000,0x00000007b9c00000,0x00000007bbf00000)
  from space 33280K, 98% used [0x00000007bbf00000,0x00000007bdf20000,0x00000007bdf80000)
  to   space 33280K, 0% used [0x00000007bdf80000,0x00000007bdf80000,0x00000007c0000000)
 ParOldGen       total 161280K, used 35463K [0x00000006c1800000, 0x00000006cb580000, 0x00000007b9c00000)
  object space 161280K, 21% used [0x00000006c1800000,0x00000006c3aa1e80,0x00000006cb580000)
 Metaspace       used 2707K, capacity 4486K, committed 4864K, reserved 1056768K
  class space    used 302K, capacity 386K, committed 512K, reserved 1048576K
}
{Heap before GC invocations=897 (full 1):
 PSYoungGen      total 69120K, used 68736K [0x00000007b9c00000, 0x00000007c0000000, 0x00000007c0000000)
  eden space 35840K, 100% used [0x00000007b9c00000,0x00000007bbf00000,0x00000007bbf00000)
  from space 33280K, 98% used [0x00000007bbf00000,0x00000007bdf20000,0x00000007bdf80000)
  to   space 33280K, 0% used [0x00000007bdf80000,0x00000007bdf80000,0x00000007c0000000)
 ParOldGen       total 161280K, used 35463K [0x00000006c1800000, 0x00000006cb580000, 0x00000007b9c00000)
  object space 161280K, 21% used [0x00000006c1800000,0x00000006c3aa1e80,0x00000006cb580000)
 Metaspace       used 2707K, capacity 4486K, committed 4864K, reserved 1056768K
  class space    used 302K, capacity 386K, committed 512K, reserved 1048576K
[GC (Allocation Failure)  104199K->68359K(230400K), 0.0312806 secs]
Heap after GC invocations=897 (full 1):
 PSYoungGen      total 69120K, used 32896K [0x00000007b9c00000, 0x00000007c0000000, 0x00000007c0000000)
  eden space 35840K, 0% used [0x00000007b9c00000,0x00000007b9c00000,0x00000007bbf00000)
  from space 33280K, 98% used [0x00000007bdf80000,0x00000007bffa0000,0x00000007c0000000)
  to   space 33280K, 0% used [0x00000007bbf00000,0x00000007bbf00000,0x00000007bdf80000)
 ParOldGen       total 161280K, used 35463K [0x00000006c1800000, 0x00000006cb580000, 0x00000007b9c00000)
  object space 161280K, 21% used [0x00000006c1800000,0x00000006c3aa1e80,0x00000006cb580000)
 Metaspace       used 2707K, capacity 4486K, committed 4864K, reserved 1056768K
  class space    used 302K, capacity 386K, committed 512K, reserved 1048576K
}
{Heap before GC invocations=898 (full 1):
 PSYoungGen      total 69120K, used 68736K [0x00000007b9c00000, 0x00000007c0000000, 0x00000007c0000000)
  eden space 35840K, 100% used [0x00000007b9c00000,0x00000007bbf00000,0x00000007bbf00000)
  from space 33280K, 98% used [0x00000007bdf80000,0x00000007bffa0000,0x00000007c0000000)
  to   space 33280K, 0% used [0x00000007bbf00000,0x00000007bbf00000,0x00000007bdf80000)
 ParOldGen       total 161280K, used 35463K [0x00000006c1800000, 0x00000006cb580000, 0x00000007b9c00000)
  object space 161280K, 21% used [0x00000006c1800000,0x00000006c3aa1e80,0x00000006cb580000)
 Metaspace       used 2707K, capacity 4486K, committed 4864K, reserved 1056768K
  class space    used 302K, capacity 386K, committed 512K, reserved 1048576K
[GC (Allocation Failure)  104199K->68327K(230400K), 0.0318438 secs]
Heap after GC invocations=898 (full 1):
 PSYoungGen      total 69120K, used 32864K [0x00000007b9c00000, 0x00000007c0000000, 0x00000007c0000000)
  eden space 35840K, 0% used [0x00000007b9c00000,0x00000007b9c00000,0x00000007bbf00000)
  from space 33280K, 98% used [0x00000007bbf00000,0x00000007bdf18000,0x00000007bdf80000)
  to   space 33280K, 0% used [0x00000007bdf80000,0x00000007bdf80000,0x00000007c0000000)
 ParOldGen       total 161280K, used 35463K [0x00000006c1800000, 0x00000006cb580000, 0x00000007b9c00000)
  object space 161280K, 21% used [0x00000006c1800000,0x00000006c3aa1e80,0x00000006cb580000)
 Metaspace       used 2707K, capacity 4486K, committed 4864K, reserved 1056768K
  class space    used 302K, capacity 386K, committed 512K, reserved 1048576K
}
{Heap before GC invocations=899 (full 1):
 PSYoungGen      total 69120K, used 68704K [0x00000007b9c00000, 0x00000007c0000000, 0x00000007c0000000)
  eden space 35840K, 100% used [0x00000007b9c00000,0x00000007bbf00000,0x00000007bbf00000)
  from space 33280K, 98% used [0x00000007bbf00000,0x00000007bdf18000,0x00000007bdf80000)
  to   space 33280K, 0% used [0x00000007bdf80000,0x00000007bdf80000,0x00000007c0000000)
 ParOldGen       total 161280K, used 35463K [0x00000006c1800000, 0x00000006cb580000, 0x00000007b9c00000)
  object space 161280K, 21% used [0x00000006c1800000,0x00000006c3aa1e80,0x00000006cb580000)
 Metaspace       used 2707K, capacity 4486K, committed 4864K, reserved 1056768K
  class space    used 302K, capacity 386K, committed 512K, reserved 1048576K
[GC (Allocation Failure)  104167K->68359K(230400K), 0.0321053 secs]
Heap after GC invocations=899 (full 1):
 PSYoungGen      total 69120K, used 32896K [0x00000007b9c00000, 0x00000007c0000000, 0x00000007c0000000)
  eden space 35840K, 0% used [0x00000007b9c00000,0x00000007b9c00000,0x00000007bbf00000)
  from space 33280K, 98% used [0x00000007bdf80000,0x00000007bffa0000,0x00000007c0000000)
  to   space 33280K, 0% used [0x00000007bbf00000,0x00000007bbf00000,0x00000007bdf80000)
 ParOldGen       total 161280K, used 35463K [0x00000006c1800000, 0x00000006cb580000, 0x00000007b9c00000)
  object space 161280K, 21% used [0x00000006c1800000,0x00000006c3aa1e80,0x00000006cb580000)
 Metaspace       used 2707K, capacity 4486K, committed 4864K, reserved 1056768K
  class space    used 302K, capacity 386K, committed 512K, reserved 1048576K
}
{Heap before GC invocations=900 (full 1):
 PSYoungGen      total 69120K, used 68736K [0x00000007b9c00000, 0x00000007c0000000, 0x00000007c0000000)
  eden space 35840K, 100% used [0x00000007b9c00000,0x00000007bbf00000,0x00000007bbf00000)
  from space 33280K, 98% used [0x00000007bdf80000,0x00000007bffa0000,0x00000007c0000000)
  to   space 33280K, 0% used [0x00000007bbf00000,0x00000007bbf00000,0x00000007bdf80000)
 ParOldGen       total 161280K, used 35463K [0x00000006c1800000, 0x00000006cb580000, 0x00000007b9c00000)
  object space 161280K, 21% used [0x00000006c1800000,0x00000006c3aa1e80,0x00000006cb580000)
 Metaspace       used 2707K, capacity 4486K, committed 4864K, reserved 1056768K
  class space    used 302K, capacity 386K, committed 512K, reserved 1048576K
[GC (Allocation Failure)  104199K->68359K(230400K), 0.0357245 secs]
Heap after GC invocations=900 (full 1):
 PSYoungGen      total 69120K, used 32896K [0x00000007b9c00000, 0x00000007c0000000, 0x00000007c0000000)
  eden space 35840K, 0% used [0x00000007b9c00000,0x00000007b9c00000,0x00000007bbf00000)
  from space 33280K, 98% used [0x00000007bbf00000,0x00000007bdf20000,0x00000007bdf80000)
  to   space 33280K, 0% used [0x00000007bdf80000,0x00000007bdf80000,0x00000007c0000000)
 ParOldGen       total 161280K, used 35463K [0x00000006c1800000, 0x00000006cb580000, 0x00000007b9c00000)
  object space 161280K, 21% used [0x00000006c1800000,0x00000006c3aa1e80,0x00000006cb580000)
 Metaspace       used 2707K, capacity 4486K, committed 4864K, reserved 1056768K
  class space    used 302K, capacity 386K, committed 512K, reserved 1048576K
}
{Heap before GC invocations=901 (full 1):
 PSYoungGen      total 69120K, used 68736K [0x00000007b9c00000, 0x00000007c0000000, 0x00000007c0000000)
  eden space 35840K, 100% used [0x00000007b9c00000,0x00000007bbf00000,0x00000007bbf00000)
  from space 33280K, 98% used [0x00000007bbf00000,0x00000007bdf20000,0x00000007bdf80000)
  to   space 33280K, 0% used [0x00000007bdf80000,0x00000007bdf80000,0x00000007c0000000)
 ParOldGen       total 161280K, used 35463K [0x00000006c1800000, 0x00000006cb580000, 0x00000007b9c00000)
  object space 161280K, 21% used [0x00000006c1800000,0x00000006c3aa1e80,0x00000006cb580000)
 Metaspace       used 2707K, capacity 4486K, committed 4864K, reserved 1056768K
  class space    used 302K, capacity 386K, committed 512K, reserved 1048576K
[GC (Allocation Failure)  104199K->68327K(230400K), 0.0389820 secs]
Heap after GC invocations=901 (full 1):
 PSYoungGen      total 69120K, used 32864K [0x00000007b9c00000, 0x00000007c0000000, 0x00000007c0000000)
  eden space 35840K, 0% used [0x00000007b9c00000,0x00000007b9c00000,0x00000007bbf00000)
  from space 33280K, 98% used [0x00000007bdf80000,0x00000007bff98000,0x00000007c0000000)
  to   space 33280K, 0% used [0x00000007bbf00000,0x00000007bbf00000,0x00000007bdf80000)
 ParOldGen       total 161280K, used 35463K [0x00000006c1800000, 0x00000006cb580000, 0x00000007b9c00000)
  object space 161280K, 21% used [0x00000006c1800000,0x00000006c3aa1e80,0x00000006cb580000)
 Metaspace       used 2707K, capacity 4486K, committed 4864K, reserved 1056768K
  class space    used 302K, capacity 386K, committed 512K, reserved 1048576K
}
{Heap before GC invocations=902 (full 1):
 PSYoungGen      total 69120K, used 68704K [0x00000007b9c00000, 0x00000007c0000000, 0x00000007c0000000)
  eden space 35840K, 100% used [0x00000007b9c00000,0x00000007bbf00000,0x00000007bbf00000)
  from space 33280K, 98% used [0x00000007bdf80000,0x00000007bff98000,0x00000007c0000000)
  to   space 33280K, 0% used [0x00000007bbf00000,0x00000007bbf00000,0x00000007bdf80000)
 ParOldGen       total 161280K, used 35463K [0x00000006c1800000, 0x00000006cb580000, 0x00000007b9c00000)
  object space 161280K, 21% used [0x00000006c1800000,0x00000006c3aa1e80,0x00000006cb580000)
 Metaspace       used 2707K, capacity 4486K, committed 4864K, reserved 1056768K
  class space    used 302K, capacity 386K, committed 512K, reserved 1048576K
[GC (Allocation Failure)  104167K->68359K(230400K), 0.0291756 secs]
Heap after GC invocations=902 (full 1):
 PSYoungGen      total 69120K, used 32896K [0x00000007b9c00000, 0x00000007c0000000, 0x00000007c0000000)
  eden space 35840K, 0% used [0x00000007b9c00000,0x00000007b9c00000,0x00000007bbf00000)
  from space 33280K, 98% used [0x00000007bbf00000,0x00000007bdf20000,0x00000007bdf80000)
  to   space 33280K, 0% used [0x00000007bdf80000,0x00000007bdf80000,0x00000007c0000000)
 ParOldGen       total 161280K, used 35463K [0x00000006c1800000, 0x00000006cb580000, 0x00000007b9c00000)
  object space 161280K, 21% used [0x00000006c1800000,0x00000006c3aa1e80,0x00000006cb580000)
 Metaspace       used 2707K, capacity 4486K, committed 4864K, reserved 1056768K
  class space    used 302K, capacity 386K, committed 512K, reserved 1048576K
}
{Heap before GC invocations=903 (full 1):
 PSYoungGen      total 69120K, used 68736K [0x00000007b9c00000, 0x00000007c0000000, 0x00000007c0000000)
  eden space 35840K, 100% used [0x00000007b9c00000,0x00000007bbf00000,0x00000007bbf00000)
  from space 33280K, 98% used [0x00000007bbf00000,0x00000007bdf20000,0x00000007bdf80000)
  to   space 33280K, 0% used [0x00000007bdf80000,0x00000007bdf80000,0x00000007c0000000)
 ParOldGen       total 161280K, used 35463K [0x00000006c1800000, 0x00000006cb580000, 0x00000007b9c00000)
  object space 161280K, 21% used [0x00000006c1800000,0x00000006c3aa1e80,0x00000006cb580000)
 Metaspace       used 2707K, capacity 4486K, committed 4864K, reserved 1056768K
  class space    used 302K, capacity 386K, committed 512K, reserved 1048576K
[GC (Allocation Failure)  104199K->68359K(230400K), 0.0336903 secs]
Heap after GC invocations=903 (full 1):
 PSYoungGen      total 69120K, used 32896K [0x00000007b9c00000, 0x00000007c0000000, 0x00000007c0000000)
  eden space 35840K, 0% used [0x00000007b9c00000,0x00000007b9c00000,0x00000007bbf00000)
  from space 33280K, 98% used [0x00000007bdf80000,0x00000007bffa0000,0x00000007c0000000)
  to   space 33280K, 0% used [0x00000007bbf00000,0x00000007bbf00000,0x00000007bdf80000)
 ParOldGen       total 161280K, used 35463K [0x00000006c1800000, 0x00000006cb580000, 0x00000007b9c00000)
  object space 161280K, 21% used [0x00000006c1800000,0x00000006c3aa1e80,0x00000006cb580000)
 Metaspace       used 2707K, capacity 4486K, committed 4864K, reserved 1056768K
  class space    used 302K, capacity 386K, committed 512K, reserved 1048576K
}
{Heap before GC invocations=904 (full 1):
 PSYoungGen      total 69120K, used 68736K [0x00000007b9c00000, 0x00000007c0000000, 0x00000007c0000000)
  eden space 35840K, 100% used [0x00000007b9c00000,0x00000007bbf00000,0x00000007bbf00000)
  from space 33280K, 98% used [0x00000007bdf80000,0x00000007bffa0000,0x00000007c0000000)
  to   space 33280K, 0% used [0x00000007bbf00000,0x00000007bbf00000,0x00000007bdf80000)
 ParOldGen       total 161280K, used 35463K [0x00000006c1800000, 0x00000006cb580000, 0x00000007b9c00000)
  object space 161280K, 21% used [0x00000006c1800000,0x00000006c3aa1e80,0x00000006cb580000)
 Metaspace       used 2707K, capacity 4486K, committed 4864K, reserved 1056768K
  class space    used 302K, capacity 386K, committed 512K, reserved 1048576K
[GC (Allocation Failure)  104199K->68391K(230400K), 0.0319556 secs]
Heap after GC invocations=904 (full 1):
 PSYoungGen      total 69120K, used 32928K [0x00000007b9c00000, 0x00000007c0000000, 0x00000007c0000000)
  eden space 35840K, 0% used [0x00000007b9c00000,0x00000007b9c00000,0x00000007bbf00000)
  from space 33280K, 98% used [0x00000007bbf00000,0x00000007bdf28000,0x00000007bdf80000)
  to   space 33280K, 0% used [0x00000007bdf80000,0x00000007bdf80000,0x00000007c0000000)
 ParOldGen       total 161280K, used 35463K [0x00000006c1800000, 0x00000006cb580000, 0x00000007b9c00000)
  object space 161280K, 21% used [0x00000006c1800000,0x00000006c3aa1e80,0x00000006cb580000)
 Metaspace       used 2707K, capacity 4486K, committed 4864K, reserved 1056768K
  class space    used 302K, capacity 386K, committed 512K, reserved 1048576K
}
{Heap before GC invocations=905 (full 1):
 PSYoungGen      total 69120K, used 68768K [0x00000007b9c00000, 0x00000007c0000000, 0x00000007c0000000)
  eden space 35840K, 100% used [0x00000007b9c00000,0x00000007bbf00000,0x00000007bbf00000)
  from space 33280K, 98% used [0x00000007bbf00000,0x00000007bdf28000,0x00000007bdf80000)
  to   space 33280K, 0% used [0x00000007bdf80000,0x00000007bdf80000,0x00000007c0000000)
 ParOldGen       total 161280K, used 35463K [0x00000006c1800000, 0x00000006cb580000, 0x00000007b9c00000)
  object space 161280K, 21% used [0x00000006c1800000,0x00000006c3aa1e80,0x00000006cb580000)
 Metaspace       used 2707K, capacity 4486K, committed 4864K, reserved 1056768K
  class space    used 302K, capacity 386K, committed 512K, reserved 1048576K
[GC (Allocation Failure)  104231K->68359K(230400K), 0.0382230 secs]
Heap after GC invocations=905 (full 1):
 PSYoungGen      total 69120K, used 32896K [0x00000007b9c00000, 0x00000007c0000000, 0x00000007c0000000)
  eden space 35840K, 0% used [0x00000007b9c00000,0x00000007b9c00000,0x00000007bbf00000)
  from space 33280K, 98% used [0x00000007bdf80000,0x00000007bffa0000,0x00000007c0000000)
  to   space 33280K, 0% used [0x00000007bbf00000,0x00000007bbf00000,0x00000007bdf80000)
 ParOldGen       total 161280K, used 35463K [0x00000006c1800000, 0x00000006cb580000, 0x00000007b9c00000)
  object space 161280K, 21% used [0x00000006c1800000,0x00000006c3aa1e80,0x00000006cb580000)
 Metaspace       used 2707K, capacity 4486K, committed 4864K, reserved 1056768K
  class space    used 302K, capacity 386K, committed 512K, reserved 1048576K
}
{Heap before GC invocations=906 (full 1):
 PSYoungGen      total 69120K, used 68736K [0x00000007b9c00000, 0x00000007c0000000, 0x00000007c0000000)
  eden space 35840K, 100% used [0x00000007b9c00000,0x00000007bbf00000,0x00000007bbf00000)
  from space 33280K, 98% used [0x00000007bdf80000,0x00000007bffa0000,0x00000007c0000000)
  to   space 33280K, 0% used [0x00000007bbf00000,0x00000007bbf00000,0x00000007bdf80000)
 ParOldGen       total 161280K, used 35463K [0x00000006c1800000, 0x00000006cb580000, 0x00000007b9c00000)
  object space 161280K, 21% used [0x00000006c1800000,0x00000006c3aa1e80,0x00000006cb580000)
 Metaspace       used 2707K, capacity 4486K, committed 4864K, reserved 1056768K
  class space    used 302K, capacity 386K, committed 512K, reserved 1048576K
[GC (Allocation Failure)  104199K->68359K(230400K), 0.0316997 secs]
Heap after GC invocations=906 (full 1):
 PSYoungGen      total 69120K, used 32896K [0x00000007b9c00000, 0x00000007c0000000, 0x00000007c0000000)
  eden space 35840K, 0% used [0x00000007b9c00000,0x00000007b9c00000,0x00000007bbf00000)
  from space 33280K, 98% used [0x00000007bbf00000,0x00000007bdf20000,0x00000007bdf80000)
  to   space 33280K, 0% used [0x00000007bdf80000,0x00000007bdf80000,0x00000007c0000000)
 ParOldGen       total 161280K, used 35463K [0x00000006c1800000, 0x00000006cb580000, 0x00000007b9c00000)
  object space 161280K, 21% used [0x00000006c1800000,0x00000006c3aa1e80,0x00000006cb580000)
 Metaspace       used 2707K, capacity 4486K, committed 4864K, reserved 1056768K
  class space    used 302K, capacity 386K, committed 512K, reserved 1048576K
}
{Heap before GC invocations=907 (full 1):
 PSYoungGen      total 69120K, used 68736K [0x00000007b9c00000, 0x00000007c0000000, 0x00000007c0000000)
  eden space 35840K, 100% used [0x00000007b9c00000,0x00000007bbf00000,0x00000007bbf00000)
  from space 33280K, 98% used [0x00000007bbf00000,0x00000007bdf20000,0x00000007bdf80000)
  to   space 33280K, 0% used [0x00000007bdf80000,0x00000007bdf80000,0x00000007c0000000)
 ParOldGen       total 161280K, used 35463K [0x00000006c1800000, 0x00000006cb580000, 0x00000007b9c00000)
  object space 161280K, 21% used [0x00000006c1800000,0x00000006c3aa1e80,0x00000006cb580000)
 Metaspace       used 2707K, capacity 4486K, committed 4864K, reserved 1056768K
  class space    used 302K, capacity 386K, committed 512K, reserved 1048576K
[GC (Allocation Failure)  104199K->68359K(230400K), 0.0321532 secs]
Heap after GC invocations=907 (full 1):
 PSYoungGen      total 69120K, used 32896K [0x00000007b9c00000, 0x00000007c0000000, 0x00000007c0000000)
  eden space 35840K, 0% used [0x00000007b9c00000,0x00000007b9c00000,0x00000007bbf00000)
  from space 33280K, 98% used [0x00000007bdf80000,0x00000007bffa0000,0x00000007c0000000)
  to   space 33280K, 0% used [0x00000007bbf00000,0x00000007bbf00000,0x00000007bdf80000)
 ParOldGen       total 161280K, used 35463K [0x00000006c1800000, 0x00000006cb580000, 0x00000007b9c00000)
  object space 161280K, 21% used [0x00000006c1800000,0x00000006c3aa1e80,0x00000006cb580000)
 Metaspace       used 2707K, capacity 4486K, committed 4864K, reserved 1056768K
  class space    used 302K, capacity 386K, committed 512K, reserved 1048576K
}
{Heap before GC invocations=908 (full 1):
 PSYoungGen      total 69120K, used 68736K [0x00000007b9c00000, 0x00000007c0000000, 0x00000007c0000000)
  eden space 35840K, 100% used [0x00000007b9c00000,0x00000007bbf00000,0x00000007bbf00000)
  from space 33280K, 98% used [0x00000007bdf80000,0x00000007bffa0000,0x00000007c0000000)
  to   space 33280K, 0% used [0x00000007bbf00000,0x00000007bbf00000,0x00000007bdf80000)
 ParOldGen       total 161280K, used 35463K [0x00000006c1800000, 0x00000006cb580000, 0x00000007b9c00000)
  object space 161280K, 21% used [0x00000006c1800000,0x00000006c3aa1e80,0x00000006cb580000)
 Metaspace       used 2707K, capacity 4486K, committed 4864K, reserved 1056768K
  class space    used 302K, capacity 386K, committed 512K, reserved 1048576K
[GC (Allocation Failure)  104199K->68359K(230400K), 0.0319079 secs]
Heap after GC invocations=908 (full 1):
 PSYoungGen      total 69120K, used 32896K [0x00000007b9c00000, 0x00000007c0000000, 0x00000007c0000000)
  eden space 35840K, 0% used [0x00000007b9c00000,0x00000007b9c00000,0x00000007bbf00000)
  from space 33280K, 98% used [0x00000007bbf00000,0x00000007bdf20000,0x00000007bdf80000)
  to   space 33280K, 0% used [0x00000007bdf80000,0x00000007bdf80000,0x00000007c0000000)
 ParOldGen       total 161280K, used 35463K [0x00000006c1800000, 0x00000006cb580000, 0x00000007b9c00000)
  object space 161280K, 21% used [0x00000006c1800000,0x00000006c3aa1e80,0x00000006cb580000)
 Metaspace       used 2707K, capacity 4486K, committed 4864K, reserved 1056768K
  class space    used 302K, capacity 386K, committed 512K, reserved 1048576K
}
{Heap before GC invocations=909 (full 1):
 PSYoungGen      total 69120K, used 68736K [0x00000007b9c00000, 0x00000007c0000000, 0x00000007c0000000)
  eden space 35840K, 100% used [0x00000007b9c00000,0x00000007bbf00000,0x00000007bbf00000)
  from space 33280K, 98% used [0x00000007bbf00000,0x00000007bdf20000,0x00000007bdf80000)
  to   space 33280K, 0% used [0x00000007bdf80000,0x00000007bdf80000,0x00000007c0000000)
 ParOldGen       total 161280K, used 35463K [0x00000006c1800000, 0x00000006cb580000, 0x00000007b9c00000)
  object space 161280K, 21% used [0x00000006c1800000,0x00000006c3aa1e80,0x00000006cb580000)
 Metaspace       used 2707K, capacity 4486K, committed 4864K, reserved 1056768K
  class space    used 302K, capacity 386K, committed 512K, reserved 1048576K
[GC (Allocation Failure)  104199K->68359K(230400K), 0.0310728 secs]
Heap after GC invocations=909 (full 1):
 PSYoungGen      total 69120K, used 32896K [0x00000007b9c00000, 0x00000007c0000000, 0x00000007c0000000)
  eden space 35840K, 0% used [0x00000007b9c00000,0x00000007b9c00000,0x00000007bbf00000)
  from space 33280K, 98% used [0x00000007bdf80000,0x00000007bffa0000,0x00000007c0000000)
  to   space 33280K, 0% used [0x00000007bbf00000,0x00000007bbf00000,0x00000007bdf80000)
 ParOldGen       total 161280K, used 35463K [0x00000006c1800000, 0x00000006cb580000, 0x00000007b9c00000)
  object space 161280K, 21% used [0x00000006c1800000,0x00000006c3aa1e80,0x00000006cb580000)
 Metaspace       used 2707K, capacity 4486K, committed 4864K, reserved 1056768K
  class space    used 302K, capacity 386K, committed 512K, reserved 1048576K
}
{Heap before GC invocations=910 (full 1):
 PSYoungGen      total 69120K, used 68736K [0x00000007b9c00000, 0x00000007c0000000, 0x00000007c0000000)
  eden space 35840K, 100% used [0x00000007b9c00000,0x00000007bbf00000,0x00000007bbf00000)
  from space 33280K, 98% used [0x00000007bdf80000,0x00000007bffa0000,0x00000007c0000000)
  to   space 33280K, 0% used [0x00000007bbf00000,0x00000007bbf00000,0x00000007bdf80000)
 ParOldGen       total 161280K, used 35463K [0x00000006c1800000, 0x00000006cb580000, 0x00000007b9c00000)
  object space 161280K, 21% used [0x00000006c1800000,0x00000006c3aa1e80,0x00000006cb580000)
 Metaspace       used 2707K, capacity 4486K, committed 4864K, reserved 1056768K
  class space    used 302K, capacity 386K, committed 512K, reserved 1048576K
[GC (Allocation Failure)  104199K->68327K(230400K), 0.0302840 secs]
Heap after GC invocations=910 (full 1):
 PSYoungGen      total 69120K, used 32864K [0x00000007b9c00000, 0x00000007c0000000, 0x00000007c0000000)
  eden space 35840K, 0% used [0x00000007b9c00000,0x00000007b9c00000,0x00000007bbf00000)
  from space 33280K, 98% used [0x00000007bbf00000,0x00000007bdf18000,0x00000007bdf80000)
  to   space 33280K, 0% used [0x00000007bdf80000,0x00000007bdf80000,0x00000007c0000000)
 ParOldGen       total 161280K, used 35463K [0x00000006c1800000, 0x00000006cb580000, 0x00000007b9c00000)
  object space 161280K, 21% used [0x00000006c1800000,0x00000006c3aa1e80,0x00000006cb580000)
 Metaspace       used 2707K, capacity 4486K, committed 4864K, reserved 1056768K
  class space    used 302K, capacity 386K, committed 512K, reserved 1048576K
}
{Heap before GC invocations=911 (full 1):
 PSYoungGen      total 69120K, used 68704K [0x00000007b9c00000, 0x00000007c0000000, 0x00000007c0000000)
  eden space 35840K, 100% used [0x00000007b9c00000,0x00000007bbf00000,0x00000007bbf00000)
  from space 33280K, 98% used [0x00000007bbf00000,0x00000007bdf18000,0x00000007bdf80000)
  to   space 33280K, 0% used [0x00000007bdf80000,0x00000007bdf80000,0x00000007c0000000)
 ParOldGen       total 161280K, used 35463K [0x00000006c1800000, 0x00000006cb580000, 0x00000007b9c00000)
  object space 161280K, 21% used [0x00000006c1800000,0x00000006c3aa1e80,0x00000006cb580000)
 Metaspace       used 2707K, capacity 4486K, committed 4864K, reserved 1056768K
  class space    used 302K, capacity 386K, committed 512K, reserved 1048576K
[GC (Allocation Failure)  104167K->68327K(230400K), 0.0317680 secs]
Heap after GC invocations=911 (full 1):
 PSYoungGen      total 69120K, used 32864K [0x00000007b9c00000, 0x00000007c0000000, 0x00000007c0000000)
  eden space 35840K, 0% used [0x00000007b9c00000,0x00000007b9c00000,0x00000007bbf00000)
  from space 33280K, 98% used [0x00000007bdf80000,0x00000007bff98000,0x00000007c0000000)
  to   space 33280K, 0% used [0x00000007bbf00000,0x00000007bbf00000,0x00000007bdf80000)
 ParOldGen       total 161280K, used 35463K [0x00000006c1800000, 0x00000006cb580000, 0x00000007b9c00000)
  object space 161280K, 21% used [0x00000006c1800000,0x00000006c3aa1e80,0x00000006cb580000)
 Metaspace       used 2707K, capacity 4486K, committed 4864K, reserved 1056768K
  class space    used 302K, capacity 386K, committed 512K, reserved 1048576K
}
{Heap before GC invocations=912 (full 1):
 PSYoungGen      total 69120K, used 68704K [0x00000007b9c00000, 0x00000007c0000000, 0x00000007c0000000)
  eden space 35840K, 100% used [0x00000007b9c00000,0x00000007bbf00000,0x00000007bbf00000)
  from space 33280K, 98% used [0x00000007bdf80000,0x00000007bff98000,0x00000007c0000000)
  to   space 33280K, 0% used [0x00000007bbf00000,0x00000007bbf00000,0x00000007bdf80000)
 ParOldGen       total 161280K, used 35463K [0x00000006c1800000, 0x00000006cb580000, 0x00000007b9c00000)
  object space 161280K, 21% used [0x00000006c1800000,0x00000006c3aa1e80,0x00000006cb580000)
 Metaspace       used 2707K, capacity 4486K, committed 4864K, reserved 1056768K
  class space    used 302K, capacity 386K, committed 512K, reserved 1048576K
[GC (Allocation Failure)  104167K->68327K(230400K), 0.0321373 secs]
Heap after GC invocations=912 (full 1):
 PSYoungGen      total 69120K, used 32864K [0x00000007b9c00000, 0x00000007c0000000, 0x00000007c0000000)
  eden space 35840K, 0% used [0x00000007b9c00000,0x00000007b9c00000,0x00000007bbf00000)
  from space 33280K, 98% used [0x00000007bbf00000,0x00000007bdf18000,0x00000007bdf80000)
  to   space 33280K, 0% used [0x00000007bdf80000,0x00000007bdf80000,0x00000007c0000000)
 ParOldGen       total 161280K, used 35463K [0x00000006c1800000, 0x00000006cb580000, 0x00000007b9c00000)
  object space 161280K, 21% used [0x00000006c1800000,0x00000006c3aa1e80,0x00000006cb580000)
 Metaspace       used 2707K, capacity 4486K, committed 4864K, reserved 1056768K
  class space    used 302K, capacity 386K, committed 512K, reserved 1048576K
}
{Heap before GC invocations=913 (full 1):
 PSYoungGen      total 69120K, used 68704K [0x00000007b9c00000, 0x00000007c0000000, 0x00000007c0000000)
  eden space 35840K, 100% used [0x00000007b9c00000,0x00000007bbf00000,0x00000007bbf00000)
  from space 33280K, 98% used [0x00000007bbf00000,0x00000007bdf18000,0x00000007bdf80000)
  to   space 33280K, 0% used [0x00000007bdf80000,0x00000007bdf80000,0x00000007c0000000)
 ParOldGen       total 161280K, used 35463K [0x00000006c1800000, 0x00000006cb580000, 0x00000007b9c00000)
  object space 161280K, 21% used [0x00000006c1800000,0x00000006c3aa1e80,0x00000006cb580000)
 Metaspace       used 2707K, capacity 4486K, committed 4864K, reserved 1056768K
  class space    used 302K, capacity 386K, committed 512K, reserved 1048576K
[GC (Allocation Failure)  104167K->68359K(230400K), 0.0336635 secs]
Heap after GC invocations=913 (full 1):
 PSYoungGen      total 69120K, used 32896K [0x00000007b9c00000, 0x00000007c0000000, 0x00000007c0000000)
  eden space 35840K, 0% used [0x00000007b9c00000,0x00000007b9c00000,0x00000007bbf00000)
  from space 33280K, 98% used [0x00000007bdf80000,0x00000007bffa0000,0x00000007c0000000)
  to   space 33280K, 0% used [0x00000007bbf00000,0x00000007bbf00000,0x00000007bdf80000)
 ParOldGen       total 161280K, used 35463K [0x00000006c1800000, 0x00000006cb580000, 0x00000007b9c00000)
  object space 161280K, 21% used [0x00000006c1800000,0x00000006c3aa1e80,0x00000006cb580000)
 Metaspace       used 2707K, capacity 4486K, committed 4864K, reserved 1056768K
  class space    used 302K, capacity 386K, committed 512K, reserved 1048576K
}
{Heap before GC invocations=914 (full 1):
 PSYoungGen      total 69120K, used 68736K [0x00000007b9c00000, 0x00000007c0000000, 0x00000007c0000000)
  eden space 35840K, 100% used [0x00000007b9c00000,0x00000007bbf00000,0x00000007bbf00000)
  from space 33280K, 98% used [0x00000007bdf80000,0x00000007bffa0000,0x00000007c0000000)
  to   space 33280K, 0% used [0x00000007bbf00000,0x00000007bbf00000,0x00000007bdf80000)
 ParOldGen       total 161280K, used 35463K [0x00000006c1800000, 0x00000006cb580000, 0x00000007b9c00000)
  object space 161280K, 21% used [0x00000006c1800000,0x00000006c3aa1e80,0x00000006cb580000)
 Metaspace       used 2707K, capacity 4486K, committed 4864K, reserved 1056768K
  class space    used 302K, capacity 386K, committed 512K, reserved 1048576K
[GC (Allocation Failure)  104199K->68359K(230400K), 0.0329924 secs]
Heap after GC invocations=914 (full 1):
 PSYoungGen      total 69120K, used 32896K [0x00000007b9c00000, 0x00000007c0000000, 0x00000007c0000000)
  eden space 35840K, 0% used [0x00000007b9c00000,0x00000007b9c00000,0x00000007bbf00000)
  from space 33280K, 98% used [0x00000007bbf00000,0x00000007bdf20000,0x00000007bdf80000)
  to   space 33280K, 0% used [0x00000007bdf80000,0x00000007bdf80000,0x00000007c0000000)
 ParOldGen       total 161280K, used 35463K [0x00000006c1800000, 0x00000006cb580000, 0x00000007b9c00000)
  object space 161280K, 21% used [0x00000006c1800000,0x00000006c3aa1e80,0x00000006cb580000)
 Metaspace       used 2707K, capacity 4486K, committed 4864K, reserved 1056768K
  class space    used 302K, capacity 386K, committed 512K, reserved 1048576K
}
{Heap before GC invocations=915 (full 1):
 PSYoungGen      total 69120K, used 68736K [0x00000007b9c00000, 0x00000007c0000000, 0x00000007c0000000)
  eden space 35840K, 100% used [0x00000007b9c00000,0x00000007bbf00000,0x00000007bbf00000)
  from space 33280K, 98% used [0x00000007bbf00000,0x00000007bdf20000,0x00000007bdf80000)
  to   space 33280K, 0% used [0x00000007bdf80000,0x00000007bdf80000,0x00000007c0000000)
 ParOldGen       total 161280K, used 35463K [0x00000006c1800000, 0x00000006cb580000, 0x00000007b9c00000)
  object space 161280K, 21% used [0x00000006c1800000,0x00000006c3aa1e80,0x00000006cb580000)
 Metaspace       used 2707K, capacity 4486K, committed 4864K, reserved 1056768K
  class space    used 302K, capacity 386K, committed 512K, reserved 1048576K
[GC (Allocation Failure)  104199K->68359K(230400K), 0.0317708 secs]
Heap after GC invocations=915 (full 1):
 PSYoungGen      total 69120K, used 32896K [0x00000007b9c00000, 0x00000007c0000000, 0x00000007c0000000)
  eden space 35840K, 0% used [0x00000007b9c00000,0x00000007b9c00000,0x00000007bbf00000)
  from space 33280K, 98% used [0x00000007bdf80000,0x00000007bffa0000,0x00000007c0000000)
  to   space 33280K, 0% used [0x00000007bbf00000,0x00000007bbf00000,0x00000007bdf80000)
 ParOldGen       total 161280K, used 35463K [0x00000006c1800000, 0x00000006cb580000, 0x00000007b9c00000)
  object space 161280K, 21% used [0x00000006c1800000,0x00000006c3aa1e80,0x00000006cb580000)
 Metaspace       used 2707K, capacity 4486K, committed 4864K, reserved 1056768K
  class space    used 302K, capacity 386K, committed 512K, reserved 1048576K
}
{Heap before GC invocations=916 (full 1):
 PSYoungGen      total 69120K, used 68736K [0x00000007b9c00000, 0x00000007c0000000, 0x00000007c0000000)
  eden space 35840K, 100% used [0x00000007b9c00000,0x00000007bbf00000,0x00000007bbf00000)
  from space 33280K, 98% used [0x00000007bdf80000,0x00000007bffa0000,0x00000007c0000000)
  to   space 33280K, 0% used [0x00000007bbf00000,0x00000007bbf00000,0x00000007bdf80000)
 ParOldGen       total 161280K, used 35463K [0x00000006c1800000, 0x00000006cb580000, 0x00000007b9c00000)
  object space 161280K, 21% used [0x00000006c1800000,0x00000006c3aa1e80,0x00000006cb580000)
 Metaspace       used 2707K, capacity 4486K, committed 4864K, reserved 1056768K
  class space    used 302K, capacity 386K, committed 512K, reserved 1048576K
[GC (Allocation Failure)  104199K->68327K(230400K), 0.0310321 secs]
Heap after GC invocations=916 (full 1):
 PSYoungGen      total 69120K, used 32864K [0x00000007b9c00000, 0x00000007c0000000, 0x00000007c0000000)
  eden space 35840K, 0% used [0x00000007b9c00000,0x00000007b9c00000,0x00000007bbf00000)
  from space 33280K, 98% used [0x00000007bbf00000,0x00000007bdf18000,0x00000007bdf80000)
  to   space 33280K, 0% used [0x00000007bdf80000,0x00000007bdf80000,0x00000007c0000000)
 ParOldGen       total 161280K, used 35463K [0x00000006c1800000, 0x00000006cb580000, 0x00000007b9c00000)
  object space 161280K, 21% used [0x00000006c1800000,0x00000006c3aa1e80,0x00000006cb580000)
 Metaspace       used 2707K, capacity 4486K, committed 4864K, reserved 1056768K
  class space    used 302K, capacity 386K, committed 512K, reserved 1048576K
}
{Heap before GC invocations=917 (full 1):
 PSYoungGen      total 69120K, used 68704K [0x00000007b9c00000, 0x00000007c0000000, 0x00000007c0000000)
  eden space 35840K, 100% used [0x00000007b9c00000,0x00000007bbf00000,0x00000007bbf00000)
  from space 33280K, 98% used [0x00000007bbf00000,0x00000007bdf18000,0x00000007bdf80000)
  to   space 33280K, 0% used [0x00000007bdf80000,0x00000007bdf80000,0x00000007c0000000)
 ParOldGen       total 161280K, used 35463K [0x00000006c1800000, 0x00000006cb580000, 0x00000007b9c00000)
  object space 161280K, 21% used [0x00000006c1800000,0x00000006c3aa1e80,0x00000006cb580000)
 Metaspace       used 2707K, capacity 4486K, committed 4864K, reserved 1056768K
  class space    used 302K, capacity 386K, committed 512K, reserved 1048576K
[GC (Allocation Failure)  104167K->68359K(230400K), 0.0321598 secs]
Heap after GC invocations=917 (full 1):
 PSYoungGen      total 69120K, used 32896K [0x00000007b9c00000, 0x00000007c0000000, 0x00000007c0000000)
  eden space 35840K, 0% used [0x00000007b9c00000,0x00000007b9c00000,0x00000007bbf00000)
  from space 33280K, 98% used [0x00000007bdf80000,0x00000007bffa0000,0x00000007c0000000)
  to   space 33280K, 0% used [0x00000007bbf00000,0x00000007bbf00000,0x00000007bdf80000)
 ParOldGen       total 161280K, used 35463K [0x00000006c1800000, 0x00000006cb580000, 0x00000007b9c00000)
  object space 161280K, 21% used [0x00000006c1800000,0x00000006c3aa1e80,0x00000006cb580000)
 Metaspace       used 2707K, capacity 4486K, committed 4864K, reserved 1056768K
  class space    used 302K, capacity 386K, committed 512K, reserved 1048576K
}
{Heap before GC invocations=918 (full 1):
 PSYoungGen      total 69120K, used 68736K [0x00000007b9c00000, 0x00000007c0000000, 0x00000007c0000000)
  eden space 35840K, 100% used [0x00000007b9c00000,0x00000007bbf00000,0x00000007bbf00000)
  from space 33280K, 98% used [0x00000007bdf80000,0x00000007bffa0000,0x00000007c0000000)
  to   space 33280K, 0% used [0x00000007bbf00000,0x00000007bbf00000,0x00000007bdf80000)
 ParOldGen       total 161280K, used 35463K [0x00000006c1800000, 0x00000006cb580000, 0x00000007b9c00000)
  object space 161280K, 21% used [0x00000006c1800000,0x00000006c3aa1e80,0x00000006cb580000)
 Metaspace       used 2707K, capacity 4486K, committed 4864K, reserved 1056768K
  class space    used 302K, capacity 386K, committed 512K, reserved 1048576K
[GC (Allocation Failure)  104199K->68391K(230400K), 0.0321588 secs]
Heap after GC invocations=918 (full 1):
 PSYoungGen      total 69120K, used 32928K [0x00000007b9c00000, 0x00000007c0000000, 0x00000007c0000000)
  eden space 35840K, 0% used [0x00000007b9c00000,0x00000007b9c00000,0x00000007bbf00000)
  from space 33280K, 98% used [0x00000007bbf00000,0x00000007bdf28000,0x00000007bdf80000)
  to   space 33280K, 0% used [0x00000007bdf80000,0x00000007bdf80000,0x00000007c0000000)
 ParOldGen       total 161280K, used 35463K [0x00000006c1800000, 0x00000006cb580000, 0x00000007b9c00000)
  object space 161280K, 21% used [0x00000006c1800000,0x00000006c3aa1e80,0x00000006cb580000)
 Metaspace       used 2707K, capacity 4486K, committed 4864K, reserved 1056768K
  class space    used 302K, capacity 386K, committed 512K, reserved 1048576K
}
{Heap before GC invocations=919 (full 1):
 PSYoungGen      total 69120K, used 68768K [0x00000007b9c00000, 0x00000007c0000000, 0x00000007c0000000)
  eden space 35840K, 100% used [0x00000007b9c00000,0x00000007bbf00000,0x00000007bbf00000)
  from space 33280K, 98% used [0x00000007bbf00000,0x00000007bdf28000,0x00000007bdf80000)
  to   space 33280K, 0% used [0x00000007bdf80000,0x00000007bdf80000,0x00000007c0000000)
 ParOldGen       total 161280K, used 35463K [0x00000006c1800000, 0x00000006cb580000, 0x00000007b9c00000)
  object space 161280K, 21% used [0x00000006c1800000,0x00000006c3aa1e80,0x00000006cb580000)
 Metaspace       used 2707K, capacity 4486K, committed 4864K, reserved 1056768K
  class space    used 302K, capacity 386K, committed 512K, reserved 1048576K
[GC (Allocation Failure)  104231K->68359K(230400K), 0.0309343 secs]
Heap after GC invocations=919 (full 1):
 PSYoungGen      total 69120K, used 32896K [0x00000007b9c00000, 0x00000007c0000000, 0x00000007c0000000)
  eden space 35840K, 0% used [0x00000007b9c00000,0x00000007b9c00000,0x00000007bbf00000)
  from space 33280K, 98% used [0x00000007bdf80000,0x00000007bffa0000,0x00000007c0000000)
  to   space 33280K, 0% used [0x00000007bbf00000,0x00000007bbf00000,0x00000007bdf80000)
 ParOldGen       total 161280K, used 35463K [0x00000006c1800000, 0x00000006cb580000, 0x00000007b9c00000)
  object space 161280K, 21% used [0x00000006c1800000,0x00000006c3aa1e80,0x00000006cb580000)
 Metaspace       used 2707K, capacity 4486K, committed 4864K, reserved 1056768K
  class space    used 302K, capacity 386K, committed 512K, reserved 1048576K
}
{Heap before GC invocations=920 (full 1):
 PSYoungGen      total 69120K, used 68736K [0x00000007b9c00000, 0x00000007c0000000, 0x00000007c0000000)
  eden space 35840K, 100% used [0x00000007b9c00000,0x00000007bbf00000,0x00000007bbf00000)
  from space 33280K, 98% used [0x00000007bdf80000,0x00000007bffa0000,0x00000007c0000000)
  to   space 33280K, 0% used [0x00000007bbf00000,0x00000007bbf00000,0x00000007bdf80000)
 ParOldGen       total 161280K, used 35463K [0x00000006c1800000, 0x00000006cb580000, 0x00000007b9c00000)
  object space 161280K, 21% used [0x00000006c1800000,0x00000006c3aa1e80,0x00000006cb580000)
 Metaspace       used 2707K, capacity 4486K, committed 4864K, reserved 1056768K
  class space    used 302K, capacity 386K, committed 512K, reserved 1048576K
[GC (Allocation Failure)  104199K->68359K(230400K), 0.0312600 secs]
Heap after GC invocations=920 (full 1):
 PSYoungGen      total 69120K, used 32896K [0x00000007b9c00000, 0x00000007c0000000, 0x00000007c0000000)
  eden space 35840K, 0% used [0x00000007b9c00000,0x00000007b9c00000,0x00000007bbf00000)
  from space 33280K, 98% used [0x00000007bbf00000,0x00000007bdf20000,0x00000007bdf80000)
  to   space 33280K, 0% used [0x00000007bdf80000,0x00000007bdf80000,0x00000007c0000000)
 ParOldGen       total 161280K, used 35463K [0x00000006c1800000, 0x00000006cb580000, 0x00000007b9c00000)
  object space 161280K, 21% used [0x00000006c1800000,0x00000006c3aa1e80,0x00000006cb580000)
 Metaspace       used 2707K, capacity 4486K, committed 4864K, reserved 1056768K
  class space    used 302K, capacity 386K, committed 512K, reserved 1048576K
}
{Heap before GC invocations=921 (full 1):
 PSYoungGen      total 69120K, used 68736K [0x00000007b9c00000, 0x00000007c0000000, 0x00000007c0000000)
  eden space 35840K, 100% used [0x00000007b9c00000,0x00000007bbf00000,0x00000007bbf00000)
  from space 33280K, 98% used [0x00000007bbf00000,0x00000007bdf20000,0x00000007bdf80000)
  to   space 33280K, 0% used [0x00000007bdf80000,0x00000007bdf80000,0x00000007c0000000)
 ParOldGen       total 161280K, used 35463K [0x00000006c1800000, 0x00000006cb580000, 0x00000007b9c00000)
  object space 161280K, 21% used [0x00000006c1800000,0x00000006c3aa1e80,0x00000006cb580000)
 Metaspace       used 2707K, capacity 4486K, committed 4864K, reserved 1056768K
  class space    used 302K, capacity 386K, committed 512K, reserved 1048576K
[GC (Allocation Failure)  104199K->68327K(230400K), 0.0309547 secs]
Heap after GC invocations=921 (full 1):
 PSYoungGen      total 69120K, used 32864K [0x00000007b9c00000, 0x00000007c0000000, 0x00000007c0000000)
  eden space 35840K, 0% used [0x00000007b9c00000,0x00000007b9c00000,0x00000007bbf00000)
  from space 33280K, 98% used [0x00000007bdf80000,0x00000007bff98000,0x00000007c0000000)
  to   space 33280K, 0% used [0x00000007bbf00000,0x00000007bbf00000,0x00000007bdf80000)
 ParOldGen       total 161280K, used 35463K [0x00000006c1800000, 0x00000006cb580000, 0x00000007b9c00000)
  object space 161280K, 21% used [0x00000006c1800000,0x00000006c3aa1e80,0x00000006cb580000)
 Metaspace       used 2707K, capacity 4486K, committed 4864K, reserved 1056768K
  class space    used 302K, capacity 386K, committed 512K, reserved 1048576K
}
{Heap before GC invocations=922 (full 1):
 PSYoungGen      total 69120K, used 68704K [0x00000007b9c00000, 0x00000007c0000000, 0x00000007c0000000)
  eden space 35840K, 100% used [0x00000007b9c00000,0x00000007bbf00000,0x00000007bbf00000)
  from space 33280K, 98% used [0x00000007bdf80000,0x00000007bff98000,0x00000007c0000000)
  to   space 33280K, 0% used [0x00000007bbf00000,0x00000007bbf00000,0x00000007bdf80000)
 ParOldGen       total 161280K, used 35463K [0x00000006c1800000, 0x00000006cb580000, 0x00000007b9c00000)
  object space 161280K, 21% used [0x00000006c1800000,0x00000006c3aa1e80,0x00000006cb580000)
 Metaspace       used 2707K, capacity 4486K, committed 4864K, reserved 1056768K
  class space    used 302K, capacity 386K, committed 512K, reserved 1048576K
[GC (Allocation Failure)  104167K->68359K(230400K), 0.0417847 secs]
Heap after GC invocations=922 (full 1):
 PSYoungGen      total 69120K, used 32896K [0x00000007b9c00000, 0x00000007c0000000, 0x00000007c0000000)
  eden space 35840K, 0% used [0x00000007b9c00000,0x00000007b9c00000,0x00000007bbf00000)
  from space 33280K, 98% used [0x00000007bbf00000,0x00000007bdf20000,0x00000007bdf80000)
  to   space 33280K, 0% used [0x00000007bdf80000,0x00000007bdf80000,0x00000007c0000000)
 ParOldGen       total 161280K, used 35463K [0x00000006c1800000, 0x00000006cb580000, 0x00000007b9c00000)
  object space 161280K, 21% used [0x00000006c1800000,0x00000006c3aa1e80,0x00000006cb580000)
 Metaspace       used 2707K, capacity 4486K, committed 4864K, reserved 1056768K
  class space    used 302K, capacity 386K, committed 512K, reserved 1048576K
}
{Heap before GC invocations=923 (full 1):
 PSYoungGen      total 69120K, used 68736K [0x00000007b9c00000, 0x00000007c0000000, 0x00000007c0000000)
  eden space 35840K, 100% used [0x00000007b9c00000,0x00000007bbf00000,0x00000007bbf00000)
  from space 33280K, 98% used [0x00000007bbf00000,0x00000007bdf20000,0x00000007bdf80000)
  to   space 33280K, 0% used [0x00000007bdf80000,0x00000007bdf80000,0x00000007c0000000)
 ParOldGen       total 161280K, used 35463K [0x00000006c1800000, 0x00000006cb580000, 0x00000007b9c00000)
  object space 161280K, 21% used [0x00000006c1800000,0x00000006c3aa1e80,0x00000006cb580000)
 Metaspace       used 2707K, capacity 4486K, committed 4864K, reserved 1056768K
  class space    used 302K, capacity 386K, committed 512K, reserved 1048576K
[GC (Allocation Failure)  104199K->68391K(230400K), 0.0388069 secs]
Heap after GC invocations=923 (full 1):
 PSYoungGen      total 69120K, used 32928K [0x00000007b9c00000, 0x00000007c0000000, 0x00000007c0000000)
  eden space 35840K, 0% used [0x00000007b9c00000,0x00000007b9c00000,0x00000007bbf00000)
  from space 33280K, 98% used [0x00000007bdf80000,0x00000007bffa8000,0x00000007c0000000)
  to   space 33280K, 0% used [0x00000007bbf00000,0x00000007bbf00000,0x00000007bdf80000)
 ParOldGen       total 161280K, used 35463K [0x00000006c1800000, 0x00000006cb580000, 0x00000007b9c00000)
  object space 161280K, 21% used [0x00000006c1800000,0x00000006c3aa1e80,0x00000006cb580000)
 Metaspace       used 2707K, capacity 4486K, committed 4864K, reserved 1056768K
  class space    used 302K, capacity 386K, committed 512K, reserved 1048576K
}
{Heap before GC invocations=924 (full 1):
 PSYoungGen      total 69120K, used 68768K [0x00000007b9c00000, 0x00000007c0000000, 0x00000007c0000000)
  eden space 35840K, 100% used [0x00000007b9c00000,0x00000007bbf00000,0x00000007bbf00000)
  from space 33280K, 98% used [0x00000007bdf80000,0x00000007bffa8000,0x00000007c0000000)
  to   space 33280K, 0% used [0x00000007bbf00000,0x00000007bbf00000,0x00000007bdf80000)
 ParOldGen       total 161280K, used 35463K [0x00000006c1800000, 0x00000006cb580000, 0x00000007b9c00000)
  object space 161280K, 21% used [0x00000006c1800000,0x00000006c3aa1e80,0x00000006cb580000)
 Metaspace       used 2707K, capacity 4486K, committed 4864K, reserved 1056768K
  class space    used 302K, capacity 386K, committed 512K, reserved 1048576K
[GC (Allocation Failure)  104231K->68359K(230400K), 0.0409573 secs]
Heap after GC invocations=924 (full 1):
 PSYoungGen      total 69120K, used 32896K [0x00000007b9c00000, 0x00000007c0000000, 0x00000007c0000000)
  eden space 35840K, 0% used [0x00000007b9c00000,0x00000007b9c00000,0x00000007bbf00000)
  from space 33280K, 98% used [0x00000007bbf00000,0x00000007bdf20000,0x00000007bdf80000)
  to   space 33280K, 0% used [0x00000007bdf80000,0x00000007bdf80000,0x00000007c0000000)
 ParOldGen       total 161280K, used 35463K [0x00000006c1800000, 0x00000006cb580000, 0x00000007b9c00000)
  object space 161280K, 21% used [0x00000006c1800000,0x00000006c3aa1e80,0x00000006cb580000)
 Metaspace       used 2707K, capacity 4486K, committed 4864K, reserved 1056768K
  class space    used 302K, capacity 386K, committed 512K, reserved 1048576K
}
{Heap before GC invocations=925 (full 1):
 PSYoungGen      total 69120K, used 68736K [0x00000007b9c00000, 0x00000007c0000000, 0x00000007c0000000)
  eden space 35840K, 100% used [0x00000007b9c00000,0x00000007bbf00000,0x00000007bbf00000)
  from space 33280K, 98% used [0x00000007bbf00000,0x00000007bdf20000,0x00000007bdf80000)
  to   space 33280K, 0% used [0x00000007bdf80000,0x00000007bdf80000,0x00000007c0000000)
 ParOldGen       total 161280K, used 35463K [0x00000006c1800000, 0x00000006cb580000, 0x00000007b9c00000)
  object space 161280K, 21% used [0x00000006c1800000,0x00000006c3aa1e80,0x00000006cb580000)
 Metaspace       used 2707K, capacity 4486K, committed 4864K, reserved 1056768K
  class space    used 302K, capacity 386K, committed 512K, reserved 1048576K
[GC (Allocation Failure)  104199K->68359K(230400K), 0.0335781 secs]
Heap after GC invocations=925 (full 1):
 PSYoungGen      total 69120K, used 32896K [0x00000007b9c00000, 0x00000007c0000000, 0x00000007c0000000)
  eden space 35840K, 0% used [0x00000007b9c00000,0x00000007b9c00000,0x00000007bbf00000)
  from space 33280K, 98% used [0x00000007bdf80000,0x00000007bffa0000,0x00000007c0000000)
  to   space 33280K, 0% used [0x00000007bbf00000,0x00000007bbf00000,0x00000007bdf80000)
 ParOldGen       total 161280K, used 35463K [0x00000006c1800000, 0x00000006cb580000, 0x00000007b9c00000)
  object space 161280K, 21% used [0x00000006c1800000,0x00000006c3aa1e80,0x00000006cb580000)
 Metaspace       used 2707K, capacity 4486K, committed 4864K, reserved 1056768K
  class space    used 302K, capacity 386K, committed 512K, reserved 1048576K
}
{Heap before GC invocations=926 (full 1):
 PSYoungGen      total 69120K, used 68736K [0x00000007b9c00000, 0x00000007c0000000, 0x00000007c0000000)
  eden space 35840K, 100% used [0x00000007b9c00000,0x00000007bbf00000,0x00000007bbf00000)
  from space 33280K, 98% used [0x00000007bdf80000,0x00000007bffa0000,0x00000007c0000000)
  to   space 33280K, 0% used [0x00000007bbf00000,0x00000007bbf00000,0x00000007bdf80000)
 ParOldGen       total 161280K, used 35463K [0x00000006c1800000, 0x00000006cb580000, 0x00000007b9c00000)
  object space 161280K, 21% used [0x00000006c1800000,0x00000006c3aa1e80,0x00000006cb580000)
 Metaspace       used 2707K, capacity 4486K, committed 4864K, reserved 1056768K
  class space    used 302K, capacity 386K, committed 512K, reserved 1048576K
[GC (Allocation Failure)  104199K->68391K(230400K), 0.0352571 secs]
Heap after GC invocations=926 (full 1):
 PSYoungGen      total 69120K, used 32928K [0x00000007b9c00000, 0x00000007c0000000, 0x00000007c0000000)
  eden space 35840K, 0% used [0x00000007b9c00000,0x00000007b9c00000,0x00000007bbf00000)
  from space 33280K, 98% used [0x00000007bbf00000,0x00000007bdf28000,0x00000007bdf80000)
  to   space 33280K, 0% used [0x00000007bdf80000,0x00000007bdf80000,0x00000007c0000000)
 ParOldGen       total 161280K, used 35463K [0x00000006c1800000, 0x00000006cb580000, 0x00000007b9c00000)
  object space 161280K, 21% used [0x00000006c1800000,0x00000006c3aa1e80,0x00000006cb580000)
 Metaspace       used 2707K, capacity 4486K, committed 4864K, reserved 1056768K
  class space    used 302K, capacity 386K, committed 512K, reserved 1048576K
}
{Heap before GC invocations=927 (full 1):
 PSYoungGen      total 69120K, used 68768K [0x00000007b9c00000, 0x00000007c0000000, 0x00000007c0000000)
  eden space 35840K, 100% used [0x00000007b9c00000,0x00000007bbf00000,0x00000007bbf00000)
  from space 33280K, 98% used [0x00000007bbf00000,0x00000007bdf28000,0x00000007bdf80000)
  to   space 33280K, 0% used [0x00000007bdf80000,0x00000007bdf80000,0x00000007c0000000)
 ParOldGen       total 161280K, used 35463K [0x00000006c1800000, 0x00000006cb580000, 0x00000007b9c00000)
  object space 161280K, 21% used [0x00000006c1800000,0x00000006c3aa1e80,0x00000006cb580000)
 Metaspace       used 2707K, capacity 4486K, committed 4864K, reserved 1056768K
  class space    used 302K, capacity 386K, committed 512K, reserved 1048576K
[GC (Allocation Failure)  104231K->68327K(230400K), 0.0324768 secs]
Heap after GC invocations=927 (full 1):
 PSYoungGen      total 69120K, used 32864K [0x00000007b9c00000, 0x00000007c0000000, 0x00000007c0000000)
  eden space 35840K, 0% used [0x00000007b9c00000,0x00000007b9c00000,0x00000007bbf00000)
  from space 33280K, 98% used [0x00000007bdf80000,0x00000007bff98000,0x00000007c0000000)
  to   space 33280K, 0% used [0x00000007bbf00000,0x00000007bbf00000,0x00000007bdf80000)
 ParOldGen       total 161280K, used 35463K [0x00000006c1800000, 0x00000006cb580000, 0x00000007b9c00000)
  object space 161280K, 21% used [0x00000006c1800000,0x00000006c3aa1e80,0x00000006cb580000)
 Metaspace       used 2707K, capacity 4486K, committed 4864K, reserved 1056768K
  class space    used 302K, capacity 386K, committed 512K, reserved 1048576K
}
{Heap before GC invocations=928 (full 1):
 PSYoungGen      total 69120K, used 68704K [0x00000007b9c00000, 0x00000007c0000000, 0x00000007c0000000)
  eden space 35840K, 100% used [0x00000007b9c00000,0x00000007bbf00000,0x00000007bbf00000)
  from space 33280K, 98% used [0x00000007bdf80000,0x00000007bff98000,0x00000007c0000000)
  to   space 33280K, 0% used [0x00000007bbf00000,0x00000007bbf00000,0x00000007bdf80000)
 ParOldGen       total 161280K, used 35463K [0x00000006c1800000, 0x00000006cb580000, 0x00000007b9c00000)
  object space 161280K, 21% used [0x00000006c1800000,0x00000006c3aa1e80,0x00000006cb580000)
 Metaspace       used 2707K, capacity 4486K, committed 4864K, reserved 1056768K
  class space    used 302K, capacity 386K, committed 512K, reserved 1048576K
[GC (Allocation Failure)  104167K->68359K(230400K), 0.0320985 secs]
Heap after GC invocations=928 (full 1):
 PSYoungGen      total 69120K, used 32896K [0x00000007b9c00000, 0x00000007c0000000, 0x00000007c0000000)
  eden space 35840K, 0% used [0x00000007b9c00000,0x00000007b9c00000,0x00000007bbf00000)
  from space 33280K, 98% used [0x00000007bbf00000,0x00000007bdf20000,0x00000007bdf80000)
  to   space 33280K, 0% used [0x00000007bdf80000,0x00000007bdf80000,0x00000007c0000000)
 ParOldGen       total 161280K, used 35463K [0x00000006c1800000, 0x00000006cb580000, 0x00000007b9c00000)
  object space 161280K, 21% used [0x00000006c1800000,0x00000006c3aa1e80,0x00000006cb580000)
 Metaspace       used 2707K, capacity 4486K, committed 4864K, reserved 1056768K
  class space    used 302K, capacity 386K, committed 512K, reserved 1048576K
}
{Heap before GC invocations=929 (full 1):
 PSYoungGen      total 69120K, used 68736K [0x00000007b9c00000, 0x00000007c0000000, 0x00000007c0000000)
  eden space 35840K, 100% used [0x00000007b9c00000,0x00000007bbf00000,0x00000007bbf00000)
  from space 33280K, 98% used [0x00000007bbf00000,0x00000007bdf20000,0x00000007bdf80000)
  to   space 33280K, 0% used [0x00000007bdf80000,0x00000007bdf80000,0x00000007c0000000)
 ParOldGen       total 161280K, used 35463K [0x00000006c1800000, 0x00000006cb580000, 0x00000007b9c00000)
  object space 161280K, 21% used [0x00000006c1800000,0x00000006c3aa1e80,0x00000006cb580000)
 Metaspace       used 2707K, capacity 4486K, committed 4864K, reserved 1056768K
  class space    used 302K, capacity 386K, committed 512K, reserved 1048576K
[GC (Allocation Failure)  104199K->68327K(230400K), 0.0308068 secs]
Heap after GC invocations=929 (full 1):
 PSYoungGen      total 69120K, used 32864K [0x00000007b9c00000, 0x00000007c0000000, 0x00000007c0000000)
  eden space 35840K, 0% used [0x00000007b9c00000,0x00000007b9c00000,0x00000007bbf00000)
  from space 33280K, 98% used [0x00000007bdf80000,0x00000007bff98000,0x00000007c0000000)
  to   space 33280K, 0% used [0x00000007bbf00000,0x00000007bbf00000,0x00000007bdf80000)
 ParOldGen       total 161280K, used 35463K [0x00000006c1800000, 0x00000006cb580000, 0x00000007b9c00000)
  object space 161280K, 21% used [0x00000006c1800000,0x00000006c3aa1e80,0x00000006cb580000)
 Metaspace       used 2707K, capacity 4486K, committed 4864K, reserved 1056768K
  class space    used 302K, capacity 386K, committed 512K, reserved 1048576K
}
{Heap before GC invocations=930 (full 1):
 PSYoungGen      total 69120K, used 68704K [0x00000007b9c00000, 0x00000007c0000000, 0x00000007c0000000)
  eden space 35840K, 100% used [0x00000007b9c00000,0x00000007bbf00000,0x00000007bbf00000)
  from space 33280K, 98% used [0x00000007bdf80000,0x00000007bff98000,0x00000007c0000000)
  to   space 33280K, 0% used [0x00000007bbf00000,0x00000007bbf00000,0x00000007bdf80000)
 ParOldGen       total 161280K, used 35463K [0x00000006c1800000, 0x00000006cb580000, 0x00000007b9c00000)
  object space 161280K, 21% used [0x00000006c1800000,0x00000006c3aa1e80,0x00000006cb580000)
 Metaspace       used 2707K, capacity 4486K, committed 4864K, reserved 1056768K
  class space    used 302K, capacity 386K, committed 512K, reserved 1048576K
[GC (Allocation Failure)  104167K->68359K(230400K), 0.0322081 secs]
Heap after GC invocations=930 (full 1):
 PSYoungGen      total 69120K, used 32896K [0x00000007b9c00000, 0x00000007c0000000, 0x00000007c0000000)
  eden space 35840K, 0% used [0x00000007b9c00000,0x00000007b9c00000,0x00000007bbf00000)
  from space 33280K, 98% used [0x00000007bbf00000,0x00000007bdf20000,0x00000007bdf80000)
  to   space 33280K, 0% used [0x00000007bdf80000,0x00000007bdf80000,0x00000007c0000000)
 ParOldGen       total 161280K, used 35463K [0x00000006c1800000, 0x00000006cb580000, 0x00000007b9c00000)
  object space 161280K, 21% used [0x00000006c1800000,0x00000006c3aa1e80,0x00000006cb580000)
 Metaspace       used 2707K, capacity 4486K, committed 4864K, reserved 1056768K
  class space    used 302K, capacity 386K, committed 512K, reserved 1048576K
}
{Heap before GC invocations=931 (full 1):
 PSYoungGen      total 69120K, used 68736K [0x00000007b9c00000, 0x00000007c0000000, 0x00000007c0000000)
  eden space 35840K, 100% used [0x00000007b9c00000,0x00000007bbf00000,0x00000007bbf00000)
  from space 33280K, 98% used [0x00000007bbf00000,0x00000007bdf20000,0x00000007bdf80000)
  to   space 33280K, 0% used [0x00000007bdf80000,0x00000007bdf80000,0x00000007c0000000)
 ParOldGen       total 161280K, used 35463K [0x00000006c1800000, 0x00000006cb580000, 0x00000007b9c00000)
  object space 161280K, 21% used [0x00000006c1800000,0x00000006c3aa1e80,0x00000006cb580000)
 Metaspace       used 2707K, capacity 4486K, committed 4864K, reserved 1056768K
  class space    used 302K, capacity 386K, committed 512K, reserved 1048576K
[GC (Allocation Failure)  104199K->68327K(230400K), 0.0358919 secs]
Heap after GC invocations=931 (full 1):
 PSYoungGen      total 69120K, used 32864K [0x00000007b9c00000, 0x00000007c0000000, 0x00000007c0000000)
  eden space 35840K, 0% used [0x00000007b9c00000,0x00000007b9c00000,0x00000007bbf00000)
  from space 33280K, 98% used [0x00000007bdf80000,0x00000007bff98000,0x00000007c0000000)
  to   space 33280K, 0% used [0x00000007bbf00000,0x00000007bbf00000,0x00000007bdf80000)
 ParOldGen       total 161280K, used 35463K [0x00000006c1800000, 0x00000006cb580000, 0x00000007b9c00000)
  object space 161280K, 21% used [0x00000006c1800000,0x00000006c3aa1e80,0x00000006cb580000)
 Metaspace       used 2707K, capacity 4486K, committed 4864K, reserved 1056768K
  class space    used 302K, capacity 386K, committed 512K, reserved 1048576K
}
{Heap before GC invocations=932 (full 1):
 PSYoungGen      total 69120K, used 68704K [0x00000007b9c00000, 0x00000007c0000000, 0x00000007c0000000)
  eden space 35840K, 100% used [0x00000007b9c00000,0x00000007bbf00000,0x00000007bbf00000)
  from space 33280K, 98% used [0x00000007bdf80000,0x00000007bff98000,0x00000007c0000000)
  to   space 33280K, 0% used [0x00000007bbf00000,0x00000007bbf00000,0x00000007bdf80000)
 ParOldGen       total 161280K, used 35463K [0x00000006c1800000, 0x00000006cb580000, 0x00000007b9c00000)
  object space 161280K, 21% used [0x00000006c1800000,0x00000006c3aa1e80,0x00000006cb580000)
 Metaspace       used 2707K, capacity 4486K, committed 4864K, reserved 1056768K
  class space    used 302K, capacity 386K, committed 512K, reserved 1048576K
[GC (Allocation Failure)  104167K->68359K(230400K), 0.0429996 secs]
Heap after GC invocations=932 (full 1):
 PSYoungGen      total 69120K, used 32896K [0x00000007b9c00000, 0x00000007c0000000, 0x00000007c0000000)
  eden space 35840K, 0% used [0x00000007b9c00000,0x00000007b9c00000,0x00000007bbf00000)
  from space 33280K, 98% used [0x00000007bbf00000,0x00000007bdf20000,0x00000007bdf80000)
  to   space 33280K, 0% used [0x00000007bdf80000,0x00000007bdf80000,0x00000007c0000000)
 ParOldGen       total 161280K, used 35463K [0x00000006c1800000, 0x00000006cb580000, 0x00000007b9c00000)
  object space 161280K, 21% used [0x00000006c1800000,0x00000006c3aa1e80,0x00000006cb580000)
 Metaspace       used 2707K, capacity 4486K, committed 4864K, reserved 1056768K
  class space    used 302K, capacity 386K, committed 512K, reserved 1048576K
}
{Heap before GC invocations=933 (full 1):
 PSYoungGen      total 69120K, used 68736K [0x00000007b9c00000, 0x00000007c0000000, 0x00000007c0000000)
  eden space 35840K, 100% used [0x00000007b9c00000,0x00000007bbf00000,0x00000007bbf00000)
  from space 33280K, 98% used [0x00000007bbf00000,0x00000007bdf20000,0x00000007bdf80000)
  to   space 33280K, 0% used [0x00000007bdf80000,0x00000007bdf80000,0x00000007c0000000)
 ParOldGen       total 161280K, used 35463K [0x00000006c1800000, 0x00000006cb580000, 0x00000007b9c00000)
  object space 161280K, 21% used [0x00000006c1800000,0x00000006c3aa1e80,0x00000006cb580000)
 Metaspace       used 2707K, capacity 4486K, committed 4864K, reserved 1056768K
  class space    used 302K, capacity 386K, committed 512K, reserved 1048576K
[GC (Allocation Failure)  104199K->68359K(230400K), 0.0398826 secs]
Heap after GC invocations=933 (full 1):
 PSYoungGen      total 69120K, used 32896K [0x00000007b9c00000, 0x00000007c0000000, 0x00000007c0000000)
  eden space 35840K, 0% used [0x00000007b9c00000,0x00000007b9c00000,0x00000007bbf00000)
  from space 33280K, 98% used [0x00000007bdf80000,0x00000007bffa0000,0x00000007c0000000)
  to   space 33280K, 0% used [0x00000007bbf00000,0x00000007bbf00000,0x00000007bdf80000)
 ParOldGen       total 161280K, used 35463K [0x00000006c1800000, 0x00000006cb580000, 0x00000007b9c00000)
  object space 161280K, 21% used [0x00000006c1800000,0x00000006c3aa1e80,0x00000006cb580000)
 Metaspace       used 2707K, capacity 4486K, committed 4864K, reserved 1056768K
  class space    used 302K, capacity 386K, committed 512K, reserved 1048576K
}
{Heap before GC invocations=934 (full 1):
 PSYoungGen      total 69120K, used 68736K [0x00000007b9c00000, 0x00000007c0000000, 0x00000007c0000000)
  eden space 35840K, 100% used [0x00000007b9c00000,0x00000007bbf00000,0x00000007bbf00000)
  from space 33280K, 98% used [0x00000007bdf80000,0x00000007bffa0000,0x00000007c0000000)
  to   space 33280K, 0% used [0x00000007bbf00000,0x00000007bbf00000,0x00000007bdf80000)
 ParOldGen       total 161280K, used 35463K [0x00000006c1800000, 0x00000006cb580000, 0x00000007b9c00000)
  object space 161280K, 21% used [0x00000006c1800000,0x00000006c3aa1e80,0x00000006cb580000)
 Metaspace       used 2707K, capacity 4486K, committed 4864K, reserved 1056768K
  class space    used 302K, capacity 386K, committed 512K, reserved 1048576K
[GC (Allocation Failure)  104199K->68391K(230400K), 0.0326724 secs]
Heap after GC invocations=934 (full 1):
 PSYoungGen      total 69120K, used 32928K [0x00000007b9c00000, 0x00000007c0000000, 0x00000007c0000000)
  eden space 35840K, 0% used [0x00000007b9c00000,0x00000007b9c00000,0x00000007bbf00000)
  from space 33280K, 98% used [0x00000007bbf00000,0x00000007bdf28000,0x00000007bdf80000)
  to   space 33280K, 0% used [0x00000007bdf80000,0x00000007bdf80000,0x00000007c0000000)
 ParOldGen       total 161280K, used 35463K [0x00000006c1800000, 0x00000006cb580000, 0x00000007b9c00000)
  object space 161280K, 21% used [0x00000006c1800000,0x00000006c3aa1e80,0x00000006cb580000)
 Metaspace       used 2707K, capacity 4486K, committed 4864K, reserved 1056768K
  class space    used 302K, capacity 386K, committed 512K, reserved 1048576K
}
{Heap before GC invocations=935 (full 1):
 PSYoungGen      total 69120K, used 68768K [0x00000007b9c00000, 0x00000007c0000000, 0x00000007c0000000)
  eden space 35840K, 100% used [0x00000007b9c00000,0x00000007bbf00000,0x00000007bbf00000)
  from space 33280K, 98% used [0x00000007bbf00000,0x00000007bdf28000,0x00000007bdf80000)
  to   space 33280K, 0% used [0x00000007bdf80000,0x00000007bdf80000,0x00000007c0000000)
 ParOldGen       total 161280K, used 35463K [0x00000006c1800000, 0x00000006cb580000, 0x00000007b9c00000)
  object space 161280K, 21% used [0x00000006c1800000,0x00000006c3aa1e80,0x00000006cb580000)
 Metaspace       used 2707K, capacity 4486K, committed 4864K, reserved 1056768K
  class space    used 302K, capacity 386K, committed 512K, reserved 1048576K
[GC (Allocation Failure)  104231K->68391K(230400K), 0.0320799 secs]
Heap after GC invocations=935 (full 1):
 PSYoungGen      total 69120K, used 32928K [0x00000007b9c00000, 0x00000007c0000000, 0x00000007c0000000)
  eden space 35840K, 0% used [0x00000007b9c00000,0x00000007b9c00000,0x00000007bbf00000)
  from space 33280K, 98% used [0x00000007bdf80000,0x00000007bffa8000,0x00000007c0000000)
  to   space 33280K, 0% used [0x00000007bbf00000,0x00000007bbf00000,0x00000007bdf80000)
 ParOldGen       total 161280K, used 35463K [0x00000006c1800000, 0x00000006cb580000, 0x00000007b9c00000)
  object space 161280K, 21% used [0x00000006c1800000,0x00000006c3aa1e80,0x00000006cb580000)
 Metaspace       used 2707K, capacity 4486K, committed 4864K, reserved 1056768K
  class space    used 302K, capacity 386K, committed 512K, reserved 1048576K
}
{Heap before GC invocations=936 (full 1):
 PSYoungGen      total 69120K, used 68768K [0x00000007b9c00000, 0x00000007c0000000, 0x00000007c0000000)
  eden space 35840K, 100% used [0x00000007b9c00000,0x00000007bbf00000,0x00000007bbf00000)
  from space 33280K, 98% used [0x00000007bdf80000,0x00000007bffa8000,0x00000007c0000000)
  to   space 33280K, 0% used [0x00000007bbf00000,0x00000007bbf00000,0x00000007bdf80000)
 ParOldGen       total 161280K, used 35463K [0x00000006c1800000, 0x00000006cb580000, 0x00000007b9c00000)
  object space 161280K, 21% used [0x00000006c1800000,0x00000006c3aa1e80,0x00000006cb580000)
 Metaspace       used 2707K, capacity 4486K, committed 4864K, reserved 1056768K
  class space    used 302K, capacity 386K, committed 512K, reserved 1048576K
[GC (Allocation Failure)  104231K->68359K(230400K), 0.0323079 secs]
Heap after GC invocations=936 (full 1):
 PSYoungGen      total 69120K, used 32896K [0x00000007b9c00000, 0x00000007c0000000, 0x00000007c0000000)
  eden space 35840K, 0% used [0x00000007b9c00000,0x00000007b9c00000,0x00000007bbf00000)
  from space 33280K, 98% used [0x00000007bbf00000,0x00000007bdf20000,0x00000007bdf80000)
  to   space 33280K, 0% used [0x00000007bdf80000,0x00000007bdf80000,0x00000007c0000000)
 ParOldGen       total 161280K, used 35463K [0x00000006c1800000, 0x00000006cb580000, 0x00000007b9c00000)
  object space 161280K, 21% used [0x00000006c1800000,0x00000006c3aa1e80,0x00000006cb580000)
 Metaspace       used 2707K, capacity 4486K, committed 4864K, reserved 1056768K
  class space    used 302K, capacity 386K, committed 512K, reserved 1048576K
}
{Heap before GC invocations=937 (full 1):
 PSYoungGen      total 69120K, used 68736K [0x00000007b9c00000, 0x00000007c0000000, 0x00000007c0000000)
  eden space 35840K, 100% used [0x00000007b9c00000,0x00000007bbf00000,0x00000007bbf00000)
  from space 33280K, 98% used [0x00000007bbf00000,0x00000007bdf20000,0x00000007bdf80000)
  to   space 33280K, 0% used [0x00000007bdf80000,0x00000007bdf80000,0x00000007c0000000)
 ParOldGen       total 161280K, used 35463K [0x00000006c1800000, 0x00000006cb580000, 0x00000007b9c00000)
  object space 161280K, 21% used [0x00000006c1800000,0x00000006c3aa1e80,0x00000006cb580000)
 Metaspace       used 2707K, capacity 4486K, committed 4864K, reserved 1056768K
  class space    used 302K, capacity 386K, committed 512K, reserved 1048576K
[GC (Allocation Failure)  104199K->68391K(230400K), 0.0334804 secs]
Heap after GC invocations=937 (full 1):
 PSYoungGen      total 69120K, used 32928K [0x00000007b9c00000, 0x00000007c0000000, 0x00000007c0000000)
  eden space 35840K, 0% used [0x00000007b9c00000,0x00000007b9c00000,0x00000007bbf00000)
  from space 33280K, 98% used [0x00000007bdf80000,0x00000007bffa8000,0x00000007c0000000)
  to   space 33280K, 0% used [0x00000007bbf00000,0x00000007bbf00000,0x00000007bdf80000)
 ParOldGen       total 161280K, used 35463K [0x00000006c1800000, 0x00000006cb580000, 0x00000007b9c00000)
  object space 161280K, 21% used [0x00000006c1800000,0x00000006c3aa1e80,0x00000006cb580000)
 Metaspace       used 2707K, capacity 4486K, committed 4864K, reserved 1056768K
  class space    used 302K, capacity 386K, committed 512K, reserved 1048576K
}
{Heap before GC invocations=938 (full 1):
 PSYoungGen      total 69120K, used 68768K [0x00000007b9c00000, 0x00000007c0000000, 0x00000007c0000000)
  eden space 35840K, 100% used [0x00000007b9c00000,0x00000007bbf00000,0x00000007bbf00000)
  from space 33280K, 98% used [0x00000007bdf80000,0x00000007bffa8000,0x00000007c0000000)
  to   space 33280K, 0% used [0x00000007bbf00000,0x00000007bbf00000,0x00000007bdf80000)
 ParOldGen       total 161280K, used 35463K [0x00000006c1800000, 0x00000006cb580000, 0x00000007b9c00000)
  object space 161280K, 21% used [0x00000006c1800000,0x00000006c3aa1e80,0x00000006cb580000)
 Metaspace       used 2707K, capacity 4486K, committed 4864K, reserved 1056768K
  class space    used 302K, capacity 386K, committed 512K, reserved 1048576K
[GC (Allocation Failure)  104231K->68359K(230400K), 0.0319678 secs]
Heap after GC invocations=938 (full 1):
 PSYoungGen      total 69120K, used 32896K [0x00000007b9c00000, 0x00000007c0000000, 0x00000007c0000000)
  eden space 35840K, 0% used [0x00000007b9c00000,0x00000007b9c00000,0x00000007bbf00000)
  from space 33280K, 98% used [0x00000007bbf00000,0x00000007bdf20000,0x00000007bdf80000)
  to   space 33280K, 0% used [0x00000007bdf80000,0x00000007bdf80000,0x00000007c0000000)
 ParOldGen       total 161280K, used 35463K [0x00000006c1800000, 0x00000006cb580000, 0x00000007b9c00000)
  object space 161280K, 21% used [0x00000006c1800000,0x00000006c3aa1e80,0x00000006cb580000)
 Metaspace       used 2707K, capacity 4486K, committed 4864K, reserved 1056768K
  class space    used 302K, capacity 386K, committed 512K, reserved 1048576K
}
{Heap before GC invocations=939 (full 1):
 PSYoungGen      total 69120K, used 68736K [0x00000007b9c00000, 0x00000007c0000000, 0x00000007c0000000)
  eden space 35840K, 100% used [0x00000007b9c00000,0x00000007bbf00000,0x00000007bbf00000)
  from space 33280K, 98% used [0x00000007bbf00000,0x00000007bdf20000,0x00000007bdf80000)
  to   space 33280K, 0% used [0x00000007bdf80000,0x00000007bdf80000,0x00000007c0000000)
 ParOldGen       total 161280K, used 35463K [0x00000006c1800000, 0x00000006cb580000, 0x00000007b9c00000)
  object space 161280K, 21% used [0x00000006c1800000,0x00000006c3aa1e80,0x00000006cb580000)
 Metaspace       used 2707K, capacity 4486K, committed 4864K, reserved 1056768K
  class space    used 302K, capacity 386K, committed 512K, reserved 1048576K
[GC (Allocation Failure)  104199K->68359K(230400K), 0.0349808 secs]
Heap after GC invocations=939 (full 1):
 PSYoungGen      total 69120K, used 32896K [0x00000007b9c00000, 0x00000007c0000000, 0x00000007c0000000)
  eden space 35840K, 0% used [0x00000007b9c00000,0x00000007b9c00000,0x00000007bbf00000)
  from space 33280K, 98% used [0x00000007bdf80000,0x00000007bffa0000,0x00000007c0000000)
  to   space 33280K, 0% used [0x00000007bbf00000,0x00000007bbf00000,0x00000007bdf80000)
 ParOldGen       total 161280K, used 35463K [0x00000006c1800000, 0x00000006cb580000, 0x00000007b9c00000)
  object space 161280K, 21% used [0x00000006c1800000,0x00000006c3aa1e80,0x00000006cb580000)
 Metaspace       used 2707K, capacity 4486K, committed 4864K, reserved 1056768K
  class space    used 302K, capacity 386K, committed 512K, reserved 1048576K
}
{Heap before GC invocations=940 (full 1):
 PSYoungGen      total 69120K, used 68736K [0x00000007b9c00000, 0x00000007c0000000, 0x00000007c0000000)
  eden space 35840K, 100% used [0x00000007b9c00000,0x00000007bbf00000,0x00000007bbf00000)
  from space 33280K, 98% used [0x00000007bdf80000,0x00000007bffa0000,0x00000007c0000000)
  to   space 33280K, 0% used [0x00000007bbf00000,0x00000007bbf00000,0x00000007bdf80000)
 ParOldGen       total 161280K, used 35463K [0x00000006c1800000, 0x00000006cb580000, 0x00000007b9c00000)
  object space 161280K, 21% used [0x00000006c1800000,0x00000006c3aa1e80,0x00000006cb580000)
 Metaspace       used 2707K, capacity 4486K, committed 4864K, reserved 1056768K
  class space    used 302K, capacity 386K, committed 512K, reserved 1048576K
[GC (Allocation Failure)  104199K->68359K(230400K), 0.0334641 secs]
Heap after GC invocations=940 (full 1):
 PSYoungGen      total 69120K, used 32896K [0x00000007b9c00000, 0x00000007c0000000, 0x00000007c0000000)
  eden space 35840K, 0% used [0x00000007b9c00000,0x00000007b9c00000,0x00000007bbf00000)
  from space 33280K, 98% used [0x00000007bbf00000,0x00000007bdf20000,0x00000007bdf80000)
  to   space 33280K, 0% used [0x00000007bdf80000,0x00000007bdf80000,0x00000007c0000000)
 ParOldGen       total 161280K, used 35463K [0x00000006c1800000, 0x00000006cb580000, 0x00000007b9c00000)
  object space 161280K, 21% used [0x00000006c1800000,0x00000006c3aa1e80,0x00000006cb580000)
 Metaspace       used 2707K, capacity 4486K, committed 4864K, reserved 1056768K
  class space    used 302K, capacity 386K, committed 512K, reserved 1048576K
}
{Heap before GC invocations=941 (full 1):
 PSYoungGen      total 69120K, used 68736K [0x00000007b9c00000, 0x00000007c0000000, 0x00000007c0000000)
  eden space 35840K, 100% used [0x00000007b9c00000,0x00000007bbf00000,0x00000007bbf00000)
  from space 33280K, 98% used [0x00000007bbf00000,0x00000007bdf20000,0x00000007bdf80000)
  to   space 33280K, 0% used [0x00000007bdf80000,0x00000007bdf80000,0x00000007c0000000)
 ParOldGen       total 161280K, used 35463K [0x00000006c1800000, 0x00000006cb580000, 0x00000007b9c00000)
  object space 161280K, 21% used [0x00000006c1800000,0x00000006c3aa1e80,0x00000006cb580000)
 Metaspace       used 2707K, capacity 4486K, committed 4864K, reserved 1056768K
  class space    used 302K, capacity 386K, committed 512K, reserved 1048576K
[GC (Allocation Failure)  104199K->68359K(230400K), 0.0329364 secs]
Heap after GC invocations=941 (full 1):
 PSYoungGen      total 69120K, used 32896K [0x00000007b9c00000, 0x00000007c0000000, 0x00000007c0000000)
  eden space 35840K, 0% used [0x00000007b9c00000,0x00000007b9c00000,0x00000007bbf00000)
  from space 33280K, 98% used [0x00000007bdf80000,0x00000007bffa0000,0x00000007c0000000)
  to   space 33280K, 0% used [0x00000007bbf00000,0x00000007bbf00000,0x00000007bdf80000)
 ParOldGen       total 161280K, used 35463K [0x00000006c1800000, 0x00000006cb580000, 0x00000007b9c00000)
  object space 161280K, 21% used [0x00000006c1800000,0x00000006c3aa1e80,0x00000006cb580000)
 Metaspace       used 2707K, capacity 4486K, committed 4864K, reserved 1056768K
  class space    used 302K, capacity 386K, committed 512K, reserved 1048576K
}
{Heap before GC invocations=942 (full 1):
 PSYoungGen      total 69120K, used 68736K [0x00000007b9c00000, 0x00000007c0000000, 0x00000007c0000000)
  eden space 35840K, 100% used [0x00000007b9c00000,0x00000007bbf00000,0x00000007bbf00000)
  from space 33280K, 98% used [0x00000007bdf80000,0x00000007bffa0000,0x00000007c0000000)
  to   space 33280K, 0% used [0x00000007bbf00000,0x00000007bbf00000,0x00000007bdf80000)
 ParOldGen       total 161280K, used 35463K [0x00000006c1800000, 0x00000006cb580000, 0x00000007b9c00000)
  object space 161280K, 21% used [0x00000006c1800000,0x00000006c3aa1e80,0x00000006cb580000)
 Metaspace       used 2707K, capacity 4486K, committed 4864K, reserved 1056768K
  class space    used 302K, capacity 386K, committed 512K, reserved 1048576K
[GC (Allocation Failure)  104199K->68359K(230400K), 0.0355910 secs]
Heap after GC invocations=942 (full 1):
 PSYoungGen      total 69120K, used 32896K [0x00000007b9c00000, 0x00000007c0000000, 0x00000007c0000000)
  eden space 35840K, 0% used [0x00000007b9c00000,0x00000007b9c00000,0x00000007bbf00000)
  from space 33280K, 98% used [0x00000007bbf00000,0x00000007bdf20000,0x00000007bdf80000)
  to   space 33280K, 0% used [0x00000007bdf80000,0x00000007bdf80000,0x00000007c0000000)
 ParOldGen       total 161280K, used 35463K [0x00000006c1800000, 0x00000006cb580000, 0x00000007b9c00000)
  object space 161280K, 21% used [0x00000006c1800000,0x00000006c3aa1e80,0x00000006cb580000)
 Metaspace       used 2707K, capacity 4486K, committed 4864K, reserved 1056768K
  class space    used 302K, capacity 386K, committed 512K, reserved 1048576K
}
{Heap before GC invocations=943 (full 1):
 PSYoungGen      total 69120K, used 68736K [0x00000007b9c00000, 0x00000007c0000000, 0x00000007c0000000)
  eden space 35840K, 100% used [0x00000007b9c00000,0x00000007bbf00000,0x00000007bbf00000)
  from space 33280K, 98% used [0x00000007bbf00000,0x00000007bdf20000,0x00000007bdf80000)
  to   space 33280K, 0% used [0x00000007bdf80000,0x00000007bdf80000,0x00000007c0000000)
 ParOldGen       total 161280K, used 35463K [0x00000006c1800000, 0x00000006cb580000, 0x00000007b9c00000)
  object space 161280K, 21% used [0x00000006c1800000,0x00000006c3aa1e80,0x00000006cb580000)
 Metaspace       used 2707K, capacity 4486K, committed 4864K, reserved 1056768K
  class space    used 302K, capacity 386K, committed 512K, reserved 1048576K
[GC (Allocation Failure)  104199K->68359K(230400K), 0.0329368 secs]
Heap after GC invocations=943 (full 1):
 PSYoungGen      total 69120K, used 32896K [0x00000007b9c00000, 0x00000007c0000000, 0x00000007c0000000)
  eden space 35840K, 0% used [0x00000007b9c00000,0x00000007b9c00000,0x00000007bbf00000)
  from space 33280K, 98% used [0x00000007bdf80000,0x00000007bffa0000,0x00000007c0000000)
  to   space 33280K, 0% used [0x00000007bbf00000,0x00000007bbf00000,0x00000007bdf80000)
 ParOldGen       total 161280K, used 35463K [0x00000006c1800000, 0x00000006cb580000, 0x00000007b9c00000)
  object space 161280K, 21% used [0x00000006c1800000,0x00000006c3aa1e80,0x00000006cb580000)
 Metaspace       used 2707K, capacity 4486K, committed 4864K, reserved 1056768K
  class space    used 302K, capacity 386K, committed 512K, reserved 1048576K
}
{Heap before GC invocations=944 (full 1):
 PSYoungGen      total 69120K, used 68736K [0x00000007b9c00000, 0x00000007c0000000, 0x00000007c0000000)
  eden space 35840K, 100% used [0x00000007b9c00000,0x00000007bbf00000,0x00000007bbf00000)
  from space 33280K, 98% used [0x00000007bdf80000,0x00000007bffa0000,0x00000007c0000000)
  to   space 33280K, 0% used [0x00000007bbf00000,0x00000007bbf00000,0x00000007bdf80000)
 ParOldGen       total 161280K, used 35463K [0x00000006c1800000, 0x00000006cb580000, 0x00000007b9c00000)
  object space 161280K, 21% used [0x00000006c1800000,0x00000006c3aa1e80,0x00000006cb580000)
 Metaspace       used 2707K, capacity 4486K, committed 4864K, reserved 1056768K
  class space    used 302K, capacity 386K, committed 512K, reserved 1048576K
[GC (Allocation Failure)  104199K->68391K(230400K), 0.0311664 secs]
Heap after GC invocations=944 (full 1):
 PSYoungGen      total 69120K, used 32928K [0x00000007b9c00000, 0x00000007c0000000, 0x00000007c0000000)
  eden space 35840K, 0% used [0x00000007b9c00000,0x00000007b9c00000,0x00000007bbf00000)
  from space 33280K, 98% used [0x00000007bbf00000,0x00000007bdf28000,0x00000007bdf80000)
  to   space 33280K, 0% used [0x00000007bdf80000,0x00000007bdf80000,0x00000007c0000000)
 ParOldGen       total 161280K, used 35463K [0x00000006c1800000, 0x00000006cb580000, 0x00000007b9c00000)
  object space 161280K, 21% used [0x00000006c1800000,0x00000006c3aa1e80,0x00000006cb580000)
 Metaspace       used 2707K, capacity 4486K, committed 4864K, reserved 1056768K
  class space    used 302K, capacity 386K, committed 512K, reserved 1048576K
}
{Heap before GC invocations=945 (full 1):
 PSYoungGen      total 69120K, used 68768K [0x00000007b9c00000, 0x00000007c0000000, 0x00000007c0000000)
  eden space 35840K, 100% used [0x00000007b9c00000,0x00000007bbf00000,0x00000007bbf00000)
  from space 33280K, 98% used [0x00000007bbf00000,0x00000007bdf28000,0x00000007bdf80000)
  to   space 33280K, 0% used [0x00000007bdf80000,0x00000007bdf80000,0x00000007c0000000)
 ParOldGen       total 161280K, used 35463K [0x00000006c1800000, 0x00000006cb580000, 0x00000007b9c00000)
  object space 161280K, 21% used [0x00000006c1800000,0x00000006c3aa1e80,0x00000006cb580000)
 Metaspace       used 2707K, capacity 4486K, committed 4864K, reserved 1056768K
  class space    used 302K, capacity 386K, committed 512K, reserved 1048576K
[GC (Allocation Failure)  104231K->68359K(230400K), 0.0344192 secs]
Heap after GC invocations=945 (full 1):
 PSYoungGen      total 69120K, used 32896K [0x00000007b9c00000, 0x00000007c0000000, 0x00000007c0000000)
  eden space 35840K, 0% used [0x00000007b9c00000,0x00000007b9c00000,0x00000007bbf00000)
  from space 33280K, 98% used [0x00000007bdf80000,0x00000007bffa0000,0x00000007c0000000)
  to   space 33280K, 0% used [0x00000007bbf00000,0x00000007bbf00000,0x00000007bdf80000)
 ParOldGen       total 161280K, used 35463K [0x00000006c1800000, 0x00000006cb580000, 0x00000007b9c00000)
  object space 161280K, 21% used [0x00000006c1800000,0x00000006c3aa1e80,0x00000006cb580000)
 Metaspace       used 2707K, capacity 4486K, committed 4864K, reserved 1056768K
  class space    used 302K, capacity 386K, committed 512K, reserved 1048576K
}
{Heap before GC invocations=946 (full 1):
 PSYoungGen      total 69120K, used 68736K [0x00000007b9c00000, 0x00000007c0000000, 0x00000007c0000000)
  eden space 35840K, 100% used [0x00000007b9c00000,0x00000007bbf00000,0x00000007bbf00000)
  from space 33280K, 98% used [0x00000007bdf80000,0x00000007bffa0000,0x00000007c0000000)
  to   space 33280K, 0% used [0x00000007bbf00000,0x00000007bbf00000,0x00000007bdf80000)
 ParOldGen       total 161280K, used 35463K [0x00000006c1800000, 0x00000006cb580000, 0x00000007b9c00000)
  object space 161280K, 21% used [0x00000006c1800000,0x00000006c3aa1e80,0x00000006cb580000)
 Metaspace       used 2707K, capacity 4486K, committed 4864K, reserved 1056768K
  class space    used 302K, capacity 386K, committed 512K, reserved 1048576K
[GC (Allocation Failure)  104199K->68359K(230400K), 0.0368051 secs]
Heap after GC invocations=946 (full 1):
 PSYoungGen      total 69120K, used 32896K [0x00000007b9c00000, 0x00000007c0000000, 0x00000007c0000000)
  eden space 35840K, 0% used [0x00000007b9c00000,0x00000007b9c00000,0x00000007bbf00000)
  from space 33280K, 98% used [0x00000007bbf00000,0x00000007bdf20000,0x00000007bdf80000)
  to   space 33280K, 0% used [0x00000007bdf80000,0x00000007bdf80000,0x00000007c0000000)
 ParOldGen       total 161280K, used 35463K [0x00000006c1800000, 0x00000006cb580000, 0x00000007b9c00000)
  object space 161280K, 21% used [0x00000006c1800000,0x00000006c3aa1e80,0x00000006cb580000)
 Metaspace       used 2707K, capacity 4486K, committed 4864K, reserved 1056768K
  class space    used 302K, capacity 386K, committed 512K, reserved 1048576K
}
{Heap before GC invocations=947 (full 1):
 PSYoungGen      total 69120K, used 68736K [0x00000007b9c00000, 0x00000007c0000000, 0x00000007c0000000)
  eden space 35840K, 100% used [0x00000007b9c00000,0x00000007bbf00000,0x00000007bbf00000)
  from space 33280K, 98% used [0x00000007bbf00000,0x00000007bdf20000,0x00000007bdf80000)
  to   space 33280K, 0% used [0x00000007bdf80000,0x00000007bdf80000,0x00000007c0000000)
 ParOldGen       total 161280K, used 35463K [0x00000006c1800000, 0x00000006cb580000, 0x00000007b9c00000)
  object space 161280K, 21% used [0x00000006c1800000,0x00000006c3aa1e80,0x00000006cb580000)
 Metaspace       used 2707K, capacity 4486K, committed 4864K, reserved 1056768K
  class space    used 302K, capacity 386K, committed 512K, reserved 1048576K
[GC (Allocation Failure)  104199K->68359K(230400K), 0.0456661 secs]
Heap after GC invocations=947 (full 1):
 PSYoungGen      total 69120K, used 32896K [0x00000007b9c00000, 0x00000007c0000000, 0x00000007c0000000)
  eden space 35840K, 0% used [0x00000007b9c00000,0x00000007b9c00000,0x00000007bbf00000)
  from space 33280K, 98% used [0x00000007bdf80000,0x00000007bffa0000,0x00000007c0000000)
  to   space 33280K, 0% used [0x00000007bbf00000,0x00000007bbf00000,0x00000007bdf80000)
 ParOldGen       total 161280K, used 35463K [0x00000006c1800000, 0x00000006cb580000, 0x00000007b9c00000)
  object space 161280K, 21% used [0x00000006c1800000,0x00000006c3aa1e80,0x00000006cb580000)
 Metaspace       used 2707K, capacity 4486K, committed 4864K, reserved 1056768K
  class space    used 302K, capacity 386K, committed 512K, reserved 1048576K
}
{Heap before GC invocations=948 (full 1):
 PSYoungGen      total 69120K, used 68736K [0x00000007b9c00000, 0x00000007c0000000, 0x00000007c0000000)
  eden space 35840K, 100% used [0x00000007b9c00000,0x00000007bbf00000,0x00000007bbf00000)
  from space 33280K, 98% used [0x00000007bdf80000,0x00000007bffa0000,0x00000007c0000000)
  to   space 33280K, 0% used [0x00000007bbf00000,0x00000007bbf00000,0x00000007bdf80000)
 ParOldGen       total 161280K, used 35463K [0x00000006c1800000, 0x00000006cb580000, 0x00000007b9c00000)
  object space 161280K, 21% used [0x00000006c1800000,0x00000006c3aa1e80,0x00000006cb580000)
 Metaspace       used 2707K, capacity 4486K, committed 4864K, reserved 1056768K
  class space    used 302K, capacity 386K, committed 512K, reserved 1048576K
[GC (Allocation Failure)  104199K->68359K(230400K), 0.0339170 secs]
Heap after GC invocations=948 (full 1):
 PSYoungGen      total 69120K, used 32896K [0x00000007b9c00000, 0x00000007c0000000, 0x00000007c0000000)
  eden space 35840K, 0% used [0x00000007b9c00000,0x00000007b9c00000,0x00000007bbf00000)
  from space 33280K, 98% used [0x00000007bbf00000,0x00000007bdf20000,0x00000007bdf80000)
  to   space 33280K, 0% used [0x00000007bdf80000,0x00000007bdf80000,0x00000007c0000000)
 ParOldGen       total 161280K, used 35463K [0x00000006c1800000, 0x00000006cb580000, 0x00000007b9c00000)
  object space 161280K, 21% used [0x00000006c1800000,0x00000006c3aa1e80,0x00000006cb580000)
 Metaspace       used 2707K, capacity 4486K, committed 4864K, reserved 1056768K
  class space    used 302K, capacity 386K, committed 512K, reserved 1048576K
}
{Heap before GC invocations=949 (full 1):
 PSYoungGen      total 69120K, used 68736K [0x00000007b9c00000, 0x00000007c0000000, 0x00000007c0000000)
  eden space 35840K, 100% used [0x00000007b9c00000,0x00000007bbf00000,0x00000007bbf00000)
  from space 33280K, 98% used [0x00000007bbf00000,0x00000007bdf20000,0x00000007bdf80000)
  to   space 33280K, 0% used [0x00000007bdf80000,0x00000007bdf80000,0x00000007c0000000)
 ParOldGen       total 161280K, used 35463K [0x00000006c1800000, 0x00000006cb580000, 0x00000007b9c00000)
  object space 161280K, 21% used [0x00000006c1800000,0x00000006c3aa1e80,0x00000006cb580000)
 Metaspace       used 2707K, capacity 4486K, committed 4864K, reserved 1056768K
  class space    used 302K, capacity 386K, committed 512K, reserved 1048576K
[GC (Allocation Failure)  104199K->68359K(230400K), 0.0416036 secs]
Heap after GC invocations=949 (full 1):
 PSYoungGen      total 69120K, used 32896K [0x00000007b9c00000, 0x00000007c0000000, 0x00000007c0000000)
  eden space 35840K, 0% used [0x00000007b9c00000,0x00000007b9c00000,0x00000007bbf00000)
  from space 33280K, 98% used [0x00000007bdf80000,0x00000007bffa0000,0x00000007c0000000)
  to   space 33280K, 0% used [0x00000007bbf00000,0x00000007bbf00000,0x00000007bdf80000)
 ParOldGen       total 161280K, used 35463K [0x00000006c1800000, 0x00000006cb580000, 0x00000007b9c00000)
  object space 161280K, 21% used [0x00000006c1800000,0x00000006c3aa1e80,0x00000006cb580000)
 Metaspace       used 2707K, capacity 4486K, committed 4864K, reserved 1056768K
  class space    used 302K, capacity 386K, committed 512K, reserved 1048576K
}
{Heap before GC invocations=950 (full 1):
 PSYoungGen      total 69120K, used 68736K [0x00000007b9c00000, 0x00000007c0000000, 0x00000007c0000000)
  eden space 35840K, 100% used [0x00000007b9c00000,0x00000007bbf00000,0x00000007bbf00000)
  from space 33280K, 98% used [0x00000007bdf80000,0x00000007bffa0000,0x00000007c0000000)
  to   space 33280K, 0% used [0x00000007bbf00000,0x00000007bbf00000,0x00000007bdf80000)
 ParOldGen       total 161280K, used 35463K [0x00000006c1800000, 0x00000006cb580000, 0x00000007b9c00000)
  object space 161280K, 21% used [0x00000006c1800000,0x00000006c3aa1e80,0x00000006cb580000)
 Metaspace       used 2707K, capacity 4486K, committed 4864K, reserved 1056768K
  class space    used 302K, capacity 386K, committed 512K, reserved 1048576K
[GC (Allocation Failure)  104199K->68359K(230400K), 0.0349154 secs]
Heap after GC invocations=950 (full 1):
 PSYoungGen      total 69120K, used 32896K [0x00000007b9c00000, 0x00000007c0000000, 0x00000007c0000000)
  eden space 35840K, 0% used [0x00000007b9c00000,0x00000007b9c00000,0x00000007bbf00000)
  from space 33280K, 98% used [0x00000007bbf00000,0x00000007bdf20000,0x00000007bdf80000)
  to   space 33280K, 0% used [0x00000007bdf80000,0x00000007bdf80000,0x00000007c0000000)
 ParOldGen       total 161280K, used 35463K [0x00000006c1800000, 0x00000006cb580000, 0x00000007b9c00000)
  object space 161280K, 21% used [0x00000006c1800000,0x00000006c3aa1e80,0x00000006cb580000)
 Metaspace       used 2707K, capacity 4486K, committed 4864K, reserved 1056768K
  class space    used 302K, capacity 386K, committed 512K, reserved 1048576K
}
{Heap before GC invocations=951 (full 1):
 PSYoungGen      total 69120K, used 68736K [0x00000007b9c00000, 0x00000007c0000000, 0x00000007c0000000)
  eden space 35840K, 100% used [0x00000007b9c00000,0x00000007bbf00000,0x00000007bbf00000)
  from space 33280K, 98% used [0x00000007bbf00000,0x00000007bdf20000,0x00000007bdf80000)
  to   space 33280K, 0% used [0x00000007bdf80000,0x00000007bdf80000,0x00000007c0000000)
 ParOldGen       total 161280K, used 35463K [0x00000006c1800000, 0x00000006cb580000, 0x00000007b9c00000)
  object space 161280K, 21% used [0x00000006c1800000,0x00000006c3aa1e80,0x00000006cb580000)
 Metaspace       used 2707K, capacity 4486K, committed 4864K, reserved 1056768K
  class space    used 302K, capacity 386K, committed 512K, reserved 1048576K
[GC (Allocation Failure)  104199K->68359K(230400K), 0.0335157 secs]
Heap after GC invocations=951 (full 1):
 PSYoungGen      total 69120K, used 32896K [0x00000007b9c00000, 0x00000007c0000000, 0x00000007c0000000)
  eden space 35840K, 0% used [0x00000007b9c00000,0x00000007b9c00000,0x00000007bbf00000)
  from space 33280K, 98% used [0x00000007bdf80000,0x00000007bffa0000,0x00000007c0000000)
  to   space 33280K, 0% used [0x00000007bbf00000,0x00000007bbf00000,0x00000007bdf80000)
 ParOldGen       total 161280K, used 35463K [0x00000006c1800000, 0x00000006cb580000, 0x00000007b9c00000)
  object space 161280K, 21% used [0x00000006c1800000,0x00000006c3aa1e80,0x00000006cb580000)
 Metaspace       used 2707K, capacity 4486K, committed 4864K, reserved 1056768K
  class space    used 302K, capacity 386K, committed 512K, reserved 1048576K
}
{Heap before GC invocations=952 (full 1):
 PSYoungGen      total 69120K, used 68736K [0x00000007b9c00000, 0x00000007c0000000, 0x00000007c0000000)
  eden space 35840K, 100% used [0x00000007b9c00000,0x00000007bbf00000,0x00000007bbf00000)
  from space 33280K, 98% used [0x00000007bdf80000,0x00000007bffa0000,0x00000007c0000000)
  to   space 33280K, 0% used [0x00000007bbf00000,0x00000007bbf00000,0x00000007bdf80000)
 ParOldGen       total 161280K, used 35463K [0x00000006c1800000, 0x00000006cb580000, 0x00000007b9c00000)
  object space 161280K, 21% used [0x00000006c1800000,0x00000006c3aa1e80,0x00000006cb580000)
 Metaspace       used 2707K, capacity 4486K, committed 4864K, reserved 1056768K
  class space    used 302K, capacity 386K, committed 512K, reserved 1048576K
[GC (Allocation Failure)  104199K->68359K(230400K), 0.0317826 secs]
Heap after GC invocations=952 (full 1):
 PSYoungGen      total 69120K, used 32896K [0x00000007b9c00000, 0x00000007c0000000, 0x00000007c0000000)
  eden space 35840K, 0% used [0x00000007b9c00000,0x00000007b9c00000,0x00000007bbf00000)
  from space 33280K, 98% used [0x00000007bbf00000,0x00000007bdf20000,0x00000007bdf80000)
  to   space 33280K, 0% used [0x00000007bdf80000,0x00000007bdf80000,0x00000007c0000000)
 ParOldGen       total 161280K, used 35463K [0x00000006c1800000, 0x00000006cb580000, 0x00000007b9c00000)
  object space 161280K, 21% used [0x00000006c1800000,0x00000006c3aa1e80,0x00000006cb580000)
 Metaspace       used 2707K, capacity 4486K, committed 4864K, reserved 1056768K
  class space    used 302K, capacity 386K, committed 512K, reserved 1048576K
}
{Heap before GC invocations=953 (full 1):
 PSYoungGen      total 69120K, used 68736K [0x00000007b9c00000, 0x00000007c0000000, 0x00000007c0000000)
  eden space 35840K, 100% used [0x00000007b9c00000,0x00000007bbf00000,0x00000007bbf00000)
  from space 33280K, 98% used [0x00000007bbf00000,0x00000007bdf20000,0x00000007bdf80000)
  to   space 33280K, 0% used [0x00000007bdf80000,0x00000007bdf80000,0x00000007c0000000)
 ParOldGen       total 161280K, used 35463K [0x00000006c1800000, 0x00000006cb580000, 0x00000007b9c00000)
  object space 161280K, 21% used [0x00000006c1800000,0x00000006c3aa1e80,0x00000006cb580000)
 Metaspace       used 2707K, capacity 4486K, committed 4864K, reserved 1056768K
  class space    used 302K, capacity 386K, committed 512K, reserved 1048576K
[GC (Allocation Failure)  104199K->68359K(230400K), 0.0326501 secs]
Heap after GC invocations=953 (full 1):
 PSYoungGen      total 69120K, used 32896K [0x00000007b9c00000, 0x00000007c0000000, 0x00000007c0000000)
  eden space 35840K, 0% used [0x00000007b9c00000,0x00000007b9c00000,0x00000007bbf00000)
  from space 33280K, 98% used [0x00000007bdf80000,0x00000007bffa0000,0x00000007c0000000)
  to   space 33280K, 0% used [0x00000007bbf00000,0x00000007bbf00000,0x00000007bdf80000)
 ParOldGen       total 161280K, used 35463K [0x00000006c1800000, 0x00000006cb580000, 0x00000007b9c00000)
  object space 161280K, 21% used [0x00000006c1800000,0x00000006c3aa1e80,0x00000006cb580000)
 Metaspace       used 2707K, capacity 4486K, committed 4864K, reserved 1056768K
  class space    used 302K, capacity 386K, committed 512K, reserved 1048576K
}
{Heap before GC invocations=954 (full 1):
 PSYoungGen      total 69120K, used 68736K [0x00000007b9c00000, 0x00000007c0000000, 0x00000007c0000000)
  eden space 35840K, 100% used [0x00000007b9c00000,0x00000007bbf00000,0x00000007bbf00000)
  from space 33280K, 98% used [0x00000007bdf80000,0x00000007bffa0000,0x00000007c0000000)
  to   space 33280K, 0% used [0x00000007bbf00000,0x00000007bbf00000,0x00000007bdf80000)
 ParOldGen       total 161280K, used 35463K [0x00000006c1800000, 0x00000006cb580000, 0x00000007b9c00000)
  object space 161280K, 21% used [0x00000006c1800000,0x00000006c3aa1e80,0x00000006cb580000)
 Metaspace       used 2707K, capacity 4486K, committed 4864K, reserved 1056768K
  class space    used 302K, capacity 386K, committed 512K, reserved 1048576K
[GC (Allocation Failure)  104199K->68359K(230400K), 0.0375317 secs]
Heap after GC invocations=954 (full 1):
 PSYoungGen      total 69120K, used 32896K [0x00000007b9c00000, 0x00000007c0000000, 0x00000007c0000000)
  eden space 35840K, 0% used [0x00000007b9c00000,0x00000007b9c00000,0x00000007bbf00000)
  from space 33280K, 98% used [0x00000007bbf00000,0x00000007bdf20000,0x00000007bdf80000)
  to   space 33280K, 0% used [0x00000007bdf80000,0x00000007bdf80000,0x00000007c0000000)
 ParOldGen       total 161280K, used 35463K [0x00000006c1800000, 0x00000006cb580000, 0x00000007b9c00000)
  object space 161280K, 21% used [0x00000006c1800000,0x00000006c3aa1e80,0x00000006cb580000)
 Metaspace       used 2707K, capacity 4486K, committed 4864K, reserved 1056768K
  class space    used 302K, capacity 386K, committed 512K, reserved 1048576K
}
{Heap before GC invocations=955 (full 1):
 PSYoungGen      total 69120K, used 68736K [0x00000007b9c00000, 0x00000007c0000000, 0x00000007c0000000)
  eden space 35840K, 100% used [0x00000007b9c00000,0x00000007bbf00000,0x00000007bbf00000)
  from space 33280K, 98% used [0x00000007bbf00000,0x00000007bdf20000,0x00000007bdf80000)
  to   space 33280K, 0% used [0x00000007bdf80000,0x00000007bdf80000,0x00000007c0000000)
 ParOldGen       total 161280K, used 35463K [0x00000006c1800000, 0x00000006cb580000, 0x00000007b9c00000)
  object space 161280K, 21% used [0x00000006c1800000,0x00000006c3aa1e80,0x00000006cb580000)
 Metaspace       used 2707K, capacity 4486K, committed 4864K, reserved 1056768K
  class space    used 302K, capacity 386K, committed 512K, reserved 1048576K
[GC (Allocation Failure)  104199K->68359K(230400K), 0.0389367 secs]
Heap after GC invocations=955 (full 1):
 PSYoungGen      total 69120K, used 32896K [0x00000007b9c00000, 0x00000007c0000000, 0x00000007c0000000)
  eden space 35840K, 0% used [0x00000007b9c00000,0x00000007b9c00000,0x00000007bbf00000)
  from space 33280K, 98% used [0x00000007bdf80000,0x00000007bffa0000,0x00000007c0000000)
  to   space 33280K, 0% used [0x00000007bbf00000,0x00000007bbf00000,0x00000007bdf80000)
 ParOldGen       total 161280K, used 35463K [0x00000006c1800000, 0x00000006cb580000, 0x00000007b9c00000)
  object space 161280K, 21% used [0x00000006c1800000,0x00000006c3aa1e80,0x00000006cb580000)
 Metaspace       used 2707K, capacity 4486K, committed 4864K, reserved 1056768K
  class space    used 302K, capacity 386K, committed 512K, reserved 1048576K
}
{Heap before GC invocations=956 (full 1):
 PSYoungGen      total 69120K, used 68736K [0x00000007b9c00000, 0x00000007c0000000, 0x00000007c0000000)
  eden space 35840K, 100% used [0x00000007b9c00000,0x00000007bbf00000,0x00000007bbf00000)
  from space 33280K, 98% used [0x00000007bdf80000,0x00000007bffa0000,0x00000007c0000000)
  to   space 33280K, 0% used [0x00000007bbf00000,0x00000007bbf00000,0x00000007bdf80000)
 ParOldGen       total 161280K, used 35463K [0x00000006c1800000, 0x00000006cb580000, 0x00000007b9c00000)
  object space 161280K, 21% used [0x00000006c1800000,0x00000006c3aa1e80,0x00000006cb580000)
 Metaspace       used 2707K, capacity 4486K, committed 4864K, reserved 1056768K
  class space    used 302K, capacity 386K, committed 512K, reserved 1048576K
[GC (Allocation Failure)  104199K->68359K(230400K), 0.0396887 secs]
Heap after GC invocations=956 (full 1):
 PSYoungGen      total 69120K, used 32896K [0x00000007b9c00000, 0x00000007c0000000, 0x00000007c0000000)
  eden space 35840K, 0% used [0x00000007b9c00000,0x00000007b9c00000,0x00000007bbf00000)
  from space 33280K, 98% used [0x00000007bbf00000,0x00000007bdf20000,0x00000007bdf80000)
  to   space 33280K, 0% used [0x00000007bdf80000,0x00000007bdf80000,0x00000007c0000000)
 ParOldGen       total 161280K, used 35463K [0x00000006c1800000, 0x00000006cb580000, 0x00000007b9c00000)
  object space 161280K, 21% used [0x00000006c1800000,0x00000006c3aa1e80,0x00000006cb580000)
 Metaspace       used 2707K, capacity 4486K, committed 4864K, reserved 1056768K
  class space    used 302K, capacity 386K, committed 512K, reserved 1048576K
}
{Heap before GC invocations=957 (full 1):
 PSYoungGen      total 69120K, used 68736K [0x00000007b9c00000, 0x00000007c0000000, 0x00000007c0000000)
  eden space 35840K, 100% used [0x00000007b9c00000,0x00000007bbf00000,0x00000007bbf00000)
  from space 33280K, 98% used [0x00000007bbf00000,0x00000007bdf20000,0x00000007bdf80000)
  to   space 33280K, 0% used [0x00000007bdf80000,0x00000007bdf80000,0x00000007c0000000)
 ParOldGen       total 161280K, used 35463K [0x00000006c1800000, 0x00000006cb580000, 0x00000007b9c00000)
  object space 161280K, 21% used [0x00000006c1800000,0x00000006c3aa1e80,0x00000006cb580000)
 Metaspace       used 2707K, capacity 4486K, committed 4864K, reserved 1056768K
  class space    used 302K, capacity 386K, committed 512K, reserved 1048576K
[GC (Allocation Failure)  104199K->68359K(230400K), 0.0410081 secs]
Heap after GC invocations=957 (full 1):
 PSYoungGen      total 69120K, used 32896K [0x00000007b9c00000, 0x00000007c0000000, 0x00000007c0000000)
  eden space 35840K, 0% used [0x00000007b9c00000,0x00000007b9c00000,0x00000007bbf00000)
  from space 33280K, 98% used [0x00000007bdf80000,0x00000007bffa0000,0x00000007c0000000)
  to   space 33280K, 0% used [0x00000007bbf00000,0x00000007bbf00000,0x00000007bdf80000)
 ParOldGen       total 161280K, used 35463K [0x00000006c1800000, 0x00000006cb580000, 0x00000007b9c00000)
  object space 161280K, 21% used [0x00000006c1800000,0x00000006c3aa1e80,0x00000006cb580000)
 Metaspace       used 2707K, capacity 4486K, committed 4864K, reserved 1056768K
  class space    used 302K, capacity 386K, committed 512K, reserved 1048576K
}
{Heap before GC invocations=958 (full 1):
 PSYoungGen      total 69120K, used 68736K [0x00000007b9c00000, 0x00000007c0000000, 0x00000007c0000000)
  eden space 35840K, 100% used [0x00000007b9c00000,0x00000007bbf00000,0x00000007bbf00000)
  from space 33280K, 98% used [0x00000007bdf80000,0x00000007bffa0000,0x00000007c0000000)
  to   space 33280K, 0% used [0x00000007bbf00000,0x00000007bbf00000,0x00000007bdf80000)
 ParOldGen       total 161280K, used 35463K [0x00000006c1800000, 0x00000006cb580000, 0x00000007b9c00000)
  object space 161280K, 21% used [0x00000006c1800000,0x00000006c3aa1e80,0x00000006cb580000)
 Metaspace       used 2707K, capacity 4486K, committed 4864K, reserved 1056768K
  class space    used 302K, capacity 386K, committed 512K, reserved 1048576K
[GC (Allocation Failure)  104199K->68359K(230400K), 0.0395818 secs]
Heap after GC invocations=958 (full 1):
 PSYoungGen      total 69120K, used 32896K [0x00000007b9c00000, 0x00000007c0000000, 0x00000007c0000000)
  eden space 35840K, 0% used [0x00000007b9c00000,0x00000007b9c00000,0x00000007bbf00000)
  from space 33280K, 98% used [0x00000007bbf00000,0x00000007bdf20000,0x00000007bdf80000)
  to   space 33280K, 0% used [0x00000007bdf80000,0x00000007bdf80000,0x00000007c0000000)
 ParOldGen       total 161280K, used 35463K [0x00000006c1800000, 0x00000006cb580000, 0x00000007b9c00000)
  object space 161280K, 21% used [0x00000006c1800000,0x00000006c3aa1e80,0x00000006cb580000)
 Metaspace       used 2707K, capacity 4486K, committed 4864K, reserved 1056768K
  class space    used 302K, capacity 386K, committed 512K, reserved 1048576K
}
{Heap before GC invocations=959 (full 1):
 PSYoungGen      total 69120K, used 68736K [0x00000007b9c00000, 0x00000007c0000000, 0x00000007c0000000)
  eden space 35840K, 100% used [0x00000007b9c00000,0x00000007bbf00000,0x00000007bbf00000)
  from space 33280K, 98% used [0x00000007bbf00000,0x00000007bdf20000,0x00000007bdf80000)
  to   space 33280K, 0% used [0x00000007bdf80000,0x00000007bdf80000,0x00000007c0000000)
 ParOldGen       total 161280K, used 35463K [0x00000006c1800000, 0x00000006cb580000, 0x00000007b9c00000)
  object space 161280K, 21% used [0x00000006c1800000,0x00000006c3aa1e80,0x00000006cb580000)
 Metaspace       used 2707K, capacity 4486K, committed 4864K, reserved 1056768K
  class space    used 302K, capacity 386K, committed 512K, reserved 1048576K
[GC (Allocation Failure)  104199K->68359K(230400K), 0.0327695 secs]
Heap after GC invocations=959 (full 1):
 PSYoungGen      total 69120K, used 32896K [0x00000007b9c00000, 0x00000007c0000000, 0x00000007c0000000)
  eden space 35840K, 0% used [0x00000007b9c00000,0x00000007b9c00000,0x00000007bbf00000)
  from space 33280K, 98% used [0x00000007bdf80000,0x00000007bffa0000,0x00000007c0000000)
  to   space 33280K, 0% used [0x00000007bbf00000,0x00000007bbf00000,0x00000007bdf80000)
 ParOldGen       total 161280K, used 35463K [0x00000006c1800000, 0x00000006cb580000, 0x00000007b9c00000)
  object space 161280K, 21% used [0x00000006c1800000,0x00000006c3aa1e80,0x00000006cb580000)
 Metaspace       used 2707K, capacity 4486K, committed 4864K, reserved 1056768K
  class space    used 302K, capacity 386K, committed 512K, reserved 1048576K
}
{Heap before GC invocations=960 (full 1):
 PSYoungGen      total 69120K, used 68736K [0x00000007b9c00000, 0x00000007c0000000, 0x00000007c0000000)
  eden space 35840K, 100% used [0x00000007b9c00000,0x00000007bbf00000,0x00000007bbf00000)
  from space 33280K, 98% used [0x00000007bdf80000,0x00000007bffa0000,0x00000007c0000000)
  to   space 33280K, 0% used [0x00000007bbf00000,0x00000007bbf00000,0x00000007bdf80000)
 ParOldGen       total 161280K, used 35463K [0x00000006c1800000, 0x00000006cb580000, 0x00000007b9c00000)
  object space 161280K, 21% used [0x00000006c1800000,0x00000006c3aa1e80,0x00000006cb580000)
 Metaspace       used 2707K, capacity 4486K, committed 4864K, reserved 1056768K
  class space    used 302K, capacity 386K, committed 512K, reserved 1048576K
[GC (Allocation Failure)  104199K->68359K(230400K), 0.0357237 secs]
Heap after GC invocations=960 (full 1):
 PSYoungGen      total 69120K, used 32896K [0x00000007b9c00000, 0x00000007c0000000, 0x00000007c0000000)
  eden space 35840K, 0% used [0x00000007b9c00000,0x00000007b9c00000,0x00000007bbf00000)
  from space 33280K, 98% used [0x00000007bbf00000,0x00000007bdf20000,0x00000007bdf80000)
  to   space 33280K, 0% used [0x00000007bdf80000,0x00000007bdf80000,0x00000007c0000000)
 ParOldGen       total 161280K, used 35463K [0x00000006c1800000, 0x00000006cb580000, 0x00000007b9c00000)
  object space 161280K, 21% used [0x00000006c1800000,0x00000006c3aa1e80,0x00000006cb580000)
 Metaspace       used 2707K, capacity 4486K, committed 4864K, reserved 1056768K
  class space    used 302K, capacity 386K, committed 512K, reserved 1048576K
}
{Heap before GC invocations=961 (full 1):
 PSYoungGen      total 69120K, used 68736K [0x00000007b9c00000, 0x00000007c0000000, 0x00000007c0000000)
  eden space 35840K, 100% used [0x00000007b9c00000,0x00000007bbf00000,0x00000007bbf00000)
  from space 33280K, 98% used [0x00000007bbf00000,0x00000007bdf20000,0x00000007bdf80000)
  to   space 33280K, 0% used [0x00000007bdf80000,0x00000007bdf80000,0x00000007c0000000)
 ParOldGen       total 161280K, used 35463K [0x00000006c1800000, 0x00000006cb580000, 0x00000007b9c00000)
  object space 161280K, 21% used [0x00000006c1800000,0x00000006c3aa1e80,0x00000006cb580000)
 Metaspace       used 2707K, capacity 4486K, committed 4864K, reserved 1056768K
  class space    used 302K, capacity 386K, committed 512K, reserved 1048576K
[GC (Allocation Failure)  104199K->68359K(230400K), 0.0345395 secs]
Heap after GC invocations=961 (full 1):
 PSYoungGen      total 69120K, used 32896K [0x00000007b9c00000, 0x00000007c0000000, 0x00000007c0000000)
  eden space 35840K, 0% used [0x00000007b9c00000,0x00000007b9c00000,0x00000007bbf00000)
  from space 33280K, 98% used [0x00000007bdf80000,0x00000007bffa0000,0x00000007c0000000)
  to   space 33280K, 0% used [0x00000007bbf00000,0x00000007bbf00000,0x00000007bdf80000)
 ParOldGen       total 161280K, used 35463K [0x00000006c1800000, 0x00000006cb580000, 0x00000007b9c00000)
  object space 161280K, 21% used [0x00000006c1800000,0x00000006c3aa1e80,0x00000006cb580000)
 Metaspace       used 2707K, capacity 4486K, committed 4864K, reserved 1056768K
  class space    used 302K, capacity 386K, committed 512K, reserved 1048576K
}
{Heap before GC invocations=962 (full 1):
 PSYoungGen      total 69120K, used 68736K [0x00000007b9c00000, 0x00000007c0000000, 0x00000007c0000000)
  eden space 35840K, 100% used [0x00000007b9c00000,0x00000007bbf00000,0x00000007bbf00000)
  from space 33280K, 98% used [0x00000007bdf80000,0x00000007bffa0000,0x00000007c0000000)
  to   space 33280K, 0% used [0x00000007bbf00000,0x00000007bbf00000,0x00000007bdf80000)
 ParOldGen       total 161280K, used 35463K [0x00000006c1800000, 0x00000006cb580000, 0x00000007b9c00000)
  object space 161280K, 21% used [0x00000006c1800000,0x00000006c3aa1e80,0x00000006cb580000)
 Metaspace       used 2707K, capacity 4486K, committed 4864K, reserved 1056768K
  class space    used 302K, capacity 386K, committed 512K, reserved 1048576K
[GC (Allocation Failure)  104199K->68391K(230400K), 0.0332296 secs]
Heap after GC invocations=962 (full 1):
 PSYoungGen      total 69120K, used 32928K [0x00000007b9c00000, 0x00000007c0000000, 0x00000007c0000000)
  eden space 35840K, 0% used [0x00000007b9c00000,0x00000007b9c00000,0x00000007bbf00000)
  from space 33280K, 98% used [0x00000007bbf00000,0x00000007bdf28000,0x00000007bdf80000)
  to   space 33280K, 0% used [0x00000007bdf80000,0x00000007bdf80000,0x00000007c0000000)
 ParOldGen       total 161280K, used 35463K [0x00000006c1800000, 0x00000006cb580000, 0x00000007b9c00000)
  object space 161280K, 21% used [0x00000006c1800000,0x00000006c3aa1e80,0x00000006cb580000)
 Metaspace       used 2707K, capacity 4486K, committed 4864K, reserved 1056768K
  class space    used 302K, capacity 386K, committed 512K, reserved 1048576K
}
{Heap before GC invocations=963 (full 1):
 PSYoungGen      total 69120K, used 68768K [0x00000007b9c00000, 0x00000007c0000000, 0x00000007c0000000)
  eden space 35840K, 100% used [0x00000007b9c00000,0x00000007bbf00000,0x00000007bbf00000)
  from space 33280K, 98% used [0x00000007bbf00000,0x00000007bdf28000,0x00000007bdf80000)
  to   space 33280K, 0% used [0x00000007bdf80000,0x00000007bdf80000,0x00000007c0000000)
 ParOldGen       total 161280K, used 35463K [0x00000006c1800000, 0x00000006cb580000, 0x00000007b9c00000)
  object space 161280K, 21% used [0x00000006c1800000,0x00000006c3aa1e80,0x00000006cb580000)
 Metaspace       used 2707K, capacity 4486K, committed 4864K, reserved 1056768K
  class space    used 302K, capacity 386K, committed 512K, reserved 1048576K
[GC (Allocation Failure)  104231K->68359K(230400K), 0.0408848 secs]
Heap after GC invocations=963 (full 1):
 PSYoungGen      total 69120K, used 32896K [0x00000007b9c00000, 0x00000007c0000000, 0x00000007c0000000)
  eden space 35840K, 0% used [0x00000007b9c00000,0x00000007b9c00000,0x00000007bbf00000)
  from space 33280K, 98% used [0x00000007bdf80000,0x00000007bffa0000,0x00000007c0000000)
  to   space 33280K, 0% used [0x00000007bbf00000,0x00000007bbf00000,0x00000007bdf80000)
 ParOldGen       total 161280K, used 35463K [0x00000006c1800000, 0x00000006cb580000, 0x00000007b9c00000)
  object space 161280K, 21% used [0x00000006c1800000,0x00000006c3aa1e80,0x00000006cb580000)
 Metaspace       used 2707K, capacity 4486K, committed 4864K, reserved 1056768K
  class space    used 302K, capacity 386K, committed 512K, reserved 1048576K
}
{Heap before GC invocations=964 (full 1):
 PSYoungGen      total 69120K, used 68736K [0x00000007b9c00000, 0x00000007c0000000, 0x00000007c0000000)
  eden space 35840K, 100% used [0x00000007b9c00000,0x00000007bbf00000,0x00000007bbf00000)
  from space 33280K, 98% used [0x00000007bdf80000,0x00000007bffa0000,0x00000007c0000000)
  to   space 33280K, 0% used [0x00000007bbf00000,0x00000007bbf00000,0x00000007bdf80000)
 ParOldGen       total 161280K, used 35463K [0x00000006c1800000, 0x00000006cb580000, 0x00000007b9c00000)
  object space 161280K, 21% used [0x00000006c1800000,0x00000006c3aa1e80,0x00000006cb580000)
 Metaspace       used 2707K, capacity 4486K, committed 4864K, reserved 1056768K
  class space    used 302K, capacity 386K, committed 512K, reserved 1048576K
[GC (Allocation Failure)  104199K->68359K(230400K), 0.0353228 secs]
Heap after GC invocations=964 (full 1):
 PSYoungGen      total 69120K, used 32896K [0x00000007b9c00000, 0x00000007c0000000, 0x00000007c0000000)
  eden space 35840K, 0% used [0x00000007b9c00000,0x00000007b9c00000,0x00000007bbf00000)
  from space 33280K, 98% used [0x00000007bbf00000,0x00000007bdf20000,0x00000007bdf80000)
  to   space 33280K, 0% used [0x00000007bdf80000,0x00000007bdf80000,0x00000007c0000000)
 ParOldGen       total 161280K, used 35463K [0x00000006c1800000, 0x00000006cb580000, 0x00000007b9c00000)
  object space 161280K, 21% used [0x00000006c1800000,0x00000006c3aa1e80,0x00000006cb580000)
 Metaspace       used 2707K, capacity 4486K, committed 4864K, reserved 1056768K
  class space    used 302K, capacity 386K, committed 512K, reserved 1048576K
}
{Heap before GC invocations=965 (full 1):
 PSYoungGen      total 69120K, used 68736K [0x00000007b9c00000, 0x00000007c0000000, 0x00000007c0000000)
  eden space 35840K, 100% used [0x00000007b9c00000,0x00000007bbf00000,0x00000007bbf00000)
  from space 33280K, 98% used [0x00000007bbf00000,0x00000007bdf20000,0x00000007bdf80000)
  to   space 33280K, 0% used [0x00000007bdf80000,0x00000007bdf80000,0x00000007c0000000)
 ParOldGen       total 161280K, used 35463K [0x00000006c1800000, 0x00000006cb580000, 0x00000007b9c00000)
  object space 161280K, 21% used [0x00000006c1800000,0x00000006c3aa1e80,0x00000006cb580000)
 Metaspace       used 2707K, capacity 4486K, committed 4864K, reserved 1056768K
  class space    used 302K, capacity 386K, committed 512K, reserved 1048576K
[GC (Allocation Failure)  104199K->68391K(230400K), 0.0357084 secs]
Heap after GC invocations=965 (full 1):
 PSYoungGen      total 69120K, used 32928K [0x00000007b9c00000, 0x00000007c0000000, 0x00000007c0000000)
  eden space 35840K, 0% used [0x00000007b9c00000,0x00000007b9c00000,0x00000007bbf00000)
  from space 33280K, 98% used [0x00000007bdf80000,0x00000007bffa8000,0x00000007c0000000)
  to   space 33280K, 0% used [0x00000007bbf00000,0x00000007bbf00000,0x00000007bdf80000)
 ParOldGen       total 161280K, used 35463K [0x00000006c1800000, 0x00000006cb580000, 0x00000007b9c00000)
  object space 161280K, 21% used [0x00000006c1800000,0x00000006c3aa1e80,0x00000006cb580000)
 Metaspace       used 2707K, capacity 4486K, committed 4864K, reserved 1056768K
  class space    used 302K, capacity 386K, committed 512K, reserved 1048576K
}
{Heap before GC invocations=966 (full 1):
 PSYoungGen      total 69120K, used 68768K [0x00000007b9c00000, 0x00000007c0000000, 0x00000007c0000000)
  eden space 35840K, 100% used [0x00000007b9c00000,0x00000007bbf00000,0x00000007bbf00000)
  from space 33280K, 98% used [0x00000007bdf80000,0x00000007bffa8000,0x00000007c0000000)
  to   space 33280K, 0% used [0x00000007bbf00000,0x00000007bbf00000,0x00000007bdf80000)
 ParOldGen       total 161280K, used 35463K [0x00000006c1800000, 0x00000006cb580000, 0x00000007b9c00000)
  object space 161280K, 21% used [0x00000006c1800000,0x00000006c3aa1e80,0x00000006cb580000)
 Metaspace       used 2707K, capacity 4486K, committed 4864K, reserved 1056768K
  class space    used 302K, capacity 386K, committed 512K, reserved 1048576K
[GC (Allocation Failure)  104231K->68391K(230400K), 0.0303639 secs]
Heap after GC invocations=966 (full 1):
 PSYoungGen      total 69120K, used 32928K [0x00000007b9c00000, 0x00000007c0000000, 0x00000007c0000000)
  eden space 35840K, 0% used [0x00000007b9c00000,0x00000007b9c00000,0x00000007bbf00000)
  from space 33280K, 98% used [0x00000007bbf00000,0x00000007bdf28000,0x00000007bdf80000)
  to   space 33280K, 0% used [0x00000007bdf80000,0x00000007bdf80000,0x00000007c0000000)
 ParOldGen       total 161280K, used 35463K [0x00000006c1800000, 0x00000006cb580000, 0x00000007b9c00000)
  object space 161280K, 21% used [0x00000006c1800000,0x00000006c3aa1e80,0x00000006cb580000)
 Metaspace       used 2707K, capacity 4486K, committed 4864K, reserved 1056768K
  class space    used 302K, capacity 386K, committed 512K, reserved 1048576K
}
{Heap before GC invocations=967 (full 1):
 PSYoungGen      total 69120K, used 68768K [0x00000007b9c00000, 0x00000007c0000000, 0x00000007c0000000)
  eden space 35840K, 100% used [0x00000007b9c00000,0x00000007bbf00000,0x00000007bbf00000)
  from space 33280K, 98% used [0x00000007bbf00000,0x00000007bdf28000,0x00000007bdf80000)
  to   space 33280K, 0% used [0x00000007bdf80000,0x00000007bdf80000,0x00000007c0000000)
 ParOldGen       total 161280K, used 35463K [0x00000006c1800000, 0x00000006cb580000, 0x00000007b9c00000)
  object space 161280K, 21% used [0x00000006c1800000,0x00000006c3aa1e80,0x00000006cb580000)
 Metaspace       used 2707K, capacity 4486K, committed 4864K, reserved 1056768K
  class space    used 302K, capacity 386K, committed 512K, reserved 1048576K
[GC (Allocation Failure)  104231K->68359K(230400K), 0.0306240 secs]
Heap after GC invocations=967 (full 1):
 PSYoungGen      total 69120K, used 32896K [0x00000007b9c00000, 0x00000007c0000000, 0x00000007c0000000)
  eden space 35840K, 0% used [0x00000007b9c00000,0x00000007b9c00000,0x00000007bbf00000)
  from space 33280K, 98% used [0x00000007bdf80000,0x00000007bffa0000,0x00000007c0000000)
  to   space 33280K, 0% used [0x00000007bbf00000,0x00000007bbf00000,0x00000007bdf80000)
 ParOldGen       total 161280K, used 35463K [0x00000006c1800000, 0x00000006cb580000, 0x00000007b9c00000)
  object space 161280K, 21% used [0x00000006c1800000,0x00000006c3aa1e80,0x00000006cb580000)
 Metaspace       used 2707K, capacity 4486K, committed 4864K, reserved 1056768K
  class space    used 302K, capacity 386K, committed 512K, reserved 1048576K
}
{Heap before GC invocations=968 (full 1):
 PSYoungGen      total 69120K, used 68736K [0x00000007b9c00000, 0x00000007c0000000, 0x00000007c0000000)
  eden space 35840K, 100% used [0x00000007b9c00000,0x00000007bbf00000,0x00000007bbf00000)
  from space 33280K, 98% used [0x00000007bdf80000,0x00000007bffa0000,0x00000007c0000000)
  to   space 33280K, 0% used [0x00000007bbf00000,0x00000007bbf00000,0x00000007bdf80000)
 ParOldGen       total 161280K, used 35463K [0x00000006c1800000, 0x00000006cb580000, 0x00000007b9c00000)
  object space 161280K, 21% used [0x00000006c1800000,0x00000006c3aa1e80,0x00000006cb580000)
 Metaspace       used 2707K, capacity 4486K, committed 4864K, reserved 1056768K
  class space    used 302K, capacity 386K, committed 512K, reserved 1048576K
[GC (Allocation Failure)  104199K->68327K(230400K), 0.0338589 secs]
Heap after GC invocations=968 (full 1):
 PSYoungGen      total 69120K, used 32864K [0x00000007b9c00000, 0x00000007c0000000, 0x00000007c0000000)
  eden space 35840K, 0% used [0x00000007b9c00000,0x00000007b9c00000,0x00000007bbf00000)
  from space 33280K, 98% used [0x00000007bbf00000,0x00000007bdf18000,0x00000007bdf80000)
  to   space 33280K, 0% used [0x00000007bdf80000,0x00000007bdf80000,0x00000007c0000000)
 ParOldGen       total 161280K, used 35463K [0x00000006c1800000, 0x00000006cb580000, 0x00000007b9c00000)
  object space 161280K, 21% used [0x00000006c1800000,0x00000006c3aa1e80,0x00000006cb580000)
 Metaspace       used 2707K, capacity 4486K, committed 4864K, reserved 1056768K
  class space    used 302K, capacity 386K, committed 512K, reserved 1048576K
}
{Heap before GC invocations=969 (full 1):
 PSYoungGen      total 69120K, used 68704K [0x00000007b9c00000, 0x00000007c0000000, 0x00000007c0000000)
  eden space 35840K, 100% used [0x00000007b9c00000,0x00000007bbf00000,0x00000007bbf00000)
  from space 33280K, 98% used [0x00000007bbf00000,0x00000007bdf18000,0x00000007bdf80000)
  to   space 33280K, 0% used [0x00000007bdf80000,0x00000007bdf80000,0x00000007c0000000)
 ParOldGen       total 161280K, used 35463K [0x00000006c1800000, 0x00000006cb580000, 0x00000007b9c00000)
  object space 161280K, 21% used [0x00000006c1800000,0x00000006c3aa1e80,0x00000006cb580000)
 Metaspace       used 2707K, capacity 4486K, committed 4864K, reserved 1056768K
  class space    used 302K, capacity 386K, committed 512K, reserved 1048576K
[GC (Allocation Failure)  104167K->68359K(230400K), 0.0362457 secs]
Heap after GC invocations=969 (full 1):
 PSYoungGen      total 69120K, used 32896K [0x00000007b9c00000, 0x00000007c0000000, 0x00000007c0000000)
  eden space 35840K, 0% used [0x00000007b9c00000,0x00000007b9c00000,0x00000007bbf00000)
  from space 33280K, 98% used [0x00000007bdf80000,0x00000007bffa0000,0x00000007c0000000)
  to   space 33280K, 0% used [0x00000007bbf00000,0x00000007bbf00000,0x00000007bdf80000)
 ParOldGen       total 161280K, used 35463K [0x00000006c1800000, 0x00000006cb580000, 0x00000007b9c00000)
  object space 161280K, 21% used [0x00000006c1800000,0x00000006c3aa1e80,0x00000006cb580000)
 Metaspace       used 2707K, capacity 4486K, committed 4864K, reserved 1056768K
  class space    used 302K, capacity 386K, committed 512K, reserved 1048576K
}
{Heap before GC invocations=970 (full 1):
 PSYoungGen      total 69120K, used 68736K [0x00000007b9c00000, 0x00000007c0000000, 0x00000007c0000000)
  eden space 35840K, 100% used [0x00000007b9c00000,0x00000007bbf00000,0x00000007bbf00000)
  from space 33280K, 98% used [0x00000007bdf80000,0x00000007bffa0000,0x00000007c0000000)
  to   space 33280K, 0% used [0x00000007bbf00000,0x00000007bbf00000,0x00000007bdf80000)
 ParOldGen       total 161280K, used 35463K [0x00000006c1800000, 0x00000006cb580000, 0x00000007b9c00000)
  object space 161280K, 21% used [0x00000006c1800000,0x00000006c3aa1e80,0x00000006cb580000)
 Metaspace       used 2707K, capacity 4486K, committed 4864K, reserved 1056768K
  class space    used 302K, capacity 386K, committed 512K, reserved 1048576K
[GC (Allocation Failure)  104199K->68327K(230400K), 0.0323901 secs]
Heap after GC invocations=970 (full 1):
 PSYoungGen      total 69120K, used 32864K [0x00000007b9c00000, 0x00000007c0000000, 0x00000007c0000000)
  eden space 35840K, 0% used [0x00000007b9c00000,0x00000007b9c00000,0x00000007bbf00000)
  from space 33280K, 98% used [0x00000007bbf00000,0x00000007bdf18000,0x00000007bdf80000)
  to   space 33280K, 0% used [0x00000007bdf80000,0x00000007bdf80000,0x00000007c0000000)
 ParOldGen       total 161280K, used 35463K [0x00000006c1800000, 0x00000006cb580000, 0x00000007b9c00000)
  object space 161280K, 21% used [0x00000006c1800000,0x00000006c3aa1e80,0x00000006cb580000)
 Metaspace       used 2707K, capacity 4486K, committed 4864K, reserved 1056768K
  class space    used 302K, capacity 386K, committed 512K, reserved 1048576K
}
{Heap before GC invocations=971 (full 1):
 PSYoungGen      total 69120K, used 68704K [0x00000007b9c00000, 0x00000007c0000000, 0x00000007c0000000)
  eden space 35840K, 100% used [0x00000007b9c00000,0x00000007bbf00000,0x00000007bbf00000)
  from space 33280K, 98% used [0x00000007bbf00000,0x00000007bdf18000,0x00000007bdf80000)
  to   space 33280K, 0% used [0x00000007bdf80000,0x00000007bdf80000,0x00000007c0000000)
 ParOldGen       total 161280K, used 35463K [0x00000006c1800000, 0x00000006cb580000, 0x00000007b9c00000)
  object space 161280K, 21% used [0x00000006c1800000,0x00000006c3aa1e80,0x00000006cb580000)
 Metaspace       used 2707K, capacity 4486K, committed 4864K, reserved 1056768K
  class space    used 302K, capacity 386K, committed 512K, reserved 1048576K
[GC (Allocation Failure)  104167K->68359K(230400K), 0.0357908 secs]
Heap after GC invocations=971 (full 1):
 PSYoungGen      total 69120K, used 32896K [0x00000007b9c00000, 0x00000007c0000000, 0x00000007c0000000)
  eden space 35840K, 0% used [0x00000007b9c00000,0x00000007b9c00000,0x00000007bbf00000)
  from space 33280K, 98% used [0x00000007bdf80000,0x00000007bffa0000,0x00000007c0000000)
  to   space 33280K, 0% used [0x00000007bbf00000,0x00000007bbf00000,0x00000007bdf80000)
 ParOldGen       total 161280K, used 35463K [0x00000006c1800000, 0x00000006cb580000, 0x00000007b9c00000)
  object space 161280K, 21% used [0x00000006c1800000,0x00000006c3aa1e80,0x00000006cb580000)
 Metaspace       used 2707K, capacity 4486K, committed 4864K, reserved 1056768K
  class space    used 302K, capacity 386K, committed 512K, reserved 1048576K
}
{Heap before GC invocations=972 (full 1):
 PSYoungGen      total 69120K, used 68736K [0x00000007b9c00000, 0x00000007c0000000, 0x00000007c0000000)
  eden space 35840K, 100% used [0x00000007b9c00000,0x00000007bbf00000,0x00000007bbf00000)
  from space 33280K, 98% used [0x00000007bdf80000,0x00000007bffa0000,0x00000007c0000000)
  to   space 33280K, 0% used [0x00000007bbf00000,0x00000007bbf00000,0x00000007bdf80000)
 ParOldGen       total 161280K, used 35463K [0x00000006c1800000, 0x00000006cb580000, 0x00000007b9c00000)
  object space 161280K, 21% used [0x00000006c1800000,0x00000006c3aa1e80,0x00000006cb580000)
 Metaspace       used 2707K, capacity 4486K, committed 4864K, reserved 1056768K
  class space    used 302K, capacity 386K, committed 512K, reserved 1048576K
[GC (Allocation Failure)  104199K->68359K(230400K), 0.0316343 secs]
Heap after GC invocations=972 (full 1):
 PSYoungGen      total 69120K, used 32896K [0x00000007b9c00000, 0x00000007c0000000, 0x00000007c0000000)
  eden space 35840K, 0% used [0x00000007b9c00000,0x00000007b9c00000,0x00000007bbf00000)
  from space 33280K, 98% used [0x00000007bbf00000,0x00000007bdf20000,0x00000007bdf80000)
  to   space 33280K, 0% used [0x00000007bdf80000,0x00000007bdf80000,0x00000007c0000000)
 ParOldGen       total 161280K, used 35463K [0x00000006c1800000, 0x00000006cb580000, 0x00000007b9c00000)
  object space 161280K, 21% used [0x00000006c1800000,0x00000006c3aa1e80,0x00000006cb580000)
 Metaspace       used 2707K, capacity 4486K, committed 4864K, reserved 1056768K
  class space    used 302K, capacity 386K, committed 512K, reserved 1048576K
}
{Heap before GC invocations=973 (full 1):
 PSYoungGen      total 69120K, used 68736K [0x00000007b9c00000, 0x00000007c0000000, 0x00000007c0000000)
  eden space 35840K, 100% used [0x00000007b9c00000,0x00000007bbf00000,0x00000007bbf00000)
  from space 33280K, 98% used [0x00000007bbf00000,0x00000007bdf20000,0x00000007bdf80000)
  to   space 33280K, 0% used [0x00000007bdf80000,0x00000007bdf80000,0x00000007c0000000)
 ParOldGen       total 161280K, used 35463K [0x00000006c1800000, 0x00000006cb580000, 0x00000007b9c00000)
  object space 161280K, 21% used [0x00000006c1800000,0x00000006c3aa1e80,0x00000006cb580000)
 Metaspace       used 2707K, capacity 4486K, committed 4864K, reserved 1056768K
  class space    used 302K, capacity 386K, committed 512K, reserved 1048576K
[GC (Allocation Failure)  104199K->68359K(230400K), 0.0340295 secs]
Heap after GC invocations=973 (full 1):
 PSYoungGen      total 69120K, used 32896K [0x00000007b9c00000, 0x00000007c0000000, 0x00000007c0000000)
  eden space 35840K, 0% used [0x00000007b9c00000,0x00000007b9c00000,0x00000007bbf00000)
  from space 33280K, 98% used [0x00000007bdf80000,0x00000007bffa0000,0x00000007c0000000)
  to   space 33280K, 0% used [0x00000007bbf00000,0x00000007bbf00000,0x00000007bdf80000)
 ParOldGen       total 161280K, used 35463K [0x00000006c1800000, 0x00000006cb580000, 0x00000007b9c00000)
  object space 161280K, 21% used [0x00000006c1800000,0x00000006c3aa1e80,0x00000006cb580000)
 Metaspace       used 2707K, capacity 4486K, committed 4864K, reserved 1056768K
  class space    used 302K, capacity 386K, committed 512K, reserved 1048576K
}
{Heap before GC invocations=974 (full 1):
 PSYoungGen      total 69120K, used 68736K [0x00000007b9c00000, 0x00000007c0000000, 0x00000007c0000000)
  eden space 35840K, 100% used [0x00000007b9c00000,0x00000007bbf00000,0x00000007bbf00000)
  from space 33280K, 98% used [0x00000007bdf80000,0x00000007bffa0000,0x00000007c0000000)
  to   space 33280K, 0% used [0x00000007bbf00000,0x00000007bbf00000,0x00000007bdf80000)
 ParOldGen       total 161280K, used 35463K [0x00000006c1800000, 0x00000006cb580000, 0x00000007b9c00000)
  object space 161280K, 21% used [0x00000006c1800000,0x00000006c3aa1e80,0x00000006cb580000)
 Metaspace       used 2707K, capacity 4486K, committed 4864K, reserved 1056768K
  class space    used 302K, capacity 386K, committed 512K, reserved 1048576K
[GC (Allocation Failure)  104199K->68359K(230400K), 0.0324723 secs]
Heap after GC invocations=974 (full 1):
 PSYoungGen      total 69120K, used 32896K [0x00000007b9c00000, 0x00000007c0000000, 0x00000007c0000000)
  eden space 35840K, 0% used [0x00000007b9c00000,0x00000007b9c00000,0x00000007bbf00000)
  from space 33280K, 98% used [0x00000007bbf00000,0x00000007bdf20000,0x00000007bdf80000)
  to   space 33280K, 0% used [0x00000007bdf80000,0x00000007bdf80000,0x00000007c0000000)
 ParOldGen       total 161280K, used 35463K [0x00000006c1800000, 0x00000006cb580000, 0x00000007b9c00000)
  object space 161280K, 21% used [0x00000006c1800000,0x00000006c3aa1e80,0x00000006cb580000)
 Metaspace       used 2707K, capacity 4486K, committed 4864K, reserved 1056768K
  class space    used 302K, capacity 386K, committed 512K, reserved 1048576K
}
{Heap before GC invocations=975 (full 1):
 PSYoungGen      total 69120K, used 68736K [0x00000007b9c00000, 0x00000007c0000000, 0x00000007c0000000)
  eden space 35840K, 100% used [0x00000007b9c00000,0x00000007bbf00000,0x00000007bbf00000)
  from space 33280K, 98% used [0x00000007bbf00000,0x00000007bdf20000,0x00000007bdf80000)
  to   space 33280K, 0% used [0x00000007bdf80000,0x00000007bdf80000,0x00000007c0000000)
 ParOldGen       total 161280K, used 35463K [0x00000006c1800000, 0x00000006cb580000, 0x00000007b9c00000)
  object space 161280K, 21% used [0x00000006c1800000,0x00000006c3aa1e80,0x00000006cb580000)
 Metaspace       used 2707K, capacity 4486K, committed 4864K, reserved 1056768K
  class space    used 302K, capacity 386K, committed 512K, reserved 1048576K
[GC (Allocation Failure)  104199K->68327K(230400K), 0.0306361 secs]
Heap after GC invocations=975 (full 1):
 PSYoungGen      total 69120K, used 32864K [0x00000007b9c00000, 0x00000007c0000000, 0x00000007c0000000)
  eden space 35840K, 0% used [0x00000007b9c00000,0x00000007b9c00000,0x00000007bbf00000)
  from space 33280K, 98% used [0x00000007bdf80000,0x00000007bff98000,0x00000007c0000000)
  to   space 33280K, 0% used [0x00000007bbf00000,0x00000007bbf00000,0x00000007bdf80000)
 ParOldGen       total 161280K, used 35463K [0x00000006c1800000, 0x00000006cb580000, 0x00000007b9c00000)
  object space 161280K, 21% used [0x00000006c1800000,0x00000006c3aa1e80,0x00000006cb580000)
 Metaspace       used 2707K, capacity 4486K, committed 4864K, reserved 1056768K
  class space    used 302K, capacity 386K, committed 512K, reserved 1048576K
}
{Heap before GC invocations=976 (full 1):
 PSYoungGen      total 69120K, used 68704K [0x00000007b9c00000, 0x00000007c0000000, 0x00000007c0000000)
  eden space 35840K, 100% used [0x00000007b9c00000,0x00000007bbf00000,0x00000007bbf00000)
  from space 33280K, 98% used [0x00000007bdf80000,0x00000007bff98000,0x00000007c0000000)
  to   space 33280K, 0% used [0x00000007bbf00000,0x00000007bbf00000,0x00000007bdf80000)
 ParOldGen       total 161280K, used 35463K [0x00000006c1800000, 0x00000006cb580000, 0x00000007b9c00000)
  object space 161280K, 21% used [0x00000006c1800000,0x00000006c3aa1e80,0x00000006cb580000)
 Metaspace       used 2707K, capacity 4486K, committed 4864K, reserved 1056768K
  class space    used 302K, capacity 386K, committed 512K, reserved 1048576K
[GC (Allocation Failure)  104167K->68327K(230400K), 0.0307701 secs]
Heap after GC invocations=976 (full 1):
 PSYoungGen      total 69120K, used 32864K [0x00000007b9c00000, 0x00000007c0000000, 0x00000007c0000000)
  eden space 35840K, 0% used [0x00000007b9c00000,0x00000007b9c00000,0x00000007bbf00000)
  from space 33280K, 98% used [0x00000007bbf00000,0x00000007bdf18000,0x00000007bdf80000)
  to   space 33280K, 0% used [0x00000007bdf80000,0x00000007bdf80000,0x00000007c0000000)
 ParOldGen       total 161280K, used 35463K [0x00000006c1800000, 0x00000006cb580000, 0x00000007b9c00000)
  object space 161280K, 21% used [0x00000006c1800000,0x00000006c3aa1e80,0x00000006cb580000)
 Metaspace       used 2707K, capacity 4486K, committed 4864K, reserved 1056768K
  class space    used 302K, capacity 386K, committed 512K, reserved 1048576K
}
{Heap before GC invocations=977 (full 1):
 PSYoungGen      total 69120K, used 68704K [0x00000007b9c00000, 0x00000007c0000000, 0x00000007c0000000)
  eden space 35840K, 100% used [0x00000007b9c00000,0x00000007bbf00000,0x00000007bbf00000)
  from space 33280K, 98% used [0x00000007bbf00000,0x00000007bdf18000,0x00000007bdf80000)
  to   space 33280K, 0% used [0x00000007bdf80000,0x00000007bdf80000,0x00000007c0000000)
 ParOldGen       total 161280K, used 35463K [0x00000006c1800000, 0x00000006cb580000, 0x00000007b9c00000)
  object space 161280K, 21% used [0x00000006c1800000,0x00000006c3aa1e80,0x00000006cb580000)
 Metaspace       used 2707K, capacity 4486K, committed 4864K, reserved 1056768K
  class space    used 302K, capacity 386K, committed 512K, reserved 1048576K
[GC (Allocation Failure)  104167K->68327K(230400K), 0.0324397 secs]
Heap after GC invocations=977 (full 1):
 PSYoungGen      total 69120K, used 32864K [0x00000007b9c00000, 0x00000007c0000000, 0x00000007c0000000)
  eden space 35840K, 0% used [0x00000007b9c00000,0x00000007b9c00000,0x00000007bbf00000)
  from space 33280K, 98% used [0x00000007bdf80000,0x00000007bff98000,0x00000007c0000000)
  to   space 33280K, 0% used [0x00000007bbf00000,0x00000007bbf00000,0x00000007bdf80000)
 ParOldGen       total 161280K, used 35463K [0x00000006c1800000, 0x00000006cb580000, 0x00000007b9c00000)
  object space 161280K, 21% used [0x00000006c1800000,0x00000006c3aa1e80,0x00000006cb580000)
 Metaspace       used 2707K, capacity 4486K, committed 4864K, reserved 1056768K
  class space    used 302K, capacity 386K, committed 512K, reserved 1048576K
}
{Heap before GC invocations=978 (full 1):
 PSYoungGen      total 69120K, used 68704K [0x00000007b9c00000, 0x00000007c0000000, 0x00000007c0000000)
  eden space 35840K, 100% used [0x00000007b9c00000,0x00000007bbf00000,0x00000007bbf00000)
  from space 33280K, 98% used [0x00000007bdf80000,0x00000007bff98000,0x00000007c0000000)
  to   space 33280K, 0% used [0x00000007bbf00000,0x00000007bbf00000,0x00000007bdf80000)
 ParOldGen       total 161280K, used 35463K [0x00000006c1800000, 0x00000006cb580000, 0x00000007b9c00000)
  object space 161280K, 21% used [0x00000006c1800000,0x00000006c3aa1e80,0x00000006cb580000)
 Metaspace       used 2707K, capacity 4486K, committed 4864K, reserved 1056768K
  class space    used 302K, capacity 386K, committed 512K, reserved 1048576K
[GC (Allocation Failure)  104167K->68359K(230400K), 0.0402758 secs]
Heap after GC invocations=978 (full 1):
 PSYoungGen      total 69120K, used 32896K [0x00000007b9c00000, 0x00000007c0000000, 0x00000007c0000000)
  eden space 35840K, 0% used [0x00000007b9c00000,0x00000007b9c00000,0x00000007bbf00000)
  from space 33280K, 98% used [0x00000007bbf00000,0x00000007bdf20000,0x00000007bdf80000)
  to   space 33280K, 0% used [0x00000007bdf80000,0x00000007bdf80000,0x00000007c0000000)
 ParOldGen       total 161280K, used 35463K [0x00000006c1800000, 0x00000006cb580000, 0x00000007b9c00000)
  object space 161280K, 21% used [0x00000006c1800000,0x00000006c3aa1e80,0x00000006cb580000)
 Metaspace       used 2707K, capacity 4486K, committed 4864K, reserved 1056768K
  class space    used 302K, capacity 386K, committed 512K, reserved 1048576K
}
{Heap before GC invocations=979 (full 1):
 PSYoungGen      total 69120K, used 68736K [0x00000007b9c00000, 0x00000007c0000000, 0x00000007c0000000)
  eden space 35840K, 100% used [0x00000007b9c00000,0x00000007bbf00000,0x00000007bbf00000)
  from space 33280K, 98% used [0x00000007bbf00000,0x00000007bdf20000,0x00000007bdf80000)
  to   space 33280K, 0% used [0x00000007bdf80000,0x00000007bdf80000,0x00000007c0000000)
 ParOldGen       total 161280K, used 35463K [0x00000006c1800000, 0x00000006cb580000, 0x00000007b9c00000)
  object space 161280K, 21% used [0x00000006c1800000,0x00000006c3aa1e80,0x00000006cb580000)
 Metaspace       used 2707K, capacity 4486K, committed 4864K, reserved 1056768K
  class space    used 302K, capacity 386K, committed 512K, reserved 1048576K
[GC (Allocation Failure)  104199K->68359K(230400K), 0.0367563 secs]
Heap after GC invocations=979 (full 1):
 PSYoungGen      total 69120K, used 32896K [0x00000007b9c00000, 0x00000007c0000000, 0x00000007c0000000)
  eden space 35840K, 0% used [0x00000007b9c00000,0x00000007b9c00000,0x00000007bbf00000)
  from space 33280K, 98% used [0x00000007bdf80000,0x00000007bffa0000,0x00000007c0000000)
  to   space 33280K, 0% used [0x00000007bbf00000,0x00000007bbf00000,0x00000007bdf80000)
 ParOldGen       total 161280K, used 35463K [0x00000006c1800000, 0x00000006cb580000, 0x00000007b9c00000)
  object space 161280K, 21% used [0x00000006c1800000,0x00000006c3aa1e80,0x00000006cb580000)
 Metaspace       used 2707K, capacity 4486K, committed 4864K, reserved 1056768K
  class space    used 302K, capacity 386K, committed 512K, reserved 1048576K
}
{Heap before GC invocations=980 (full 1):
 PSYoungGen      total 69120K, used 68736K [0x00000007b9c00000, 0x00000007c0000000, 0x00000007c0000000)
  eden space 35840K, 100% used [0x00000007b9c00000,0x00000007bbf00000,0x00000007bbf00000)
  from space 33280K, 98% used [0x00000007bdf80000,0x00000007bffa0000,0x00000007c0000000)
  to   space 33280K, 0% used [0x00000007bbf00000,0x00000007bbf00000,0x00000007bdf80000)
 ParOldGen       total 161280K, used 35463K [0x00000006c1800000, 0x00000006cb580000, 0x00000007b9c00000)
  object space 161280K, 21% used [0x00000006c1800000,0x00000006c3aa1e80,0x00000006cb580000)
 Metaspace       used 2707K, capacity 4486K, committed 4864K, reserved 1056768K
  class space    used 302K, capacity 386K, committed 512K, reserved 1048576K
[GC (Allocation Failure)  104199K->68359K(230400K), 0.0312933 secs]
Heap after GC invocations=980 (full 1):
 PSYoungGen      total 69120K, used 32896K [0x00000007b9c00000, 0x00000007c0000000, 0x00000007c0000000)
  eden space 35840K, 0% used [0x00000007b9c00000,0x00000007b9c00000,0x00000007bbf00000)
  from space 33280K, 98% used [0x00000007bbf00000,0x00000007bdf20000,0x00000007bdf80000)
  to   space 33280K, 0% used [0x00000007bdf80000,0x00000007bdf80000,0x00000007c0000000)
 ParOldGen       total 161280K, used 35463K [0x00000006c1800000, 0x00000006cb580000, 0x00000007b9c00000)
  object space 161280K, 21% used [0x00000006c1800000,0x00000006c3aa1e80,0x00000006cb580000)
 Metaspace       used 2707K, capacity 4486K, committed 4864K, reserved 1056768K
  class space    used 302K, capacity 386K, committed 512K, reserved 1048576K
}
{Heap before GC invocations=981 (full 1):
 PSYoungGen      total 69120K, used 68736K [0x00000007b9c00000, 0x00000007c0000000, 0x00000007c0000000)
  eden space 35840K, 100% used [0x00000007b9c00000,0x00000007bbf00000,0x00000007bbf00000)
  from space 33280K, 98% used [0x00000007bbf00000,0x00000007bdf20000,0x00000007bdf80000)
  to   space 33280K, 0% used [0x00000007bdf80000,0x00000007bdf80000,0x00000007c0000000)
 ParOldGen       total 161280K, used 35463K [0x00000006c1800000, 0x00000006cb580000, 0x00000007b9c00000)
  object space 161280K, 21% used [0x00000006c1800000,0x00000006c3aa1e80,0x00000006cb580000)
 Metaspace       used 2707K, capacity 4486K, committed 4864K, reserved 1056768K
  class space    used 302K, capacity 386K, committed 512K, reserved 1048576K
[GC (Allocation Failure)  104199K->68327K(230400K), 0.0346543 secs]
Heap after GC invocations=981 (full 1):
 PSYoungGen      total 69120K, used 32864K [0x00000007b9c00000, 0x00000007c0000000, 0x00000007c0000000)
  eden space 35840K, 0% used [0x00000007b9c00000,0x00000007b9c00000,0x00000007bbf00000)
  from space 33280K, 98% used [0x00000007bdf80000,0x00000007bff98000,0x00000007c0000000)
  to   space 33280K, 0% used [0x00000007bbf00000,0x00000007bbf00000,0x00000007bdf80000)
 ParOldGen       total 161280K, used 35463K [0x00000006c1800000, 0x00000006cb580000, 0x00000007b9c00000)
  object space 161280K, 21% used [0x00000006c1800000,0x00000006c3aa1e80,0x00000006cb580000)
 Metaspace       used 2707K, capacity 4486K, committed 4864K, reserved 1056768K
  class space    used 302K, capacity 386K, committed 512K, reserved 1048576K
}
{Heap before GC invocations=982 (full 1):
 PSYoungGen      total 69120K, used 68704K [0x00000007b9c00000, 0x00000007c0000000, 0x00000007c0000000)
  eden space 35840K, 100% used [0x00000007b9c00000,0x00000007bbf00000,0x00000007bbf00000)
  from space 33280K, 98% used [0x00000007bdf80000,0x00000007bff98000,0x00000007c0000000)
  to   space 33280K, 0% used [0x00000007bbf00000,0x00000007bbf00000,0x00000007bdf80000)
 ParOldGen       total 161280K, used 35463K [0x00000006c1800000, 0x00000006cb580000, 0x00000007b9c00000)
  object space 161280K, 21% used [0x00000006c1800000,0x00000006c3aa1e80,0x00000006cb580000)
 Metaspace       used 2707K, capacity 4486K, committed 4864K, reserved 1056768K
  class space    used 302K, capacity 386K, committed 512K, reserved 1048576K
[GC (Allocation Failure)  104167K->68359K(230400K), 0.0314423 secs]
Heap after GC invocations=982 (full 1):
 PSYoungGen      total 69120K, used 32896K [0x00000007b9c00000, 0x00000007c0000000, 0x00000007c0000000)
  eden space 35840K, 0% used [0x00000007b9c00000,0x00000007b9c00000,0x00000007bbf00000)
  from space 33280K, 98% used [0x00000007bbf00000,0x00000007bdf20000,0x00000007bdf80000)
  to   space 33280K, 0% used [0x00000007bdf80000,0x00000007bdf80000,0x00000007c0000000)
 ParOldGen       total 161280K, used 35463K [0x00000006c1800000, 0x00000006cb580000, 0x00000007b9c00000)
  object space 161280K, 21% used [0x00000006c1800000,0x00000006c3aa1e80,0x00000006cb580000)
 Metaspace       used 2707K, capacity 4486K, committed 4864K, reserved 1056768K
  class space    used 302K, capacity 386K, committed 512K, reserved 1048576K
}
{Heap before GC invocations=983 (full 1):
 PSYoungGen      total 69120K, used 68736K [0x00000007b9c00000, 0x00000007c0000000, 0x00000007c0000000)
  eden space 35840K, 100% used [0x00000007b9c00000,0x00000007bbf00000,0x00000007bbf00000)
  from space 33280K, 98% used [0x00000007bbf00000,0x00000007bdf20000,0x00000007bdf80000)
  to   space 33280K, 0% used [0x00000007bdf80000,0x00000007bdf80000,0x00000007c0000000)
 ParOldGen       total 161280K, used 35463K [0x00000006c1800000, 0x00000006cb580000, 0x00000007b9c00000)
  object space 161280K, 21% used [0x00000006c1800000,0x00000006c3aa1e80,0x00000006cb580000)
 Metaspace       used 2707K, capacity 4486K, committed 4864K, reserved 1056768K
  class space    used 302K, capacity 386K, committed 512K, reserved 1048576K
[GC (Allocation Failure)  104199K->68359K(230400K), 0.0303780 secs]
Heap after GC invocations=983 (full 1):
 PSYoungGen      total 69120K, used 32896K [0x00000007b9c00000, 0x00000007c0000000, 0x00000007c0000000)
  eden space 35840K, 0% used [0x00000007b9c00000,0x00000007b9c00000,0x00000007bbf00000)
  from space 33280K, 98% used [0x00000007bdf80000,0x00000007bffa0000,0x00000007c0000000)
  to   space 33280K, 0% used [0x00000007bbf00000,0x00000007bbf00000,0x00000007bdf80000)
 ParOldGen       total 161280K, used 35463K [0x00000006c1800000, 0x00000006cb580000, 0x00000007b9c00000)
  object space 161280K, 21% used [0x00000006c1800000,0x00000006c3aa1e80,0x00000006cb580000)
 Metaspace       used 2707K, capacity 4486K, committed 4864K, reserved 1056768K
  class space    used 302K, capacity 386K, committed 512K, reserved 1048576K
}
{Heap before GC invocations=984 (full 1):
 PSYoungGen      total 69120K, used 68736K [0x00000007b9c00000, 0x00000007c0000000, 0x00000007c0000000)
  eden space 35840K, 100% used [0x00000007b9c00000,0x00000007bbf00000,0x00000007bbf00000)
  from space 33280K, 98% used [0x00000007bdf80000,0x00000007bffa0000,0x00000007c0000000)
  to   space 33280K, 0% used [0x00000007bbf00000,0x00000007bbf00000,0x00000007bdf80000)
 ParOldGen       total 161280K, used 35463K [0x00000006c1800000, 0x00000006cb580000, 0x00000007b9c00000)
  object space 161280K, 21% used [0x00000006c1800000,0x00000006c3aa1e80,0x00000006cb580000)
 Metaspace       used 2707K, capacity 4486K, committed 4864K, reserved 1056768K
  class space    used 302K, capacity 386K, committed 512K, reserved 1048576K
[GC (Allocation Failure)  104199K->68359K(230400K), 0.0313746 secs]
Heap after GC invocations=984 (full 1):
 PSYoungGen      total 69120K, used 32896K [0x00000007b9c00000, 0x00000007c0000000, 0x00000007c0000000)
  eden space 35840K, 0% used [0x00000007b9c00000,0x00000007b9c00000,0x00000007bbf00000)
  from space 33280K, 98% used [0x00000007bbf00000,0x00000007bdf20000,0x00000007bdf80000)
  to   space 33280K, 0% used [0x00000007bdf80000,0x00000007bdf80000,0x00000007c0000000)
 ParOldGen       total 161280K, used 35463K [0x00000006c1800000, 0x00000006cb580000, 0x00000007b9c00000)
  object space 161280K, 21% used [0x00000006c1800000,0x00000006c3aa1e80,0x00000006cb580000)
 Metaspace       used 2707K, capacity 4486K, committed 4864K, reserved 1056768K
  class space    used 302K, capacity 386K, committed 512K, reserved 1048576K
}
{Heap before GC invocations=985 (full 1):
 PSYoungGen      total 69120K, used 68736K [0x00000007b9c00000, 0x00000007c0000000, 0x00000007c0000000)
  eden space 35840K, 100% used [0x00000007b9c00000,0x00000007bbf00000,0x00000007bbf00000)
  from space 33280K, 98% used [0x00000007bbf00000,0x00000007bdf20000,0x00000007bdf80000)
  to   space 33280K, 0% used [0x00000007bdf80000,0x00000007bdf80000,0x00000007c0000000)
 ParOldGen       total 161280K, used 35463K [0x00000006c1800000, 0x00000006cb580000, 0x00000007b9c00000)
  object space 161280K, 21% used [0x00000006c1800000,0x00000006c3aa1e80,0x00000006cb580000)
 Metaspace       used 2707K, capacity 4486K, committed 4864K, reserved 1056768K
  class space    used 302K, capacity 386K, committed 512K, reserved 1048576K
[GC (Allocation Failure)  104199K->68359K(230400K), 0.0307578 secs]
Heap after GC invocations=985 (full 1):
 PSYoungGen      total 69120K, used 32896K [0x00000007b9c00000, 0x00000007c0000000, 0x00000007c0000000)
  eden space 35840K, 0% used [0x00000007b9c00000,0x00000007b9c00000,0x00000007bbf00000)
  from space 33280K, 98% used [0x00000007bdf80000,0x00000007bffa0000,0x00000007c0000000)
  to   space 33280K, 0% used [0x00000007bbf00000,0x00000007bbf00000,0x00000007bdf80000)
 ParOldGen       total 161280K, used 35463K [0x00000006c1800000, 0x00000006cb580000, 0x00000007b9c00000)
  object space 161280K, 21% used [0x00000006c1800000,0x00000006c3aa1e80,0x00000006cb580000)
 Metaspace       used 2707K, capacity 4486K, committed 4864K, reserved 1056768K
  class space    used 302K, capacity 386K, committed 512K, reserved 1048576K
}
{Heap before GC invocations=986 (full 1):
 PSYoungGen      total 69120K, used 68736K [0x00000007b9c00000, 0x00000007c0000000, 0x00000007c0000000)
  eden space 35840K, 100% used [0x00000007b9c00000,0x00000007bbf00000,0x00000007bbf00000)
  from space 33280K, 98% used [0x00000007bdf80000,0x00000007bffa0000,0x00000007c0000000)
  to   space 33280K, 0% used [0x00000007bbf00000,0x00000007bbf00000,0x00000007bdf80000)
 ParOldGen       total 161280K, used 35463K [0x00000006c1800000, 0x00000006cb580000, 0x00000007b9c00000)
  object space 161280K, 21% used [0x00000006c1800000,0x00000006c3aa1e80,0x00000006cb580000)
 Metaspace       used 2707K, capacity 4486K, committed 4864K, reserved 1056768K
  class space    used 302K, capacity 386K, committed 512K, reserved 1048576K
[GC (Allocation Failure)  104199K->68359K(230400K), 0.0343764 secs]
Heap after GC invocations=986 (full 1):
 PSYoungGen      total 69120K, used 32896K [0x00000007b9c00000, 0x00000007c0000000, 0x00000007c0000000)
  eden space 35840K, 0% used [0x00000007b9c00000,0x00000007b9c00000,0x00000007bbf00000)
  from space 33280K, 98% used [0x00000007bbf00000,0x00000007bdf20000,0x00000007bdf80000)
  to   space 33280K, 0% used [0x00000007bdf80000,0x00000007bdf80000,0x00000007c0000000)
 ParOldGen       total 161280K, used 35463K [0x00000006c1800000, 0x00000006cb580000, 0x00000007b9c00000)
  object space 161280K, 21% used [0x00000006c1800000,0x00000006c3aa1e80,0x00000006cb580000)
 Metaspace       used 2707K, capacity 4486K, committed 4864K, reserved 1056768K
  class space    used 302K, capacity 386K, committed 512K, reserved 1048576K
}
{Heap before GC invocations=987 (full 1):
 PSYoungGen      total 69120K, used 68736K [0x00000007b9c00000, 0x00000007c0000000, 0x00000007c0000000)
  eden space 35840K, 100% used [0x00000007b9c00000,0x00000007bbf00000,0x00000007bbf00000)
  from space 33280K, 98% used [0x00000007bbf00000,0x00000007bdf20000,0x00000007bdf80000)
  to   space 33280K, 0% used [0x00000007bdf80000,0x00000007bdf80000,0x00000007c0000000)
 ParOldGen       total 161280K, used 35463K [0x00000006c1800000, 0x00000006cb580000, 0x00000007b9c00000)
  object space 161280K, 21% used [0x00000006c1800000,0x00000006c3aa1e80,0x00000006cb580000)
 Metaspace       used 2707K, capacity 4486K, committed 4864K, reserved 1056768K
  class space    used 302K, capacity 386K, committed 512K, reserved 1048576K
[GC (Allocation Failure)  104199K->68359K(230400K), 0.0380942 secs]
Heap after GC invocations=987 (full 1):
 PSYoungGen      total 69120K, used 32896K [0x00000007b9c00000, 0x00000007c0000000, 0x00000007c0000000)
  eden space 35840K, 0% used [0x00000007b9c00000,0x00000007b9c00000,0x00000007bbf00000)
  from space 33280K, 98% used [0x00000007bdf80000,0x00000007bffa0000,0x00000007c0000000)
  to   space 33280K, 0% used [0x00000007bbf00000,0x00000007bbf00000,0x00000007bdf80000)
 ParOldGen       total 161280K, used 35463K [0x00000006c1800000, 0x00000006cb580000, 0x00000007b9c00000)
  object space 161280K, 21% used [0x00000006c1800000,0x00000006c3aa1e80,0x00000006cb580000)
 Metaspace       used 2707K, capacity 4486K, committed 4864K, reserved 1056768K
  class space    used 302K, capacity 386K, committed 512K, reserved 1048576K
}
{Heap before GC invocations=988 (full 1):
 PSYoungGen      total 69120K, used 68736K [0x00000007b9c00000, 0x00000007c0000000, 0x00000007c0000000)
  eden space 35840K, 100% used [0x00000007b9c00000,0x00000007bbf00000,0x00000007bbf00000)
  from space 33280K, 98% used [0x00000007bdf80000,0x00000007bffa0000,0x00000007c0000000)
  to   space 33280K, 0% used [0x00000007bbf00000,0x00000007bbf00000,0x00000007bdf80000)
 ParOldGen       total 161280K, used 35463K [0x00000006c1800000, 0x00000006cb580000, 0x00000007b9c00000)
  object space 161280K, 21% used [0x00000006c1800000,0x00000006c3aa1e80,0x00000006cb580000)
 Metaspace       used 2707K, capacity 4486K, committed 4864K, reserved 1056768K
  class space    used 302K, capacity 386K, committed 512K, reserved 1048576K
[GC (Allocation Failure)  104199K->68359K(230400K), 0.0355286 secs]
Heap after GC invocations=988 (full 1):
 PSYoungGen      total 69120K, used 32896K [0x00000007b9c00000, 0x00000007c0000000, 0x00000007c0000000)
  eden space 35840K, 0% used [0x00000007b9c00000,0x00000007b9c00000,0x00000007bbf00000)
  from space 33280K, 98% used [0x00000007bbf00000,0x00000007bdf20000,0x00000007bdf80000)
  to   space 33280K, 0% used [0x00000007bdf80000,0x00000007bdf80000,0x00000007c0000000)
 ParOldGen       total 161280K, used 35463K [0x00000006c1800000, 0x00000006cb580000, 0x00000007b9c00000)
  object space 161280K, 21% used [0x00000006c1800000,0x00000006c3aa1e80,0x00000006cb580000)
 Metaspace       used 2707K, capacity 4486K, committed 4864K, reserved 1056768K
  class space    used 302K, capacity 386K, committed 512K, reserved 1048576K
}
{Heap before GC invocations=989 (full 1):
 PSYoungGen      total 69120K, used 68736K [0x00000007b9c00000, 0x00000007c0000000, 0x00000007c0000000)
  eden space 35840K, 100% used [0x00000007b9c00000,0x00000007bbf00000,0x00000007bbf00000)
  from space 33280K, 98% used [0x00000007bbf00000,0x00000007bdf20000,0x00000007bdf80000)
  to   space 33280K, 0% used [0x00000007bdf80000,0x00000007bdf80000,0x00000007c0000000)
 ParOldGen       total 161280K, used 35463K [0x00000006c1800000, 0x00000006cb580000, 0x00000007b9c00000)
  object space 161280K, 21% used [0x00000006c1800000,0x00000006c3aa1e80,0x00000006cb580000)
 Metaspace       used 2707K, capacity 4486K, committed 4864K, reserved 1056768K
  class space    used 302K, capacity 386K, committed 512K, reserved 1048576K
[GC (Allocation Failure)  104199K->68327K(230400K), 0.0344758 secs]
Heap after GC invocations=989 (full 1):
 PSYoungGen      total 69120K, used 32864K [0x00000007b9c00000, 0x00000007c0000000, 0x00000007c0000000)
  eden space 35840K, 0% used [0x00000007b9c00000,0x00000007b9c00000,0x00000007bbf00000)
  from space 33280K, 98% used [0x00000007bdf80000,0x00000007bff98000,0x00000007c0000000)
  to   space 33280K, 0% used [0x00000007bbf00000,0x00000007bbf00000,0x00000007bdf80000)
 ParOldGen       total 161280K, used 35463K [0x00000006c1800000, 0x00000006cb580000, 0x00000007b9c00000)
  object space 161280K, 21% used [0x00000006c1800000,0x00000006c3aa1e80,0x00000006cb580000)
 Metaspace       used 2707K, capacity 4486K, committed 4864K, reserved 1056768K
  class space    used 302K, capacity 386K, committed 512K, reserved 1048576K
}
{Heap before GC invocations=990 (full 1):
 PSYoungGen      total 69120K, used 68704K [0x00000007b9c00000, 0x00000007c0000000, 0x00000007c0000000)
  eden space 35840K, 100% used [0x00000007b9c00000,0x00000007bbf00000,0x00000007bbf00000)
  from space 33280K, 98% used [0x00000007bdf80000,0x00000007bff98000,0x00000007c0000000)
  to   space 33280K, 0% used [0x00000007bbf00000,0x00000007bbf00000,0x00000007bdf80000)
 ParOldGen       total 161280K, used 35463K [0x00000006c1800000, 0x00000006cb580000, 0x00000007b9c00000)
  object space 161280K, 21% used [0x00000006c1800000,0x00000006c3aa1e80,0x00000006cb580000)
 Metaspace       used 2707K, capacity 4486K, committed 4864K, reserved 1056768K
  class space    used 302K, capacity 386K, committed 512K, reserved 1048576K
[GC (Allocation Failure)  104167K->68359K(230400K), 0.0349832 secs]
Heap after GC invocations=990 (full 1):
 PSYoungGen      total 69120K, used 32896K [0x00000007b9c00000, 0x00000007c0000000, 0x00000007c0000000)
  eden space 35840K, 0% used [0x00000007b9c00000,0x00000007b9c00000,0x00000007bbf00000)
  from space 33280K, 98% used [0x00000007bbf00000,0x00000007bdf20000,0x00000007bdf80000)
  to   space 33280K, 0% used [0x00000007bdf80000,0x00000007bdf80000,0x00000007c0000000)
 ParOldGen       total 161280K, used 35463K [0x00000006c1800000, 0x00000006cb580000, 0x00000007b9c00000)
  object space 161280K, 21% used [0x00000006c1800000,0x00000006c3aa1e80,0x00000006cb580000)
 Metaspace       used 2707K, capacity 4486K, committed 4864K, reserved 1056768K
  class space    used 302K, capacity 386K, committed 512K, reserved 1048576K
}
{Heap before GC invocations=991 (full 1):
 PSYoungGen      total 69120K, used 68736K [0x00000007b9c00000, 0x00000007c0000000, 0x00000007c0000000)
  eden space 35840K, 100% used [0x00000007b9c00000,0x00000007bbf00000,0x00000007bbf00000)
  from space 33280K, 98% used [0x00000007bbf00000,0x00000007bdf20000,0x00000007bdf80000)
  to   space 33280K, 0% used [0x00000007bdf80000,0x00000007bdf80000,0x00000007c0000000)
 ParOldGen       total 161280K, used 35463K [0x00000006c1800000, 0x00000006cb580000, 0x00000007b9c00000)
  object space 161280K, 21% used [0x00000006c1800000,0x00000006c3aa1e80,0x00000006cb580000)
 Metaspace       used 2707K, capacity 4486K, committed 4864K, reserved 1056768K
  class space    used 302K, capacity 386K, committed 512K, reserved 1048576K
[GC (Allocation Failure)  104199K->68359K(230400K), 0.0317785 secs]
Heap after GC invocations=991 (full 1):
 PSYoungGen      total 69120K, used 32896K [0x00000007b9c00000, 0x00000007c0000000, 0x00000007c0000000)
  eden space 35840K, 0% used [0x00000007b9c00000,0x00000007b9c00000,0x00000007bbf00000)
  from space 33280K, 98% used [0x00000007bdf80000,0x00000007bffa0000,0x00000007c0000000)
  to   space 33280K, 0% used [0x00000007bbf00000,0x00000007bbf00000,0x00000007bdf80000)
 ParOldGen       total 161280K, used 35463K [0x00000006c1800000, 0x00000006cb580000, 0x00000007b9c00000)
  object space 161280K, 21% used [0x00000006c1800000,0x00000006c3aa1e80,0x00000006cb580000)
 Metaspace       used 2707K, capacity 4486K, committed 4864K, reserved 1056768K
  class space    used 302K, capacity 386K, committed 512K, reserved 1048576K
}
{Heap before GC invocations=992 (full 1):
 PSYoungGen      total 69120K, used 68736K [0x00000007b9c00000, 0x00000007c0000000, 0x00000007c0000000)
  eden space 35840K, 100% used [0x00000007b9c00000,0x00000007bbf00000,0x00000007bbf00000)
  from space 33280K, 98% used [0x00000007bdf80000,0x00000007bffa0000,0x00000007c0000000)
  to   space 33280K, 0% used [0x00000007bbf00000,0x00000007bbf00000,0x00000007bdf80000)
 ParOldGen       total 161280K, used 35463K [0x00000006c1800000, 0x00000006cb580000, 0x00000007b9c00000)
  object space 161280K, 21% used [0x00000006c1800000,0x00000006c3aa1e80,0x00000006cb580000)
 Metaspace       used 2707K, capacity 4486K, committed 4864K, reserved 1056768K
  class space    used 302K, capacity 386K, committed 512K, reserved 1048576K
[GC (Allocation Failure)  104199K->68359K(230400K), 0.0309212 secs]
Heap after GC invocations=992 (full 1):
 PSYoungGen      total 69120K, used 32896K [0x00000007b9c00000, 0x00000007c0000000, 0x00000007c0000000)
  eden space 35840K, 0% used [0x00000007b9c00000,0x00000007b9c00000,0x00000007bbf00000)
  from space 33280K, 98% used [0x00000007bbf00000,0x00000007bdf20000,0x00000007bdf80000)
  to   space 33280K, 0% used [0x00000007bdf80000,0x00000007bdf80000,0x00000007c0000000)
 ParOldGen       total 161280K, used 35463K [0x00000006c1800000, 0x00000006cb580000, 0x00000007b9c00000)
  object space 161280K, 21% used [0x00000006c1800000,0x00000006c3aa1e80,0x00000006cb580000)
 Metaspace       used 2707K, capacity 4486K, committed 4864K, reserved 1056768K
  class space    used 302K, capacity 386K, committed 512K, reserved 1048576K
}
{Heap before GC invocations=993 (full 1):
 PSYoungGen      total 69120K, used 68736K [0x00000007b9c00000, 0x00000007c0000000, 0x00000007c0000000)
  eden space 35840K, 100% used [0x00000007b9c00000,0x00000007bbf00000,0x00000007bbf00000)
  from space 33280K, 98% used [0x00000007bbf00000,0x00000007bdf20000,0x00000007bdf80000)
  to   space 33280K, 0% used [0x00000007bdf80000,0x00000007bdf80000,0x00000007c0000000)
 ParOldGen       total 161280K, used 35463K [0x00000006c1800000, 0x00000006cb580000, 0x00000007b9c00000)
  object space 161280K, 21% used [0x00000006c1800000,0x00000006c3aa1e80,0x00000006cb580000)
 Metaspace       used 2707K, capacity 4486K, committed 4864K, reserved 1056768K
  class space    used 302K, capacity 386K, committed 512K, reserved 1048576K
[GC (Allocation Failure)  104199K->68359K(230400K), 0.0309523 secs]
Heap after GC invocations=993 (full 1):
 PSYoungGen      total 69120K, used 32896K [0x00000007b9c00000, 0x00000007c0000000, 0x00000007c0000000)
  eden space 35840K, 0% used [0x00000007b9c00000,0x00000007b9c00000,0x00000007bbf00000)
  from space 33280K, 98% used [0x00000007bdf80000,0x00000007bffa0000,0x00000007c0000000)
  to   space 33280K, 0% used [0x00000007bbf00000,0x00000007bbf00000,0x00000007bdf80000)
 ParOldGen       total 161280K, used 35463K [0x00000006c1800000, 0x00000006cb580000, 0x00000007b9c00000)
  object space 161280K, 21% used [0x00000006c1800000,0x00000006c3aa1e80,0x00000006cb580000)
 Metaspace       used 2707K, capacity 4486K, committed 4864K, reserved 1056768K
  class space    used 302K, capacity 386K, committed 512K, reserved 1048576K
}
{Heap before GC invocations=994 (full 1):
 PSYoungGen      total 69120K, used 68736K [0x00000007b9c00000, 0x00000007c0000000, 0x00000007c0000000)
  eden space 35840K, 100% used [0x00000007b9c00000,0x00000007bbf00000,0x00000007bbf00000)
  from space 33280K, 98% used [0x00000007bdf80000,0x00000007bffa0000,0x00000007c0000000)
  to   space 33280K, 0% used [0x00000007bbf00000,0x00000007bbf00000,0x00000007bdf80000)
 ParOldGen       total 161280K, used 35463K [0x00000006c1800000, 0x00000006cb580000, 0x00000007b9c00000)
  object space 161280K, 21% used [0x00000006c1800000,0x00000006c3aa1e80,0x00000006cb580000)
 Metaspace       used 2707K, capacity 4486K, committed 4864K, reserved 1056768K
  class space    used 302K, capacity 386K, committed 512K, reserved 1048576K
[GC (Allocation Failure)  104199K->68391K(230400K), 0.0298316 secs]
Heap after GC invocations=994 (full 1):
 PSYoungGen      total 69120K, used 32928K [0x00000007b9c00000, 0x00000007c0000000, 0x00000007c0000000)
  eden space 35840K, 0% used [0x00000007b9c00000,0x00000007b9c00000,0x00000007bbf00000)
  from space 33280K, 98% used [0x00000007bbf00000,0x00000007bdf28000,0x00000007bdf80000)
  to   space 33280K, 0% used [0x00000007bdf80000,0x00000007bdf80000,0x00000007c0000000)
 ParOldGen       total 161280K, used 35463K [0x00000006c1800000, 0x00000006cb580000, 0x00000007b9c00000)
  object space 161280K, 21% used [0x00000006c1800000,0x00000006c3aa1e80,0x00000006cb580000)
 Metaspace       used 2707K, capacity 4486K, committed 4864K, reserved 1056768K
  class space    used 302K, capacity 386K, committed 512K, reserved 1048576K
}
{Heap before GC invocations=995 (full 1):
 PSYoungGen      total 69120K, used 68768K [0x00000007b9c00000, 0x00000007c0000000, 0x00000007c0000000)
  eden space 35840K, 100% used [0x00000007b9c00000,0x00000007bbf00000,0x00000007bbf00000)
  from space 33280K, 98% used [0x00000007bbf00000,0x00000007bdf28000,0x00000007bdf80000)
  to   space 33280K, 0% used [0x00000007bdf80000,0x00000007bdf80000,0x00000007c0000000)
 ParOldGen       total 161280K, used 35463K [0x00000006c1800000, 0x00000006cb580000, 0x00000007b9c00000)
  object space 161280K, 21% used [0x00000006c1800000,0x00000006c3aa1e80,0x00000006cb580000)
 Metaspace       used 2707K, capacity 4486K, committed 4864K, reserved 1056768K
  class space    used 302K, capacity 386K, committed 512K, reserved 1048576K
[GC (Allocation Failure)  104231K->68327K(230400K), 0.0340319 secs]
Heap after GC invocations=995 (full 1):
 PSYoungGen      total 69120K, used 32864K [0x00000007b9c00000, 0x00000007c0000000, 0x00000007c0000000)
  eden space 35840K, 0% used [0x00000007b9c00000,0x00000007b9c00000,0x00000007bbf00000)
  from space 33280K, 98% used [0x00000007bdf80000,0x00000007bff98000,0x00000007c0000000)
  to   space 33280K, 0% used [0x00000007bbf00000,0x00000007bbf00000,0x00000007bdf80000)
 ParOldGen       total 161280K, used 35463K [0x00000006c1800000, 0x00000006cb580000, 0x00000007b9c00000)
  object space 161280K, 21% used [0x00000006c1800000,0x00000006c3aa1e80,0x00000006cb580000)
 Metaspace       used 2707K, capacity 4486K, committed 4864K, reserved 1056768K
  class space    used 302K, capacity 386K, committed 512K, reserved 1048576K
}
{Heap before GC invocations=996 (full 1):
 PSYoungGen      total 69120K, used 68704K [0x00000007b9c00000, 0x00000007c0000000, 0x00000007c0000000)
  eden space 35840K, 100% used [0x00000007b9c00000,0x00000007bbf00000,0x00000007bbf00000)
  from space 33280K, 98% used [0x00000007bdf80000,0x00000007bff98000,0x00000007c0000000)
  to   space 33280K, 0% used [0x00000007bbf00000,0x00000007bbf00000,0x00000007bdf80000)
 ParOldGen       total 161280K, used 35463K [0x00000006c1800000, 0x00000006cb580000, 0x00000007b9c00000)
  object space 161280K, 21% used [0x00000006c1800000,0x00000006c3aa1e80,0x00000006cb580000)
 Metaspace       used 2707K, capacity 4486K, committed 4864K, reserved 1056768K
  class space    used 302K, capacity 386K, committed 512K, reserved 1048576K
[GC (Allocation Failure)  104167K->68327K(230400K), 0.0322715 secs]
Heap after GC invocations=996 (full 1):
 PSYoungGen      total 69120K, used 32864K [0x00000007b9c00000, 0x00000007c0000000, 0x00000007c0000000)
  eden space 35840K, 0% used [0x00000007b9c00000,0x00000007b9c00000,0x00000007bbf00000)
  from space 33280K, 98% used [0x00000007bbf00000,0x00000007bdf18000,0x00000007bdf80000)
  to   space 33280K, 0% used [0x00000007bdf80000,0x00000007bdf80000,0x00000007c0000000)
 ParOldGen       total 161280K, used 35463K [0x00000006c1800000, 0x00000006cb580000, 0x00000007b9c00000)
  object space 161280K, 21% used [0x00000006c1800000,0x00000006c3aa1e80,0x00000006cb580000)
 Metaspace       used 2707K, capacity 4486K, committed 4864K, reserved 1056768K
  class space    used 302K, capacity 386K, committed 512K, reserved 1048576K
}
{Heap before GC invocations=997 (full 1):
 PSYoungGen      total 69120K, used 68704K [0x00000007b9c00000, 0x00000007c0000000, 0x00000007c0000000)
  eden space 35840K, 100% used [0x00000007b9c00000,0x00000007bbf00000,0x00000007bbf00000)
  from space 33280K, 98% used [0x00000007bbf00000,0x00000007bdf18000,0x00000007bdf80000)
  to   space 33280K, 0% used [0x00000007bdf80000,0x00000007bdf80000,0x00000007c0000000)
 ParOldGen       total 161280K, used 35463K [0x00000006c1800000, 0x00000006cb580000, 0x00000007b9c00000)
  object space 161280K, 21% used [0x00000006c1800000,0x00000006c3aa1e80,0x00000006cb580000)
 Metaspace       used 2707K, capacity 4486K, committed 4864K, reserved 1056768K
  class space    used 302K, capacity 386K, committed 512K, reserved 1048576K
[GC (Allocation Failure)  104167K->68391K(230400K), 0.0314612 secs]
Heap after GC invocations=997 (full 1):
 PSYoungGen      total 69120K, used 32928K [0x00000007b9c00000, 0x00000007c0000000, 0x00000007c0000000)
  eden space 35840K, 0% used [0x00000007b9c00000,0x00000007b9c00000,0x00000007bbf00000)
  from space 33280K, 98% used [0x00000007bdf80000,0x00000007bffa8000,0x00000007c0000000)
  to   space 33280K, 0% used [0x00000007bbf00000,0x00000007bbf00000,0x00000007bdf80000)
 ParOldGen       total 161280K, used 35463K [0x00000006c1800000, 0x00000006cb580000, 0x00000007b9c00000)
  object space 161280K, 21% used [0x00000006c1800000,0x00000006c3aa1e80,0x00000006cb580000)
 Metaspace       used 2707K, capacity 4486K, committed 4864K, reserved 1056768K
  class space    used 302K, capacity 386K, committed 512K, reserved 1048576K
}
{Heap before GC invocations=998 (full 1):
 PSYoungGen      total 69120K, used 68768K [0x00000007b9c00000, 0x00000007c0000000, 0x00000007c0000000)
  eden space 35840K, 100% used [0x00000007b9c00000,0x00000007bbf00000,0x00000007bbf00000)
  from space 33280K, 98% used [0x00000007bdf80000,0x00000007bffa8000,0x00000007c0000000)
  to   space 33280K, 0% used [0x00000007bbf00000,0x00000007bbf00000,0x00000007bdf80000)
 ParOldGen       total 161280K, used 35463K [0x00000006c1800000, 0x00000006cb580000, 0x00000007b9c00000)
  object space 161280K, 21% used [0x00000006c1800000,0x00000006c3aa1e80,0x00000006cb580000)
 Metaspace       used 2707K, capacity 4486K, committed 4864K, reserved 1056768K
  class space    used 302K, capacity 386K, committed 512K, reserved 1048576K
[GC (Allocation Failure)  104231K->68359K(230400K), 0.0383417 secs]
Heap after GC invocations=998 (full 1):
 PSYoungGen      total 69120K, used 32896K [0x00000007b9c00000, 0x00000007c0000000, 0x00000007c0000000)
  eden space 35840K, 0% used [0x00000007b9c00000,0x00000007b9c00000,0x00000007bbf00000)
  from space 33280K, 98% used [0x00000007bbf00000,0x00000007bdf20000,0x00000007bdf80000)
  to   space 33280K, 0% used [0x00000007bdf80000,0x00000007bdf80000,0x00000007c0000000)
 ParOldGen       total 161280K, used 35463K [0x00000006c1800000, 0x00000006cb580000, 0x00000007b9c00000)
  object space 161280K, 21% used [0x00000006c1800000,0x00000006c3aa1e80,0x00000006cb580000)
 Metaspace       used 2707K, capacity 4486K, committed 4864K, reserved 1056768K
  class space    used 302K, capacity 386K, committed 512K, reserved 1048576K
}
{Heap before GC invocations=999 (full 1):
 PSYoungGen      total 69120K, used 68736K [0x00000007b9c00000, 0x00000007c0000000, 0x00000007c0000000)
  eden space 35840K, 100% used [0x00000007b9c00000,0x00000007bbf00000,0x00000007bbf00000)
  from space 33280K, 98% used [0x00000007bbf00000,0x00000007bdf20000,0x00000007bdf80000)
  to   space 33280K, 0% used [0x00000007bdf80000,0x00000007bdf80000,0x00000007c0000000)
 ParOldGen       total 161280K, used 35463K [0x00000006c1800000, 0x00000006cb580000, 0x00000007b9c00000)
  object space 161280K, 21% used [0x00000006c1800000,0x00000006c3aa1e80,0x00000006cb580000)
 Metaspace       used 2707K, capacity 4486K, committed 4864K, reserved 1056768K
  class space    used 302K, capacity 386K, committed 512K, reserved 1048576K
[GC (Allocation Failure)  104199K->68327K(230400K), 0.0309092 secs]
Heap after GC invocations=999 (full 1):
 PSYoungGen      total 69120K, used 32864K [0x00000007b9c00000, 0x00000007c0000000, 0x00000007c0000000)
  eden space 35840K, 0% used [0x00000007b9c00000,0x00000007b9c00000,0x00000007bbf00000)
  from space 33280K, 98% used [0x00000007bdf80000,0x00000007bff98000,0x00000007c0000000)
  to   space 33280K, 0% used [0x00000007bbf00000,0x00000007bbf00000,0x00000007bdf80000)
 ParOldGen       total 161280K, used 35463K [0x00000006c1800000, 0x00000006cb580000, 0x00000007b9c00000)
  object space 161280K, 21% used [0x00000006c1800000,0x00000006c3aa1e80,0x00000006cb580000)
 Metaspace       used 2707K, capacity 4486K, committed 4864K, reserved 1056768K
  class space    used 302K, capacity 386K, committed 512K, reserved 1048576K
}
{Heap before GC invocations=1000 (full 1):
 PSYoungGen      total 69120K, used 68704K [0x00000007b9c00000, 0x00000007c0000000, 0x00000007c0000000)
  eden space 35840K, 100% used [0x00000007b9c00000,0x00000007bbf00000,0x00000007bbf00000)
  from space 33280K, 98% used [0x00000007bdf80000,0x00000007bff98000,0x00000007c0000000)
  to   space 33280K, 0% used [0x00000007bbf00000,0x00000007bbf00000,0x00000007bdf80000)
 ParOldGen       total 161280K, used 35463K [0x00000006c1800000, 0x00000006cb580000, 0x00000007b9c00000)
  object space 161280K, 21% used [0x00000006c1800000,0x00000006c3aa1e80,0x00000006cb580000)
 Metaspace       used 2707K, capacity 4486K, committed 4864K, reserved 1056768K
  class space    used 302K, capacity 386K, committed 512K, reserved 1048576K
[GC (Allocation Failure)  104167K->68359K(230400K), 0.0309199 secs]
Heap after GC invocations=1000 (full 1):
 PSYoungGen      total 69120K, used 32896K [0x00000007b9c00000, 0x00000007c0000000, 0x00000007c0000000)
  eden space 35840K, 0% used [0x00000007b9c00000,0x00000007b9c00000,0x00000007bbf00000)
  from space 33280K, 98% used [0x00000007bbf00000,0x00000007bdf20000,0x00000007bdf80000)
  to   space 33280K, 0% used [0x00000007bdf80000,0x00000007bdf80000,0x00000007c0000000)
 ParOldGen       total 161280K, used 35463K [0x00000006c1800000, 0x00000006cb580000, 0x00000007b9c00000)
  object space 161280K, 21% used [0x00000006c1800000,0x00000006c3aa1e80,0x00000006cb580000)
 Metaspace       used 2707K, capacity 4486K, committed 4864K, reserved 1056768K
  class space    used 302K, capacity 386K, committed 512K, reserved 1048576K
}
{Heap before GC invocations=1001 (full 1):
 PSYoungGen      total 69120K, used 68736K [0x00000007b9c00000, 0x00000007c0000000, 0x00000007c0000000)
  eden space 35840K, 100% used [0x00000007b9c00000,0x00000007bbf00000,0x00000007bbf00000)
  from space 33280K, 98% used [0x00000007bbf00000,0x00000007bdf20000,0x00000007bdf80000)
  to   space 33280K, 0% used [0x00000007bdf80000,0x00000007bdf80000,0x00000007c0000000)
 ParOldGen       total 161280K, used 35463K [0x00000006c1800000, 0x00000006cb580000, 0x00000007b9c00000)
  object space 161280K, 21% used [0x00000006c1800000,0x00000006c3aa1e80,0x00000006cb580000)
 Metaspace       used 2707K, capacity 4486K, committed 4864K, reserved 1056768K
  class space    used 302K, capacity 386K, committed 512K, reserved 1048576K
[GC (Allocation Failure)  104199K->68359K(230400K), 0.0341261 secs]
Heap after GC invocations=1001 (full 1):
 PSYoungGen      total 69120K, used 32896K [0x00000007b9c00000, 0x00000007c0000000, 0x00000007c0000000)
  eden space 35840K, 0% used [0x00000007b9c00000,0x00000007b9c00000,0x00000007bbf00000)
  from space 33280K, 98% used [0x00000007bdf80000,0x00000007bffa0000,0x00000007c0000000)
  to   space 33280K, 0% used [0x00000007bbf00000,0x00000007bbf00000,0x00000007bdf80000)
 ParOldGen       total 161280K, used 35463K [0x00000006c1800000, 0x00000006cb580000, 0x00000007b9c00000)
  object space 161280K, 21% used [0x00000006c1800000,0x00000006c3aa1e80,0x00000006cb580000)
 Metaspace       used 2707K, capacity 4486K, committed 4864K, reserved 1056768K
  class space    used 302K, capacity 386K, committed 512K, reserved 1048576K
}
{Heap before GC invocations=1002 (full 1):
 PSYoungGen      total 69120K, used 68736K [0x00000007b9c00000, 0x00000007c0000000, 0x00000007c0000000)
  eden space 35840K, 100% used [0x00000007b9c00000,0x00000007bbf00000,0x00000007bbf00000)
  from space 33280K, 98% used [0x00000007bdf80000,0x00000007bffa0000,0x00000007c0000000)
  to   space 33280K, 0% used [0x00000007bbf00000,0x00000007bbf00000,0x00000007bdf80000)
 ParOldGen       total 161280K, used 35463K [0x00000006c1800000, 0x00000006cb580000, 0x00000007b9c00000)
  object space 161280K, 21% used [0x00000006c1800000,0x00000006c3aa1e80,0x00000006cb580000)
 Metaspace       used 2707K, capacity 4486K, committed 4864K, reserved 1056768K
  class space    used 302K, capacity 386K, committed 512K, reserved 1048576K
[GC (Allocation Failure)  104199K->68359K(230400K), 0.0324541 secs]
Heap after GC invocations=1002 (full 1):
 PSYoungGen      total 69120K, used 32896K [0x00000007b9c00000, 0x00000007c0000000, 0x00000007c0000000)
  eden space 35840K, 0% used [0x00000007b9c00000,0x00000007b9c00000,0x00000007bbf00000)
  from space 33280K, 98% used [0x00000007bbf00000,0x00000007bdf20000,0x00000007bdf80000)
  to   space 33280K, 0% used [0x00000007bdf80000,0x00000007bdf80000,0x00000007c0000000)
 ParOldGen       total 161280K, used 35463K [0x00000006c1800000, 0x00000006cb580000, 0x00000007b9c00000)
  object space 161280K, 21% used [0x00000006c1800000,0x00000006c3aa1e80,0x00000006cb580000)
 Metaspace       used 2707K, capacity 4486K, committed 4864K, reserved 1056768K
  class space    used 302K, capacity 386K, committed 512K, reserved 1048576K
}
{Heap before GC invocations=1003 (full 1):
 PSYoungGen      total 69120K, used 68736K [0x00000007b9c00000, 0x00000007c0000000, 0x00000007c0000000)
  eden space 35840K, 100% used [0x00000007b9c00000,0x00000007bbf00000,0x00000007bbf00000)
  from space 33280K, 98% used [0x00000007bbf00000,0x00000007bdf20000,0x00000007bdf80000)
  to   space 33280K, 0% used [0x00000007bdf80000,0x00000007bdf80000,0x00000007c0000000)
 ParOldGen       total 161280K, used 35463K [0x00000006c1800000, 0x00000006cb580000, 0x00000007b9c00000)
  object space 161280K, 21% used [0x00000006c1800000,0x00000006c3aa1e80,0x00000006cb580000)
 Metaspace       used 2707K, capacity 4486K, committed 4864K, reserved 1056768K
  class space    used 302K, capacity 386K, committed 512K, reserved 1048576K
[GC (Allocation Failure)  104199K->68359K(230400K), 0.0299725 secs]
Heap after GC invocations=1003 (full 1):
 PSYoungGen      total 69120K, used 32896K [0x00000007b9c00000, 0x00000007c0000000, 0x00000007c0000000)
  eden space 35840K, 0% used [0x00000007b9c00000,0x00000007b9c00000,0x00000007bbf00000)
  from space 33280K, 98% used [0x00000007bdf80000,0x00000007bffa0000,0x00000007c0000000)
  to   space 33280K, 0% used [0x00000007bbf00000,0x00000007bbf00000,0x00000007bdf80000)
 ParOldGen       total 161280K, used 35463K [0x00000006c1800000, 0x00000006cb580000, 0x00000007b9c00000)
  object space 161280K, 21% used [0x00000006c1800000,0x00000006c3aa1e80,0x00000006cb580000)
 Metaspace       used 2707K, capacity 4486K, committed 4864K, reserved 1056768K
  class space    used 302K, capacity 386K, committed 512K, reserved 1048576K
}
{Heap before GC invocations=1004 (full 1):
 PSYoungGen      total 69120K, used 68736K [0x00000007b9c00000, 0x00000007c0000000, 0x00000007c0000000)
  eden space 35840K, 100% used [0x00000007b9c00000,0x00000007bbf00000,0x00000007bbf00000)
  from space 33280K, 98% used [0x00000007bdf80000,0x00000007bffa0000,0x00000007c0000000)
  to   space 33280K, 0% used [0x00000007bbf00000,0x00000007bbf00000,0x00000007bdf80000)
 ParOldGen       total 161280K, used 35463K [0x00000006c1800000, 0x00000006cb580000, 0x00000007b9c00000)
  object space 161280K, 21% used [0x00000006c1800000,0x00000006c3aa1e80,0x00000006cb580000)
 Metaspace       used 2707K, capacity 4486K, committed 4864K, reserved 1056768K
  class space    used 302K, capacity 386K, committed 512K, reserved 1048576K
[GC (Allocation Failure)  104199K->68359K(230400K), 0.0374308 secs]
Heap after GC invocations=1004 (full 1):
 PSYoungGen      total 69120K, used 32896K [0x00000007b9c00000, 0x00000007c0000000, 0x00000007c0000000)
  eden space 35840K, 0% used [0x00000007b9c00000,0x00000007b9c00000,0x00000007bbf00000)
  from space 33280K, 98% used [0x00000007bbf00000,0x00000007bdf20000,0x00000007bdf80000)
  to   space 33280K, 0% used [0x00000007bdf80000,0x00000007bdf80000,0x00000007c0000000)
 ParOldGen       total 161280K, used 35463K [0x00000006c1800000, 0x00000006cb580000, 0x00000007b9c00000)
  object space 161280K, 21% used [0x00000006c1800000,0x00000006c3aa1e80,0x00000006cb580000)
 Metaspace       used 2707K, capacity 4486K, committed 4864K, reserved 1056768K
  class space    used 302K, capacity 386K, committed 512K, reserved 1048576K
}
{Heap before GC invocations=1005 (full 1):
 PSYoungGen      total 69120K, used 68736K [0x00000007b9c00000, 0x00000007c0000000, 0x00000007c0000000)
  eden space 35840K, 100% used [0x00000007b9c00000,0x00000007bbf00000,0x00000007bbf00000)
  from space 33280K, 98% used [0x00000007bbf00000,0x00000007bdf20000,0x00000007bdf80000)
  to   space 33280K, 0% used [0x00000007bdf80000,0x00000007bdf80000,0x00000007c0000000)
 ParOldGen       total 161280K, used 35463K [0x00000006c1800000, 0x00000006cb580000, 0x00000007b9c00000)
  object space 161280K, 21% used [0x00000006c1800000,0x00000006c3aa1e80,0x00000006cb580000)
 Metaspace       used 2707K, capacity 4486K, committed 4864K, reserved 1056768K
  class space    used 302K, capacity 386K, committed 512K, reserved 1048576K
[GC (Allocation Failure)  104199K->68391K(230400K), 0.0355091 secs]
Heap after GC invocations=1005 (full 1):
 PSYoungGen      total 69120K, used 32928K [0x00000007b9c00000, 0x00000007c0000000, 0x00000007c0000000)
  eden space 35840K, 0% used [0x00000007b9c00000,0x00000007b9c00000,0x00000007bbf00000)
  from space 33280K, 98% used [0x00000007bdf80000,0x00000007bffa8000,0x00000007c0000000)
  to   space 33280K, 0% used [0x00000007bbf00000,0x00000007bbf00000,0x00000007bdf80000)
 ParOldGen       total 161280K, used 35463K [0x00000006c1800000, 0x00000006cb580000, 0x00000007b9c00000)
  object space 161280K, 21% used [0x00000006c1800000,0x00000006c3aa1e80,0x00000006cb580000)
 Metaspace       used 2707K, capacity 4486K, committed 4864K, reserved 1056768K
  class space    used 302K, capacity 386K, committed 512K, reserved 1048576K
}
{Heap before GC invocations=1006 (full 1):
 PSYoungGen      total 69120K, used 68768K [0x00000007b9c00000, 0x00000007c0000000, 0x00000007c0000000)
  eden space 35840K, 100% used [0x00000007b9c00000,0x00000007bbf00000,0x00000007bbf00000)
  from space 33280K, 98% used [0x00000007bdf80000,0x00000007bffa8000,0x00000007c0000000)
  to   space 33280K, 0% used [0x00000007bbf00000,0x00000007bbf00000,0x00000007bdf80000)
 ParOldGen       total 161280K, used 35463K [0x00000006c1800000, 0x00000006cb580000, 0x00000007b9c00000)
  object space 161280K, 21% used [0x00000006c1800000,0x00000006c3aa1e80,0x00000006cb580000)
 Metaspace       used 2707K, capacity 4486K, committed 4864K, reserved 1056768K
  class space    used 302K, capacity 386K, committed 512K, reserved 1048576K
[GC (Allocation Failure)  104231K->68327K(230400K), 0.0340674 secs]
Heap after GC invocations=1006 (full 1):
 PSYoungGen      total 69120K, used 32864K [0x00000007b9c00000, 0x00000007c0000000, 0x00000007c0000000)
  eden space 35840K, 0% used [0x00000007b9c00000,0x00000007b9c00000,0x00000007bbf00000)
  from space 33280K, 98% used [0x00000007bbf00000,0x00000007bdf18000,0x00000007bdf80000)
  to   space 33280K, 0% used [0x00000007bdf80000,0x00000007bdf80000,0x00000007c0000000)
 ParOldGen       total 161280K, used 35463K [0x00000006c1800000, 0x00000006cb580000, 0x00000007b9c00000)
  object space 161280K, 21% used [0x00000006c1800000,0x00000006c3aa1e80,0x00000006cb580000)
 Metaspace       used 2707K, capacity 4486K, committed 4864K, reserved 1056768K
  class space    used 302K, capacity 386K, committed 512K, reserved 1048576K
}
{Heap before GC invocations=1007 (full 1):
 PSYoungGen      total 69120K, used 68704K [0x00000007b9c00000, 0x00000007c0000000, 0x00000007c0000000)
  eden space 35840K, 100% used [0x00000007b9c00000,0x00000007bbf00000,0x00000007bbf00000)
  from space 33280K, 98% used [0x00000007bbf00000,0x00000007bdf18000,0x00000007bdf80000)
  to   space 33280K, 0% used [0x00000007bdf80000,0x00000007bdf80000,0x00000007c0000000)
 ParOldGen       total 161280K, used 35463K [0x00000006c1800000, 0x00000006cb580000, 0x00000007b9c00000)
  object space 161280K, 21% used [0x00000006c1800000,0x00000006c3aa1e80,0x00000006cb580000)
 Metaspace       used 2707K, capacity 4486K, committed 4864K, reserved 1056768K
  class space    used 302K, capacity 386K, committed 512K, reserved 1048576K
[GC (Allocation Failure)  104167K->68327K(230400K), 0.0316036 secs]
Heap after GC invocations=1007 (full 1):
 PSYoungGen      total 69120K, used 32864K [0x00000007b9c00000, 0x00000007c0000000, 0x00000007c0000000)
  eden space 35840K, 0% used [0x00000007b9c00000,0x00000007b9c00000,0x00000007bbf00000)
  from space 33280K, 98% used [0x00000007bdf80000,0x00000007bff98000,0x00000007c0000000)
  to   space 33280K, 0% used [0x00000007bbf00000,0x00000007bbf00000,0x00000007bdf80000)
 ParOldGen       total 161280K, used 35463K [0x00000006c1800000, 0x00000006cb580000, 0x00000007b9c00000)
  object space 161280K, 21% used [0x00000006c1800000,0x00000006c3aa1e80,0x00000006cb580000)
 Metaspace       used 2707K, capacity 4486K, committed 4864K, reserved 1056768K
  class space    used 302K, capacity 386K, committed 512K, reserved 1048576K
}
{Heap before GC invocations=1008 (full 1):
 PSYoungGen      total 69120K, used 68704K [0x00000007b9c00000, 0x00000007c0000000, 0x00000007c0000000)
  eden space 35840K, 100% used [0x00000007b9c00000,0x00000007bbf00000,0x00000007bbf00000)
  from space 33280K, 98% used [0x00000007bdf80000,0x00000007bff98000,0x00000007c0000000)
  to   space 33280K, 0% used [0x00000007bbf00000,0x00000007bbf00000,0x00000007bdf80000)
 ParOldGen       total 161280K, used 35463K [0x00000006c1800000, 0x00000006cb580000, 0x00000007b9c00000)
  object space 161280K, 21% used [0x00000006c1800000,0x00000006c3aa1e80,0x00000006cb580000)
 Metaspace       used 2707K, capacity 4486K, committed 4864K, reserved 1056768K
  class space    used 302K, capacity 386K, committed 512K, reserved 1048576K
[GC (Allocation Failure)  104167K->68359K(230400K), 0.0302914 secs]
Heap after GC invocations=1008 (full 1):
 PSYoungGen      total 69120K, used 32896K [0x00000007b9c00000, 0x00000007c0000000, 0x00000007c0000000)
  eden space 35840K, 0% used [0x00000007b9c00000,0x00000007b9c00000,0x00000007bbf00000)
  from space 33280K, 98% used [0x00000007bbf00000,0x00000007bdf20000,0x00000007bdf80000)
  to   space 33280K, 0% used [0x00000007bdf80000,0x00000007bdf80000,0x00000007c0000000)
 ParOldGen       total 161280K, used 35463K [0x00000006c1800000, 0x00000006cb580000, 0x00000007b9c00000)
  object space 161280K, 21% used [0x00000006c1800000,0x00000006c3aa1e80,0x00000006cb580000)
 Metaspace       used 2707K, capacity 4486K, committed 4864K, reserved 1056768K
  class space    used 302K, capacity 386K, committed 512K, reserved 1048576K
}
{Heap before GC invocations=1009 (full 1):
 PSYoungGen      total 69120K, used 68736K [0x00000007b9c00000, 0x00000007c0000000, 0x00000007c0000000)
  eden space 35840K, 100% used [0x00000007b9c00000,0x00000007bbf00000,0x00000007bbf00000)
  from space 33280K, 98% used [0x00000007bbf00000,0x00000007bdf20000,0x00000007bdf80000)
  to   space 33280K, 0% used [0x00000007bdf80000,0x00000007bdf80000,0x00000007c0000000)
 ParOldGen       total 161280K, used 35463K [0x00000006c1800000, 0x00000006cb580000, 0x00000007b9c00000)
  object space 161280K, 21% used [0x00000006c1800000,0x00000006c3aa1e80,0x00000006cb580000)
 Metaspace       used 2707K, capacity 4486K, committed 4864K, reserved 1056768K
  class space    used 302K, capacity 386K, committed 512K, reserved 1048576K
[GC (Allocation Failure)  104199K->68359K(230400K), 0.0331780 secs]
Heap after GC invocations=1009 (full 1):
 PSYoungGen      total 69120K, used 32896K [0x00000007b9c00000, 0x00000007c0000000, 0x00000007c0000000)
  eden space 35840K, 0% used [0x00000007b9c00000,0x00000007b9c00000,0x00000007bbf00000)
  from space 33280K, 98% used [0x00000007bdf80000,0x00000007bffa0000,0x00000007c0000000)
  to   space 33280K, 0% used [0x00000007bbf00000,0x00000007bbf00000,0x00000007bdf80000)
 ParOldGen       total 161280K, used 35463K [0x00000006c1800000, 0x00000006cb580000, 0x00000007b9c00000)
  object space 161280K, 21% used [0x00000006c1800000,0x00000006c3aa1e80,0x00000006cb580000)
 Metaspace       used 2707K, capacity 4486K, committed 4864K, reserved 1056768K
  class space    used 302K, capacity 386K, committed 512K, reserved 1048576K
}
{Heap before GC invocations=1010 (full 1):
 PSYoungGen      total 69120K, used 68736K [0x00000007b9c00000, 0x00000007c0000000, 0x00000007c0000000)
  eden space 35840K, 100% used [0x00000007b9c00000,0x00000007bbf00000,0x00000007bbf00000)
  from space 33280K, 98% used [0x00000007bdf80000,0x00000007bffa0000,0x00000007c0000000)
  to   space 33280K, 0% used [0x00000007bbf00000,0x00000007bbf00000,0x00000007bdf80000)
 ParOldGen       total 161280K, used 35463K [0x00000006c1800000, 0x00000006cb580000, 0x00000007b9c00000)
  object space 161280K, 21% used [0x00000006c1800000,0x00000006c3aa1e80,0x00000006cb580000)
 Metaspace       used 2707K, capacity 4486K, committed 4864K, reserved 1056768K
  class space    used 302K, capacity 386K, committed 512K, reserved 1048576K
[GC (Allocation Failure)  104199K->68391K(230400K), 0.0306881 secs]
Heap after GC invocations=1010 (full 1):
 PSYoungGen      total 69120K, used 32928K [0x00000007b9c00000, 0x00000007c0000000, 0x00000007c0000000)
  eden space 35840K, 0% used [0x00000007b9c00000,0x00000007b9c00000,0x00000007bbf00000)
  from space 33280K, 98% used [0x00000007bbf00000,0x00000007bdf28000,0x00000007bdf80000)
  to   space 33280K, 0% used [0x00000007bdf80000,0x00000007bdf80000,0x00000007c0000000)
 ParOldGen       total 161280K, used 35463K [0x00000006c1800000, 0x00000006cb580000, 0x00000007b9c00000)
  object space 161280K, 21% used [0x00000006c1800000,0x00000006c3aa1e80,0x00000006cb580000)
 Metaspace       used 2707K, capacity 4486K, committed 4864K, reserved 1056768K
  class space    used 302K, capacity 386K, committed 512K, reserved 1048576K
}
{Heap before GC invocations=1011 (full 1):
 PSYoungGen      total 69120K, used 68768K [0x00000007b9c00000, 0x00000007c0000000, 0x00000007c0000000)
  eden space 35840K, 100% used [0x00000007b9c00000,0x00000007bbf00000,0x00000007bbf00000)
  from space 33280K, 98% used [0x00000007bbf00000,0x00000007bdf28000,0x00000007bdf80000)
  to   space 33280K, 0% used [0x00000007bdf80000,0x00000007bdf80000,0x00000007c0000000)
 ParOldGen       total 161280K, used 35463K [0x00000006c1800000, 0x00000006cb580000, 0x00000007b9c00000)
  object space 161280K, 21% used [0x00000006c1800000,0x00000006c3aa1e80,0x00000006cb580000)
 Metaspace       used 2707K, capacity 4486K, committed 4864K, reserved 1056768K
  class space    used 302K, capacity 386K, committed 512K, reserved 1048576K
[GC (Allocation Failure)  104231K->68327K(230400K), 0.0433100 secs]
Heap after GC invocations=1011 (full 1):
 PSYoungGen      total 69120K, used 32864K [0x00000007b9c00000, 0x00000007c0000000, 0x00000007c0000000)
  eden space 35840K, 0% used [0x00000007b9c00000,0x00000007b9c00000,0x00000007bbf00000)
  from space 33280K, 98% used [0x00000007bdf80000,0x00000007bff98000,0x00000007c0000000)
  to   space 33280K, 0% used [0x00000007bbf00000,0x00000007bbf00000,0x00000007bdf80000)
 ParOldGen       total 161280K, used 35463K [0x00000006c1800000, 0x00000006cb580000, 0x00000007b9c00000)
  object space 161280K, 21% used [0x00000006c1800000,0x00000006c3aa1e80,0x00000006cb580000)
 Metaspace       used 2707K, capacity 4486K, committed 4864K, reserved 1056768K
  class space    used 302K, capacity 386K, committed 512K, reserved 1048576K
}
{Heap before GC invocations=1012 (full 1):
 PSYoungGen      total 69120K, used 68704K [0x00000007b9c00000, 0x00000007c0000000, 0x00000007c0000000)
  eden space 35840K, 100% used [0x00000007b9c00000,0x00000007bbf00000,0x00000007bbf00000)
  from space 33280K, 98% used [0x00000007bdf80000,0x00000007bff98000,0x00000007c0000000)
  to   space 33280K, 0% used [0x00000007bbf00000,0x00000007bbf00000,0x00000007bdf80000)
 ParOldGen       total 161280K, used 35463K [0x00000006c1800000, 0x00000006cb580000, 0x00000007b9c00000)
  object space 161280K, 21% used [0x00000006c1800000,0x00000006c3aa1e80,0x00000006cb580000)
 Metaspace       used 2707K, capacity 4486K, committed 4864K, reserved 1056768K
  class space    used 302K, capacity 386K, committed 512K, reserved 1048576K
[GC (Allocation Failure)  104167K->68327K(230400K), 0.0340256 secs]
Heap after GC invocations=1012 (full 1):
 PSYoungGen      total 69120K, used 32864K [0x00000007b9c00000, 0x00000007c0000000, 0x00000007c0000000)
  eden space 35840K, 0% used [0x00000007b9c00000,0x00000007b9c00000,0x00000007bbf00000)
  from space 33280K, 98% used [0x00000007bbf00000,0x00000007bdf18000,0x00000007bdf80000)
  to   space 33280K, 0% used [0x00000007bdf80000,0x00000007bdf80000,0x00000007c0000000)
 ParOldGen       total 161280K, used 35463K [0x00000006c1800000, 0x00000006cb580000, 0x00000007b9c00000)
  object space 161280K, 21% used [0x00000006c1800000,0x00000006c3aa1e80,0x00000006cb580000)
 Metaspace       used 2707K, capacity 4486K, committed 4864K, reserved 1056768K
  class space    used 302K, capacity 386K, committed 512K, reserved 1048576K
}
{Heap before GC invocations=1013 (full 1):
 PSYoungGen      total 69120K, used 68704K [0x00000007b9c00000, 0x00000007c0000000, 0x00000007c0000000)
  eden space 35840K, 100% used [0x00000007b9c00000,0x00000007bbf00000,0x00000007bbf00000)
  from space 33280K, 98% used [0x00000007bbf00000,0x00000007bdf18000,0x00000007bdf80000)
  to   space 33280K, 0% used [0x00000007bdf80000,0x00000007bdf80000,0x00000007c0000000)
 ParOldGen       total 161280K, used 35463K [0x00000006c1800000, 0x00000006cb580000, 0x00000007b9c00000)
  object space 161280K, 21% used [0x00000006c1800000,0x00000006c3aa1e80,0x00000006cb580000)
 Metaspace       used 2707K, capacity 4486K, committed 4864K, reserved 1056768K
  class space    used 302K, capacity 386K, committed 512K, reserved 1048576K
[GC (Allocation Failure)  104167K->68359K(230400K), 0.0312521 secs]
Heap after GC invocations=1013 (full 1):
 PSYoungGen      total 69120K, used 32896K [0x00000007b9c00000, 0x00000007c0000000, 0x00000007c0000000)
  eden space 35840K, 0% used [0x00000007b9c00000,0x00000007b9c00000,0x00000007bbf00000)
  from space 33280K, 98% used [0x00000007bdf80000,0x00000007bffa0000,0x00000007c0000000)
  to   space 33280K, 0% used [0x00000007bbf00000,0x00000007bbf00000,0x00000007bdf80000)
 ParOldGen       total 161280K, used 35463K [0x00000006c1800000, 0x00000006cb580000, 0x00000007b9c00000)
  object space 161280K, 21% used [0x00000006c1800000,0x00000006c3aa1e80,0x00000006cb580000)
 Metaspace       used 2707K, capacity 4486K, committed 4864K, reserved 1056768K
  class space    used 302K, capacity 386K, committed 512K, reserved 1048576K
}
{Heap before GC invocations=1014 (full 1):
 PSYoungGen      total 69120K, used 68736K [0x00000007b9c00000, 0x00000007c0000000, 0x00000007c0000000)
  eden space 35840K, 100% used [0x00000007b9c00000,0x00000007bbf00000,0x00000007bbf00000)
  from space 33280K, 98% used [0x00000007bdf80000,0x00000007bffa0000,0x00000007c0000000)
  to   space 33280K, 0% used [0x00000007bbf00000,0x00000007bbf00000,0x00000007bdf80000)
 ParOldGen       total 161280K, used 35463K [0x00000006c1800000, 0x00000006cb580000, 0x00000007b9c00000)
  object space 161280K, 21% used [0x00000006c1800000,0x00000006c3aa1e80,0x00000006cb580000)
 Metaspace       used 2707K, capacity 4486K, committed 4864K, reserved 1056768K
  class space    used 302K, capacity 386K, committed 512K, reserved 1048576K
[GC (Allocation Failure)  104199K->68391K(230400K), 0.0355951 secs]
Heap after GC invocations=1014 (full 1):
 PSYoungGen      total 69120K, used 32928K [0x00000007b9c00000, 0x00000007c0000000, 0x00000007c0000000)
  eden space 35840K, 0% used [0x00000007b9c00000,0x00000007b9c00000,0x00000007bbf00000)
  from space 33280K, 98% used [0x00000007bbf00000,0x00000007bdf28000,0x00000007bdf80000)
  to   space 33280K, 0% used [0x00000007bdf80000,0x00000007bdf80000,0x00000007c0000000)
 ParOldGen       total 161280K, used 35463K [0x00000006c1800000, 0x00000006cb580000, 0x00000007b9c00000)
  object space 161280K, 21% used [0x00000006c1800000,0x00000006c3aa1e80,0x00000006cb580000)
 Metaspace       used 2707K, capacity 4486K, committed 4864K, reserved 1056768K
  class space    used 302K, capacity 386K, committed 512K, reserved 1048576K
}
{Heap before GC invocations=1015 (full 1):
 PSYoungGen      total 69120K, used 68768K [0x00000007b9c00000, 0x00000007c0000000, 0x00000007c0000000)
  eden space 35840K, 100% used [0x00000007b9c00000,0x00000007bbf00000,0x00000007bbf00000)
  from space 33280K, 98% used [0x00000007bbf00000,0x00000007bdf28000,0x00000007bdf80000)
  to   space 33280K, 0% used [0x00000007bdf80000,0x00000007bdf80000,0x00000007c0000000)
 ParOldGen       total 161280K, used 35463K [0x00000006c1800000, 0x00000006cb580000, 0x00000007b9c00000)
  object space 161280K, 21% used [0x00000006c1800000,0x00000006c3aa1e80,0x00000006cb580000)
 Metaspace       used 2707K, capacity 4486K, committed 4864K, reserved 1056768K
  class space    used 302K, capacity 386K, committed 512K, reserved 1048576K
[GC (Allocation Failure)  104231K->68391K(230400K), 0.0303073 secs]
Heap after GC invocations=1015 (full 1):
 PSYoungGen      total 69120K, used 32928K [0x00000007b9c00000, 0x00000007c0000000, 0x00000007c0000000)
  eden space 35840K, 0% used [0x00000007b9c00000,0x00000007b9c00000,0x00000007bbf00000)
  from space 33280K, 98% used [0x00000007bdf80000,0x00000007bffa8000,0x00000007c0000000)
  to   space 33280K, 0% used [0x00000007bbf00000,0x00000007bbf00000,0x00000007bdf80000)
 ParOldGen       total 161280K, used 35463K [0x00000006c1800000, 0x00000006cb580000, 0x00000007b9c00000)
  object space 161280K, 21% used [0x00000006c1800000,0x00000006c3aa1e80,0x00000006cb580000)
 Metaspace       used 2707K, capacity 4486K, committed 4864K, reserved 1056768K
  class space    used 302K, capacity 386K, committed 512K, reserved 1048576K
}
{Heap before GC invocations=1016 (full 1):
 PSYoungGen      total 69120K, used 68768K [0x00000007b9c00000, 0x00000007c0000000, 0x00000007c0000000)
  eden space 35840K, 100% used [0x00000007b9c00000,0x00000007bbf00000,0x00000007bbf00000)
  from space 33280K, 98% used [0x00000007bdf80000,0x00000007bffa8000,0x00000007c0000000)
  to   space 33280K, 0% used [0x00000007bbf00000,0x00000007bbf00000,0x00000007bdf80000)
 ParOldGen       total 161280K, used 35463K [0x00000006c1800000, 0x00000006cb580000, 0x00000007b9c00000)
  object space 161280K, 21% used [0x00000006c1800000,0x00000006c3aa1e80,0x00000006cb580000)
 Metaspace       used 2707K, capacity 4486K, committed 4864K, reserved 1056768K
  class space    used 302K, capacity 386K, committed 512K, reserved 1048576K
[GC (Allocation Failure)  104231K->68359K(230400K), 0.0309889 secs]
Heap after GC invocations=1016 (full 1):
 PSYoungGen      total 69120K, used 32896K [0x00000007b9c00000, 0x00000007c0000000, 0x00000007c0000000)
  eden space 35840K, 0% used [0x00000007b9c00000,0x00000007b9c00000,0x00000007bbf00000)
  from space 33280K, 98% used [0x00000007bbf00000,0x00000007bdf20000,0x00000007bdf80000)
  to   space 33280K, 0% used [0x00000007bdf80000,0x00000007bdf80000,0x00000007c0000000)
 ParOldGen       total 161280K, used 35463K [0x00000006c1800000, 0x00000006cb580000, 0x00000007b9c00000)
  object space 161280K, 21% used [0x00000006c1800000,0x00000006c3aa1e80,0x00000006cb580000)
 Metaspace       used 2707K, capacity 4486K, committed 4864K, reserved 1056768K
  class space    used 302K, capacity 386K, committed 512K, reserved 1048576K
}
{Heap before GC invocations=1017 (full 1):
 PSYoungGen      total 69120K, used 68736K [0x00000007b9c00000, 0x00000007c0000000, 0x00000007c0000000)
  eden space 35840K, 100% used [0x00000007b9c00000,0x00000007bbf00000,0x00000007bbf00000)
  from space 33280K, 98% used [0x00000007bbf00000,0x00000007bdf20000,0x00000007bdf80000)
  to   space 33280K, 0% used [0x00000007bdf80000,0x00000007bdf80000,0x00000007c0000000)
 ParOldGen       total 161280K, used 35463K [0x00000006c1800000, 0x00000006cb580000, 0x00000007b9c00000)
  object space 161280K, 21% used [0x00000006c1800000,0x00000006c3aa1e80,0x00000006cb580000)
 Metaspace       used 2707K, capacity 4486K, committed 4864K, reserved 1056768K
  class space    used 302K, capacity 386K, committed 512K, reserved 1048576K
[GC (Allocation Failure)  104199K->68359K(230400K), 0.0310018 secs]
Heap after GC invocations=1017 (full 1):
 PSYoungGen      total 69120K, used 32896K [0x00000007b9c00000, 0x00000007c0000000, 0x00000007c0000000)
  eden space 35840K, 0% used [0x00000007b9c00000,0x00000007b9c00000,0x00000007bbf00000)
  from space 33280K, 98% used [0x00000007bdf80000,0x00000007bffa0000,0x00000007c0000000)
  to   space 33280K, 0% used [0x00000007bbf00000,0x00000007bbf00000,0x00000007bdf80000)
 ParOldGen       total 161280K, used 35463K [0x00000006c1800000, 0x00000006cb580000, 0x00000007b9c00000)
  object space 161280K, 21% used [0x00000006c1800000,0x00000006c3aa1e80,0x00000006cb580000)
 Metaspace       used 2707K, capacity 4486K, committed 4864K, reserved 1056768K
  class space    used 302K, capacity 386K, committed 512K, reserved 1048576K
}
{Heap before GC invocations=1018 (full 1):
 PSYoungGen      total 69120K, used 68736K [0x00000007b9c00000, 0x00000007c0000000, 0x00000007c0000000)
  eden space 35840K, 100% used [0x00000007b9c00000,0x00000007bbf00000,0x00000007bbf00000)
  from space 33280K, 98% used [0x00000007bdf80000,0x00000007bffa0000,0x00000007c0000000)
  to   space 33280K, 0% used [0x00000007bbf00000,0x00000007bbf00000,0x00000007bdf80000)
 ParOldGen       total 161280K, used 35463K [0x00000006c1800000, 0x00000006cb580000, 0x00000007b9c00000)
  object space 161280K, 21% used [0x00000006c1800000,0x00000006c3aa1e80,0x00000006cb580000)
 Metaspace       used 2707K, capacity 4486K, committed 4864K, reserved 1056768K
  class space    used 302K, capacity 386K, committed 512K, reserved 1048576K
[GC (Allocation Failure)  104199K->68359K(230400K), 0.0315136 secs]
Heap after GC invocations=1018 (full 1):
 PSYoungGen      total 69120K, used 32896K [0x00000007b9c00000, 0x00000007c0000000, 0x00000007c0000000)
  eden space 35840K, 0% used [0x00000007b9c00000,0x00000007b9c00000,0x00000007bbf00000)
  from space 33280K, 98% used [0x00000007bbf00000,0x00000007bdf20000,0x00000007bdf80000)
  to   space 33280K, 0% used [0x00000007bdf80000,0x00000007bdf80000,0x00000007c0000000)
 ParOldGen       total 161280K, used 35463K [0x00000006c1800000, 0x00000006cb580000, 0x00000007b9c00000)
  object space 161280K, 21% used [0x00000006c1800000,0x00000006c3aa1e80,0x00000006cb580000)
 Metaspace       used 2707K, capacity 4486K, committed 4864K, reserved 1056768K
  class space    used 302K, capacity 386K, committed 512K, reserved 1048576K
}
{Heap before GC invocations=1019 (full 1):
 PSYoungGen      total 69120K, used 68736K [0x00000007b9c00000, 0x00000007c0000000, 0x00000007c0000000)
  eden space 35840K, 100% used [0x00000007b9c00000,0x00000007bbf00000,0x00000007bbf00000)
  from space 33280K, 98% used [0x00000007bbf00000,0x00000007bdf20000,0x00000007bdf80000)
  to   space 33280K, 0% used [0x00000007bdf80000,0x00000007bdf80000,0x00000007c0000000)
 ParOldGen       total 161280K, used 35463K [0x00000006c1800000, 0x00000006cb580000, 0x00000007b9c00000)
  object space 161280K, 21% used [0x00000006c1800000,0x00000006c3aa1e80,0x00000006cb580000)
 Metaspace       used 2707K, capacity 4486K, committed 4864K, reserved 1056768K
  class space    used 302K, capacity 386K, committed 512K, reserved 1048576K
[GC (Allocation Failure)  104199K->68359K(230400K), 0.0369963 secs]
Heap after GC invocations=1019 (full 1):
 PSYoungGen      total 69120K, used 32896K [0x00000007b9c00000, 0x00000007c0000000, 0x00000007c0000000)
  eden space 35840K, 0% used [0x00000007b9c00000,0x00000007b9c00000,0x00000007bbf00000)
  from space 33280K, 98% used [0x00000007bdf80000,0x00000007bffa0000,0x00000007c0000000)
  to   space 33280K, 0% used [0x00000007bbf00000,0x00000007bbf00000,0x00000007bdf80000)
 ParOldGen       total 161280K, used 35463K [0x00000006c1800000, 0x00000006cb580000, 0x00000007b9c00000)
  object space 161280K, 21% used [0x00000006c1800000,0x00000006c3aa1e80,0x00000006cb580000)
 Metaspace       used 2707K, capacity 4486K, committed 4864K, reserved 1056768K
  class space    used 302K, capacity 386K, committed 512K, reserved 1048576K
}
{Heap before GC invocations=1020 (full 1):
 PSYoungGen      total 69120K, used 68736K [0x00000007b9c00000, 0x00000007c0000000, 0x00000007c0000000)
  eden space 35840K, 100% used [0x00000007b9c00000,0x00000007bbf00000,0x00000007bbf00000)
  from space 33280K, 98% used [0x00000007bdf80000,0x00000007bffa0000,0x00000007c0000000)
  to   space 33280K, 0% used [0x00000007bbf00000,0x00000007bbf00000,0x00000007bdf80000)
 ParOldGen       total 161280K, used 35463K [0x00000006c1800000, 0x00000006cb580000, 0x00000007b9c00000)
  object space 161280K, 21% used [0x00000006c1800000,0x00000006c3aa1e80,0x00000006cb580000)
 Metaspace       used 2707K, capacity 4486K, committed 4864K, reserved 1056768K
  class space    used 302K, capacity 386K, committed 512K, reserved 1048576K
[GC (Allocation Failure)  104199K->68327K(230400K), 0.0388937 secs]
Heap after GC invocations=1020 (full 1):
 PSYoungGen      total 69120K, used 32864K [0x00000007b9c00000, 0x00000007c0000000, 0x00000007c0000000)
  eden space 35840K, 0% used [0x00000007b9c00000,0x00000007b9c00000,0x00000007bbf00000)
  from space 33280K, 98% used [0x00000007bbf00000,0x00000007bdf18000,0x00000007bdf80000)
  to   space 33280K, 0% used [0x00000007bdf80000,0x00000007bdf80000,0x00000007c0000000)
 ParOldGen       total 161280K, used 35463K [0x00000006c1800000, 0x00000006cb580000, 0x00000007b9c00000)
  object space 161280K, 21% used [0x00000006c1800000,0x00000006c3aa1e80,0x00000006cb580000)
 Metaspace       used 2707K, capacity 4486K, committed 4864K, reserved 1056768K
  class space    used 302K, capacity 386K, committed 512K, reserved 1048576K
}
{Heap before GC invocations=1021 (full 1):
 PSYoungGen      total 69120K, used 68704K [0x00000007b9c00000, 0x00000007c0000000, 0x00000007c0000000)
  eden space 35840K, 100% used [0x00000007b9c00000,0x00000007bbf00000,0x00000007bbf00000)
  from space 33280K, 98% used [0x00000007bbf00000,0x00000007bdf18000,0x00000007bdf80000)
  to   space 33280K, 0% used [0x00000007bdf80000,0x00000007bdf80000,0x00000007c0000000)
 ParOldGen       total 161280K, used 35463K [0x00000006c1800000, 0x00000006cb580000, 0x00000007b9c00000)
  object space 161280K, 21% used [0x00000006c1800000,0x00000006c3aa1e80,0x00000006cb580000)
 Metaspace       used 2707K, capacity 4486K, committed 4864K, reserved 1056768K
  class space    used 302K, capacity 386K, committed 512K, reserved 1048576K
[GC (Allocation Failure)  104167K->68359K(230400K), 0.0384631 secs]
Heap after GC invocations=1021 (full 1):
 PSYoungGen      total 69120K, used 32896K [0x00000007b9c00000, 0x00000007c0000000, 0x00000007c0000000)
  eden space 35840K, 0% used [0x00000007b9c00000,0x00000007b9c00000,0x00000007bbf00000)
  from space 33280K, 98% used [0x00000007bdf80000,0x00000007bffa0000,0x00000007c0000000)
  to   space 33280K, 0% used [0x00000007bbf00000,0x00000007bbf00000,0x00000007bdf80000)
 ParOldGen       total 161280K, used 35463K [0x00000006c1800000, 0x00000006cb580000, 0x00000007b9c00000)
  object space 161280K, 21% used [0x00000006c1800000,0x00000006c3aa1e80,0x00000006cb580000)
 Metaspace       used 2707K, capacity 4486K, committed 4864K, reserved 1056768K
  class space    used 302K, capacity 386K, committed 512K, reserved 1048576K
}
{Heap before GC invocations=1022 (full 1):
 PSYoungGen      total 69120K, used 68736K [0x00000007b9c00000, 0x00000007c0000000, 0x00000007c0000000)
  eden space 35840K, 100% used [0x00000007b9c00000,0x00000007bbf00000,0x00000007bbf00000)
  from space 33280K, 98% used [0x00000007bdf80000,0x00000007bffa0000,0x00000007c0000000)
  to   space 33280K, 0% used [0x00000007bbf00000,0x00000007bbf00000,0x00000007bdf80000)
 ParOldGen       total 161280K, used 35463K [0x00000006c1800000, 0x00000006cb580000, 0x00000007b9c00000)
  object space 161280K, 21% used [0x00000006c1800000,0x00000006c3aa1e80,0x00000006cb580000)
 Metaspace       used 2707K, capacity 4486K, committed 4864K, reserved 1056768K
  class space    used 302K, capacity 386K, committed 512K, reserved 1048576K
[GC (Allocation Failure)  104199K->68327K(230400K), 0.0355154 secs]
Heap after GC invocations=1022 (full 1):
 PSYoungGen      total 69120K, used 32864K [0x00000007b9c00000, 0x00000007c0000000, 0x00000007c0000000)
  eden space 35840K, 0% used [0x00000007b9c00000,0x00000007b9c00000,0x00000007bbf00000)
  from space 33280K, 98% used [0x00000007bbf00000,0x00000007bdf18000,0x00000007bdf80000)
  to   space 33280K, 0% used [0x00000007bdf80000,0x00000007bdf80000,0x00000007c0000000)
 ParOldGen       total 161280K, used 35463K [0x00000006c1800000, 0x00000006cb580000, 0x00000007b9c00000)
  object space 161280K, 21% used [0x00000006c1800000,0x00000006c3aa1e80,0x00000006cb580000)
 Metaspace       used 2707K, capacity 4486K, committed 4864K, reserved 1056768K
  class space    used 302K, capacity 386K, committed 512K, reserved 1048576K
}
{Heap before GC invocations=1023 (full 1):
 PSYoungGen      total 69120K, used 68704K [0x00000007b9c00000, 0x00000007c0000000, 0x00000007c0000000)
  eden space 35840K, 100% used [0x00000007b9c00000,0x00000007bbf00000,0x00000007bbf00000)
  from space 33280K, 98% used [0x00000007bbf00000,0x00000007bdf18000,0x00000007bdf80000)
  to   space 33280K, 0% used [0x00000007bdf80000,0x00000007bdf80000,0x00000007c0000000)
 ParOldGen       total 161280K, used 35463K [0x00000006c1800000, 0x00000006cb580000, 0x00000007b9c00000)
  object space 161280K, 21% used [0x00000006c1800000,0x00000006c3aa1e80,0x00000006cb580000)
 Metaspace       used 2707K, capacity 4486K, committed 4864K, reserved 1056768K
  class space    used 302K, capacity 386K, committed 512K, reserved 1048576K
[GC (Allocation Failure)  104167K->68359K(230400K), 0.0318607 secs]
Heap after GC invocations=1023 (full 1):
 PSYoungGen      total 69120K, used 32896K [0x00000007b9c00000, 0x00000007c0000000, 0x00000007c0000000)
  eden space 35840K, 0% used [0x00000007b9c00000,0x00000007b9c00000,0x00000007bbf00000)
  from space 33280K, 98% used [0x00000007bdf80000,0x00000007bffa0000,0x00000007c0000000)
  to   space 33280K, 0% used [0x00000007bbf00000,0x00000007bbf00000,0x00000007bdf80000)
 ParOldGen       total 161280K, used 35463K [0x00000006c1800000, 0x00000006cb580000, 0x00000007b9c00000)
  object space 161280K, 21% used [0x00000006c1800000,0x00000006c3aa1e80,0x00000006cb580000)
 Metaspace       used 2707K, capacity 4486K, committed 4864K, reserved 1056768K
  class space    used 302K, capacity 386K, committed 512K, reserved 1048576K
}
{Heap before GC invocations=1024 (full 1):
 PSYoungGen      total 69120K, used 68736K [0x00000007b9c00000, 0x00000007c0000000, 0x00000007c0000000)
  eden space 35840K, 100% used [0x00000007b9c00000,0x00000007bbf00000,0x00000007bbf00000)
  from space 33280K, 98% used [0x00000007bdf80000,0x00000007bffa0000,0x00000007c0000000)
  to   space 33280K, 0% used [0x00000007bbf00000,0x00000007bbf00000,0x00000007bdf80000)
 ParOldGen       total 161280K, used 35463K [0x00000006c1800000, 0x00000006cb580000, 0x00000007b9c00000)
  object space 161280K, 21% used [0x00000006c1800000,0x00000006c3aa1e80,0x00000006cb580000)
 Metaspace       used 2707K, capacity 4486K, committed 4864K, reserved 1056768K
  class space    used 302K, capacity 386K, committed 512K, reserved 1048576K
[GC (Allocation Failure)  104199K->68391K(230400K), 0.0315367 secs]
Heap after GC invocations=1024 (full 1):
 PSYoungGen      total 69120K, used 32928K [0x00000007b9c00000, 0x00000007c0000000, 0x00000007c0000000)
  eden space 35840K, 0% used [0x00000007b9c00000,0x00000007b9c00000,0x00000007bbf00000)
  from space 33280K, 98% used [0x00000007bbf00000,0x00000007bdf28000,0x00000007bdf80000)
  to   space 33280K, 0% used [0x00000007bdf80000,0x00000007bdf80000,0x00000007c0000000)
 ParOldGen       total 161280K, used 35463K [0x00000006c1800000, 0x00000006cb580000, 0x00000007b9c00000)
  object space 161280K, 21% used [0x00000006c1800000,0x00000006c3aa1e80,0x00000006cb580000)
 Metaspace       used 2707K, capacity 4486K, committed 4864K, reserved 1056768K
  class space    used 302K, capacity 386K, committed 512K, reserved 1048576K
}
{Heap before GC invocations=1025 (full 1):
 PSYoungGen      total 69120K, used 68768K [0x00000007b9c00000, 0x00000007c0000000, 0x00000007c0000000)
  eden space 35840K, 100% used [0x00000007b9c00000,0x00000007bbf00000,0x00000007bbf00000)
  from space 33280K, 98% used [0x00000007bbf00000,0x00000007bdf28000,0x00000007bdf80000)
  to   space 33280K, 0% used [0x00000007bdf80000,0x00000007bdf80000,0x00000007c0000000)
 ParOldGen       total 161280K, used 35463K [0x00000006c1800000, 0x00000006cb580000, 0x00000007b9c00000)
  object space 161280K, 21% used [0x00000006c1800000,0x00000006c3aa1e80,0x00000006cb580000)
 Metaspace       used 2707K, capacity 4486K, committed 4864K, reserved 1056768K
  class space    used 302K, capacity 386K, committed 512K, reserved 1048576K
[GC (Allocation Failure)  104231K->68391K(230400K), 0.0321305 secs]
Heap after GC invocations=1025 (full 1):
 PSYoungGen      total 69120K, used 32928K [0x00000007b9c00000, 0x00000007c0000000, 0x00000007c0000000)
  eden space 35840K, 0% used [0x00000007b9c00000,0x00000007b9c00000,0x00000007bbf00000)
  from space 33280K, 98% used [0x00000007bdf80000,0x00000007bffa8000,0x00000007c0000000)
  to   space 33280K, 0% used [0x00000007bbf00000,0x00000007bbf00000,0x00000007bdf80000)
 ParOldGen       total 161280K, used 35463K [0x00000006c1800000, 0x00000006cb580000, 0x00000007b9c00000)
  object space 161280K, 21% used [0x00000006c1800000,0x00000006c3aa1e80,0x00000006cb580000)
 Metaspace       used 2707K, capacity 4486K, committed 4864K, reserved 1056768K
  class space    used 302K, capacity 386K, committed 512K, reserved 1048576K
}
{Heap before GC invocations=1026 (full 1):
 PSYoungGen      total 69120K, used 68768K [0x00000007b9c00000, 0x00000007c0000000, 0x00000007c0000000)
  eden space 35840K, 100% used [0x00000007b9c00000,0x00000007bbf00000,0x00000007bbf00000)
  from space 33280K, 98% used [0x00000007bdf80000,0x00000007bffa8000,0x00000007c0000000)
  to   space 33280K, 0% used [0x00000007bbf00000,0x00000007bbf00000,0x00000007bdf80000)
 ParOldGen       total 161280K, used 35463K [0x00000006c1800000, 0x00000006cb580000, 0x00000007b9c00000)
  object space 161280K, 21% used [0x00000006c1800000,0x00000006c3aa1e80,0x00000006cb580000)
 Metaspace       used 2707K, capacity 4486K, committed 4864K, reserved 1056768K
  class space    used 302K, capacity 386K, committed 512K, reserved 1048576K
[GC (Allocation Failure)  104231K->68359K(230400K), 0.0324565 secs]
Heap after GC invocations=1026 (full 1):
 PSYoungGen      total 69120K, used 32896K [0x00000007b9c00000, 0x00000007c0000000, 0x00000007c0000000)
  eden space 35840K, 0% used [0x00000007b9c00000,0x00000007b9c00000,0x00000007bbf00000)
  from space 33280K, 98% used [0x00000007bbf00000,0x00000007bdf20000,0x00000007bdf80000)
  to   space 33280K, 0% used [0x00000007bdf80000,0x00000007bdf80000,0x00000007c0000000)
 ParOldGen       total 161280K, used 35463K [0x00000006c1800000, 0x00000006cb580000, 0x00000007b9c00000)
  object space 161280K, 21% used [0x00000006c1800000,0x00000006c3aa1e80,0x00000006cb580000)
 Metaspace       used 2707K, capacity 4486K, committed 4864K, reserved 1056768K
  class space    used 302K, capacity 386K, committed 512K, reserved 1048576K
}
{Heap before GC invocations=1027 (full 1):
 PSYoungGen      total 69120K, used 68736K [0x00000007b9c00000, 0x00000007c0000000, 0x00000007c0000000)
  eden space 35840K, 100% used [0x00000007b9c00000,0x00000007bbf00000,0x00000007bbf00000)
  from space 33280K, 98% used [0x00000007bbf00000,0x00000007bdf20000,0x00000007bdf80000)
  to   space 33280K, 0% used [0x00000007bdf80000,0x00000007bdf80000,0x00000007c0000000)
 ParOldGen       total 161280K, used 35463K [0x00000006c1800000, 0x00000006cb580000, 0x00000007b9c00000)
  object space 161280K, 21% used [0x00000006c1800000,0x00000006c3aa1e80,0x00000006cb580000)
 Metaspace       used 2707K, capacity 4486K, committed 4864K, reserved 1056768K
  class space    used 302K, capacity 386K, committed 512K, reserved 1048576K
[GC (Allocation Failure)  104199K->68359K(230400K), 0.0325313 secs]
Heap after GC invocations=1027 (full 1):
 PSYoungGen      total 69120K, used 32896K [0x00000007b9c00000, 0x00000007c0000000, 0x00000007c0000000)
  eden space 35840K, 0% used [0x00000007b9c00000,0x00000007b9c00000,0x00000007bbf00000)
  from space 33280K, 98% used [0x00000007bdf80000,0x00000007bffa0000,0x00000007c0000000)
  to   space 33280K, 0% used [0x00000007bbf00000,0x00000007bbf00000,0x00000007bdf80000)
 ParOldGen       total 161280K, used 35463K [0x00000006c1800000, 0x00000006cb580000, 0x00000007b9c00000)
  object space 161280K, 21% used [0x00000006c1800000,0x00000006c3aa1e80,0x00000006cb580000)
 Metaspace       used 2707K, capacity 4486K, committed 4864K, reserved 1056768K
  class space    used 302K, capacity 386K, committed 512K, reserved 1048576K
}
{Heap before GC invocations=1028 (full 1):
 PSYoungGen      total 69120K, used 68736K [0x00000007b9c00000, 0x00000007c0000000, 0x00000007c0000000)
  eden space 35840K, 100% used [0x00000007b9c00000,0x00000007bbf00000,0x00000007bbf00000)
  from space 33280K, 98% used [0x00000007bdf80000,0x00000007bffa0000,0x00000007c0000000)
  to   space 33280K, 0% used [0x00000007bbf00000,0x00000007bbf00000,0x00000007bdf80000)
 ParOldGen       total 161280K, used 35463K [0x00000006c1800000, 0x00000006cb580000, 0x00000007b9c00000)
  object space 161280K, 21% used [0x00000006c1800000,0x00000006c3aa1e80,0x00000006cb580000)
 Metaspace       used 2707K, capacity 4486K, committed 4864K, reserved 1056768K
  class space    used 302K, capacity 386K, committed 512K, reserved 1048576K
[GC (Allocation Failure)  104199K->68359K(230400K), 0.0326077 secs]
Heap after GC invocations=1028 (full 1):
 PSYoungGen      total 69120K, used 32896K [0x00000007b9c00000, 0x00000007c0000000, 0x00000007c0000000)
  eden space 35840K, 0% used [0x00000007b9c00000,0x00000007b9c00000,0x00000007bbf00000)
  from space 33280K, 98% used [0x00000007bbf00000,0x00000007bdf20000,0x00000007bdf80000)
  to   space 33280K, 0% used [0x00000007bdf80000,0x00000007bdf80000,0x00000007c0000000)
 ParOldGen       total 161280K, used 35463K [0x00000006c1800000, 0x00000006cb580000, 0x00000007b9c00000)
  object space 161280K, 21% used [0x00000006c1800000,0x00000006c3aa1e80,0x00000006cb580000)
 Metaspace       used 2707K, capacity 4486K, committed 4864K, reserved 1056768K
  class space    used 302K, capacity 386K, committed 512K, reserved 1048576K
}
{Heap before GC invocations=1029 (full 1):
 PSYoungGen      total 69120K, used 68736K [0x00000007b9c00000, 0x00000007c0000000, 0x00000007c0000000)
  eden space 35840K, 100% used [0x00000007b9c00000,0x00000007bbf00000,0x00000007bbf00000)
  from space 33280K, 98% used [0x00000007bbf00000,0x00000007bdf20000,0x00000007bdf80000)
  to   space 33280K, 0% used [0x00000007bdf80000,0x00000007bdf80000,0x00000007c0000000)
 ParOldGen       total 161280K, used 35463K [0x00000006c1800000, 0x00000006cb580000, 0x00000007b9c00000)
  object space 161280K, 21% used [0x00000006c1800000,0x00000006c3aa1e80,0x00000006cb580000)
 Metaspace       used 2707K, capacity 4486K, committed 4864K, reserved 1056768K
  class space    used 302K, capacity 386K, committed 512K, reserved 1048576K
[GC (Allocation Failure)  104199K->68359K(230400K), 0.0319854 secs]
Heap after GC invocations=1029 (full 1):
 PSYoungGen      total 69120K, used 32896K [0x00000007b9c00000, 0x00000007c0000000, 0x00000007c0000000)
  eden space 35840K, 0% used [0x00000007b9c00000,0x00000007b9c00000,0x00000007bbf00000)
  from space 33280K, 98% used [0x00000007bdf80000,0x00000007bffa0000,0x00000007c0000000)
  to   space 33280K, 0% used [0x00000007bbf00000,0x00000007bbf00000,0x00000007bdf80000)
 ParOldGen       total 161280K, used 35463K [0x00000006c1800000, 0x00000006cb580000, 0x00000007b9c00000)
  object space 161280K, 21% used [0x00000006c1800000,0x00000006c3aa1e80,0x00000006cb580000)
 Metaspace       used 2707K, capacity 4486K, committed 4864K, reserved 1056768K
  class space    used 302K, capacity 386K, committed 512K, reserved 1048576K
}
{Heap before GC invocations=1030 (full 1):
 PSYoungGen      total 69120K, used 68736K [0x00000007b9c00000, 0x00000007c0000000, 0x00000007c0000000)
  eden space 35840K, 100% used [0x00000007b9c00000,0x00000007bbf00000,0x00000007bbf00000)
  from space 33280K, 98% used [0x00000007bdf80000,0x00000007bffa0000,0x00000007c0000000)
  to   space 33280K, 0% used [0x00000007bbf00000,0x00000007bbf00000,0x00000007bdf80000)
 ParOldGen       total 161280K, used 35463K [0x00000006c1800000, 0x00000006cb580000, 0x00000007b9c00000)
  object space 161280K, 21% used [0x00000006c1800000,0x00000006c3aa1e80,0x00000006cb580000)
 Metaspace       used 2707K, capacity 4486K, committed 4864K, reserved 1056768K
  class space    used 302K, capacity 386K, committed 512K, reserved 1048576K
[GC (Allocation Failure)  104199K->68359K(230400K), 0.0333220 secs]
Heap after GC invocations=1030 (full 1):
 PSYoungGen      total 69120K, used 32896K [0x00000007b9c00000, 0x00000007c0000000, 0x00000007c0000000)
  eden space 35840K, 0% used [0x00000007b9c00000,0x00000007b9c00000,0x00000007bbf00000)
  from space 33280K, 98% used [0x00000007bbf00000,0x00000007bdf20000,0x00000007bdf80000)
  to   space 33280K, 0% used [0x00000007bdf80000,0x00000007bdf80000,0x00000007c0000000)
 ParOldGen       total 161280K, used 35463K [0x00000006c1800000, 0x00000006cb580000, 0x00000007b9c00000)
  object space 161280K, 21% used [0x00000006c1800000,0x00000006c3aa1e80,0x00000006cb580000)
 Metaspace       used 2707K, capacity 4486K, committed 4864K, reserved 1056768K
  class space    used 302K, capacity 386K, committed 512K, reserved 1048576K
}
{Heap before GC invocations=1031 (full 1):
 PSYoungGen      total 69120K, used 68736K [0x00000007b9c00000, 0x00000007c0000000, 0x00000007c0000000)
  eden space 35840K, 100% used [0x00000007b9c00000,0x00000007bbf00000,0x00000007bbf00000)
  from space 33280K, 98% used [0x00000007bbf00000,0x00000007bdf20000,0x00000007bdf80000)
  to   space 33280K, 0% used [0x00000007bdf80000,0x00000007bdf80000,0x00000007c0000000)
 ParOldGen       total 161280K, used 35463K [0x00000006c1800000, 0x00000006cb580000, 0x00000007b9c00000)
  object space 161280K, 21% used [0x00000006c1800000,0x00000006c3aa1e80,0x00000006cb580000)
 Metaspace       used 2707K, capacity 4486K, committed 4864K, reserved 1056768K
  class space    used 302K, capacity 386K, committed 512K, reserved 1048576K
[GC (Allocation Failure)  104199K->68391K(230400K), 0.0337086 secs]
Heap after GC invocations=1031 (full 1):
 PSYoungGen      total 69120K, used 32928K [0x00000007b9c00000, 0x00000007c0000000, 0x00000007c0000000)
  eden space 35840K, 0% used [0x00000007b9c00000,0x00000007b9c00000,0x00000007bbf00000)
  from space 33280K, 98% used [0x00000007bdf80000,0x00000007bffa8000,0x00000007c0000000)
  to   space 33280K, 0% used [0x00000007bbf00000,0x00000007bbf00000,0x00000007bdf80000)
 ParOldGen       total 161280K, used 35463K [0x00000006c1800000, 0x00000006cb580000, 0x00000007b9c00000)
  object space 161280K, 21% used [0x00000006c1800000,0x00000006c3aa1e80,0x00000006cb580000)
 Metaspace       used 2707K, capacity 4486K, committed 4864K, reserved 1056768K
  class space    used 302K, capacity 386K, committed 512K, reserved 1048576K
}
{Heap before GC invocations=1032 (full 1):
 PSYoungGen      total 69120K, used 68768K [0x00000007b9c00000, 0x00000007c0000000, 0x00000007c0000000)
  eden space 35840K, 100% used [0x00000007b9c00000,0x00000007bbf00000,0x00000007bbf00000)
  from space 33280K, 98% used [0x00000007bdf80000,0x00000007bffa8000,0x00000007c0000000)
  to   space 33280K, 0% used [0x00000007bbf00000,0x00000007bbf00000,0x00000007bdf80000)
 ParOldGen       total 161280K, used 35463K [0x00000006c1800000, 0x00000006cb580000, 0x00000007b9c00000)
  object space 161280K, 21% used [0x00000006c1800000,0x00000006c3aa1e80,0x00000006cb580000)
 Metaspace       used 2707K, capacity 4486K, committed 4864K, reserved 1056768K
  class space    used 302K, capacity 386K, committed 512K, reserved 1048576K
[GC (Allocation Failure)  104231K->68359K(230400K), 0.0316123 secs]
Heap after GC invocations=1032 (full 1):
 PSYoungGen      total 69120K, used 32896K [0x00000007b9c00000, 0x00000007c0000000, 0x00000007c0000000)
  eden space 35840K, 0% used [0x00000007b9c00000,0x00000007b9c00000,0x00000007bbf00000)
  from space 33280K, 98% used [0x00000007bbf00000,0x00000007bdf20000,0x00000007bdf80000)
  to   space 33280K, 0% used [0x00000007bdf80000,0x00000007bdf80000,0x00000007c0000000)
 ParOldGen       total 161280K, used 35463K [0x00000006c1800000, 0x00000006cb580000, 0x00000007b9c00000)
  object space 161280K, 21% used [0x00000006c1800000,0x00000006c3aa1e80,0x00000006cb580000)
 Metaspace       used 2707K, capacity 4486K, committed 4864K, reserved 1056768K
  class space    used 302K, capacity 386K, committed 512K, reserved 1048576K
}
{Heap before GC invocations=1033 (full 1):
 PSYoungGen      total 69120K, used 68736K [0x00000007b9c00000, 0x00000007c0000000, 0x00000007c0000000)
  eden space 35840K, 100% used [0x00000007b9c00000,0x00000007bbf00000,0x00000007bbf00000)
  from space 33280K, 98% used [0x00000007bbf00000,0x00000007bdf20000,0x00000007bdf80000)
  to   space 33280K, 0% used [0x00000007bdf80000,0x00000007bdf80000,0x00000007c0000000)
 ParOldGen       total 161280K, used 35463K [0x00000006c1800000, 0x00000006cb580000, 0x00000007b9c00000)
  object space 161280K, 21% used [0x00000006c1800000,0x00000006c3aa1e80,0x00000006cb580000)
 Metaspace       used 2707K, capacity 4486K, committed 4864K, reserved 1056768K
  class space    used 302K, capacity 386K, committed 512K, reserved 1048576K
[GC (Allocation Failure)  104199K->68359K(230400K), 0.0352524 secs]
Heap after GC invocations=1033 (full 1):
 PSYoungGen      total 69120K, used 32896K [0x00000007b9c00000, 0x00000007c0000000, 0x00000007c0000000)
  eden space 35840K, 0% used [0x00000007b9c00000,0x00000007b9c00000,0x00000007bbf00000)
  from space 33280K, 98% used [0x00000007bdf80000,0x00000007bffa0000,0x00000007c0000000)
  to   space 33280K, 0% used [0x00000007bbf00000,0x00000007bbf00000,0x00000007bdf80000)
 ParOldGen       total 161280K, used 35463K [0x00000006c1800000, 0x00000006cb580000, 0x00000007b9c00000)
  object space 161280K, 21% used [0x00000006c1800000,0x00000006c3aa1e80,0x00000006cb580000)
 Metaspace       used 2707K, capacity 4486K, committed 4864K, reserved 1056768K
  class space    used 302K, capacity 386K, committed 512K, reserved 1048576K
}
{Heap before GC invocations=1034 (full 1):
 PSYoungGen      total 69120K, used 68736K [0x00000007b9c00000, 0x00000007c0000000, 0x00000007c0000000)
  eden space 35840K, 100% used [0x00000007b9c00000,0x00000007bbf00000,0x00000007bbf00000)
  from space 33280K, 98% used [0x00000007bdf80000,0x00000007bffa0000,0x00000007c0000000)
  to   space 33280K, 0% used [0x00000007bbf00000,0x00000007bbf00000,0x00000007bdf80000)
 ParOldGen       total 161280K, used 35463K [0x00000006c1800000, 0x00000006cb580000, 0x00000007b9c00000)
  object space 161280K, 21% used [0x00000006c1800000,0x00000006c3aa1e80,0x00000006cb580000)
 Metaspace       used 2707K, capacity 4486K, committed 4864K, reserved 1056768K
  class space    used 302K, capacity 386K, committed 512K, reserved 1048576K
[GC (Allocation Failure)  104199K->68327K(230400K), 0.0310788 secs]
Heap after GC invocations=1034 (full 1):
 PSYoungGen      total 69120K, used 32864K [0x00000007b9c00000, 0x00000007c0000000, 0x00000007c0000000)
  eden space 35840K, 0% used [0x00000007b9c00000,0x00000007b9c00000,0x00000007bbf00000)
  from space 33280K, 98% used [0x00000007bbf00000,0x00000007bdf18000,0x00000007bdf80000)
  to   space 33280K, 0% used [0x00000007bdf80000,0x00000007bdf80000,0x00000007c0000000)
 ParOldGen       total 161280K, used 35463K [0x00000006c1800000, 0x00000006cb580000, 0x00000007b9c00000)
  object space 161280K, 21% used [0x00000006c1800000,0x00000006c3aa1e80,0x00000006cb580000)
 Metaspace       used 2707K, capacity 4486K, committed 4864K, reserved 1056768K
  class space    used 302K, capacity 386K, committed 512K, reserved 1048576K
}
{Heap before GC invocations=1035 (full 1):
 PSYoungGen      total 69120K, used 68704K [0x00000007b9c00000, 0x00000007c0000000, 0x00000007c0000000)
  eden space 35840K, 100% used [0x00000007b9c00000,0x00000007bbf00000,0x00000007bbf00000)
  from space 33280K, 98% used [0x00000007bbf00000,0x00000007bdf18000,0x00000007bdf80000)
  to   space 33280K, 0% used [0x00000007bdf80000,0x00000007bdf80000,0x00000007c0000000)
 ParOldGen       total 161280K, used 35463K [0x00000006c1800000, 0x00000006cb580000, 0x00000007b9c00000)
  object space 161280K, 21% used [0x00000006c1800000,0x00000006c3aa1e80,0x00000006cb580000)
 Metaspace       used 2707K, capacity 4486K, committed 4864K, reserved 1056768K
  class space    used 302K, capacity 386K, committed 512K, reserved 1048576K
[GC (Allocation Failure)  104167K->68359K(230400K), 0.0308966 secs]
Heap after GC invocations=1035 (full 1):
 PSYoungGen      total 69120K, used 32896K [0x00000007b9c00000, 0x00000007c0000000, 0x00000007c0000000)
  eden space 35840K, 0% used [0x00000007b9c00000,0x00000007b9c00000,0x00000007bbf00000)
  from space 33280K, 98% used [0x00000007bdf80000,0x00000007bffa0000,0x00000007c0000000)
  to   space 33280K, 0% used [0x00000007bbf00000,0x00000007bbf00000,0x00000007bdf80000)
 ParOldGen       total 161280K, used 35463K [0x00000006c1800000, 0x00000006cb580000, 0x00000007b9c00000)
  object space 161280K, 21% used [0x00000006c1800000,0x00000006c3aa1e80,0x00000006cb580000)
 Metaspace       used 2707K, capacity 4486K, committed 4864K, reserved 1056768K
  class space    used 302K, capacity 386K, committed 512K, reserved 1048576K
}
{Heap before GC invocations=1036 (full 1):
 PSYoungGen      total 69120K, used 68736K [0x00000007b9c00000, 0x00000007c0000000, 0x00000007c0000000)
  eden space 35840K, 100% used [0x00000007b9c00000,0x00000007bbf00000,0x00000007bbf00000)
  from space 33280K, 98% used [0x00000007bdf80000,0x00000007bffa0000,0x00000007c0000000)
  to   space 33280K, 0% used [0x00000007bbf00000,0x00000007bbf00000,0x00000007bdf80000)
 ParOldGen       total 161280K, used 35463K [0x00000006c1800000, 0x00000006cb580000, 0x00000007b9c00000)
  object space 161280K, 21% used [0x00000006c1800000,0x00000006c3aa1e80,0x00000006cb580000)
 Metaspace       used 2707K, capacity 4486K, committed 4864K, reserved 1056768K
  class space    used 302K, capacity 386K, committed 512K, reserved 1048576K
[GC (Allocation Failure)  104199K->68359K(230400K), 0.0384317 secs]
Heap after GC invocations=1036 (full 1):
 PSYoungGen      total 69120K, used 32896K [0x00000007b9c00000, 0x00000007c0000000, 0x00000007c0000000)
  eden space 35840K, 0% used [0x00000007b9c00000,0x00000007b9c00000,0x00000007bbf00000)
  from space 33280K, 98% used [0x00000007bbf00000,0x00000007bdf20000,0x00000007bdf80000)
  to   space 33280K, 0% used [0x00000007bdf80000,0x00000007bdf80000,0x00000007c0000000)
 ParOldGen       total 161280K, used 35463K [0x00000006c1800000, 0x00000006cb580000, 0x00000007b9c00000)
  object space 161280K, 21% used [0x00000006c1800000,0x00000006c3aa1e80,0x00000006cb580000)
 Metaspace       used 2707K, capacity 4486K, committed 4864K, reserved 1056768K
  class space    used 302K, capacity 386K, committed 512K, reserved 1048576K
}
{Heap before GC invocations=1037 (full 1):
 PSYoungGen      total 69120K, used 68736K [0x00000007b9c00000, 0x00000007c0000000, 0x00000007c0000000)
  eden space 35840K, 100% used [0x00000007b9c00000,0x00000007bbf00000,0x00000007bbf00000)
  from space 33280K, 98% used [0x00000007bbf00000,0x00000007bdf20000,0x00000007bdf80000)
  to   space 33280K, 0% used [0x00000007bdf80000,0x00000007bdf80000,0x00000007c0000000)
 ParOldGen       total 161280K, used 35463K [0x00000006c1800000, 0x00000006cb580000, 0x00000007b9c00000)
  object space 161280K, 21% used [0x00000006c1800000,0x00000006c3aa1e80,0x00000006cb580000)
 Metaspace       used 2707K, capacity 4486K, committed 4864K, reserved 1056768K
  class space    used 302K, capacity 386K, committed 512K, reserved 1048576K
[GC (Allocation Failure)  104199K->68327K(230400K), 0.0358038 secs]
Heap after GC invocations=1037 (full 1):
 PSYoungGen      total 69120K, used 32864K [0x00000007b9c00000, 0x00000007c0000000, 0x00000007c0000000)
  eden space 35840K, 0% used [0x00000007b9c00000,0x00000007b9c00000,0x00000007bbf00000)
  from space 33280K, 98% used [0x00000007bdf80000,0x00000007bff98000,0x00000007c0000000)
  to   space 33280K, 0% used [0x00000007bbf00000,0x00000007bbf00000,0x00000007bdf80000)
 ParOldGen       total 161280K, used 35463K [0x00000006c1800000, 0x00000006cb580000, 0x00000007b9c00000)
  object space 161280K, 21% used [0x00000006c1800000,0x00000006c3aa1e80,0x00000006cb580000)
 Metaspace       used 2707K, capacity 4486K, committed 4864K, reserved 1056768K
  class space    used 302K, capacity 386K, committed 512K, reserved 1048576K
}
{Heap before GC invocations=1038 (full 1):
 PSYoungGen      total 69120K, used 68704K [0x00000007b9c00000, 0x00000007c0000000, 0x00000007c0000000)
  eden space 35840K, 100% used [0x00000007b9c00000,0x00000007bbf00000,0x00000007bbf00000)
  from space 33280K, 98% used [0x00000007bdf80000,0x00000007bff98000,0x00000007c0000000)
  to   space 33280K, 0% used [0x00000007bbf00000,0x00000007bbf00000,0x00000007bdf80000)
 ParOldGen       total 161280K, used 35463K [0x00000006c1800000, 0x00000006cb580000, 0x00000007b9c00000)
  object space 161280K, 21% used [0x00000006c1800000,0x00000006c3aa1e80,0x00000006cb580000)
 Metaspace       used 2707K, capacity 4486K, committed 4864K, reserved 1056768K
  class space    used 302K, capacity 386K, committed 512K, reserved 1048576K
[GC (Allocation Failure)  104167K->68327K(230400K), 0.0364543 secs]
Heap after GC invocations=1038 (full 1):
 PSYoungGen      total 69120K, used 32864K [0x00000007b9c00000, 0x00000007c0000000, 0x00000007c0000000)
  eden space 35840K, 0% used [0x00000007b9c00000,0x00000007b9c00000,0x00000007bbf00000)
  from space 33280K, 98% used [0x00000007bbf00000,0x00000007bdf18000,0x00000007bdf80000)
  to   space 33280K, 0% used [0x00000007bdf80000,0x00000007bdf80000,0x00000007c0000000)
 ParOldGen       total 161280K, used 35463K [0x00000006c1800000, 0x00000006cb580000, 0x00000007b9c00000)
  object space 161280K, 21% used [0x00000006c1800000,0x00000006c3aa1e80,0x00000006cb580000)
 Metaspace       used 2707K, capacity 4486K, committed 4864K, reserved 1056768K
  class space    used 302K, capacity 386K, committed 512K, reserved 1048576K
}
{Heap before GC invocations=1039 (full 1):
 PSYoungGen      total 69120K, used 68704K [0x00000007b9c00000, 0x00000007c0000000, 0x00000007c0000000)
  eden space 35840K, 100% used [0x00000007b9c00000,0x00000007bbf00000,0x00000007bbf00000)
  from space 33280K, 98% used [0x00000007bbf00000,0x00000007bdf18000,0x00000007bdf80000)
  to   space 33280K, 0% used [0x00000007bdf80000,0x00000007bdf80000,0x00000007c0000000)
 ParOldGen       total 161280K, used 35463K [0x00000006c1800000, 0x00000006cb580000, 0x00000007b9c00000)
  object space 161280K, 21% used [0x00000006c1800000,0x00000006c3aa1e80,0x00000006cb580000)
 Metaspace       used 2707K, capacity 4486K, committed 4864K, reserved 1056768K
  class space    used 302K, capacity 386K, committed 512K, reserved 1048576K
[GC (Allocation Failure)  104167K->68359K(230400K), 0.0345723 secs]
Heap after GC invocations=1039 (full 1):
 PSYoungGen      total 69120K, used 32896K [0x00000007b9c00000, 0x00000007c0000000, 0x00000007c0000000)
  eden space 35840K, 0% used [0x00000007b9c00000,0x00000007b9c00000,0x00000007bbf00000)
  from space 33280K, 98% used [0x00000007bdf80000,0x00000007bffa0000,0x00000007c0000000)
  to   space 33280K, 0% used [0x00000007bbf00000,0x00000007bbf00000,0x00000007bdf80000)
 ParOldGen       total 161280K, used 35463K [0x00000006c1800000, 0x00000006cb580000, 0x00000007b9c00000)
  object space 161280K, 21% used [0x00000006c1800000,0x00000006c3aa1e80,0x00000006cb580000)
 Metaspace       used 2707K, capacity 4486K, committed 4864K, reserved 1056768K
  class space    used 302K, capacity 386K, committed 512K, reserved 1048576K
}
{Heap before GC invocations=1040 (full 1):
 PSYoungGen      total 69120K, used 68736K [0x00000007b9c00000, 0x00000007c0000000, 0x00000007c0000000)
  eden space 35840K, 100% used [0x00000007b9c00000,0x00000007bbf00000,0x00000007bbf00000)
  from space 33280K, 98% used [0x00000007bdf80000,0x00000007bffa0000,0x00000007c0000000)
  to   space 33280K, 0% used [0x00000007bbf00000,0x00000007bbf00000,0x00000007bdf80000)
 ParOldGen       total 161280K, used 35463K [0x00000006c1800000, 0x00000006cb580000, 0x00000007b9c00000)
  object space 161280K, 21% used [0x00000006c1800000,0x00000006c3aa1e80,0x00000006cb580000)
 Metaspace       used 2707K, capacity 4486K, committed 4864K, reserved 1056768K
  class space    used 302K, capacity 386K, committed 512K, reserved 1048576K
[GC (Allocation Failure)  104199K->68391K(230400K), 0.0342657 secs]
Heap after GC invocations=1040 (full 1):
 PSYoungGen      total 69120K, used 32928K [0x00000007b9c00000, 0x00000007c0000000, 0x00000007c0000000)
  eden space 35840K, 0% used [0x00000007b9c00000,0x00000007b9c00000,0x00000007bbf00000)
  from space 33280K, 98% used [0x00000007bbf00000,0x00000007bdf28000,0x00000007bdf80000)
  to   space 33280K, 0% used [0x00000007bdf80000,0x00000007bdf80000,0x00000007c0000000)
 ParOldGen       total 161280K, used 35463K [0x00000006c1800000, 0x00000006cb580000, 0x00000007b9c00000)
  object space 161280K, 21% used [0x00000006c1800000,0x00000006c3aa1e80,0x00000006cb580000)
 Metaspace       used 2707K, capacity 4486K, committed 4864K, reserved 1056768K
  class space    used 302K, capacity 386K, committed 512K, reserved 1048576K
}
{Heap before GC invocations=1041 (full 1):
 PSYoungGen      total 69120K, used 68768K [0x00000007b9c00000, 0x00000007c0000000, 0x00000007c0000000)
  eden space 35840K, 100% used [0x00000007b9c00000,0x00000007bbf00000,0x00000007bbf00000)
  from space 33280K, 98% used [0x00000007bbf00000,0x00000007bdf28000,0x00000007bdf80000)
  to   space 33280K, 0% used [0x00000007bdf80000,0x00000007bdf80000,0x00000007c0000000)
 ParOldGen       total 161280K, used 35463K [0x00000006c1800000, 0x00000006cb580000, 0x00000007b9c00000)
  object space 161280K, 21% used [0x00000006c1800000,0x00000006c3aa1e80,0x00000006cb580000)
 Metaspace       used 2707K, capacity 4486K, committed 4864K, reserved 1056768K
  class space    used 302K, capacity 386K, committed 512K, reserved 1048576K
[GC (Allocation Failure)  104231K->68327K(230400K), 0.0310194 secs]
Heap after GC invocations=1041 (full 1):
 PSYoungGen      total 69120K, used 32864K [0x00000007b9c00000, 0x00000007c0000000, 0x00000007c0000000)
  eden space 35840K, 0% used [0x00000007b9c00000,0x00000007b9c00000,0x00000007bbf00000)
  from space 33280K, 98% used [0x00000007bdf80000,0x00000007bff98000,0x00000007c0000000)
  to   space 33280K, 0% used [0x00000007bbf00000,0x00000007bbf00000,0x00000007bdf80000)
 ParOldGen       total 161280K, used 35463K [0x00000006c1800000, 0x00000006cb580000, 0x00000007b9c00000)
  object space 161280K, 21% used [0x00000006c1800000,0x00000006c3aa1e80,0x00000006cb580000)
 Metaspace       used 2707K, capacity 4486K, committed 4864K, reserved 1056768K
  class space    used 302K, capacity 386K, committed 512K, reserved 1048576K
}
{Heap before GC invocations=1042 (full 1):
 PSYoungGen      total 69120K, used 68704K [0x00000007b9c00000, 0x00000007c0000000, 0x00000007c0000000)
  eden space 35840K, 100% used [0x00000007b9c00000,0x00000007bbf00000,0x00000007bbf00000)
  from space 33280K, 98% used [0x00000007bdf80000,0x00000007bff98000,0x00000007c0000000)
  to   space 33280K, 0% used [0x00000007bbf00000,0x00000007bbf00000,0x00000007bdf80000)
 ParOldGen       total 161280K, used 35463K [0x00000006c1800000, 0x00000006cb580000, 0x00000007b9c00000)
  object space 161280K, 21% used [0x00000006c1800000,0x00000006c3aa1e80,0x00000006cb580000)
 Metaspace       used 2707K, capacity 4486K, committed 4864K, reserved 1056768K
  class space    used 302K, capacity 386K, committed 512K, reserved 1048576K
[GC (Allocation Failure)  104167K->68327K(230400K), 0.0296692 secs]
Heap after GC invocations=1042 (full 1):
 PSYoungGen      total 69120K, used 32864K [0x00000007b9c00000, 0x00000007c0000000, 0x00000007c0000000)
  eden space 35840K, 0% used [0x00000007b9c00000,0x00000007b9c00000,0x00000007bbf00000)
  from space 33280K, 98% used [0x00000007bbf00000,0x00000007bdf18000,0x00000007bdf80000)
  to   space 33280K, 0% used [0x00000007bdf80000,0x00000007bdf80000,0x00000007c0000000)
 ParOldGen       total 161280K, used 35463K [0x00000006c1800000, 0x00000006cb580000, 0x00000007b9c00000)
  object space 161280K, 21% used [0x00000006c1800000,0x00000006c3aa1e80,0x00000006cb580000)
 Metaspace       used 2707K, capacity 4486K, committed 4864K, reserved 1056768K
  class space    used 302K, capacity 386K, committed 512K, reserved 1048576K
}
{Heap before GC invocations=1043 (full 1):
 PSYoungGen      total 69120K, used 68704K [0x00000007b9c00000, 0x00000007c0000000, 0x00000007c0000000)
  eden space 35840K, 100% used [0x00000007b9c00000,0x00000007bbf00000,0x00000007bbf00000)
  from space 33280K, 98% used [0x00000007bbf00000,0x00000007bdf18000,0x00000007bdf80000)
  to   space 33280K, 0% used [0x00000007bdf80000,0x00000007bdf80000,0x00000007c0000000)
 ParOldGen       total 161280K, used 35463K [0x00000006c1800000, 0x00000006cb580000, 0x00000007b9c00000)
  object space 161280K, 21% used [0x00000006c1800000,0x00000006c3aa1e80,0x00000006cb580000)
 Metaspace       used 2707K, capacity 4486K, committed 4864K, reserved 1056768K
  class space    used 302K, capacity 386K, committed 512K, reserved 1048576K
[GC (Allocation Failure)  104167K->68359K(230400K), 0.0307593 secs]
Heap after GC invocations=1043 (full 1):
 PSYoungGen      total 69120K, used 32896K [0x00000007b9c00000, 0x00000007c0000000, 0x00000007c0000000)
  eden space 35840K, 0% used [0x00000007b9c00000,0x00000007b9c00000,0x00000007bbf00000)
  from space 33280K, 98% used [0x00000007bdf80000,0x00000007bffa0000,0x00000007c0000000)
  to   space 33280K, 0% used [0x00000007bbf00000,0x00000007bbf00000,0x00000007bdf80000)
 ParOldGen       total 161280K, used 35463K [0x00000006c1800000, 0x00000006cb580000, 0x00000007b9c00000)
  object space 161280K, 21% used [0x00000006c1800000,0x00000006c3aa1e80,0x00000006cb580000)
 Metaspace       used 2707K, capacity 4486K, committed 4864K, reserved 1056768K
  class space    used 302K, capacity 386K, committed 512K, reserved 1048576K
}
{Heap before GC invocations=1044 (full 1):
 PSYoungGen      total 69120K, used 68736K [0x00000007b9c00000, 0x00000007c0000000, 0x00000007c0000000)
  eden space 35840K, 100% used [0x00000007b9c00000,0x00000007bbf00000,0x00000007bbf00000)
  from space 33280K, 98% used [0x00000007bdf80000,0x00000007bffa0000,0x00000007c0000000)
  to   space 33280K, 0% used [0x00000007bbf00000,0x00000007bbf00000,0x00000007bdf80000)
 ParOldGen       total 161280K, used 35463K [0x00000006c1800000, 0x00000006cb580000, 0x00000007b9c00000)
  object space 161280K, 21% used [0x00000006c1800000,0x00000006c3aa1e80,0x00000006cb580000)
 Metaspace       used 2707K, capacity 4486K, committed 4864K, reserved 1056768K
  class space    used 302K, capacity 386K, committed 512K, reserved 1048576K
[GC (Allocation Failure)  104199K->68359K(230400K), 0.0426457 secs]
Heap after GC invocations=1044 (full 1):
 PSYoungGen      total 69120K, used 32896K [0x00000007b9c00000, 0x00000007c0000000, 0x00000007c0000000)
  eden space 35840K, 0% used [0x00000007b9c00000,0x00000007b9c00000,0x00000007bbf00000)
  from space 33280K, 98% used [0x00000007bbf00000,0x00000007bdf20000,0x00000007bdf80000)
  to   space 33280K, 0% used [0x00000007bdf80000,0x00000007bdf80000,0x00000007c0000000)
 ParOldGen       total 161280K, used 35463K [0x00000006c1800000, 0x00000006cb580000, 0x00000007b9c00000)
  object space 161280K, 21% used [0x00000006c1800000,0x00000006c3aa1e80,0x00000006cb580000)
 Metaspace       used 2707K, capacity 4486K, committed 4864K, reserved 1056768K
  class space    used 302K, capacity 386K, committed 512K, reserved 1048576K
}
{Heap before GC invocations=1045 (full 1):
 PSYoungGen      total 69120K, used 68736K [0x00000007b9c00000, 0x00000007c0000000, 0x00000007c0000000)
  eden space 35840K, 100% used [0x00000007b9c00000,0x00000007bbf00000,0x00000007bbf00000)
  from space 33280K, 98% used [0x00000007bbf00000,0x00000007bdf20000,0x00000007bdf80000)
  to   space 33280K, 0% used [0x00000007bdf80000,0x00000007bdf80000,0x00000007c0000000)
 ParOldGen       total 161280K, used 35463K [0x00000006c1800000, 0x00000006cb580000, 0x00000007b9c00000)
  object space 161280K, 21% used [0x00000006c1800000,0x00000006c3aa1e80,0x00000006cb580000)
 Metaspace       used 2707K, capacity 4486K, committed 4864K, reserved 1056768K
  class space    used 302K, capacity 386K, committed 512K, reserved 1048576K
[GC (Allocation Failure)  104199K->68359K(230400K), 0.0418694 secs]
Heap after GC invocations=1045 (full 1):
 PSYoungGen      total 69120K, used 32896K [0x00000007b9c00000, 0x00000007c0000000, 0x00000007c0000000)
  eden space 35840K, 0% used [0x00000007b9c00000,0x00000007b9c00000,0x00000007bbf00000)
  from space 33280K, 98% used [0x00000007bdf80000,0x00000007bffa0000,0x00000007c0000000)
  to   space 33280K, 0% used [0x00000007bbf00000,0x00000007bbf00000,0x00000007bdf80000)
 ParOldGen       total 161280K, used 35463K [0x00000006c1800000, 0x00000006cb580000, 0x00000007b9c00000)
  object space 161280K, 21% used [0x00000006c1800000,0x00000006c3aa1e80,0x00000006cb580000)
 Metaspace       used 2707K, capacity 4486K, committed 4864K, reserved 1056768K
  class space    used 302K, capacity 386K, committed 512K, reserved 1048576K
}
{Heap before GC invocations=1046 (full 1):
 PSYoungGen      total 69120K, used 68736K [0x00000007b9c00000, 0x00000007c0000000, 0x00000007c0000000)
  eden space 35840K, 100% used [0x00000007b9c00000,0x00000007bbf00000,0x00000007bbf00000)
  from space 33280K, 98% used [0x00000007bdf80000,0x00000007bffa0000,0x00000007c0000000)
  to   space 33280K, 0% used [0x00000007bbf00000,0x00000007bbf00000,0x00000007bdf80000)
 ParOldGen       total 161280K, used 35463K [0x00000006c1800000, 0x00000006cb580000, 0x00000007b9c00000)
  object space 161280K, 21% used [0x00000006c1800000,0x00000006c3aa1e80,0x00000006cb580000)
 Metaspace       used 2707K, capacity 4486K, committed 4864K, reserved 1056768K
  class space    used 302K, capacity 386K, committed 512K, reserved 1048576K
[GC (Allocation Failure)  104199K->68359K(230400K), 0.0382158 secs]
Heap after GC invocations=1046 (full 1):
 PSYoungGen      total 69120K, used 32896K [0x00000007b9c00000, 0x00000007c0000000, 0x00000007c0000000)
  eden space 35840K, 0% used [0x00000007b9c00000,0x00000007b9c00000,0x00000007bbf00000)
  from space 33280K, 98% used [0x00000007bbf00000,0x00000007bdf20000,0x00000007bdf80000)
  to   space 33280K, 0% used [0x00000007bdf80000,0x00000007bdf80000,0x00000007c0000000)
 ParOldGen       total 161280K, used 35463K [0x00000006c1800000, 0x00000006cb580000, 0x00000007b9c00000)
  object space 161280K, 21% used [0x00000006c1800000,0x00000006c3aa1e80,0x00000006cb580000)
 Metaspace       used 2707K, capacity 4486K, committed 4864K, reserved 1056768K
  class space    used 302K, capacity 386K, committed 512K, reserved 1048576K
}
{Heap before GC invocations=1047 (full 1):
 PSYoungGen      total 69120K, used 68736K [0x00000007b9c00000, 0x00000007c0000000, 0x00000007c0000000)
  eden space 35840K, 100% used [0x00000007b9c00000,0x00000007bbf00000,0x00000007bbf00000)
  from space 33280K, 98% used [0x00000007bbf00000,0x00000007bdf20000,0x00000007bdf80000)
  to   space 33280K, 0% used [0x00000007bdf80000,0x00000007bdf80000,0x00000007c0000000)
 ParOldGen       total 161280K, used 35463K [0x00000006c1800000, 0x00000006cb580000, 0x00000007b9c00000)
  object space 161280K, 21% used [0x00000006c1800000,0x00000006c3aa1e80,0x00000006cb580000)
 Metaspace       used 2707K, capacity 4486K, committed 4864K, reserved 1056768K
  class space    used 302K, capacity 386K, committed 512K, reserved 1048576K
[GC (Allocation Failure)  104199K->68359K(230400K), 0.0374208 secs]
Heap after GC invocations=1047 (full 1):
 PSYoungGen      total 69120K, used 32896K [0x00000007b9c00000, 0x00000007c0000000, 0x00000007c0000000)
  eden space 35840K, 0% used [0x00000007b9c00000,0x00000007b9c00000,0x00000007bbf00000)
  from space 33280K, 98% used [0x00000007bdf80000,0x00000007bffa0000,0x00000007c0000000)
  to   space 33280K, 0% used [0x00000007bbf00000,0x00000007bbf00000,0x00000007bdf80000)
 ParOldGen       total 161280K, used 35463K [0x00000006c1800000, 0x00000006cb580000, 0x00000007b9c00000)
  object space 161280K, 21% used [0x00000006c1800000,0x00000006c3aa1e80,0x00000006cb580000)
 Metaspace       used 2707K, capacity 4486K, committed 4864K, reserved 1056768K
  class space    used 302K, capacity 386K, committed 512K, reserved 1048576K
}
{Heap before GC invocations=1048 (full 1):
 PSYoungGen      total 69120K, used 68736K [0x00000007b9c00000, 0x00000007c0000000, 0x00000007c0000000)
  eden space 35840K, 100% used [0x00000007b9c00000,0x00000007bbf00000,0x00000007bbf00000)
  from space 33280K, 98% used [0x00000007bdf80000,0x00000007bffa0000,0x00000007c0000000)
  to   space 33280K, 0% used [0x00000007bbf00000,0x00000007bbf00000,0x00000007bdf80000)
 ParOldGen       total 161280K, used 35463K [0x00000006c1800000, 0x00000006cb580000, 0x00000007b9c00000)
  object space 161280K, 21% used [0x00000006c1800000,0x00000006c3aa1e80,0x00000006cb580000)
 Metaspace       used 2707K, capacity 4486K, committed 4864K, reserved 1056768K
  class space    used 302K, capacity 386K, committed 512K, reserved 1048576K
[GC (Allocation Failure)  104199K->68359K(230400K), 0.0415848 secs]
Heap after GC invocations=1048 (full 1):
 PSYoungGen      total 69120K, used 32896K [0x00000007b9c00000, 0x00000007c0000000, 0x00000007c0000000)
  eden space 35840K, 0% used [0x00000007b9c00000,0x00000007b9c00000,0x00000007bbf00000)
  from space 33280K, 98% used [0x00000007bbf00000,0x00000007bdf20000,0x00000007bdf80000)
  to   space 33280K, 0% used [0x00000007bdf80000,0x00000007bdf80000,0x00000007c0000000)
 ParOldGen       total 161280K, used 35463K [0x00000006c1800000, 0x00000006cb580000, 0x00000007b9c00000)
  object space 161280K, 21% used [0x00000006c1800000,0x00000006c3aa1e80,0x00000006cb580000)
 Metaspace       used 2707K, capacity 4486K, committed 4864K, reserved 1056768K
  class space    used 302K, capacity 386K, committed 512K, reserved 1048576K
}
{Heap before GC invocations=1049 (full 1):
 PSYoungGen      total 69120K, used 68736K [0x00000007b9c00000, 0x00000007c0000000, 0x00000007c0000000)
  eden space 35840K, 100% used [0x00000007b9c00000,0x00000007bbf00000,0x00000007bbf00000)
  from space 33280K, 98% used [0x00000007bbf00000,0x00000007bdf20000,0x00000007bdf80000)
  to   space 33280K, 0% used [0x00000007bdf80000,0x00000007bdf80000,0x00000007c0000000)
 ParOldGen       total 161280K, used 35463K [0x00000006c1800000, 0x00000006cb580000, 0x00000007b9c00000)
  object space 161280K, 21% used [0x00000006c1800000,0x00000006c3aa1e80,0x00000006cb580000)
 Metaspace       used 2707K, capacity 4486K, committed 4864K, reserved 1056768K
  class space    used 302K, capacity 386K, committed 512K, reserved 1048576K
[GC (Allocation Failure)  104199K->68359K(230400K), 0.0432564 secs]
Heap after GC invocations=1049 (full 1):
 PSYoungGen      total 69120K, used 32896K [0x00000007b9c00000, 0x00000007c0000000, 0x00000007c0000000)
  eden space 35840K, 0% used [0x00000007b9c00000,0x00000007b9c00000,0x00000007bbf00000)
  from space 33280K, 98% used [0x00000007bdf80000,0x00000007bffa0000,0x00000007c0000000)
  to   space 33280K, 0% used [0x00000007bbf00000,0x00000007bbf00000,0x00000007bdf80000)
 ParOldGen       total 161280K, used 35463K [0x00000006c1800000, 0x00000006cb580000, 0x00000007b9c00000)
  object space 161280K, 21% used [0x00000006c1800000,0x00000006c3aa1e80,0x00000006cb580000)
 Metaspace       used 2707K, capacity 4486K, committed 4864K, reserved 1056768K
  class space    used 302K, capacity 386K, committed 512K, reserved 1048576K
}
{Heap before GC invocations=1050 (full 1):
 PSYoungGen      total 69120K, used 68736K [0x00000007b9c00000, 0x00000007c0000000, 0x00000007c0000000)
  eden space 35840K, 100% used [0x00000007b9c00000,0x00000007bbf00000,0x00000007bbf00000)
  from space 33280K, 98% used [0x00000007bdf80000,0x00000007bffa0000,0x00000007c0000000)
  to   space 33280K, 0% used [0x00000007bbf00000,0x00000007bbf00000,0x00000007bdf80000)
 ParOldGen       total 161280K, used 35463K [0x00000006c1800000, 0x00000006cb580000, 0x00000007b9c00000)
  object space 161280K, 21% used [0x00000006c1800000,0x00000006c3aa1e80,0x00000006cb580000)
 Metaspace       used 2707K, capacity 4486K, committed 4864K, reserved 1056768K
  class space    used 302K, capacity 386K, committed 512K, reserved 1048576K
[GC (Allocation Failure)  104199K->68359K(230400K), 0.0330913 secs]
Heap after GC invocations=1050 (full 1):
 PSYoungGen      total 69120K, used 32896K [0x00000007b9c00000, 0x00000007c0000000, 0x00000007c0000000)
  eden space 35840K, 0% used [0x00000007b9c00000,0x00000007b9c00000,0x00000007bbf00000)
  from space 33280K, 98% used [0x00000007bbf00000,0x00000007bdf20000,0x00000007bdf80000)
  to   space 33280K, 0% used [0x00000007bdf80000,0x00000007bdf80000,0x00000007c0000000)
 ParOldGen       total 161280K, used 35463K [0x00000006c1800000, 0x00000006cb580000, 0x00000007b9c00000)
  object space 161280K, 21% used [0x00000006c1800000,0x00000006c3aa1e80,0x00000006cb580000)
 Metaspace       used 2707K, capacity 4486K, committed 4864K, reserved 1056768K
  class space    used 302K, capacity 386K, committed 512K, reserved 1048576K
}
{Heap before GC invocations=1051 (full 1):
 PSYoungGen      total 69120K, used 68736K [0x00000007b9c00000, 0x00000007c0000000, 0x00000007c0000000)
  eden space 35840K, 100% used [0x00000007b9c00000,0x00000007bbf00000,0x00000007bbf00000)
  from space 33280K, 98% used [0x00000007bbf00000,0x00000007bdf20000,0x00000007bdf80000)
  to   space 33280K, 0% used [0x00000007bdf80000,0x00000007bdf80000,0x00000007c0000000)
 ParOldGen       total 161280K, used 35463K [0x00000006c1800000, 0x00000006cb580000, 0x00000007b9c00000)
  object space 161280K, 21% used [0x00000006c1800000,0x00000006c3aa1e80,0x00000006cb580000)
 Metaspace       used 2707K, capacity 4486K, committed 4864K, reserved 1056768K
  class space    used 302K, capacity 386K, committed 512K, reserved 1048576K
[GC (Allocation Failure)  104199K->68327K(230400K), 0.0327052 secs]
Heap after GC invocations=1051 (full 1):
 PSYoungGen      total 69120K, used 32864K [0x00000007b9c00000, 0x00000007c0000000, 0x00000007c0000000)
  eden space 35840K, 0% used [0x00000007b9c00000,0x00000007b9c00000,0x00000007bbf00000)
  from space 33280K, 98% used [0x00000007bdf80000,0x00000007bff98000,0x00000007c0000000)
  to   space 33280K, 0% used [0x00000007bbf00000,0x00000007bbf00000,0x00000007bdf80000)
 ParOldGen       total 161280K, used 35463K [0x00000006c1800000, 0x00000006cb580000, 0x00000007b9c00000)
  object space 161280K, 21% used [0x00000006c1800000,0x00000006c3aa1e80,0x00000006cb580000)
 Metaspace       used 2707K, capacity 4486K, committed 4864K, reserved 1056768K
  class space    used 302K, capacity 386K, committed 512K, reserved 1048576K
}
{Heap before GC invocations=1052 (full 1):
 PSYoungGen      total 69120K, used 68704K [0x00000007b9c00000, 0x00000007c0000000, 0x00000007c0000000)
  eden space 35840K, 100% used [0x00000007b9c00000,0x00000007bbf00000,0x00000007bbf00000)
  from space 33280K, 98% used [0x00000007bdf80000,0x00000007bff98000,0x00000007c0000000)
  to   space 33280K, 0% used [0x00000007bbf00000,0x00000007bbf00000,0x00000007bdf80000)
 ParOldGen       total 161280K, used 35463K [0x00000006c1800000, 0x00000006cb580000, 0x00000007b9c00000)
  object space 161280K, 21% used [0x00000006c1800000,0x00000006c3aa1e80,0x00000006cb580000)
 Metaspace       used 2707K, capacity 4486K, committed 4864K, reserved 1056768K
  class space    used 302K, capacity 386K, committed 512K, reserved 1048576K
[GC (Allocation Failure)  104167K->68359K(230400K), 0.0328330 secs]
Heap after GC invocations=1052 (full 1):
 PSYoungGen      total 69120K, used 32896K [0x00000007b9c00000, 0x00000007c0000000, 0x00000007c0000000)
  eden space 35840K, 0% used [0x00000007b9c00000,0x00000007b9c00000,0x00000007bbf00000)
  from space 33280K, 98% used [0x00000007bbf00000,0x00000007bdf20000,0x00000007bdf80000)
  to   space 33280K, 0% used [0x00000007bdf80000,0x00000007bdf80000,0x00000007c0000000)
 ParOldGen       total 161280K, used 35463K [0x00000006c1800000, 0x00000006cb580000, 0x00000007b9c00000)
  object space 161280K, 21% used [0x00000006c1800000,0x00000006c3aa1e80,0x00000006cb580000)
 Metaspace       used 2707K, capacity 4486K, committed 4864K, reserved 1056768K
  class space    used 302K, capacity 386K, committed 512K, reserved 1048576K
}
{Heap before GC invocations=1053 (full 1):
 PSYoungGen      total 69120K, used 68736K [0x00000007b9c00000, 0x00000007c0000000, 0x00000007c0000000)
  eden space 35840K, 100% used [0x00000007b9c00000,0x00000007bbf00000,0x00000007bbf00000)
  from space 33280K, 98% used [0x00000007bbf00000,0x00000007bdf20000,0x00000007bdf80000)
  to   space 33280K, 0% used [0x00000007bdf80000,0x00000007bdf80000,0x00000007c0000000)
 ParOldGen       total 161280K, used 35463K [0x00000006c1800000, 0x00000006cb580000, 0x00000007b9c00000)
  object space 161280K, 21% used [0x00000006c1800000,0x00000006c3aa1e80,0x00000006cb580000)
 Metaspace       used 2707K, capacity 4486K, committed 4864K, reserved 1056768K
  class space    used 302K, capacity 386K, committed 512K, reserved 1048576K
[GC (Allocation Failure)  104199K->68359K(230400K), 0.0315796 secs]
Heap after GC invocations=1053 (full 1):
 PSYoungGen      total 69120K, used 32896K [0x00000007b9c00000, 0x00000007c0000000, 0x00000007c0000000)
  eden space 35840K, 0% used [0x00000007b9c00000,0x00000007b9c00000,0x00000007bbf00000)
  from space 33280K, 98% used [0x00000007bdf80000,0x00000007bffa0000,0x00000007c0000000)
  to   space 33280K, 0% used [0x00000007bbf00000,0x00000007bbf00000,0x00000007bdf80000)
 ParOldGen       total 161280K, used 35463K [0x00000006c1800000, 0x00000006cb580000, 0x00000007b9c00000)
  object space 161280K, 21% used [0x00000006c1800000,0x00000006c3aa1e80,0x00000006cb580000)
 Metaspace       used 2707K, capacity 4486K, committed 4864K, reserved 1056768K
  class space    used 302K, capacity 386K, committed 512K, reserved 1048576K
}
{Heap before GC invocations=1054 (full 1):
 PSYoungGen      total 69120K, used 68736K [0x00000007b9c00000, 0x00000007c0000000, 0x00000007c0000000)
  eden space 35840K, 100% used [0x00000007b9c00000,0x00000007bbf00000,0x00000007bbf00000)
  from space 33280K, 98% used [0x00000007bdf80000,0x00000007bffa0000,0x00000007c0000000)
  to   space 33280K, 0% used [0x00000007bbf00000,0x00000007bbf00000,0x00000007bdf80000)
 ParOldGen       total 161280K, used 35463K [0x00000006c1800000, 0x00000006cb580000, 0x00000007b9c00000)
  object space 161280K, 21% used [0x00000006c1800000,0x00000006c3aa1e80,0x00000006cb580000)
 Metaspace       used 2707K, capacity 4486K, committed 4864K, reserved 1056768K
  class space    used 302K, capacity 386K, committed 512K, reserved 1048576K
[GC (Allocation Failure)  104199K->68359K(230400K), 0.0312476 secs]
Heap after GC invocations=1054 (full 1):
 PSYoungGen      total 69120K, used 32896K [0x00000007b9c00000, 0x00000007c0000000, 0x00000007c0000000)
  eden space 35840K, 0% used [0x00000007b9c00000,0x00000007b9c00000,0x00000007bbf00000)
  from space 33280K, 98% used [0x00000007bbf00000,0x00000007bdf20000,0x00000007bdf80000)
  to   space 33280K, 0% used [0x00000007bdf80000,0x00000007bdf80000,0x00000007c0000000)
 ParOldGen       total 161280K, used 35463K [0x00000006c1800000, 0x00000006cb580000, 0x00000007b9c00000)
  object space 161280K, 21% used [0x00000006c1800000,0x00000006c3aa1e80,0x00000006cb580000)
 Metaspace       used 2707K, capacity 4486K, committed 4864K, reserved 1056768K
  class space    used 302K, capacity 386K, committed 512K, reserved 1048576K
}
{Heap before GC invocations=1055 (full 1):
 PSYoungGen      total 69120K, used 68736K [0x00000007b9c00000, 0x00000007c0000000, 0x00000007c0000000)
  eden space 35840K, 100% used [0x00000007b9c00000,0x00000007bbf00000,0x00000007bbf00000)
  from space 33280K, 98% used [0x00000007bbf00000,0x00000007bdf20000,0x00000007bdf80000)
  to   space 33280K, 0% used [0x00000007bdf80000,0x00000007bdf80000,0x00000007c0000000)
 ParOldGen       total 161280K, used 35463K [0x00000006c1800000, 0x00000006cb580000, 0x00000007b9c00000)
  object space 161280K, 21% used [0x00000006c1800000,0x00000006c3aa1e80,0x00000006cb580000)
 Metaspace       used 2707K, capacity 4486K, committed 4864K, reserved 1056768K
  class space    used 302K, capacity 386K, committed 512K, reserved 1048576K
[GC (Allocation Failure)  104199K->68359K(230400K), 0.0328178 secs]
Heap after GC invocations=1055 (full 1):
 PSYoungGen      total 69120K, used 32896K [0x00000007b9c00000, 0x00000007c0000000, 0x00000007c0000000)
  eden space 35840K, 0% used [0x00000007b9c00000,0x00000007b9c00000,0x00000007bbf00000)
  from space 33280K, 98% used [0x00000007bdf80000,0x00000007bffa0000,0x00000007c0000000)
  to   space 33280K, 0% used [0x00000007bbf00000,0x00000007bbf00000,0x00000007bdf80000)
 ParOldGen       total 161280K, used 35463K [0x00000006c1800000, 0x00000006cb580000, 0x00000007b9c00000)
  object space 161280K, 21% used [0x00000006c1800000,0x00000006c3aa1e80,0x00000006cb580000)
 Metaspace       used 2707K, capacity 4486K, committed 4864K, reserved 1056768K
  class space    used 302K, capacity 386K, committed 512K, reserved 1048576K
}
{Heap before GC invocations=1056 (full 1):
 PSYoungGen      total 69120K, used 68736K [0x00000007b9c00000, 0x00000007c0000000, 0x00000007c0000000)
  eden space 35840K, 100% used [0x00000007b9c00000,0x00000007bbf00000,0x00000007bbf00000)
  from space 33280K, 98% used [0x00000007bdf80000,0x00000007bffa0000,0x00000007c0000000)
  to   space 33280K, 0% used [0x00000007bbf00000,0x00000007bbf00000,0x00000007bdf80000)
 ParOldGen       total 161280K, used 35463K [0x00000006c1800000, 0x00000006cb580000, 0x00000007b9c00000)
  object space 161280K, 21% used [0x00000006c1800000,0x00000006c3aa1e80,0x00000006cb580000)
 Metaspace       used 2707K, capacity 4486K, committed 4864K, reserved 1056768K
  class space    used 302K, capacity 386K, committed 512K, reserved 1048576K
[GC (Allocation Failure)  104199K->68327K(230400K), 0.0339013 secs]
Heap after GC invocations=1056 (full 1):
 PSYoungGen      total 69120K, used 32864K [0x00000007b9c00000, 0x00000007c0000000, 0x00000007c0000000)
  eden space 35840K, 0% used [0x00000007b9c00000,0x00000007b9c00000,0x00000007bbf00000)
  from space 33280K, 98% used [0x00000007bbf00000,0x00000007bdf18000,0x00000007bdf80000)
  to   space 33280K, 0% used [0x00000007bdf80000,0x00000007bdf80000,0x00000007c0000000)
 ParOldGen       total 161280K, used 35463K [0x00000006c1800000, 0x00000006cb580000, 0x00000007b9c00000)
  object space 161280K, 21% used [0x00000006c1800000,0x00000006c3aa1e80,0x00000006cb580000)
 Metaspace       used 2707K, capacity 4486K, committed 4864K, reserved 1056768K
  class space    used 302K, capacity 386K, committed 512K, reserved 1048576K
}
{Heap before GC invocations=1057 (full 1):
 PSYoungGen      total 69120K, used 68704K [0x00000007b9c00000, 0x00000007c0000000, 0x00000007c0000000)
  eden space 35840K, 100% used [0x00000007b9c00000,0x00000007bbf00000,0x00000007bbf00000)
  from space 33280K, 98% used [0x00000007bbf00000,0x00000007bdf18000,0x00000007bdf80000)
  to   space 33280K, 0% used [0x00000007bdf80000,0x00000007bdf80000,0x00000007c0000000)
 ParOldGen       total 161280K, used 35463K [0x00000006c1800000, 0x00000006cb580000, 0x00000007b9c00000)
  object space 161280K, 21% used [0x00000006c1800000,0x00000006c3aa1e80,0x00000006cb580000)
 Metaspace       used 2707K, capacity 4486K, committed 4864K, reserved 1056768K
  class space    used 302K, capacity 386K, committed 512K, reserved 1048576K
[GC (Allocation Failure)  104167K->68391K(230400K), 0.0361644 secs]
Heap after GC invocations=1057 (full 1):
 PSYoungGen      total 69120K, used 32928K [0x00000007b9c00000, 0x00000007c0000000, 0x00000007c0000000)
  eden space 35840K, 0% used [0x00000007b9c00000,0x00000007b9c00000,0x00000007bbf00000)
  from space 33280K, 98% used [0x00000007bdf80000,0x00000007bffa8000,0x00000007c0000000)
  to   space 33280K, 0% used [0x00000007bbf00000,0x00000007bbf00000,0x00000007bdf80000)
 ParOldGen       total 161280K, used 35463K [0x00000006c1800000, 0x00000006cb580000, 0x00000007b9c00000)
  object space 161280K, 21% used [0x00000006c1800000,0x00000006c3aa1e80,0x00000006cb580000)
 Metaspace       used 2707K, capacity 4486K, committed 4864K, reserved 1056768K
  class space    used 302K, capacity 386K, committed 512K, reserved 1048576K
}
{Heap before GC invocations=1058 (full 1):
 PSYoungGen      total 69120K, used 68768K [0x00000007b9c00000, 0x00000007c0000000, 0x00000007c0000000)
  eden space 35840K, 100% used [0x00000007b9c00000,0x00000007bbf00000,0x00000007bbf00000)
  from space 33280K, 98% used [0x00000007bdf80000,0x00000007bffa8000,0x00000007c0000000)
  to   space 33280K, 0% used [0x00000007bbf00000,0x00000007bbf00000,0x00000007bdf80000)
 ParOldGen       total 161280K, used 35463K [0x00000006c1800000, 0x00000006cb580000, 0x00000007b9c00000)
  object space 161280K, 21% used [0x00000006c1800000,0x00000006c3aa1e80,0x00000006cb580000)
 Metaspace       used 2707K, capacity 4486K, committed 4864K, reserved 1056768K
  class space    used 302K, capacity 386K, committed 512K, reserved 1048576K
[GC (Allocation Failure)  104231K->68327K(230400K), 0.0326386 secs]
Heap after GC invocations=1058 (full 1):
 PSYoungGen      total 69120K, used 32864K [0x00000007b9c00000, 0x00000007c0000000, 0x00000007c0000000)
  eden space 35840K, 0% used [0x00000007b9c00000,0x00000007b9c00000,0x00000007bbf00000)
  from space 33280K, 98% used [0x00000007bbf00000,0x00000007bdf18000,0x00000007bdf80000)
  to   space 33280K, 0% used [0x00000007bdf80000,0x00000007bdf80000,0x00000007c0000000)
 ParOldGen       total 161280K, used 35463K [0x00000006c1800000, 0x00000006cb580000, 0x00000007b9c00000)
  object space 161280K, 21% used [0x00000006c1800000,0x00000006c3aa1e80,0x00000006cb580000)
 Metaspace       used 2707K, capacity 4486K, committed 4864K, reserved 1056768K
  class space    used 302K, capacity 386K, committed 512K, reserved 1048576K
}
{Heap before GC invocations=1059 (full 1):
 PSYoungGen      total 69120K, used 68704K [0x00000007b9c00000, 0x00000007c0000000, 0x00000007c0000000)
  eden space 35840K, 100% used [0x00000007b9c00000,0x00000007bbf00000,0x00000007bbf00000)
  from space 33280K, 98% used [0x00000007bbf00000,0x00000007bdf18000,0x00000007bdf80000)
  to   space 33280K, 0% used [0x00000007bdf80000,0x00000007bdf80000,0x00000007c0000000)
 ParOldGen       total 161280K, used 35463K [0x00000006c1800000, 0x00000006cb580000, 0x00000007b9c00000)
  object space 161280K, 21% used [0x00000006c1800000,0x00000006c3aa1e80,0x00000006cb580000)
 Metaspace       used 2707K, capacity 4486K, committed 4864K, reserved 1056768K
  class space    used 302K, capacity 386K, committed 512K, reserved 1048576K
[GC (Allocation Failure)  104167K->68359K(230400K), 0.0437165 secs]
Heap after GC invocations=1059 (full 1):
 PSYoungGen      total 69120K, used 32896K [0x00000007b9c00000, 0x00000007c0000000, 0x00000007c0000000)
  eden space 35840K, 0% used [0x00000007b9c00000,0x00000007b9c00000,0x00000007bbf00000)
  from space 33280K, 98% used [0x00000007bdf80000,0x00000007bffa0000,0x00000007c0000000)
  to   space 33280K, 0% used [0x00000007bbf00000,0x00000007bbf00000,0x00000007bdf80000)
 ParOldGen       total 161280K, used 35463K [0x00000006c1800000, 0x00000006cb580000, 0x00000007b9c00000)
  object space 161280K, 21% used [0x00000006c1800000,0x00000006c3aa1e80,0x00000006cb580000)
 Metaspace       used 2707K, capacity 4486K, committed 4864K, reserved 1056768K
  class space    used 302K, capacity 386K, committed 512K, reserved 1048576K
}
{Heap before GC invocations=1060 (full 1):
 PSYoungGen      total 69120K, used 68736K [0x00000007b9c00000, 0x00000007c0000000, 0x00000007c0000000)
  eden space 35840K, 100% used [0x00000007b9c00000,0x00000007bbf00000,0x00000007bbf00000)
  from space 33280K, 98% used [0x00000007bdf80000,0x00000007bffa0000,0x00000007c0000000)
  to   space 33280K, 0% used [0x00000007bbf00000,0x00000007bbf00000,0x00000007bdf80000)
 ParOldGen       total 161280K, used 35463K [0x00000006c1800000, 0x00000006cb580000, 0x00000007b9c00000)
  object space 161280K, 21% used [0x00000006c1800000,0x00000006c3aa1e80,0x00000006cb580000)
 Metaspace       used 2707K, capacity 4486K, committed 4864K, reserved 1056768K
  class space    used 302K, capacity 386K, committed 512K, reserved 1048576K
[GC (Allocation Failure)  104199K->68359K(230400K), 0.0349765 secs]
Heap after GC invocations=1060 (full 1):
 PSYoungGen      total 69120K, used 32896K [0x00000007b9c00000, 0x00000007c0000000, 0x00000007c0000000)
  eden space 35840K, 0% used [0x00000007b9c00000,0x00000007b9c00000,0x00000007bbf00000)
  from space 33280K, 98% used [0x00000007bbf00000,0x00000007bdf20000,0x00000007bdf80000)
  to   space 33280K, 0% used [0x00000007bdf80000,0x00000007bdf80000,0x00000007c0000000)
 ParOldGen       total 161280K, used 35463K [0x00000006c1800000, 0x00000006cb580000, 0x00000007b9c00000)
  object space 161280K, 21% used [0x00000006c1800000,0x00000006c3aa1e80,0x00000006cb580000)
 Metaspace       used 2707K, capacity 4486K, committed 4864K, reserved 1056768K
  class space    used 302K, capacity 386K, committed 512K, reserved 1048576K
}
{Heap before GC invocations=1061 (full 1):
 PSYoungGen      total 69120K, used 68736K [0x00000007b9c00000, 0x00000007c0000000, 0x00000007c0000000)
  eden space 35840K, 100% used [0x00000007b9c00000,0x00000007bbf00000,0x00000007bbf00000)
  from space 33280K, 98% used [0x00000007bbf00000,0x00000007bdf20000,0x00000007bdf80000)
  to   space 33280K, 0% used [0x00000007bdf80000,0x00000007bdf80000,0x00000007c0000000)
 ParOldGen       total 161280K, used 35463K [0x00000006c1800000, 0x00000006cb580000, 0x00000007b9c00000)
  object space 161280K, 21% used [0x00000006c1800000,0x00000006c3aa1e80,0x00000006cb580000)
 Metaspace       used 2707K, capacity 4486K, committed 4864K, reserved 1056768K
  class space    used 302K, capacity 386K, committed 512K, reserved 1048576K
[GC (Allocation Failure)  104199K->68327K(230400K), 0.0301000 secs]
Heap after GC invocations=1061 (full 1):
 PSYoungGen      total 69120K, used 32864K [0x00000007b9c00000, 0x00000007c0000000, 0x00000007c0000000)
  eden space 35840K, 0% used [0x00000007b9c00000,0x00000007b9c00000,0x00000007bbf00000)
  from space 33280K, 98% used [0x00000007bdf80000,0x00000007bff98000,0x00000007c0000000)
  to   space 33280K, 0% used [0x00000007bbf00000,0x00000007bbf00000,0x00000007bdf80000)
 ParOldGen       total 161280K, used 35463K [0x00000006c1800000, 0x00000006cb580000, 0x00000007b9c00000)
  object space 161280K, 21% used [0x00000006c1800000,0x00000006c3aa1e80,0x00000006cb580000)
 Metaspace       used 2707K, capacity 4486K, committed 4864K, reserved 1056768K
  class space    used 302K, capacity 386K, committed 512K, reserved 1048576K
}
{Heap before GC invocations=1062 (full 1):
 PSYoungGen      total 69120K, used 68704K [0x00000007b9c00000, 0x00000007c0000000, 0x00000007c0000000)
  eden space 35840K, 100% used [0x00000007b9c00000,0x00000007bbf00000,0x00000007bbf00000)
  from space 33280K, 98% used [0x00000007bdf80000,0x00000007bff98000,0x00000007c0000000)
  to   space 33280K, 0% used [0x00000007bbf00000,0x00000007bbf00000,0x00000007bdf80000)
 ParOldGen       total 161280K, used 35463K [0x00000006c1800000, 0x00000006cb580000, 0x00000007b9c00000)
  object space 161280K, 21% used [0x00000006c1800000,0x00000006c3aa1e80,0x00000006cb580000)
 Metaspace       used 2707K, capacity 4486K, committed 4864K, reserved 1056768K
  class space    used 302K, capacity 386K, committed 512K, reserved 1048576K
[GC (Allocation Failure)  104167K->68359K(230400K), 0.0349308 secs]
Heap after GC invocations=1062 (full 1):
 PSYoungGen      total 69120K, used 32896K [0x00000007b9c00000, 0x00000007c0000000, 0x00000007c0000000)
  eden space 35840K, 0% used [0x00000007b9c00000,0x00000007b9c00000,0x00000007bbf00000)
  from space 33280K, 98% used [0x00000007bbf00000,0x00000007bdf20000,0x00000007bdf80000)
  to   space 33280K, 0% used [0x00000007bdf80000,0x00000007bdf80000,0x00000007c0000000)
 ParOldGen       total 161280K, used 35463K [0x00000006c1800000, 0x00000006cb580000, 0x00000007b9c00000)
  object space 161280K, 21% used [0x00000006c1800000,0x00000006c3aa1e80,0x00000006cb580000)
 Metaspace       used 2707K, capacity 4486K, committed 4864K, reserved 1056768K
  class space    used 302K, capacity 386K, committed 512K, reserved 1048576K
}
{Heap before GC invocations=1063 (full 1):
 PSYoungGen      total 69120K, used 68736K [0x00000007b9c00000, 0x00000007c0000000, 0x00000007c0000000)
  eden space 35840K, 100% used [0x00000007b9c00000,0x00000007bbf00000,0x00000007bbf00000)
  from space 33280K, 98% used [0x00000007bbf00000,0x00000007bdf20000,0x00000007bdf80000)
  to   space 33280K, 0% used [0x00000007bdf80000,0x00000007bdf80000,0x00000007c0000000)
 ParOldGen       total 161280K, used 35463K [0x00000006c1800000, 0x00000006cb580000, 0x00000007b9c00000)
  object space 161280K, 21% used [0x00000006c1800000,0x00000006c3aa1e80,0x00000006cb580000)
 Metaspace       used 2707K, capacity 4486K, committed 4864K, reserved 1056768K
  class space    used 302K, capacity 386K, committed 512K, reserved 1048576K
[GC (Allocation Failure)  104199K->68327K(230400K), 0.0321630 secs]
Heap after GC invocations=1063 (full 1):
 PSYoungGen      total 69120K, used 32864K [0x00000007b9c00000, 0x00000007c0000000, 0x00000007c0000000)
  eden space 35840K, 0% used [0x00000007b9c00000,0x00000007b9c00000,0x00000007bbf00000)
  from space 33280K, 98% used [0x00000007bdf80000,0x00000007bff98000,0x00000007c0000000)
  to   space 33280K, 0% used [0x00000007bbf00000,0x00000007bbf00000,0x00000007bdf80000)
 ParOldGen       total 161280K, used 35463K [0x00000006c1800000, 0x00000006cb580000, 0x00000007b9c00000)
  object space 161280K, 21% used [0x00000006c1800000,0x00000006c3aa1e80,0x00000006cb580000)
 Metaspace       used 2707K, capacity 4486K, committed 4864K, reserved 1056768K
  class space    used 302K, capacity 386K, committed 512K, reserved 1048576K
}
{Heap before GC invocations=1064 (full 1):
 PSYoungGen      total 69120K, used 68704K [0x00000007b9c00000, 0x00000007c0000000, 0x00000007c0000000)
  eden space 35840K, 100% used [0x00000007b9c00000,0x00000007bbf00000,0x00000007bbf00000)
  from space 33280K, 98% used [0x00000007bdf80000,0x00000007bff98000,0x00000007c0000000)
  to   space 33280K, 0% used [0x00000007bbf00000,0x00000007bbf00000,0x00000007bdf80000)
 ParOldGen       total 161280K, used 35463K [0x00000006c1800000, 0x00000006cb580000, 0x00000007b9c00000)
  object space 161280K, 21% used [0x00000006c1800000,0x00000006c3aa1e80,0x00000006cb580000)
 Metaspace       used 2707K, capacity 4486K, committed 4864K, reserved 1056768K
  class space    used 302K, capacity 386K, committed 512K, reserved 1048576K
[GC (Allocation Failure)  104167K->68391K(230400K), 0.0319925 secs]
Heap after GC invocations=1064 (full 1):
 PSYoungGen      total 69120K, used 32928K [0x00000007b9c00000, 0x00000007c0000000, 0x00000007c0000000)
  eden space 35840K, 0% used [0x00000007b9c00000,0x00000007b9c00000,0x00000007bbf00000)
  from space 33280K, 98% used [0x00000007bbf00000,0x00000007bdf28000,0x00000007bdf80000)
  to   space 33280K, 0% used [0x00000007bdf80000,0x00000007bdf80000,0x00000007c0000000)
 ParOldGen       total 161280K, used 35463K [0x00000006c1800000, 0x00000006cb580000, 0x00000007b9c00000)
  object space 161280K, 21% used [0x00000006c1800000,0x00000006c3aa1e80,0x00000006cb580000)
 Metaspace       used 2707K, capacity 4486K, committed 4864K, reserved 1056768K
  class space    used 302K, capacity 386K, committed 512K, reserved 1048576K
}
{Heap before GC invocations=1065 (full 1):
 PSYoungGen      total 69120K, used 68768K [0x00000007b9c00000, 0x00000007c0000000, 0x00000007c0000000)
  eden space 35840K, 100% used [0x00000007b9c00000,0x00000007bbf00000,0x00000007bbf00000)
  from space 33280K, 98% used [0x00000007bbf00000,0x00000007bdf28000,0x00000007bdf80000)
  to   space 33280K, 0% used [0x00000007bdf80000,0x00000007bdf80000,0x00000007c0000000)
 ParOldGen       total 161280K, used 35463K [0x00000006c1800000, 0x00000006cb580000, 0x00000007b9c00000)
  object space 161280K, 21% used [0x00000006c1800000,0x00000006c3aa1e80,0x00000006cb580000)
 Metaspace       used 2707K, capacity 4486K, committed 4864K, reserved 1056768K
  class space    used 302K, capacity 386K, committed 512K, reserved 1048576K
[GC (Allocation Failure)  104231K->68359K(230400K), 0.0372617 secs]
Heap after GC invocations=1065 (full 1):
 PSYoungGen      total 69120K, used 32896K [0x00000007b9c00000, 0x00000007c0000000, 0x00000007c0000000)
  eden space 35840K, 0% used [0x00000007b9c00000,0x00000007b9c00000,0x00000007bbf00000)
  from space 33280K, 98% used [0x00000007bdf80000,0x00000007bffa0000,0x00000007c0000000)
  to   space 33280K, 0% used [0x00000007bbf00000,0x00000007bbf00000,0x00000007bdf80000)
 ParOldGen       total 161280K, used 35463K [0x00000006c1800000, 0x00000006cb580000, 0x00000007b9c00000)
  object space 161280K, 21% used [0x00000006c1800000,0x00000006c3aa1e80,0x00000006cb580000)
 Metaspace       used 2707K, capacity 4486K, committed 4864K, reserved 1056768K
  class space    used 302K, capacity 386K, committed 512K, reserved 1048576K
}
{Heap before GC invocations=1066 (full 1):
 PSYoungGen      total 69120K, used 68736K [0x00000007b9c00000, 0x00000007c0000000, 0x00000007c0000000)
  eden space 35840K, 100% used [0x00000007b9c00000,0x00000007bbf00000,0x00000007bbf00000)
  from space 33280K, 98% used [0x00000007bdf80000,0x00000007bffa0000,0x00000007c0000000)
  to   space 33280K, 0% used [0x00000007bbf00000,0x00000007bbf00000,0x00000007bdf80000)
 ParOldGen       total 161280K, used 35463K [0x00000006c1800000, 0x00000006cb580000, 0x00000007b9c00000)
  object space 161280K, 21% used [0x00000006c1800000,0x00000006c3aa1e80,0x00000006cb580000)
 Metaspace       used 2707K, capacity 4486K, committed 4864K, reserved 1056768K
  class space    used 302K, capacity 386K, committed 512K, reserved 1048576K
[GC (Allocation Failure)  104199K->68359K(230400K), 0.0417527 secs]
Heap after GC invocations=1066 (full 1):
 PSYoungGen      total 69120K, used 32896K [0x00000007b9c00000, 0x00000007c0000000, 0x00000007c0000000)
  eden space 35840K, 0% used [0x00000007b9c00000,0x00000007b9c00000,0x00000007bbf00000)
  from space 33280K, 98% used [0x00000007bbf00000,0x00000007bdf20000,0x00000007bdf80000)
  to   space 33280K, 0% used [0x00000007bdf80000,0x00000007bdf80000,0x00000007c0000000)
 ParOldGen       total 161280K, used 35463K [0x00000006c1800000, 0x00000006cb580000, 0x00000007b9c00000)
  object space 161280K, 21% used [0x00000006c1800000,0x00000006c3aa1e80,0x00000006cb580000)
 Metaspace       used 2707K, capacity 4486K, committed 4864K, reserved 1056768K
  class space    used 302K, capacity 386K, committed 512K, reserved 1048576K
}
{Heap before GC invocations=1067 (full 1):
 PSYoungGen      total 69120K, used 68736K [0x00000007b9c00000, 0x00000007c0000000, 0x00000007c0000000)
  eden space 35840K, 100% used [0x00000007b9c00000,0x00000007bbf00000,0x00000007bbf00000)
  from space 33280K, 98% used [0x00000007bbf00000,0x00000007bdf20000,0x00000007bdf80000)
  to   space 33280K, 0% used [0x00000007bdf80000,0x00000007bdf80000,0x00000007c0000000)
 ParOldGen       total 161280K, used 35463K [0x00000006c1800000, 0x00000006cb580000, 0x00000007b9c00000)
  object space 161280K, 21% used [0x00000006c1800000,0x00000006c3aa1e80,0x00000006cb580000)
 Metaspace       used 2707K, capacity 4486K, committed 4864K, reserved 1056768K
  class space    used 302K, capacity 386K, committed 512K, reserved 1048576K
[GC (Allocation Failure)  104199K->68359K(230400K), 0.0297897 secs]
Heap after GC invocations=1067 (full 1):
 PSYoungGen      total 69120K, used 32896K [0x00000007b9c00000, 0x00000007c0000000, 0x00000007c0000000)
  eden space 35840K, 0% used [0x00000007b9c00000,0x00000007b9c00000,0x00000007bbf00000)
  from space 33280K, 98% used [0x00000007bdf80000,0x00000007bffa0000,0x00000007c0000000)
  to   space 33280K, 0% used [0x00000007bbf00000,0x00000007bbf00000,0x00000007bdf80000)
 ParOldGen       total 161280K, used 35463K [0x00000006c1800000, 0x00000006cb580000, 0x00000007b9c00000)
  object space 161280K, 21% used [0x00000006c1800000,0x00000006c3aa1e80,0x00000006cb580000)
 Metaspace       used 2707K, capacity 4486K, committed 4864K, reserved 1056768K
  class space    used 302K, capacity 386K, committed 512K, reserved 1048576K
}
{Heap before GC invocations=1068 (full 1):
 PSYoungGen      total 69120K, used 68736K [0x00000007b9c00000, 0x00000007c0000000, 0x00000007c0000000)
  eden space 35840K, 100% used [0x00000007b9c00000,0x00000007bbf00000,0x00000007bbf00000)
  from space 33280K, 98% used [0x00000007bdf80000,0x00000007bffa0000,0x00000007c0000000)
  to   space 33280K, 0% used [0x00000007bbf00000,0x00000007bbf00000,0x00000007bdf80000)
 ParOldGen       total 161280K, used 35463K [0x00000006c1800000, 0x00000006cb580000, 0x00000007b9c00000)
  object space 161280K, 21% used [0x00000006c1800000,0x00000006c3aa1e80,0x00000006cb580000)
 Metaspace       used 2707K, capacity 4486K, committed 4864K, reserved 1056768K
  class space    used 302K, capacity 386K, committed 512K, reserved 1048576K
[GC (Allocation Failure)  104199K->68327K(230400K), 0.0328629 secs]
Heap after GC invocations=1068 (full 1):
 PSYoungGen      total 69120K, used 32864K [0x00000007b9c00000, 0x00000007c0000000, 0x00000007c0000000)
  eden space 35840K, 0% used [0x00000007b9c00000,0x00000007b9c00000,0x00000007bbf00000)
  from space 33280K, 98% used [0x00000007bbf00000,0x00000007bdf18000,0x00000007bdf80000)
  to   space 33280K, 0% used [0x00000007bdf80000,0x00000007bdf80000,0x00000007c0000000)
 ParOldGen       total 161280K, used 35463K [0x00000006c1800000, 0x00000006cb580000, 0x00000007b9c00000)
  object space 161280K, 21% used [0x00000006c1800000,0x00000006c3aa1e80,0x00000006cb580000)
 Metaspace       used 2707K, capacity 4486K, committed 4864K, reserved 1056768K
  class space    used 302K, capacity 386K, committed 512K, reserved 1048576K
}
{Heap before GC invocations=1069 (full 1):
 PSYoungGen      total 69120K, used 68704K [0x00000007b9c00000, 0x00000007c0000000, 0x00000007c0000000)
  eden space 35840K, 100% used [0x00000007b9c00000,0x00000007bbf00000,0x00000007bbf00000)
  from space 33280K, 98% used [0x00000007bbf00000,0x00000007bdf18000,0x00000007bdf80000)
  to   space 33280K, 0% used [0x00000007bdf80000,0x00000007bdf80000,0x00000007c0000000)
 ParOldGen       total 161280K, used 35463K [0x00000006c1800000, 0x00000006cb580000, 0x00000007b9c00000)
  object space 161280K, 21% used [0x00000006c1800000,0x00000006c3aa1e80,0x00000006cb580000)
 Metaspace       used 2707K, capacity 4486K, committed 4864K, reserved 1056768K
  class space    used 302K, capacity 386K, committed 512K, reserved 1048576K
[GC (Allocation Failure)  104167K->68359K(230400K), 0.0358364 secs]
Heap after GC invocations=1069 (full 1):
 PSYoungGen      total 69120K, used 32896K [0x00000007b9c00000, 0x00000007c0000000, 0x00000007c0000000)
  eden space 35840K, 0% used [0x00000007b9c00000,0x00000007b9c00000,0x00000007bbf00000)
  from space 33280K, 98% used [0x00000007bdf80000,0x00000007bffa0000,0x00000007c0000000)
  to   space 33280K, 0% used [0x00000007bbf00000,0x00000007bbf00000,0x00000007bdf80000)
 ParOldGen       total 161280K, used 35463K [0x00000006c1800000, 0x00000006cb580000, 0x00000007b9c00000)
  object space 161280K, 21% used [0x00000006c1800000,0x00000006c3aa1e80,0x00000006cb580000)
 Metaspace       used 2707K, capacity 4486K, committed 4864K, reserved 1056768K
  class space    used 302K, capacity 386K, committed 512K, reserved 1048576K
}
{Heap before GC invocations=1070 (full 1):
 PSYoungGen      total 69120K, used 68736K [0x00000007b9c00000, 0x00000007c0000000, 0x00000007c0000000)
  eden space 35840K, 100% used [0x00000007b9c00000,0x00000007bbf00000,0x00000007bbf00000)
  from space 33280K, 98% used [0x00000007bdf80000,0x00000007bffa0000,0x00000007c0000000)
  to   space 33280K, 0% used [0x00000007bbf00000,0x00000007bbf00000,0x00000007bdf80000)
 ParOldGen       total 161280K, used 35463K [0x00000006c1800000, 0x00000006cb580000, 0x00000007b9c00000)
  object space 161280K, 21% used [0x00000006c1800000,0x00000006c3aa1e80,0x00000006cb580000)
 Metaspace       used 2707K, capacity 4486K, committed 4864K, reserved 1056768K
  class space    used 302K, capacity 386K, committed 512K, reserved 1048576K
[GC (Allocation Failure)  104199K->68359K(230400K), 0.0371109 secs]
Heap after GC invocations=1070 (full 1):
 PSYoungGen      total 69120K, used 32896K [0x00000007b9c00000, 0x00000007c0000000, 0x00000007c0000000)
  eden space 35840K, 0% used [0x00000007b9c00000,0x00000007b9c00000,0x00000007bbf00000)
  from space 33280K, 98% used [0x00000007bbf00000,0x00000007bdf20000,0x00000007bdf80000)
  to   space 33280K, 0% used [0x00000007bdf80000,0x00000007bdf80000,0x00000007c0000000)
 ParOldGen       total 161280K, used 35463K [0x00000006c1800000, 0x00000006cb580000, 0x00000007b9c00000)
  object space 161280K, 21% used [0x00000006c1800000,0x00000006c3aa1e80,0x00000006cb580000)
 Metaspace       used 2707K, capacity 4486K, committed 4864K, reserved 1056768K
  class space    used 302K, capacity 386K, committed 512K, reserved 1048576K
}
{Heap before GC invocations=1071 (full 1):
 PSYoungGen      total 69120K, used 68736K [0x00000007b9c00000, 0x00000007c0000000, 0x00000007c0000000)
  eden space 35840K, 100% used [0x00000007b9c00000,0x00000007bbf00000,0x00000007bbf00000)
  from space 33280K, 98% used [0x00000007bbf00000,0x00000007bdf20000,0x00000007bdf80000)
  to   space 33280K, 0% used [0x00000007bdf80000,0x00000007bdf80000,0x00000007c0000000)
 ParOldGen       total 161280K, used 35463K [0x00000006c1800000, 0x00000006cb580000, 0x00000007b9c00000)
  object space 161280K, 21% used [0x00000006c1800000,0x00000006c3aa1e80,0x00000006cb580000)
 Metaspace       used 2707K, capacity 4486K, committed 4864K, reserved 1056768K
  class space    used 302K, capacity 386K, committed 512K, reserved 1048576K
[GC (Allocation Failure)  104199K->68359K(230400K), 0.0327607 secs]
Heap after GC invocations=1071 (full 1):
 PSYoungGen      total 69120K, used 32896K [0x00000007b9c00000, 0x00000007c0000000, 0x00000007c0000000)
  eden space 35840K, 0% used [0x00000007b9c00000,0x00000007b9c00000,0x00000007bbf00000)
  from space 33280K, 98% used [0x00000007bdf80000,0x00000007bffa0000,0x00000007c0000000)
  to   space 33280K, 0% used [0x00000007bbf00000,0x00000007bbf00000,0x00000007bdf80000)
 ParOldGen       total 161280K, used 35463K [0x00000006c1800000, 0x00000006cb580000, 0x00000007b9c00000)
  object space 161280K, 21% used [0x00000006c1800000,0x00000006c3aa1e80,0x00000006cb580000)
 Metaspace       used 2707K, capacity 4486K, committed 4864K, reserved 1056768K
  class space    used 302K, capacity 386K, committed 512K, reserved 1048576K
}
{Heap before GC invocations=1072 (full 1):
 PSYoungGen      total 69120K, used 68736K [0x00000007b9c00000, 0x00000007c0000000, 0x00000007c0000000)
  eden space 35840K, 100% used [0x00000007b9c00000,0x00000007bbf00000,0x00000007bbf00000)
  from space 33280K, 98% used [0x00000007bdf80000,0x00000007bffa0000,0x00000007c0000000)
  to   space 33280K, 0% used [0x00000007bbf00000,0x00000007bbf00000,0x00000007bdf80000)
 ParOldGen       total 161280K, used 35463K [0x00000006c1800000, 0x00000006cb580000, 0x00000007b9c00000)
  object space 161280K, 21% used [0x00000006c1800000,0x00000006c3aa1e80,0x00000006cb580000)
 Metaspace       used 2707K, capacity 4486K, committed 4864K, reserved 1056768K
  class space    used 302K, capacity 386K, committed 512K, reserved 1048576K
[GC (Allocation Failure)  104199K->68359K(230400K), 0.0313565 secs]
Heap after GC invocations=1072 (full 1):
 PSYoungGen      total 69120K, used 32896K [0x00000007b9c00000, 0x00000007c0000000, 0x00000007c0000000)
  eden space 35840K, 0% used [0x00000007b9c00000,0x00000007b9c00000,0x00000007bbf00000)
  from space 33280K, 98% used [0x00000007bbf00000,0x00000007bdf20000,0x00000007bdf80000)
  to   space 33280K, 0% used [0x00000007bdf80000,0x00000007bdf80000,0x00000007c0000000)
 ParOldGen       total 161280K, used 35463K [0x00000006c1800000, 0x00000006cb580000, 0x00000007b9c00000)
  object space 161280K, 21% used [0x00000006c1800000,0x00000006c3aa1e80,0x00000006cb580000)
 Metaspace       used 2707K, capacity 4486K, committed 4864K, reserved 1056768K
  class space    used 302K, capacity 386K, committed 512K, reserved 1048576K
}
{Heap before GC invocations=1073 (full 1):
 PSYoungGen      total 69120K, used 68736K [0x00000007b9c00000, 0x00000007c0000000, 0x00000007c0000000)
  eden space 35840K, 100% used [0x00000007b9c00000,0x00000007bbf00000,0x00000007bbf00000)
  from space 33280K, 98% used [0x00000007bbf00000,0x00000007bdf20000,0x00000007bdf80000)
  to   space 33280K, 0% used [0x00000007bdf80000,0x00000007bdf80000,0x00000007c0000000)
 ParOldGen       total 161280K, used 35463K [0x00000006c1800000, 0x00000006cb580000, 0x00000007b9c00000)
  object space 161280K, 21% used [0x00000006c1800000,0x00000006c3aa1e80,0x00000006cb580000)
 Metaspace       used 2707K, capacity 4486K, committed 4864K, reserved 1056768K
  class space    used 302K, capacity 386K, committed 512K, reserved 1048576K
[GC (Allocation Failure)  104199K->68359K(230400K), 0.0332819 secs]
Heap after GC invocations=1073 (full 1):
 PSYoungGen      total 69120K, used 32896K [0x00000007b9c00000, 0x00000007c0000000, 0x00000007c0000000)
  eden space 35840K, 0% used [0x00000007b9c00000,0x00000007b9c00000,0x00000007bbf00000)
  from space 33280K, 98% used [0x00000007bdf80000,0x00000007bffa0000,0x00000007c0000000)
  to   space 33280K, 0% used [0x00000007bbf00000,0x00000007bbf00000,0x00000007bdf80000)
 ParOldGen       total 161280K, used 35463K [0x00000006c1800000, 0x00000006cb580000, 0x00000007b9c00000)
  object space 161280K, 21% used [0x00000006c1800000,0x00000006c3aa1e80,0x00000006cb580000)
 Metaspace       used 2707K, capacity 4486K, committed 4864K, reserved 1056768K
  class space    used 302K, capacity 386K, committed 512K, reserved 1048576K
}
{Heap before GC invocations=1074 (full 1):
 PSYoungGen      total 69120K, used 68736K [0x00000007b9c00000, 0x00000007c0000000, 0x00000007c0000000)
  eden space 35840K, 100% used [0x00000007b9c00000,0x00000007bbf00000,0x00000007bbf00000)
  from space 33280K, 98% used [0x00000007bdf80000,0x00000007bffa0000,0x00000007c0000000)
  to   space 33280K, 0% used [0x00000007bbf00000,0x00000007bbf00000,0x00000007bdf80000)
 ParOldGen       total 161280K, used 35463K [0x00000006c1800000, 0x00000006cb580000, 0x00000007b9c00000)
  object space 161280K, 21% used [0x00000006c1800000,0x00000006c3aa1e80,0x00000006cb580000)
 Metaspace       used 2707K, capacity 4486K, committed 4864K, reserved 1056768K
  class space    used 302K, capacity 386K, committed 512K, reserved 1048576K
[GC (Allocation Failure)  104199K->68391K(230400K), 0.0322265 secs]
Heap after GC invocations=1074 (full 1):
 PSYoungGen      total 69120K, used 32928K [0x00000007b9c00000, 0x00000007c0000000, 0x00000007c0000000)
  eden space 35840K, 0% used [0x00000007b9c00000,0x00000007b9c00000,0x00000007bbf00000)
  from space 33280K, 98% used [0x00000007bbf00000,0x00000007bdf28000,0x00000007bdf80000)
  to   space 33280K, 0% used [0x00000007bdf80000,0x00000007bdf80000,0x00000007c0000000)
 ParOldGen       total 161280K, used 35463K [0x00000006c1800000, 0x00000006cb580000, 0x00000007b9c00000)
  object space 161280K, 21% used [0x00000006c1800000,0x00000006c3aa1e80,0x00000006cb580000)
 Metaspace       used 2707K, capacity 4486K, committed 4864K, reserved 1056768K
  class space    used 302K, capacity 386K, committed 512K, reserved 1048576K
}
{Heap before GC invocations=1075 (full 1):
 PSYoungGen      total 69120K, used 68768K [0x00000007b9c00000, 0x00000007c0000000, 0x00000007c0000000)
  eden space 35840K, 100% used [0x00000007b9c00000,0x00000007bbf00000,0x00000007bbf00000)
  from space 33280K, 98% used [0x00000007bbf00000,0x00000007bdf28000,0x00000007bdf80000)
  to   space 33280K, 0% used [0x00000007bdf80000,0x00000007bdf80000,0x00000007c0000000)
 ParOldGen       total 161280K, used 35463K [0x00000006c1800000, 0x00000006cb580000, 0x00000007b9c00000)
  object space 161280K, 21% used [0x00000006c1800000,0x00000006c3aa1e80,0x00000006cb580000)
 Metaspace       used 2707K, capacity 4486K, committed 4864K, reserved 1056768K
  class space    used 302K, capacity 386K, committed 512K, reserved 1048576K
[GC (Allocation Failure)  104231K->68359K(230400K), 0.0380703 secs]
Heap after GC invocations=1075 (full 1):
 PSYoungGen      total 69120K, used 32896K [0x00000007b9c00000, 0x00000007c0000000, 0x00000007c0000000)
  eden space 35840K, 0% used [0x00000007b9c00000,0x00000007b9c00000,0x00000007bbf00000)
  from space 33280K, 98% used [0x00000007bdf80000,0x00000007bffa0000,0x00000007c0000000)
  to   space 33280K, 0% used [0x00000007bbf00000,0x00000007bbf00000,0x00000007bdf80000)
 ParOldGen       total 161280K, used 35463K [0x00000006c1800000, 0x00000006cb580000, 0x00000007b9c00000)
  object space 161280K, 21% used [0x00000006c1800000,0x00000006c3aa1e80,0x00000006cb580000)
 Metaspace       used 2707K, capacity 4486K, committed 4864K, reserved 1056768K
  class space    used 302K, capacity 386K, committed 512K, reserved 1048576K
}
{Heap before GC invocations=1076 (full 1):
 PSYoungGen      total 69120K, used 68736K [0x00000007b9c00000, 0x00000007c0000000, 0x00000007c0000000)
  eden space 35840K, 100% used [0x00000007b9c00000,0x00000007bbf00000,0x00000007bbf00000)
  from space 33280K, 98% used [0x00000007bdf80000,0x00000007bffa0000,0x00000007c0000000)
  to   space 33280K, 0% used [0x00000007bbf00000,0x00000007bbf00000,0x00000007bdf80000)
 ParOldGen       total 161280K, used 35463K [0x00000006c1800000, 0x00000006cb580000, 0x00000007b9c00000)
  object space 161280K, 21% used [0x00000006c1800000,0x00000006c3aa1e80,0x00000006cb580000)
 Metaspace       used 2707K, capacity 4486K, committed 4864K, reserved 1056768K
  class space    used 302K, capacity 386K, committed 512K, reserved 1048576K
[GC (Allocation Failure)  104199K->68359K(230400K), 0.0423913 secs]
Heap after GC invocations=1076 (full 1):
 PSYoungGen      total 69120K, used 32896K [0x00000007b9c00000, 0x00000007c0000000, 0x00000007c0000000)
  eden space 35840K, 0% used [0x00000007b9c00000,0x00000007b9c00000,0x00000007bbf00000)
  from space 33280K, 98% used [0x00000007bbf00000,0x00000007bdf20000,0x00000007bdf80000)
  to   space 33280K, 0% used [0x00000007bdf80000,0x00000007bdf80000,0x00000007c0000000)
 ParOldGen       total 161280K, used 35463K [0x00000006c1800000, 0x00000006cb580000, 0x00000007b9c00000)
  object space 161280K, 21% used [0x00000006c1800000,0x00000006c3aa1e80,0x00000006cb580000)
 Metaspace       used 2707K, capacity 4486K, committed 4864K, reserved 1056768K
  class space    used 302K, capacity 386K, committed 512K, reserved 1048576K
}
{Heap before GC invocations=1077 (full 1):
 PSYoungGen      total 69120K, used 68736K [0x00000007b9c00000, 0x00000007c0000000, 0x00000007c0000000)
  eden space 35840K, 100% used [0x00000007b9c00000,0x00000007bbf00000,0x00000007bbf00000)
  from space 33280K, 98% used [0x00000007bbf00000,0x00000007bdf20000,0x00000007bdf80000)
  to   space 33280K, 0% used [0x00000007bdf80000,0x00000007bdf80000,0x00000007c0000000)
 ParOldGen       total 161280K, used 35463K [0x00000006c1800000, 0x00000006cb580000, 0x00000007b9c00000)
  object space 161280K, 21% used [0x00000006c1800000,0x00000006c3aa1e80,0x00000006cb580000)
 Metaspace       used 2707K, capacity 4486K, committed 4864K, reserved 1056768K
  class space    used 302K, capacity 386K, committed 512K, reserved 1048576K
[GC (Allocation Failure)  104199K->68359K(230400K), 0.0334917 secs]
Heap after GC invocations=1077 (full 1):
 PSYoungGen      total 69120K, used 32896K [0x00000007b9c00000, 0x00000007c0000000, 0x00000007c0000000)
  eden space 35840K, 0% used [0x00000007b9c00000,0x00000007b9c00000,0x00000007bbf00000)
  from space 33280K, 98% used [0x00000007bdf80000,0x00000007bffa0000,0x00000007c0000000)
  to   space 33280K, 0% used [0x00000007bbf00000,0x00000007bbf00000,0x00000007bdf80000)
 ParOldGen       total 161280K, used 35463K [0x00000006c1800000, 0x00000006cb580000, 0x00000007b9c00000)
  object space 161280K, 21% used [0x00000006c1800000,0x00000006c3aa1e80,0x00000006cb580000)
 Metaspace       used 2707K, capacity 4486K, committed 4864K, reserved 1056768K
  class space    used 302K, capacity 386K, committed 512K, reserved 1048576K
}
{Heap before GC invocations=1078 (full 1):
 PSYoungGen      total 69120K, used 68736K [0x00000007b9c00000, 0x00000007c0000000, 0x00000007c0000000)
  eden space 35840K, 100% used [0x00000007b9c00000,0x00000007bbf00000,0x00000007bbf00000)
  from space 33280K, 98% used [0x00000007bdf80000,0x00000007bffa0000,0x00000007c0000000)
  to   space 33280K, 0% used [0x00000007bbf00000,0x00000007bbf00000,0x00000007bdf80000)
 ParOldGen       total 161280K, used 35463K [0x00000006c1800000, 0x00000006cb580000, 0x00000007b9c00000)
  object space 161280K, 21% used [0x00000006c1800000,0x00000006c3aa1e80,0x00000006cb580000)
 Metaspace       used 2707K, capacity 4486K, committed 4864K, reserved 1056768K
  class space    used 302K, capacity 386K, committed 512K, reserved 1048576K
[GC (Allocation Failure)  104199K->68359K(230400K), 0.0340288 secs]
Heap after GC invocations=1078 (full 1):
 PSYoungGen      total 69120K, used 32896K [0x00000007b9c00000, 0x00000007c0000000, 0x00000007c0000000)
  eden space 35840K, 0% used [0x00000007b9c00000,0x00000007b9c00000,0x00000007bbf00000)
  from space 33280K, 98% used [0x00000007bbf00000,0x00000007bdf20000,0x00000007bdf80000)
  to   space 33280K, 0% used [0x00000007bdf80000,0x00000007bdf80000,0x00000007c0000000)
 ParOldGen       total 161280K, used 35463K [0x00000006c1800000, 0x00000006cb580000, 0x00000007b9c00000)
  object space 161280K, 21% used [0x00000006c1800000,0x00000006c3aa1e80,0x00000006cb580000)
 Metaspace       used 2707K, capacity 4486K, committed 4864K, reserved 1056768K
  class space    used 302K, capacity 386K, committed 512K, reserved 1048576K
}
{Heap before GC invocations=1079 (full 1):
 PSYoungGen      total 69120K, used 68736K [0x00000007b9c00000, 0x00000007c0000000, 0x00000007c0000000)
  eden space 35840K, 100% used [0x00000007b9c00000,0x00000007bbf00000,0x00000007bbf00000)
  from space 33280K, 98% used [0x00000007bbf00000,0x00000007bdf20000,0x00000007bdf80000)
  to   space 33280K, 0% used [0x00000007bdf80000,0x00000007bdf80000,0x00000007c0000000)
 ParOldGen       total 161280K, used 35463K [0x00000006c1800000, 0x00000006cb580000, 0x00000007b9c00000)
  object space 161280K, 21% used [0x00000006c1800000,0x00000006c3aa1e80,0x00000006cb580000)
 Metaspace       used 2707K, capacity 4486K, committed 4864K, reserved 1056768K
  class space    used 302K, capacity 386K, committed 512K, reserved 1048576K
[GC (Allocation Failure)  104199K->68327K(230400K), 0.0342658 secs]
Heap after GC invocations=1079 (full 1):
 PSYoungGen      total 69120K, used 32864K [0x00000007b9c00000, 0x00000007c0000000, 0x00000007c0000000)
  eden space 35840K, 0% used [0x00000007b9c00000,0x00000007b9c00000,0x00000007bbf00000)
  from space 33280K, 98% used [0x00000007bdf80000,0x00000007bff98000,0x00000007c0000000)
  to   space 33280K, 0% used [0x00000007bbf00000,0x00000007bbf00000,0x00000007bdf80000)
 ParOldGen       total 161280K, used 35463K [0x00000006c1800000, 0x00000006cb580000, 0x00000007b9c00000)
  object space 161280K, 21% used [0x00000006c1800000,0x00000006c3aa1e80,0x00000006cb580000)
 Metaspace       used 2707K, capacity 4486K, committed 4864K, reserved 1056768K
  class space    used 302K, capacity 386K, committed 512K, reserved 1048576K
}
{Heap before GC invocations=1080 (full 1):
 PSYoungGen      total 69120K, used 68704K [0x00000007b9c00000, 0x00000007c0000000, 0x00000007c0000000)
  eden space 35840K, 100% used [0x00000007b9c00000,0x00000007bbf00000,0x00000007bbf00000)
  from space 33280K, 98% used [0x00000007bdf80000,0x00000007bff98000,0x00000007c0000000)
  to   space 33280K, 0% used [0x00000007bbf00000,0x00000007bbf00000,0x00000007bdf80000)
 ParOldGen       total 161280K, used 35463K [0x00000006c1800000, 0x00000006cb580000, 0x00000007b9c00000)
  object space 161280K, 21% used [0x00000006c1800000,0x00000006c3aa1e80,0x00000006cb580000)
 Metaspace       used 2707K, capacity 4486K, committed 4864K, reserved 1056768K
  class space    used 302K, capacity 386K, committed 512K, reserved 1048576K
[GC (Allocation Failure)  104167K->68359K(230400K), 0.0317807 secs]
Heap after GC invocations=1080 (full 1):
 PSYoungGen      total 69120K, used 32896K [0x00000007b9c00000, 0x00000007c0000000, 0x00000007c0000000)
  eden space 35840K, 0% used [0x00000007b9c00000,0x00000007b9c00000,0x00000007bbf00000)
  from space 33280K, 98% used [0x00000007bbf00000,0x00000007bdf20000,0x00000007bdf80000)
  to   space 33280K, 0% used [0x00000007bdf80000,0x00000007bdf80000,0x00000007c0000000)
 ParOldGen       total 161280K, used 35463K [0x00000006c1800000, 0x00000006cb580000, 0x00000007b9c00000)
  object space 161280K, 21% used [0x00000006c1800000,0x00000006c3aa1e80,0x00000006cb580000)
 Metaspace       used 2707K, capacity 4486K, committed 4864K, reserved 1056768K
  class space    used 302K, capacity 386K, committed 512K, reserved 1048576K
}
{Heap before GC invocations=1081 (full 1):
 PSYoungGen      total 69120K, used 68736K [0x00000007b9c00000, 0x00000007c0000000, 0x00000007c0000000)
  eden space 35840K, 100% used [0x00000007b9c00000,0x00000007bbf00000,0x00000007bbf00000)
  from space 33280K, 98% used [0x00000007bbf00000,0x00000007bdf20000,0x00000007bdf80000)
  to   space 33280K, 0% used [0x00000007bdf80000,0x00000007bdf80000,0x00000007c0000000)
 ParOldGen       total 161280K, used 35463K [0x00000006c1800000, 0x00000006cb580000, 0x00000007b9c00000)
  object space 161280K, 21% used [0x00000006c1800000,0x00000006c3aa1e80,0x00000006cb580000)
 Metaspace       used 2707K, capacity 4486K, committed 4864K, reserved 1056768K
  class space    used 302K, capacity 386K, committed 512K, reserved 1048576K
[GC (Allocation Failure)  104199K->68359K(230400K), 0.0313171 secs]
Heap after GC invocations=1081 (full 1):
 PSYoungGen      total 69120K, used 32896K [0x00000007b9c00000, 0x00000007c0000000, 0x00000007c0000000)
  eden space 35840K, 0% used [0x00000007b9c00000,0x00000007b9c00000,0x00000007bbf00000)
  from space 33280K, 98% used [0x00000007bdf80000,0x00000007bffa0000,0x00000007c0000000)
  to   space 33280K, 0% used [0x00000007bbf00000,0x00000007bbf00000,0x00000007bdf80000)
 ParOldGen       total 161280K, used 35463K [0x00000006c1800000, 0x00000006cb580000, 0x00000007b9c00000)
  object space 161280K, 21% used [0x00000006c1800000,0x00000006c3aa1e80,0x00000006cb580000)
 Metaspace       used 2707K, capacity 4486K, committed 4864K, reserved 1056768K
  class space    used 302K, capacity 386K, committed 512K, reserved 1048576K
}
{Heap before GC invocations=1082 (full 1):
 PSYoungGen      total 69120K, used 68736K [0x00000007b9c00000, 0x00000007c0000000, 0x00000007c0000000)
  eden space 35840K, 100% used [0x00000007b9c00000,0x00000007bbf00000,0x00000007bbf00000)
  from space 33280K, 98% used [0x00000007bdf80000,0x00000007bffa0000,0x00000007c0000000)
  to   space 33280K, 0% used [0x00000007bbf00000,0x00000007bbf00000,0x00000007bdf80000)
 ParOldGen       total 161280K, used 35463K [0x00000006c1800000, 0x00000006cb580000, 0x00000007b9c00000)
  object space 161280K, 21% used [0x00000006c1800000,0x00000006c3aa1e80,0x00000006cb580000)
 Metaspace       used 2707K, capacity 4486K, committed 4864K, reserved 1056768K
  class space    used 302K, capacity 386K, committed 512K, reserved 1048576K
[GC (Allocation Failure)  104199K->68391K(230400K), 0.0343941 secs]
Heap after GC invocations=1082 (full 1):
 PSYoungGen      total 69120K, used 32928K [0x00000007b9c00000, 0x00000007c0000000, 0x00000007c0000000)
  eden space 35840K, 0% used [0x00000007b9c00000,0x00000007b9c00000,0x00000007bbf00000)
  from space 33280K, 98% used [0x00000007bbf00000,0x00000007bdf28000,0x00000007bdf80000)
  to   space 33280K, 0% used [0x00000007bdf80000,0x00000007bdf80000,0x00000007c0000000)
 ParOldGen       total 161280K, used 35463K [0x00000006c1800000, 0x00000006cb580000, 0x00000007b9c00000)
  object space 161280K, 21% used [0x00000006c1800000,0x00000006c3aa1e80,0x00000006cb580000)
 Metaspace       used 2707K, capacity 4486K, committed 4864K, reserved 1056768K
  class space    used 302K, capacity 386K, committed 512K, reserved 1048576K
}
{Heap before GC invocations=1083 (full 1):
 PSYoungGen      total 69120K, used 68768K [0x00000007b9c00000, 0x00000007c0000000, 0x00000007c0000000)
  eden space 35840K, 100% used [0x00000007b9c00000,0x00000007bbf00000,0x00000007bbf00000)
  from space 33280K, 98% used [0x00000007bbf00000,0x00000007bdf28000,0x00000007bdf80000)
  to   space 33280K, 0% used [0x00000007bdf80000,0x00000007bdf80000,0x00000007c0000000)
 ParOldGen       total 161280K, used 35463K [0x00000006c1800000, 0x00000006cb580000, 0x00000007b9c00000)
  object space 161280K, 21% used [0x00000006c1800000,0x00000006c3aa1e80,0x00000006cb580000)
 Metaspace       used 2707K, capacity 4486K, committed 4864K, reserved 1056768K
  class space    used 302K, capacity 386K, committed 512K, reserved 1048576K
[GC (Allocation Failure)  104231K->68327K(230400K), 0.0334172 secs]
Heap after GC invocations=1083 (full 1):
 PSYoungGen      total 69120K, used 32864K [0x00000007b9c00000, 0x00000007c0000000, 0x00000007c0000000)
  eden space 35840K, 0% used [0x00000007b9c00000,0x00000007b9c00000,0x00000007bbf00000)
  from space 33280K, 98% used [0x00000007bdf80000,0x00000007bff98000,0x00000007c0000000)
  to   space 33280K, 0% used [0x00000007bbf00000,0x00000007bbf00000,0x00000007bdf80000)
 ParOldGen       total 161280K, used 35463K [0x00000006c1800000, 0x00000006cb580000, 0x00000007b9c00000)
  object space 161280K, 21% used [0x00000006c1800000,0x00000006c3aa1e80,0x00000006cb580000)
 Metaspace       used 2707K, capacity 4486K, committed 4864K, reserved 1056768K
  class space    used 302K, capacity 386K, committed 512K, reserved 1048576K
}
{Heap before GC invocations=1084 (full 1):
 PSYoungGen      total 69120K, used 68704K [0x00000007b9c00000, 0x00000007c0000000, 0x00000007c0000000)
  eden space 35840K, 100% used [0x00000007b9c00000,0x00000007bbf00000,0x00000007bbf00000)
  from space 33280K, 98% used [0x00000007bdf80000,0x00000007bff98000,0x00000007c0000000)
  to   space 33280K, 0% used [0x00000007bbf00000,0x00000007bbf00000,0x00000007bdf80000)
 ParOldGen       total 161280K, used 35463K [0x00000006c1800000, 0x00000006cb580000, 0x00000007b9c00000)
  object space 161280K, 21% used [0x00000006c1800000,0x00000006c3aa1e80,0x00000006cb580000)
 Metaspace       used 2707K, capacity 4486K, committed 4864K, reserved 1056768K
  class space    used 302K, capacity 386K, committed 512K, reserved 1048576K
[GC (Allocation Failure)  104167K->68327K(230400K), 0.0355416 secs]
Heap after GC invocations=1084 (full 1):
 PSYoungGen      total 69120K, used 32864K [0x00000007b9c00000, 0x00000007c0000000, 0x00000007c0000000)
  eden space 35840K, 0% used [0x00000007b9c00000,0x00000007b9c00000,0x00000007bbf00000)
  from space 33280K, 98% used [0x00000007bbf00000,0x00000007bdf18000,0x00000007bdf80000)
  to   space 33280K, 0% used [0x00000007bdf80000,0x00000007bdf80000,0x00000007c0000000)
 ParOldGen       total 161280K, used 35463K [0x00000006c1800000, 0x00000006cb580000, 0x00000007b9c00000)
  object space 161280K, 21% used [0x00000006c1800000,0x00000006c3aa1e80,0x00000006cb580000)
 Metaspace       used 2707K, capacity 4486K, committed 4864K, reserved 1056768K
  class space    used 302K, capacity 386K, committed 512K, reserved 1048576K
}
{Heap before GC invocations=1085 (full 1):
 PSYoungGen      total 69120K, used 68704K [0x00000007b9c00000, 0x00000007c0000000, 0x00000007c0000000)
  eden space 35840K, 100% used [0x00000007b9c00000,0x00000007bbf00000,0x00000007bbf00000)
  from space 33280K, 98% used [0x00000007bbf00000,0x00000007bdf18000,0x00000007bdf80000)
  to   space 33280K, 0% used [0x00000007bdf80000,0x00000007bdf80000,0x00000007c0000000)
 ParOldGen       total 161280K, used 35463K [0x00000006c1800000, 0x00000006cb580000, 0x00000007b9c00000)
  object space 161280K, 21% used [0x00000006c1800000,0x00000006c3aa1e80,0x00000006cb580000)
 Metaspace       used 2707K, capacity 4486K, committed 4864K, reserved 1056768K
  class space    used 302K, capacity 386K, committed 512K, reserved 1048576K
[GC (Allocation Failure)  104167K->68359K(230400K), 0.0315376 secs]
Heap after GC invocations=1085 (full 1):
 PSYoungGen      total 69120K, used 32896K [0x00000007b9c00000, 0x00000007c0000000, 0x00000007c0000000)
  eden space 35840K, 0% used [0x00000007b9c00000,0x00000007b9c00000,0x00000007bbf00000)
  from space 33280K, 98% used [0x00000007bdf80000,0x00000007bffa0000,0x00000007c0000000)
  to   space 33280K, 0% used [0x00000007bbf00000,0x00000007bbf00000,0x00000007bdf80000)
 ParOldGen       total 161280K, used 35463K [0x00000006c1800000, 0x00000006cb580000, 0x00000007b9c00000)
  object space 161280K, 21% used [0x00000006c1800000,0x00000006c3aa1e80,0x00000006cb580000)
 Metaspace       used 2707K, capacity 4486K, committed 4864K, reserved 1056768K
  class space    used 302K, capacity 386K, committed 512K, reserved 1048576K
}
{Heap before GC invocations=1086 (full 1):
 PSYoungGen      total 69120K, used 68736K [0x00000007b9c00000, 0x00000007c0000000, 0x00000007c0000000)
  eden space 35840K, 100% used [0x00000007b9c00000,0x00000007bbf00000,0x00000007bbf00000)
  from space 33280K, 98% used [0x00000007bdf80000,0x00000007bffa0000,0x00000007c0000000)
  to   space 33280K, 0% used [0x00000007bbf00000,0x00000007bbf00000,0x00000007bdf80000)
 ParOldGen       total 161280K, used 35463K [0x00000006c1800000, 0x00000006cb580000, 0x00000007b9c00000)
  object space 161280K, 21% used [0x00000006c1800000,0x00000006c3aa1e80,0x00000006cb580000)
 Metaspace       used 2707K, capacity 4486K, committed 4864K, reserved 1056768K
  class space    used 302K, capacity 386K, committed 512K, reserved 1048576K
[GC (Allocation Failure)  104199K->68327K(230400K), 0.0346936 secs]
Heap after GC invocations=1086 (full 1):
 PSYoungGen      total 69120K, used 32864K [0x00000007b9c00000, 0x00000007c0000000, 0x00000007c0000000)
  eden space 35840K, 0% used [0x00000007b9c00000,0x00000007b9c00000,0x00000007bbf00000)
  from space 33280K, 98% used [0x00000007bbf00000,0x00000007bdf18000,0x00000007bdf80000)
  to   space 33280K, 0% used [0x00000007bdf80000,0x00000007bdf80000,0x00000007c0000000)
 ParOldGen       total 161280K, used 35463K [0x00000006c1800000, 0x00000006cb580000, 0x00000007b9c00000)
  object space 161280K, 21% used [0x00000006c1800000,0x00000006c3aa1e80,0x00000006cb580000)
 Metaspace       used 2707K, capacity 4486K, committed 4864K, reserved 1056768K
  class space    used 302K, capacity 386K, committed 512K, reserved 1048576K
}
{Heap before GC invocations=1087 (full 1):
 PSYoungGen      total 69120K, used 68704K [0x00000007b9c00000, 0x00000007c0000000, 0x00000007c0000000)
  eden space 35840K, 100% used [0x00000007b9c00000,0x00000007bbf00000,0x00000007bbf00000)
  from space 33280K, 98% used [0x00000007bbf00000,0x00000007bdf18000,0x00000007bdf80000)
  to   space 33280K, 0% used [0x00000007bdf80000,0x00000007bdf80000,0x00000007c0000000)
 ParOldGen       total 161280K, used 35463K [0x00000006c1800000, 0x00000006cb580000, 0x00000007b9c00000)
  object space 161280K, 21% used [0x00000006c1800000,0x00000006c3aa1e80,0x00000006cb580000)
 Metaspace       used 2707K, capacity 4486K, committed 4864K, reserved 1056768K
  class space    used 302K, capacity 386K, committed 512K, reserved 1048576K
[GC (Allocation Failure)  104167K->68359K(230400K), 0.0338603 secs]
Heap after GC invocations=1087 (full 1):
 PSYoungGen      total 69120K, used 32896K [0x00000007b9c00000, 0x00000007c0000000, 0x00000007c0000000)
  eden space 35840K, 0% used [0x00000007b9c00000,0x00000007b9c00000,0x00000007bbf00000)
  from space 33280K, 98% used [0x00000007bdf80000,0x00000007bffa0000,0x00000007c0000000)
  to   space 33280K, 0% used [0x00000007bbf00000,0x00000007bbf00000,0x00000007bdf80000)
 ParOldGen       total 161280K, used 35463K [0x00000006c1800000, 0x00000006cb580000, 0x00000007b9c00000)
  object space 161280K, 21% used [0x00000006c1800000,0x00000006c3aa1e80,0x00000006cb580000)
 Metaspace       used 2707K, capacity 4486K, committed 4864K, reserved 1056768K
  class space    used 302K, capacity 386K, committed 512K, reserved 1048576K
}
{Heap before GC invocations=1088 (full 1):
 PSYoungGen      total 69120K, used 68736K [0x00000007b9c00000, 0x00000007c0000000, 0x00000007c0000000)
  eden space 35840K, 100% used [0x00000007b9c00000,0x00000007bbf00000,0x00000007bbf00000)
  from space 33280K, 98% used [0x00000007bdf80000,0x00000007bffa0000,0x00000007c0000000)
  to   space 33280K, 0% used [0x00000007bbf00000,0x00000007bbf00000,0x00000007bdf80000)
 ParOldGen       total 161280K, used 35463K [0x00000006c1800000, 0x00000006cb580000, 0x00000007b9c00000)
  object space 161280K, 21% used [0x00000006c1800000,0x00000006c3aa1e80,0x00000006cb580000)
 Metaspace       used 2707K, capacity 4486K, committed 4864K, reserved 1056768K
  class space    used 302K, capacity 386K, committed 512K, reserved 1048576K
[GC (Allocation Failure)  104199K->68359K(230400K), 0.0296366 secs]
Heap after GC invocations=1088 (full 1):
 PSYoungGen      total 69120K, used 32896K [0x00000007b9c00000, 0x00000007c0000000, 0x00000007c0000000)
  eden space 35840K, 0% used [0x00000007b9c00000,0x00000007b9c00000,0x00000007bbf00000)
  from space 33280K, 98% used [0x00000007bbf00000,0x00000007bdf20000,0x00000007bdf80000)
  to   space 33280K, 0% used [0x00000007bdf80000,0x00000007bdf80000,0x00000007c0000000)
 ParOldGen       total 161280K, used 35463K [0x00000006c1800000, 0x00000006cb580000, 0x00000007b9c00000)
  object space 161280K, 21% used [0x00000006c1800000,0x00000006c3aa1e80,0x00000006cb580000)
 Metaspace       used 2707K, capacity 4486K, committed 4864K, reserved 1056768K
  class space    used 302K, capacity 386K, committed 512K, reserved 1048576K
}
{Heap before GC invocations=1089 (full 1):
 PSYoungGen      total 69120K, used 68736K [0x00000007b9c00000, 0x00000007c0000000, 0x00000007c0000000)
  eden space 35840K, 100% used [0x00000007b9c00000,0x00000007bbf00000,0x00000007bbf00000)
  from space 33280K, 98% used [0x00000007bbf00000,0x00000007bdf20000,0x00000007bdf80000)
  to   space 33280K, 0% used [0x00000007bdf80000,0x00000007bdf80000,0x00000007c0000000)
 ParOldGen       total 161280K, used 35463K [0x00000006c1800000, 0x00000006cb580000, 0x00000007b9c00000)
  object space 161280K, 21% used [0x00000006c1800000,0x00000006c3aa1e80,0x00000006cb580000)
 Metaspace       used 2707K, capacity 4486K, committed 4864K, reserved 1056768K
  class space    used 302K, capacity 386K, committed 512K, reserved 1048576K
[GC (Allocation Failure)  104199K->68391K(230400K), 0.0308643 secs]
Heap after GC invocations=1089 (full 1):
 PSYoungGen      total 69120K, used 32928K [0x00000007b9c00000, 0x00000007c0000000, 0x00000007c0000000)
  eden space 35840K, 0% used [0x00000007b9c00000,0x00000007b9c00000,0x00000007bbf00000)
  from space 33280K, 98% used [0x00000007bdf80000,0x00000007bffa8000,0x00000007c0000000)
  to   space 33280K, 0% used [0x00000007bbf00000,0x00000007bbf00000,0x00000007bdf80000)
 ParOldGen       total 161280K, used 35463K [0x00000006c1800000, 0x00000006cb580000, 0x00000007b9c00000)
  object space 161280K, 21% used [0x00000006c1800000,0x00000006c3aa1e80,0x00000006cb580000)
 Metaspace       used 2707K, capacity 4486K, committed 4864K, reserved 1056768K
  class space    used 302K, capacity 386K, committed 512K, reserved 1048576K
}
{Heap before GC invocations=1090 (full 1):
 PSYoungGen      total 69120K, used 68768K [0x00000007b9c00000, 0x00000007c0000000, 0x00000007c0000000)
  eden space 35840K, 100% used [0x00000007b9c00000,0x00000007bbf00000,0x00000007bbf00000)
  from space 33280K, 98% used [0x00000007bdf80000,0x00000007bffa8000,0x00000007c0000000)
  to   space 33280K, 0% used [0x00000007bbf00000,0x00000007bbf00000,0x00000007bdf80000)
 ParOldGen       total 161280K, used 35463K [0x00000006c1800000, 0x00000006cb580000, 0x00000007b9c00000)
  object space 161280K, 21% used [0x00000006c1800000,0x00000006c3aa1e80,0x00000006cb580000)
 Metaspace       used 2707K, capacity 4486K, committed 4864K, reserved 1056768K
  class space    used 302K, capacity 386K, committed 512K, reserved 1048576K
[GC (Allocation Failure)  104231K->68327K(230400K), 0.0352057 secs]
Heap after GC invocations=1090 (full 1):
 PSYoungGen      total 69120K, used 32864K [0x00000007b9c00000, 0x00000007c0000000, 0x00000007c0000000)
  eden space 35840K, 0% used [0x00000007b9c00000,0x00000007b9c00000,0x00000007bbf00000)
  from space 33280K, 98% used [0x00000007bbf00000,0x00000007bdf18000,0x00000007bdf80000)
  to   space 33280K, 0% used [0x00000007bdf80000,0x00000007bdf80000,0x00000007c0000000)
 ParOldGen       total 161280K, used 35463K [0x00000006c1800000, 0x00000006cb580000, 0x00000007b9c00000)
  object space 161280K, 21% used [0x00000006c1800000,0x00000006c3aa1e80,0x00000006cb580000)
 Metaspace       used 2707K, capacity 4486K, committed 4864K, reserved 1056768K
  class space    used 302K, capacity 386K, committed 512K, reserved 1048576K
}
{Heap before GC invocations=1091 (full 1):
 PSYoungGen      total 69120K, used 68704K [0x00000007b9c00000, 0x00000007c0000000, 0x00000007c0000000)
  eden space 35840K, 100% used [0x00000007b9c00000,0x00000007bbf00000,0x00000007bbf00000)
  from space 33280K, 98% used [0x00000007bbf00000,0x00000007bdf18000,0x00000007bdf80000)
  to   space 33280K, 0% used [0x00000007bdf80000,0x00000007bdf80000,0x00000007c0000000)
 ParOldGen       total 161280K, used 35463K [0x00000006c1800000, 0x00000006cb580000, 0x00000007b9c00000)
  object space 161280K, 21% used [0x00000006c1800000,0x00000006c3aa1e80,0x00000006cb580000)
 Metaspace       used 2707K, capacity 4486K, committed 4864K, reserved 1056768K
  class space    used 302K, capacity 386K, committed 512K, reserved 1048576K
[GC (Allocation Failure)  104167K->68359K(230400K), 0.0320002 secs]
Heap after GC invocations=1091 (full 1):
 PSYoungGen      total 69120K, used 32896K [0x00000007b9c00000, 0x00000007c0000000, 0x00000007c0000000)
  eden space 35840K, 0% used [0x00000007b9c00000,0x00000007b9c00000,0x00000007bbf00000)
  from space 33280K, 98% used [0x00000007bdf80000,0x00000007bffa0000,0x00000007c0000000)
  to   space 33280K, 0% used [0x00000007bbf00000,0x00000007bbf00000,0x00000007bdf80000)
 ParOldGen       total 161280K, used 35463K [0x00000006c1800000, 0x00000006cb580000, 0x00000007b9c00000)
  object space 161280K, 21% used [0x00000006c1800000,0x00000006c3aa1e80,0x00000006cb580000)
 Metaspace       used 2707K, capacity 4486K, committed 4864K, reserved 1056768K
  class space    used 302K, capacity 386K, committed 512K, reserved 1048576K
}
{Heap before GC invocations=1092 (full 1):
 PSYoungGen      total 69120K, used 68736K [0x00000007b9c00000, 0x00000007c0000000, 0x00000007c0000000)
  eden space 35840K, 100% used [0x00000007b9c00000,0x00000007bbf00000,0x00000007bbf00000)
  from space 33280K, 98% used [0x00000007bdf80000,0x00000007bffa0000,0x00000007c0000000)
  to   space 33280K, 0% used [0x00000007bbf00000,0x00000007bbf00000,0x00000007bdf80000)
 ParOldGen       total 161280K, used 35463K [0x00000006c1800000, 0x00000006cb580000, 0x00000007b9c00000)
  object space 161280K, 21% used [0x00000006c1800000,0x00000006c3aa1e80,0x00000006cb580000)
 Metaspace       used 2707K, capacity 4486K, committed 4864K, reserved 1056768K
  class space    used 302K, capacity 386K, committed 512K, reserved 1048576K
[GC (Allocation Failure)  104199K->68359K(230400K), 0.0319468 secs]
Heap after GC invocations=1092 (full 1):
 PSYoungGen      total 69120K, used 32896K [0x00000007b9c00000, 0x00000007c0000000, 0x00000007c0000000)
  eden space 35840K, 0% used [0x00000007b9c00000,0x00000007b9c00000,0x00000007bbf00000)
  from space 33280K, 98% used [0x00000007bbf00000,0x00000007bdf20000,0x00000007bdf80000)
  to   space 33280K, 0% used [0x00000007bdf80000,0x00000007bdf80000,0x00000007c0000000)
 ParOldGen       total 161280K, used 35463K [0x00000006c1800000, 0x00000006cb580000, 0x00000007b9c00000)
  object space 161280K, 21% used [0x00000006c1800000,0x00000006c3aa1e80,0x00000006cb580000)
 Metaspace       used 2707K, capacity 4486K, committed 4864K, reserved 1056768K
  class space    used 302K, capacity 386K, committed 512K, reserved 1048576K
}
{Heap before GC invocations=1093 (full 1):
 PSYoungGen      total 69120K, used 68736K [0x00000007b9c00000, 0x00000007c0000000, 0x00000007c0000000)
  eden space 35840K, 100% used [0x00000007b9c00000,0x00000007bbf00000,0x00000007bbf00000)
  from space 33280K, 98% used [0x00000007bbf00000,0x00000007bdf20000,0x00000007bdf80000)
  to   space 33280K, 0% used [0x00000007bdf80000,0x00000007bdf80000,0x00000007c0000000)
 ParOldGen       total 161280K, used 35463K [0x00000006c1800000, 0x00000006cb580000, 0x00000007b9c00000)
  object space 161280K, 21% used [0x00000006c1800000,0x00000006c3aa1e80,0x00000006cb580000)
 Metaspace       used 2707K, capacity 4486K, committed 4864K, reserved 1056768K
  class space    used 302K, capacity 386K, committed 512K, reserved 1048576K
[GC (Allocation Failure)  104199K->68359K(230400K), 0.0311383 secs]
Heap after GC invocations=1093 (full 1):
 PSYoungGen      total 69120K, used 32896K [0x00000007b9c00000, 0x00000007c0000000, 0x00000007c0000000)
  eden space 35840K, 0% used [0x00000007b9c00000,0x00000007b9c00000,0x00000007bbf00000)
  from space 33280K, 98% used [0x00000007bdf80000,0x00000007bffa0000,0x00000007c0000000)
  to   space 33280K, 0% used [0x00000007bbf00000,0x00000007bbf00000,0x00000007bdf80000)
 ParOldGen       total 161280K, used 35463K [0x00000006c1800000, 0x00000006cb580000, 0x00000007b9c00000)
  object space 161280K, 21% used [0x00000006c1800000,0x00000006c3aa1e80,0x00000006cb580000)
 Metaspace       used 2707K, capacity 4486K, committed 4864K, reserved 1056768K
  class space    used 302K, capacity 386K, committed 512K, reserved 1048576K
}
{Heap before GC invocations=1094 (full 1):
 PSYoungGen      total 69120K, used 68736K [0x00000007b9c00000, 0x00000007c0000000, 0x00000007c0000000)
  eden space 35840K, 100% used [0x00000007b9c00000,0x00000007bbf00000,0x00000007bbf00000)
  from space 33280K, 98% used [0x00000007bdf80000,0x00000007bffa0000,0x00000007c0000000)
  to   space 33280K, 0% used [0x00000007bbf00000,0x00000007bbf00000,0x00000007bdf80000)
 ParOldGen       total 161280K, used 35463K [0x00000006c1800000, 0x00000006cb580000, 0x00000007b9c00000)
  object space 161280K, 21% used [0x00000006c1800000,0x00000006c3aa1e80,0x00000006cb580000)
 Metaspace       used 2707K, capacity 4486K, committed 4864K, reserved 1056768K
  class space    used 302K, capacity 386K, committed 512K, reserved 1048576K
[GC (Allocation Failure)  104199K->68327K(230400K), 0.0360801 secs]
Heap after GC invocations=1094 (full 1):
 PSYoungGen      total 69120K, used 32864K [0x00000007b9c00000, 0x00000007c0000000, 0x00000007c0000000)
  eden space 35840K, 0% used [0x00000007b9c00000,0x00000007b9c00000,0x00000007bbf00000)
  from space 33280K, 98% used [0x00000007bbf00000,0x00000007bdf18000,0x00000007bdf80000)
  to   space 33280K, 0% used [0x00000007bdf80000,0x00000007bdf80000,0x00000007c0000000)
 ParOldGen       total 161280K, used 35463K [0x00000006c1800000, 0x00000006cb580000, 0x00000007b9c00000)
  object space 161280K, 21% used [0x00000006c1800000,0x00000006c3aa1e80,0x00000006cb580000)
 Metaspace       used 2707K, capacity 4486K, committed 4864K, reserved 1056768K
  class space    used 302K, capacity 386K, committed 512K, reserved 1048576K
}
{Heap before GC invocations=1095 (full 1):
 PSYoungGen      total 69120K, used 68704K [0x00000007b9c00000, 0x00000007c0000000, 0x00000007c0000000)
  eden space 35840K, 100% used [0x00000007b9c00000,0x00000007bbf00000,0x00000007bbf00000)
  from space 33280K, 98% used [0x00000007bbf00000,0x00000007bdf18000,0x00000007bdf80000)
  to   space 33280K, 0% used [0x00000007bdf80000,0x00000007bdf80000,0x00000007c0000000)
 ParOldGen       total 161280K, used 35463K [0x00000006c1800000, 0x00000006cb580000, 0x00000007b9c00000)
  object space 161280K, 21% used [0x00000006c1800000,0x00000006c3aa1e80,0x00000006cb580000)
 Metaspace       used 2707K, capacity 4486K, committed 4864K, reserved 1056768K
  class space    used 302K, capacity 386K, committed 512K, reserved 1048576K
[GC (Allocation Failure)  104167K->68327K(230400K), 0.0298820 secs]
Heap after GC invocations=1095 (full 1):
 PSYoungGen      total 69120K, used 32864K [0x00000007b9c00000, 0x00000007c0000000, 0x00000007c0000000)
  eden space 35840K, 0% used [0x00000007b9c00000,0x00000007b9c00000,0x00000007bbf00000)
  from space 33280K, 98% used [0x00000007bdf80000,0x00000007bff98000,0x00000007c0000000)
  to   space 33280K, 0% used [0x00000007bbf00000,0x00000007bbf00000,0x00000007bdf80000)
 ParOldGen       total 161280K, used 35463K [0x00000006c1800000, 0x00000006cb580000, 0x00000007b9c00000)
  object space 161280K, 21% used [0x00000006c1800000,0x00000006c3aa1e80,0x00000006cb580000)
 Metaspace       used 2707K, capacity 4486K, committed 4864K, reserved 1056768K
  class space    used 302K, capacity 386K, committed 512K, reserved 1048576K
}
{Heap before GC invocations=1096 (full 1):
 PSYoungGen      total 69120K, used 68704K [0x00000007b9c00000, 0x00000007c0000000, 0x00000007c0000000)
  eden space 35840K, 100% used [0x00000007b9c00000,0x00000007bbf00000,0x00000007bbf00000)
  from space 33280K, 98% used [0x00000007bdf80000,0x00000007bff98000,0x00000007c0000000)
  to   space 33280K, 0% used [0x00000007bbf00000,0x00000007bbf00000,0x00000007bdf80000)
 ParOldGen       total 161280K, used 35463K [0x00000006c1800000, 0x00000006cb580000, 0x00000007b9c00000)
  object space 161280K, 21% used [0x00000006c1800000,0x00000006c3aa1e80,0x00000006cb580000)
 Metaspace       used 2707K, capacity 4486K, committed 4864K, reserved 1056768K
  class space    used 302K, capacity 386K, committed 512K, reserved 1048576K
[GC (Allocation Failure)  104167K->68359K(230400K), 0.0310491 secs]
Heap after GC invocations=1096 (full 1):
 PSYoungGen      total 69120K, used 32896K [0x00000007b9c00000, 0x00000007c0000000, 0x00000007c0000000)
  eden space 35840K, 0% used [0x00000007b9c00000,0x00000007b9c00000,0x00000007bbf00000)
  from space 33280K, 98% used [0x00000007bbf00000,0x00000007bdf20000,0x00000007bdf80000)
  to   space 33280K, 0% used [0x00000007bdf80000,0x00000007bdf80000,0x00000007c0000000)
 ParOldGen       total 161280K, used 35463K [0x00000006c1800000, 0x00000006cb580000, 0x00000007b9c00000)
  object space 161280K, 21% used [0x00000006c1800000,0x00000006c3aa1e80,0x00000006cb580000)
 Metaspace       used 2707K, capacity 4486K, committed 4864K, reserved 1056768K
  class space    used 302K, capacity 386K, committed 512K, reserved 1048576K
}
{Heap before GC invocations=1097 (full 1):
 PSYoungGen      total 69120K, used 68736K [0x00000007b9c00000, 0x00000007c0000000, 0x00000007c0000000)
  eden space 35840K, 100% used [0x00000007b9c00000,0x00000007bbf00000,0x00000007bbf00000)
  from space 33280K, 98% used [0x00000007bbf00000,0x00000007bdf20000,0x00000007bdf80000)
  to   space 33280K, 0% used [0x00000007bdf80000,0x00000007bdf80000,0x00000007c0000000)
 ParOldGen       total 161280K, used 35463K [0x00000006c1800000, 0x00000006cb580000, 0x00000007b9c00000)
  object space 161280K, 21% used [0x00000006c1800000,0x00000006c3aa1e80,0x00000006cb580000)
 Metaspace       used 2707K, capacity 4486K, committed 4864K, reserved 1056768K
  class space    used 302K, capacity 386K, committed 512K, reserved 1048576K
[GC (Allocation Failure)  104199K->68359K(230400K), 0.0357317 secs]
Heap after GC invocations=1097 (full 1):
 PSYoungGen      total 69120K, used 32896K [0x00000007b9c00000, 0x00000007c0000000, 0x00000007c0000000)
  eden space 35840K, 0% used [0x00000007b9c00000,0x00000007b9c00000,0x00000007bbf00000)
  from space 33280K, 98% used [0x00000007bdf80000,0x00000007bffa0000,0x00000007c0000000)
  to   space 33280K, 0% used [0x00000007bbf00000,0x00000007bbf00000,0x00000007bdf80000)
 ParOldGen       total 161280K, used 35463K [0x00000006c1800000, 0x00000006cb580000, 0x00000007b9c00000)
  object space 161280K, 21% used [0x00000006c1800000,0x00000006c3aa1e80,0x00000006cb580000)
 Metaspace       used 2707K, capacity 4486K, committed 4864K, reserved 1056768K
  class space    used 302K, capacity 386K, committed 512K, reserved 1048576K
}
{Heap before GC invocations=1098 (full 1):
 PSYoungGen      total 69120K, used 68736K [0x00000007b9c00000, 0x00000007c0000000, 0x00000007c0000000)
  eden space 35840K, 100% used [0x00000007b9c00000,0x00000007bbf00000,0x00000007bbf00000)
  from space 33280K, 98% used [0x00000007bdf80000,0x00000007bffa0000,0x00000007c0000000)
  to   space 33280K, 0% used [0x00000007bbf00000,0x00000007bbf00000,0x00000007bdf80000)
 ParOldGen       total 161280K, used 35463K [0x00000006c1800000, 0x00000006cb580000, 0x00000007b9c00000)
  object space 161280K, 21% used [0x00000006c1800000,0x00000006c3aa1e80,0x00000006cb580000)
 Metaspace       used 2707K, capacity 4486K, committed 4864K, reserved 1056768K
  class space    used 302K, capacity 386K, committed 512K, reserved 1048576K
[GC (Allocation Failure)  104199K->68359K(230400K), 0.0442182 secs]
Heap after GC invocations=1098 (full 1):
 PSYoungGen      total 69120K, used 32896K [0x00000007b9c00000, 0x00000007c0000000, 0x00000007c0000000)
  eden space 35840K, 0% used [0x00000007b9c00000,0x00000007b9c00000,0x00000007bbf00000)
  from space 33280K, 98% used [0x00000007bbf00000,0x00000007bdf20000,0x00000007bdf80000)
  to   space 33280K, 0% used [0x00000007bdf80000,0x00000007bdf80000,0x00000007c0000000)
 ParOldGen       total 161280K, used 35463K [0x00000006c1800000, 0x00000006cb580000, 0x00000007b9c00000)
  object space 161280K, 21% used [0x00000006c1800000,0x00000006c3aa1e80,0x00000006cb580000)
 Metaspace       used 2707K, capacity 4486K, committed 4864K, reserved 1056768K
  class space    used 302K, capacity 386K, committed 512K, reserved 1048576K
}
{Heap before GC invocations=1099 (full 1):
 PSYoungGen      total 69120K, used 68736K [0x00000007b9c00000, 0x00000007c0000000, 0x00000007c0000000)
  eden space 35840K, 100% used [0x00000007b9c00000,0x00000007bbf00000,0x00000007bbf00000)
  from space 33280K, 98% used [0x00000007bbf00000,0x00000007bdf20000,0x00000007bdf80000)
  to   space 33280K, 0% used [0x00000007bdf80000,0x00000007bdf80000,0x00000007c0000000)
 ParOldGen       total 161280K, used 35463K [0x00000006c1800000, 0x00000006cb580000, 0x00000007b9c00000)
  object space 161280K, 21% used [0x00000006c1800000,0x00000006c3aa1e80,0x00000006cb580000)
 Metaspace       used 2707K, capacity 4486K, committed 4864K, reserved 1056768K
  class space    used 302K, capacity 386K, committed 512K, reserved 1048576K
[GC (Allocation Failure)  104199K->68359K(230400K), 0.0320660 secs]
Heap after GC invocations=1099 (full 1):
 PSYoungGen      total 69120K, used 32896K [0x00000007b9c00000, 0x00000007c0000000, 0x00000007c0000000)
  eden space 35840K, 0% used [0x00000007b9c00000,0x00000007b9c00000,0x00000007bbf00000)
  from space 33280K, 98% used [0x00000007bdf80000,0x00000007bffa0000,0x00000007c0000000)
  to   space 33280K, 0% used [0x00000007bbf00000,0x00000007bbf00000,0x00000007bdf80000)
 ParOldGen       total 161280K, used 35463K [0x00000006c1800000, 0x00000006cb580000, 0x00000007b9c00000)
  object space 161280K, 21% used [0x00000006c1800000,0x00000006c3aa1e80,0x00000006cb580000)
 Metaspace       used 2707K, capacity 4486K, committed 4864K, reserved 1056768K
  class space    used 302K, capacity 386K, committed 512K, reserved 1048576K
}
{Heap before GC invocations=1100 (full 1):
 PSYoungGen      total 69120K, used 68736K [0x00000007b9c00000, 0x00000007c0000000, 0x00000007c0000000)
  eden space 35840K, 100% used [0x00000007b9c00000,0x00000007bbf00000,0x00000007bbf00000)
  from space 33280K, 98% used [0x00000007bdf80000,0x00000007bffa0000,0x00000007c0000000)
  to   space 33280K, 0% used [0x00000007bbf00000,0x00000007bbf00000,0x00000007bdf80000)
 ParOldGen       total 161280K, used 35463K [0x00000006c1800000, 0x00000006cb580000, 0x00000007b9c00000)
  object space 161280K, 21% used [0x00000006c1800000,0x00000006c3aa1e80,0x00000006cb580000)
 Metaspace       used 2707K, capacity 4486K, committed 4864K, reserved 1056768K
  class space    used 302K, capacity 386K, committed 512K, reserved 1048576K
[GC (Allocation Failure)  104199K->68391K(230400K), 0.0307973 secs]
Heap after GC invocations=1100 (full 1):
 PSYoungGen      total 69120K, used 32928K [0x00000007b9c00000, 0x00000007c0000000, 0x00000007c0000000)
  eden space 35840K, 0% used [0x00000007b9c00000,0x00000007b9c00000,0x00000007bbf00000)
  from space 33280K, 98% used [0x00000007bbf00000,0x00000007bdf28000,0x00000007bdf80000)
  to   space 33280K, 0% used [0x00000007bdf80000,0x00000007bdf80000,0x00000007c0000000)
 ParOldGen       total 161280K, used 35463K [0x00000006c1800000, 0x00000006cb580000, 0x00000007b9c00000)
  object space 161280K, 21% used [0x00000006c1800000,0x00000006c3aa1e80,0x00000006cb580000)
 Metaspace       used 2707K, capacity 4486K, committed 4864K, reserved 1056768K
  class space    used 302K, capacity 386K, committed 512K, reserved 1048576K
}
{Heap before GC invocations=1101 (full 1):
 PSYoungGen      total 69120K, used 68768K [0x00000007b9c00000, 0x00000007c0000000, 0x00000007c0000000)
  eden space 35840K, 100% used [0x00000007b9c00000,0x00000007bbf00000,0x00000007bbf00000)
  from space 33280K, 98% used [0x00000007bbf00000,0x00000007bdf28000,0x00000007bdf80000)
  to   space 33280K, 0% used [0x00000007bdf80000,0x00000007bdf80000,0x00000007c0000000)
 ParOldGen       total 161280K, used 35463K [0x00000006c1800000, 0x00000006cb580000, 0x00000007b9c00000)
  object space 161280K, 21% used [0x00000006c1800000,0x00000006c3aa1e80,0x00000006cb580000)
 Metaspace       used 2707K, capacity 4486K, committed 4864K, reserved 1056768K
  class space    used 302K, capacity 386K, committed 512K, reserved 1048576K
[GC (Allocation Failure)  104231K->68359K(230400K), 0.0335182 secs]
Heap after GC invocations=1101 (full 1):
 PSYoungGen      total 69120K, used 32896K [0x00000007b9c00000, 0x00000007c0000000, 0x00000007c0000000)
  eden space 35840K, 0% used [0x00000007b9c00000,0x00000007b9c00000,0x00000007bbf00000)
  from space 33280K, 98% used [0x00000007bdf80000,0x00000007bffa0000,0x00000007c0000000)
  to   space 33280K, 0% used [0x00000007bbf00000,0x00000007bbf00000,0x00000007bdf80000)
 ParOldGen       total 161280K, used 35463K [0x00000006c1800000, 0x00000006cb580000, 0x00000007b9c00000)
  object space 161280K, 21% used [0x00000006c1800000,0x00000006c3aa1e80,0x00000006cb580000)
 Metaspace       used 2707K, capacity 4486K, committed 4864K, reserved 1056768K
  class space    used 302K, capacity 386K, committed 512K, reserved 1048576K
}
{Heap before GC invocations=1102 (full 1):
 PSYoungGen      total 69120K, used 68736K [0x00000007b9c00000, 0x00000007c0000000, 0x00000007c0000000)
  eden space 35840K, 100% used [0x00000007b9c00000,0x00000007bbf00000,0x00000007bbf00000)
  from space 33280K, 98% used [0x00000007bdf80000,0x00000007bffa0000,0x00000007c0000000)
  to   space 33280K, 0% used [0x00000007bbf00000,0x00000007bbf00000,0x00000007bdf80000)
 ParOldGen       total 161280K, used 35463K [0x00000006c1800000, 0x00000006cb580000, 0x00000007b9c00000)
  object space 161280K, 21% used [0x00000006c1800000,0x00000006c3aa1e80,0x00000006cb580000)
 Metaspace       used 2707K, capacity 4486K, committed 4864K, reserved 1056768K
  class space    used 302K, capacity 386K, committed 512K, reserved 1048576K
[GC (Allocation Failure)  104199K->68359K(230400K), 0.0340327 secs]
Heap after GC invocations=1102 (full 1):
 PSYoungGen      total 69120K, used 32896K [0x00000007b9c00000, 0x00000007c0000000, 0x00000007c0000000)
  eden space 35840K, 0% used [0x00000007b9c00000,0x00000007b9c00000,0x00000007bbf00000)
  from space 33280K, 98% used [0x00000007bbf00000,0x00000007bdf20000,0x00000007bdf80000)
  to   space 33280K, 0% used [0x00000007bdf80000,0x00000007bdf80000,0x00000007c0000000)
 ParOldGen       total 161280K, used 35463K [0x00000006c1800000, 0x00000006cb580000, 0x00000007b9c00000)
  object space 161280K, 21% used [0x00000006c1800000,0x00000006c3aa1e80,0x00000006cb580000)
 Metaspace       used 2707K, capacity 4486K, committed 4864K, reserved 1056768K
  class space    used 302K, capacity 386K, committed 512K, reserved 1048576K
}
{Heap before GC invocations=1103 (full 1):
 PSYoungGen      total 69120K, used 68736K [0x00000007b9c00000, 0x00000007c0000000, 0x00000007c0000000)
  eden space 35840K, 100% used [0x00000007b9c00000,0x00000007bbf00000,0x00000007bbf00000)
  from space 33280K, 98% used [0x00000007bbf00000,0x00000007bdf20000,0x00000007bdf80000)
  to   space 33280K, 0% used [0x00000007bdf80000,0x00000007bdf80000,0x00000007c0000000)
 ParOldGen       total 161280K, used 35463K [0x00000006c1800000, 0x00000006cb580000, 0x00000007b9c00000)
  object space 161280K, 21% used [0x00000006c1800000,0x00000006c3aa1e80,0x00000006cb580000)
 Metaspace       used 2707K, capacity 4486K, committed 4864K, reserved 1056768K
  class space    used 302K, capacity 386K, committed 512K, reserved 1048576K
[GC (Allocation Failure)  104199K->68359K(230400K), 0.0322206 secs]
Heap after GC invocations=1103 (full 1):
 PSYoungGen      total 69120K, used 32896K [0x00000007b9c00000, 0x00000007c0000000, 0x00000007c0000000)
  eden space 35840K, 0% used [0x00000007b9c00000,0x00000007b9c00000,0x00000007bbf00000)
  from space 33280K, 98% used [0x00000007bdf80000,0x00000007bffa0000,0x00000007c0000000)
  to   space 33280K, 0% used [0x00000007bbf00000,0x00000007bbf00000,0x00000007bdf80000)
 ParOldGen       total 161280K, used 35463K [0x00000006c1800000, 0x00000006cb580000, 0x00000007b9c00000)
  object space 161280K, 21% used [0x00000006c1800000,0x00000006c3aa1e80,0x00000006cb580000)
 Metaspace       used 2707K, capacity 4486K, committed 4864K, reserved 1056768K
  class space    used 302K, capacity 386K, committed 512K, reserved 1048576K
}
{Heap before GC invocations=1104 (full 1):
 PSYoungGen      total 69120K, used 68736K [0x00000007b9c00000, 0x00000007c0000000, 0x00000007c0000000)
  eden space 35840K, 100% used [0x00000007b9c00000,0x00000007bbf00000,0x00000007bbf00000)
  from space 33280K, 98% used [0x00000007bdf80000,0x00000007bffa0000,0x00000007c0000000)
  to   space 33280K, 0% used [0x00000007bbf00000,0x00000007bbf00000,0x00000007bdf80000)
 ParOldGen       total 161280K, used 35463K [0x00000006c1800000, 0x00000006cb580000, 0x00000007b9c00000)
  object space 161280K, 21% used [0x00000006c1800000,0x00000006c3aa1e80,0x00000006cb580000)
 Metaspace       used 2707K, capacity 4486K, committed 4864K, reserved 1056768K
  class space    used 302K, capacity 386K, committed 512K, reserved 1048576K
[GC (Allocation Failure)  104199K->68391K(230400K), 0.0313632 secs]
Heap after GC invocations=1104 (full 1):
 PSYoungGen      total 69120K, used 32928K [0x00000007b9c00000, 0x00000007c0000000, 0x00000007c0000000)
  eden space 35840K, 0% used [0x00000007b9c00000,0x00000007b9c00000,0x00000007bbf00000)
  from space 33280K, 98% used [0x00000007bbf00000,0x00000007bdf28000,0x00000007bdf80000)
  to   space 33280K, 0% used [0x00000007bdf80000,0x00000007bdf80000,0x00000007c0000000)
 ParOldGen       total 161280K, used 35463K [0x00000006c1800000, 0x00000006cb580000, 0x00000007b9c00000)
  object space 161280K, 21% used [0x00000006c1800000,0x00000006c3aa1e80,0x00000006cb580000)
 Metaspace       used 2707K, capacity 4486K, committed 4864K, reserved 1056768K
  class space    used 302K, capacity 386K, committed 512K, reserved 1048576K
}
{Heap before GC invocations=1105 (full 1):
 PSYoungGen      total 69120K, used 68768K [0x00000007b9c00000, 0x00000007c0000000, 0x00000007c0000000)
  eden space 35840K, 100% used [0x00000007b9c00000,0x00000007bbf00000,0x00000007bbf00000)
  from space 33280K, 98% used [0x00000007bbf00000,0x00000007bdf28000,0x00000007bdf80000)
  to   space 33280K, 0% used [0x00000007bdf80000,0x00000007bdf80000,0x00000007c0000000)
 ParOldGen       total 161280K, used 35463K [0x00000006c1800000, 0x00000006cb580000, 0x00000007b9c00000)
  object space 161280K, 21% used [0x00000006c1800000,0x00000006c3aa1e80,0x00000006cb580000)
 Metaspace       used 2707K, capacity 4486K, committed 4864K, reserved 1056768K
  class space    used 302K, capacity 386K, committed 512K, reserved 1048576K
[GC (Allocation Failure)  104231K->68359K(230400K), 0.0363521 secs]
Heap after GC invocations=1105 (full 1):
 PSYoungGen      total 69120K, used 32896K [0x00000007b9c00000, 0x00000007c0000000, 0x00000007c0000000)
  eden space 35840K, 0% used [0x00000007b9c00000,0x00000007b9c00000,0x00000007bbf00000)
  from space 33280K, 98% used [0x00000007bdf80000,0x00000007bffa0000,0x00000007c0000000)
  to   space 33280K, 0% used [0x00000007bbf00000,0x00000007bbf00000,0x00000007bdf80000)
 ParOldGen       total 161280K, used 35463K [0x00000006c1800000, 0x00000006cb580000, 0x00000007b9c00000)
  object space 161280K, 21% used [0x00000006c1800000,0x00000006c3aa1e80,0x00000006cb580000)
 Metaspace       used 2707K, capacity 4486K, committed 4864K, reserved 1056768K
  class space    used 302K, capacity 386K, committed 512K, reserved 1048576K
}
{Heap before GC invocations=1106 (full 1):
 PSYoungGen      total 69120K, used 68736K [0x00000007b9c00000, 0x00000007c0000000, 0x00000007c0000000)
  eden space 35840K, 100% used [0x00000007b9c00000,0x00000007bbf00000,0x00000007bbf00000)
  from space 33280K, 98% used [0x00000007bdf80000,0x00000007bffa0000,0x00000007c0000000)
  to   space 33280K, 0% used [0x00000007bbf00000,0x00000007bbf00000,0x00000007bdf80000)
 ParOldGen       total 161280K, used 35463K [0x00000006c1800000, 0x00000006cb580000, 0x00000007b9c00000)
  object space 161280K, 21% used [0x00000006c1800000,0x00000006c3aa1e80,0x00000006cb580000)
 Metaspace       used 2707K, capacity 4486K, committed 4864K, reserved 1056768K
  class space    used 302K, capacity 386K, committed 512K, reserved 1048576K
[GC (Allocation Failure)  104199K->68359K(230400K), 0.0332928 secs]
Heap after GC invocations=1106 (full 1):
 PSYoungGen      total 69120K, used 32896K [0x00000007b9c00000, 0x00000007c0000000, 0x00000007c0000000)
  eden space 35840K, 0% used [0x00000007b9c00000,0x00000007b9c00000,0x00000007bbf00000)
  from space 33280K, 98% used [0x00000007bbf00000,0x00000007bdf20000,0x00000007bdf80000)
  to   space 33280K, 0% used [0x00000007bdf80000,0x00000007bdf80000,0x00000007c0000000)
 ParOldGen       total 161280K, used 35463K [0x00000006c1800000, 0x00000006cb580000, 0x00000007b9c00000)
  object space 161280K, 21% used [0x00000006c1800000,0x00000006c3aa1e80,0x00000006cb580000)
 Metaspace       used 2707K, capacity 4486K, committed 4864K, reserved 1056768K
  class space    used 302K, capacity 386K, committed 512K, reserved 1048576K
}
{Heap before GC invocations=1107 (full 1):
 PSYoungGen      total 69120K, used 68736K [0x00000007b9c00000, 0x00000007c0000000, 0x00000007c0000000)
  eden space 35840K, 100% used [0x00000007b9c00000,0x00000007bbf00000,0x00000007bbf00000)
  from space 33280K, 98% used [0x00000007bbf00000,0x00000007bdf20000,0x00000007bdf80000)
  to   space 33280K, 0% used [0x00000007bdf80000,0x00000007bdf80000,0x00000007c0000000)
 ParOldGen       total 161280K, used 35463K [0x00000006c1800000, 0x00000006cb580000, 0x00000007b9c00000)
  object space 161280K, 21% used [0x00000006c1800000,0x00000006c3aa1e80,0x00000006cb580000)
 Metaspace       used 2707K, capacity 4486K, committed 4864K, reserved 1056768K
  class space    used 302K, capacity 386K, committed 512K, reserved 1048576K
[GC (Allocation Failure)  104199K->68359K(230400K), 0.0335661 secs]
Heap after GC invocations=1107 (full 1):
 PSYoungGen      total 69120K, used 32896K [0x00000007b9c00000, 0x00000007c0000000, 0x00000007c0000000)
  eden space 35840K, 0% used [0x00000007b9c00000,0x00000007b9c00000,0x00000007bbf00000)
  from space 33280K, 98% used [0x00000007bdf80000,0x00000007bffa0000,0x00000007c0000000)
  to   space 33280K, 0% used [0x00000007bbf00000,0x00000007bbf00000,0x00000007bdf80000)
 ParOldGen       total 161280K, used 35463K [0x00000006c1800000, 0x00000006cb580000, 0x00000007b9c00000)
  object space 161280K, 21% used [0x00000006c1800000,0x00000006c3aa1e80,0x00000006cb580000)
 Metaspace       used 2707K, capacity 4486K, committed 4864K, reserved 1056768K
  class space    used 302K, capacity 386K, committed 512K, reserved 1048576K
}
{Heap before GC invocations=1108 (full 1):
 PSYoungGen      total 69120K, used 68736K [0x00000007b9c00000, 0x00000007c0000000, 0x00000007c0000000)
  eden space 35840K, 100% used [0x00000007b9c00000,0x00000007bbf00000,0x00000007bbf00000)
  from space 33280K, 98% used [0x00000007bdf80000,0x00000007bffa0000,0x00000007c0000000)
  to   space 33280K, 0% used [0x00000007bbf00000,0x00000007bbf00000,0x00000007bdf80000)
 ParOldGen       total 161280K, used 35463K [0x00000006c1800000, 0x00000006cb580000, 0x00000007b9c00000)
  object space 161280K, 21% used [0x00000006c1800000,0x00000006c3aa1e80,0x00000006cb580000)
 Metaspace       used 2707K, capacity 4486K, committed 4864K, reserved 1056768K
  class space    used 302K, capacity 386K, committed 512K, reserved 1048576K
[GC (Allocation Failure)  104199K->68327K(230400K), 0.0317364 secs]
Heap after GC invocations=1108 (full 1):
 PSYoungGen      total 69120K, used 32864K [0x00000007b9c00000, 0x00000007c0000000, 0x00000007c0000000)
  eden space 35840K, 0% used [0x00000007b9c00000,0x00000007b9c00000,0x00000007bbf00000)
  from space 33280K, 98% used [0x00000007bbf00000,0x00000007bdf18000,0x00000007bdf80000)
  to   space 33280K, 0% used [0x00000007bdf80000,0x00000007bdf80000,0x00000007c0000000)
 ParOldGen       total 161280K, used 35463K [0x00000006c1800000, 0x00000006cb580000, 0x00000007b9c00000)
  object space 161280K, 21% used [0x00000006c1800000,0x00000006c3aa1e80,0x00000006cb580000)
 Metaspace       used 2707K, capacity 4486K, committed 4864K, reserved 1056768K
  class space    used 302K, capacity 386K, committed 512K, reserved 1048576K
}
{Heap before GC invocations=1109 (full 1):
 PSYoungGen      total 69120K, used 68704K [0x00000007b9c00000, 0x00000007c0000000, 0x00000007c0000000)
  eden space 35840K, 100% used [0x00000007b9c00000,0x00000007bbf00000,0x00000007bbf00000)
  from space 33280K, 98% used [0x00000007bbf00000,0x00000007bdf18000,0x00000007bdf80000)
  to   space 33280K, 0% used [0x00000007bdf80000,0x00000007bdf80000,0x00000007c0000000)
 ParOldGen       total 161280K, used 35463K [0x00000006c1800000, 0x00000006cb580000, 0x00000007b9c00000)
  object space 161280K, 21% used [0x00000006c1800000,0x00000006c3aa1e80,0x00000006cb580000)
 Metaspace       used 2707K, capacity 4486K, committed 4864K, reserved 1056768K
  class space    used 302K, capacity 386K, committed 512K, reserved 1048576K
[GC (Allocation Failure)  104167K->68359K(230400K), 0.0316648 secs]
Heap after GC invocations=1109 (full 1):
 PSYoungGen      total 69120K, used 32896K [0x00000007b9c00000, 0x00000007c0000000, 0x00000007c0000000)
  eden space 35840K, 0% used [0x00000007b9c00000,0x00000007b9c00000,0x00000007bbf00000)
  from space 33280K, 98% used [0x00000007bdf80000,0x00000007bffa0000,0x00000007c0000000)
  to   space 33280K, 0% used [0x00000007bbf00000,0x00000007bbf00000,0x00000007bdf80000)
 ParOldGen       total 161280K, used 35463K [0x00000006c1800000, 0x00000006cb580000, 0x00000007b9c00000)
  object space 161280K, 21% used [0x00000006c1800000,0x00000006c3aa1e80,0x00000006cb580000)
 Metaspace       used 2707K, capacity 4486K, committed 4864K, reserved 1056768K
  class space    used 302K, capacity 386K, committed 512K, reserved 1048576K
}
{Heap before GC invocations=1110 (full 1):
 PSYoungGen      total 69120K, used 68736K [0x00000007b9c00000, 0x00000007c0000000, 0x00000007c0000000)
  eden space 35840K, 100% used [0x00000007b9c00000,0x00000007bbf00000,0x00000007bbf00000)
  from space 33280K, 98% used [0x00000007bdf80000,0x00000007bffa0000,0x00000007c0000000)
  to   space 33280K, 0% used [0x00000007bbf00000,0x00000007bbf00000,0x00000007bdf80000)
 ParOldGen       total 161280K, used 35463K [0x00000006c1800000, 0x00000006cb580000, 0x00000007b9c00000)
  object space 161280K, 21% used [0x00000006c1800000,0x00000006c3aa1e80,0x00000006cb580000)
 Metaspace       used 2707K, capacity 4486K, committed 4864K, reserved 1056768K
  class space    used 302K, capacity 386K, committed 512K, reserved 1048576K
[GC (Allocation Failure)  104199K->68359K(230400K), 0.0324792 secs]
Heap after GC invocations=1110 (full 1):
 PSYoungGen      total 69120K, used 32896K [0x00000007b9c00000, 0x00000007c0000000, 0x00000007c0000000)
  eden space 35840K, 0% used [0x00000007b9c00000,0x00000007b9c00000,0x00000007bbf00000)
  from space 33280K, 98% used [0x00000007bbf00000,0x00000007bdf20000,0x00000007bdf80000)
  to   space 33280K, 0% used [0x00000007bdf80000,0x00000007bdf80000,0x00000007c0000000)
 ParOldGen       total 161280K, used 35463K [0x00000006c1800000, 0x00000006cb580000, 0x00000007b9c00000)
  object space 161280K, 21% used [0x00000006c1800000,0x00000006c3aa1e80,0x00000006cb580000)
 Metaspace       used 2707K, capacity 4486K, committed 4864K, reserved 1056768K
  class space    used 302K, capacity 386K, committed 512K, reserved 1048576K
}
{Heap before GC invocations=1111 (full 1):
 PSYoungGen      total 69120K, used 68736K [0x00000007b9c00000, 0x00000007c0000000, 0x00000007c0000000)
  eden space 35840K, 100% used [0x00000007b9c00000,0x00000007bbf00000,0x00000007bbf00000)
  from space 33280K, 98% used [0x00000007bbf00000,0x00000007bdf20000,0x00000007bdf80000)
  to   space 33280K, 0% used [0x00000007bdf80000,0x00000007bdf80000,0x00000007c0000000)
 ParOldGen       total 161280K, used 35463K [0x00000006c1800000, 0x00000006cb580000, 0x00000007b9c00000)
  object space 161280K, 21% used [0x00000006c1800000,0x00000006c3aa1e80,0x00000006cb580000)
 Metaspace       used 2707K, capacity 4486K, committed 4864K, reserved 1056768K
  class space    used 302K, capacity 386K, committed 512K, reserved 1048576K
[GC (Allocation Failure)  104199K->68359K(230400K), 0.0361730 secs]
Heap after GC invocations=1111 (full 1):
 PSYoungGen      total 69120K, used 32896K [0x00000007b9c00000, 0x00000007c0000000, 0x00000007c0000000)
  eden space 35840K, 0% used [0x00000007b9c00000,0x00000007b9c00000,0x00000007bbf00000)
  from space 33280K, 98% used [0x00000007bdf80000,0x00000007bffa0000,0x00000007c0000000)
  to   space 33280K, 0% used [0x00000007bbf00000,0x00000007bbf00000,0x00000007bdf80000)
 ParOldGen       total 161280K, used 35463K [0x00000006c1800000, 0x00000006cb580000, 0x00000007b9c00000)
  object space 161280K, 21% used [0x00000006c1800000,0x00000006c3aa1e80,0x00000006cb580000)
 Metaspace       used 2707K, capacity 4486K, committed 4864K, reserved 1056768K
  class space    used 302K, capacity 386K, committed 512K, reserved 1048576K
}
{Heap before GC invocations=1112 (full 1):
 PSYoungGen      total 69120K, used 68736K [0x00000007b9c00000, 0x00000007c0000000, 0x00000007c0000000)
  eden space 35840K, 100% used [0x00000007b9c00000,0x00000007bbf00000,0x00000007bbf00000)
  from space 33280K, 98% used [0x00000007bdf80000,0x00000007bffa0000,0x00000007c0000000)
  to   space 33280K, 0% used [0x00000007bbf00000,0x00000007bbf00000,0x00000007bdf80000)
 ParOldGen       total 161280K, used 35463K [0x00000006c1800000, 0x00000006cb580000, 0x00000007b9c00000)
  object space 161280K, 21% used [0x00000006c1800000,0x00000006c3aa1e80,0x00000006cb580000)
 Metaspace       used 2707K, capacity 4486K, committed 4864K, reserved 1056768K
  class space    used 302K, capacity 386K, committed 512K, reserved 1048576K
[GC (Allocation Failure)  104199K->68359K(230400K), 0.0368024 secs]
Heap after GC invocations=1112 (full 1):
 PSYoungGen      total 69120K, used 32896K [0x00000007b9c00000, 0x00000007c0000000, 0x00000007c0000000)
  eden space 35840K, 0% used [0x00000007b9c00000,0x00000007b9c00000,0x00000007bbf00000)
  from space 33280K, 98% used [0x00000007bbf00000,0x00000007bdf20000,0x00000007bdf80000)
  to   space 33280K, 0% used [0x00000007bdf80000,0x00000007bdf80000,0x00000007c0000000)
 ParOldGen       total 161280K, used 35463K [0x00000006c1800000, 0x00000006cb580000, 0x00000007b9c00000)
  object space 161280K, 21% used [0x00000006c1800000,0x00000006c3aa1e80,0x00000006cb580000)
 Metaspace       used 2707K, capacity 4486K, committed 4864K, reserved 1056768K
  class space    used 302K, capacity 386K, committed 512K, reserved 1048576K
}
{Heap before GC invocations=1113 (full 1):
 PSYoungGen      total 69120K, used 68736K [0x00000007b9c00000, 0x00000007c0000000, 0x00000007c0000000)
  eden space 35840K, 100% used [0x00000007b9c00000,0x00000007bbf00000,0x00000007bbf00000)
  from space 33280K, 98% used [0x00000007bbf00000,0x00000007bdf20000,0x00000007bdf80000)
  to   space 33280K, 0% used [0x00000007bdf80000,0x00000007bdf80000,0x00000007c0000000)
 ParOldGen       total 161280K, used 35463K [0x00000006c1800000, 0x00000006cb580000, 0x00000007b9c00000)
  object space 161280K, 21% used [0x00000006c1800000,0x00000006c3aa1e80,0x00000006cb580000)
 Metaspace       used 2707K, capacity 4486K, committed 4864K, reserved 1056768K
  class space    used 302K, capacity 386K, committed 512K, reserved 1048576K
[GC (Allocation Failure)  104199K->68359K(230400K), 0.0324014 secs]
Heap after GC invocations=1113 (full 1):
 PSYoungGen      total 69120K, used 32896K [0x00000007b9c00000, 0x00000007c0000000, 0x00000007c0000000)
  eden space 35840K, 0% used [0x00000007b9c00000,0x00000007b9c00000,0x00000007bbf00000)
  from space 33280K, 98% used [0x00000007bdf80000,0x00000007bffa0000,0x00000007c0000000)
  to   space 33280K, 0% used [0x00000007bbf00000,0x00000007bbf00000,0x00000007bdf80000)
 ParOldGen       total 161280K, used 35463K [0x00000006c1800000, 0x00000006cb580000, 0x00000007b9c00000)
  object space 161280K, 21% used [0x00000006c1800000,0x00000006c3aa1e80,0x00000006cb580000)
 Metaspace       used 2707K, capacity 4486K, committed 4864K, reserved 1056768K
  class space    used 302K, capacity 386K, committed 512K, reserved 1048576K
}
{Heap before GC invocations=1114 (full 1):
 PSYoungGen      total 69120K, used 68736K [0x00000007b9c00000, 0x00000007c0000000, 0x00000007c0000000)
  eden space 35840K, 100% used [0x00000007b9c00000,0x00000007bbf00000,0x00000007bbf00000)
  from space 33280K, 98% used [0x00000007bdf80000,0x00000007bffa0000,0x00000007c0000000)
  to   space 33280K, 0% used [0x00000007bbf00000,0x00000007bbf00000,0x00000007bdf80000)
 ParOldGen       total 161280K, used 35463K [0x00000006c1800000, 0x00000006cb580000, 0x00000007b9c00000)
  object space 161280K, 21% used [0x00000006c1800000,0x00000006c3aa1e80,0x00000006cb580000)
 Metaspace       used 2707K, capacity 4486K, committed 4864K, reserved 1056768K
  class space    used 302K, capacity 386K, committed 512K, reserved 1048576K
[GC (Allocation Failure)  104199K->68327K(230400K), 0.0362450 secs]
Heap after GC invocations=1114 (full 1):
 PSYoungGen      total 69120K, used 32864K [0x00000007b9c00000, 0x00000007c0000000, 0x00000007c0000000)
  eden space 35840K, 0% used [0x00000007b9c00000,0x00000007b9c00000,0x00000007bbf00000)
  from space 33280K, 98% used [0x00000007bbf00000,0x00000007bdf18000,0x00000007bdf80000)
  to   space 33280K, 0% used [0x00000007bdf80000,0x00000007bdf80000,0x00000007c0000000)
 ParOldGen       total 161280K, used 35463K [0x00000006c1800000, 0x00000006cb580000, 0x00000007b9c00000)
  object space 161280K, 21% used [0x00000006c1800000,0x00000006c3aa1e80,0x00000006cb580000)
 Metaspace       used 2707K, capacity 4486K, committed 4864K, reserved 1056768K
  class space    used 302K, capacity 386K, committed 512K, reserved 1048576K
}
{Heap before GC invocations=1115 (full 1):
 PSYoungGen      total 69120K, used 68704K [0x00000007b9c00000, 0x00000007c0000000, 0x00000007c0000000)
  eden space 35840K, 100% used [0x00000007b9c00000,0x00000007bbf00000,0x00000007bbf00000)
  from space 33280K, 98% used [0x00000007bbf00000,0x00000007bdf18000,0x00000007bdf80000)
  to   space 33280K, 0% used [0x00000007bdf80000,0x00000007bdf80000,0x00000007c0000000)
 ParOldGen       total 161280K, used 35463K [0x00000006c1800000, 0x00000006cb580000, 0x00000007b9c00000)
  object space 161280K, 21% used [0x00000006c1800000,0x00000006c3aa1e80,0x00000006cb580000)
 Metaspace       used 2707K, capacity 4486K, committed 4864K, reserved 1056768K
  class space    used 302K, capacity 386K, committed 512K, reserved 1048576K
[GC (Allocation Failure)  104167K->68391K(230400K), 0.0352641 secs]
Heap after GC invocations=1115 (full 1):
 PSYoungGen      total 69120K, used 32928K [0x00000007b9c00000, 0x00000007c0000000, 0x00000007c0000000)
  eden space 35840K, 0% used [0x00000007b9c00000,0x00000007b9c00000,0x00000007bbf00000)
  from space 33280K, 98% used [0x00000007bdf80000,0x00000007bffa8000,0x00000007c0000000)
  to   space 33280K, 0% used [0x00000007bbf00000,0x00000007bbf00000,0x00000007bdf80000)
 ParOldGen       total 161280K, used 35463K [0x00000006c1800000, 0x00000006cb580000, 0x00000007b9c00000)
  object space 161280K, 21% used [0x00000006c1800000,0x00000006c3aa1e80,0x00000006cb580000)
 Metaspace       used 2707K, capacity 4486K, committed 4864K, reserved 1056768K
  class space    used 302K, capacity 386K, committed 512K, reserved 1048576K
}
{Heap before GC invocations=1116 (full 1):
 PSYoungGen      total 69120K, used 68768K [0x00000007b9c00000, 0x00000007c0000000, 0x00000007c0000000)
  eden space 35840K, 100% used [0x00000007b9c00000,0x00000007bbf00000,0x00000007bbf00000)
  from space 33280K, 98% used [0x00000007bdf80000,0x00000007bffa8000,0x00000007c0000000)
  to   space 33280K, 0% used [0x00000007bbf00000,0x00000007bbf00000,0x00000007bdf80000)
 ParOldGen       total 161280K, used 35463K [0x00000006c1800000, 0x00000006cb580000, 0x00000007b9c00000)
  object space 161280K, 21% used [0x00000006c1800000,0x00000006c3aa1e80,0x00000006cb580000)
 Metaspace       used 2707K, capacity 4486K, committed 4864K, reserved 1056768K
  class space    used 302K, capacity 386K, committed 512K, reserved 1048576K
[GC (Allocation Failure)  104231K->68391K(230400K), 0.0309440 secs]
Heap after GC invocations=1116 (full 1):
 PSYoungGen      total 69120K, used 32928K [0x00000007b9c00000, 0x00000007c0000000, 0x00000007c0000000)
  eden space 35840K, 0% used [0x00000007b9c00000,0x00000007b9c00000,0x00000007bbf00000)
  from space 33280K, 98% used [0x00000007bbf00000,0x00000007bdf28000,0x00000007bdf80000)
  to   space 33280K, 0% used [0x00000007bdf80000,0x00000007bdf80000,0x00000007c0000000)
 ParOldGen       total 161280K, used 35463K [0x00000006c1800000, 0x00000006cb580000, 0x00000007b9c00000)
  object space 161280K, 21% used [0x00000006c1800000,0x00000006c3aa1e80,0x00000006cb580000)
 Metaspace       used 2707K, capacity 4486K, committed 4864K, reserved 1056768K
  class space    used 302K, capacity 386K, committed 512K, reserved 1048576K
}
{Heap before GC invocations=1117 (full 1):
 PSYoungGen      total 69120K, used 68768K [0x00000007b9c00000, 0x00000007c0000000, 0x00000007c0000000)
  eden space 35840K, 100% used [0x00000007b9c00000,0x00000007bbf00000,0x00000007bbf00000)
  from space 33280K, 98% used [0x00000007bbf00000,0x00000007bdf28000,0x00000007bdf80000)
  to   space 33280K, 0% used [0x00000007bdf80000,0x00000007bdf80000,0x00000007c0000000)
 ParOldGen       total 161280K, used 35463K [0x00000006c1800000, 0x00000006cb580000, 0x00000007b9c00000)
  object space 161280K, 21% used [0x00000006c1800000,0x00000006c3aa1e80,0x00000006cb580000)
 Metaspace       used 2707K, capacity 4486K, committed 4864K, reserved 1056768K
  class space    used 302K, capacity 386K, committed 512K, reserved 1048576K
[GC (Allocation Failure)  104231K->68359K(230400K), 0.0321673 secs]
Heap after GC invocations=1117 (full 1):
 PSYoungGen      total 69120K, used 32896K [0x00000007b9c00000, 0x00000007c0000000, 0x00000007c0000000)
  eden space 35840K, 0% used [0x00000007b9c00000,0x00000007b9c00000,0x00000007bbf00000)
  from space 33280K, 98% used [0x00000007bdf80000,0x00000007bffa0000,0x00000007c0000000)
  to   space 33280K, 0% used [0x00000007bbf00000,0x00000007bbf00000,0x00000007bdf80000)
 ParOldGen       total 161280K, used 35463K [0x00000006c1800000, 0x00000006cb580000, 0x00000007b9c00000)
  object space 161280K, 21% used [0x00000006c1800000,0x00000006c3aa1e80,0x00000006cb580000)
 Metaspace       used 2707K, capacity 4486K, committed 4864K, reserved 1056768K
  class space    used 302K, capacity 386K, committed 512K, reserved 1048576K
}
{Heap before GC invocations=1118 (full 1):
 PSYoungGen      total 69120K, used 68736K [0x00000007b9c00000, 0x00000007c0000000, 0x00000007c0000000)
  eden space 35840K, 100% used [0x00000007b9c00000,0x00000007bbf00000,0x00000007bbf00000)
  from space 33280K, 98% used [0x00000007bdf80000,0x00000007bffa0000,0x00000007c0000000)
  to   space 33280K, 0% used [0x00000007bbf00000,0x00000007bbf00000,0x00000007bdf80000)
 ParOldGen       total 161280K, used 35463K [0x00000006c1800000, 0x00000006cb580000, 0x00000007b9c00000)
  object space 161280K, 21% used [0x00000006c1800000,0x00000006c3aa1e80,0x00000006cb580000)
 Metaspace       used 2707K, capacity 4486K, committed 4864K, reserved 1056768K
  class space    used 302K, capacity 386K, committed 512K, reserved 1048576K
[GC (Allocation Failure)  104199K->68327K(230400K), 0.0346081 secs]
Heap after GC invocations=1118 (full 1):
 PSYoungGen      total 69120K, used 32864K [0x00000007b9c00000, 0x00000007c0000000, 0x00000007c0000000)
  eden space 35840K, 0% used [0x00000007b9c00000,0x00000007b9c00000,0x00000007bbf00000)
  from space 33280K, 98% used [0x00000007bbf00000,0x00000007bdf18000,0x00000007bdf80000)
  to   space 33280K, 0% used [0x00000007bdf80000,0x00000007bdf80000,0x00000007c0000000)
 ParOldGen       total 161280K, used 35463K [0x00000006c1800000, 0x00000006cb580000, 0x00000007b9c00000)
  object space 161280K, 21% used [0x00000006c1800000,0x00000006c3aa1e80,0x00000006cb580000)
 Metaspace       used 2707K, capacity 4486K, committed 4864K, reserved 1056768K
  class space    used 302K, capacity 386K, committed 512K, reserved 1048576K
}
{Heap before GC invocations=1119 (full 1):
 PSYoungGen      total 69120K, used 68704K [0x00000007b9c00000, 0x00000007c0000000, 0x00000007c0000000)
  eden space 35840K, 100% used [0x00000007b9c00000,0x00000007bbf00000,0x00000007bbf00000)
  from space 33280K, 98% used [0x00000007bbf00000,0x00000007bdf18000,0x00000007bdf80000)
  to   space 33280K, 0% used [0x00000007bdf80000,0x00000007bdf80000,0x00000007c0000000)
 ParOldGen       total 161280K, used 35463K [0x00000006c1800000, 0x00000006cb580000, 0x00000007b9c00000)
  object space 161280K, 21% used [0x00000006c1800000,0x00000006c3aa1e80,0x00000006cb580000)
 Metaspace       used 2707K, capacity 4486K, committed 4864K, reserved 1056768K
  class space    used 302K, capacity 386K, committed 512K, reserved 1048576K
[GC (Allocation Failure)  104167K->68359K(230400K), 0.0329043 secs]
Heap after GC invocations=1119 (full 1):
 PSYoungGen      total 69120K, used 32896K [0x00000007b9c00000, 0x00000007c0000000, 0x00000007c0000000)
  eden space 35840K, 0% used [0x00000007b9c00000,0x00000007b9c00000,0x00000007bbf00000)
  from space 33280K, 98% used [0x00000007bdf80000,0x00000007bffa0000,0x00000007c0000000)
  to   space 33280K, 0% used [0x00000007bbf00000,0x00000007bbf00000,0x00000007bdf80000)
 ParOldGen       total 161280K, used 35463K [0x00000006c1800000, 0x00000006cb580000, 0x00000007b9c00000)
  object space 161280K, 21% used [0x00000006c1800000,0x00000006c3aa1e80,0x00000006cb580000)
 Metaspace       used 2707K, capacity 4486K, committed 4864K, reserved 1056768K
  class space    used 302K, capacity 386K, committed 512K, reserved 1048576K
}
{Heap before GC invocations=1120 (full 1):
 PSYoungGen      total 69120K, used 68736K [0x00000007b9c00000, 0x00000007c0000000, 0x00000007c0000000)
  eden space 35840K, 100% used [0x00000007b9c00000,0x00000007bbf00000,0x00000007bbf00000)
  from space 33280K, 98% used [0x00000007bdf80000,0x00000007bffa0000,0x00000007c0000000)
  to   space 33280K, 0% used [0x00000007bbf00000,0x00000007bbf00000,0x00000007bdf80000)
 ParOldGen       total 161280K, used 35463K [0x00000006c1800000, 0x00000006cb580000, 0x00000007b9c00000)
  object space 161280K, 21% used [0x00000006c1800000,0x00000006c3aa1e80,0x00000006cb580000)
 Metaspace       used 2707K, capacity 4486K, committed 4864K, reserved 1056768K
  class space    used 302K, capacity 386K, committed 512K, reserved 1048576K
[GC (Allocation Failure)  104199K->68359K(230400K), 0.0354946 secs]
Heap after GC invocations=1120 (full 1):
 PSYoungGen      total 69120K, used 32896K [0x00000007b9c00000, 0x00000007c0000000, 0x00000007c0000000)
  eden space 35840K, 0% used [0x00000007b9c00000,0x00000007b9c00000,0x00000007bbf00000)
  from space 33280K, 98% used [0x00000007bbf00000,0x00000007bdf20000,0x00000007bdf80000)
  to   space 33280K, 0% used [0x00000007bdf80000,0x00000007bdf80000,0x00000007c0000000)
 ParOldGen       total 161280K, used 35463K [0x00000006c1800000, 0x00000006cb580000, 0x00000007b9c00000)
  object space 161280K, 21% used [0x00000006c1800000,0x00000006c3aa1e80,0x00000006cb580000)
 Metaspace       used 2707K, capacity 4486K, committed 4864K, reserved 1056768K
  class space    used 302K, capacity 386K, committed 512K, reserved 1048576K
}
{Heap before GC invocations=1121 (full 1):
 PSYoungGen      total 69120K, used 68736K [0x00000007b9c00000, 0x00000007c0000000, 0x00000007c0000000)
  eden space 35840K, 100% used [0x00000007b9c00000,0x00000007bbf00000,0x00000007bbf00000)
  from space 33280K, 98% used [0x00000007bbf00000,0x00000007bdf20000,0x00000007bdf80000)
  to   space 33280K, 0% used [0x00000007bdf80000,0x00000007bdf80000,0x00000007c0000000)
 ParOldGen       total 161280K, used 35463K [0x00000006c1800000, 0x00000006cb580000, 0x00000007b9c00000)
  object space 161280K, 21% used [0x00000006c1800000,0x00000006c3aa1e80,0x00000006cb580000)
 Metaspace       used 2707K, capacity 4486K, committed 4864K, reserved 1056768K
  class space    used 302K, capacity 386K, committed 512K, reserved 1048576K
[GC (Allocation Failure)  104199K->68327K(230400K), 0.0311996 secs]
Heap after GC invocations=1121 (full 1):
 PSYoungGen      total 69120K, used 32864K [0x00000007b9c00000, 0x00000007c0000000, 0x00000007c0000000)
  eden space 35840K, 0% used [0x00000007b9c00000,0x00000007b9c00000,0x00000007bbf00000)
  from space 33280K, 98% used [0x00000007bdf80000,0x00000007bff98000,0x00000007c0000000)
  to   space 33280K, 0% used [0x00000007bbf00000,0x00000007bbf00000,0x00000007bdf80000)
 ParOldGen       total 161280K, used 35463K [0x00000006c1800000, 0x00000006cb580000, 0x00000007b9c00000)
  object space 161280K, 21% used [0x00000006c1800000,0x00000006c3aa1e80,0x00000006cb580000)
 Metaspace       used 2707K, capacity 4486K, committed 4864K, reserved 1056768K
  class space    used 302K, capacity 386K, committed 512K, reserved 1048576K
}
{Heap before GC invocations=1122 (full 1):
 PSYoungGen      total 69120K, used 68704K [0x00000007b9c00000, 0x00000007c0000000, 0x00000007c0000000)
  eden space 35840K, 100% used [0x00000007b9c00000,0x00000007bbf00000,0x00000007bbf00000)
  from space 33280K, 98% used [0x00000007bdf80000,0x00000007bff98000,0x00000007c0000000)
  to   space 33280K, 0% used [0x00000007bbf00000,0x00000007bbf00000,0x00000007bdf80000)
 ParOldGen       total 161280K, used 35463K [0x00000006c1800000, 0x00000006cb580000, 0x00000007b9c00000)
  object space 161280K, 21% used [0x00000006c1800000,0x00000006c3aa1e80,0x00000006cb580000)
 Metaspace       used 2707K, capacity 4486K, committed 4864K, reserved 1056768K
  class space    used 302K, capacity 386K, committed 512K, reserved 1048576K
[GC (Allocation Failure)  104167K->68327K(230400K), 0.0362297 secs]
Heap after GC invocations=1122 (full 1):
 PSYoungGen      total 69120K, used 32864K [0x00000007b9c00000, 0x00000007c0000000, 0x00000007c0000000)
  eden space 35840K, 0% used [0x00000007b9c00000,0x00000007b9c00000,0x00000007bbf00000)
  from space 33280K, 98% used [0x00000007bbf00000,0x00000007bdf18000,0x00000007bdf80000)
  to   space 33280K, 0% used [0x00000007bdf80000,0x00000007bdf80000,0x00000007c0000000)
 ParOldGen       total 161280K, used 35463K [0x00000006c1800000, 0x00000006cb580000, 0x00000007b9c00000)
  object space 161280K, 21% used [0x00000006c1800000,0x00000006c3aa1e80,0x00000006cb580000)
 Metaspace       used 2707K, capacity 4486K, committed 4864K, reserved 1056768K
  class space    used 302K, capacity 386K, committed 512K, reserved 1048576K
}
{Heap before GC invocations=1123 (full 1):
 PSYoungGen      total 69120K, used 68704K [0x00000007b9c00000, 0x00000007c0000000, 0x00000007c0000000)
  eden space 35840K, 100% used [0x00000007b9c00000,0x00000007bbf00000,0x00000007bbf00000)
  from space 33280K, 98% used [0x00000007bbf00000,0x00000007bdf18000,0x00000007bdf80000)
  to   space 33280K, 0% used [0x00000007bdf80000,0x00000007bdf80000,0x00000007c0000000)
 ParOldGen       total 161280K, used 35463K [0x00000006c1800000, 0x00000006cb580000, 0x00000007b9c00000)
  object space 161280K, 21% used [0x00000006c1800000,0x00000006c3aa1e80,0x00000006cb580000)
 Metaspace       used 2707K, capacity 4486K, committed 4864K, reserved 1056768K
  class space    used 302K, capacity 386K, committed 512K, reserved 1048576K
[GC (Allocation Failure)  104167K->68359K(230400K), 0.0350364 secs]
Heap after GC invocations=1123 (full 1):
 PSYoungGen      total 69120K, used 32896K [0x00000007b9c00000, 0x00000007c0000000, 0x00000007c0000000)
  eden space 35840K, 0% used [0x00000007b9c00000,0x00000007b9c00000,0x00000007bbf00000)
  from space 33280K, 98% used [0x00000007bdf80000,0x00000007bffa0000,0x00000007c0000000)
  to   space 33280K, 0% used [0x00000007bbf00000,0x00000007bbf00000,0x00000007bdf80000)
 ParOldGen       total 161280K, used 35463K [0x00000006c1800000, 0x00000006cb580000, 0x00000007b9c00000)
  object space 161280K, 21% used [0x00000006c1800000,0x00000006c3aa1e80,0x00000006cb580000)
 Metaspace       used 2707K, capacity 4486K, committed 4864K, reserved 1056768K
  class space    used 302K, capacity 386K, committed 512K, reserved 1048576K
}
{Heap before GC invocations=1124 (full 1):
 PSYoungGen      total 69120K, used 68736K [0x00000007b9c00000, 0x00000007c0000000, 0x00000007c0000000)
  eden space 35840K, 100% used [0x00000007b9c00000,0x00000007bbf00000,0x00000007bbf00000)
  from space 33280K, 98% used [0x00000007bdf80000,0x00000007bffa0000,0x00000007c0000000)
  to   space 33280K, 0% used [0x00000007bbf00000,0x00000007bbf00000,0x00000007bdf80000)
 ParOldGen       total 161280K, used 35463K [0x00000006c1800000, 0x00000006cb580000, 0x00000007b9c00000)
  object space 161280K, 21% used [0x00000006c1800000,0x00000006c3aa1e80,0x00000006cb580000)
 Metaspace       used 2707K, capacity 4486K, committed 4864K, reserved 1056768K
  class space    used 302K, capacity 386K, committed 512K, reserved 1048576K
[GC (Allocation Failure)  104199K->68359K(230400K), 0.0311801 secs]
Heap after GC invocations=1124 (full 1):
 PSYoungGen      total 69120K, used 32896K [0x00000007b9c00000, 0x00000007c0000000, 0x00000007c0000000)
  eden space 35840K, 0% used [0x00000007b9c00000,0x00000007b9c00000,0x00000007bbf00000)
  from space 33280K, 98% used [0x00000007bbf00000,0x00000007bdf20000,0x00000007bdf80000)
  to   space 33280K, 0% used [0x00000007bdf80000,0x00000007bdf80000,0x00000007c0000000)
 ParOldGen       total 161280K, used 35463K [0x00000006c1800000, 0x00000006cb580000, 0x00000007b9c00000)
  object space 161280K, 21% used [0x00000006c1800000,0x00000006c3aa1e80,0x00000006cb580000)
 Metaspace       used 2707K, capacity 4486K, committed 4864K, reserved 1056768K
  class space    used 302K, capacity 386K, committed 512K, reserved 1048576K
}
{Heap before GC invocations=1125 (full 1):
 PSYoungGen      total 69120K, used 68736K [0x00000007b9c00000, 0x00000007c0000000, 0x00000007c0000000)
  eden space 35840K, 100% used [0x00000007b9c00000,0x00000007bbf00000,0x00000007bbf00000)
  from space 33280K, 98% used [0x00000007bbf00000,0x00000007bdf20000,0x00000007bdf80000)
  to   space 33280K, 0% used [0x00000007bdf80000,0x00000007bdf80000,0x00000007c0000000)
 ParOldGen       total 161280K, used 35463K [0x00000006c1800000, 0x00000006cb580000, 0x00000007b9c00000)
  object space 161280K, 21% used [0x00000006c1800000,0x00000006c3aa1e80,0x00000006cb580000)
 Metaspace       used 2707K, capacity 4486K, committed 4864K, reserved 1056768K
  class space    used 302K, capacity 386K, committed 512K, reserved 1048576K
[GC (Allocation Failure)  104199K->68327K(230400K), 0.0316880 secs]
Heap after GC invocations=1125 (full 1):
 PSYoungGen      total 69120K, used 32864K [0x00000007b9c00000, 0x00000007c0000000, 0x00000007c0000000)
  eden space 35840K, 0% used [0x00000007b9c00000,0x00000007b9c00000,0x00000007bbf00000)
  from space 33280K, 98% used [0x00000007bdf80000,0x00000007bff98000,0x00000007c0000000)
  to   space 33280K, 0% used [0x00000007bbf00000,0x00000007bbf00000,0x00000007bdf80000)
 ParOldGen       total 161280K, used 35463K [0x00000006c1800000, 0x00000006cb580000, 0x00000007b9c00000)
  object space 161280K, 21% used [0x00000006c1800000,0x00000006c3aa1e80,0x00000006cb580000)
 Metaspace       used 2707K, capacity 4486K, committed 4864K, reserved 1056768K
  class space    used 302K, capacity 386K, committed 512K, reserved 1048576K
}
{Heap before GC invocations=1126 (full 1):
 PSYoungGen      total 69120K, used 68704K [0x00000007b9c00000, 0x00000007c0000000, 0x00000007c0000000)
  eden space 35840K, 100% used [0x00000007b9c00000,0x00000007bbf00000,0x00000007bbf00000)
  from space 33280K, 98% used [0x00000007bdf80000,0x00000007bff98000,0x00000007c0000000)
  to   space 33280K, 0% used [0x00000007bbf00000,0x00000007bbf00000,0x00000007bdf80000)
 ParOldGen       total 161280K, used 35463K [0x00000006c1800000, 0x00000006cb580000, 0x00000007b9c00000)
  object space 161280K, 21% used [0x00000006c1800000,0x00000006c3aa1e80,0x00000006cb580000)
 Metaspace       used 2707K, capacity 4486K, committed 4864K, reserved 1056768K
  class space    used 302K, capacity 386K, committed 512K, reserved 1048576K
[GC (Allocation Failure)  104167K->68359K(230400K), 0.0365988 secs]
Heap after GC invocations=1126 (full 1):
 PSYoungGen      total 69120K, used 32896K [0x00000007b9c00000, 0x00000007c0000000, 0x00000007c0000000)
  eden space 35840K, 0% used [0x00000007b9c00000,0x00000007b9c00000,0x00000007bbf00000)
  from space 33280K, 98% used [0x00000007bbf00000,0x00000007bdf20000,0x00000007bdf80000)
  to   space 33280K, 0% used [0x00000007bdf80000,0x00000007bdf80000,0x00000007c0000000)
 ParOldGen       total 161280K, used 35463K [0x00000006c1800000, 0x00000006cb580000, 0x00000007b9c00000)
  object space 161280K, 21% used [0x00000006c1800000,0x00000006c3aa1e80,0x00000006cb580000)
 Metaspace       used 2707K, capacity 4486K, committed 4864K, reserved 1056768K
  class space    used 302K, capacity 386K, committed 512K, reserved 1048576K
}
{Heap before GC invocations=1127 (full 1):
 PSYoungGen      total 69120K, used 68736K [0x00000007b9c00000, 0x00000007c0000000, 0x00000007c0000000)
  eden space 35840K, 100% used [0x00000007b9c00000,0x00000007bbf00000,0x00000007bbf00000)
  from space 33280K, 98% used [0x00000007bbf00000,0x00000007bdf20000,0x00000007bdf80000)
  to   space 33280K, 0% used [0x00000007bdf80000,0x00000007bdf80000,0x00000007c0000000)
 ParOldGen       total 161280K, used 35463K [0x00000006c1800000, 0x00000006cb580000, 0x00000007b9c00000)
  object space 161280K, 21% used [0x00000006c1800000,0x00000006c3aa1e80,0x00000006cb580000)
 Metaspace       used 2707K, capacity 4486K, committed 4864K, reserved 1056768K
  class space    used 302K, capacity 386K, committed 512K, reserved 1048576K
[GC (Allocation Failure)  104199K->68359K(230400K), 0.0323575 secs]
Heap after GC invocations=1127 (full 1):
 PSYoungGen      total 69120K, used 32896K [0x00000007b9c00000, 0x00000007c0000000, 0x00000007c0000000)
  eden space 35840K, 0% used [0x00000007b9c00000,0x00000007b9c00000,0x00000007bbf00000)
  from space 33280K, 98% used [0x00000007bdf80000,0x00000007bffa0000,0x00000007c0000000)
  to   space 33280K, 0% used [0x00000007bbf00000,0x00000007bbf00000,0x00000007bdf80000)
 ParOldGen       total 161280K, used 35463K [0x00000006c1800000, 0x00000006cb580000, 0x00000007b9c00000)
  object space 161280K, 21% used [0x00000006c1800000,0x00000006c3aa1e80,0x00000006cb580000)
 Metaspace       used 2707K, capacity 4486K, committed 4864K, reserved 1056768K
  class space    used 302K, capacity 386K, committed 512K, reserved 1048576K
}
{Heap before GC invocations=1128 (full 1):
 PSYoungGen      total 69120K, used 68736K [0x00000007b9c00000, 0x00000007c0000000, 0x00000007c0000000)
  eden space 35840K, 100% used [0x00000007b9c00000,0x00000007bbf00000,0x00000007bbf00000)
  from space 33280K, 98% used [0x00000007bdf80000,0x00000007bffa0000,0x00000007c0000000)
  to   space 33280K, 0% used [0x00000007bbf00000,0x00000007bbf00000,0x00000007bdf80000)
 ParOldGen       total 161280K, used 35463K [0x00000006c1800000, 0x00000006cb580000, 0x00000007b9c00000)
  object space 161280K, 21% used [0x00000006c1800000,0x00000006c3aa1e80,0x00000006cb580000)
 Metaspace       used 2707K, capacity 4486K, committed 4864K, reserved 1056768K
  class space    used 302K, capacity 386K, committed 512K, reserved 1048576K
[GC (Allocation Failure)  104199K->68359K(230400K), 0.0334065 secs]
Heap after GC invocations=1128 (full 1):
 PSYoungGen      total 69120K, used 32896K [0x00000007b9c00000, 0x00000007c0000000, 0x00000007c0000000)
  eden space 35840K, 0% used [0x00000007b9c00000,0x00000007b9c00000,0x00000007bbf00000)
  from space 33280K, 98% used [0x00000007bbf00000,0x00000007bdf20000,0x00000007bdf80000)
  to   space 33280K, 0% used [0x00000007bdf80000,0x00000007bdf80000,0x00000007c0000000)
 ParOldGen       total 161280K, used 35463K [0x00000006c1800000, 0x00000006cb580000, 0x00000007b9c00000)
  object space 161280K, 21% used [0x00000006c1800000,0x00000006c3aa1e80,0x00000006cb580000)
 Metaspace       used 2707K, capacity 4486K, committed 4864K, reserved 1056768K
  class space    used 302K, capacity 386K, committed 512K, reserved 1048576K
}
{Heap before GC invocations=1129 (full 1):
 PSYoungGen      total 69120K, used 68736K [0x00000007b9c00000, 0x00000007c0000000, 0x00000007c0000000)
  eden space 35840K, 100% used [0x00000007b9c00000,0x00000007bbf00000,0x00000007bbf00000)
  from space 33280K, 98% used [0x00000007bbf00000,0x00000007bdf20000,0x00000007bdf80000)
  to   space 33280K, 0% used [0x00000007bdf80000,0x00000007bdf80000,0x00000007c0000000)
 ParOldGen       total 161280K, used 35463K [0x00000006c1800000, 0x00000006cb580000, 0x00000007b9c00000)
  object space 161280K, 21% used [0x00000006c1800000,0x00000006c3aa1e80,0x00000006cb580000)
 Metaspace       used 2707K, capacity 4486K, committed 4864K, reserved 1056768K
  class space    used 302K, capacity 386K, committed 512K, reserved 1048576K
[GC (Allocation Failure)  104199K->68359K(230400K), 0.0452224 secs]
Heap after GC invocations=1129 (full 1):
 PSYoungGen      total 69120K, used 32896K [0x00000007b9c00000, 0x00000007c0000000, 0x00000007c0000000)
  eden space 35840K, 0% used [0x00000007b9c00000,0x00000007b9c00000,0x00000007bbf00000)
  from space 33280K, 98% used [0x00000007bdf80000,0x00000007bffa0000,0x00000007c0000000)
  to   space 33280K, 0% used [0x00000007bbf00000,0x00000007bbf00000,0x00000007bdf80000)
 ParOldGen       total 161280K, used 35463K [0x00000006c1800000, 0x00000006cb580000, 0x00000007b9c00000)
  object space 161280K, 21% used [0x00000006c1800000,0x00000006c3aa1e80,0x00000006cb580000)
 Metaspace       used 2707K, capacity 4486K, committed 4864K, reserved 1056768K
  class space    used 302K, capacity 386K, committed 512K, reserved 1048576K
}
{Heap before GC invocations=1130 (full 1):
 PSYoungGen      total 69120K, used 68736K [0x00000007b9c00000, 0x00000007c0000000, 0x00000007c0000000)
  eden space 35840K, 100% used [0x00000007b9c00000,0x00000007bbf00000,0x00000007bbf00000)
  from space 33280K, 98% used [0x00000007bdf80000,0x00000007bffa0000,0x00000007c0000000)
  to   space 33280K, 0% used [0x00000007bbf00000,0x00000007bbf00000,0x00000007bdf80000)
 ParOldGen       total 161280K, used 35463K [0x00000006c1800000, 0x00000006cb580000, 0x00000007b9c00000)
  object space 161280K, 21% used [0x00000006c1800000,0x00000006c3aa1e80,0x00000006cb580000)
 Metaspace       used 2707K, capacity 4486K, committed 4864K, reserved 1056768K
  class space    used 302K, capacity 386K, committed 512K, reserved 1048576K
[GC (Allocation Failure)  104199K->68359K(230400K), 0.0360478 secs]
Heap after GC invocations=1130 (full 1):
 PSYoungGen      total 69120K, used 32896K [0x00000007b9c00000, 0x00000007c0000000, 0x00000007c0000000)
  eden space 35840K, 0% used [0x00000007b9c00000,0x00000007b9c00000,0x00000007bbf00000)
  from space 33280K, 98% used [0x00000007bbf00000,0x00000007bdf20000,0x00000007bdf80000)
  to   space 33280K, 0% used [0x00000007bdf80000,0x00000007bdf80000,0x00000007c0000000)
 ParOldGen       total 161280K, used 35463K [0x00000006c1800000, 0x00000006cb580000, 0x00000007b9c00000)
  object space 161280K, 21% used [0x00000006c1800000,0x00000006c3aa1e80,0x00000006cb580000)
 Metaspace       used 2707K, capacity 4486K, committed 4864K, reserved 1056768K
  class space    used 302K, capacity 386K, committed 512K, reserved 1048576K
}
{Heap before GC invocations=1131 (full 1):
 PSYoungGen      total 69120K, used 68736K [0x00000007b9c00000, 0x00000007c0000000, 0x00000007c0000000)
  eden space 35840K, 100% used [0x00000007b9c00000,0x00000007bbf00000,0x00000007bbf00000)
  from space 33280K, 98% used [0x00000007bbf00000,0x00000007bdf20000,0x00000007bdf80000)
  to   space 33280K, 0% used [0x00000007bdf80000,0x00000007bdf80000,0x00000007c0000000)
 ParOldGen       total 161280K, used 35463K [0x00000006c1800000, 0x00000006cb580000, 0x00000007b9c00000)
  object space 161280K, 21% used [0x00000006c1800000,0x00000006c3aa1e80,0x00000006cb580000)
 Metaspace       used 2707K, capacity 4486K, committed 4864K, reserved 1056768K
  class space    used 302K, capacity 386K, committed 512K, reserved 1048576K
[GC (Allocation Failure)  104199K->68327K(230400K), 0.0315428 secs]
Heap after GC invocations=1131 (full 1):
 PSYoungGen      total 69120K, used 32864K [0x00000007b9c00000, 0x00000007c0000000, 0x00000007c0000000)
  eden space 35840K, 0% used [0x00000007b9c00000,0x00000007b9c00000,0x00000007bbf00000)
  from space 33280K, 98% used [0x00000007bdf80000,0x00000007bff98000,0x00000007c0000000)
  to   space 33280K, 0% used [0x00000007bbf00000,0x00000007bbf00000,0x00000007bdf80000)
 ParOldGen       total 161280K, used 35463K [0x00000006c1800000, 0x00000006cb580000, 0x00000007b9c00000)
  object space 161280K, 21% used [0x00000006c1800000,0x00000006c3aa1e80,0x00000006cb580000)
 Metaspace       used 2707K, capacity 4486K, committed 4864K, reserved 1056768K
  class space    used 302K, capacity 386K, committed 512K, reserved 1048576K
}
{Heap before GC invocations=1132 (full 1):
 PSYoungGen      total 69120K, used 68704K [0x00000007b9c00000, 0x00000007c0000000, 0x00000007c0000000)
  eden space 35840K, 100% used [0x00000007b9c00000,0x00000007bbf00000,0x00000007bbf00000)
  from space 33280K, 98% used [0x00000007bdf80000,0x00000007bff98000,0x00000007c0000000)
  to   space 33280K, 0% used [0x00000007bbf00000,0x00000007bbf00000,0x00000007bdf80000)
 ParOldGen       total 161280K, used 35463K [0x00000006c1800000, 0x00000006cb580000, 0x00000007b9c00000)
  object space 161280K, 21% used [0x00000006c1800000,0x00000006c3aa1e80,0x00000006cb580000)
 Metaspace       used 2707K, capacity 4486K, committed 4864K, reserved 1056768K
  class space    used 302K, capacity 386K, committed 512K, reserved 1048576K
[GC (Allocation Failure)  104167K->68359K(230400K), 0.0316491 secs]
Heap after GC invocations=1132 (full 1):
 PSYoungGen      total 69120K, used 32896K [0x00000007b9c00000, 0x00000007c0000000, 0x00000007c0000000)
  eden space 35840K, 0% used [0x00000007b9c00000,0x00000007b9c00000,0x00000007bbf00000)
  from space 33280K, 98% used [0x00000007bbf00000,0x00000007bdf20000,0x00000007bdf80000)
  to   space 33280K, 0% used [0x00000007bdf80000,0x00000007bdf80000,0x00000007c0000000)
 ParOldGen       total 161280K, used 35463K [0x00000006c1800000, 0x00000006cb580000, 0x00000007b9c00000)
  object space 161280K, 21% used [0x00000006c1800000,0x00000006c3aa1e80,0x00000006cb580000)
 Metaspace       used 2707K, capacity 4486K, committed 4864K, reserved 1056768K
  class space    used 302K, capacity 386K, committed 512K, reserved 1048576K
}
{Heap before GC invocations=1133 (full 1):
 PSYoungGen      total 69120K, used 68736K [0x00000007b9c00000, 0x00000007c0000000, 0x00000007c0000000)
  eden space 35840K, 100% used [0x00000007b9c00000,0x00000007bbf00000,0x00000007bbf00000)
  from space 33280K, 98% used [0x00000007bbf00000,0x00000007bdf20000,0x00000007bdf80000)
  to   space 33280K, 0% used [0x00000007bdf80000,0x00000007bdf80000,0x00000007c0000000)
 ParOldGen       total 161280K, used 35463K [0x00000006c1800000, 0x00000006cb580000, 0x00000007b9c00000)
  object space 161280K, 21% used [0x00000006c1800000,0x00000006c3aa1e80,0x00000006cb580000)
 Metaspace       used 2707K, capacity 4486K, committed 4864K, reserved 1056768K
  class space    used 302K, capacity 386K, committed 512K, reserved 1048576K
[GC (Allocation Failure)  104199K->68359K(230400K), 0.0379606 secs]
Heap after GC invocations=1133 (full 1):
 PSYoungGen      total 69120K, used 32896K [0x00000007b9c00000, 0x00000007c0000000, 0x00000007c0000000)
  eden space 35840K, 0% used [0x00000007b9c00000,0x00000007b9c00000,0x00000007bbf00000)
  from space 33280K, 98% used [0x00000007bdf80000,0x00000007bffa0000,0x00000007c0000000)
  to   space 33280K, 0% used [0x00000007bbf00000,0x00000007bbf00000,0x00000007bdf80000)
 ParOldGen       total 161280K, used 35463K [0x00000006c1800000, 0x00000006cb580000, 0x00000007b9c00000)
  object space 161280K, 21% used [0x00000006c1800000,0x00000006c3aa1e80,0x00000006cb580000)
 Metaspace       used 2707K, capacity 4486K, committed 4864K, reserved 1056768K
  class space    used 302K, capacity 386K, committed 512K, reserved 1048576K
}
{Heap before GC invocations=1134 (full 1):
 PSYoungGen      total 69120K, used 68736K [0x00000007b9c00000, 0x00000007c0000000, 0x00000007c0000000)
  eden space 35840K, 100% used [0x00000007b9c00000,0x00000007bbf00000,0x00000007bbf00000)
  from space 33280K, 98% used [0x00000007bdf80000,0x00000007bffa0000,0x00000007c0000000)
  to   space 33280K, 0% used [0x00000007bbf00000,0x00000007bbf00000,0x00000007bdf80000)
 ParOldGen       total 161280K, used 35463K [0x00000006c1800000, 0x00000006cb580000, 0x00000007b9c00000)
  object space 161280K, 21% used [0x00000006c1800000,0x00000006c3aa1e80,0x00000006cb580000)
 Metaspace       used 2707K, capacity 4486K, committed 4864K, reserved 1056768K
  class space    used 302K, capacity 386K, committed 512K, reserved 1048576K
[GC (Allocation Failure)  104199K->68359K(230400K), 0.0305722 secs]
Heap after GC invocations=1134 (full 1):
 PSYoungGen      total 69120K, used 32896K [0x00000007b9c00000, 0x00000007c0000000, 0x00000007c0000000)
  eden space 35840K, 0% used [0x00000007b9c00000,0x00000007b9c00000,0x00000007bbf00000)
  from space 33280K, 98% used [0x00000007bbf00000,0x00000007bdf20000,0x00000007bdf80000)
  to   space 33280K, 0% used [0x00000007bdf80000,0x00000007bdf80000,0x00000007c0000000)
 ParOldGen       total 161280K, used 35463K [0x00000006c1800000, 0x00000006cb580000, 0x00000007b9c00000)
  object space 161280K, 21% used [0x00000006c1800000,0x00000006c3aa1e80,0x00000006cb580000)
 Metaspace       used 2707K, capacity 4486K, committed 4864K, reserved 1056768K
  class space    used 302K, capacity 386K, committed 512K, reserved 1048576K
}
{Heap before GC invocations=1135 (full 1):
 PSYoungGen      total 69120K, used 68736K [0x00000007b9c00000, 0x00000007c0000000, 0x00000007c0000000)
  eden space 35840K, 100% used [0x00000007b9c00000,0x00000007bbf00000,0x00000007bbf00000)
  from space 33280K, 98% used [0x00000007bbf00000,0x00000007bdf20000,0x00000007bdf80000)
  to   space 33280K, 0% used [0x00000007bdf80000,0x00000007bdf80000,0x00000007c0000000)
 ParOldGen       total 161280K, used 35463K [0x00000006c1800000, 0x00000006cb580000, 0x00000007b9c00000)
  object space 161280K, 21% used [0x00000006c1800000,0x00000006c3aa1e80,0x00000006cb580000)
 Metaspace       used 2707K, capacity 4486K, committed 4864K, reserved 1056768K
  class space    used 302K, capacity 386K, committed 512K, reserved 1048576K
[GC (Allocation Failure)  104199K->68359K(230400K), 0.0324261 secs]
Heap after GC invocations=1135 (full 1):
 PSYoungGen      total 69120K, used 32896K [0x00000007b9c00000, 0x00000007c0000000, 0x00000007c0000000)
  eden space 35840K, 0% used [0x00000007b9c00000,0x00000007b9c00000,0x00000007bbf00000)
  from space 33280K, 98% used [0x00000007bdf80000,0x00000007bffa0000,0x00000007c0000000)
  to   space 33280K, 0% used [0x00000007bbf00000,0x00000007bbf00000,0x00000007bdf80000)
 ParOldGen       total 161280K, used 35463K [0x00000006c1800000, 0x00000006cb580000, 0x00000007b9c00000)
  object space 161280K, 21% used [0x00000006c1800000,0x00000006c3aa1e80,0x00000006cb580000)
 Metaspace       used 2707K, capacity 4486K, committed 4864K, reserved 1056768K
  class space    used 302K, capacity 386K, committed 512K, reserved 1048576K
}
{Heap before GC invocations=1136 (full 1):
 PSYoungGen      total 69120K, used 68736K [0x00000007b9c00000, 0x00000007c0000000, 0x00000007c0000000)
  eden space 35840K, 100% used [0x00000007b9c00000,0x00000007bbf00000,0x00000007bbf00000)
  from space 33280K, 98% used [0x00000007bdf80000,0x00000007bffa0000,0x00000007c0000000)
  to   space 33280K, 0% used [0x00000007bbf00000,0x00000007bbf00000,0x00000007bdf80000)
 ParOldGen       total 161280K, used 35463K [0x00000006c1800000, 0x00000006cb580000, 0x00000007b9c00000)
  object space 161280K, 21% used [0x00000006c1800000,0x00000006c3aa1e80,0x00000006cb580000)
 Metaspace       used 2707K, capacity 4486K, committed 4864K, reserved 1056768K
  class space    used 302K, capacity 386K, committed 512K, reserved 1048576K
[GC (Allocation Failure)  104199K->68391K(230400K), 0.0351527 secs]
Heap after GC invocations=1136 (full 1):
 PSYoungGen      total 69120K, used 32928K [0x00000007b9c00000, 0x00000007c0000000, 0x00000007c0000000)
  eden space 35840K, 0% used [0x00000007b9c00000,0x00000007b9c00000,0x00000007bbf00000)
  from space 33280K, 98% used [0x00000007bbf00000,0x00000007bdf28000,0x00000007bdf80000)
  to   space 33280K, 0% used [0x00000007bdf80000,0x00000007bdf80000,0x00000007c0000000)
 ParOldGen       total 161280K, used 35463K [0x00000006c1800000, 0x00000006cb580000, 0x00000007b9c00000)
  object space 161280K, 21% used [0x00000006c1800000,0x00000006c3aa1e80,0x00000006cb580000)
 Metaspace       used 2707K, capacity 4486K, committed 4864K, reserved 1056768K
  class space    used 302K, capacity 386K, committed 512K, reserved 1048576K
}
{Heap before GC invocations=1137 (full 1):
 PSYoungGen      total 69120K, used 68768K [0x00000007b9c00000, 0x00000007c0000000, 0x00000007c0000000)
  eden space 35840K, 100% used [0x00000007b9c00000,0x00000007bbf00000,0x00000007bbf00000)
  from space 33280K, 98% used [0x00000007bbf00000,0x00000007bdf28000,0x00000007bdf80000)
  to   space 33280K, 0% used [0x00000007bdf80000,0x00000007bdf80000,0x00000007c0000000)
 ParOldGen       total 161280K, used 35463K [0x00000006c1800000, 0x00000006cb580000, 0x00000007b9c00000)
  object space 161280K, 21% used [0x00000006c1800000,0x00000006c3aa1e80,0x00000006cb580000)
 Metaspace       used 2707K, capacity 4486K, committed 4864K, reserved 1056768K
  class space    used 302K, capacity 386K, committed 512K, reserved 1048576K
[GC (Allocation Failure)  104231K->68359K(230400K), 0.0351050 secs]
Heap after GC invocations=1137 (full 1):
 PSYoungGen      total 69120K, used 32896K [0x00000007b9c00000, 0x00000007c0000000, 0x00000007c0000000)
  eden space 35840K, 0% used [0x00000007b9c00000,0x00000007b9c00000,0x00000007bbf00000)
  from space 33280K, 98% used [0x00000007bdf80000,0x00000007bffa0000,0x00000007c0000000)
  to   space 33280K, 0% used [0x00000007bbf00000,0x00000007bbf00000,0x00000007bdf80000)
 ParOldGen       total 161280K, used 35463K [0x00000006c1800000, 0x00000006cb580000, 0x00000007b9c00000)
  object space 161280K, 21% used [0x00000006c1800000,0x00000006c3aa1e80,0x00000006cb580000)
 Metaspace       used 2707K, capacity 4486K, committed 4864K, reserved 1056768K
  class space    used 302K, capacity 386K, committed 512K, reserved 1048576K
}
{Heap before GC invocations=1138 (full 1):
 PSYoungGen      total 69120K, used 68736K [0x00000007b9c00000, 0x00000007c0000000, 0x00000007c0000000)
  eden space 35840K, 100% used [0x00000007b9c00000,0x00000007bbf00000,0x00000007bbf00000)
  from space 33280K, 98% used [0x00000007bdf80000,0x00000007bffa0000,0x00000007c0000000)
  to   space 33280K, 0% used [0x00000007bbf00000,0x00000007bbf00000,0x00000007bdf80000)
 ParOldGen       total 161280K, used 35463K [0x00000006c1800000, 0x00000006cb580000, 0x00000007b9c00000)
  object space 161280K, 21% used [0x00000006c1800000,0x00000006c3aa1e80,0x00000006cb580000)
 Metaspace       used 2707K, capacity 4486K, committed 4864K, reserved 1056768K
  class space    used 302K, capacity 386K, committed 512K, reserved 1048576K
[GC (Allocation Failure)  104199K->68359K(230400K), 0.0430623 secs]
Heap after GC invocations=1138 (full 1):
 PSYoungGen      total 69120K, used 32896K [0x00000007b9c00000, 0x00000007c0000000, 0x00000007c0000000)
  eden space 35840K, 0% used [0x00000007b9c00000,0x00000007b9c00000,0x00000007bbf00000)
  from space 33280K, 98% used [0x00000007bbf00000,0x00000007bdf20000,0x00000007bdf80000)
  to   space 33280K, 0% used [0x00000007bdf80000,0x00000007bdf80000,0x00000007c0000000)
 ParOldGen       total 161280K, used 35463K [0x00000006c1800000, 0x00000006cb580000, 0x00000007b9c00000)
  object space 161280K, 21% used [0x00000006c1800000,0x00000006c3aa1e80,0x00000006cb580000)
 Metaspace       used 2707K, capacity 4486K, committed 4864K, reserved 1056768K
  class space    used 302K, capacity 386K, committed 512K, reserved 1048576K
}
{Heap before GC invocations=1139 (full 1):
 PSYoungGen      total 69120K, used 68736K [0x00000007b9c00000, 0x00000007c0000000, 0x00000007c0000000)
  eden space 35840K, 100% used [0x00000007b9c00000,0x00000007bbf00000,0x00000007bbf00000)
  from space 33280K, 98% used [0x00000007bbf00000,0x00000007bdf20000,0x00000007bdf80000)
  to   space 33280K, 0% used [0x00000007bdf80000,0x00000007bdf80000,0x00000007c0000000)
 ParOldGen       total 161280K, used 35463K [0x00000006c1800000, 0x00000006cb580000, 0x00000007b9c00000)
  object space 161280K, 21% used [0x00000006c1800000,0x00000006c3aa1e80,0x00000006cb580000)
 Metaspace       used 2707K, capacity 4486K, committed 4864K, reserved 1056768K
  class space    used 302K, capacity 386K, committed 512K, reserved 1048576K
[GC (Allocation Failure)  104199K->68391K(230400K), 0.0338983 secs]
Heap after GC invocations=1139 (full 1):
 PSYoungGen      total 69120K, used 32928K [0x00000007b9c00000, 0x00000007c0000000, 0x00000007c0000000)
  eden space 35840K, 0% used [0x00000007b9c00000,0x00000007b9c00000,0x00000007bbf00000)
  from space 33280K, 98% used [0x00000007bdf80000,0x00000007bffa8000,0x00000007c0000000)
  to   space 33280K, 0% used [0x00000007bbf00000,0x00000007bbf00000,0x00000007bdf80000)
 ParOldGen       total 161280K, used 35463K [0x00000006c1800000, 0x00000006cb580000, 0x00000007b9c00000)
  object space 161280K, 21% used [0x00000006c1800000,0x00000006c3aa1e80,0x00000006cb580000)
 Metaspace       used 2707K, capacity 4486K, committed 4864K, reserved 1056768K
  class space    used 302K, capacity 386K, committed 512K, reserved 1048576K
}
{Heap before GC invocations=1140 (full 1):
 PSYoungGen      total 69120K, used 68768K [0x00000007b9c00000, 0x00000007c0000000, 0x00000007c0000000)
  eden space 35840K, 100% used [0x00000007b9c00000,0x00000007bbf00000,0x00000007bbf00000)
  from space 33280K, 98% used [0x00000007bdf80000,0x00000007bffa8000,0x00000007c0000000)
  to   space 33280K, 0% used [0x00000007bbf00000,0x00000007bbf00000,0x00000007bdf80000)
 ParOldGen       total 161280K, used 35463K [0x00000006c1800000, 0x00000006cb580000, 0x00000007b9c00000)
  object space 161280K, 21% used [0x00000006c1800000,0x00000006c3aa1e80,0x00000006cb580000)
 Metaspace       used 2707K, capacity 4486K, committed 4864K, reserved 1056768K
  class space    used 302K, capacity 386K, committed 512K, reserved 1048576K
[GC (Allocation Failure)  104231K->68359K(230400K), 0.0355785 secs]
Heap after GC invocations=1140 (full 1):
 PSYoungGen      total 69120K, used 32896K [0x00000007b9c00000, 0x00000007c0000000, 0x00000007c0000000)
  eden space 35840K, 0% used [0x00000007b9c00000,0x00000007b9c00000,0x00000007bbf00000)
  from space 33280K, 98% used [0x00000007bbf00000,0x00000007bdf20000,0x00000007bdf80000)
  to   space 33280K, 0% used [0x00000007bdf80000,0x00000007bdf80000,0x00000007c0000000)
 ParOldGen       total 161280K, used 35463K [0x00000006c1800000, 0x00000006cb580000, 0x00000007b9c00000)
  object space 161280K, 21% used [0x00000006c1800000,0x00000006c3aa1e80,0x00000006cb580000)
 Metaspace       used 2707K, capacity 4486K, committed 4864K, reserved 1056768K
  class space    used 302K, capacity 386K, committed 512K, reserved 1048576K
}
{Heap before GC invocations=1141 (full 1):
 PSYoungGen      total 69120K, used 68736K [0x00000007b9c00000, 0x00000007c0000000, 0x00000007c0000000)
  eden space 35840K, 100% used [0x00000007b9c00000,0x00000007bbf00000,0x00000007bbf00000)
  from space 33280K, 98% used [0x00000007bbf00000,0x00000007bdf20000,0x00000007bdf80000)
  to   space 33280K, 0% used [0x00000007bdf80000,0x00000007bdf80000,0x00000007c0000000)
 ParOldGen       total 161280K, used 35463K [0x00000006c1800000, 0x00000006cb580000, 0x00000007b9c00000)
  object space 161280K, 21% used [0x00000006c1800000,0x00000006c3aa1e80,0x00000006cb580000)
 Metaspace       used 2707K, capacity 4486K, committed 4864K, reserved 1056768K
  class space    used 302K, capacity 386K, committed 512K, reserved 1048576K
[GC (Allocation Failure)  104199K->68391K(230400K), 0.0336516 secs]
Heap after GC invocations=1141 (full 1):
 PSYoungGen      total 69120K, used 32928K [0x00000007b9c00000, 0x00000007c0000000, 0x00000007c0000000)
  eden space 35840K, 0% used [0x00000007b9c00000,0x00000007b9c00000,0x00000007bbf00000)
  from space 33280K, 98% used [0x00000007bdf80000,0x00000007bffa8000,0x00000007c0000000)
  to   space 33280K, 0% used [0x00000007bbf00000,0x00000007bbf00000,0x00000007bdf80000)
 ParOldGen       total 161280K, used 35463K [0x00000006c1800000, 0x00000006cb580000, 0x00000007b9c00000)
  object space 161280K, 21% used [0x00000006c1800000,0x00000006c3aa1e80,0x00000006cb580000)
 Metaspace       used 2707K, capacity 4486K, committed 4864K, reserved 1056768K
  class space    used 302K, capacity 386K, committed 512K, reserved 1048576K
}
{Heap before GC invocations=1142 (full 1):
 PSYoungGen      total 69120K, used 68768K [0x00000007b9c00000, 0x00000007c0000000, 0x00000007c0000000)
  eden space 35840K, 100% used [0x00000007b9c00000,0x00000007bbf00000,0x00000007bbf00000)
  from space 33280K, 98% used [0x00000007bdf80000,0x00000007bffa8000,0x00000007c0000000)
  to   space 33280K, 0% used [0x00000007bbf00000,0x00000007bbf00000,0x00000007bdf80000)
 ParOldGen       total 161280K, used 35463K [0x00000006c1800000, 0x00000006cb580000, 0x00000007b9c00000)
  object space 161280K, 21% used [0x00000006c1800000,0x00000006c3aa1e80,0x00000006cb580000)
 Metaspace       used 2707K, capacity 4486K, committed 4864K, reserved 1056768K
  class space    used 302K, capacity 386K, committed 512K, reserved 1048576K
[GC (Allocation Failure)  104231K->68359K(230400K), 0.0343909 secs]
Heap after GC invocations=1142 (full 1):
 PSYoungGen      total 69120K, used 32896K [0x00000007b9c00000, 0x00000007c0000000, 0x00000007c0000000)
  eden space 35840K, 0% used [0x00000007b9c00000,0x00000007b9c00000,0x00000007bbf00000)
  from space 33280K, 98% used [0x00000007bbf00000,0x00000007bdf20000,0x00000007bdf80000)
  to   space 33280K, 0% used [0x00000007bdf80000,0x00000007bdf80000,0x00000007c0000000)
 ParOldGen       total 161280K, used 35463K [0x00000006c1800000, 0x00000006cb580000, 0x00000007b9c00000)
  object space 161280K, 21% used [0x00000006c1800000,0x00000006c3aa1e80,0x00000006cb580000)
 Metaspace       used 2707K, capacity 4486K, committed 4864K, reserved 1056768K
  class space    used 302K, capacity 386K, committed 512K, reserved 1048576K
}
{Heap before GC invocations=1143 (full 1):
 PSYoungGen      total 69120K, used 68736K [0x00000007b9c00000, 0x00000007c0000000, 0x00000007c0000000)
  eden space 35840K, 100% used [0x00000007b9c00000,0x00000007bbf00000,0x00000007bbf00000)
  from space 33280K, 98% used [0x00000007bbf00000,0x00000007bdf20000,0x00000007bdf80000)
  to   space 33280K, 0% used [0x00000007bdf80000,0x00000007bdf80000,0x00000007c0000000)
 ParOldGen       total 161280K, used 35463K [0x00000006c1800000, 0x00000006cb580000, 0x00000007b9c00000)
  object space 161280K, 21% used [0x00000006c1800000,0x00000006c3aa1e80,0x00000006cb580000)
 Metaspace       used 2707K, capacity 4486K, committed 4864K, reserved 1056768K
  class space    used 302K, capacity 386K, committed 512K, reserved 1048576K
[GC (Allocation Failure)  104199K->68391K(230400K), 0.0494541 secs]
Heap after GC invocations=1143 (full 1):
 PSYoungGen      total 69120K, used 32928K [0x00000007b9c00000, 0x00000007c0000000, 0x00000007c0000000)
  eden space 35840K, 0% used [0x00000007b9c00000,0x00000007b9c00000,0x00000007bbf00000)
  from space 33280K, 98% used [0x00000007bdf80000,0x00000007bffa8000,0x00000007c0000000)
  to   space 33280K, 0% used [0x00000007bbf00000,0x00000007bbf00000,0x00000007bdf80000)
 ParOldGen       total 161280K, used 35463K [0x00000006c1800000, 0x00000006cb580000, 0x00000007b9c00000)
  object space 161280K, 21% used [0x00000006c1800000,0x00000006c3aa1e80,0x00000006cb580000)
 Metaspace       used 2707K, capacity 4486K, committed 4864K, reserved 1056768K
  class space    used 302K, capacity 386K, committed 512K, reserved 1048576K
}
{Heap before GC invocations=1144 (full 1):
 PSYoungGen      total 69120K, used 68768K [0x00000007b9c00000, 0x00000007c0000000, 0x00000007c0000000)
  eden space 35840K, 100% used [0x00000007b9c00000,0x00000007bbf00000,0x00000007bbf00000)
  from space 33280K, 98% used [0x00000007bdf80000,0x00000007bffa8000,0x00000007c0000000)
  to   space 33280K, 0% used [0x00000007bbf00000,0x00000007bbf00000,0x00000007bdf80000)
 ParOldGen       total 161280K, used 35463K [0x00000006c1800000, 0x00000006cb580000, 0x00000007b9c00000)
  object space 161280K, 21% used [0x00000006c1800000,0x00000006c3aa1e80,0x00000006cb580000)
 Metaspace       used 2707K, capacity 4486K, committed 4864K, reserved 1056768K
  class space    used 302K, capacity 386K, committed 512K, reserved 1048576K
[GC (Allocation Failure)  104231K->68359K(230400K), 0.0326150 secs]
Heap after GC invocations=1144 (full 1):
 PSYoungGen      total 69120K, used 32896K [0x00000007b9c00000, 0x00000007c0000000, 0x00000007c0000000)
  eden space 35840K, 0% used [0x00000007b9c00000,0x00000007b9c00000,0x00000007bbf00000)
  from space 33280K, 98% used [0x00000007bbf00000,0x00000007bdf20000,0x00000007bdf80000)
  to   space 33280K, 0% used [0x00000007bdf80000,0x00000007bdf80000,0x00000007c0000000)
 ParOldGen       total 161280K, used 35463K [0x00000006c1800000, 0x00000006cb580000, 0x00000007b9c00000)
  object space 161280K, 21% used [0x00000006c1800000,0x00000006c3aa1e80,0x00000006cb580000)
 Metaspace       used 2707K, capacity 4486K, committed 4864K, reserved 1056768K
  class space    used 302K, capacity 386K, committed 512K, reserved 1048576K
}
{Heap before GC invocations=1145 (full 1):
 PSYoungGen      total 69120K, used 68736K [0x00000007b9c00000, 0x00000007c0000000, 0x00000007c0000000)
  eden space 35840K, 100% used [0x00000007b9c00000,0x00000007bbf00000,0x00000007bbf00000)
  from space 33280K, 98% used [0x00000007bbf00000,0x00000007bdf20000,0x00000007bdf80000)
  to   space 33280K, 0% used [0x00000007bdf80000,0x00000007bdf80000,0x00000007c0000000)
 ParOldGen       total 161280K, used 35463K [0x00000006c1800000, 0x00000006cb580000, 0x00000007b9c00000)
  object space 161280K, 21% used [0x00000006c1800000,0x00000006c3aa1e80,0x00000006cb580000)
 Metaspace       used 2707K, capacity 4486K, committed 4864K, reserved 1056768K
  class space    used 302K, capacity 386K, committed 512K, reserved 1048576K
[GC (Allocation Failure)  104199K->68359K(230400K), 0.0353120 secs]
Heap after GC invocations=1145 (full 1):
 PSYoungGen      total 69120K, used 32896K [0x00000007b9c00000, 0x00000007c0000000, 0x00000007c0000000)
  eden space 35840K, 0% used [0x00000007b9c00000,0x00000007b9c00000,0x00000007bbf00000)
  from space 33280K, 98% used [0x00000007bdf80000,0x00000007bffa0000,0x00000007c0000000)
  to   space 33280K, 0% used [0x00000007bbf00000,0x00000007bbf00000,0x00000007bdf80000)
 ParOldGen       total 161280K, used 35463K [0x00000006c1800000, 0x00000006cb580000, 0x00000007b9c00000)
  object space 161280K, 21% used [0x00000006c1800000,0x00000006c3aa1e80,0x00000006cb580000)
 Metaspace       used 2707K, capacity 4486K, committed 4864K, reserved 1056768K
  class space    used 302K, capacity 386K, committed 512K, reserved 1048576K
}
{Heap before GC invocations=1146 (full 1):
 PSYoungGen      total 69120K, used 68736K [0x00000007b9c00000, 0x00000007c0000000, 0x00000007c0000000)
  eden space 35840K, 100% used [0x00000007b9c00000,0x00000007bbf00000,0x00000007bbf00000)
  from space 33280K, 98% used [0x00000007bdf80000,0x00000007bffa0000,0x00000007c0000000)
  to   space 33280K, 0% used [0x00000007bbf00000,0x00000007bbf00000,0x00000007bdf80000)
 ParOldGen       total 161280K, used 35463K [0x00000006c1800000, 0x00000006cb580000, 0x00000007b9c00000)
  object space 161280K, 21% used [0x00000006c1800000,0x00000006c3aa1e80,0x00000006cb580000)
 Metaspace       used 2707K, capacity 4486K, committed 4864K, reserved 1056768K
  class space    used 302K, capacity 386K, committed 512K, reserved 1048576K
[GC (Allocation Failure)  104199K->68359K(230400K), 0.0322555 secs]
Heap after GC invocations=1146 (full 1):
 PSYoungGen      total 69120K, used 32896K [0x00000007b9c00000, 0x00000007c0000000, 0x00000007c0000000)
  eden space 35840K, 0% used [0x00000007b9c00000,0x00000007b9c00000,0x00000007bbf00000)
  from space 33280K, 98% used [0x00000007bbf00000,0x00000007bdf20000,0x00000007bdf80000)
  to   space 33280K, 0% used [0x00000007bdf80000,0x00000007bdf80000,0x00000007c0000000)
 ParOldGen       total 161280K, used 35463K [0x00000006c1800000, 0x00000006cb580000, 0x00000007b9c00000)
  object space 161280K, 21% used [0x00000006c1800000,0x00000006c3aa1e80,0x00000006cb580000)
 Metaspace       used 2707K, capacity 4486K, committed 4864K, reserved 1056768K
  class space    used 302K, capacity 386K, committed 512K, reserved 1048576K
}
{Heap before GC invocations=1147 (full 1):
 PSYoungGen      total 69120K, used 68736K [0x00000007b9c00000, 0x00000007c0000000, 0x00000007c0000000)
  eden space 35840K, 100% used [0x00000007b9c00000,0x00000007bbf00000,0x00000007bbf00000)
  from space 33280K, 98% used [0x00000007bbf00000,0x00000007bdf20000,0x00000007bdf80000)
  to   space 33280K, 0% used [0x00000007bdf80000,0x00000007bdf80000,0x00000007c0000000)
 ParOldGen       total 161280K, used 35463K [0x00000006c1800000, 0x00000006cb580000, 0x00000007b9c00000)
  object space 161280K, 21% used [0x00000006c1800000,0x00000006c3aa1e80,0x00000006cb580000)
 Metaspace       used 2707K, capacity 4486K, committed 4864K, reserved 1056768K
  class space    used 302K, capacity 386K, committed 512K, reserved 1048576K
[GC (Allocation Failure)  104199K->68359K(230400K), 0.0323768 secs]
Heap after GC invocations=1147 (full 1):
 PSYoungGen      total 69120K, used 32896K [0x00000007b9c00000, 0x00000007c0000000, 0x00000007c0000000)
  eden space 35840K, 0% used [0x00000007b9c00000,0x00000007b9c00000,0x00000007bbf00000)
  from space 33280K, 98% used [0x00000007bdf80000,0x00000007bffa0000,0x00000007c0000000)
  to   space 33280K, 0% used [0x00000007bbf00000,0x00000007bbf00000,0x00000007bdf80000)
 ParOldGen       total 161280K, used 35463K [0x00000006c1800000, 0x00000006cb580000, 0x00000007b9c00000)
  object space 161280K, 21% used [0x00000006c1800000,0x00000006c3aa1e80,0x00000006cb580000)
 Metaspace       used 2707K, capacity 4486K, committed 4864K, reserved 1056768K
  class space    used 302K, capacity 386K, committed 512K, reserved 1048576K
}
{Heap before GC invocations=1148 (full 1):
 PSYoungGen      total 69120K, used 68736K [0x00000007b9c00000, 0x00000007c0000000, 0x00000007c0000000)
  eden space 35840K, 100% used [0x00000007b9c00000,0x00000007bbf00000,0x00000007bbf00000)
  from space 33280K, 98% used [0x00000007bdf80000,0x00000007bffa0000,0x00000007c0000000)
  to   space 33280K, 0% used [0x00000007bbf00000,0x00000007bbf00000,0x00000007bdf80000)
 ParOldGen       total 161280K, used 35463K [0x00000006c1800000, 0x00000006cb580000, 0x00000007b9c00000)
  object space 161280K, 21% used [0x00000006c1800000,0x00000006c3aa1e80,0x00000006cb580000)
 Metaspace       used 2707K, capacity 4486K, committed 4864K, reserved 1056768K
  class space    used 302K, capacity 386K, committed 512K, reserved 1048576K
[GC (Allocation Failure)  104199K->68391K(230400K), 0.0321133 secs]
Heap after GC invocations=1148 (full 1):
 PSYoungGen      total 69120K, used 32928K [0x00000007b9c00000, 0x00000007c0000000, 0x00000007c0000000)
  eden space 35840K, 0% used [0x00000007b9c00000,0x00000007b9c00000,0x00000007bbf00000)
  from space 33280K, 98% used [0x00000007bbf00000,0x00000007bdf28000,0x00000007bdf80000)
  to   space 33280K, 0% used [0x00000007bdf80000,0x00000007bdf80000,0x00000007c0000000)
 ParOldGen       total 161280K, used 35463K [0x00000006c1800000, 0x00000006cb580000, 0x00000007b9c00000)
  object space 161280K, 21% used [0x00000006c1800000,0x00000006c3aa1e80,0x00000006cb580000)
 Metaspace       used 2707K, capacity 4486K, committed 4864K, reserved 1056768K
  class space    used 302K, capacity 386K, committed 512K, reserved 1048576K
}
{Heap before GC invocations=1149 (full 1):
 PSYoungGen      total 69120K, used 68768K [0x00000007b9c00000, 0x00000007c0000000, 0x00000007c0000000)
  eden space 35840K, 100% used [0x00000007b9c00000,0x00000007bbf00000,0x00000007bbf00000)
  from space 33280K, 98% used [0x00000007bbf00000,0x00000007bdf28000,0x00000007bdf80000)
  to   space 33280K, 0% used [0x00000007bdf80000,0x00000007bdf80000,0x00000007c0000000)
 ParOldGen       total 161280K, used 35463K [0x00000006c1800000, 0x00000006cb580000, 0x00000007b9c00000)
  object space 161280K, 21% used [0x00000006c1800000,0x00000006c3aa1e80,0x00000006cb580000)
 Metaspace       used 2707K, capacity 4486K, committed 4864K, reserved 1056768K
  class space    used 302K, capacity 386K, committed 512K, reserved 1048576K
[GC (Allocation Failure)  104231K->68359K(230400K), 0.0316644 secs]
Heap after GC invocations=1149 (full 1):
 PSYoungGen      total 69120K, used 32896K [0x00000007b9c00000, 0x00000007c0000000, 0x00000007c0000000)
  eden space 35840K, 0% used [0x00000007b9c00000,0x00000007b9c00000,0x00000007bbf00000)
  from space 33280K, 98% used [0x00000007bdf80000,0x00000007bffa0000,0x00000007c0000000)
  to   space 33280K, 0% used [0x00000007bbf00000,0x00000007bbf00000,0x00000007bdf80000)
 ParOldGen       total 161280K, used 35463K [0x00000006c1800000, 0x00000006cb580000, 0x00000007b9c00000)
  object space 161280K, 21% used [0x00000006c1800000,0x00000006c3aa1e80,0x00000006cb580000)
 Metaspace       used 2707K, capacity 4486K, committed 4864K, reserved 1056768K
  class space    used 302K, capacity 386K, committed 512K, reserved 1048576K
}
{Heap before GC invocations=1150 (full 1):
 PSYoungGen      total 69120K, used 68736K [0x00000007b9c00000, 0x00000007c0000000, 0x00000007c0000000)
  eden space 35840K, 100% used [0x00000007b9c00000,0x00000007bbf00000,0x00000007bbf00000)
  from space 33280K, 98% used [0x00000007bdf80000,0x00000007bffa0000,0x00000007c0000000)
  to   space 33280K, 0% used [0x00000007bbf00000,0x00000007bbf00000,0x00000007bdf80000)
 ParOldGen       total 161280K, used 35463K [0x00000006c1800000, 0x00000006cb580000, 0x00000007b9c00000)
  object space 161280K, 21% used [0x00000006c1800000,0x00000006c3aa1e80,0x00000006cb580000)
 Metaspace       used 2707K, capacity 4486K, committed 4864K, reserved 1056768K
  class space    used 302K, capacity 386K, committed 512K, reserved 1048576K
[GC (Allocation Failure)  104199K->68359K(230400K), 0.0305206 secs]
Heap after GC invocations=1150 (full 1):
 PSYoungGen      total 69120K, used 32896K [0x00000007b9c00000, 0x00000007c0000000, 0x00000007c0000000)
  eden space 35840K, 0% used [0x00000007b9c00000,0x00000007b9c00000,0x00000007bbf00000)
  from space 33280K, 98% used [0x00000007bbf00000,0x00000007bdf20000,0x00000007bdf80000)
  to   space 33280K, 0% used [0x00000007bdf80000,0x00000007bdf80000,0x00000007c0000000)
 ParOldGen       total 161280K, used 35463K [0x00000006c1800000, 0x00000006cb580000, 0x00000007b9c00000)
  object space 161280K, 21% used [0x00000006c1800000,0x00000006c3aa1e80,0x00000006cb580000)
 Metaspace       used 2707K, capacity 4486K, committed 4864K, reserved 1056768K
  class space    used 302K, capacity 386K, committed 512K, reserved 1048576K
}
{Heap before GC invocations=1151 (full 1):
 PSYoungGen      total 69120K, used 68736K [0x00000007b9c00000, 0x00000007c0000000, 0x00000007c0000000)
  eden space 35840K, 100% used [0x00000007b9c00000,0x00000007bbf00000,0x00000007bbf00000)
  from space 33280K, 98% used [0x00000007bbf00000,0x00000007bdf20000,0x00000007bdf80000)
  to   space 33280K, 0% used [0x00000007bdf80000,0x00000007bdf80000,0x00000007c0000000)
 ParOldGen       total 161280K, used 35463K [0x00000006c1800000, 0x00000006cb580000, 0x00000007b9c00000)
  object space 161280K, 21% used [0x00000006c1800000,0x00000006c3aa1e80,0x00000006cb580000)
 Metaspace       used 2707K, capacity 4486K, committed 4864K, reserved 1056768K
  class space    used 302K, capacity 386K, committed 512K, reserved 1048576K
[GC (Allocation Failure)  104199K->68359K(230400K), 0.0306065 secs]
Heap after GC invocations=1151 (full 1):
 PSYoungGen      total 69120K, used 32896K [0x00000007b9c00000, 0x00000007c0000000, 0x00000007c0000000)
  eden space 35840K, 0% used [0x00000007b9c00000,0x00000007b9c00000,0x00000007bbf00000)
  from space 33280K, 98% used [0x00000007bdf80000,0x00000007bffa0000,0x00000007c0000000)
  to   space 33280K, 0% used [0x00000007bbf00000,0x00000007bbf00000,0x00000007bdf80000)
 ParOldGen       total 161280K, used 35463K [0x00000006c1800000, 0x00000006cb580000, 0x00000007b9c00000)
  object space 161280K, 21% used [0x00000006c1800000,0x00000006c3aa1e80,0x00000006cb580000)
 Metaspace       used 2707K, capacity 4486K, committed 4864K, reserved 1056768K
  class space    used 302K, capacity 386K, committed 512K, reserved 1048576K
}
{Heap before GC invocations=1152 (full 1):
 PSYoungGen      total 69120K, used 68736K [0x00000007b9c00000, 0x00000007c0000000, 0x00000007c0000000)
  eden space 35840K, 100% used [0x00000007b9c00000,0x00000007bbf00000,0x00000007bbf00000)
  from space 33280K, 98% used [0x00000007bdf80000,0x00000007bffa0000,0x00000007c0000000)
  to   space 33280K, 0% used [0x00000007bbf00000,0x00000007bbf00000,0x00000007bdf80000)
 ParOldGen       total 161280K, used 35463K [0x00000006c1800000, 0x00000006cb580000, 0x00000007b9c00000)
  object space 161280K, 21% used [0x00000006c1800000,0x00000006c3aa1e80,0x00000006cb580000)
 Metaspace       used 2707K, capacity 4486K, committed 4864K, reserved 1056768K
  class space    used 302K, capacity 386K, committed 512K, reserved 1048576K
[GC (Allocation Failure)  104199K->68359K(230400K), 0.0302440 secs]
Heap after GC invocations=1152 (full 1):
 PSYoungGen      total 69120K, used 32896K [0x00000007b9c00000, 0x00000007c0000000, 0x00000007c0000000)
  eden space 35840K, 0% used [0x00000007b9c00000,0x00000007b9c00000,0x00000007bbf00000)
  from space 33280K, 98% used [0x00000007bbf00000,0x00000007bdf20000,0x00000007bdf80000)
  to   space 33280K, 0% used [0x00000007bdf80000,0x00000007bdf80000,0x00000007c0000000)
 ParOldGen       total 161280K, used 35463K [0x00000006c1800000, 0x00000006cb580000, 0x00000007b9c00000)
  object space 161280K, 21% used [0x00000006c1800000,0x00000006c3aa1e80,0x00000006cb580000)
 Metaspace       used 2707K, capacity 4486K, committed 4864K, reserved 1056768K
  class space    used 302K, capacity 386K, committed 512K, reserved 1048576K
}
{Heap before GC invocations=1153 (full 1):
 PSYoungGen      total 69120K, used 68736K [0x00000007b9c00000, 0x00000007c0000000, 0x00000007c0000000)
  eden space 35840K, 100% used [0x00000007b9c00000,0x00000007bbf00000,0x00000007bbf00000)
  from space 33280K, 98% used [0x00000007bbf00000,0x00000007bdf20000,0x00000007bdf80000)
  to   space 33280K, 0% used [0x00000007bdf80000,0x00000007bdf80000,0x00000007c0000000)
 ParOldGen       total 161280K, used 35463K [0x00000006c1800000, 0x00000006cb580000, 0x00000007b9c00000)
  object space 161280K, 21% used [0x00000006c1800000,0x00000006c3aa1e80,0x00000006cb580000)
 Metaspace       used 2707K, capacity 4486K, committed 4864K, reserved 1056768K
  class space    used 302K, capacity 386K, committed 512K, reserved 1048576K
[GC (Allocation Failure)  104199K->68327K(230400K), 0.0367812 secs]
Heap after GC invocations=1153 (full 1):
 PSYoungGen      total 69120K, used 32864K [0x00000007b9c00000, 0x00000007c0000000, 0x00000007c0000000)
  eden space 35840K, 0% used [0x00000007b9c00000,0x00000007b9c00000,0x00000007bbf00000)
  from space 33280K, 98% used [0x00000007bdf80000,0x00000007bff98000,0x00000007c0000000)
  to   space 33280K, 0% used [0x00000007bbf00000,0x00000007bbf00000,0x00000007bdf80000)
 ParOldGen       total 161280K, used 35463K [0x00000006c1800000, 0x00000006cb580000, 0x00000007b9c00000)
  object space 161280K, 21% used [0x00000006c1800000,0x00000006c3aa1e80,0x00000006cb580000)
 Metaspace       used 2707K, capacity 4486K, committed 4864K, reserved 1056768K
  class space    used 302K, capacity 386K, committed 512K, reserved 1048576K
}
{Heap before GC invocations=1154 (full 1):
 PSYoungGen      total 69120K, used 68704K [0x00000007b9c00000, 0x00000007c0000000, 0x00000007c0000000)
  eden space 35840K, 100% used [0x00000007b9c00000,0x00000007bbf00000,0x00000007bbf00000)
  from space 33280K, 98% used [0x00000007bdf80000,0x00000007bff98000,0x00000007c0000000)
  to   space 33280K, 0% used [0x00000007bbf00000,0x00000007bbf00000,0x00000007bdf80000)
 ParOldGen       total 161280K, used 35463K [0x00000006c1800000, 0x00000006cb580000, 0x00000007b9c00000)
  object space 161280K, 21% used [0x00000006c1800000,0x00000006c3aa1e80,0x00000006cb580000)
 Metaspace       used 2707K, capacity 4486K, committed 4864K, reserved 1056768K
  class space    used 302K, capacity 386K, committed 512K, reserved 1048576K
[GC (Allocation Failure)  104167K->68391K(230400K), 0.0324939 secs]
Heap after GC invocations=1154 (full 1):
 PSYoungGen      total 69120K, used 32928K [0x00000007b9c00000, 0x00000007c0000000, 0x00000007c0000000)
  eden space 35840K, 0% used [0x00000007b9c00000,0x00000007b9c00000,0x00000007bbf00000)
  from space 33280K, 98% used [0x00000007bbf00000,0x00000007bdf28000,0x00000007bdf80000)
  to   space 33280K, 0% used [0x00000007bdf80000,0x00000007bdf80000,0x00000007c0000000)
 ParOldGen       total 161280K, used 35463K [0x00000006c1800000, 0x00000006cb580000, 0x00000007b9c00000)
  object space 161280K, 21% used [0x00000006c1800000,0x00000006c3aa1e80,0x00000006cb580000)
 Metaspace       used 2707K, capacity 4486K, committed 4864K, reserved 1056768K
  class space    used 302K, capacity 386K, committed 512K, reserved 1048576K
}
{Heap before GC invocations=1155 (full 1):
 PSYoungGen      total 69120K, used 68768K [0x00000007b9c00000, 0x00000007c0000000, 0x00000007c0000000)
  eden space 35840K, 100% used [0x00000007b9c00000,0x00000007bbf00000,0x00000007bbf00000)
  from space 33280K, 98% used [0x00000007bbf00000,0x00000007bdf28000,0x00000007bdf80000)
  to   space 33280K, 0% used [0x00000007bdf80000,0x00000007bdf80000,0x00000007c0000000)
 ParOldGen       total 161280K, used 35463K [0x00000006c1800000, 0x00000006cb580000, 0x00000007b9c00000)
  object space 161280K, 21% used [0x00000006c1800000,0x00000006c3aa1e80,0x00000006cb580000)
 Metaspace       used 2707K, capacity 4486K, committed 4864K, reserved 1056768K
  class space    used 302K, capacity 386K, committed 512K, reserved 1048576K
[GC (Allocation Failure)  104231K->68327K(230400K), 0.0316552 secs]
Heap after GC invocations=1155 (full 1):
 PSYoungGen      total 69120K, used 32864K [0x00000007b9c00000, 0x00000007c0000000, 0x00000007c0000000)
  eden space 35840K, 0% used [0x00000007b9c00000,0x00000007b9c00000,0x00000007bbf00000)
  from space 33280K, 98% used [0x00000007bdf80000,0x00000007bff98000,0x00000007c0000000)
  to   space 33280K, 0% used [0x00000007bbf00000,0x00000007bbf00000,0x00000007bdf80000)
 ParOldGen       total 161280K, used 35463K [0x00000006c1800000, 0x00000006cb580000, 0x00000007b9c00000)
  object space 161280K, 21% used [0x00000006c1800000,0x00000006c3aa1e80,0x00000006cb580000)
 Metaspace       used 2707K, capacity 4486K, committed 4864K, reserved 1056768K
  class space    used 302K, capacity 386K, committed 512K, reserved 1048576K
}
{Heap before GC invocations=1156 (full 1):
 PSYoungGen      total 69120K, used 68704K [0x00000007b9c00000, 0x00000007c0000000, 0x00000007c0000000)
  eden space 35840K, 100% used [0x00000007b9c00000,0x00000007bbf00000,0x00000007bbf00000)
  from space 33280K, 98% used [0x00000007bdf80000,0x00000007bff98000,0x00000007c0000000)
  to   space 33280K, 0% used [0x00000007bbf00000,0x00000007bbf00000,0x00000007bdf80000)
 ParOldGen       total 161280K, used 35463K [0x00000006c1800000, 0x00000006cb580000, 0x00000007b9c00000)
  object space 161280K, 21% used [0x00000006c1800000,0x00000006c3aa1e80,0x00000006cb580000)
 Metaspace       used 2707K, capacity 4486K, committed 4864K, reserved 1056768K
  class space    used 302K, capacity 386K, committed 512K, reserved 1048576K
[GC (Allocation Failure)  104167K->68359K(230400K), 0.0406535 secs]
Heap after GC invocations=1156 (full 1):
 PSYoungGen      total 69120K, used 32896K [0x00000007b9c00000, 0x00000007c0000000, 0x00000007c0000000)
  eden space 35840K, 0% used [0x00000007b9c00000,0x00000007b9c00000,0x00000007bbf00000)
  from space 33280K, 98% used [0x00000007bbf00000,0x00000007bdf20000,0x00000007bdf80000)
  to   space 33280K, 0% used [0x00000007bdf80000,0x00000007bdf80000,0x00000007c0000000)
 ParOldGen       total 161280K, used 35463K [0x00000006c1800000, 0x00000006cb580000, 0x00000007b9c00000)
  object space 161280K, 21% used [0x00000006c1800000,0x00000006c3aa1e80,0x00000006cb580000)
 Metaspace       used 2707K, capacity 4486K, committed 4864K, reserved 1056768K
  class space    used 302K, capacity 386K, committed 512K, reserved 1048576K
}
{Heap before GC invocations=1157 (full 1):
 PSYoungGen      total 69120K, used 68736K [0x00000007b9c00000, 0x00000007c0000000, 0x00000007c0000000)
  eden space 35840K, 100% used [0x00000007b9c00000,0x00000007bbf00000,0x00000007bbf00000)
  from space 33280K, 98% used [0x00000007bbf00000,0x00000007bdf20000,0x00000007bdf80000)
  to   space 33280K, 0% used [0x00000007bdf80000,0x00000007bdf80000,0x00000007c0000000)
 ParOldGen       total 161280K, used 35463K [0x00000006c1800000, 0x00000006cb580000, 0x00000007b9c00000)
  object space 161280K, 21% used [0x00000006c1800000,0x00000006c3aa1e80,0x00000006cb580000)
 Metaspace       used 2707K, capacity 4486K, committed 4864K, reserved 1056768K
  class space    used 302K, capacity 386K, committed 512K, reserved 1048576K
[GC (Allocation Failure)  104199K->68359K(230400K), 0.0348663 secs]
Heap after GC invocations=1157 (full 1):
 PSYoungGen      total 69120K, used 32896K [0x00000007b9c00000, 0x00000007c0000000, 0x00000007c0000000)
  eden space 35840K, 0% used [0x00000007b9c00000,0x00000007b9c00000,0x00000007bbf00000)
  from space 33280K, 98% used [0x00000007bdf80000,0x00000007bffa0000,0x00000007c0000000)
  to   space 33280K, 0% used [0x00000007bbf00000,0x00000007bbf00000,0x00000007bdf80000)
 ParOldGen       total 161280K, used 35463K [0x00000006c1800000, 0x00000006cb580000, 0x00000007b9c00000)
  object space 161280K, 21% used [0x00000006c1800000,0x00000006c3aa1e80,0x00000006cb580000)
 Metaspace       used 2707K, capacity 4486K, committed 4864K, reserved 1056768K
  class space    used 302K, capacity 386K, committed 512K, reserved 1048576K
}
{Heap before GC invocations=1158 (full 1):
 PSYoungGen      total 69120K, used 68736K [0x00000007b9c00000, 0x00000007c0000000, 0x00000007c0000000)
  eden space 35840K, 100% used [0x00000007b9c00000,0x00000007bbf00000,0x00000007bbf00000)
  from space 33280K, 98% used [0x00000007bdf80000,0x00000007bffa0000,0x00000007c0000000)
  to   space 33280K, 0% used [0x00000007bbf00000,0x00000007bbf00000,0x00000007bdf80000)
 ParOldGen       total 161280K, used 35463K [0x00000006c1800000, 0x00000006cb580000, 0x00000007b9c00000)
  object space 161280K, 21% used [0x00000006c1800000,0x00000006c3aa1e80,0x00000006cb580000)
 Metaspace       used 2707K, capacity 4486K, committed 4864K, reserved 1056768K
  class space    used 302K, capacity 386K, committed 512K, reserved 1048576K
[GC (Allocation Failure)  104199K->68359K(230400K), 0.0311093 secs]
Heap after GC invocations=1158 (full 1):
 PSYoungGen      total 69120K, used 32896K [0x00000007b9c00000, 0x00000007c0000000, 0x00000007c0000000)
  eden space 35840K, 0% used [0x00000007b9c00000,0x00000007b9c00000,0x00000007bbf00000)
  from space 33280K, 98% used [0x00000007bbf00000,0x00000007bdf20000,0x00000007bdf80000)
  to   space 33280K, 0% used [0x00000007bdf80000,0x00000007bdf80000,0x00000007c0000000)
 ParOldGen       total 161280K, used 35463K [0x00000006c1800000, 0x00000006cb580000, 0x00000007b9c00000)
  object space 161280K, 21% used [0x00000006c1800000,0x00000006c3aa1e80,0x00000006cb580000)
 Metaspace       used 2707K, capacity 4486K, committed 4864K, reserved 1056768K
  class space    used 302K, capacity 386K, committed 512K, reserved 1048576K
}
{Heap before GC invocations=1159 (full 1):
 PSYoungGen      total 69120K, used 68736K [0x00000007b9c00000, 0x00000007c0000000, 0x00000007c0000000)
  eden space 35840K, 100% used [0x00000007b9c00000,0x00000007bbf00000,0x00000007bbf00000)
  from space 33280K, 98% used [0x00000007bbf00000,0x00000007bdf20000,0x00000007bdf80000)
  to   space 33280K, 0% used [0x00000007bdf80000,0x00000007bdf80000,0x00000007c0000000)
 ParOldGen       total 161280K, used 35463K [0x00000006c1800000, 0x00000006cb580000, 0x00000007b9c00000)
  object space 161280K, 21% used [0x00000006c1800000,0x00000006c3aa1e80,0x00000006cb580000)
 Metaspace       used 2707K, capacity 4486K, committed 4864K, reserved 1056768K
  class space    used 302K, capacity 386K, committed 512K, reserved 1048576K
[GC (Allocation Failure)  104199K->68391K(230400K), 0.0312658 secs]
Heap after GC invocations=1159 (full 1):
 PSYoungGen      total 69120K, used 32928K [0x00000007b9c00000, 0x00000007c0000000, 0x00000007c0000000)
  eden space 35840K, 0% used [0x00000007b9c00000,0x00000007b9c00000,0x00000007bbf00000)
  from space 33280K, 98% used [0x00000007bdf80000,0x00000007bffa8000,0x00000007c0000000)
  to   space 33280K, 0% used [0x00000007bbf00000,0x00000007bbf00000,0x00000007bdf80000)
 ParOldGen       total 161280K, used 35463K [0x00000006c1800000, 0x00000006cb580000, 0x00000007b9c00000)
  object space 161280K, 21% used [0x00000006c1800000,0x00000006c3aa1e80,0x00000006cb580000)
 Metaspace       used 2707K, capacity 4486K, committed 4864K, reserved 1056768K
  class space    used 302K, capacity 386K, committed 512K, reserved 1048576K
}
{Heap before GC invocations=1160 (full 1):
 PSYoungGen      total 69120K, used 68768K [0x00000007b9c00000, 0x00000007c0000000, 0x00000007c0000000)
  eden space 35840K, 100% used [0x00000007b9c00000,0x00000007bbf00000,0x00000007bbf00000)
  from space 33280K, 98% used [0x00000007bdf80000,0x00000007bffa8000,0x00000007c0000000)
  to   space 33280K, 0% used [0x00000007bbf00000,0x00000007bbf00000,0x00000007bdf80000)
 ParOldGen       total 161280K, used 35463K [0x00000006c1800000, 0x00000006cb580000, 0x00000007b9c00000)
  object space 161280K, 21% used [0x00000006c1800000,0x00000006c3aa1e80,0x00000006cb580000)
 Metaspace       used 2707K, capacity 4486K, committed 4864K, reserved 1056768K
  class space    used 302K, capacity 386K, committed 512K, reserved 1048576K
[GC (Allocation Failure)  104231K->68359K(230400K), 0.0316945 secs]
Heap after GC invocations=1160 (full 1):
 PSYoungGen      total 69120K, used 32896K [0x00000007b9c00000, 0x00000007c0000000, 0x00000007c0000000)
  eden space 35840K, 0% used [0x00000007b9c00000,0x00000007b9c00000,0x00000007bbf00000)
  from space 33280K, 98% used [0x00000007bbf00000,0x00000007bdf20000,0x00000007bdf80000)
  to   space 33280K, 0% used [0x00000007bdf80000,0x00000007bdf80000,0x00000007c0000000)
 ParOldGen       total 161280K, used 35463K [0x00000006c1800000, 0x00000006cb580000, 0x00000007b9c00000)
  object space 161280K, 21% used [0x00000006c1800000,0x00000006c3aa1e80,0x00000006cb580000)
 Metaspace       used 2707K, capacity 4486K, committed 4864K, reserved 1056768K
  class space    used 302K, capacity 386K, committed 512K, reserved 1048576K
}
{Heap before GC invocations=1161 (full 1):
 PSYoungGen      total 69120K, used 68736K [0x00000007b9c00000, 0x00000007c0000000, 0x00000007c0000000)
  eden space 35840K, 100% used [0x00000007b9c00000,0x00000007bbf00000,0x00000007bbf00000)
  from space 33280K, 98% used [0x00000007bbf00000,0x00000007bdf20000,0x00000007bdf80000)
  to   space 33280K, 0% used [0x00000007bdf80000,0x00000007bdf80000,0x00000007c0000000)
 ParOldGen       total 161280K, used 35463K [0x00000006c1800000, 0x00000006cb580000, 0x00000007b9c00000)
  object space 161280K, 21% used [0x00000006c1800000,0x00000006c3aa1e80,0x00000006cb580000)
 Metaspace       used 2707K, capacity 4486K, committed 4864K, reserved 1056768K
  class space    used 302K, capacity 386K, committed 512K, reserved 1048576K
[GC (Allocation Failure)  104199K->68327K(230400K), 0.0305135 secs]
Heap after GC invocations=1161 (full 1):
 PSYoungGen      total 69120K, used 32864K [0x00000007b9c00000, 0x00000007c0000000, 0x00000007c0000000)
  eden space 35840K, 0% used [0x00000007b9c00000,0x00000007b9c00000,0x00000007bbf00000)
  from space 33280K, 98% used [0x00000007bdf80000,0x00000007bff98000,0x00000007c0000000)
  to   space 33280K, 0% used [0x00000007bbf00000,0x00000007bbf00000,0x00000007bdf80000)
 ParOldGen       total 161280K, used 35463K [0x00000006c1800000, 0x00000006cb580000, 0x00000007b9c00000)
  object space 161280K, 21% used [0x00000006c1800000,0x00000006c3aa1e80,0x00000006cb580000)
 Metaspace       used 2707K, capacity 4486K, committed 4864K, reserved 1056768K
  class space    used 302K, capacity 386K, committed 512K, reserved 1048576K
}
{Heap before GC invocations=1162 (full 1):
 PSYoungGen      total 69120K, used 68704K [0x00000007b9c00000, 0x00000007c0000000, 0x00000007c0000000)
  eden space 35840K, 100% used [0x00000007b9c00000,0x00000007bbf00000,0x00000007bbf00000)
  from space 33280K, 98% used [0x00000007bdf80000,0x00000007bff98000,0x00000007c0000000)
  to   space 33280K, 0% used [0x00000007bbf00000,0x00000007bbf00000,0x00000007bdf80000)
 ParOldGen       total 161280K, used 35463K [0x00000006c1800000, 0x00000006cb580000, 0x00000007b9c00000)
  object space 161280K, 21% used [0x00000006c1800000,0x00000006c3aa1e80,0x00000006cb580000)
 Metaspace       used 2707K, capacity 4486K, committed 4864K, reserved 1056768K
  class space    used 302K, capacity 386K, committed 512K, reserved 1048576K
[GC (Allocation Failure)  104167K->68359K(230400K), 0.0358716 secs]
Heap after GC invocations=1162 (full 1):
 PSYoungGen      total 69120K, used 32896K [0x00000007b9c00000, 0x00000007c0000000, 0x00000007c0000000)
  eden space 35840K, 0% used [0x00000007b9c00000,0x00000007b9c00000,0x00000007bbf00000)
  from space 33280K, 98% used [0x00000007bbf00000,0x00000007bdf20000,0x00000007bdf80000)
  to   space 33280K, 0% used [0x00000007bdf80000,0x00000007bdf80000,0x00000007c0000000)
 ParOldGen       total 161280K, used 35463K [0x00000006c1800000, 0x00000006cb580000, 0x00000007b9c00000)
  object space 161280K, 21% used [0x00000006c1800000,0x00000006c3aa1e80,0x00000006cb580000)
 Metaspace       used 2707K, capacity 4486K, committed 4864K, reserved 1056768K
  class space    used 302K, capacity 386K, committed 512K, reserved 1048576K
}
{Heap before GC invocations=1163 (full 1):
 PSYoungGen      total 69120K, used 68736K [0x00000007b9c00000, 0x00000007c0000000, 0x00000007c0000000)
  eden space 35840K, 100% used [0x00000007b9c00000,0x00000007bbf00000,0x00000007bbf00000)
  from space 33280K, 98% used [0x00000007bbf00000,0x00000007bdf20000,0x00000007bdf80000)
  to   space 33280K, 0% used [0x00000007bdf80000,0x00000007bdf80000,0x00000007c0000000)
 ParOldGen       total 161280K, used 35463K [0x00000006c1800000, 0x00000006cb580000, 0x00000007b9c00000)
  object space 161280K, 21% used [0x00000006c1800000,0x00000006c3aa1e80,0x00000006cb580000)
 Metaspace       used 2707K, capacity 4486K, committed 4864K, reserved 1056768K
  class space    used 302K, capacity 386K, committed 512K, reserved 1048576K
[GC (Allocation Failure)  104199K->68359K(230400K), 0.0349100 secs]
Heap after GC invocations=1163 (full 1):
 PSYoungGen      total 69120K, used 32896K [0x00000007b9c00000, 0x00000007c0000000, 0x00000007c0000000)
  eden space 35840K, 0% used [0x00000007b9c00000,0x00000007b9c00000,0x00000007bbf00000)
  from space 33280K, 98% used [0x00000007bdf80000,0x00000007bffa0000,0x00000007c0000000)
  to   space 33280K, 0% used [0x00000007bbf00000,0x00000007bbf00000,0x00000007bdf80000)
 ParOldGen       total 161280K, used 35463K [0x00000006c1800000, 0x00000006cb580000, 0x00000007b9c00000)
  object space 161280K, 21% used [0x00000006c1800000,0x00000006c3aa1e80,0x00000006cb580000)
 Metaspace       used 2707K, capacity 4486K, committed 4864K, reserved 1056768K
  class space    used 302K, capacity 386K, committed 512K, reserved 1048576K
}
{Heap before GC invocations=1164 (full 1):
 PSYoungGen      total 69120K, used 68736K [0x00000007b9c00000, 0x00000007c0000000, 0x00000007c0000000)
  eden space 35840K, 100% used [0x00000007b9c00000,0x00000007bbf00000,0x00000007bbf00000)
  from space 33280K, 98% used [0x00000007bdf80000,0x00000007bffa0000,0x00000007c0000000)
  to   space 33280K, 0% used [0x00000007bbf00000,0x00000007bbf00000,0x00000007bdf80000)
 ParOldGen       total 161280K, used 35463K [0x00000006c1800000, 0x00000006cb580000, 0x00000007b9c00000)
  object space 161280K, 21% used [0x00000006c1800000,0x00000006c3aa1e80,0x00000006cb580000)
 Metaspace       used 2707K, capacity 4486K, committed 4864K, reserved 1056768K
  class space    used 302K, capacity 386K, committed 512K, reserved 1048576K
[GC (Allocation Failure)  104199K->68327K(230400K), 0.0329518 secs]
Heap after GC invocations=1164 (full 1):
 PSYoungGen      total 69120K, used 32864K [0x00000007b9c00000, 0x00000007c0000000, 0x00000007c0000000)
  eden space 35840K, 0% used [0x00000007b9c00000,0x00000007b9c00000,0x00000007bbf00000)
  from space 33280K, 98% used [0x00000007bbf00000,0x00000007bdf18000,0x00000007bdf80000)
  to   space 33280K, 0% used [0x00000007bdf80000,0x00000007bdf80000,0x00000007c0000000)
 ParOldGen       total 161280K, used 35463K [0x00000006c1800000, 0x00000006cb580000, 0x00000007b9c00000)
  object space 161280K, 21% used [0x00000006c1800000,0x00000006c3aa1e80,0x00000006cb580000)
 Metaspace       used 2707K, capacity 4486K, committed 4864K, reserved 1056768K
  class space    used 302K, capacity 386K, committed 512K, reserved 1048576K
}
{Heap before GC invocations=1165 (full 1):
 PSYoungGen      total 69120K, used 68704K [0x00000007b9c00000, 0x00000007c0000000, 0x00000007c0000000)
  eden space 35840K, 100% used [0x00000007b9c00000,0x00000007bbf00000,0x00000007bbf00000)
  from space 33280K, 98% used [0x00000007bbf00000,0x00000007bdf18000,0x00000007bdf80000)
  to   space 33280K, 0% used [0x00000007bdf80000,0x00000007bdf80000,0x00000007c0000000)
 ParOldGen       total 161280K, used 35463K [0x00000006c1800000, 0x00000006cb580000, 0x00000007b9c00000)
  object space 161280K, 21% used [0x00000006c1800000,0x00000006c3aa1e80,0x00000006cb580000)
 Metaspace       used 2707K, capacity 4486K, committed 4864K, reserved 1056768K
  class space    used 302K, capacity 386K, committed 512K, reserved 1048576K
[GC (Allocation Failure)  104167K->68391K(230400K), 0.0343476 secs]
Heap after GC invocations=1165 (full 1):
 PSYoungGen      total 69120K, used 32928K [0x00000007b9c00000, 0x00000007c0000000, 0x00000007c0000000)
  eden space 35840K, 0% used [0x00000007b9c00000,0x00000007b9c00000,0x00000007bbf00000)
  from space 33280K, 98% used [0x00000007bdf80000,0x00000007bffa8000,0x00000007c0000000)
  to   space 33280K, 0% used [0x00000007bbf00000,0x00000007bbf00000,0x00000007bdf80000)
 ParOldGen       total 161280K, used 35463K [0x00000006c1800000, 0x00000006cb580000, 0x00000007b9c00000)
  object space 161280K, 21% used [0x00000006c1800000,0x00000006c3aa1e80,0x00000006cb580000)
 Metaspace       used 2707K, capacity 4486K, committed 4864K, reserved 1056768K
  class space    used 302K, capacity 386K, committed 512K, reserved 1048576K
}
{Heap before GC invocations=1166 (full 1):
 PSYoungGen      total 69120K, used 68768K [0x00000007b9c00000, 0x00000007c0000000, 0x00000007c0000000)
  eden space 35840K, 100% used [0x00000007b9c00000,0x00000007bbf00000,0x00000007bbf00000)
  from space 33280K, 98% used [0x00000007bdf80000,0x00000007bffa8000,0x00000007c0000000)
  to   space 33280K, 0% used [0x00000007bbf00000,0x00000007bbf00000,0x00000007bdf80000)
 ParOldGen       total 161280K, used 35463K [0x00000006c1800000, 0x00000006cb580000, 0x00000007b9c00000)
  object space 161280K, 21% used [0x00000006c1800000,0x00000006c3aa1e80,0x00000006cb580000)
 Metaspace       used 2707K, capacity 4486K, committed 4864K, reserved 1056768K
  class space    used 302K, capacity 386K, committed 512K, reserved 1048576K
[GC (Allocation Failure)  104231K->68359K(230400K), 0.0334186 secs]
Heap after GC invocations=1166 (full 1):
 PSYoungGen      total 69120K, used 32896K [0x00000007b9c00000, 0x00000007c0000000, 0x00000007c0000000)
  eden space 35840K, 0% used [0x00000007b9c00000,0x00000007b9c00000,0x00000007bbf00000)
  from space 33280K, 98% used [0x00000007bbf00000,0x00000007bdf20000,0x00000007bdf80000)
  to   space 33280K, 0% used [0x00000007bdf80000,0x00000007bdf80000,0x00000007c0000000)
 ParOldGen       total 161280K, used 35463K [0x00000006c1800000, 0x00000006cb580000, 0x00000007b9c00000)
  object space 161280K, 21% used [0x00000006c1800000,0x00000006c3aa1e80,0x00000006cb580000)
 Metaspace       used 2707K, capacity 4486K, committed 4864K, reserved 1056768K
  class space    used 302K, capacity 386K, committed 512K, reserved 1048576K
}
{Heap before GC invocations=1167 (full 1):
 PSYoungGen      total 69120K, used 68736K [0x00000007b9c00000, 0x00000007c0000000, 0x00000007c0000000)
  eden space 35840K, 100% used [0x00000007b9c00000,0x00000007bbf00000,0x00000007bbf00000)
  from space 33280K, 98% used [0x00000007bbf00000,0x00000007bdf20000,0x00000007bdf80000)
  to   space 33280K, 0% used [0x00000007bdf80000,0x00000007bdf80000,0x00000007c0000000)
 ParOldGen       total 161280K, used 35463K [0x00000006c1800000, 0x00000006cb580000, 0x00000007b9c00000)
  object space 161280K, 21% used [0x00000006c1800000,0x00000006c3aa1e80,0x00000006cb580000)
 Metaspace       used 2707K, capacity 4486K, committed 4864K, reserved 1056768K
  class space    used 302K, capacity 386K, committed 512K, reserved 1048576K
[GC (Allocation Failure)  104199K->68359K(230400K), 0.0368226 secs]
Heap after GC invocations=1167 (full 1):
 PSYoungGen      total 69120K, used 32896K [0x00000007b9c00000, 0x00000007c0000000, 0x00000007c0000000)
  eden space 35840K, 0% used [0x00000007b9c00000,0x00000007b9c00000,0x00000007bbf00000)
  from space 33280K, 98% used [0x00000007bdf80000,0x00000007bffa0000,0x00000007c0000000)
  to   space 33280K, 0% used [0x00000007bbf00000,0x00000007bbf00000,0x00000007bdf80000)
 ParOldGen       total 161280K, used 35463K [0x00000006c1800000, 0x00000006cb580000, 0x00000007b9c00000)
  object space 161280K, 21% used [0x00000006c1800000,0x00000006c3aa1e80,0x00000006cb580000)
 Metaspace       used 2707K, capacity 4486K, committed 4864K, reserved 1056768K
  class space    used 302K, capacity 386K, committed 512K, reserved 1048576K
}
{Heap before GC invocations=1168 (full 1):
 PSYoungGen      total 69120K, used 68736K [0x00000007b9c00000, 0x00000007c0000000, 0x00000007c0000000)
  eden space 35840K, 100% used [0x00000007b9c00000,0x00000007bbf00000,0x00000007bbf00000)
  from space 33280K, 98% used [0x00000007bdf80000,0x00000007bffa0000,0x00000007c0000000)
  to   space 33280K, 0% used [0x00000007bbf00000,0x00000007bbf00000,0x00000007bdf80000)
 ParOldGen       total 161280K, used 35463K [0x00000006c1800000, 0x00000006cb580000, 0x00000007b9c00000)
  object space 161280K, 21% used [0x00000006c1800000,0x00000006c3aa1e80,0x00000006cb580000)
 Metaspace       used 2707K, capacity 4486K, committed 4864K, reserved 1056768K
  class space    used 302K, capacity 386K, committed 512K, reserved 1048576K
[GC (Allocation Failure)  104199K->68359K(230400K), 0.0313880 secs]
Heap after GC invocations=1168 (full 1):
 PSYoungGen      total 69120K, used 32896K [0x00000007b9c00000, 0x00000007c0000000, 0x00000007c0000000)
  eden space 35840K, 0% used [0x00000007b9c00000,0x00000007b9c00000,0x00000007bbf00000)
  from space 33280K, 98% used [0x00000007bbf00000,0x00000007bdf20000,0x00000007bdf80000)
  to   space 33280K, 0% used [0x00000007bdf80000,0x00000007bdf80000,0x00000007c0000000)
 ParOldGen       total 161280K, used 35463K [0x00000006c1800000, 0x00000006cb580000, 0x00000007b9c00000)
  object space 161280K, 21% used [0x00000006c1800000,0x00000006c3aa1e80,0x00000006cb580000)
 Metaspace       used 2707K, capacity 4486K, committed 4864K, reserved 1056768K
  class space    used 302K, capacity 386K, committed 512K, reserved 1048576K
}
{Heap before GC invocations=1169 (full 1):
 PSYoungGen      total 69120K, used 68736K [0x00000007b9c00000, 0x00000007c0000000, 0x00000007c0000000)
  eden space 35840K, 100% used [0x00000007b9c00000,0x00000007bbf00000,0x00000007bbf00000)
  from space 33280K, 98% used [0x00000007bbf00000,0x00000007bdf20000,0x00000007bdf80000)
  to   space 33280K, 0% used [0x00000007bdf80000,0x00000007bdf80000,0x00000007c0000000)
 ParOldGen       total 161280K, used 35463K [0x00000006c1800000, 0x00000006cb580000, 0x00000007b9c00000)
  object space 161280K, 21% used [0x00000006c1800000,0x00000006c3aa1e80,0x00000006cb580000)
 Metaspace       used 2707K, capacity 4486K, committed 4864K, reserved 1056768K
  class space    used 302K, capacity 386K, committed 512K, reserved 1048576K
[GC (Allocation Failure)  104199K->68359K(230400K), 0.0314091 secs]
Heap after GC invocations=1169 (full 1):
 PSYoungGen      total 69120K, used 32896K [0x00000007b9c00000, 0x00000007c0000000, 0x00000007c0000000)
  eden space 35840K, 0% used [0x00000007b9c00000,0x00000007b9c00000,0x00000007bbf00000)
  from space 33280K, 98% used [0x00000007bdf80000,0x00000007bffa0000,0x00000007c0000000)
  to   space 33280K, 0% used [0x00000007bbf00000,0x00000007bbf00000,0x00000007bdf80000)
 ParOldGen       total 161280K, used 35463K [0x00000006c1800000, 0x00000006cb580000, 0x00000007b9c00000)
  object space 161280K, 21% used [0x00000006c1800000,0x00000006c3aa1e80,0x00000006cb580000)
 Metaspace       used 2707K, capacity 4486K, committed 4864K, reserved 1056768K
  class space    used 302K, capacity 386K, committed 512K, reserved 1048576K
}
{Heap before GC invocations=1170 (full 1):
 PSYoungGen      total 69120K, used 68736K [0x00000007b9c00000, 0x00000007c0000000, 0x00000007c0000000)
  eden space 35840K, 100% used [0x00000007b9c00000,0x00000007bbf00000,0x00000007bbf00000)
  from space 33280K, 98% used [0x00000007bdf80000,0x00000007bffa0000,0x00000007c0000000)
  to   space 33280K, 0% used [0x00000007bbf00000,0x00000007bbf00000,0x00000007bdf80000)
 ParOldGen       total 161280K, used 35463K [0x00000006c1800000, 0x00000006cb580000, 0x00000007b9c00000)
  object space 161280K, 21% used [0x00000006c1800000,0x00000006c3aa1e80,0x00000006cb580000)
 Metaspace       used 2707K, capacity 4486K, committed 4864K, reserved 1056768K
  class space    used 302K, capacity 386K, committed 512K, reserved 1048576K
[GC (Allocation Failure)  104199K->68359K(230400K), 0.0283068 secs]
Heap after GC invocations=1170 (full 1):
 PSYoungGen      total 69120K, used 32896K [0x00000007b9c00000, 0x00000007c0000000, 0x00000007c0000000)
  eden space 35840K, 0% used [0x00000007b9c00000,0x00000007b9c00000,0x00000007bbf00000)
  from space 33280K, 98% used [0x00000007bbf00000,0x00000007bdf20000,0x00000007bdf80000)
  to   space 33280K, 0% used [0x00000007bdf80000,0x00000007bdf80000,0x00000007c0000000)
 ParOldGen       total 161280K, used 35463K [0x00000006c1800000, 0x00000006cb580000, 0x00000007b9c00000)
  object space 161280K, 21% used [0x00000006c1800000,0x00000006c3aa1e80,0x00000006cb580000)
 Metaspace       used 2707K, capacity 4486K, committed 4864K, reserved 1056768K
  class space    used 302K, capacity 386K, committed 512K, reserved 1048576K
}
{Heap before GC invocations=1171 (full 1):
 PSYoungGen      total 69120K, used 68736K [0x00000007b9c00000, 0x00000007c0000000, 0x00000007c0000000)
  eden space 35840K, 100% used [0x00000007b9c00000,0x00000007bbf00000,0x00000007bbf00000)
  from space 33280K, 98% used [0x00000007bbf00000,0x00000007bdf20000,0x00000007bdf80000)
  to   space 33280K, 0% used [0x00000007bdf80000,0x00000007bdf80000,0x00000007c0000000)
 ParOldGen       total 161280K, used 35463K [0x00000006c1800000, 0x00000006cb580000, 0x00000007b9c00000)
  object space 161280K, 21% used [0x00000006c1800000,0x00000006c3aa1e80,0x00000006cb580000)
 Metaspace       used 2707K, capacity 4486K, committed 4864K, reserved 1056768K
  class space    used 302K, capacity 386K, committed 512K, reserved 1048576K
[GC (Allocation Failure)  104199K->68327K(230400K), 0.0351283 secs]
Heap after GC invocations=1171 (full 1):
 PSYoungGen      total 69120K, used 32864K [0x00000007b9c00000, 0x00000007c0000000, 0x00000007c0000000)
  eden space 35840K, 0% used [0x00000007b9c00000,0x00000007b9c00000,0x00000007bbf00000)
  from space 33280K, 98% used [0x00000007bdf80000,0x00000007bff98000,0x00000007c0000000)
  to   space 33280K, 0% used [0x00000007bbf00000,0x00000007bbf00000,0x00000007bdf80000)
 ParOldGen       total 161280K, used 35463K [0x00000006c1800000, 0x00000006cb580000, 0x00000007b9c00000)
  object space 161280K, 21% used [0x00000006c1800000,0x00000006c3aa1e80,0x00000006cb580000)
 Metaspace       used 2707K, capacity 4486K, committed 4864K, reserved 1056768K
  class space    used 302K, capacity 386K, committed 512K, reserved 1048576K
}
{Heap before GC invocations=1172 (full 1):
 PSYoungGen      total 69120K, used 68704K [0x00000007b9c00000, 0x00000007c0000000, 0x00000007c0000000)
  eden space 35840K, 100% used [0x00000007b9c00000,0x00000007bbf00000,0x00000007bbf00000)
  from space 33280K, 98% used [0x00000007bdf80000,0x00000007bff98000,0x00000007c0000000)
  to   space 33280K, 0% used [0x00000007bbf00000,0x00000007bbf00000,0x00000007bdf80000)
 ParOldGen       total 161280K, used 35463K [0x00000006c1800000, 0x00000006cb580000, 0x00000007b9c00000)
  object space 161280K, 21% used [0x00000006c1800000,0x00000006c3aa1e80,0x00000006cb580000)
 Metaspace       used 2707K, capacity 4486K, committed 4864K, reserved 1056768K
  class space    used 302K, capacity 386K, committed 512K, reserved 1048576K
[GC (Allocation Failure)  104167K->68327K(230400K), 0.0318332 secs]
Heap after GC invocations=1172 (full 1):
 PSYoungGen      total 69120K, used 32864K [0x00000007b9c00000, 0x00000007c0000000, 0x00000007c0000000)
  eden space 35840K, 0% used [0x00000007b9c00000,0x00000007b9c00000,0x00000007bbf00000)
  from space 33280K, 98% used [0x00000007bbf00000,0x00000007bdf18000,0x00000007bdf80000)
  to   space 33280K, 0% used [0x00000007bdf80000,0x00000007bdf80000,0x00000007c0000000)
 ParOldGen       total 161280K, used 35463K [0x00000006c1800000, 0x00000006cb580000, 0x00000007b9c00000)
  object space 161280K, 21% used [0x00000006c1800000,0x00000006c3aa1e80,0x00000006cb580000)
 Metaspace       used 2707K, capacity 4486K, committed 4864K, reserved 1056768K
  class space    used 302K, capacity 386K, committed 512K, reserved 1048576K
}
{Heap before GC invocations=1173 (full 1):
 PSYoungGen      total 69120K, used 68704K [0x00000007b9c00000, 0x00000007c0000000, 0x00000007c0000000)
  eden space 35840K, 100% used [0x00000007b9c00000,0x00000007bbf00000,0x00000007bbf00000)
  from space 33280K, 98% used [0x00000007bbf00000,0x00000007bdf18000,0x00000007bdf80000)
  to   space 33280K, 0% used [0x00000007bdf80000,0x00000007bdf80000,0x00000007c0000000)
 ParOldGen       total 161280K, used 35463K [0x00000006c1800000, 0x00000006cb580000, 0x00000007b9c00000)
  object space 161280K, 21% used [0x00000006c1800000,0x00000006c3aa1e80,0x00000006cb580000)
 Metaspace       used 2707K, capacity 4486K, committed 4864K, reserved 1056768K
  class space    used 302K, capacity 386K, committed 512K, reserved 1048576K
[GC (Allocation Failure)  104167K->68359K(230400K), 0.0330548 secs]
Heap after GC invocations=1173 (full 1):
 PSYoungGen      total 69120K, used 32896K [0x00000007b9c00000, 0x00000007c0000000, 0x00000007c0000000)
  eden space 35840K, 0% used [0x00000007b9c00000,0x00000007b9c00000,0x00000007bbf00000)
  from space 33280K, 98% used [0x00000007bdf80000,0x00000007bffa0000,0x00000007c0000000)
  to   space 33280K, 0% used [0x00000007bbf00000,0x00000007bbf00000,0x00000007bdf80000)
 ParOldGen       total 161280K, used 35463K [0x00000006c1800000, 0x00000006cb580000, 0x00000007b9c00000)
  object space 161280K, 21% used [0x00000006c1800000,0x00000006c3aa1e80,0x00000006cb580000)
 Metaspace       used 2707K, capacity 4486K, committed 4864K, reserved 1056768K
  class space    used 302K, capacity 386K, committed 512K, reserved 1048576K
}
{Heap before GC invocations=1174 (full 1):
 PSYoungGen      total 69120K, used 68736K [0x00000007b9c00000, 0x00000007c0000000, 0x00000007c0000000)
  eden space 35840K, 100% used [0x00000007b9c00000,0x00000007bbf00000,0x00000007bbf00000)
  from space 33280K, 98% used [0x00000007bdf80000,0x00000007bffa0000,0x00000007c0000000)
  to   space 33280K, 0% used [0x00000007bbf00000,0x00000007bbf00000,0x00000007bdf80000)
 ParOldGen       total 161280K, used 35463K [0x00000006c1800000, 0x00000006cb580000, 0x00000007b9c00000)
  object space 161280K, 21% used [0x00000006c1800000,0x00000006c3aa1e80,0x00000006cb580000)
 Metaspace       used 2707K, capacity 4486K, committed 4864K, reserved 1056768K
  class space    used 302K, capacity 386K, committed 512K, reserved 1048576K
[GC (Allocation Failure)  104199K->68391K(230400K), 0.0317565 secs]
Heap after GC invocations=1174 (full 1):
 PSYoungGen      total 69120K, used 32928K [0x00000007b9c00000, 0x00000007c0000000, 0x00000007c0000000)
  eden space 35840K, 0% used [0x00000007b9c00000,0x00000007b9c00000,0x00000007bbf00000)
  from space 33280K, 98% used [0x00000007bbf00000,0x00000007bdf28000,0x00000007bdf80000)
  to   space 33280K, 0% used [0x00000007bdf80000,0x00000007bdf80000,0x00000007c0000000)
 ParOldGen       total 161280K, used 35463K [0x00000006c1800000, 0x00000006cb580000, 0x00000007b9c00000)
  object space 161280K, 21% used [0x00000006c1800000,0x00000006c3aa1e80,0x00000006cb580000)
 Metaspace       used 2707K, capacity 4486K, committed 4864K, reserved 1056768K
  class space    used 302K, capacity 386K, committed 512K, reserved 1048576K
}
{Heap before GC invocations=1175 (full 1):
 PSYoungGen      total 69120K, used 68768K [0x00000007b9c00000, 0x00000007c0000000, 0x00000007c0000000)
  eden space 35840K, 100% used [0x00000007b9c00000,0x00000007bbf00000,0x00000007bbf00000)
  from space 33280K, 98% used [0x00000007bbf00000,0x00000007bdf28000,0x00000007bdf80000)
  to   space 33280K, 0% used [0x00000007bdf80000,0x00000007bdf80000,0x00000007c0000000)
 ParOldGen       total 161280K, used 35463K [0x00000006c1800000, 0x00000006cb580000, 0x00000007b9c00000)
  object space 161280K, 21% used [0x00000006c1800000,0x00000006c3aa1e80,0x00000006cb580000)
 Metaspace       used 2707K, capacity 4486K, committed 4864K, reserved 1056768K
  class space    used 302K, capacity 386K, committed 512K, reserved 1048576K
[GC (Allocation Failure)  104231K->68359K(230400K), 0.0308589 secs]
Heap after GC invocations=1175 (full 1):
 PSYoungGen      total 69120K, used 32896K [0x00000007b9c00000, 0x00000007c0000000, 0x00000007c0000000)
  eden space 35840K, 0% used [0x00000007b9c00000,0x00000007b9c00000,0x00000007bbf00000)
  from space 33280K, 98% used [0x00000007bdf80000,0x00000007bffa0000,0x00000007c0000000)
  to   space 33280K, 0% used [0x00000007bbf00000,0x00000007bbf00000,0x00000007bdf80000)
 ParOldGen       total 161280K, used 35463K [0x00000006c1800000, 0x00000006cb580000, 0x00000007b9c00000)
  object space 161280K, 21% used [0x00000006c1800000,0x00000006c3aa1e80,0x00000006cb580000)
 Metaspace       used 2707K, capacity 4486K, committed 4864K, reserved 1056768K
  class space    used 302K, capacity 386K, committed 512K, reserved 1048576K
}
{Heap before GC invocations=1176 (full 1):
 PSYoungGen      total 69120K, used 68736K [0x00000007b9c00000, 0x00000007c0000000, 0x00000007c0000000)
  eden space 35840K, 100% used [0x00000007b9c00000,0x00000007bbf00000,0x00000007bbf00000)
  from space 33280K, 98% used [0x00000007bdf80000,0x00000007bffa0000,0x00000007c0000000)
  to   space 33280K, 0% used [0x00000007bbf00000,0x00000007bbf00000,0x00000007bdf80000)
 ParOldGen       total 161280K, used 35463K [0x00000006c1800000, 0x00000006cb580000, 0x00000007b9c00000)
  object space 161280K, 21% used [0x00000006c1800000,0x00000006c3aa1e80,0x00000006cb580000)
 Metaspace       used 2707K, capacity 4486K, committed 4864K, reserved 1056768K
  class space    used 302K, capacity 386K, committed 512K, reserved 1048576K
[GC (Allocation Failure)  104199K->68359K(230400K), 0.0336035 secs]
Heap after GC invocations=1176 (full 1):
 PSYoungGen      total 69120K, used 32896K [0x00000007b9c00000, 0x00000007c0000000, 0x00000007c0000000)
  eden space 35840K, 0% used [0x00000007b9c00000,0x00000007b9c00000,0x00000007bbf00000)
  from space 33280K, 98% used [0x00000007bbf00000,0x00000007bdf20000,0x00000007bdf80000)
  to   space 33280K, 0% used [0x00000007bdf80000,0x00000007bdf80000,0x00000007c0000000)
 ParOldGen       total 161280K, used 35463K [0x00000006c1800000, 0x00000006cb580000, 0x00000007b9c00000)
  object space 161280K, 21% used [0x00000006c1800000,0x00000006c3aa1e80,0x00000006cb580000)
 Metaspace       used 2707K, capacity 4486K, committed 4864K, reserved 1056768K
  class space    used 302K, capacity 386K, committed 512K, reserved 1048576K
}
{Heap before GC invocations=1177 (full 1):
 PSYoungGen      total 69120K, used 68736K [0x00000007b9c00000, 0x00000007c0000000, 0x00000007c0000000)
  eden space 35840K, 100% used [0x00000007b9c00000,0x00000007bbf00000,0x00000007bbf00000)
  from space 33280K, 98% used [0x00000007bbf00000,0x00000007bdf20000,0x00000007bdf80000)
  to   space 33280K, 0% used [0x00000007bdf80000,0x00000007bdf80000,0x00000007c0000000)
 ParOldGen       total 161280K, used 35463K [0x00000006c1800000, 0x00000006cb580000, 0x00000007b9c00000)
  object space 161280K, 21% used [0x00000006c1800000,0x00000006c3aa1e80,0x00000006cb580000)
 Metaspace       used 2707K, capacity 4486K, committed 4864K, reserved 1056768K
  class space    used 302K, capacity 386K, committed 512K, reserved 1048576K
[GC (Allocation Failure)  104199K->68359K(230400K), 0.0322240 secs]
Heap after GC invocations=1177 (full 1):
 PSYoungGen      total 69120K, used 32896K [0x00000007b9c00000, 0x00000007c0000000, 0x00000007c0000000)
  eden space 35840K, 0% used [0x00000007b9c00000,0x00000007b9c00000,0x00000007bbf00000)
  from space 33280K, 98% used [0x00000007bdf80000,0x00000007bffa0000,0x00000007c0000000)
  to   space 33280K, 0% used [0x00000007bbf00000,0x00000007bbf00000,0x00000007bdf80000)
 ParOldGen       total 161280K, used 35463K [0x00000006c1800000, 0x00000006cb580000, 0x00000007b9c00000)
  object space 161280K, 21% used [0x00000006c1800000,0x00000006c3aa1e80,0x00000006cb580000)
 Metaspace       used 2707K, capacity 4486K, committed 4864K, reserved 1056768K
  class space    used 302K, capacity 386K, committed 512K, reserved 1048576K
}
{Heap before GC invocations=1178 (full 1):
 PSYoungGen      total 69120K, used 68736K [0x00000007b9c00000, 0x00000007c0000000, 0x00000007c0000000)
  eden space 35840K, 100% used [0x00000007b9c00000,0x00000007bbf00000,0x00000007bbf00000)
  from space 33280K, 98% used [0x00000007bdf80000,0x00000007bffa0000,0x00000007c0000000)
  to   space 33280K, 0% used [0x00000007bbf00000,0x00000007bbf00000,0x00000007bdf80000)
 ParOldGen       total 161280K, used 35463K [0x00000006c1800000, 0x00000006cb580000, 0x00000007b9c00000)
  object space 161280K, 21% used [0x00000006c1800000,0x00000006c3aa1e80,0x00000006cb580000)
 Metaspace       used 2707K, capacity 4486K, committed 4864K, reserved 1056768K
  class space    used 302K, capacity 386K, committed 512K, reserved 1048576K
[GC (Allocation Failure)  104199K->68391K(230400K), 0.0390442 secs]
Heap after GC invocations=1178 (full 1):
 PSYoungGen      total 69120K, used 32928K [0x00000007b9c00000, 0x00000007c0000000, 0x00000007c0000000)
  eden space 35840K, 0% used [0x00000007b9c00000,0x00000007b9c00000,0x00000007bbf00000)
  from space 33280K, 98% used [0x00000007bbf00000,0x00000007bdf28000,0x00000007bdf80000)
  to   space 33280K, 0% used [0x00000007bdf80000,0x00000007bdf80000,0x00000007c0000000)
 ParOldGen       total 161280K, used 35463K [0x00000006c1800000, 0x00000006cb580000, 0x00000007b9c00000)
  object space 161280K, 21% used [0x00000006c1800000,0x00000006c3aa1e80,0x00000006cb580000)
 Metaspace       used 2707K, capacity 4486K, committed 4864K, reserved 1056768K
  class space    used 302K, capacity 386K, committed 512K, reserved 1048576K
}
{Heap before GC invocations=1179 (full 1):
 PSYoungGen      total 69120K, used 68768K [0x00000007b9c00000, 0x00000007c0000000, 0x00000007c0000000)
  eden space 35840K, 100% used [0x00000007b9c00000,0x00000007bbf00000,0x00000007bbf00000)
  from space 33280K, 98% used [0x00000007bbf00000,0x00000007bdf28000,0x00000007bdf80000)
  to   space 33280K, 0% used [0x00000007bdf80000,0x00000007bdf80000,0x00000007c0000000)
 ParOldGen       total 161280K, used 35463K [0x00000006c1800000, 0x00000006cb580000, 0x00000007b9c00000)
  object space 161280K, 21% used [0x00000006c1800000,0x00000006c3aa1e80,0x00000006cb580000)
 Metaspace       used 2707K, capacity 4486K, committed 4864K, reserved 1056768K
  class space    used 302K, capacity 386K, committed 512K, reserved 1048576K
[GC (Allocation Failure)  104231K->68359K(230400K), 0.0360393 secs]
Heap after GC invocations=1179 (full 1):
 PSYoungGen      total 69120K, used 32896K [0x00000007b9c00000, 0x00000007c0000000, 0x00000007c0000000)
  eden space 35840K, 0% used [0x00000007b9c00000,0x00000007b9c00000,0x00000007bbf00000)
  from space 33280K, 98% used [0x00000007bdf80000,0x00000007bffa0000,0x00000007c0000000)
  to   space 33280K, 0% used [0x00000007bbf00000,0x00000007bbf00000,0x00000007bdf80000)
 ParOldGen       total 161280K, used 35463K [0x00000006c1800000, 0x00000006cb580000, 0x00000007b9c00000)
  object space 161280K, 21% used [0x00000006c1800000,0x00000006c3aa1e80,0x00000006cb580000)
 Metaspace       used 2707K, capacity 4486K, committed 4864K, reserved 1056768K
  class space    used 302K, capacity 386K, committed 512K, reserved 1048576K
}
{Heap before GC invocations=1180 (full 1):
 PSYoungGen      total 69120K, used 68736K [0x00000007b9c00000, 0x00000007c0000000, 0x00000007c0000000)
  eden space 35840K, 100% used [0x00000007b9c00000,0x00000007bbf00000,0x00000007bbf00000)
  from space 33280K, 98% used [0x00000007bdf80000,0x00000007bffa0000,0x00000007c0000000)
  to   space 33280K, 0% used [0x00000007bbf00000,0x00000007bbf00000,0x00000007bdf80000)
 ParOldGen       total 161280K, used 35463K [0x00000006c1800000, 0x00000006cb580000, 0x00000007b9c00000)
  object space 161280K, 21% used [0x00000006c1800000,0x00000006c3aa1e80,0x00000006cb580000)
 Metaspace       used 2707K, capacity 4486K, committed 4864K, reserved 1056768K
  class space    used 302K, capacity 386K, committed 512K, reserved 1048576K
[GC (Allocation Failure)  104199K->68359K(230400K), 0.0361455 secs]
Heap after GC invocations=1180 (full 1):
 PSYoungGen      total 69120K, used 32896K [0x00000007b9c00000, 0x00000007c0000000, 0x00000007c0000000)
  eden space 35840K, 0% used [0x00000007b9c00000,0x00000007b9c00000,0x00000007bbf00000)
  from space 33280K, 98% used [0x00000007bbf00000,0x00000007bdf20000,0x00000007bdf80000)
  to   space 33280K, 0% used [0x00000007bdf80000,0x00000007bdf80000,0x00000007c0000000)
 ParOldGen       total 161280K, used 35463K [0x00000006c1800000, 0x00000006cb580000, 0x00000007b9c00000)
  object space 161280K, 21% used [0x00000006c1800000,0x00000006c3aa1e80,0x00000006cb580000)
 Metaspace       used 2707K, capacity 4486K, committed 4864K, reserved 1056768K
  class space    used 302K, capacity 386K, committed 512K, reserved 1048576K
}
{Heap before GC invocations=1181 (full 1):
 PSYoungGen      total 69120K, used 68736K [0x00000007b9c00000, 0x00000007c0000000, 0x00000007c0000000)
  eden space 35840K, 100% used [0x00000007b9c00000,0x00000007bbf00000,0x00000007bbf00000)
  from space 33280K, 98% used [0x00000007bbf00000,0x00000007bdf20000,0x00000007bdf80000)
  to   space 33280K, 0% used [0x00000007bdf80000,0x00000007bdf80000,0x00000007c0000000)
 ParOldGen       total 161280K, used 35463K [0x00000006c1800000, 0x00000006cb580000, 0x00000007b9c00000)
  object space 161280K, 21% used [0x00000006c1800000,0x00000006c3aa1e80,0x00000006cb580000)
 Metaspace       used 2707K, capacity 4486K, committed 4864K, reserved 1056768K
  class space    used 302K, capacity 386K, committed 512K, reserved 1048576K
[GC (Allocation Failure)  104199K->68359K(230400K), 0.0344907 secs]
Heap after GC invocations=1181 (full 1):
 PSYoungGen      total 69120K, used 32896K [0x00000007b9c00000, 0x00000007c0000000, 0x00000007c0000000)
  eden space 35840K, 0% used [0x00000007b9c00000,0x00000007b9c00000,0x00000007bbf00000)
  from space 33280K, 98% used [0x00000007bdf80000,0x00000007bffa0000,0x00000007c0000000)
  to   space 33280K, 0% used [0x00000007bbf00000,0x00000007bbf00000,0x00000007bdf80000)
 ParOldGen       total 161280K, used 35463K [0x00000006c1800000, 0x00000006cb580000, 0x00000007b9c00000)
  object space 161280K, 21% used [0x00000006c1800000,0x00000006c3aa1e80,0x00000006cb580000)
 Metaspace       used 2707K, capacity 4486K, committed 4864K, reserved 1056768K
  class space    used 302K, capacity 386K, committed 512K, reserved 1048576K
}
{Heap before GC invocations=1182 (full 1):
 PSYoungGen      total 69120K, used 68736K [0x00000007b9c00000, 0x00000007c0000000, 0x00000007c0000000)
  eden space 35840K, 100% used [0x00000007b9c00000,0x00000007bbf00000,0x00000007bbf00000)
  from space 33280K, 98% used [0x00000007bdf80000,0x00000007bffa0000,0x00000007c0000000)
  to   space 33280K, 0% used [0x00000007bbf00000,0x00000007bbf00000,0x00000007bdf80000)
 ParOldGen       total 161280K, used 35463K [0x00000006c1800000, 0x00000006cb580000, 0x00000007b9c00000)
  object space 161280K, 21% used [0x00000006c1800000,0x00000006c3aa1e80,0x00000006cb580000)
 Metaspace       used 2707K, capacity 4486K, committed 4864K, reserved 1056768K
  class space    used 302K, capacity 386K, committed 512K, reserved 1048576K
[GC (Allocation Failure)  104199K->68327K(230400K), 0.0305441 secs]
Heap after GC invocations=1182 (full 1):
 PSYoungGen      total 69120K, used 32864K [0x00000007b9c00000, 0x00000007c0000000, 0x00000007c0000000)
  eden space 35840K, 0% used [0x00000007b9c00000,0x00000007b9c00000,0x00000007bbf00000)
  from space 33280K, 98% used [0x00000007bbf00000,0x00000007bdf18000,0x00000007bdf80000)
  to   space 33280K, 0% used [0x00000007bdf80000,0x00000007bdf80000,0x00000007c0000000)
 ParOldGen       total 161280K, used 35463K [0x00000006c1800000, 0x00000006cb580000, 0x00000007b9c00000)
  object space 161280K, 21% used [0x00000006c1800000,0x00000006c3aa1e80,0x00000006cb580000)
 Metaspace       used 2707K, capacity 4486K, committed 4864K, reserved 1056768K
  class space    used 302K, capacity 386K, committed 512K, reserved 1048576K
}
{Heap before GC invocations=1183 (full 1):
 PSYoungGen      total 69120K, used 68704K [0x00000007b9c00000, 0x00000007c0000000, 0x00000007c0000000)
  eden space 35840K, 100% used [0x00000007b9c00000,0x00000007bbf00000,0x00000007bbf00000)
  from space 33280K, 98% used [0x00000007bbf00000,0x00000007bdf18000,0x00000007bdf80000)
  to   space 33280K, 0% used [0x00000007bdf80000,0x00000007bdf80000,0x00000007c0000000)
 ParOldGen       total 161280K, used 35463K [0x00000006c1800000, 0x00000006cb580000, 0x00000007b9c00000)
  object space 161280K, 21% used [0x00000006c1800000,0x00000006c3aa1e80,0x00000006cb580000)
 Metaspace       used 2707K, capacity 4486K, committed 4864K, reserved 1056768K
  class space    used 302K, capacity 386K, committed 512K, reserved 1048576K
[GC (Allocation Failure)  104167K->68359K(230400K), 0.0311093 secs]
Heap after GC invocations=1183 (full 1):
 PSYoungGen      total 69120K, used 32896K [0x00000007b9c00000, 0x00000007c0000000, 0x00000007c0000000)
  eden space 35840K, 0% used [0x00000007b9c00000,0x00000007b9c00000,0x00000007bbf00000)
  from space 33280K, 98% used [0x00000007bdf80000,0x00000007bffa0000,0x00000007c0000000)
  to   space 33280K, 0% used [0x00000007bbf00000,0x00000007bbf00000,0x00000007bdf80000)
 ParOldGen       total 161280K, used 35463K [0x00000006c1800000, 0x00000006cb580000, 0x00000007b9c00000)
  object space 161280K, 21% used [0x00000006c1800000,0x00000006c3aa1e80,0x00000006cb580000)
 Metaspace       used 2707K, capacity 4486K, committed 4864K, reserved 1056768K
  class space    used 302K, capacity 386K, committed 512K, reserved 1048576K
}
{Heap before GC invocations=1184 (full 1):
 PSYoungGen      total 69120K, used 68736K [0x00000007b9c00000, 0x00000007c0000000, 0x00000007c0000000)
  eden space 35840K, 100% used [0x00000007b9c00000,0x00000007bbf00000,0x00000007bbf00000)
  from space 33280K, 98% used [0x00000007bdf80000,0x00000007bffa0000,0x00000007c0000000)
  to   space 33280K, 0% used [0x00000007bbf00000,0x00000007bbf00000,0x00000007bdf80000)
 ParOldGen       total 161280K, used 35463K [0x00000006c1800000, 0x00000006cb580000, 0x00000007b9c00000)
  object space 161280K, 21% used [0x00000006c1800000,0x00000006c3aa1e80,0x00000006cb580000)
 Metaspace       used 2707K, capacity 4486K, committed 4864K, reserved 1056768K
  class space    used 302K, capacity 386K, committed 512K, reserved 1048576K
[GC (Allocation Failure)  104199K->68359K(230400K), 0.0333100 secs]
Heap after GC invocations=1184 (full 1):
 PSYoungGen      total 69120K, used 32896K [0x00000007b9c00000, 0x00000007c0000000, 0x00000007c0000000)
  eden space 35840K, 0% used [0x00000007b9c00000,0x00000007b9c00000,0x00000007bbf00000)
  from space 33280K, 98% used [0x00000007bbf00000,0x00000007bdf20000,0x00000007bdf80000)
  to   space 33280K, 0% used [0x00000007bdf80000,0x00000007bdf80000,0x00000007c0000000)
 ParOldGen       total 161280K, used 35463K [0x00000006c1800000, 0x00000006cb580000, 0x00000007b9c00000)
  object space 161280K, 21% used [0x00000006c1800000,0x00000006c3aa1e80,0x00000006cb580000)
 Metaspace       used 2707K, capacity 4486K, committed 4864K, reserved 1056768K
  class space    used 302K, capacity 386K, committed 512K, reserved 1048576K
}
{Heap before GC invocations=1185 (full 1):
 PSYoungGen      total 69120K, used 68736K [0x00000007b9c00000, 0x00000007c0000000, 0x00000007c0000000)
  eden space 35840K, 100% used [0x00000007b9c00000,0x00000007bbf00000,0x00000007bbf00000)
  from space 33280K, 98% used [0x00000007bbf00000,0x00000007bdf20000,0x00000007bdf80000)
  to   space 33280K, 0% used [0x00000007bdf80000,0x00000007bdf80000,0x00000007c0000000)
 ParOldGen       total 161280K, used 35463K [0x00000006c1800000, 0x00000006cb580000, 0x00000007b9c00000)
  object space 161280K, 21% used [0x00000006c1800000,0x00000006c3aa1e80,0x00000006cb580000)
 Metaspace       used 2707K, capacity 4486K, committed 4864K, reserved 1056768K
  class space    used 302K, capacity 386K, committed 512K, reserved 1048576K
[GC (Allocation Failure)  104199K->68359K(230400K), 0.0318651 secs]
Heap after GC invocations=1185 (full 1):
 PSYoungGen      total 69120K, used 32896K [0x00000007b9c00000, 0x00000007c0000000, 0x00000007c0000000)
  eden space 35840K, 0% used [0x00000007b9c00000,0x00000007b9c00000,0x00000007bbf00000)
  from space 33280K, 98% used [0x00000007bdf80000,0x00000007bffa0000,0x00000007c0000000)
  to   space 33280K, 0% used [0x00000007bbf00000,0x00000007bbf00000,0x00000007bdf80000)
 ParOldGen       total 161280K, used 35463K [0x00000006c1800000, 0x00000006cb580000, 0x00000007b9c00000)
  object space 161280K, 21% used [0x00000006c1800000,0x00000006c3aa1e80,0x00000006cb580000)
 Metaspace       used 2707K, capacity 4486K, committed 4864K, reserved 1056768K
  class space    used 302K, capacity 386K, committed 512K, reserved 1048576K
}
{Heap before GC invocations=1186 (full 1):
 PSYoungGen      total 69120K, used 68736K [0x00000007b9c00000, 0x00000007c0000000, 0x00000007c0000000)
  eden space 35840K, 100% used [0x00000007b9c00000,0x00000007bbf00000,0x00000007bbf00000)
  from space 33280K, 98% used [0x00000007bdf80000,0x00000007bffa0000,0x00000007c0000000)
  to   space 33280K, 0% used [0x00000007bbf00000,0x00000007bbf00000,0x00000007bdf80000)
 ParOldGen       total 161280K, used 35463K [0x00000006c1800000, 0x00000006cb580000, 0x00000007b9c00000)
  object space 161280K, 21% used [0x00000006c1800000,0x00000006c3aa1e80,0x00000006cb580000)
 Metaspace       used 2707K, capacity 4486K, committed 4864K, reserved 1056768K
  class space    used 302K, capacity 386K, committed 512K, reserved 1048576K
[GC (Allocation Failure)  104199K->68359K(230400K), 0.0331783 secs]
Heap after GC invocations=1186 (full 1):
 PSYoungGen      total 69120K, used 32896K [0x00000007b9c00000, 0x00000007c0000000, 0x00000007c0000000)
  eden space 35840K, 0% used [0x00000007b9c00000,0x00000007b9c00000,0x00000007bbf00000)
  from space 33280K, 98% used [0x00000007bbf00000,0x00000007bdf20000,0x00000007bdf80000)
  to   space 33280K, 0% used [0x00000007bdf80000,0x00000007bdf80000,0x00000007c0000000)
 ParOldGen       total 161280K, used 35463K [0x00000006c1800000, 0x00000006cb580000, 0x00000007b9c00000)
  object space 161280K, 21% used [0x00000006c1800000,0x00000006c3aa1e80,0x00000006cb580000)
 Metaspace       used 2707K, capacity 4486K, committed 4864K, reserved 1056768K
  class space    used 302K, capacity 386K, committed 512K, reserved 1048576K
}
{Heap before GC invocations=1187 (full 1):
 PSYoungGen      total 69120K, used 68736K [0x00000007b9c00000, 0x00000007c0000000, 0x00000007c0000000)
  eden space 35840K, 100% used [0x00000007b9c00000,0x00000007bbf00000,0x00000007bbf00000)
  from space 33280K, 98% used [0x00000007bbf00000,0x00000007bdf20000,0x00000007bdf80000)
  to   space 33280K, 0% used [0x00000007bdf80000,0x00000007bdf80000,0x00000007c0000000)
 ParOldGen       total 161280K, used 35463K [0x00000006c1800000, 0x00000006cb580000, 0x00000007b9c00000)
  object space 161280K, 21% used [0x00000006c1800000,0x00000006c3aa1e80,0x00000006cb580000)
 Metaspace       used 2707K, capacity 4486K, committed 4864K, reserved 1056768K
  class space    used 302K, capacity 386K, committed 512K, reserved 1048576K
[GC (Allocation Failure)  104199K->68391K(230400K), 0.0318243 secs]
Heap after GC invocations=1187 (full 1):
 PSYoungGen      total 69120K, used 32928K [0x00000007b9c00000, 0x00000007c0000000, 0x00000007c0000000)
  eden space 35840K, 0% used [0x00000007b9c00000,0x00000007b9c00000,0x00000007bbf00000)
  from space 33280K, 98% used [0x00000007bdf80000,0x00000007bffa8000,0x00000007c0000000)
  to   space 33280K, 0% used [0x00000007bbf00000,0x00000007bbf00000,0x00000007bdf80000)
 ParOldGen       total 161280K, used 35463K [0x00000006c1800000, 0x00000006cb580000, 0x00000007b9c00000)
  object space 161280K, 21% used [0x00000006c1800000,0x00000006c3aa1e80,0x00000006cb580000)
 Metaspace       used 2707K, capacity 4486K, committed 4864K, reserved 1056768K
  class space    used 302K, capacity 386K, committed 512K, reserved 1048576K
}
{Heap before GC invocations=1188 (full 1):
 PSYoungGen      total 69120K, used 68768K [0x00000007b9c00000, 0x00000007c0000000, 0x00000007c0000000)
  eden space 35840K, 100% used [0x00000007b9c00000,0x00000007bbf00000,0x00000007bbf00000)
  from space 33280K, 98% used [0x00000007bdf80000,0x00000007bffa8000,0x00000007c0000000)
  to   space 33280K, 0% used [0x00000007bbf00000,0x00000007bbf00000,0x00000007bdf80000)
 ParOldGen       total 161280K, used 35463K [0x00000006c1800000, 0x00000006cb580000, 0x00000007b9c00000)
  object space 161280K, 21% used [0x00000006c1800000,0x00000006c3aa1e80,0x00000006cb580000)
 Metaspace       used 2707K, capacity 4486K, committed 4864K, reserved 1056768K
  class space    used 302K, capacity 386K, committed 512K, reserved 1048576K
[GC (Allocation Failure)  104231K->68359K(230400K), 0.0331959 secs]
Heap after GC invocations=1188 (full 1):
 PSYoungGen      total 69120K, used 32896K [0x00000007b9c00000, 0x00000007c0000000, 0x00000007c0000000)
  eden space 35840K, 0% used [0x00000007b9c00000,0x00000007b9c00000,0x00000007bbf00000)
  from space 33280K, 98% used [0x00000007bbf00000,0x00000007bdf20000,0x00000007bdf80000)
  to   space 33280K, 0% used [0x00000007bdf80000,0x00000007bdf80000,0x00000007c0000000)
 ParOldGen       total 161280K, used 35463K [0x00000006c1800000, 0x00000006cb580000, 0x00000007b9c00000)
  object space 161280K, 21% used [0x00000006c1800000,0x00000006c3aa1e80,0x00000006cb580000)
 Metaspace       used 2707K, capacity 4486K, committed 4864K, reserved 1056768K
  class space    used 302K, capacity 386K, committed 512K, reserved 1048576K
}
{Heap before GC invocations=1189 (full 1):
 PSYoungGen      total 69120K, used 68736K [0x00000007b9c00000, 0x00000007c0000000, 0x00000007c0000000)
  eden space 35840K, 100% used [0x00000007b9c00000,0x00000007bbf00000,0x00000007bbf00000)
  from space 33280K, 98% used [0x00000007bbf00000,0x00000007bdf20000,0x00000007bdf80000)
  to   space 33280K, 0% used [0x00000007bdf80000,0x00000007bdf80000,0x00000007c0000000)
 ParOldGen       total 161280K, used 35463K [0x00000006c1800000, 0x00000006cb580000, 0x00000007b9c00000)
  object space 161280K, 21% used [0x00000006c1800000,0x00000006c3aa1e80,0x00000006cb580000)
 Metaspace       used 2707K, capacity 4486K, committed 4864K, reserved 1056768K
  class space    used 302K, capacity 386K, committed 512K, reserved 1048576K
[GC (Allocation Failure)  104199K->68327K(230400K), 0.0311347 secs]
Heap after GC invocations=1189 (full 1):
 PSYoungGen      total 69120K, used 32864K [0x00000007b9c00000, 0x00000007c0000000, 0x00000007c0000000)
  eden space 35840K, 0% used [0x00000007b9c00000,0x00000007b9c00000,0x00000007bbf00000)
  from space 33280K, 98% used [0x00000007bdf80000,0x00000007bff98000,0x00000007c0000000)
  to   space 33280K, 0% used [0x00000007bbf00000,0x00000007bbf00000,0x00000007bdf80000)
 ParOldGen       total 161280K, used 35463K [0x00000006c1800000, 0x00000006cb580000, 0x00000007b9c00000)
  object space 161280K, 21% used [0x00000006c1800000,0x00000006c3aa1e80,0x00000006cb580000)
 Metaspace       used 2707K, capacity 4486K, committed 4864K, reserved 1056768K
  class space    used 302K, capacity 386K, committed 512K, reserved 1048576K
}
{Heap before GC invocations=1190 (full 1):
 PSYoungGen      total 69120K, used 68704K [0x00000007b9c00000, 0x00000007c0000000, 0x00000007c0000000)
  eden space 35840K, 100% used [0x00000007b9c00000,0x00000007bbf00000,0x00000007bbf00000)
  from space 33280K, 98% used [0x00000007bdf80000,0x00000007bff98000,0x00000007c0000000)
  to   space 33280K, 0% used [0x00000007bbf00000,0x00000007bbf00000,0x00000007bdf80000)
 ParOldGen       total 161280K, used 35463K [0x00000006c1800000, 0x00000006cb580000, 0x00000007b9c00000)
  object space 161280K, 21% used [0x00000006c1800000,0x00000006c3aa1e80,0x00000006cb580000)
 Metaspace       used 2707K, capacity 4486K, committed 4864K, reserved 1056768K
  class space    used 302K, capacity 386K, committed 512K, reserved 1048576K
[GC (Allocation Failure)  104167K->68359K(230400K), 0.0310421 secs]
Heap after GC invocations=1190 (full 1):
 PSYoungGen      total 69120K, used 32896K [0x00000007b9c00000, 0x00000007c0000000, 0x00000007c0000000)
  eden space 35840K, 0% used [0x00000007b9c00000,0x00000007b9c00000,0x00000007bbf00000)
  from space 33280K, 98% used [0x00000007bbf00000,0x00000007bdf20000,0x00000007bdf80000)
  to   space 33280K, 0% used [0x00000007bdf80000,0x00000007bdf80000,0x00000007c0000000)
 ParOldGen       total 161280K, used 35463K [0x00000006c1800000, 0x00000006cb580000, 0x00000007b9c00000)
  object space 161280K, 21% used [0x00000006c1800000,0x00000006c3aa1e80,0x00000006cb580000)
 Metaspace       used 2707K, capacity 4486K, committed 4864K, reserved 1056768K
  class space    used 302K, capacity 386K, committed 512K, reserved 1048576K
}
{Heap before GC invocations=1191 (full 1):
 PSYoungGen      total 69120K, used 68736K [0x00000007b9c00000, 0x00000007c0000000, 0x00000007c0000000)
  eden space 35840K, 100% used [0x00000007b9c00000,0x00000007bbf00000,0x00000007bbf00000)
  from space 33280K, 98% used [0x00000007bbf00000,0x00000007bdf20000,0x00000007bdf80000)
  to   space 33280K, 0% used [0x00000007bdf80000,0x00000007bdf80000,0x00000007c0000000)
 ParOldGen       total 161280K, used 35463K [0x00000006c1800000, 0x00000006cb580000, 0x00000007b9c00000)
  object space 161280K, 21% used [0x00000006c1800000,0x00000006c3aa1e80,0x00000006cb580000)
 Metaspace       used 2707K, capacity 4486K, committed 4864K, reserved 1056768K
  class space    used 302K, capacity 386K, committed 512K, reserved 1048576K
[GC (Allocation Failure)  104199K->68327K(230400K), 0.0318356 secs]
Heap after GC invocations=1191 (full 1):
 PSYoungGen      total 69120K, used 32864K [0x00000007b9c00000, 0x00000007c0000000, 0x00000007c0000000)
  eden space 35840K, 0% used [0x00000007b9c00000,0x00000007b9c00000,0x00000007bbf00000)
  from space 33280K, 98% used [0x00000007bdf80000,0x00000007bff98000,0x00000007c0000000)
  to   space 33280K, 0% used [0x00000007bbf00000,0x00000007bbf00000,0x00000007bdf80000)
 ParOldGen       total 161280K, used 35463K [0x00000006c1800000, 0x00000006cb580000, 0x00000007b9c00000)
  object space 161280K, 21% used [0x00000006c1800000,0x00000006c3aa1e80,0x00000006cb580000)
 Metaspace       used 2707K, capacity 4486K, committed 4864K, reserved 1056768K
  class space    used 302K, capacity 386K, committed 512K, reserved 1048576K
}
{Heap before GC invocations=1192 (full 1):
 PSYoungGen      total 69120K, used 68704K [0x00000007b9c00000, 0x00000007c0000000, 0x00000007c0000000)
  eden space 35840K, 100% used [0x00000007b9c00000,0x00000007bbf00000,0x00000007bbf00000)
  from space 33280K, 98% used [0x00000007bdf80000,0x00000007bff98000,0x00000007c0000000)
  to   space 33280K, 0% used [0x00000007bbf00000,0x00000007bbf00000,0x00000007bdf80000)
 ParOldGen       total 161280K, used 35463K [0x00000006c1800000, 0x00000006cb580000, 0x00000007b9c00000)
  object space 161280K, 21% used [0x00000006c1800000,0x00000006c3aa1e80,0x00000006cb580000)
 Metaspace       used 2707K, capacity 4486K, committed 4864K, reserved 1056768K
  class space    used 302K, capacity 386K, committed 512K, reserved 1048576K
[GC (Allocation Failure)  104167K->68359K(230400K), 0.0354969 secs]
Heap after GC invocations=1192 (full 1):
 PSYoungGen      total 69120K, used 32896K [0x00000007b9c00000, 0x00000007c0000000, 0x00000007c0000000)
  eden space 35840K, 0% used [0x00000007b9c00000,0x00000007b9c00000,0x00000007bbf00000)
  from space 33280K, 98% used [0x00000007bbf00000,0x00000007bdf20000,0x00000007bdf80000)
  to   space 33280K, 0% used [0x00000007bdf80000,0x00000007bdf80000,0x00000007c0000000)
 ParOldGen       total 161280K, used 35463K [0x00000006c1800000, 0x00000006cb580000, 0x00000007b9c00000)
  object space 161280K, 21% used [0x00000006c1800000,0x00000006c3aa1e80,0x00000006cb580000)
 Metaspace       used 2707K, capacity 4486K, committed 4864K, reserved 1056768K
  class space    used 302K, capacity 386K, committed 512K, reserved 1048576K
}
{Heap before GC invocations=1193 (full 1):
 PSYoungGen      total 69120K, used 68736K [0x00000007b9c00000, 0x00000007c0000000, 0x00000007c0000000)
  eden space 35840K, 100% used [0x00000007b9c00000,0x00000007bbf00000,0x00000007bbf00000)
  from space 33280K, 98% used [0x00000007bbf00000,0x00000007bdf20000,0x00000007bdf80000)
  to   space 33280K, 0% used [0x00000007bdf80000,0x00000007bdf80000,0x00000007c0000000)
 ParOldGen       total 161280K, used 35463K [0x00000006c1800000, 0x00000006cb580000, 0x00000007b9c00000)
  object space 161280K, 21% used [0x00000006c1800000,0x00000006c3aa1e80,0x00000006cb580000)
 Metaspace       used 2707K, capacity 4486K, committed 4864K, reserved 1056768K
  class space    used 302K, capacity 386K, committed 512K, reserved 1048576K
[GC (Allocation Failure)  104199K->68359K(230400K), 0.0314344 secs]
Heap after GC invocations=1193 (full 1):
 PSYoungGen      total 69120K, used 32896K [0x00000007b9c00000, 0x00000007c0000000, 0x00000007c0000000)
  eden space 35840K, 0% used [0x00000007b9c00000,0x00000007b9c00000,0x00000007bbf00000)
  from space 33280K, 98% used [0x00000007bdf80000,0x00000007bffa0000,0x00000007c0000000)
  to   space 33280K, 0% used [0x00000007bbf00000,0x00000007bbf00000,0x00000007bdf80000)
 ParOldGen       total 161280K, used 35463K [0x00000006c1800000, 0x00000006cb580000, 0x00000007b9c00000)
  object space 161280K, 21% used [0x00000006c1800000,0x00000006c3aa1e80,0x00000006cb580000)
 Metaspace       used 2707K, capacity 4486K, committed 4864K, reserved 1056768K
  class space    used 302K, capacity 386K, committed 512K, reserved 1048576K
}
{Heap before GC invocations=1194 (full 1):
 PSYoungGen      total 69120K, used 68736K [0x00000007b9c00000, 0x00000007c0000000, 0x00000007c0000000)
  eden space 35840K, 100% used [0x00000007b9c00000,0x00000007bbf00000,0x00000007bbf00000)
  from space 33280K, 98% used [0x00000007bdf80000,0x00000007bffa0000,0x00000007c0000000)
  to   space 33280K, 0% used [0x00000007bbf00000,0x00000007bbf00000,0x00000007bdf80000)
 ParOldGen       total 161280K, used 35463K [0x00000006c1800000, 0x00000006cb580000, 0x00000007b9c00000)
  object space 161280K, 21% used [0x00000006c1800000,0x00000006c3aa1e80,0x00000006cb580000)
 Metaspace       used 2707K, capacity 4486K, committed 4864K, reserved 1056768K
  class space    used 302K, capacity 386K, committed 512K, reserved 1048576K
[GC (Allocation Failure)  104199K->68359K(230400K), 0.0315691 secs]
Heap after GC invocations=1194 (full 1):
 PSYoungGen      total 69120K, used 32896K [0x00000007b9c00000, 0x00000007c0000000, 0x00000007c0000000)
  eden space 35840K, 0% used [0x00000007b9c00000,0x00000007b9c00000,0x00000007bbf00000)
  from space 33280K, 98% used [0x00000007bbf00000,0x00000007bdf20000,0x00000007bdf80000)
  to   space 33280K, 0% used [0x00000007bdf80000,0x00000007bdf80000,0x00000007c0000000)
 ParOldGen       total 161280K, used 35463K [0x00000006c1800000, 0x00000006cb580000, 0x00000007b9c00000)
  object space 161280K, 21% used [0x00000006c1800000,0x00000006c3aa1e80,0x00000006cb580000)
 Metaspace       used 2707K, capacity 4486K, committed 4864K, reserved 1056768K
  class space    used 302K, capacity 386K, committed 512K, reserved 1048576K
}
{Heap before GC invocations=1195 (full 1):
 PSYoungGen      total 69120K, used 68736K [0x00000007b9c00000, 0x00000007c0000000, 0x00000007c0000000)
  eden space 35840K, 100% used [0x00000007b9c00000,0x00000007bbf00000,0x00000007bbf00000)
  from space 33280K, 98% used [0x00000007bbf00000,0x00000007bdf20000,0x00000007bdf80000)
  to   space 33280K, 0% used [0x00000007bdf80000,0x00000007bdf80000,0x00000007c0000000)
 ParOldGen       total 161280K, used 35463K [0x00000006c1800000, 0x00000006cb580000, 0x00000007b9c00000)
  object space 161280K, 21% used [0x00000006c1800000,0x00000006c3aa1e80,0x00000006cb580000)
 Metaspace       used 2707K, capacity 4486K, committed 4864K, reserved 1056768K
  class space    used 302K, capacity 386K, committed 512K, reserved 1048576K
[GC (Allocation Failure)  104199K->68359K(230400K), 0.0315565 secs]
Heap after GC invocations=1195 (full 1):
 PSYoungGen      total 69120K, used 32896K [0x00000007b9c00000, 0x00000007c0000000, 0x00000007c0000000)
  eden space 35840K, 0% used [0x00000007b9c00000,0x00000007b9c00000,0x00000007bbf00000)
  from space 33280K, 98% used [0x00000007bdf80000,0x00000007bffa0000,0x00000007c0000000)
  to   space 33280K, 0% used [0x00000007bbf00000,0x00000007bbf00000,0x00000007bdf80000)
 ParOldGen       total 161280K, used 35463K [0x00000006c1800000, 0x00000006cb580000, 0x00000007b9c00000)
  object space 161280K, 21% used [0x00000006c1800000,0x00000006c3aa1e80,0x00000006cb580000)
 Metaspace       used 2707K, capacity 4486K, committed 4864K, reserved 1056768K
  class space    used 302K, capacity 386K, committed 512K, reserved 1048576K
}
{Heap before GC invocations=1196 (full 1):
 PSYoungGen      total 69120K, used 68736K [0x00000007b9c00000, 0x00000007c0000000, 0x00000007c0000000)
  eden space 35840K, 100% used [0x00000007b9c00000,0x00000007bbf00000,0x00000007bbf00000)
  from space 33280K, 98% used [0x00000007bdf80000,0x00000007bffa0000,0x00000007c0000000)
  to   space 33280K, 0% used [0x00000007bbf00000,0x00000007bbf00000,0x00000007bdf80000)
 ParOldGen       total 161280K, used 35463K [0x00000006c1800000, 0x00000006cb580000, 0x00000007b9c00000)
  object space 161280K, 21% used [0x00000006c1800000,0x00000006c3aa1e80,0x00000006cb580000)
 Metaspace       used 2707K, capacity 4486K, committed 4864K, reserved 1056768K
  class space    used 302K, capacity 386K, committed 512K, reserved 1048576K
[GC (Allocation Failure)  104199K->68359K(230400K), 0.0311057 secs]
Heap after GC invocations=1196 (full 1):
 PSYoungGen      total 69120K, used 32896K [0x00000007b9c00000, 0x00000007c0000000, 0x00000007c0000000)
  eden space 35840K, 0% used [0x00000007b9c00000,0x00000007b9c00000,0x00000007bbf00000)
  from space 33280K, 98% used [0x00000007bbf00000,0x00000007bdf20000,0x00000007bdf80000)
  to   space 33280K, 0% used [0x00000007bdf80000,0x00000007bdf80000,0x00000007c0000000)
 ParOldGen       total 161280K, used 35463K [0x00000006c1800000, 0x00000006cb580000, 0x00000007b9c00000)
  object space 161280K, 21% used [0x00000006c1800000,0x00000006c3aa1e80,0x00000006cb580000)
 Metaspace       used 2707K, capacity 4486K, committed 4864K, reserved 1056768K
  class space    used 302K, capacity 386K, committed 512K, reserved 1048576K
}
{Heap before GC invocations=1197 (full 1):
 PSYoungGen      total 69120K, used 68736K [0x00000007b9c00000, 0x00000007c0000000, 0x00000007c0000000)
  eden space 35840K, 100% used [0x00000007b9c00000,0x00000007bbf00000,0x00000007bbf00000)
  from space 33280K, 98% used [0x00000007bbf00000,0x00000007bdf20000,0x00000007bdf80000)
  to   space 33280K, 0% used [0x00000007bdf80000,0x00000007bdf80000,0x00000007c0000000)
 ParOldGen       total 161280K, used 35463K [0x00000006c1800000, 0x00000006cb580000, 0x00000007b9c00000)
  object space 161280K, 21% used [0x00000006c1800000,0x00000006c3aa1e80,0x00000006cb580000)
 Metaspace       used 2707K, capacity 4486K, committed 4864K, reserved 1056768K
  class space    used 302K, capacity 386K, committed 512K, reserved 1048576K
[GC (Allocation Failure)  104199K->68327K(230400K), 0.0310087 secs]
Heap after GC invocations=1197 (full 1):
 PSYoungGen      total 69120K, used 32864K [0x00000007b9c00000, 0x00000007c0000000, 0x00000007c0000000)
  eden space 35840K, 0% used [0x00000007b9c00000,0x00000007b9c00000,0x00000007bbf00000)
  from space 33280K, 98% used [0x00000007bdf80000,0x00000007bff98000,0x00000007c0000000)
  to   space 33280K, 0% used [0x00000007bbf00000,0x00000007bbf00000,0x00000007bdf80000)
 ParOldGen       total 161280K, used 35463K [0x00000006c1800000, 0x00000006cb580000, 0x00000007b9c00000)
  object space 161280K, 21% used [0x00000006c1800000,0x00000006c3aa1e80,0x00000006cb580000)
 Metaspace       used 2707K, capacity 4486K, committed 4864K, reserved 1056768K
  class space    used 302K, capacity 386K, committed 512K, reserved 1048576K
}
{Heap before GC invocations=1198 (full 1):
 PSYoungGen      total 69120K, used 68704K [0x00000007b9c00000, 0x00000007c0000000, 0x00000007c0000000)
  eden space 35840K, 100% used [0x00000007b9c00000,0x00000007bbf00000,0x00000007bbf00000)
  from space 33280K, 98% used [0x00000007bdf80000,0x00000007bff98000,0x00000007c0000000)
  to   space 33280K, 0% used [0x00000007bbf00000,0x00000007bbf00000,0x00000007bdf80000)
 ParOldGen       total 161280K, used 35463K [0x00000006c1800000, 0x00000006cb580000, 0x00000007b9c00000)
  object space 161280K, 21% used [0x00000006c1800000,0x00000006c3aa1e80,0x00000006cb580000)
 Metaspace       used 2707K, capacity 4486K, committed 4864K, reserved 1056768K
  class space    used 302K, capacity 386K, committed 512K, reserved 1048576K
[GC (Allocation Failure)  104167K->68359K(230400K), 0.0292898 secs]
Heap after GC invocations=1198 (full 1):
 PSYoungGen      total 69120K, used 32896K [0x00000007b9c00000, 0x00000007c0000000, 0x00000007c0000000)
  eden space 35840K, 0% used [0x00000007b9c00000,0x00000007b9c00000,0x00000007bbf00000)
  from space 33280K, 98% used [0x00000007bbf00000,0x00000007bdf20000,0x00000007bdf80000)
  to   space 33280K, 0% used [0x00000007bdf80000,0x00000007bdf80000,0x00000007c0000000)
 ParOldGen       total 161280K, used 35463K [0x00000006c1800000, 0x00000006cb580000, 0x00000007b9c00000)
  object space 161280K, 21% used [0x00000006c1800000,0x00000006c3aa1e80,0x00000006cb580000)
 Metaspace       used 2707K, capacity 4486K, committed 4864K, reserved 1056768K
  class space    used 302K, capacity 386K, committed 512K, reserved 1048576K
}
{Heap before GC invocations=1199 (full 1):
 PSYoungGen      total 69120K, used 68736K [0x00000007b9c00000, 0x00000007c0000000, 0x00000007c0000000)
  eden space 35840K, 100% used [0x00000007b9c00000,0x00000007bbf00000,0x00000007bbf00000)
  from space 33280K, 98% used [0x00000007bbf00000,0x00000007bdf20000,0x00000007bdf80000)
  to   space 33280K, 0% used [0x00000007bdf80000,0x00000007bdf80000,0x00000007c0000000)
 ParOldGen       total 161280K, used 35463K [0x00000006c1800000, 0x00000006cb580000, 0x00000007b9c00000)
  object space 161280K, 21% used [0x00000006c1800000,0x00000006c3aa1e80,0x00000006cb580000)
 Metaspace       used 2707K, capacity 4486K, committed 4864K, reserved 1056768K
  class space    used 302K, capacity 386K, committed 512K, reserved 1048576K
[GC (Allocation Failure)  104199K->68327K(230400K), 0.0309817 secs]
Heap after GC invocations=1199 (full 1):
 PSYoungGen      total 69120K, used 32864K [0x00000007b9c00000, 0x00000007c0000000, 0x00000007c0000000)
  eden space 35840K, 0% used [0x00000007b9c00000,0x00000007b9c00000,0x00000007bbf00000)
  from space 33280K, 98% used [0x00000007bdf80000,0x00000007bff98000,0x00000007c0000000)
  to   space 33280K, 0% used [0x00000007bbf00000,0x00000007bbf00000,0x00000007bdf80000)
 ParOldGen       total 161280K, used 35463K [0x00000006c1800000, 0x00000006cb580000, 0x00000007b9c00000)
  object space 161280K, 21% used [0x00000006c1800000,0x00000006c3aa1e80,0x00000006cb580000)
 Metaspace       used 2707K, capacity 4486K, committed 4864K, reserved 1056768K
  class space    used 302K, capacity 386K, committed 512K, reserved 1048576K
}
{Heap before GC invocations=1200 (full 1):
 PSYoungGen      total 69120K, used 68704K [0x00000007b9c00000, 0x00000007c0000000, 0x00000007c0000000)
  eden space 35840K, 100% used [0x00000007b9c00000,0x00000007bbf00000,0x00000007bbf00000)
  from space 33280K, 98% used [0x00000007bdf80000,0x00000007bff98000,0x00000007c0000000)
  to   space 33280K, 0% used [0x00000007bbf00000,0x00000007bbf00000,0x00000007bdf80000)
 ParOldGen       total 161280K, used 35463K [0x00000006c1800000, 0x00000006cb580000, 0x00000007b9c00000)
  object space 161280K, 21% used [0x00000006c1800000,0x00000006c3aa1e80,0x00000006cb580000)
 Metaspace       used 2707K, capacity 4486K, committed 4864K, reserved 1056768K
  class space    used 302K, capacity 386K, committed 512K, reserved 1048576K
[GC (Allocation Failure)  104167K->68359K(230400K), 0.0350355 secs]
Heap after GC invocations=1200 (full 1):
 PSYoungGen      total 69120K, used 32896K [0x00000007b9c00000, 0x00000007c0000000, 0x00000007c0000000)
  eden space 35840K, 0% used [0x00000007b9c00000,0x00000007b9c00000,0x00000007bbf00000)
  from space 33280K, 98% used [0x00000007bbf00000,0x00000007bdf20000,0x00000007bdf80000)
  to   space 33280K, 0% used [0x00000007bdf80000,0x00000007bdf80000,0x00000007c0000000)
 ParOldGen       total 161280K, used 35463K [0x00000006c1800000, 0x00000006cb580000, 0x00000007b9c00000)
  object space 161280K, 21% used [0x00000006c1800000,0x00000006c3aa1e80,0x00000006cb580000)
 Metaspace       used 2707K, capacity 4486K, committed 4864K, reserved 1056768K
  class space    used 302K, capacity 386K, committed 512K, reserved 1048576K
}
{Heap before GC invocations=1201 (full 1):
 PSYoungGen      total 69120K, used 68736K [0x00000007b9c00000, 0x00000007c0000000, 0x00000007c0000000)
  eden space 35840K, 100% used [0x00000007b9c00000,0x00000007bbf00000,0x00000007bbf00000)
  from space 33280K, 98% used [0x00000007bbf00000,0x00000007bdf20000,0x00000007bdf80000)
  to   space 33280K, 0% used [0x00000007bdf80000,0x00000007bdf80000,0x00000007c0000000)
 ParOldGen       total 161280K, used 35463K [0x00000006c1800000, 0x00000006cb580000, 0x00000007b9c00000)
  object space 161280K, 21% used [0x00000006c1800000,0x00000006c3aa1e80,0x00000006cb580000)
 Metaspace       used 2707K, capacity 4486K, committed 4864K, reserved 1056768K
  class space    used 302K, capacity 386K, committed 512K, reserved 1048576K
[GC (Allocation Failure)  104199K->68359K(230400K), 0.0473730 secs]
Heap after GC invocations=1201 (full 1):
 PSYoungGen      total 69120K, used 32896K [0x00000007b9c00000, 0x00000007c0000000, 0x00000007c0000000)
  eden space 35840K, 0% used [0x00000007b9c00000,0x00000007b9c00000,0x00000007bbf00000)
  from space 33280K, 98% used [0x00000007bdf80000,0x00000007bffa0000,0x00000007c0000000)
  to   space 33280K, 0% used [0x00000007bbf00000,0x00000007bbf00000,0x00000007bdf80000)
 ParOldGen       total 161280K, used 35463K [0x00000006c1800000, 0x00000006cb580000, 0x00000007b9c00000)
  object space 161280K, 21% used [0x00000006c1800000,0x00000006c3aa1e80,0x00000006cb580000)
 Metaspace       used 2707K, capacity 4486K, committed 4864K, reserved 1056768K
  class space    used 302K, capacity 386K, committed 512K, reserved 1048576K
}
{Heap before GC invocations=1202 (full 1):
 PSYoungGen      total 69120K, used 68736K [0x00000007b9c00000, 0x00000007c0000000, 0x00000007c0000000)
  eden space 35840K, 100% used [0x00000007b9c00000,0x00000007bbf00000,0x00000007bbf00000)
  from space 33280K, 98% used [0x00000007bdf80000,0x00000007bffa0000,0x00000007c0000000)
  to   space 33280K, 0% used [0x00000007bbf00000,0x00000007bbf00000,0x00000007bdf80000)
 ParOldGen       total 161280K, used 35463K [0x00000006c1800000, 0x00000006cb580000, 0x00000007b9c00000)
  object space 161280K, 21% used [0x00000006c1800000,0x00000006c3aa1e80,0x00000006cb580000)
 Metaspace       used 2707K, capacity 4486K, committed 4864K, reserved 1056768K
  class space    used 302K, capacity 386K, committed 512K, reserved 1048576K
[GC (Allocation Failure)  104199K->68327K(230400K), 0.0346149 secs]
Heap after GC invocations=1202 (full 1):
 PSYoungGen      total 69120K, used 32864K [0x00000007b9c00000, 0x00000007c0000000, 0x00000007c0000000)
  eden space 35840K, 0% used [0x00000007b9c00000,0x00000007b9c00000,0x00000007bbf00000)
  from space 33280K, 98% used [0x00000007bbf00000,0x00000007bdf18000,0x00000007bdf80000)
  to   space 33280K, 0% used [0x00000007bdf80000,0x00000007bdf80000,0x00000007c0000000)
 ParOldGen       total 161280K, used 35463K [0x00000006c1800000, 0x00000006cb580000, 0x00000007b9c00000)
  object space 161280K, 21% used [0x00000006c1800000,0x00000006c3aa1e80,0x00000006cb580000)
 Metaspace       used 2707K, capacity 4486K, committed 4864K, reserved 1056768K
  class space    used 302K, capacity 386K, committed 512K, reserved 1048576K
}
{Heap before GC invocations=1203 (full 1):
 PSYoungGen      total 69120K, used 68704K [0x00000007b9c00000, 0x00000007c0000000, 0x00000007c0000000)
  eden space 35840K, 100% used [0x00000007b9c00000,0x00000007bbf00000,0x00000007bbf00000)
  from space 33280K, 98% used [0x00000007bbf00000,0x00000007bdf18000,0x00000007bdf80000)
  to   space 33280K, 0% used [0x00000007bdf80000,0x00000007bdf80000,0x00000007c0000000)
 ParOldGen       total 161280K, used 35463K [0x00000006c1800000, 0x00000006cb580000, 0x00000007b9c00000)
  object space 161280K, 21% used [0x00000006c1800000,0x00000006c3aa1e80,0x00000006cb580000)
 Metaspace       used 2707K, capacity 4486K, committed 4864K, reserved 1056768K
  class space    used 302K, capacity 386K, committed 512K, reserved 1048576K
[GC (Allocation Failure)  104167K->68359K(230400K), 0.0456487 secs]
Heap after GC invocations=1203 (full 1):
 PSYoungGen      total 69120K, used 32896K [0x00000007b9c00000, 0x00000007c0000000, 0x00000007c0000000)
  eden space 35840K, 0% used [0x00000007b9c00000,0x00000007b9c00000,0x00000007bbf00000)
  from space 33280K, 98% used [0x00000007bdf80000,0x00000007bffa0000,0x00000007c0000000)
  to   space 33280K, 0% used [0x00000007bbf00000,0x00000007bbf00000,0x00000007bdf80000)
 ParOldGen       total 161280K, used 35463K [0x00000006c1800000, 0x00000006cb580000, 0x00000007b9c00000)
  object space 161280K, 21% used [0x00000006c1800000,0x00000006c3aa1e80,0x00000006cb580000)
 Metaspace       used 2707K, capacity 4486K, committed 4864K, reserved 1056768K
  class space    used 302K, capacity 386K, committed 512K, reserved 1048576K
}
{Heap before GC invocations=1204 (full 1):
 PSYoungGen      total 69120K, used 68736K [0x00000007b9c00000, 0x00000007c0000000, 0x00000007c0000000)
  eden space 35840K, 100% used [0x00000007b9c00000,0x00000007bbf00000,0x00000007bbf00000)
  from space 33280K, 98% used [0x00000007bdf80000,0x00000007bffa0000,0x00000007c0000000)
  to   space 33280K, 0% used [0x00000007bbf00000,0x00000007bbf00000,0x00000007bdf80000)
 ParOldGen       total 161280K, used 35463K [0x00000006c1800000, 0x00000006cb580000, 0x00000007b9c00000)
  object space 161280K, 21% used [0x00000006c1800000,0x00000006c3aa1e80,0x00000006cb580000)
 Metaspace       used 2707K, capacity 4486K, committed 4864K, reserved 1056768K
  class space    used 302K, capacity 386K, committed 512K, reserved 1048576K
[GC (Allocation Failure)  104199K->68359K(230400K), 0.0317069 secs]
Heap after GC invocations=1204 (full 1):
 PSYoungGen      total 69120K, used 32896K [0x00000007b9c00000, 0x00000007c0000000, 0x00000007c0000000)
  eden space 35840K, 0% used [0x00000007b9c00000,0x00000007b9c00000,0x00000007bbf00000)
  from space 33280K, 98% used [0x00000007bbf00000,0x00000007bdf20000,0x00000007bdf80000)
  to   space 33280K, 0% used [0x00000007bdf80000,0x00000007bdf80000,0x00000007c0000000)
 ParOldGen       total 161280K, used 35463K [0x00000006c1800000, 0x00000006cb580000, 0x00000007b9c00000)
  object space 161280K, 21% used [0x00000006c1800000,0x00000006c3aa1e80,0x00000006cb580000)
 Metaspace       used 2707K, capacity 4486K, committed 4864K, reserved 1056768K
  class space    used 302K, capacity 386K, committed 512K, reserved 1048576K
}
{Heap before GC invocations=1205 (full 1):
 PSYoungGen      total 69120K, used 68736K [0x00000007b9c00000, 0x00000007c0000000, 0x00000007c0000000)
  eden space 35840K, 100% used [0x00000007b9c00000,0x00000007bbf00000,0x00000007bbf00000)
  from space 33280K, 98% used [0x00000007bbf00000,0x00000007bdf20000,0x00000007bdf80000)
  to   space 33280K, 0% used [0x00000007bdf80000,0x00000007bdf80000,0x00000007c0000000)
 ParOldGen       total 161280K, used 35463K [0x00000006c1800000, 0x00000006cb580000, 0x00000007b9c00000)
  object space 161280K, 21% used [0x00000006c1800000,0x00000006c3aa1e80,0x00000006cb580000)
 Metaspace       used 2707K, capacity 4486K, committed 4864K, reserved 1056768K
  class space    used 302K, capacity 386K, committed 512K, reserved 1048576K
[GC (Allocation Failure)  104199K->68359K(230400K), 0.0308151 secs]
Heap after GC invocations=1205 (full 1):
 PSYoungGen      total 69120K, used 32896K [0x00000007b9c00000, 0x00000007c0000000, 0x00000007c0000000)
  eden space 35840K, 0% used [0x00000007b9c00000,0x00000007b9c00000,0x00000007bbf00000)
  from space 33280K, 98% used [0x00000007bdf80000,0x00000007bffa0000,0x00000007c0000000)
  to   space 33280K, 0% used [0x00000007bbf00000,0x00000007bbf00000,0x00000007bdf80000)
 ParOldGen       total 161280K, used 35463K [0x00000006c1800000, 0x00000006cb580000, 0x00000007b9c00000)
  object space 161280K, 21% used [0x00000006c1800000,0x00000006c3aa1e80,0x00000006cb580000)
 Metaspace       used 2707K, capacity 4486K, committed 4864K, reserved 1056768K
  class space    used 302K, capacity 386K, committed 512K, reserved 1048576K
}
{Heap before GC invocations=1206 (full 1):
 PSYoungGen      total 69120K, used 68736K [0x00000007b9c00000, 0x00000007c0000000, 0x00000007c0000000)
  eden space 35840K, 100% used [0x00000007b9c00000,0x00000007bbf00000,0x00000007bbf00000)
  from space 33280K, 98% used [0x00000007bdf80000,0x00000007bffa0000,0x00000007c0000000)
  to   space 33280K, 0% used [0x00000007bbf00000,0x00000007bbf00000,0x00000007bdf80000)
 ParOldGen       total 161280K, used 35463K [0x00000006c1800000, 0x00000006cb580000, 0x00000007b9c00000)
  object space 161280K, 21% used [0x00000006c1800000,0x00000006c3aa1e80,0x00000006cb580000)
 Metaspace       used 2707K, capacity 4486K, committed 4864K, reserved 1056768K
  class space    used 302K, capacity 386K, committed 512K, reserved 1048576K
[GC (Allocation Failure)  104199K->68327K(230400K), 0.0318992 secs]
Heap after GC invocations=1206 (full 1):
 PSYoungGen      total 69120K, used 32864K [0x00000007b9c00000, 0x00000007c0000000, 0x00000007c0000000)
  eden space 35840K, 0% used [0x00000007b9c00000,0x00000007b9c00000,0x00000007bbf00000)
  from space 33280K, 98% used [0x00000007bbf00000,0x00000007bdf18000,0x00000007bdf80000)
  to   space 33280K, 0% used [0x00000007bdf80000,0x00000007bdf80000,0x00000007c0000000)
 ParOldGen       total 161280K, used 35463K [0x00000006c1800000, 0x00000006cb580000, 0x00000007b9c00000)
  object space 161280K, 21% used [0x00000006c1800000,0x00000006c3aa1e80,0x00000006cb580000)
 Metaspace       used 2707K, capacity 4486K, committed 4864K, reserved 1056768K
  class space    used 302K, capacity 386K, committed 512K, reserved 1048576K
}
{Heap before GC invocations=1207 (full 1):
 PSYoungGen      total 69120K, used 68704K [0x00000007b9c00000, 0x00000007c0000000, 0x00000007c0000000)
  eden space 35840K, 100% used [0x00000007b9c00000,0x00000007bbf00000,0x00000007bbf00000)
  from space 33280K, 98% used [0x00000007bbf00000,0x00000007bdf18000,0x00000007bdf80000)
  to   space 33280K, 0% used [0x00000007bdf80000,0x00000007bdf80000,0x00000007c0000000)
 ParOldGen       total 161280K, used 35463K [0x00000006c1800000, 0x00000006cb580000, 0x00000007b9c00000)
  object space 161280K, 21% used [0x00000006c1800000,0x00000006c3aa1e80,0x00000006cb580000)
 Metaspace       used 2707K, capacity 4486K, committed 4864K, reserved 1056768K
  class space    used 302K, capacity 386K, committed 512K, reserved 1048576K
[GC (Allocation Failure)  104167K->68359K(230400K), 0.0333342 secs]
Heap after GC invocations=1207 (full 1):
 PSYoungGen      total 69120K, used 32896K [0x00000007b9c00000, 0x00000007c0000000, 0x00000007c0000000)
  eden space 35840K, 0% used [0x00000007b9c00000,0x00000007b9c00000,0x00000007bbf00000)
  from space 33280K, 98% used [0x00000007bdf80000,0x00000007bffa0000,0x00000007c0000000)
  to   space 33280K, 0% used [0x00000007bbf00000,0x00000007bbf00000,0x00000007bdf80000)
 ParOldGen       total 161280K, used 35463K [0x00000006c1800000, 0x00000006cb580000, 0x00000007b9c00000)
  object space 161280K, 21% used [0x00000006c1800000,0x00000006c3aa1e80,0x00000006cb580000)
 Metaspace       used 2707K, capacity 4486K, committed 4864K, reserved 1056768K
  class space    used 302K, capacity 386K, committed 512K, reserved 1048576K
}
{Heap before GC invocations=1208 (full 1):
 PSYoungGen      total 69120K, used 68736K [0x00000007b9c00000, 0x00000007c0000000, 0x00000007c0000000)
  eden space 35840K, 100% used [0x00000007b9c00000,0x00000007bbf00000,0x00000007bbf00000)
  from space 33280K, 98% used [0x00000007bdf80000,0x00000007bffa0000,0x00000007c0000000)
  to   space 33280K, 0% used [0x00000007bbf00000,0x00000007bbf00000,0x00000007bdf80000)
 ParOldGen       total 161280K, used 35463K [0x00000006c1800000, 0x00000006cb580000, 0x00000007b9c00000)
  object space 161280K, 21% used [0x00000006c1800000,0x00000006c3aa1e80,0x00000006cb580000)
 Metaspace       used 2707K, capacity 4486K, committed 4864K, reserved 1056768K
  class space    used 302K, capacity 386K, committed 512K, reserved 1048576K
[GC (Allocation Failure)  104199K->68359K(230400K), 0.0340943 secs]
Heap after GC invocations=1208 (full 1):
 PSYoungGen      total 69120K, used 32896K [0x00000007b9c00000, 0x00000007c0000000, 0x00000007c0000000)
  eden space 35840K, 0% used [0x00000007b9c00000,0x00000007b9c00000,0x00000007bbf00000)
  from space 33280K, 98% used [0x00000007bbf00000,0x00000007bdf20000,0x00000007bdf80000)
  to   space 33280K, 0% used [0x00000007bdf80000,0x00000007bdf80000,0x00000007c0000000)
 ParOldGen       total 161280K, used 35463K [0x00000006c1800000, 0x00000006cb580000, 0x00000007b9c00000)
  object space 161280K, 21% used [0x00000006c1800000,0x00000006c3aa1e80,0x00000006cb580000)
 Metaspace       used 2707K, capacity 4486K, committed 4864K, reserved 1056768K
  class space    used 302K, capacity 386K, committed 512K, reserved 1048576K
}
{Heap before GC invocations=1209 (full 1):
 PSYoungGen      total 69120K, used 68736K [0x00000007b9c00000, 0x00000007c0000000, 0x00000007c0000000)
  eden space 35840K, 100% used [0x00000007b9c00000,0x00000007bbf00000,0x00000007bbf00000)
  from space 33280K, 98% used [0x00000007bbf00000,0x00000007bdf20000,0x00000007bdf80000)
  to   space 33280K, 0% used [0x00000007bdf80000,0x00000007bdf80000,0x00000007c0000000)
 ParOldGen       total 161280K, used 35463K [0x00000006c1800000, 0x00000006cb580000, 0x00000007b9c00000)
  object space 161280K, 21% used [0x00000006c1800000,0x00000006c3aa1e80,0x00000006cb580000)
 Metaspace       used 2707K, capacity 4486K, committed 4864K, reserved 1056768K
  class space    used 302K, capacity 386K, committed 512K, reserved 1048576K
[GC (Allocation Failure)  104199K->68327K(230400K), 0.0380623 secs]
Heap after GC invocations=1209 (full 1):
 PSYoungGen      total 69120K, used 32864K [0x00000007b9c00000, 0x00000007c0000000, 0x00000007c0000000)
  eden space 35840K, 0% used [0x00000007b9c00000,0x00000007b9c00000,0x00000007bbf00000)
  from space 33280K, 98% used [0x00000007bdf80000,0x00000007bff98000,0x00000007c0000000)
  to   space 33280K, 0% used [0x00000007bbf00000,0x00000007bbf00000,0x00000007bdf80000)
 ParOldGen       total 161280K, used 35463K [0x00000006c1800000, 0x00000006cb580000, 0x00000007b9c00000)
  object space 161280K, 21% used [0x00000006c1800000,0x00000006c3aa1e80,0x00000006cb580000)
 Metaspace       used 2707K, capacity 4486K, committed 4864K, reserved 1056768K
  class space    used 302K, capacity 386K, committed 512K, reserved 1048576K
}
{Heap before GC invocations=1210 (full 1):
 PSYoungGen      total 69120K, used 68704K [0x00000007b9c00000, 0x00000007c0000000, 0x00000007c0000000)
  eden space 35840K, 100% used [0x00000007b9c00000,0x00000007bbf00000,0x00000007bbf00000)
  from space 33280K, 98% used [0x00000007bdf80000,0x00000007bff98000,0x00000007c0000000)
  to   space 33280K, 0% used [0x00000007bbf00000,0x00000007bbf00000,0x00000007bdf80000)
 ParOldGen       total 161280K, used 35463K [0x00000006c1800000, 0x00000006cb580000, 0x00000007b9c00000)
  object space 161280K, 21% used [0x00000006c1800000,0x00000006c3aa1e80,0x00000006cb580000)
 Metaspace       used 2707K, capacity 4486K, committed 4864K, reserved 1056768K
  class space    used 302K, capacity 386K, committed 512K, reserved 1048576K
[GC (Allocation Failure)  104167K->68359K(230400K), 0.0373426 secs]
Heap after GC invocations=1210 (full 1):
 PSYoungGen      total 69120K, used 32896K [0x00000007b9c00000, 0x00000007c0000000, 0x00000007c0000000)
  eden space 35840K, 0% used [0x00000007b9c00000,0x00000007b9c00000,0x00000007bbf00000)
  from space 33280K, 98% used [0x00000007bbf00000,0x00000007bdf20000,0x00000007bdf80000)
  to   space 33280K, 0% used [0x00000007bdf80000,0x00000007bdf80000,0x00000007c0000000)
 ParOldGen       total 161280K, used 35463K [0x00000006c1800000, 0x00000006cb580000, 0x00000007b9c00000)
  object space 161280K, 21% used [0x00000006c1800000,0x00000006c3aa1e80,0x00000006cb580000)
 Metaspace       used 2707K, capacity 4486K, committed 4864K, reserved 1056768K
  class space    used 302K, capacity 386K, committed 512K, reserved 1048576K
}
{Heap before GC invocations=1211 (full 1):
 PSYoungGen      total 69120K, used 68736K [0x00000007b9c00000, 0x00000007c0000000, 0x00000007c0000000)
  eden space 35840K, 100% used [0x00000007b9c00000,0x00000007bbf00000,0x00000007bbf00000)
  from space 33280K, 98% used [0x00000007bbf00000,0x00000007bdf20000,0x00000007bdf80000)
  to   space 33280K, 0% used [0x00000007bdf80000,0x00000007bdf80000,0x00000007c0000000)
 ParOldGen       total 161280K, used 35463K [0x00000006c1800000, 0x00000006cb580000, 0x00000007b9c00000)
  object space 161280K, 21% used [0x00000006c1800000,0x00000006c3aa1e80,0x00000006cb580000)
 Metaspace       used 2707K, capacity 4486K, committed 4864K, reserved 1056768K
  class space    used 302K, capacity 386K, committed 512K, reserved 1048576K
[GC (Allocation Failure)  104199K->68359K(230400K), 0.0346262 secs]
Heap after GC invocations=1211 (full 1):
 PSYoungGen      total 69120K, used 32896K [0x00000007b9c00000, 0x00000007c0000000, 0x00000007c0000000)
  eden space 35840K, 0% used [0x00000007b9c00000,0x00000007b9c00000,0x00000007bbf00000)
  from space 33280K, 98% used [0x00000007bdf80000,0x00000007bffa0000,0x00000007c0000000)
  to   space 33280K, 0% used [0x00000007bbf00000,0x00000007bbf00000,0x00000007bdf80000)
 ParOldGen       total 161280K, used 35463K [0x00000006c1800000, 0x00000006cb580000, 0x00000007b9c00000)
  object space 161280K, 21% used [0x00000006c1800000,0x00000006c3aa1e80,0x00000006cb580000)
 Metaspace       used 2707K, capacity 4486K, committed 4864K, reserved 1056768K
  class space    used 302K, capacity 386K, committed 512K, reserved 1048576K
}
{Heap before GC invocations=1212 (full 1):
 PSYoungGen      total 69120K, used 68736K [0x00000007b9c00000, 0x00000007c0000000, 0x00000007c0000000)
  eden space 35840K, 100% used [0x00000007b9c00000,0x00000007bbf00000,0x00000007bbf00000)
  from space 33280K, 98% used [0x00000007bdf80000,0x00000007bffa0000,0x00000007c0000000)
  to   space 33280K, 0% used [0x00000007bbf00000,0x00000007bbf00000,0x00000007bdf80000)
 ParOldGen       total 161280K, used 35463K [0x00000006c1800000, 0x00000006cb580000, 0x00000007b9c00000)
  object space 161280K, 21% used [0x00000006c1800000,0x00000006c3aa1e80,0x00000006cb580000)
 Metaspace       used 2707K, capacity 4486K, committed 4864K, reserved 1056768K
  class space    used 302K, capacity 386K, committed 512K, reserved 1048576K
[GC (Allocation Failure)  104199K->68359K(230400K), 0.0308769 secs]
Heap after GC invocations=1212 (full 1):
 PSYoungGen      total 69120K, used 32896K [0x00000007b9c00000, 0x00000007c0000000, 0x00000007c0000000)
  eden space 35840K, 0% used [0x00000007b9c00000,0x00000007b9c00000,0x00000007bbf00000)
  from space 33280K, 98% used [0x00000007bbf00000,0x00000007bdf20000,0x00000007bdf80000)
  to   space 33280K, 0% used [0x00000007bdf80000,0x00000007bdf80000,0x00000007c0000000)
 ParOldGen       total 161280K, used 35463K [0x00000006c1800000, 0x00000006cb580000, 0x00000007b9c00000)
  object space 161280K, 21% used [0x00000006c1800000,0x00000006c3aa1e80,0x00000006cb580000)
 Metaspace       used 2707K, capacity 4486K, committed 4864K, reserved 1056768K
  class space    used 302K, capacity 386K, committed 512K, reserved 1048576K
}
{Heap before GC invocations=1213 (full 1):
 PSYoungGen      total 69120K, used 68736K [0x00000007b9c00000, 0x00000007c0000000, 0x00000007c0000000)
  eden space 35840K, 100% used [0x00000007b9c00000,0x00000007bbf00000,0x00000007bbf00000)
  from space 33280K, 98% used [0x00000007bbf00000,0x00000007bdf20000,0x00000007bdf80000)
  to   space 33280K, 0% used [0x00000007bdf80000,0x00000007bdf80000,0x00000007c0000000)
 ParOldGen       total 161280K, used 35463K [0x00000006c1800000, 0x00000006cb580000, 0x00000007b9c00000)
  object space 161280K, 21% used [0x00000006c1800000,0x00000006c3aa1e80,0x00000006cb580000)
 Metaspace       used 2707K, capacity 4486K, committed 4864K, reserved 1056768K
  class space    used 302K, capacity 386K, committed 512K, reserved 1048576K
[GC (Allocation Failure)  104199K->68359K(230400K), 0.0338291 secs]
Heap after GC invocations=1213 (full 1):
 PSYoungGen      total 69120K, used 32896K [0x00000007b9c00000, 0x00000007c0000000, 0x00000007c0000000)
  eden space 35840K, 0% used [0x00000007b9c00000,0x00000007b9c00000,0x00000007bbf00000)
  from space 33280K, 98% used [0x00000007bdf80000,0x00000007bffa0000,0x00000007c0000000)
  to   space 33280K, 0% used [0x00000007bbf00000,0x00000007bbf00000,0x00000007bdf80000)
 ParOldGen       total 161280K, used 35463K [0x00000006c1800000, 0x00000006cb580000, 0x00000007b9c00000)
  object space 161280K, 21% used [0x00000006c1800000,0x00000006c3aa1e80,0x00000006cb580000)
 Metaspace       used 2707K, capacity 4486K, committed 4864K, reserved 1056768K
  class space    used 302K, capacity 386K, committed 512K, reserved 1048576K
}
{Heap before GC invocations=1214 (full 1):
 PSYoungGen      total 69120K, used 68736K [0x00000007b9c00000, 0x00000007c0000000, 0x00000007c0000000)
  eden space 35840K, 100% used [0x00000007b9c00000,0x00000007bbf00000,0x00000007bbf00000)
  from space 33280K, 98% used [0x00000007bdf80000,0x00000007bffa0000,0x00000007c0000000)
  to   space 33280K, 0% used [0x00000007bbf00000,0x00000007bbf00000,0x00000007bdf80000)
 ParOldGen       total 161280K, used 35463K [0x00000006c1800000, 0x00000006cb580000, 0x00000007b9c00000)
  object space 161280K, 21% used [0x00000006c1800000,0x00000006c3aa1e80,0x00000006cb580000)
 Metaspace       used 2707K, capacity 4486K, committed 4864K, reserved 1056768K
  class space    used 302K, capacity 386K, committed 512K, reserved 1048576K
[GC (Allocation Failure)  104199K->68359K(230400K), 0.0663581 secs]
Heap after GC invocations=1214 (full 1):
 PSYoungGen      total 69120K, used 32896K [0x00000007b9c00000, 0x00000007c0000000, 0x00000007c0000000)
  eden space 35840K, 0% used [0x00000007b9c00000,0x00000007b9c00000,0x00000007bbf00000)
  from space 33280K, 98% used [0x00000007bbf00000,0x00000007bdf20000,0x00000007bdf80000)
  to   space 33280K, 0% used [0x00000007bdf80000,0x00000007bdf80000,0x00000007c0000000)
 ParOldGen       total 161280K, used 35463K [0x00000006c1800000, 0x00000006cb580000, 0x00000007b9c00000)
  object space 161280K, 21% used [0x00000006c1800000,0x00000006c3aa1e80,0x00000006cb580000)
 Metaspace       used 2707K, capacity 4486K, committed 4864K, reserved 1056768K
  class space    used 302K, capacity 386K, committed 512K, reserved 1048576K
}
{Heap before GC invocations=1215 (full 1):
 PSYoungGen      total 69120K, used 68736K [0x00000007b9c00000, 0x00000007c0000000, 0x00000007c0000000)
  eden space 35840K, 100% used [0x00000007b9c00000,0x00000007bbf00000,0x00000007bbf00000)
  from space 33280K, 98% used [0x00000007bbf00000,0x00000007bdf20000,0x00000007bdf80000)
  to   space 33280K, 0% used [0x00000007bdf80000,0x00000007bdf80000,0x00000007c0000000)
 ParOldGen       total 161280K, used 35463K [0x00000006c1800000, 0x00000006cb580000, 0x00000007b9c00000)
  object space 161280K, 21% used [0x00000006c1800000,0x00000006c3aa1e80,0x00000006cb580000)
 Metaspace       used 2707K, capacity 4486K, committed 4864K, reserved 1056768K
  class space    used 302K, capacity 386K, committed 512K, reserved 1048576K
[GC (Allocation Failure)  104199K->68359K(230400K), 0.0420655 secs]
Heap after GC invocations=1215 (full 1):
 PSYoungGen      total 69120K, used 32896K [0x00000007b9c00000, 0x00000007c0000000, 0x00000007c0000000)
  eden space 35840K, 0% used [0x00000007b9c00000,0x00000007b9c00000,0x00000007bbf00000)
  from space 33280K, 98% used [0x00000007bdf80000,0x00000007bffa0000,0x00000007c0000000)
  to   space 33280K, 0% used [0x00000007bbf00000,0x00000007bbf00000,0x00000007bdf80000)
 ParOldGen       total 161280K, used 35463K [0x00000006c1800000, 0x00000006cb580000, 0x00000007b9c00000)
  object space 161280K, 21% used [0x00000006c1800000,0x00000006c3aa1e80,0x00000006cb580000)
 Metaspace       used 2707K, capacity 4486K, committed 4864K, reserved 1056768K
  class space    used 302K, capacity 386K, committed 512K, reserved 1048576K
}
{Heap before GC invocations=1216 (full 1):
 PSYoungGen      total 69120K, used 68736K [0x00000007b9c00000, 0x00000007c0000000, 0x00000007c0000000)
  eden space 35840K, 100% used [0x00000007b9c00000,0x00000007bbf00000,0x00000007bbf00000)
  from space 33280K, 98% used [0x00000007bdf80000,0x00000007bffa0000,0x00000007c0000000)
  to   space 33280K, 0% used [0x00000007bbf00000,0x00000007bbf00000,0x00000007bdf80000)
 ParOldGen       total 161280K, used 35463K [0x00000006c1800000, 0x00000006cb580000, 0x00000007b9c00000)
  object space 161280K, 21% used [0x00000006c1800000,0x00000006c3aa1e80,0x00000006cb580000)
 Metaspace       used 2707K, capacity 4486K, committed 4864K, reserved 1056768K
  class space    used 302K, capacity 386K, committed 512K, reserved 1048576K
[GC (Allocation Failure)  104199K->68359K(230400K), 0.0346476 secs]
Heap after GC invocations=1216 (full 1):
 PSYoungGen      total 69120K, used 32896K [0x00000007b9c00000, 0x00000007c0000000, 0x00000007c0000000)
  eden space 35840K, 0% used [0x00000007b9c00000,0x00000007b9c00000,0x00000007bbf00000)
  from space 33280K, 98% used [0x00000007bbf00000,0x00000007bdf20000,0x00000007bdf80000)
  to   space 33280K, 0% used [0x00000007bdf80000,0x00000007bdf80000,0x00000007c0000000)
 ParOldGen       total 161280K, used 35463K [0x00000006c1800000, 0x00000006cb580000, 0x00000007b9c00000)
  object space 161280K, 21% used [0x00000006c1800000,0x00000006c3aa1e80,0x00000006cb580000)
 Metaspace       used 2707K, capacity 4486K, committed 4864K, reserved 1056768K
  class space    used 302K, capacity 386K, committed 512K, reserved 1048576K
}
{Heap before GC invocations=1217 (full 1):
 PSYoungGen      total 69120K, used 68736K [0x00000007b9c00000, 0x00000007c0000000, 0x00000007c0000000)
  eden space 35840K, 100% used [0x00000007b9c00000,0x00000007bbf00000,0x00000007bbf00000)
  from space 33280K, 98% used [0x00000007bbf00000,0x00000007bdf20000,0x00000007bdf80000)
  to   space 33280K, 0% used [0x00000007bdf80000,0x00000007bdf80000,0x00000007c0000000)
 ParOldGen       total 161280K, used 35463K [0x00000006c1800000, 0x00000006cb580000, 0x00000007b9c00000)
  object space 161280K, 21% used [0x00000006c1800000,0x00000006c3aa1e80,0x00000006cb580000)
 Metaspace       used 2707K, capacity 4486K, committed 4864K, reserved 1056768K
  class space    used 302K, capacity 386K, committed 512K, reserved 1048576K
[GC (Allocation Failure)  104199K->68359K(230400K), 0.0326337 secs]
Heap after GC invocations=1217 (full 1):
 PSYoungGen      total 69120K, used 32896K [0x00000007b9c00000, 0x00000007c0000000, 0x00000007c0000000)
  eden space 35840K, 0% used [0x00000007b9c00000,0x00000007b9c00000,0x00000007bbf00000)
  from space 33280K, 98% used [0x00000007bdf80000,0x00000007bffa0000,0x00000007c0000000)
  to   space 33280K, 0% used [0x00000007bbf00000,0x00000007bbf00000,0x00000007bdf80000)
 ParOldGen       total 161280K, used 35463K [0x00000006c1800000, 0x00000006cb580000, 0x00000007b9c00000)
  object space 161280K, 21% used [0x00000006c1800000,0x00000006c3aa1e80,0x00000006cb580000)
 Metaspace       used 2707K, capacity 4486K, committed 4864K, reserved 1056768K
  class space    used 302K, capacity 386K, committed 512K, reserved 1048576K
}
{Heap before GC invocations=1218 (full 1):
 PSYoungGen      total 69120K, used 68736K [0x00000007b9c00000, 0x00000007c0000000, 0x00000007c0000000)
  eden space 35840K, 100% used [0x00000007b9c00000,0x00000007bbf00000,0x00000007bbf00000)
  from space 33280K, 98% used [0x00000007bdf80000,0x00000007bffa0000,0x00000007c0000000)
  to   space 33280K, 0% used [0x00000007bbf00000,0x00000007bbf00000,0x00000007bdf80000)
 ParOldGen       total 161280K, used 35463K [0x00000006c1800000, 0x00000006cb580000, 0x00000007b9c00000)
  object space 161280K, 21% used [0x00000006c1800000,0x00000006c3aa1e80,0x00000006cb580000)
 Metaspace       used 2707K, capacity 4486K, committed 4864K, reserved 1056768K
  class space    used 302K, capacity 386K, committed 512K, reserved 1048576K
[GC (Allocation Failure)  104199K->68359K(230400K), 0.0328981 secs]
Heap after GC invocations=1218 (full 1):
 PSYoungGen      total 69120K, used 32896K [0x00000007b9c00000, 0x00000007c0000000, 0x00000007c0000000)
  eden space 35840K, 0% used [0x00000007b9c00000,0x00000007b9c00000,0x00000007bbf00000)
  from space 33280K, 98% used [0x00000007bbf00000,0x00000007bdf20000,0x00000007bdf80000)
  to   space 33280K, 0% used [0x00000007bdf80000,0x00000007bdf80000,0x00000007c0000000)
 ParOldGen       total 161280K, used 35463K [0x00000006c1800000, 0x00000006cb580000, 0x00000007b9c00000)
  object space 161280K, 21% used [0x00000006c1800000,0x00000006c3aa1e80,0x00000006cb580000)
 Metaspace       used 2707K, capacity 4486K, committed 4864K, reserved 1056768K
  class space    used 302K, capacity 386K, committed 512K, reserved 1048576K
}
{Heap before GC invocations=1219 (full 1):
 PSYoungGen      total 69120K, used 68736K [0x00000007b9c00000, 0x00000007c0000000, 0x00000007c0000000)
  eden space 35840K, 100% used [0x00000007b9c00000,0x00000007bbf00000,0x00000007bbf00000)
  from space 33280K, 98% used [0x00000007bbf00000,0x00000007bdf20000,0x00000007bdf80000)
  to   space 33280K, 0% used [0x00000007bdf80000,0x00000007bdf80000,0x00000007c0000000)
 ParOldGen       total 161280K, used 35463K [0x00000006c1800000, 0x00000006cb580000, 0x00000007b9c00000)
  object space 161280K, 21% used [0x00000006c1800000,0x00000006c3aa1e80,0x00000006cb580000)
 Metaspace       used 2707K, capacity 4486K, committed 4864K, reserved 1056768K
  class space    used 302K, capacity 386K, committed 512K, reserved 1048576K
[GC (Allocation Failure)  104199K->68359K(230400K), 0.0315965 secs]
Heap after GC invocations=1219 (full 1):
 PSYoungGen      total 69120K, used 32896K [0x00000007b9c00000, 0x00000007c0000000, 0x00000007c0000000)
  eden space 35840K, 0% used [0x00000007b9c00000,0x00000007b9c00000,0x00000007bbf00000)
  from space 33280K, 98% used [0x00000007bdf80000,0x00000007bffa0000,0x00000007c0000000)
  to   space 33280K, 0% used [0x00000007bbf00000,0x00000007bbf00000,0x00000007bdf80000)
 ParOldGen       total 161280K, used 35463K [0x00000006c1800000, 0x00000006cb580000, 0x00000007b9c00000)
  object space 161280K, 21% used [0x00000006c1800000,0x00000006c3aa1e80,0x00000006cb580000)
 Metaspace       used 2707K, capacity 4486K, committed 4864K, reserved 1056768K
  class space    used 302K, capacity 386K, committed 512K, reserved 1048576K
}
{Heap before GC invocations=1220 (full 1):
 PSYoungGen      total 69120K, used 68736K [0x00000007b9c00000, 0x00000007c0000000, 0x00000007c0000000)
  eden space 35840K, 100% used [0x00000007b9c00000,0x00000007bbf00000,0x00000007bbf00000)
  from space 33280K, 98% used [0x00000007bdf80000,0x00000007bffa0000,0x00000007c0000000)
  to   space 33280K, 0% used [0x00000007bbf00000,0x00000007bbf00000,0x00000007bdf80000)
 ParOldGen       total 161280K, used 35463K [0x00000006c1800000, 0x00000006cb580000, 0x00000007b9c00000)
  object space 161280K, 21% used [0x00000006c1800000,0x00000006c3aa1e80,0x00000006cb580000)
 Metaspace       used 2707K, capacity 4486K, committed 4864K, reserved 1056768K
  class space    used 302K, capacity 386K, committed 512K, reserved 1048576K
[GC (Allocation Failure)  104199K->68359K(230400K), 0.0313549 secs]
Heap after GC invocations=1220 (full 1):
 PSYoungGen      total 69120K, used 32896K [0x00000007b9c00000, 0x00000007c0000000, 0x00000007c0000000)
  eden space 35840K, 0% used [0x00000007b9c00000,0x00000007b9c00000,0x00000007bbf00000)
  from space 33280K, 98% used [0x00000007bbf00000,0x00000007bdf20000,0x00000007bdf80000)
  to   space 33280K, 0% used [0x00000007bdf80000,0x00000007bdf80000,0x00000007c0000000)
 ParOldGen       total 161280K, used 35463K [0x00000006c1800000, 0x00000006cb580000, 0x00000007b9c00000)
  object space 161280K, 21% used [0x00000006c1800000,0x00000006c3aa1e80,0x00000006cb580000)
 Metaspace       used 2707K, capacity 4486K, committed 4864K, reserved 1056768K
  class space    used 302K, capacity 386K, committed 512K, reserved 1048576K
}
{Heap before GC invocations=1221 (full 1):
 PSYoungGen      total 69120K, used 68736K [0x00000007b9c00000, 0x00000007c0000000, 0x00000007c0000000)
  eden space 35840K, 100% used [0x00000007b9c00000,0x00000007bbf00000,0x00000007bbf00000)
  from space 33280K, 98% used [0x00000007bbf00000,0x00000007bdf20000,0x00000007bdf80000)
  to   space 33280K, 0% used [0x00000007bdf80000,0x00000007bdf80000,0x00000007c0000000)
 ParOldGen       total 161280K, used 35463K [0x00000006c1800000, 0x00000006cb580000, 0x00000007b9c00000)
  object space 161280K, 21% used [0x00000006c1800000,0x00000006c3aa1e80,0x00000006cb580000)
 Metaspace       used 2707K, capacity 4486K, committed 4864K, reserved 1056768K
  class space    used 302K, capacity 386K, committed 512K, reserved 1048576K
[GC (Allocation Failure)  104199K->68359K(230400K), 0.0310266 secs]
Heap after GC invocations=1221 (full 1):
 PSYoungGen      total 69120K, used 32896K [0x00000007b9c00000, 0x00000007c0000000, 0x00000007c0000000)
  eden space 35840K, 0% used [0x00000007b9c00000,0x00000007b9c00000,0x00000007bbf00000)
  from space 33280K, 98% used [0x00000007bdf80000,0x00000007bffa0000,0x00000007c0000000)
  to   space 33280K, 0% used [0x00000007bbf00000,0x00000007bbf00000,0x00000007bdf80000)
 ParOldGen       total 161280K, used 35463K [0x00000006c1800000, 0x00000006cb580000, 0x00000007b9c00000)
  object space 161280K, 21% used [0x00000006c1800000,0x00000006c3aa1e80,0x00000006cb580000)
 Metaspace       used 2707K, capacity 4486K, committed 4864K, reserved 1056768K
  class space    used 302K, capacity 386K, committed 512K, reserved 1048576K
}
{Heap before GC invocations=1222 (full 1):
 PSYoungGen      total 69120K, used 68736K [0x00000007b9c00000, 0x00000007c0000000, 0x00000007c0000000)
  eden space 35840K, 100% used [0x00000007b9c00000,0x00000007bbf00000,0x00000007bbf00000)
  from space 33280K, 98% used [0x00000007bdf80000,0x00000007bffa0000,0x00000007c0000000)
  to   space 33280K, 0% used [0x00000007bbf00000,0x00000007bbf00000,0x00000007bdf80000)
 ParOldGen       total 161280K, used 35463K [0x00000006c1800000, 0x00000006cb580000, 0x00000007b9c00000)
  object space 161280K, 21% used [0x00000006c1800000,0x00000006c3aa1e80,0x00000006cb580000)
 Metaspace       used 2707K, capacity 4486K, committed 4864K, reserved 1056768K
  class space    used 302K, capacity 386K, committed 512K, reserved 1048576K
[GC (Allocation Failure)  104199K->68359K(230400K), 0.0308364 secs]
Heap after GC invocations=1222 (full 1):
 PSYoungGen      total 69120K, used 32896K [0x00000007b9c00000, 0x00000007c0000000, 0x00000007c0000000)
  eden space 35840K, 0% used [0x00000007b9c00000,0x00000007b9c00000,0x00000007bbf00000)
  from space 33280K, 98% used [0x00000007bbf00000,0x00000007bdf20000,0x00000007bdf80000)
  to   space 33280K, 0% used [0x00000007bdf80000,0x00000007bdf80000,0x00000007c0000000)
 ParOldGen       total 161280K, used 35463K [0x00000006c1800000, 0x00000006cb580000, 0x00000007b9c00000)
  object space 161280K, 21% used [0x00000006c1800000,0x00000006c3aa1e80,0x00000006cb580000)
 Metaspace       used 2707K, capacity 4486K, committed 4864K, reserved 1056768K
  class space    used 302K, capacity 386K, committed 512K, reserved 1048576K
}
{Heap before GC invocations=1223 (full 1):
 PSYoungGen      total 69120K, used 68736K [0x00000007b9c00000, 0x00000007c0000000, 0x00000007c0000000)
  eden space 35840K, 100% used [0x00000007b9c00000,0x00000007bbf00000,0x00000007bbf00000)
  from space 33280K, 98% used [0x00000007bbf00000,0x00000007bdf20000,0x00000007bdf80000)
  to   space 33280K, 0% used [0x00000007bdf80000,0x00000007bdf80000,0x00000007c0000000)
 ParOldGen       total 161280K, used 35463K [0x00000006c1800000, 0x00000006cb580000, 0x00000007b9c00000)
  object space 161280K, 21% used [0x00000006c1800000,0x00000006c3aa1e80,0x00000006cb580000)
 Metaspace       used 2707K, capacity 4486K, committed 4864K, reserved 1056768K
  class space    used 302K, capacity 386K, committed 512K, reserved 1048576K
[GC (Allocation Failure)  104199K->68327K(230400K), 0.0325665 secs]
Heap after GC invocations=1223 (full 1):
 PSYoungGen      total 69120K, used 32864K [0x00000007b9c00000, 0x00000007c0000000, 0x00000007c0000000)
  eden space 35840K, 0% used [0x00000007b9c00000,0x00000007b9c00000,0x00000007bbf00000)
  from space 33280K, 98% used [0x00000007bdf80000,0x00000007bff98000,0x00000007c0000000)
  to   space 33280K, 0% used [0x00000007bbf00000,0x00000007bbf00000,0x00000007bdf80000)
 ParOldGen       total 161280K, used 35463K [0x00000006c1800000, 0x00000006cb580000, 0x00000007b9c00000)
  object space 161280K, 21% used [0x00000006c1800000,0x00000006c3aa1e80,0x00000006cb580000)
 Metaspace       used 2707K, capacity 4486K, committed 4864K, reserved 1056768K
  class space    used 302K, capacity 386K, committed 512K, reserved 1048576K
}
{Heap before GC invocations=1224 (full 1):
 PSYoungGen      total 69120K, used 68704K [0x00000007b9c00000, 0x00000007c0000000, 0x00000007c0000000)
  eden space 35840K, 100% used [0x00000007b9c00000,0x00000007bbf00000,0x00000007bbf00000)
  from space 33280K, 98% used [0x00000007bdf80000,0x00000007bff98000,0x00000007c0000000)
  to   space 33280K, 0% used [0x00000007bbf00000,0x00000007bbf00000,0x00000007bdf80000)
 ParOldGen       total 161280K, used 35463K [0x00000006c1800000, 0x00000006cb580000, 0x00000007b9c00000)
  object space 161280K, 21% used [0x00000006c1800000,0x00000006c3aa1e80,0x00000006cb580000)
 Metaspace       used 2707K, capacity 4486K, committed 4864K, reserved 1056768K
  class space    used 302K, capacity 386K, committed 512K, reserved 1048576K
[GC (Allocation Failure)  104167K->68359K(230400K), 0.0380772 secs]
Heap after GC invocations=1224 (full 1):
 PSYoungGen      total 69120K, used 32896K [0x00000007b9c00000, 0x00000007c0000000, 0x00000007c0000000)
  eden space 35840K, 0% used [0x00000007b9c00000,0x00000007b9c00000,0x00000007bbf00000)
  from space 33280K, 98% used [0x00000007bbf00000,0x00000007bdf20000,0x00000007bdf80000)
  to   space 33280K, 0% used [0x00000007bdf80000,0x00000007bdf80000,0x00000007c0000000)
 ParOldGen       total 161280K, used 35463K [0x00000006c1800000, 0x00000006cb580000, 0x00000007b9c00000)
  object space 161280K, 21% used [0x00000006c1800000,0x00000006c3aa1e80,0x00000006cb580000)
 Metaspace       used 2707K, capacity 4486K, committed 4864K, reserved 1056768K
  class space    used 302K, capacity 386K, committed 512K, reserved 1048576K
}
{Heap before GC invocations=1225 (full 1):
 PSYoungGen      total 69120K, used 68736K [0x00000007b9c00000, 0x00000007c0000000, 0x00000007c0000000)
  eden space 35840K, 100% used [0x00000007b9c00000,0x00000007bbf00000,0x00000007bbf00000)
  from space 33280K, 98% used [0x00000007bbf00000,0x00000007bdf20000,0x00000007bdf80000)
  to   space 33280K, 0% used [0x00000007bdf80000,0x00000007bdf80000,0x00000007c0000000)
 ParOldGen       total 161280K, used 35463K [0x00000006c1800000, 0x00000006cb580000, 0x00000007b9c00000)
  object space 161280K, 21% used [0x00000006c1800000,0x00000006c3aa1e80,0x00000006cb580000)
 Metaspace       used 2707K, capacity 4486K, committed 4864K, reserved 1056768K
  class space    used 302K, capacity 386K, committed 512K, reserved 1048576K
[GC (Allocation Failure)  104199K->68327K(230400K), 0.0350584 secs]
Heap after GC invocations=1225 (full 1):
 PSYoungGen      total 69120K, used 32864K [0x00000007b9c00000, 0x00000007c0000000, 0x00000007c0000000)
  eden space 35840K, 0% used [0x00000007b9c00000,0x00000007b9c00000,0x00000007bbf00000)
  from space 33280K, 98% used [0x00000007bdf80000,0x00000007bff98000,0x00000007c0000000)
  to   space 33280K, 0% used [0x00000007bbf00000,0x00000007bbf00000,0x00000007bdf80000)
 ParOldGen       total 161280K, used 35463K [0x00000006c1800000, 0x00000006cb580000, 0x00000007b9c00000)
  object space 161280K, 21% used [0x00000006c1800000,0x00000006c3aa1e80,0x00000006cb580000)
 Metaspace       used 2707K, capacity 4486K, committed 4864K, reserved 1056768K
  class space    used 302K, capacity 386K, committed 512K, reserved 1048576K
}
{Heap before GC invocations=1226 (full 1):
 PSYoungGen      total 69120K, used 68704K [0x00000007b9c00000, 0x00000007c0000000, 0x00000007c0000000)
  eden space 35840K, 100% used [0x00000007b9c00000,0x00000007bbf00000,0x00000007bbf00000)
  from space 33280K, 98% used [0x00000007bdf80000,0x00000007bff98000,0x00000007c0000000)
  to   space 33280K, 0% used [0x00000007bbf00000,0x00000007bbf00000,0x00000007bdf80000)
 ParOldGen       total 161280K, used 35463K [0x00000006c1800000, 0x00000006cb580000, 0x00000007b9c00000)
  object space 161280K, 21% used [0x00000006c1800000,0x00000006c3aa1e80,0x00000006cb580000)
 Metaspace       used 2707K, capacity 4486K, committed 4864K, reserved 1056768K
  class space    used 302K, capacity 386K, committed 512K, reserved 1048576K
[GC (Allocation Failure)  104167K->68359K(230400K), 0.0351767 secs]
Heap after GC invocations=1226 (full 1):
 PSYoungGen      total 69120K, used 32896K [0x00000007b9c00000, 0x00000007c0000000, 0x00000007c0000000)
  eden space 35840K, 0% used [0x00000007b9c00000,0x00000007b9c00000,0x00000007bbf00000)
  from space 33280K, 98% used [0x00000007bbf00000,0x00000007bdf20000,0x00000007bdf80000)
  to   space 33280K, 0% used [0x00000007bdf80000,0x00000007bdf80000,0x00000007c0000000)
 ParOldGen       total 161280K, used 35463K [0x00000006c1800000, 0x00000006cb580000, 0x00000007b9c00000)
  object space 161280K, 21% used [0x00000006c1800000,0x00000006c3aa1e80,0x00000006cb580000)
 Metaspace       used 2707K, capacity 4486K, committed 4864K, reserved 1056768K
  class space    used 302K, capacity 386K, committed 512K, reserved 1048576K
}
{Heap before GC invocations=1227 (full 1):
 PSYoungGen      total 69120K, used 68736K [0x00000007b9c00000, 0x00000007c0000000, 0x00000007c0000000)
  eden space 35840K, 100% used [0x00000007b9c00000,0x00000007bbf00000,0x00000007bbf00000)
  from space 33280K, 98% used [0x00000007bbf00000,0x00000007bdf20000,0x00000007bdf80000)
  to   space 33280K, 0% used [0x00000007bdf80000,0x00000007bdf80000,0x00000007c0000000)
 ParOldGen       total 161280K, used 35463K [0x00000006c1800000, 0x00000006cb580000, 0x00000007b9c00000)
  object space 161280K, 21% used [0x00000006c1800000,0x00000006c3aa1e80,0x00000006cb580000)
 Metaspace       used 2707K, capacity 4486K, committed 4864K, reserved 1056768K
  class space    used 302K, capacity 386K, committed 512K, reserved 1048576K
[GC (Allocation Failure)  104199K->68359K(230400K), 0.0324488 secs]
Heap after GC invocations=1227 (full 1):
 PSYoungGen      total 69120K, used 32896K [0x00000007b9c00000, 0x00000007c0000000, 0x00000007c0000000)
  eden space 35840K, 0% used [0x00000007b9c00000,0x00000007b9c00000,0x00000007bbf00000)
  from space 33280K, 98% used [0x00000007bdf80000,0x00000007bffa0000,0x00000007c0000000)
  to   space 33280K, 0% used [0x00000007bbf00000,0x00000007bbf00000,0x00000007bdf80000)
 ParOldGen       total 161280K, used 35463K [0x00000006c1800000, 0x00000006cb580000, 0x00000007b9c00000)
  object space 161280K, 21% used [0x00000006c1800000,0x00000006c3aa1e80,0x00000006cb580000)
 Metaspace       used 2707K, capacity 4486K, committed 4864K, reserved 1056768K
  class space    used 302K, capacity 386K, committed 512K, reserved 1048576K
}
{Heap before GC invocations=1228 (full 1):
 PSYoungGen      total 69120K, used 68736K [0x00000007b9c00000, 0x00000007c0000000, 0x00000007c0000000)
  eden space 35840K, 100% used [0x00000007b9c00000,0x00000007bbf00000,0x00000007bbf00000)
  from space 33280K, 98% used [0x00000007bdf80000,0x00000007bffa0000,0x00000007c0000000)
  to   space 33280K, 0% used [0x00000007bbf00000,0x00000007bbf00000,0x00000007bdf80000)
 ParOldGen       total 161280K, used 35463K [0x00000006c1800000, 0x00000006cb580000, 0x00000007b9c00000)
  object space 161280K, 21% used [0x00000006c1800000,0x00000006c3aa1e80,0x00000006cb580000)
 Metaspace       used 2707K, capacity 4486K, committed 4864K, reserved 1056768K
  class space    used 302K, capacity 386K, committed 512K, reserved 1048576K
[GC (Allocation Failure)  104199K->68359K(230400K), 0.0310856 secs]
Heap after GC invocations=1228 (full 1):
 PSYoungGen      total 69120K, used 32896K [0x00000007b9c00000, 0x00000007c0000000, 0x00000007c0000000)
  eden space 35840K, 0% used [0x00000007b9c00000,0x00000007b9c00000,0x00000007bbf00000)
  from space 33280K, 98% used [0x00000007bbf00000,0x00000007bdf20000,0x00000007bdf80000)
  to   space 33280K, 0% used [0x00000007bdf80000,0x00000007bdf80000,0x00000007c0000000)
 ParOldGen       total 161280K, used 35463K [0x00000006c1800000, 0x00000006cb580000, 0x00000007b9c00000)
  object space 161280K, 21% used [0x00000006c1800000,0x00000006c3aa1e80,0x00000006cb580000)
 Metaspace       used 2707K, capacity 4486K, committed 4864K, reserved 1056768K
  class space    used 302K, capacity 386K, committed 512K, reserved 1048576K
}
{Heap before GC invocations=1229 (full 1):
 PSYoungGen      total 69120K, used 68736K [0x00000007b9c00000, 0x00000007c0000000, 0x00000007c0000000)
  eden space 35840K, 100% used [0x00000007b9c00000,0x00000007bbf00000,0x00000007bbf00000)
  from space 33280K, 98% used [0x00000007bbf00000,0x00000007bdf20000,0x00000007bdf80000)
  to   space 33280K, 0% used [0x00000007bdf80000,0x00000007bdf80000,0x00000007c0000000)
 ParOldGen       total 161280K, used 35463K [0x00000006c1800000, 0x00000006cb580000, 0x00000007b9c00000)
  object space 161280K, 21% used [0x00000006c1800000,0x00000006c3aa1e80,0x00000006cb580000)
 Metaspace       used 2707K, capacity 4486K, committed 4864K, reserved 1056768K
  class space    used 302K, capacity 386K, committed 512K, reserved 1048576K
[GC (Allocation Failure)  104199K->68359K(230400K), 0.0312418 secs]
Heap after GC invocations=1229 (full 1):
 PSYoungGen      total 69120K, used 32896K [0x00000007b9c00000, 0x00000007c0000000, 0x00000007c0000000)
  eden space 35840K, 0% used [0x00000007b9c00000,0x00000007b9c00000,0x00000007bbf00000)
  from space 33280K, 98% used [0x00000007bdf80000,0x00000007bffa0000,0x00000007c0000000)
  to   space 33280K, 0% used [0x00000007bbf00000,0x00000007bbf00000,0x00000007bdf80000)
 ParOldGen       total 161280K, used 35463K [0x00000006c1800000, 0x00000006cb580000, 0x00000007b9c00000)
  object space 161280K, 21% used [0x00000006c1800000,0x00000006c3aa1e80,0x00000006cb580000)
 Metaspace       used 2707K, capacity 4486K, committed 4864K, reserved 1056768K
  class space    used 302K, capacity 386K, committed 512K, reserved 1048576K
}
{Heap before GC invocations=1230 (full 1):
 PSYoungGen      total 69120K, used 68736K [0x00000007b9c00000, 0x00000007c0000000, 0x00000007c0000000)
  eden space 35840K, 100% used [0x00000007b9c00000,0x00000007bbf00000,0x00000007bbf00000)
  from space 33280K, 98% used [0x00000007bdf80000,0x00000007bffa0000,0x00000007c0000000)
  to   space 33280K, 0% used [0x00000007bbf00000,0x00000007bbf00000,0x00000007bdf80000)
 ParOldGen       total 161280K, used 35463K [0x00000006c1800000, 0x00000006cb580000, 0x00000007b9c00000)
  object space 161280K, 21% used [0x00000006c1800000,0x00000006c3aa1e80,0x00000006cb580000)
 Metaspace       used 2707K, capacity 4486K, committed 4864K, reserved 1056768K
  class space    used 302K, capacity 386K, committed 512K, reserved 1048576K
[GC (Allocation Failure)  104199K->68359K(230400K), 0.0361083 secs]
Heap after GC invocations=1230 (full 1):
 PSYoungGen      total 69120K, used 32896K [0x00000007b9c00000, 0x00000007c0000000, 0x00000007c0000000)
  eden space 35840K, 0% used [0x00000007b9c00000,0x00000007b9c00000,0x00000007bbf00000)
  from space 33280K, 98% used [0x00000007bbf00000,0x00000007bdf20000,0x00000007bdf80000)
  to   space 33280K, 0% used [0x00000007bdf80000,0x00000007bdf80000,0x00000007c0000000)
 ParOldGen       total 161280K, used 35463K [0x00000006c1800000, 0x00000006cb580000, 0x00000007b9c00000)
  object space 161280K, 21% used [0x00000006c1800000,0x00000006c3aa1e80,0x00000006cb580000)
 Metaspace       used 2707K, capacity 4486K, committed 4864K, reserved 1056768K
  class space    used 302K, capacity 386K, committed 512K, reserved 1048576K
}
{Heap before GC invocations=1231 (full 1):
 PSYoungGen      total 69120K, used 68736K [0x00000007b9c00000, 0x00000007c0000000, 0x00000007c0000000)
  eden space 35840K, 100% used [0x00000007b9c00000,0x00000007bbf00000,0x00000007bbf00000)
  from space 33280K, 98% used [0x00000007bbf00000,0x00000007bdf20000,0x00000007bdf80000)
  to   space 33280K, 0% used [0x00000007bdf80000,0x00000007bdf80000,0x00000007c0000000)
 ParOldGen       total 161280K, used 35463K [0x00000006c1800000, 0x00000006cb580000, 0x00000007b9c00000)
  object space 161280K, 21% used [0x00000006c1800000,0x00000006c3aa1e80,0x00000006cb580000)
 Metaspace       used 2707K, capacity 4486K, committed 4864K, reserved 1056768K
  class space    used 302K, capacity 386K, committed 512K, reserved 1048576K
[GC (Allocation Failure)  104199K->68391K(230400K), 0.0316450 secs]
Heap after GC invocations=1231 (full 1):
 PSYoungGen      total 69120K, used 32928K [0x00000007b9c00000, 0x00000007c0000000, 0x00000007c0000000)
  eden space 35840K, 0% used [0x00000007b9c00000,0x00000007b9c00000,0x00000007bbf00000)
  from space 33280K, 98% used [0x00000007bdf80000,0x00000007bffa8000,0x00000007c0000000)
  to   space 33280K, 0% used [0x00000007bbf00000,0x00000007bbf00000,0x00000007bdf80000)
 ParOldGen       total 161280K, used 35463K [0x00000006c1800000, 0x00000006cb580000, 0x00000007b9c00000)
  object space 161280K, 21% used [0x00000006c1800000,0x00000006c3aa1e80,0x00000006cb580000)
 Metaspace       used 2707K, capacity 4486K, committed 4864K, reserved 1056768K
  class space    used 302K, capacity 386K, committed 512K, reserved 1048576K
}
{Heap before GC invocations=1232 (full 1):
 PSYoungGen      total 69120K, used 68768K [0x00000007b9c00000, 0x00000007c0000000, 0x00000007c0000000)
  eden space 35840K, 100% used [0x00000007b9c00000,0x00000007bbf00000,0x00000007bbf00000)
  from space 33280K, 98% used [0x00000007bdf80000,0x00000007bffa8000,0x00000007c0000000)
  to   space 33280K, 0% used [0x00000007bbf00000,0x00000007bbf00000,0x00000007bdf80000)
 ParOldGen       total 161280K, used 35463K [0x00000006c1800000, 0x00000006cb580000, 0x00000007b9c00000)
  object space 161280K, 21% used [0x00000006c1800000,0x00000006c3aa1e80,0x00000006cb580000)
 Metaspace       used 2707K, capacity 4486K, committed 4864K, reserved 1056768K
  class space    used 302K, capacity 386K, committed 512K, reserved 1048576K
[GC (Allocation Failure)  104231K->68359K(230400K), 0.0313336 secs]
Heap after GC invocations=1232 (full 1):
 PSYoungGen      total 69120K, used 32896K [0x00000007b9c00000, 0x00000007c0000000, 0x00000007c0000000)
  eden space 35840K, 0% used [0x00000007b9c00000,0x00000007b9c00000,0x00000007bbf00000)
  from space 33280K, 98% used [0x00000007bbf00000,0x00000007bdf20000,0x00000007bdf80000)
  to   space 33280K, 0% used [0x00000007bdf80000,0x00000007bdf80000,0x00000007c0000000)
 ParOldGen       total 161280K, used 35463K [0x00000006c1800000, 0x00000006cb580000, 0x00000007b9c00000)
  object space 161280K, 21% used [0x00000006c1800000,0x00000006c3aa1e80,0x00000006cb580000)
 Metaspace       used 2707K, capacity 4486K, committed 4864K, reserved 1056768K
  class space    used 302K, capacity 386K, committed 512K, reserved 1048576K
}
{Heap before GC invocations=1233 (full 1):
 PSYoungGen      total 69120K, used 68736K [0x00000007b9c00000, 0x00000007c0000000, 0x00000007c0000000)
  eden space 35840K, 100% used [0x00000007b9c00000,0x00000007bbf00000,0x00000007bbf00000)
  from space 33280K, 98% used [0x00000007bbf00000,0x00000007bdf20000,0x00000007bdf80000)
  to   space 33280K, 0% used [0x00000007bdf80000,0x00000007bdf80000,0x00000007c0000000)
 ParOldGen       total 161280K, used 35463K [0x00000006c1800000, 0x00000006cb580000, 0x00000007b9c00000)
  object space 161280K, 21% used [0x00000006c1800000,0x00000006c3aa1e80,0x00000006cb580000)
 Metaspace       used 2707K, capacity 4486K, committed 4864K, reserved 1056768K
  class space    used 302K, capacity 386K, committed 512K, reserved 1048576K
[GC (Allocation Failure)  104199K->68391K(230400K), 0.0329719 secs]
Heap after GC invocations=1233 (full 1):
 PSYoungGen      total 69120K, used 32928K [0x00000007b9c00000, 0x00000007c0000000, 0x00000007c0000000)
  eden space 35840K, 0% used [0x00000007b9c00000,0x00000007b9c00000,0x00000007bbf00000)
  from space 33280K, 98% used [0x00000007bdf80000,0x00000007bffa8000,0x00000007c0000000)
  to   space 33280K, 0% used [0x00000007bbf00000,0x00000007bbf00000,0x00000007bdf80000)
 ParOldGen       total 161280K, used 35463K [0x00000006c1800000, 0x00000006cb580000, 0x00000007b9c00000)
  object space 161280K, 21% used [0x00000006c1800000,0x00000006c3aa1e80,0x00000006cb580000)
 Metaspace       used 2707K, capacity 4486K, committed 4864K, reserved 1056768K
  class space    used 302K, capacity 386K, committed 512K, reserved 1048576K
}
{Heap before GC invocations=1234 (full 1):
 PSYoungGen      total 69120K, used 68768K [0x00000007b9c00000, 0x00000007c0000000, 0x00000007c0000000)
  eden space 35840K, 100% used [0x00000007b9c00000,0x00000007bbf00000,0x00000007bbf00000)
  from space 33280K, 98% used [0x00000007bdf80000,0x00000007bffa8000,0x00000007c0000000)
  to   space 33280K, 0% used [0x00000007bbf00000,0x00000007bbf00000,0x00000007bdf80000)
 ParOldGen       total 161280K, used 35463K [0x00000006c1800000, 0x00000006cb580000, 0x00000007b9c00000)
  object space 161280K, 21% used [0x00000006c1800000,0x00000006c3aa1e80,0x00000006cb580000)
 Metaspace       used 2707K, capacity 4486K, committed 4864K, reserved 1056768K
  class space    used 302K, capacity 386K, committed 512K, reserved 1048576K
[GC (Allocation Failure)  104231K->68359K(230400K), 0.0325195 secs]
Heap after GC invocations=1234 (full 1):
 PSYoungGen      total 69120K, used 32896K [0x00000007b9c00000, 0x00000007c0000000, 0x00000007c0000000)
  eden space 35840K, 0% used [0x00000007b9c00000,0x00000007b9c00000,0x00000007bbf00000)
  from space 33280K, 98% used [0x00000007bbf00000,0x00000007bdf20000,0x00000007bdf80000)
  to   space 33280K, 0% used [0x00000007bdf80000,0x00000007bdf80000,0x00000007c0000000)
 ParOldGen       total 161280K, used 35463K [0x00000006c1800000, 0x00000006cb580000, 0x00000007b9c00000)
  object space 161280K, 21% used [0x00000006c1800000,0x00000006c3aa1e80,0x00000006cb580000)
 Metaspace       used 2707K, capacity 4486K, committed 4864K, reserved 1056768K
  class space    used 302K, capacity 386K, committed 512K, reserved 1048576K
}
{Heap before GC invocations=1235 (full 1):
 PSYoungGen      total 69120K, used 68736K [0x00000007b9c00000, 0x00000007c0000000, 0x00000007c0000000)
  eden space 35840K, 100% used [0x00000007b9c00000,0x00000007bbf00000,0x00000007bbf00000)
  from space 33280K, 98% used [0x00000007bbf00000,0x00000007bdf20000,0x00000007bdf80000)
  to   space 33280K, 0% used [0x00000007bdf80000,0x00000007bdf80000,0x00000007c0000000)
 ParOldGen       total 161280K, used 35463K [0x00000006c1800000, 0x00000006cb580000, 0x00000007b9c00000)
  object space 161280K, 21% used [0x00000006c1800000,0x00000006c3aa1e80,0x00000006cb580000)
 Metaspace       used 2707K, capacity 4486K, committed 4864K, reserved 1056768K
  class space    used 302K, capacity 386K, committed 512K, reserved 1048576K
[GC (Allocation Failure)  104199K->68359K(230400K), 0.0323687 secs]
Heap after GC invocations=1235 (full 1):
 PSYoungGen      total 69120K, used 32896K [0x00000007b9c00000, 0x00000007c0000000, 0x00000007c0000000)
  eden space 35840K, 0% used [0x00000007b9c00000,0x00000007b9c00000,0x00000007bbf00000)
  from space 33280K, 98% used [0x00000007bdf80000,0x00000007bffa0000,0x00000007c0000000)
  to   space 33280K, 0% used [0x00000007bbf00000,0x00000007bbf00000,0x00000007bdf80000)
 ParOldGen       total 161280K, used 35463K [0x00000006c1800000, 0x00000006cb580000, 0x00000007b9c00000)
  object space 161280K, 21% used [0x00000006c1800000,0x00000006c3aa1e80,0x00000006cb580000)
 Metaspace       used 2707K, capacity 4486K, committed 4864K, reserved 1056768K
  class space    used 302K, capacity 386K, committed 512K, reserved 1048576K
}
{Heap before GC invocations=1236 (full 1):
 PSYoungGen      total 69120K, used 68736K [0x00000007b9c00000, 0x00000007c0000000, 0x00000007c0000000)
  eden space 35840K, 100% used [0x00000007b9c00000,0x00000007bbf00000,0x00000007bbf00000)
  from space 33280K, 98% used [0x00000007bdf80000,0x00000007bffa0000,0x00000007c0000000)
  to   space 33280K, 0% used [0x00000007bbf00000,0x00000007bbf00000,0x00000007bdf80000)
 ParOldGen       total 161280K, used 35463K [0x00000006c1800000, 0x00000006cb580000, 0x00000007b9c00000)
  object space 161280K, 21% used [0x00000006c1800000,0x00000006c3aa1e80,0x00000006cb580000)
 Metaspace       used 2707K, capacity 4486K, committed 4864K, reserved 1056768K
  class space    used 302K, capacity 386K, committed 512K, reserved 1048576K
[GC (Allocation Failure)  104199K->68359K(230400K), 0.0326606 secs]
Heap after GC invocations=1236 (full 1):
 PSYoungGen      total 69120K, used 32896K [0x00000007b9c00000, 0x00000007c0000000, 0x00000007c0000000)
  eden space 35840K, 0% used [0x00000007b9c00000,0x00000007b9c00000,0x00000007bbf00000)
  from space 33280K, 98% used [0x00000007bbf00000,0x00000007bdf20000,0x00000007bdf80000)
  to   space 33280K, 0% used [0x00000007bdf80000,0x00000007bdf80000,0x00000007c0000000)
 ParOldGen       total 161280K, used 35463K [0x00000006c1800000, 0x00000006cb580000, 0x00000007b9c00000)
  object space 161280K, 21% used [0x00000006c1800000,0x00000006c3aa1e80,0x00000006cb580000)
 Metaspace       used 2707K, capacity 4486K, committed 4864K, reserved 1056768K
  class space    used 302K, capacity 386K, committed 512K, reserved 1048576K
}
{Heap before GC invocations=1237 (full 1):
 PSYoungGen      total 69120K, used 68736K [0x00000007b9c00000, 0x00000007c0000000, 0x00000007c0000000)
  eden space 35840K, 100% used [0x00000007b9c00000,0x00000007bbf00000,0x00000007bbf00000)
  from space 33280K, 98% used [0x00000007bbf00000,0x00000007bdf20000,0x00000007bdf80000)
  to   space 33280K, 0% used [0x00000007bdf80000,0x00000007bdf80000,0x00000007c0000000)
 ParOldGen       total 161280K, used 35463K [0x00000006c1800000, 0x00000006cb580000, 0x00000007b9c00000)
  object space 161280K, 21% used [0x00000006c1800000,0x00000006c3aa1e80,0x00000006cb580000)
 Metaspace       used 2707K, capacity 4486K, committed 4864K, reserved 1056768K
  class space    used 302K, capacity 386K, committed 512K, reserved 1048576K
[GC (Allocation Failure)  104199K->68359K(230400K), 0.0298691 secs]
Heap after GC invocations=1237 (full 1):
 PSYoungGen      total 69120K, used 32896K [0x00000007b9c00000, 0x00000007c0000000, 0x00000007c0000000)
  eden space 35840K, 0% used [0x00000007b9c00000,0x00000007b9c00000,0x00000007bbf00000)
  from space 33280K, 98% used [0x00000007bdf80000,0x00000007bffa0000,0x00000007c0000000)
  to   space 33280K, 0% used [0x00000007bbf00000,0x00000007bbf00000,0x00000007bdf80000)
 ParOldGen       total 161280K, used 35463K [0x00000006c1800000, 0x00000006cb580000, 0x00000007b9c00000)
  object space 161280K, 21% used [0x00000006c1800000,0x00000006c3aa1e80,0x00000006cb580000)
 Metaspace       used 2707K, capacity 4486K, committed 4864K, reserved 1056768K
  class space    used 302K, capacity 386K, committed 512K, reserved 1048576K
}
{Heap before GC invocations=1238 (full 1):
 PSYoungGen      total 69120K, used 68736K [0x00000007b9c00000, 0x00000007c0000000, 0x00000007c0000000)
  eden space 35840K, 100% used [0x00000007b9c00000,0x00000007bbf00000,0x00000007bbf00000)
  from space 33280K, 98% used [0x00000007bdf80000,0x00000007bffa0000,0x00000007c0000000)
  to   space 33280K, 0% used [0x00000007bbf00000,0x00000007bbf00000,0x00000007bdf80000)
 ParOldGen       total 161280K, used 35463K [0x00000006c1800000, 0x00000006cb580000, 0x00000007b9c00000)
  object space 161280K, 21% used [0x00000006c1800000,0x00000006c3aa1e80,0x00000006cb580000)
 Metaspace       used 2707K, capacity 4486K, committed 4864K, reserved 1056768K
  class space    used 302K, capacity 386K, committed 512K, reserved 1048576K
[GC (Allocation Failure)  104199K->68391K(230400K), 0.0324926 secs]
Heap after GC invocations=1238 (full 1):
 PSYoungGen      total 69120K, used 32928K [0x00000007b9c00000, 0x00000007c0000000, 0x00000007c0000000)
  eden space 35840K, 0% used [0x00000007b9c00000,0x00000007b9c00000,0x00000007bbf00000)
  from space 33280K, 98% used [0x00000007bbf00000,0x00000007bdf28000,0x00000007bdf80000)
  to   space 33280K, 0% used [0x00000007bdf80000,0x00000007bdf80000,0x00000007c0000000)
 ParOldGen       total 161280K, used 35463K [0x00000006c1800000, 0x00000006cb580000, 0x00000007b9c00000)
  object space 161280K, 21% used [0x00000006c1800000,0x00000006c3aa1e80,0x00000006cb580000)
 Metaspace       used 2707K, capacity 4486K, committed 4864K, reserved 1056768K
  class space    used 302K, capacity 386K, committed 512K, reserved 1048576K
}
{Heap before GC invocations=1239 (full 1):
 PSYoungGen      total 69120K, used 68768K [0x00000007b9c00000, 0x00000007c0000000, 0x00000007c0000000)
  eden space 35840K, 100% used [0x00000007b9c00000,0x00000007bbf00000,0x00000007bbf00000)
  from space 33280K, 98% used [0x00000007bbf00000,0x00000007bdf28000,0x00000007bdf80000)
  to   space 33280K, 0% used [0x00000007bdf80000,0x00000007bdf80000,0x00000007c0000000)
 ParOldGen       total 161280K, used 35463K [0x00000006c1800000, 0x00000006cb580000, 0x00000007b9c00000)
  object space 161280K, 21% used [0x00000006c1800000,0x00000006c3aa1e80,0x00000006cb580000)
 Metaspace       used 2707K, capacity 4486K, committed 4864K, reserved 1056768K
  class space    used 302K, capacity 386K, committed 512K, reserved 1048576K
[GC (Allocation Failure)  104231K->68359K(230400K), 0.0351404 secs]
Heap after GC invocations=1239 (full 1):
 PSYoungGen      total 69120K, used 32896K [0x00000007b9c00000, 0x00000007c0000000, 0x00000007c0000000)
  eden space 35840K, 0% used [0x00000007b9c00000,0x00000007b9c00000,0x00000007bbf00000)
  from space 33280K, 98% used [0x00000007bdf80000,0x00000007bffa0000,0x00000007c0000000)
  to   space 33280K, 0% used [0x00000007bbf00000,0x00000007bbf00000,0x00000007bdf80000)
 ParOldGen       total 161280K, used 35463K [0x00000006c1800000, 0x00000006cb580000, 0x00000007b9c00000)
  object space 161280K, 21% used [0x00000006c1800000,0x00000006c3aa1e80,0x00000006cb580000)
 Metaspace       used 2707K, capacity 4486K, committed 4864K, reserved 1056768K
  class space    used 302K, capacity 386K, committed 512K, reserved 1048576K
}
{Heap before GC invocations=1240 (full 1):
 PSYoungGen      total 69120K, used 68736K [0x00000007b9c00000, 0x00000007c0000000, 0x00000007c0000000)
  eden space 35840K, 100% used [0x00000007b9c00000,0x00000007bbf00000,0x00000007bbf00000)
  from space 33280K, 98% used [0x00000007bdf80000,0x00000007bffa0000,0x00000007c0000000)
  to   space 33280K, 0% used [0x00000007bbf00000,0x00000007bbf00000,0x00000007bdf80000)
 ParOldGen       total 161280K, used 35463K [0x00000006c1800000, 0x00000006cb580000, 0x00000007b9c00000)
  object space 161280K, 21% used [0x00000006c1800000,0x00000006c3aa1e80,0x00000006cb580000)
 Metaspace       used 2707K, capacity 4486K, committed 4864K, reserved 1056768K
  class space    used 302K, capacity 386K, committed 512K, reserved 1048576K
[GC (Allocation Failure)  104199K->68327K(230400K), 0.0329429 secs]
Heap after GC invocations=1240 (full 1):
 PSYoungGen      total 69120K, used 32864K [0x00000007b9c00000, 0x00000007c0000000, 0x00000007c0000000)
  eden space 35840K, 0% used [0x00000007b9c00000,0x00000007b9c00000,0x00000007bbf00000)
  from space 33280K, 98% used [0x00000007bbf00000,0x00000007bdf18000,0x00000007bdf80000)
  to   space 33280K, 0% used [0x00000007bdf80000,0x00000007bdf80000,0x00000007c0000000)
 ParOldGen       total 161280K, used 35463K [0x00000006c1800000, 0x00000006cb580000, 0x00000007b9c00000)
  object space 161280K, 21% used [0x00000006c1800000,0x00000006c3aa1e80,0x00000006cb580000)
 Metaspace       used 2707K, capacity 4486K, committed 4864K, reserved 1056768K
  class space    used 302K, capacity 386K, committed 512K, reserved 1048576K
}
{Heap before GC invocations=1241 (full 1):
 PSYoungGen      total 69120K, used 68704K [0x00000007b9c00000, 0x00000007c0000000, 0x00000007c0000000)
  eden space 35840K, 100% used [0x00000007b9c00000,0x00000007bbf00000,0x00000007bbf00000)
  from space 33280K, 98% used [0x00000007bbf00000,0x00000007bdf18000,0x00000007bdf80000)
  to   space 33280K, 0% used [0x00000007bdf80000,0x00000007bdf80000,0x00000007c0000000)
 ParOldGen       total 161280K, used 35463K [0x00000006c1800000, 0x00000006cb580000, 0x00000007b9c00000)
  object space 161280K, 21% used [0x00000006c1800000,0x00000006c3aa1e80,0x00000006cb580000)
 Metaspace       used 2707K, capacity 4486K, committed 4864K, reserved 1056768K
  class space    used 302K, capacity 386K, committed 512K, reserved 1048576K
[GC (Allocation Failure)  104167K->68359K(230400K), 0.0321546 secs]
Heap after GC invocations=1241 (full 1):
 PSYoungGen      total 69120K, used 32896K [0x00000007b9c00000, 0x00000007c0000000, 0x00000007c0000000)
  eden space 35840K, 0% used [0x00000007b9c00000,0x00000007b9c00000,0x00000007bbf00000)
  from space 33280K, 98% used [0x00000007bdf80000,0x00000007bffa0000,0x00000007c0000000)
  to   space 33280K, 0% used [0x00000007bbf00000,0x00000007bbf00000,0x00000007bdf80000)
 ParOldGen       total 161280K, used 35463K [0x00000006c1800000, 0x00000006cb580000, 0x00000007b9c00000)
  object space 161280K, 21% used [0x00000006c1800000,0x00000006c3aa1e80,0x00000006cb580000)
 Metaspace       used 2707K, capacity 4486K, committed 4864K, reserved 1056768K
  class space    used 302K, capacity 386K, committed 512K, reserved 1048576K
}
{Heap before GC invocations=1242 (full 1):
 PSYoungGen      total 69120K, used 68736K [0x00000007b9c00000, 0x00000007c0000000, 0x00000007c0000000)
  eden space 35840K, 100% used [0x00000007b9c00000,0x00000007bbf00000,0x00000007bbf00000)
  from space 33280K, 98% used [0x00000007bdf80000,0x00000007bffa0000,0x00000007c0000000)
  to   space 33280K, 0% used [0x00000007bbf00000,0x00000007bbf00000,0x00000007bdf80000)
 ParOldGen       total 161280K, used 35463K [0x00000006c1800000, 0x00000006cb580000, 0x00000007b9c00000)
  object space 161280K, 21% used [0x00000006c1800000,0x00000006c3aa1e80,0x00000006cb580000)
 Metaspace       used 2707K, capacity 4486K, committed 4864K, reserved 1056768K
  class space    used 302K, capacity 386K, committed 512K, reserved 1048576K
[GC (Allocation Failure)  104199K->68359K(230400K), 0.0319846 secs]
Heap after GC invocations=1242 (full 1):
 PSYoungGen      total 69120K, used 32896K [0x00000007b9c00000, 0x00000007c0000000, 0x00000007c0000000)
  eden space 35840K, 0% used [0x00000007b9c00000,0x00000007b9c00000,0x00000007bbf00000)
  from space 33280K, 98% used [0x00000007bbf00000,0x00000007bdf20000,0x00000007bdf80000)
  to   space 33280K, 0% used [0x00000007bdf80000,0x00000007bdf80000,0x00000007c0000000)
 ParOldGen       total 161280K, used 35463K [0x00000006c1800000, 0x00000006cb580000, 0x00000007b9c00000)
  object space 161280K, 21% used [0x00000006c1800000,0x00000006c3aa1e80,0x00000006cb580000)
 Metaspace       used 2707K, capacity 4486K, committed 4864K, reserved 1056768K
  class space    used 302K, capacity 386K, committed 512K, reserved 1048576K
}
{Heap before GC invocations=1243 (full 1):
 PSYoungGen      total 69120K, used 68736K [0x00000007b9c00000, 0x00000007c0000000, 0x00000007c0000000)
  eden space 35840K, 100% used [0x00000007b9c00000,0x00000007bbf00000,0x00000007bbf00000)
  from space 33280K, 98% used [0x00000007bbf00000,0x00000007bdf20000,0x00000007bdf80000)
  to   space 33280K, 0% used [0x00000007bdf80000,0x00000007bdf80000,0x00000007c0000000)
 ParOldGen       total 161280K, used 35463K [0x00000006c1800000, 0x00000006cb580000, 0x00000007b9c00000)
  object space 161280K, 21% used [0x00000006c1800000,0x00000006c3aa1e80,0x00000006cb580000)
 Metaspace       used 2707K, capacity 4486K, committed 4864K, reserved 1056768K
  class space    used 302K, capacity 386K, committed 512K, reserved 1048576K
[GC (Allocation Failure)  104199K->68327K(230400K), 0.0322571 secs]
Heap after GC invocations=1243 (full 1):
 PSYoungGen      total 69120K, used 32864K [0x00000007b9c00000, 0x00000007c0000000, 0x00000007c0000000)
  eden space 35840K, 0% used [0x00000007b9c00000,0x00000007b9c00000,0x00000007bbf00000)
  from space 33280K, 98% used [0x00000007bdf80000,0x00000007bff98000,0x00000007c0000000)
  to   space 33280K, 0% used [0x00000007bbf00000,0x00000007bbf00000,0x00000007bdf80000)
 ParOldGen       total 161280K, used 35463K [0x00000006c1800000, 0x00000006cb580000, 0x00000007b9c00000)
  object space 161280K, 21% used [0x00000006c1800000,0x00000006c3aa1e80,0x00000006cb580000)
 Metaspace       used 2707K, capacity 4486K, committed 4864K, reserved 1056768K
  class space    used 302K, capacity 386K, committed 512K, reserved 1048576K
}
{Heap before GC invocations=1244 (full 1):
 PSYoungGen      total 69120K, used 68704K [0x00000007b9c00000, 0x00000007c0000000, 0x00000007c0000000)
  eden space 35840K, 100% used [0x00000007b9c00000,0x00000007bbf00000,0x00000007bbf00000)
  from space 33280K, 98% used [0x00000007bdf80000,0x00000007bff98000,0x00000007c0000000)
  to   space 33280K, 0% used [0x00000007bbf00000,0x00000007bbf00000,0x00000007bdf80000)
 ParOldGen       total 161280K, used 35463K [0x00000006c1800000, 0x00000006cb580000, 0x00000007b9c00000)
  object space 161280K, 21% used [0x00000006c1800000,0x00000006c3aa1e80,0x00000006cb580000)
 Metaspace       used 2707K, capacity 4486K, committed 4864K, reserved 1056768K
  class space    used 302K, capacity 386K, committed 512K, reserved 1048576K
[GC (Allocation Failure)  104167K->68359K(230400K), 0.0319538 secs]
Heap after GC invocations=1244 (full 1):
 PSYoungGen      total 69120K, used 32896K [0x00000007b9c00000, 0x00000007c0000000, 0x00000007c0000000)
  eden space 35840K, 0% used [0x00000007b9c00000,0x00000007b9c00000,0x00000007bbf00000)
  from space 33280K, 98% used [0x00000007bbf00000,0x00000007bdf20000,0x00000007bdf80000)
  to   space 33280K, 0% used [0x00000007bdf80000,0x00000007bdf80000,0x00000007c0000000)
 ParOldGen       total 161280K, used 35463K [0x00000006c1800000, 0x00000006cb580000, 0x00000007b9c00000)
  object space 161280K, 21% used [0x00000006c1800000,0x00000006c3aa1e80,0x00000006cb580000)
 Metaspace       used 2707K, capacity 4486K, committed 4864K, reserved 1056768K
  class space    used 302K, capacity 386K, committed 512K, reserved 1048576K
}
{Heap before GC invocations=1245 (full 1):
 PSYoungGen      total 69120K, used 68736K [0x00000007b9c00000, 0x00000007c0000000, 0x00000007c0000000)
  eden space 35840K, 100% used [0x00000007b9c00000,0x00000007bbf00000,0x00000007bbf00000)
  from space 33280K, 98% used [0x00000007bbf00000,0x00000007bdf20000,0x00000007bdf80000)
  to   space 33280K, 0% used [0x00000007bdf80000,0x00000007bdf80000,0x00000007c0000000)
 ParOldGen       total 161280K, used 35463K [0x00000006c1800000, 0x00000006cb580000, 0x00000007b9c00000)
  object space 161280K, 21% used [0x00000006c1800000,0x00000006c3aa1e80,0x00000006cb580000)
 Metaspace       used 2707K, capacity 4486K, committed 4864K, reserved 1056768K
  class space    used 302K, capacity 386K, committed 512K, reserved 1048576K
[GC (Allocation Failure)  104199K->68327K(230400K), 0.0313785 secs]
Heap after GC invocations=1245 (full 1):
 PSYoungGen      total 69120K, used 32864K [0x00000007b9c00000, 0x00000007c0000000, 0x00000007c0000000)
  eden space 35840K, 0% used [0x00000007b9c00000,0x00000007b9c00000,0x00000007bbf00000)
  from space 33280K, 98% used [0x00000007bdf80000,0x00000007bff98000,0x00000007c0000000)
  to   space 33280K, 0% used [0x00000007bbf00000,0x00000007bbf00000,0x00000007bdf80000)
 ParOldGen       total 161280K, used 35463K [0x00000006c1800000, 0x00000006cb580000, 0x00000007b9c00000)
  object space 161280K, 21% used [0x00000006c1800000,0x00000006c3aa1e80,0x00000006cb580000)
 Metaspace       used 2707K, capacity 4486K, committed 4864K, reserved 1056768K
  class space    used 302K, capacity 386K, committed 512K, reserved 1048576K
}
{Heap before GC invocations=1246 (full 1):
 PSYoungGen      total 69120K, used 68704K [0x00000007b9c00000, 0x00000007c0000000, 0x00000007c0000000)
  eden space 35840K, 100% used [0x00000007b9c00000,0x00000007bbf00000,0x00000007bbf00000)
  from space 33280K, 98% used [0x00000007bdf80000,0x00000007bff98000,0x00000007c0000000)
  to   space 33280K, 0% used [0x00000007bbf00000,0x00000007bbf00000,0x00000007bdf80000)
 ParOldGen       total 161280K, used 35463K [0x00000006c1800000, 0x00000006cb580000, 0x00000007b9c00000)
  object space 161280K, 21% used [0x00000006c1800000,0x00000006c3aa1e80,0x00000006cb580000)
 Metaspace       used 2707K, capacity 4486K, committed 4864K, reserved 1056768K
  class space    used 302K, capacity 386K, committed 512K, reserved 1048576K
[GC (Allocation Failure)  104167K->68359K(230400K), 0.0295675 secs]
Heap after GC invocations=1246 (full 1):
 PSYoungGen      total 69120K, used 32896K [0x00000007b9c00000, 0x00000007c0000000, 0x00000007c0000000)
  eden space 35840K, 0% used [0x00000007b9c00000,0x00000007b9c00000,0x00000007bbf00000)
  from space 33280K, 98% used [0x00000007bbf00000,0x00000007bdf20000,0x00000007bdf80000)
  to   space 33280K, 0% used [0x00000007bdf80000,0x00000007bdf80000,0x00000007c0000000)
 ParOldGen       total 161280K, used 35463K [0x00000006c1800000, 0x00000006cb580000, 0x00000007b9c00000)
  object space 161280K, 21% used [0x00000006c1800000,0x00000006c3aa1e80,0x00000006cb580000)
 Metaspace       used 2707K, capacity 4486K, committed 4864K, reserved 1056768K
  class space    used 302K, capacity 386K, committed 512K, reserved 1048576K
}
{Heap before GC invocations=1247 (full 1):
 PSYoungGen      total 69120K, used 68736K [0x00000007b9c00000, 0x00000007c0000000, 0x00000007c0000000)
  eden space 35840K, 100% used [0x00000007b9c00000,0x00000007bbf00000,0x00000007bbf00000)
  from space 33280K, 98% used [0x00000007bbf00000,0x00000007bdf20000,0x00000007bdf80000)
  to   space 33280K, 0% used [0x00000007bdf80000,0x00000007bdf80000,0x00000007c0000000)
 ParOldGen       total 161280K, used 35463K [0x00000006c1800000, 0x00000006cb580000, 0x00000007b9c00000)
  object space 161280K, 21% used [0x00000006c1800000,0x00000006c3aa1e80,0x00000006cb580000)
 Metaspace       used 2707K, capacity 4486K, committed 4864K, reserved 1056768K
  class space    used 302K, capacity 386K, committed 512K, reserved 1048576K
[GC (Allocation Failure)  104199K->68359K(230400K), 0.0306610 secs]
Heap after GC invocations=1247 (full 1):
 PSYoungGen      total 69120K, used 32896K [0x00000007b9c00000, 0x00000007c0000000, 0x00000007c0000000)
  eden space 35840K, 0% used [0x00000007b9c00000,0x00000007b9c00000,0x00000007bbf00000)
  from space 33280K, 98% used [0x00000007bdf80000,0x00000007bffa0000,0x00000007c0000000)
  to   space 33280K, 0% used [0x00000007bbf00000,0x00000007bbf00000,0x00000007bdf80000)
 ParOldGen       total 161280K, used 35463K [0x00000006c1800000, 0x00000006cb580000, 0x00000007b9c00000)
  object space 161280K, 21% used [0x00000006c1800000,0x00000006c3aa1e80,0x00000006cb580000)
 Metaspace       used 2707K, capacity 4486K, committed 4864K, reserved 1056768K
  class space    used 302K, capacity 386K, committed 512K, reserved 1048576K
}
{Heap before GC invocations=1248 (full 1):
 PSYoungGen      total 69120K, used 68736K [0x00000007b9c00000, 0x00000007c0000000, 0x00000007c0000000)
  eden space 35840K, 100% used [0x00000007b9c00000,0x00000007bbf00000,0x00000007bbf00000)
  from space 33280K, 98% used [0x00000007bdf80000,0x00000007bffa0000,0x00000007c0000000)
  to   space 33280K, 0% used [0x00000007bbf00000,0x00000007bbf00000,0x00000007bdf80000)
 ParOldGen       total 161280K, used 35463K [0x00000006c1800000, 0x00000006cb580000, 0x00000007b9c00000)
  object space 161280K, 21% used [0x00000006c1800000,0x00000006c3aa1e80,0x00000006cb580000)
 Metaspace       used 2707K, capacity 4486K, committed 4864K, reserved 1056768K
  class space    used 302K, capacity 386K, committed 512K, reserved 1048576K
[GC (Allocation Failure)  104199K->68359K(230400K), 0.0307972 secs]
Heap after GC invocations=1248 (full 1):
 PSYoungGen      total 69120K, used 32896K [0x00000007b9c00000, 0x00000007c0000000, 0x00000007c0000000)
  eden space 35840K, 0% used [0x00000007b9c00000,0x00000007b9c00000,0x00000007bbf00000)
  from space 33280K, 98% used [0x00000007bbf00000,0x00000007bdf20000,0x00000007bdf80000)
  to   space 33280K, 0% used [0x00000007bdf80000,0x00000007bdf80000,0x00000007c0000000)
 ParOldGen       total 161280K, used 35463K [0x00000006c1800000, 0x00000006cb580000, 0x00000007b9c00000)
  object space 161280K, 21% used [0x00000006c1800000,0x00000006c3aa1e80,0x00000006cb580000)
 Metaspace       used 2707K, capacity 4486K, committed 4864K, reserved 1056768K
  class space    used 302K, capacity 386K, committed 512K, reserved 1048576K
}
{Heap before GC invocations=1249 (full 1):
 PSYoungGen      total 69120K, used 68736K [0x00000007b9c00000, 0x00000007c0000000, 0x00000007c0000000)
  eden space 35840K, 100% used [0x00000007b9c00000,0x00000007bbf00000,0x00000007bbf00000)
  from space 33280K, 98% used [0x00000007bbf00000,0x00000007bdf20000,0x00000007bdf80000)
  to   space 33280K, 0% used [0x00000007bdf80000,0x00000007bdf80000,0x00000007c0000000)
 ParOldGen       total 161280K, used 35463K [0x00000006c1800000, 0x00000006cb580000, 0x00000007b9c00000)
  object space 161280K, 21% used [0x00000006c1800000,0x00000006c3aa1e80,0x00000006cb580000)
 Metaspace       used 2707K, capacity 4486K, committed 4864K, reserved 1056768K
  class space    used 302K, capacity 386K, committed 512K, reserved 1048576K
[GC (Allocation Failure)  104199K->68327K(230400K), 0.0325355 secs]
Heap after GC invocations=1249 (full 1):
 PSYoungGen      total 69120K, used 32864K [0x00000007b9c00000, 0x00000007c0000000, 0x00000007c0000000)
  eden space 35840K, 0% used [0x00000007b9c00000,0x00000007b9c00000,0x00000007bbf00000)
  from space 33280K, 98% used [0x00000007bdf80000,0x00000007bff98000,0x00000007c0000000)
  to   space 33280K, 0% used [0x00000007bbf00000,0x00000007bbf00000,0x00000007bdf80000)
 ParOldGen       total 161280K, used 35463K [0x00000006c1800000, 0x00000006cb580000, 0x00000007b9c00000)
  object space 161280K, 21% used [0x00000006c1800000,0x00000006c3aa1e80,0x00000006cb580000)
 Metaspace       used 2707K, capacity 4486K, committed 4864K, reserved 1056768K
  class space    used 302K, capacity 386K, committed 512K, reserved 1048576K
}
{Heap before GC invocations=1250 (full 1):
 PSYoungGen      total 69120K, used 68704K [0x00000007b9c00000, 0x00000007c0000000, 0x00000007c0000000)
  eden space 35840K, 100% used [0x00000007b9c00000,0x00000007bbf00000,0x00000007bbf00000)
  from space 33280K, 98% used [0x00000007bdf80000,0x00000007bff98000,0x00000007c0000000)
  to   space 33280K, 0% used [0x00000007bbf00000,0x00000007bbf00000,0x00000007bdf80000)
 ParOldGen       total 161280K, used 35463K [0x00000006c1800000, 0x00000006cb580000, 0x00000007b9c00000)
  object space 161280K, 21% used [0x00000006c1800000,0x00000006c3aa1e80,0x00000006cb580000)
 Metaspace       used 2707K, capacity 4486K, committed 4864K, reserved 1056768K
  class space    used 302K, capacity 386K, committed 512K, reserved 1048576K
[GC (Allocation Failure)  104167K->68359K(230400K), 0.0324692 secs]
Heap after GC invocations=1250 (full 1):
 PSYoungGen      total 69120K, used 32896K [0x00000007b9c00000, 0x00000007c0000000, 0x00000007c0000000)
  eden space 35840K, 0% used [0x00000007b9c00000,0x00000007b9c00000,0x00000007bbf00000)
  from space 33280K, 98% used [0x00000007bbf00000,0x00000007bdf20000,0x00000007bdf80000)
  to   space 33280K, 0% used [0x00000007bdf80000,0x00000007bdf80000,0x00000007c0000000)
