{Heap before GC invocations=1 (full 0):
 PSYoungGen      total 89600K, used 76800K [0x00000007b9c00000, 0x00000007c0000000, 0x00000007c0000000)
  eden space 76800K, 100% used [0x00000007b9c00000,0x00000007be700000,0x00000007be700000)
  from space 12800K, 0% used [0x00000007bf380000,0x00000007bf380000,0x00000007c0000000)
  to   space 12800K, 0% used [0x00000007be700000,0x00000007be700000,0x00000007bf380000)
 ParOldGen       total 159744K, used 0K [0x00000006c1800000, 0x00000006cb400000, 0x00000007b9c00000)
  object space 159744K, 0% used [0x00000006c1800000,0x00000006c1800000,0x00000006cb400000)
 Metaspace       used 2707K, capacity 4486K, committed 4864K, reserved 1056768K
  class space    used 302K, capacity 386K, committed 512K, reserved 1048576K
Heap after GC invocations=1 (full 0):
 PSYoungGen      total 89600K, used 12784K [0x00000007b9c00000, 0x00000007c0000000, 0x00000007c0000000)
  eden space 76800K, 0% used [0x00000007b9c00000,0x00000007b9c00000,0x00000007be700000)
  from space 12800K, 99% used [0x00000007be700000,0x00000007bf37c050,0x00000007bf380000)
  to   space 12800K, 0% used [0x00000007bf380000,0x00000007bf380000,0x00000007c0000000)
 ParOldGen       total 159744K, used 22904K [0x00000006c1800000, 0x00000006cb400000, 0x00000007b9c00000)
  object space 159744K, 14% used [0x00000006c1800000,0x00000006c2e5e000,0x00000006cb400000)
 Metaspace       used 2707K, capacity 4486K, committed 4864K, reserved 1056768K
  class space    used 302K, capacity 386K, committed 512K, reserved 1048576K
}
{Heap before GC invocations=2 (full 0):
 PSYoungGen      total 89600K, used 89584K [0x00000007b9c00000, 0x00000007c0000000, 0x00000007c0000000)
  eden space 76800K, 100% used [0x00000007b9c00000,0x00000007be700000,0x00000007be700000)
  from space 12800K, 99% used [0x00000007be700000,0x00000007bf37c050,0x00000007bf380000)
  to   space 12800K, 0% used [0x00000007bf380000,0x00000007bf380000,0x00000007c0000000)
 ParOldGen       total 159744K, used 22904K [0x00000006c1800000, 0x00000006cb400000, 0x00000007b9c00000)
  object space 159744K, 14% used [0x00000006c1800000,0x00000006c2e5e000,0x00000006cb400000)
 Metaspace       used 2707K, capacity 4486K, committed 4864K, reserved 1056768K
  class space    used 302K, capacity 386K, committed 512K, reserved 1048576K
Heap after GC invocations=2 (full 0):
 PSYoungGen      total 89600K, used 12784K [0x00000007b9c00000, 0x00000007c0000000, 0x00000007c0000000)
  eden space 76800K, 0% used [0x00000007b9c00000,0x00000007b9c00000,0x00000007be700000)
  from space 12800K, 99% used [0x00000007bf380000,0x00000007bfffc050,0x00000007c0000000)
  to   space 12800K, 0% used [0x00000007be700000,0x00000007be700000,0x00000007bf380000)
 ParOldGen       total 159744K, used 45800K [0x00000006c1800000, 0x00000006cb400000, 0x00000007b9c00000)
  object space 159744K, 28% used [0x00000006c1800000,0x00000006c44ba000,0x00000006cb400000)
 Metaspace       used 2707K, capacity 4486K, committed 4864K, reserved 1056768K
  class space    used 302K, capacity 386K, committed 512K, reserved 1048576K
}
{Heap before GC invocations=3 (full 0):
 PSYoungGen      total 89600K, used 89584K [0x00000007b9c00000, 0x00000007c0000000, 0x00000007c0000000)
  eden space 76800K, 100% used [0x00000007b9c00000,0x00000007be700000,0x00000007be700000)
  from space 12800K, 99% used [0x00000007bf380000,0x00000007bfffc050,0x00000007c0000000)
  to   space 12800K, 0% used [0x00000007be700000,0x00000007be700000,0x00000007bf380000)
 ParOldGen       total 159744K, used 45800K [0x00000006c1800000, 0x00000006cb400000, 0x00000007b9c00000)
  object space 159744K, 28% used [0x00000006c1800000,0x00000006c44ba000,0x00000006cb400000)
 Metaspace       used 2707K, capacity 4486K, committed 4864K, reserved 1056768K
  class space    used 302K, capacity 386K, committed 512K, reserved 1048576K
Heap after GC invocations=3 (full 0):
 PSYoungGen      total 89600K, used 12768K [0x00000007b9c00000, 0x00000007c0000000, 0x00000007c0000000)
  eden space 76800K, 0% used [0x00000007b9c00000,0x00000007b9c00000,0x00000007be700000)
  from space 12800K, 99% used [0x00000007be700000,0x00000007bf378040,0x00000007bf380000)
  to   space 12800K, 0% used [0x00000007bf380000,0x00000007bf380000,0x00000007c0000000)
 ParOldGen       total 159744K, used 68712K [0x00000006c1800000, 0x00000006cb400000, 0x00000007b9c00000)
  object space 159744K, 43% used [0x00000006c1800000,0x00000006c5b1a000,0x00000006cb400000)
 Metaspace       used 2707K, capacity 4486K, committed 4864K, reserved 1056768K
  class space    used 302K, capacity 386K, committed 512K, reserved 1048576K
}
{Heap before GC invocations=4 (full 0):
 PSYoungGen      total 89600K, used 89568K [0x00000007b9c00000, 0x00000007c0000000, 0x00000007c0000000)
  eden space 76800K, 100% used [0x00000007b9c00000,0x00000007be700000,0x00000007be700000)
  from space 12800K, 99% used [0x00000007be700000,0x00000007bf378040,0x00000007bf380000)
  to   space 12800K, 0% used [0x00000007bf380000,0x00000007bf380000,0x00000007c0000000)
 ParOldGen       total 159744K, used 68712K [0x00000006c1800000, 0x00000006cb400000, 0x00000007b9c00000)
  object space 159744K, 43% used [0x00000006c1800000,0x00000006c5b1a000,0x00000006cb400000)
 Metaspace       used 2707K, capacity 4486K, committed 4864K, reserved 1056768K
  class space    used 302K, capacity 386K, committed 512K, reserved 1048576K
Heap after GC invocations=4 (full 0):
 PSYoungGen      total 89600K, used 12784K [0x00000007b9c00000, 0x00000007c0000000, 0x00000007c0000000)
  eden space 76800K, 0% used [0x00000007b9c00000,0x00000007b9c00000,0x00000007be700000)
  from space 12800K, 99% used [0x00000007bf380000,0x00000007bfffc050,0x00000007c0000000)
  to   space 12800K, 0% used [0x00000007be700000,0x00000007be700000,0x00000007bf380000)
 ParOldGen       total 159744K, used 91608K [0x00000006c1800000, 0x00000006cb400000, 0x00000007b9c00000)
  object space 159744K, 57% used [0x00000006c1800000,0x00000006c7176000,0x00000006cb400000)
 Metaspace       used 2707K, capacity 4486K, committed 4864K, reserved 1056768K
  class space    used 302K, capacity 386K, committed 512K, reserved 1048576K
}
{Heap before GC invocations=5 (full 0):
 PSYoungGen      total 89600K, used 89584K [0x00000007b9c00000, 0x00000007c0000000, 0x00000007c0000000)
  eden space 76800K, 100% used [0x00000007b9c00000,0x00000007be700000,0x00000007be700000)
  from space 12800K, 99% used [0x00000007bf380000,0x00000007bfffc050,0x00000007c0000000)
  to   space 12800K, 0% used [0x00000007be700000,0x00000007be700000,0x00000007bf380000)
 ParOldGen       total 159744K, used 91608K [0x00000006c1800000, 0x00000006cb400000, 0x00000007b9c00000)
  object space 159744K, 57% used [0x00000006c1800000,0x00000006c7176000,0x00000006cb400000)
 Metaspace       used 2707K, capacity 4486K, committed 4864K, reserved 1056768K
  class space    used 302K, capacity 386K, committed 512K, reserved 1048576K
Heap after GC invocations=5 (full 0):
 PSYoungGen      total 89600K, used 12784K [0x00000007b9c00000, 0x00000007c0000000, 0x00000007c0000000)
  eden space 76800K, 0% used [0x00000007b9c00000,0x00000007b9c00000,0x00000007be700000)
  from space 12800K, 99% used [0x00000007be700000,0x00000007bf37c050,0x00000007bf380000)
  to   space 12800K, 0% used [0x00000007bf380000,0x00000007bf380000,0x00000007c0000000)
 ParOldGen       total 159744K, used 114512K [0x00000006c1800000, 0x00000006cb400000, 0x00000007b9c00000)
  object space 159744K, 71% used [0x00000006c1800000,0x00000006c87d4000,0x00000006cb400000)
 Metaspace       used 2707K, capacity 4486K, committed 4864K, reserved 1056768K
  class space    used 302K, capacity 386K, committed 512K, reserved 1048576K
}
{Heap before GC invocations=6 (full 0):
 PSYoungGen      total 89600K, used 89584K [0x00000007b9c00000, 0x00000007c0000000, 0x00000007c0000000)
  eden space 76800K, 100% used [0x00000007b9c00000,0x00000007be700000,0x00000007be700000)
  from space 12800K, 99% used [0x00000007be700000,0x00000007bf37c050,0x00000007bf380000)
  to   space 12800K, 0% used [0x00000007bf380000,0x00000007bf380000,0x00000007c0000000)
 ParOldGen       total 159744K, used 114512K [0x00000006c1800000, 0x00000006cb400000, 0x00000007b9c00000)
  object space 159744K, 71% used [0x00000006c1800000,0x00000006c87d4000,0x00000006cb400000)
 Metaspace       used 2707K, capacity 4486K, committed 4864K, reserved 1056768K
  class space    used 302K, capacity 386K, committed 512K, reserved 1048576K
Heap after GC invocations=6 (full 0):
 PSYoungGen      total 89600K, used 12784K [0x00000007b9c00000, 0x00000007c0000000, 0x00000007c0000000)
  eden space 76800K, 0% used [0x00000007b9c00000,0x00000007b9c00000,0x00000007be700000)
  from space 12800K, 99% used [0x00000007bf380000,0x00000007bfffc030,0x00000007c0000000)
  to   space 12800K, 0% used [0x00000007be700000,0x00000007be700000,0x00000007bf380000)
 ParOldGen       total 159744K, used 137416K [0x00000006c1800000, 0x00000006cb400000, 0x00000007b9c00000)
  object space 159744K, 86% used [0x00000006c1800000,0x00000006c9e32000,0x00000006cb400000)
 Metaspace       used 2707K, capacity 4486K, committed 4864K, reserved 1056768K
  class space    used 302K, capacity 386K, committed 512K, reserved 1048576K
}
{Heap before GC invocations=7 (full 1):
 PSYoungGen      total 89600K, used 12784K [0x00000007b9c00000, 0x00000007c0000000, 0x00000007c0000000)
  eden space 76800K, 0% used [0x00000007b9c00000,0x00000007b9c00000,0x00000007be700000)
  from space 12800K, 99% used [0x00000007bf380000,0x00000007bfffc030,0x00000007c0000000)
  to   space 12800K, 0% used [0x00000007be700000,0x00000007be700000,0x00000007bf380000)
 ParOldGen       total 159744K, used 137416K [0x00000006c1800000, 0x00000006cb400000, 0x00000007b9c00000)
  object space 159744K, 86% used [0x00000006c1800000,0x00000006c9e32000,0x00000006cb400000)
 Metaspace       used 2707K, capacity 4486K, committed 4864K, reserved 1056768K
  class space    used 302K, capacity 386K, committed 512K, reserved 1048576K
Heap after GC invocations=7 (full 1):
 PSYoungGen      total 89600K, used 0K [0x00000007b9c00000, 0x00000007c0000000, 0x00000007c0000000)
  eden space 76800K, 0% used [0x00000007b9c00000,0x00000007b9c00000,0x00000007be700000)
  from space 12800K, 0% used [0x00000007bf380000,0x00000007bf380000,0x00000007c0000000)
  to   space 12800K, 0% used [0x00000007be700000,0x00000007be700000,0x00000007bf380000)
 ParOldGen       total 161792K, used 35463K [0x00000006c1800000, 0x00000006cb600000, 0x00000007b9c00000)
  object space 161792K, 21% used [0x00000006c1800000,0x00000006c3aa1e80,0x00000006cb600000)
 Metaspace       used 2707K, capacity 4486K, committed 4864K, reserved 1056768K
  class space    used 302K, capacity 386K, committed 512K, reserved 1048576K
}
{Heap before GC invocations=8 (full 1):
 PSYoungGen      total 89600K, used 76800K [0x00000007b9c00000, 0x00000007c0000000, 0x00000007c0000000)
  eden space 76800K, 100% used [0x00000007b9c00000,0x00000007be700000,0x00000007be700000)
  from space 12800K, 0% used [0x00000007bf380000,0x00000007bf380000,0x00000007c0000000)
  to   space 12800K, 0% used [0x00000007be700000,0x00000007be700000,0x00000007bf380000)
 ParOldGen       total 161792K, used 35463K [0x00000006c1800000, 0x00000006cb600000, 0x00000007b9c00000)
  object space 161792K, 21% used [0x00000006c1800000,0x00000006c3aa1e80,0x00000006cb600000)
 Metaspace       used 2707K, capacity 4486K, committed 4864K, reserved 1056768K
  class space    used 302K, capacity 386K, committed 512K, reserved 1048576K
Heap after GC invocations=8 (full 1):
 PSYoungGen      total 89600K, used 12800K [0x00000007b9c00000, 0x00000007c0000000, 0x00000007c0000000)
  eden space 76800K, 0% used [0x00000007b9c00000,0x00000007b9c00000,0x00000007be700000)
  from space 12800K, 100% used [0x00000007be700000,0x00000007bf380000,0x00000007bf380000)
  to   space 12800K, 0% used [0x00000007bf380000,0x00000007bf380000,0x00000007c0000000)
 ParOldGen       total 161792K, used 55631K [0x00000006c1800000, 0x00000006cb600000, 0x00000007b9c00000)
  object space 161792K, 34% used [0x00000006c1800000,0x00000006c4e53e80,0x00000006cb600000)
 Metaspace       used 2707K, capacity 4486K, committed 4864K, reserved 1056768K
  class space    used 302K, capacity 386K, committed 512K, reserved 1048576K
}
{Heap before GC invocations=9 (full 1):
 PSYoungGen      total 89600K, used 89600K [0x00000007b9c00000, 0x00000007c0000000, 0x00000007c0000000)
  eden space 76800K, 100% used [0x00000007b9c00000,0x00000007be700000,0x00000007be700000)
  from space 12800K, 100% used [0x00000007be700000,0x00000007bf380000,0x00000007bf380000)
  to   space 12800K, 0% used [0x00000007bf380000,0x00000007bf380000,0x00000007c0000000)
 ParOldGen       total 161792K, used 55631K [0x00000006c1800000, 0x00000006cb600000, 0x00000007b9c00000)
  object space 161792K, 34% used [0x00000006c1800000,0x00000006c4e53e80,0x00000006cb600000)
 Metaspace       used 2707K, capacity 4486K, committed 4864K, reserved 1056768K
  class space    used 302K, capacity 386K, committed 512K, reserved 1048576K
Heap after GC invocations=9 (full 1):
 PSYoungGen      total 89600K, used 12800K [0x00000007b9c00000, 0x00000007c0000000, 0x00000007c0000000)
  eden space 76800K, 0% used [0x00000007b9c00000,0x00000007b9c00000,0x00000007be700000)
  from space 12800K, 100% used [0x00000007bf380000,0x00000007c0000000,0x00000007c0000000)
  to   space 12800K, 0% used [0x00000007be700000,0x00000007be700000,0x00000007bf380000)
 ParOldGen       total 161792K, used 75799K [0x00000006c1800000, 0x00000006cb600000, 0x00000007b9c00000)
  object space 161792K, 46% used [0x00000006c1800000,0x00000006c6205e80,0x00000006cb600000)
 Metaspace       used 2707K, capacity 4486K, committed 4864K, reserved 1056768K
  class space    used 302K, capacity 386K, committed 512K, reserved 1048576K
}
{Heap before GC invocations=10 (full 1):
 PSYoungGen      total 89600K, used 89600K [0x00000007b9c00000, 0x00000007c0000000, 0x00000007c0000000)
  eden space 76800K, 100% used [0x00000007b9c00000,0x00000007be700000,0x00000007be700000)
  from space 12800K, 100% used [0x00000007bf380000,0x00000007c0000000,0x00000007c0000000)
  to   space 12800K, 0% used [0x00000007be700000,0x00000007be700000,0x00000007bf380000)
 ParOldGen       total 161792K, used 75799K [0x00000006c1800000, 0x00000006cb600000, 0x00000007b9c00000)
  object space 161792K, 46% used [0x00000006c1800000,0x00000006c6205e80,0x00000006cb600000)
 Metaspace       used 2707K, capacity 4486K, committed 4864K, reserved 1056768K
  class space    used 302K, capacity 386K, committed 512K, reserved 1048576K
Heap after GC invocations=10 (full 1):
 PSYoungGen      total 89600K, used 12800K [0x00000007b9c00000, 0x00000007c0000000, 0x00000007c0000000)
  eden space 76800K, 0% used [0x00000007b9c00000,0x00000007b9c00000,0x00000007be700000)
  from space 12800K, 100% used [0x00000007be700000,0x00000007bf380000,0x00000007bf380000)
  to   space 12800K, 0% used [0x00000007bf380000,0x00000007bf380000,0x00000007c0000000)
 ParOldGen       total 161792K, used 95975K [0x00000006c1800000, 0x00000006cb600000, 0x00000007b9c00000)
  object space 161792K, 59% used [0x00000006c1800000,0x00000006c75b9e80,0x00000006cb600000)
 Metaspace       used 2707K, capacity 4486K, committed 4864K, reserved 1056768K
  class space    used 302K, capacity 386K, committed 512K, reserved 1048576K
}
{Heap before GC invocations=11 (full 1):
 PSYoungGen      total 89600K, used 89600K [0x00000007b9c00000, 0x00000007c0000000, 0x00000007c0000000)
  eden space 76800K, 100% used [0x00000007b9c00000,0x00000007be700000,0x00000007be700000)
  from space 12800K, 100% used [0x00000007be700000,0x00000007bf380000,0x00000007bf380000)
  to   space 12800K, 0% used [0x00000007bf380000,0x00000007bf380000,0x00000007c0000000)
 ParOldGen       total 161792K, used 95975K [0x00000006c1800000, 0x00000006cb600000, 0x00000007b9c00000)
  object space 161792K, 59% used [0x00000006c1800000,0x00000006c75b9e80,0x00000006cb600000)
 Metaspace       used 2707K, capacity 4486K, committed 4864K, reserved 1056768K
  class space    used 302K, capacity 386K, committed 512K, reserved 1048576K
Heap after GC invocations=11 (full 1):
 PSYoungGen      total 89600K, used 12800K [0x00000007b9c00000, 0x00000007c0000000, 0x00000007c0000000)
  eden space 76800K, 0% used [0x00000007b9c00000,0x00000007b9c00000,0x00000007be700000)
  from space 12800K, 100% used [0x00000007bf380000,0x00000007c0000000,0x00000007c0000000)
  to   space 12800K, 0% used [0x00000007be700000,0x00000007be700000,0x00000007bf380000)
 ParOldGen       total 161792K, used 116143K [0x00000006c1800000, 0x00000006cb600000, 0x00000007b9c00000)
  object space 161792K, 71% used [0x00000006c1800000,0x00000006c896be80,0x00000006cb600000)
 Metaspace       used 2707K, capacity 4486K, committed 4864K, reserved 1056768K
  class space    used 302K, capacity 386K, committed 512K, reserved 1048576K
}
{Heap before GC invocations=12 (full 1):
 PSYoungGen      total 89600K, used 89600K [0x00000007b9c00000, 0x00000007c0000000, 0x00000007c0000000)
  eden space 76800K, 100% used [0x00000007b9c00000,0x00000007be700000,0x00000007be700000)
  from space 12800K, 100% used [0x00000007bf380000,0x00000007c0000000,0x00000007c0000000)
  to   space 12800K, 0% used [0x00000007be700000,0x00000007be700000,0x00000007bf380000)
 ParOldGen       total 161792K, used 116143K [0x00000006c1800000, 0x00000006cb600000, 0x00000007b9c00000)
  object space 161792K, 71% used [0x00000006c1800000,0x00000006c896be80,0x00000006cb600000)
 Metaspace       used 2707K, capacity 4486K, committed 4864K, reserved 1056768K
  class space    used 302K, capacity 386K, committed 512K, reserved 1048576K
Heap after GC invocations=12 (full 1):
 PSYoungGen      total 89600K, used 12800K [0x00000007b9c00000, 0x00000007c0000000, 0x00000007c0000000)
  eden space 76800K, 0% used [0x00000007b9c00000,0x00000007b9c00000,0x00000007be700000)
  from space 12800K, 100% used [0x00000007be700000,0x00000007bf380000,0x00000007bf380000)
  to   space 12800K, 0% used [0x00000007bf380000,0x00000007bf380000,0x00000007c0000000)
 ParOldGen       total 161792K, used 136311K [0x00000006c1800000, 0x00000006cb600000, 0x00000007b9c00000)
  object space 161792K, 84% used [0x00000006c1800000,0x00000006c9d1de80,0x00000006cb600000)
 Metaspace       used 2707K, capacity 4486K, committed 4864K, reserved 1056768K
  class space    used 302K, capacity 386K, committed 512K, reserved 1048576K
}
{Heap before GC invocations=13 (full 1):
 PSYoungGen      total 89600K, used 89600K [0x00000007b9c00000, 0x00000007c0000000, 0x00000007c0000000)
  eden space 76800K, 100% used [0x00000007b9c00000,0x00000007be700000,0x00000007be700000)
  from space 12800K, 100% used [0x00000007be700000,0x00000007bf380000,0x00000007bf380000)
  to   space 12800K, 0% used [0x00000007bf380000,0x00000007bf380000,0x00000007c0000000)
 ParOldGen       total 161792K, used 136311K [0x00000006c1800000, 0x00000006cb600000, 0x00000007b9c00000)
  object space 161792K, 84% used [0x00000006c1800000,0x00000006c9d1de80,0x00000006cb600000)
 Metaspace       used 2707K, capacity 4486K, committed 4864K, reserved 1056768K
  class space    used 302K, capacity 386K, committed 512K, reserved 1048576K
Heap after GC invocations=13 (full 1):
 PSYoungGen      total 89600K, used 12800K [0x00000007b9c00000, 0x00000007c0000000, 0x00000007c0000000)
  eden space 76800K, 0% used [0x00000007b9c00000,0x00000007b9c00000,0x00000007be700000)
  from space 12800K, 100% used [0x00000007bf380000,0x00000007c0000000,0x00000007c0000000)
  to   space 12800K, 0% used [0x00000007be700000,0x00000007be700000,0x00000007bf380000)
 ParOldGen       total 161792K, used 156471K [0x00000006c1800000, 0x00000006cb600000, 0x00000007b9c00000)
  object space 161792K, 96% used [0x00000006c1800000,0x00000006cb0cde80,0x00000006cb600000)
 Metaspace       used 2707K, capacity 4486K, committed 4864K, reserved 1056768K
  class space    used 302K, capacity 386K, committed 512K, reserved 1048576K
}
{Heap before GC invocations=14 (full 2):
 PSYoungGen      total 89600K, used 12800K [0x00000007b9c00000, 0x00000007c0000000, 0x00000007c0000000)
  eden space 76800K, 0% used [0x00000007b9c00000,0x00000007b9c00000,0x00000007be700000)
  from space 12800K, 100% used [0x00000007bf380000,0x00000007c0000000,0x00000007c0000000)
  to   space 12800K, 0% used [0x00000007be700000,0x00000007be700000,0x00000007bf380000)
 ParOldGen       total 161792K, used 156471K [0x00000006c1800000, 0x00000006cb600000, 0x00000007b9c00000)
  object space 161792K, 96% used [0x00000006c1800000,0x00000006cb0cde80,0x00000006cb600000)
 Metaspace       used 2707K, capacity 4486K, committed 4864K, reserved 1056768K
  class space    used 302K, capacity 386K, committed 512K, reserved 1048576K
Heap after GC invocations=14 (full 2):
 PSYoungGen      total 89600K, used 0K [0x00000007b9c00000, 0x00000007c0000000, 0x00000007c0000000)
  eden space 76800K, 0% used [0x00000007b9c00000,0x00000007b9c00000,0x00000007be700000)
  from space 12800K, 0% used [0x00000007bf380000,0x00000007bf380000,0x00000007c0000000)
  to   space 12800K, 0% used [0x00000007be700000,0x00000007be700000,0x00000007bf380000)
 ParOldGen       total 191488K, used 35463K [0x00000006c1800000, 0x00000006cd300000, 0x00000007b9c00000)
  object space 191488K, 18% used [0x00000006c1800000,0x00000006c3aa1e80,0x00000006cd300000)
 Metaspace       used 2707K, capacity 4486K, committed 4864K, reserved 1056768K
  class space    used 302K, capacity 386K, committed 512K, reserved 1048576K
}
{Heap before GC invocations=15 (full 2):
 PSYoungGen      total 89600K, used 76800K [0x00000007b9c00000, 0x00000007c0000000, 0x00000007c0000000)
  eden space 76800K, 100% used [0x00000007b9c00000,0x00000007be700000,0x00000007be700000)
  from space 12800K, 0% used [0x00000007bf380000,0x00000007bf380000,0x00000007c0000000)
  to   space 12800K, 0% used [0x00000007be700000,0x00000007be700000,0x00000007bf380000)
 ParOldGen       total 191488K, used 35463K [0x00000006c1800000, 0x00000006cd300000, 0x00000007b9c00000)
  object space 191488K, 18% used [0x00000006c1800000,0x00000006c3aa1e80,0x00000006cd300000)
 Metaspace       used 2707K, capacity 4486K, committed 4864K, reserved 1056768K
  class space    used 302K, capacity 386K, committed 512K, reserved 1048576K
Heap after GC invocations=15 (full 2):
 PSYoungGen      total 89600K, used 12800K [0x00000007b9c00000, 0x00000007c0000000, 0x00000007c0000000)
  eden space 76800K, 0% used [0x00000007b9c00000,0x00000007b9c00000,0x00000007be700000)
  from space 12800K, 100% used [0x00000007be700000,0x00000007bf380000,0x00000007bf380000)
  to   space 12800K, 0% used [0x00000007bf380000,0x00000007bf380000,0x00000007c0000000)
 ParOldGen       total 191488K, used 55623K [0x00000006c1800000, 0x00000006cd300000, 0x00000007b9c00000)
  object space 191488K, 29% used [0x00000006c1800000,0x00000006c4e51e80,0x00000006cd300000)
 Metaspace       used 2707K, capacity 4486K, committed 4864K, reserved 1056768K
  class space    used 302K, capacity 386K, committed 512K, reserved 1048576K
}
{Heap before GC invocations=16 (full 2):
 PSYoungGen      total 89600K, used 89600K [0x00000007b9c00000, 0x00000007c0000000, 0x00000007c0000000)
  eden space 76800K, 100% used [0x00000007b9c00000,0x00000007be700000,0x00000007be700000)
  from space 12800K, 100% used [0x00000007be700000,0x00000007bf380000,0x00000007bf380000)
  to   space 12800K, 0% used [0x00000007bf380000,0x00000007bf380000,0x00000007c0000000)
 ParOldGen       total 191488K, used 55623K [0x00000006c1800000, 0x00000006cd300000, 0x00000007b9c00000)
  object space 191488K, 29% used [0x00000006c1800000,0x00000006c4e51e80,0x00000006cd300000)
 Metaspace       used 2707K, capacity 4486K, committed 4864K, reserved 1056768K
  class space    used 302K, capacity 386K, committed 512K, reserved 1048576K
Heap after GC invocations=16 (full 2):
 PSYoungGen      total 89600K, used 12800K [0x00000007b9c00000, 0x00000007c0000000, 0x00000007c0000000)
  eden space 76800K, 0% used [0x00000007b9c00000,0x00000007b9c00000,0x00000007be700000)
  from space 12800K, 100% used [0x00000007bf380000,0x00000007c0000000,0x00000007c0000000)
  to   space 12800K, 0% used [0x00000007be700000,0x00000007be700000,0x00000007bf380000)
 ParOldGen       total 191488K, used 75791K [0x00000006c1800000, 0x00000006cd300000, 0x00000007b9c00000)
  object space 191488K, 39% used [0x00000006c1800000,0x00000006c6203e80,0x00000006cd300000)
 Metaspace       used 2707K, capacity 4486K, committed 4864K, reserved 1056768K
  class space    used 302K, capacity 386K, committed 512K, reserved 1048576K
}
{Heap before GC invocations=17 (full 2):
 PSYoungGen      total 89600K, used 89600K [0x00000007b9c00000, 0x00000007c0000000, 0x00000007c0000000)
  eden space 76800K, 100% used [0x00000007b9c00000,0x00000007be700000,0x00000007be700000)
  from space 12800K, 100% used [0x00000007bf380000,0x00000007c0000000,0x00000007c0000000)
  to   space 12800K, 0% used [0x00000007be700000,0x00000007be700000,0x00000007bf380000)
 ParOldGen       total 191488K, used 75791K [0x00000006c1800000, 0x00000006cd300000, 0x00000007b9c00000)
  object space 191488K, 39% used [0x00000006c1800000,0x00000006c6203e80,0x00000006cd300000)
 Metaspace       used 2707K, capacity 4486K, committed 4864K, reserved 1056768K
  class space    used 302K, capacity 386K, committed 512K, reserved 1048576K
Heap after GC invocations=17 (full 2):
 PSYoungGen      total 89600K, used 12800K [0x00000007b9c00000, 0x00000007c0000000, 0x00000007c0000000)
  eden space 76800K, 0% used [0x00000007b9c00000,0x00000007b9c00000,0x00000007be700000)
  from space 12800K, 100% used [0x00000007be700000,0x00000007bf380000,0x00000007bf380000)
  to   space 12800K, 0% used [0x00000007bf380000,0x00000007bf380000,0x00000007c0000000)
 ParOldGen       total 191488K, used 95959K [0x00000006c1800000, 0x00000006cd300000, 0x00000007b9c00000)
  object space 191488K, 50% used [0x00000006c1800000,0x00000006c75b5e80,0x00000006cd300000)
 Metaspace       used 2707K, capacity 4486K, committed 4864K, reserved 1056768K
  class space    used 302K, capacity 386K, committed 512K, reserved 1048576K
}
{Heap before GC invocations=18 (full 2):
 PSYoungGen      total 89600K, used 89600K [0x00000007b9c00000, 0x00000007c0000000, 0x00000007c0000000)
  eden space 76800K, 100% used [0x00000007b9c00000,0x00000007be700000,0x00000007be700000)
  from space 12800K, 100% used [0x00000007be700000,0x00000007bf380000,0x00000007bf380000)
  to   space 12800K, 0% used [0x00000007bf380000,0x00000007bf380000,0x00000007c0000000)
 ParOldGen       total 191488K, used 95959K [0x00000006c1800000, 0x00000006cd300000, 0x00000007b9c00000)
  object space 191488K, 50% used [0x00000006c1800000,0x00000006c75b5e80,0x00000006cd300000)
 Metaspace       used 2707K, capacity 4486K, committed 4864K, reserved 1056768K
  class space    used 302K, capacity 386K, committed 512K, reserved 1048576K
Heap after GC invocations=18 (full 2):
 PSYoungGen      total 89600K, used 12800K [0x00000007b9c00000, 0x00000007c0000000, 0x00000007c0000000)
  eden space 76800K, 0% used [0x00000007b9c00000,0x00000007b9c00000,0x00000007be700000)
  from space 12800K, 100% used [0x00000007bf380000,0x00000007c0000000,0x00000007c0000000)
  to   space 12800K, 0% used [0x00000007be700000,0x00000007be700000,0x00000007bf380000)
 ParOldGen       total 191488K, used 116127K [0x00000006c1800000, 0x00000006cd300000, 0x00000007b9c00000)
  object space 191488K, 60% used [0x00000006c1800000,0x00000006c8967e80,0x00000006cd300000)
 Metaspace       used 2707K, capacity 4486K, committed 4864K, reserved 1056768K
  class space    used 302K, capacity 386K, committed 512K, reserved 1048576K
}
{Heap before GC invocations=19 (full 2):
 PSYoungGen      total 89600K, used 89600K [0x00000007b9c00000, 0x00000007c0000000, 0x00000007c0000000)
  eden space 76800K, 100% used [0x00000007b9c00000,0x00000007be700000,0x00000007be700000)
  from space 12800K, 100% used [0x00000007bf380000,0x00000007c0000000,0x00000007c0000000)
  to   space 12800K, 0% used [0x00000007be700000,0x00000007be700000,0x00000007bf380000)
 ParOldGen       total 191488K, used 116127K [0x00000006c1800000, 0x00000006cd300000, 0x00000007b9c00000)
  object space 191488K, 60% used [0x00000006c1800000,0x00000006c8967e80,0x00000006cd300000)
 Metaspace       used 2707K, capacity 4486K, committed 4864K, reserved 1056768K
  class space    used 302K, capacity 386K, committed 512K, reserved 1048576K
Heap after GC invocations=19 (full 2):
 PSYoungGen      total 89600K, used 12800K [0x00000007b9c00000, 0x00000007c0000000, 0x00000007c0000000)
  eden space 76800K, 0% used [0x00000007b9c00000,0x00000007b9c00000,0x00000007be700000)
  from space 12800K, 100% used [0x00000007be700000,0x00000007bf380000,0x00000007bf380000)
  to   space 12800K, 0% used [0x00000007bf380000,0x00000007bf380000,0x00000007c0000000)
 ParOldGen       total 191488K, used 136287K [0x00000006c1800000, 0x00000006cd300000, 0x00000007b9c00000)
  object space 191488K, 71% used [0x00000006c1800000,0x00000006c9d17e80,0x00000006cd300000)
 Metaspace       used 2707K, capacity 4486K, committed 4864K, reserved 1056768K
  class space    used 302K, capacity 386K, committed 512K, reserved 1048576K
}
{Heap before GC invocations=20 (full 2):
 PSYoungGen      total 89600K, used 89600K [0x00000007b9c00000, 0x00000007c0000000, 0x00000007c0000000)
  eden space 76800K, 100% used [0x00000007b9c00000,0x00000007be700000,0x00000007be700000)
  from space 12800K, 100% used [0x00000007be700000,0x00000007bf380000,0x00000007bf380000)
  to   space 12800K, 0% used [0x00000007bf380000,0x00000007bf380000,0x00000007c0000000)
 ParOldGen       total 191488K, used 136287K [0x00000006c1800000, 0x00000006cd300000, 0x00000007b9c00000)
  object space 191488K, 71% used [0x00000006c1800000,0x00000006c9d17e80,0x00000006cd300000)
 Metaspace       used 2707K, capacity 4486K, committed 4864K, reserved 1056768K
  class space    used 302K, capacity 386K, committed 512K, reserved 1048576K
Heap after GC invocations=20 (full 2):
 PSYoungGen      total 89600K, used 12800K [0x00000007b9c00000, 0x00000007c0000000, 0x00000007c0000000)
  eden space 76800K, 0% used [0x00000007b9c00000,0x00000007b9c00000,0x00000007be700000)
  from space 12800K, 100% used [0x00000007bf380000,0x00000007c0000000,0x00000007c0000000)
  to   space 12800K, 0% used [0x00000007be700000,0x00000007be700000,0x00000007bf380000)
 ParOldGen       total 191488K, used 156455K [0x00000006c1800000, 0x00000006cd300000, 0x00000007b9c00000)
  object space 191488K, 81% used [0x00000006c1800000,0x00000006cb0c9e80,0x00000006cd300000)
 Metaspace       used 2707K, capacity 4486K, committed 4864K, reserved 1056768K
  class space    used 302K, capacity 386K, committed 512K, reserved 1048576K
}
{Heap before GC invocations=21 (full 2):
 PSYoungGen      total 89600K, used 89600K [0x00000007b9c00000, 0x00000007c0000000, 0x00000007c0000000)
  eden space 76800K, 100% used [0x00000007b9c00000,0x00000007be700000,0x00000007be700000)
  from space 12800K, 100% used [0x00000007bf380000,0x00000007c0000000,0x00000007c0000000)
  to   space 12800K, 0% used [0x00000007be700000,0x00000007be700000,0x00000007bf380000)
 ParOldGen       total 191488K, used 156455K [0x00000006c1800000, 0x00000006cd300000, 0x00000007b9c00000)
  object space 191488K, 81% used [0x00000006c1800000,0x00000006cb0c9e80,0x00000006cd300000)
 Metaspace       used 2707K, capacity 4486K, committed 4864K, reserved 1056768K
  class space    used 302K, capacity 386K, committed 512K, reserved 1048576K
Heap after GC invocations=21 (full 2):
 PSYoungGen      total 89600K, used 12800K [0x00000007b9c00000, 0x00000007c0000000, 0x00000007c0000000)
  eden space 76800K, 0% used [0x00000007b9c00000,0x00000007b9c00000,0x00000007be700000)
  from space 12800K, 100% used [0x00000007be700000,0x00000007bf380000,0x00000007bf380000)
  to   space 12800K, 0% used [0x00000007bf380000,0x00000007bf380000,0x00000007c0000000)
 ParOldGen       total 191488K, used 176631K [0x00000006c1800000, 0x00000006cd300000, 0x00000007b9c00000)
  object space 191488K, 92% used [0x00000006c1800000,0x00000006cc47de80,0x00000006cd300000)
 Metaspace       used 2707K, capacity 4486K, committed 4864K, reserved 1056768K
  class space    used 302K, capacity 386K, committed 512K, reserved 1048576K
}
{Heap before GC invocations=22 (full 3):
 PSYoungGen      total 89600K, used 12800K [0x00000007b9c00000, 0x00000007c0000000, 0x00000007c0000000)
  eden space 76800K, 0% used [0x00000007b9c00000,0x00000007b9c00000,0x00000007be700000)
  from space 12800K, 100% used [0x00000007be700000,0x00000007bf380000,0x00000007bf380000)
  to   space 12800K, 0% used [0x00000007bf380000,0x00000007bf380000,0x00000007c0000000)
 ParOldGen       total 191488K, used 176631K [0x00000006c1800000, 0x00000006cd300000, 0x00000007b9c00000)
  object space 191488K, 92% used [0x00000006c1800000,0x00000006cc47de80,0x00000006cd300000)
 Metaspace       used 2707K, capacity 4486K, committed 4864K, reserved 1056768K
  class space    used 302K, capacity 386K, committed 512K, reserved 1048576K
Heap after GC invocations=22 (full 3):
 PSYoungGen      total 89600K, used 0K [0x00000007b9c00000, 0x00000007c0000000, 0x00000007c0000000)
  eden space 76800K, 0% used [0x00000007b9c00000,0x00000007b9c00000,0x00000007be700000)
  from space 12800K, 0% used [0x00000007be700000,0x00000007be700000,0x00000007bf380000)
  to   space 12800K, 0% used [0x00000007bf380000,0x00000007bf380000,0x00000007c0000000)
 ParOldGen       total 212480K, used 35463K [0x00000006c1800000, 0x00000006ce780000, 0x00000007b9c00000)
  object space 212480K, 16% used [0x00000006c1800000,0x00000006c3aa1e80,0x00000006ce780000)
 Metaspace       used 2707K, capacity 4486K, committed 4864K, reserved 1056768K
  class space    used 302K, capacity 386K, committed 512K, reserved 1048576K
}
{Heap before GC invocations=23 (full 3):
 PSYoungGen      total 89600K, used 76800K [0x00000007b9c00000, 0x00000007c0000000, 0x00000007c0000000)
  eden space 76800K, 100% used [0x00000007b9c00000,0x00000007be700000,0x00000007be700000)
  from space 12800K, 0% used [0x00000007be700000,0x00000007be700000,0x00000007bf380000)
  to   space 12800K, 0% used [0x00000007bf380000,0x00000007bf380000,0x00000007c0000000)
 ParOldGen       total 212480K, used 35463K [0x00000006c1800000, 0x00000006ce780000, 0x00000007b9c00000)
  object space 212480K, 16% used [0x00000006c1800000,0x00000006c3aa1e80,0x00000006ce780000)
 Metaspace       used 2707K, capacity 4486K, committed 4864K, reserved 1056768K
  class space    used 302K, capacity 386K, committed 512K, reserved 1048576K
Heap after GC invocations=23 (full 3):
 PSYoungGen      total 89600K, used 12800K [0x00000007b9c00000, 0x00000007c0000000, 0x00000007c0000000)
  eden space 76800K, 0% used [0x00000007b9c00000,0x00000007b9c00000,0x00000007be700000)
  from space 12800K, 100% used [0x00000007bf380000,0x00000007c0000000,0x00000007c0000000)
  to   space 12800K, 0% used [0x00000007be700000,0x00000007be700000,0x00000007bf380000)
 ParOldGen       total 212480K, used 55623K [0x00000006c1800000, 0x00000006ce780000, 0x00000007b9c00000)
  object space 212480K, 26% used [0x00000006c1800000,0x00000006c4e51e80,0x00000006ce780000)
 Metaspace       used 2707K, capacity 4486K, committed 4864K, reserved 1056768K
  class space    used 302K, capacity 386K, committed 512K, reserved 1048576K
}
{Heap before GC invocations=24 (full 3):
 PSYoungGen      total 89600K, used 89600K [0x00000007b9c00000, 0x00000007c0000000, 0x00000007c0000000)
  eden space 76800K, 100% used [0x00000007b9c00000,0x00000007be700000,0x00000007be700000)
  from space 12800K, 100% used [0x00000007bf380000,0x00000007c0000000,0x00000007c0000000)
  to   space 12800K, 0% used [0x00000007be700000,0x00000007be700000,0x00000007bf380000)
 ParOldGen       total 212480K, used 55623K [0x00000006c1800000, 0x00000006ce780000, 0x00000007b9c00000)
  object space 212480K, 26% used [0x00000006c1800000,0x00000006c4e51e80,0x00000006ce780000)
 Metaspace       used 2707K, capacity 4486K, committed 4864K, reserved 1056768K
  class space    used 302K, capacity 386K, committed 512K, reserved 1048576K
Heap after GC invocations=24 (full 3):
 PSYoungGen      total 89600K, used 12800K [0x00000007b9c00000, 0x00000007c0000000, 0x00000007c0000000)
  eden space 76800K, 0% used [0x00000007b9c00000,0x00000007b9c00000,0x00000007be700000)
  from space 12800K, 100% used [0x00000007be700000,0x00000007bf380000,0x00000007bf380000)
  to   space 12800K, 0% used [0x00000007bf380000,0x00000007bf380000,0x00000007c0000000)
 ParOldGen       total 212480K, used 75791K [0x00000006c1800000, 0x00000006ce780000, 0x00000007b9c00000)
  object space 212480K, 35% used [0x00000006c1800000,0x00000006c6203e80,0x00000006ce780000)
 Metaspace       used 2707K, capacity 4486K, committed 4864K, reserved 1056768K
  class space    used 302K, capacity 386K, committed 512K, reserved 1048576K
}
{Heap before GC invocations=25 (full 3):
 PSYoungGen      total 89600K, used 89600K [0x00000007b9c00000, 0x00000007c0000000, 0x00000007c0000000)
  eden space 76800K, 100% used [0x00000007b9c00000,0x00000007be700000,0x00000007be700000)
  from space 12800K, 100% used [0x00000007be700000,0x00000007bf380000,0x00000007bf380000)
  to   space 12800K, 0% used [0x00000007bf380000,0x00000007bf380000,0x00000007c0000000)
 ParOldGen       total 212480K, used 75791K [0x00000006c1800000, 0x00000006ce780000, 0x00000007b9c00000)
  object space 212480K, 35% used [0x00000006c1800000,0x00000006c6203e80,0x00000006ce780000)
 Metaspace       used 2707K, capacity 4486K, committed 4864K, reserved 1056768K
  class space    used 302K, capacity 386K, committed 512K, reserved 1048576K
Heap after GC invocations=25 (full 3):
 PSYoungGen      total 89600K, used 12800K [0x00000007b9c00000, 0x00000007c0000000, 0x00000007c0000000)
  eden space 76800K, 0% used [0x00000007b9c00000,0x00000007b9c00000,0x00000007be700000)
  from space 12800K, 100% used [0x00000007bf380000,0x00000007c0000000,0x00000007c0000000)
  to   space 12800K, 0% used [0x00000007be700000,0x00000007be700000,0x00000007bf380000)
 ParOldGen       total 212480K, used 95959K [0x00000006c1800000, 0x00000006ce780000, 0x00000007b9c00000)
  object space 212480K, 45% used [0x00000006c1800000,0x00000006c75b5e80,0x00000006ce780000)
 Metaspace       used 2707K, capacity 4486K, committed 4864K, reserved 1056768K
  class space    used 302K, capacity 386K, committed 512K, reserved 1048576K
}
{Heap before GC invocations=26 (full 3):
 PSYoungGen      total 89600K, used 89600K [0x00000007b9c00000, 0x00000007c0000000, 0x00000007c0000000)
  eden space 76800K, 100% used [0x00000007b9c00000,0x00000007be700000,0x00000007be700000)
  from space 12800K, 100% used [0x00000007bf380000,0x00000007c0000000,0x00000007c0000000)
  to   space 12800K, 0% used [0x00000007be700000,0x00000007be700000,0x00000007bf380000)
 ParOldGen       total 212480K, used 95959K [0x00000006c1800000, 0x00000006ce780000, 0x00000007b9c00000)
  object space 212480K, 45% used [0x00000006c1800000,0x00000006c75b5e80,0x00000006ce780000)
 Metaspace       used 2707K, capacity 4486K, committed 4864K, reserved 1056768K
  class space    used 302K, capacity 386K, committed 512K, reserved 1048576K
Heap after GC invocations=26 (full 3):
 PSYoungGen      total 89600K, used 12800K [0x00000007b9c00000, 0x00000007c0000000, 0x00000007c0000000)
  eden space 76800K, 0% used [0x00000007b9c00000,0x00000007b9c00000,0x00000007be700000)
  from space 12800K, 100% used [0x00000007be700000,0x00000007bf380000,0x00000007bf380000)
  to   space 12800K, 0% used [0x00000007bf380000,0x00000007bf380000,0x00000007c0000000)
 ParOldGen       total 212480K, used 116119K [0x00000006c1800000, 0x00000006ce780000, 0x00000007b9c00000)
  object space 212480K, 54% used [0x00000006c1800000,0x00000006c8965e80,0x00000006ce780000)
 Metaspace       used 2707K, capacity 4486K, committed 4864K, reserved 1056768K
  class space    used 302K, capacity 386K, committed 512K, reserved 1048576K
}
{Heap before GC invocations=27 (full 3):
 PSYoungGen      total 89600K, used 89600K [0x00000007b9c00000, 0x00000007c0000000, 0x00000007c0000000)
  eden space 76800K, 100% used [0x00000007b9c00000,0x00000007be700000,0x00000007be700000)
  from space 12800K, 100% used [0x00000007be700000,0x00000007bf380000,0x00000007bf380000)
  to   space 12800K, 0% used [0x00000007bf380000,0x00000007bf380000,0x00000007c0000000)
 ParOldGen       total 212480K, used 116119K [0x00000006c1800000, 0x00000006ce780000, 0x00000007b9c00000)
  object space 212480K, 54% used [0x00000006c1800000,0x00000006c8965e80,0x00000006ce780000)
 Metaspace       used 2707K, capacity 4486K, committed 4864K, reserved 1056768K
  class space    used 302K, capacity 386K, committed 512K, reserved 1048576K
Heap after GC invocations=27 (full 3):
 PSYoungGen      total 89600K, used 12800K [0x00000007b9c00000, 0x00000007c0000000, 0x00000007c0000000)
  eden space 76800K, 0% used [0x00000007b9c00000,0x00000007b9c00000,0x00000007be700000)
  from space 12800K, 100% used [0x00000007bf380000,0x00000007c0000000,0x00000007c0000000)
  to   space 12800K, 0% used [0x00000007be700000,0x00000007be700000,0x00000007bf380000)
 ParOldGen       total 212480K, used 136287K [0x00000006c1800000, 0x00000006ce780000, 0x00000007b9c00000)
  object space 212480K, 64% used [0x00000006c1800000,0x00000006c9d17e80,0x00000006ce780000)
 Metaspace       used 2707K, capacity 4486K, committed 4864K, reserved 1056768K
  class space    used 302K, capacity 386K, committed 512K, reserved 1048576K
}
{Heap before GC invocations=28 (full 3):
 PSYoungGen      total 89600K, used 89600K [0x00000007b9c00000, 0x00000007c0000000, 0x00000007c0000000)
  eden space 76800K, 100% used [0x00000007b9c00000,0x00000007be700000,0x00000007be700000)
  from space 12800K, 100% used [0x00000007bf380000,0x00000007c0000000,0x00000007c0000000)
  to   space 12800K, 0% used [0x00000007be700000,0x00000007be700000,0x00000007bf380000)
 ParOldGen       total 212480K, used 136287K [0x00000006c1800000, 0x00000006ce780000, 0x00000007b9c00000)
  object space 212480K, 64% used [0x00000006c1800000,0x00000006c9d17e80,0x00000006ce780000)
 Metaspace       used 2707K, capacity 4486K, committed 4864K, reserved 1056768K
  class space    used 302K, capacity 386K, committed 512K, reserved 1048576K
Heap after GC invocations=28 (full 3):
 PSYoungGen      total 89600K, used 12800K [0x00000007b9c00000, 0x00000007c0000000, 0x00000007c0000000)
  eden space 76800K, 0% used [0x00000007b9c00000,0x00000007b9c00000,0x00000007be700000)
  from space 12800K, 100% used [0x00000007be700000,0x00000007bf380000,0x00000007bf380000)
  to   space 12800K, 0% used [0x00000007bf380000,0x00000007bf380000,0x00000007c0000000)
 ParOldGen       total 212480K, used 156455K [0x00000006c1800000, 0x00000006ce780000, 0x00000007b9c00000)
  object space 212480K, 73% used [0x00000006c1800000,0x00000006cb0c9e80,0x00000006ce780000)
 Metaspace       used 2707K, capacity 4486K, committed 4864K, reserved 1056768K
  class space    used 302K, capacity 386K, committed 512K, reserved 1048576K
}
{Heap before GC invocations=29 (full 3):
 PSYoungGen      total 89600K, used 89600K [0x00000007b9c00000, 0x00000007c0000000, 0x00000007c0000000)
  eden space 76800K, 100% used [0x00000007b9c00000,0x00000007be700000,0x00000007be700000)
  from space 12800K, 100% used [0x00000007be700000,0x00000007bf380000,0x00000007bf380000)
  to   space 12800K, 0% used [0x00000007bf380000,0x00000007bf380000,0x00000007c0000000)
 ParOldGen       total 212480K, used 156455K [0x00000006c1800000, 0x00000006ce780000, 0x00000007b9c00000)
  object space 212480K, 73% used [0x00000006c1800000,0x00000006cb0c9e80,0x00000006ce780000)
 Metaspace       used 2707K, capacity 4486K, committed 4864K, reserved 1056768K
  class space    used 302K, capacity 386K, committed 512K, reserved 1048576K
Heap after GC invocations=29 (full 3):
 PSYoungGen      total 89600K, used 12800K [0x00000007b9c00000, 0x00000007c0000000, 0x00000007c0000000)
  eden space 76800K, 0% used [0x00000007b9c00000,0x00000007b9c00000,0x00000007be700000)
  from space 12800K, 100% used [0x00000007bf380000,0x00000007c0000000,0x00000007c0000000)
  to   space 12800K, 0% used [0x00000007be700000,0x00000007be700000,0x00000007bf380000)
 ParOldGen       total 212480K, used 176623K [0x00000006c1800000, 0x00000006ce780000, 0x00000007b9c00000)
  object space 212480K, 83% used [0x00000006c1800000,0x00000006cc47be80,0x00000006ce780000)
 Metaspace       used 2707K, capacity 4486K, committed 4864K, reserved 1056768K
  class space    used 302K, capacity 386K, committed 512K, reserved 1048576K
}
{Heap before GC invocations=30 (full 3):
 PSYoungGen      total 89600K, used 89600K [0x00000007b9c00000, 0x00000007c0000000, 0x00000007c0000000)
  eden space 76800K, 100% used [0x00000007b9c00000,0x00000007be700000,0x00000007be700000)
  from space 12800K, 100% used [0x00000007bf380000,0x00000007c0000000,0x00000007c0000000)
  to   space 12800K, 0% used [0x00000007be700000,0x00000007be700000,0x00000007bf380000)
 ParOldGen       total 212480K, used 176623K [0x00000006c1800000, 0x00000006ce780000, 0x00000007b9c00000)
  object space 212480K, 83% used [0x00000006c1800000,0x00000006cc47be80,0x00000006ce780000)
 Metaspace       used 2707K, capacity 4486K, committed 4864K, reserved 1056768K
  class space    used 302K, capacity 386K, committed 512K, reserved 1048576K
Heap after GC invocations=30 (full 3):
 PSYoungGen      total 89600K, used 12800K [0x00000007b9c00000, 0x00000007c0000000, 0x00000007c0000000)
  eden space 76800K, 0% used [0x00000007b9c00000,0x00000007b9c00000,0x00000007be700000)
  from space 12800K, 100% used [0x00000007be700000,0x00000007bf380000,0x00000007bf380000)
  to   space 12800K, 0% used [0x00000007bf380000,0x00000007bf380000,0x00000007c0000000)
 ParOldGen       total 212480K, used 196791K [0x00000006c1800000, 0x00000006ce780000, 0x00000007b9c00000)
  object space 212480K, 92% used [0x00000006c1800000,0x00000006cd82de80,0x00000006ce780000)
 Metaspace       used 2707K, capacity 4486K, committed 4864K, reserved 1056768K
  class space    used 302K, capacity 386K, committed 512K, reserved 1048576K
}
{Heap before GC invocations=31 (full 4):
 PSYoungGen      total 89600K, used 12800K [0x00000007b9c00000, 0x00000007c0000000, 0x00000007c0000000)
  eden space 76800K, 0% used [0x00000007b9c00000,0x00000007b9c00000,0x00000007be700000)
  from space 12800K, 100% used [0x00000007be700000,0x00000007bf380000,0x00000007bf380000)
  to   space 12800K, 0% used [0x00000007bf380000,0x00000007bf380000,0x00000007c0000000)
 ParOldGen       total 212480K, used 196791K [0x00000006c1800000, 0x00000006ce780000, 0x00000007b9c00000)
  object space 212480K, 92% used [0x00000006c1800000,0x00000006cd82de80,0x00000006ce780000)
 Metaspace       used 2707K, capacity 4486K, committed 4864K, reserved 1056768K
  class space    used 302K, capacity 386K, committed 512K, reserved 1048576K
Heap after GC invocations=31 (full 4):
 PSYoungGen      total 89600K, used 0K [0x00000007b9c00000, 0x00000007c0000000, 0x00000007c0000000)
  eden space 76800K, 0% used [0x00000007b9c00000,0x00000007b9c00000,0x00000007be700000)
  from space 12800K, 0% used [0x00000007be700000,0x00000007be700000,0x00000007bf380000)
  to   space 12800K, 0% used [0x00000007bf380000,0x00000007bf380000,0x00000007c0000000)
 ParOldGen       total 235520K, used 35463K [0x00000006c1800000, 0x00000006cfe00000, 0x00000007b9c00000)
  object space 235520K, 15% used [0x00000006c1800000,0x00000006c3aa1e80,0x00000006cfe00000)
 Metaspace       used 2707K, capacity 4486K, committed 4864K, reserved 1056768K
  class space    used 302K, capacity 386K, committed 512K, reserved 1048576K
}
{Heap before GC invocations=32 (full 4):
 PSYoungGen      total 89600K, used 76800K [0x00000007b9c00000, 0x00000007c0000000, 0x00000007c0000000)
  eden space 76800K, 100% used [0x00000007b9c00000,0x00000007be700000,0x00000007be700000)
  from space 12800K, 0% used [0x00000007be700000,0x00000007be700000,0x00000007bf380000)
  to   space 12800K, 0% used [0x00000007bf380000,0x00000007bf380000,0x00000007c0000000)
 ParOldGen       total 235520K, used 35463K [0x00000006c1800000, 0x00000006cfe00000, 0x00000007b9c00000)
  object space 235520K, 15% used [0x00000006c1800000,0x00000006c3aa1e80,0x00000006cfe00000)
 Metaspace       used 2707K, capacity 4486K, committed 4864K, reserved 1056768K
  class space    used 302K, capacity 386K, committed 512K, reserved 1048576K
Heap after GC invocations=32 (full 4):
 PSYoungGen      total 89600K, used 12800K [0x00000007b9c00000, 0x00000007c0000000, 0x00000007c0000000)
  eden space 76800K, 0% used [0x00000007b9c00000,0x00000007b9c00000,0x00000007be700000)
  from space 12800K, 100% used [0x00000007bf380000,0x00000007c0000000,0x00000007c0000000)
  to   space 12800K, 0% used [0x00000007be700000,0x00000007be700000,0x00000007bf380000)
 ParOldGen       total 235520K, used 55623K [0x00000006c1800000, 0x00000006cfe00000, 0x00000007b9c00000)
  object space 235520K, 23% used [0x00000006c1800000,0x00000006c4e51e80,0x00000006cfe00000)
 Metaspace       used 2707K, capacity 4486K, committed 4864K, reserved 1056768K
  class space    used 302K, capacity 386K, committed 512K, reserved 1048576K
}
{Heap before GC invocations=33 (full 4):
 PSYoungGen      total 89600K, used 89600K [0x00000007b9c00000, 0x00000007c0000000, 0x00000007c0000000)
  eden space 76800K, 100% used [0x00000007b9c00000,0x00000007be700000,0x00000007be700000)
  from space 12800K, 100% used [0x00000007bf380000,0x00000007c0000000,0x00000007c0000000)
  to   space 12800K, 0% used [0x00000007be700000,0x00000007be700000,0x00000007bf380000)
 ParOldGen       total 235520K, used 55623K [0x00000006c1800000, 0x00000006cfe00000, 0x00000007b9c00000)
  object space 235520K, 23% used [0x00000006c1800000,0x00000006c4e51e80,0x00000006cfe00000)
 Metaspace       used 2707K, capacity 4486K, committed 4864K, reserved 1056768K
  class space    used 302K, capacity 386K, committed 512K, reserved 1048576K
Heap after GC invocations=33 (full 4):
 PSYoungGen      total 89600K, used 12800K [0x00000007b9c00000, 0x00000007c0000000, 0x00000007c0000000)
  eden space 76800K, 0% used [0x00000007b9c00000,0x00000007b9c00000,0x00000007be700000)
  from space 12800K, 100% used [0x00000007be700000,0x00000007bf380000,0x00000007bf380000)
  to   space 12800K, 0% used [0x00000007bf380000,0x00000007bf380000,0x00000007c0000000)
 ParOldGen       total 235520K, used 75791K [0x00000006c1800000, 0x00000006cfe00000, 0x00000007b9c00000)
  object space 235520K, 32% used [0x00000006c1800000,0x00000006c6203e80,0x00000006cfe00000)
 Metaspace       used 2707K, capacity 4486K, committed 4864K, reserved 1056768K
  class space    used 302K, capacity 386K, committed 512K, reserved 1048576K
}
{Heap before GC invocations=34 (full 4):
 PSYoungGen      total 89600K, used 89600K [0x00000007b9c00000, 0x00000007c0000000, 0x00000007c0000000)
  eden space 76800K, 100% used [0x00000007b9c00000,0x00000007be700000,0x00000007be700000)
  from space 12800K, 100% used [0x00000007be700000,0x00000007bf380000,0x00000007bf380000)
  to   space 12800K, 0% used [0x00000007bf380000,0x00000007bf380000,0x00000007c0000000)
 ParOldGen       total 235520K, used 75791K [0x00000006c1800000, 0x00000006cfe00000, 0x00000007b9c00000)
  object space 235520K, 32% used [0x00000006c1800000,0x00000006c6203e80,0x00000006cfe00000)
 Metaspace       used 2707K, capacity 4486K, committed 4864K, reserved 1056768K
  class space    used 302K, capacity 386K, committed 512K, reserved 1048576K
Heap after GC invocations=34 (full 4):
 PSYoungGen      total 89600K, used 12800K [0x00000007b9c00000, 0x00000007c0000000, 0x00000007c0000000)
  eden space 76800K, 0% used [0x00000007b9c00000,0x00000007b9c00000,0x00000007be700000)
  from space 12800K, 100% used [0x00000007bf380000,0x00000007c0000000,0x00000007c0000000)
  to   space 12800K, 0% used [0x00000007be700000,0x00000007be700000,0x00000007bf380000)
 ParOldGen       total 235520K, used 95959K [0x00000006c1800000, 0x00000006cfe00000, 0x00000007b9c00000)
  object space 235520K, 40% used [0x00000006c1800000,0x00000006c75b5e80,0x00000006cfe00000)
 Metaspace       used 2707K, capacity 4486K, committed 4864K, reserved 1056768K
  class space    used 302K, capacity 386K, committed 512K, reserved 1048576K
}
{Heap before GC invocations=35 (full 4):
 PSYoungGen      total 89600K, used 89600K [0x00000007b9c00000, 0x00000007c0000000, 0x00000007c0000000)
  eden space 76800K, 100% used [0x00000007b9c00000,0x00000007be700000,0x00000007be700000)
  from space 12800K, 100% used [0x00000007bf380000,0x00000007c0000000,0x00000007c0000000)
  to   space 12800K, 0% used [0x00000007be700000,0x00000007be700000,0x00000007bf380000)
 ParOldGen       total 235520K, used 95959K [0x00000006c1800000, 0x00000006cfe00000, 0x00000007b9c00000)
  object space 235520K, 40% used [0x00000006c1800000,0x00000006c75b5e80,0x00000006cfe00000)
 Metaspace       used 2707K, capacity 4486K, committed 4864K, reserved 1056768K
  class space    used 302K, capacity 386K, committed 512K, reserved 1048576K
Heap after GC invocations=35 (full 4):
 PSYoungGen      total 89600K, used 12800K [0x00000007b9c00000, 0x00000007c0000000, 0x00000007c0000000)
  eden space 76800K, 0% used [0x00000007b9c00000,0x00000007b9c00000,0x00000007be700000)
  from space 12800K, 100% used [0x00000007be700000,0x00000007bf380000,0x00000007bf380000)
  to   space 12800K, 0% used [0x00000007bf380000,0x00000007bf380000,0x00000007c0000000)
 ParOldGen       total 235520K, used 116127K [0x00000006c1800000, 0x00000006cfe00000, 0x00000007b9c00000)
  object space 235520K, 49% used [0x00000006c1800000,0x00000006c8967e80,0x00000006cfe00000)
 Metaspace       used 2707K, capacity 4486K, committed 4864K, reserved 1056768K
  class space    used 302K, capacity 386K, committed 512K, reserved 1048576K
}
{Heap before GC invocations=36 (full 4):
 PSYoungGen      total 89600K, used 89600K [0x00000007b9c00000, 0x00000007c0000000, 0x00000007c0000000)
  eden space 76800K, 100% used [0x00000007b9c00000,0x00000007be700000,0x00000007be700000)
  from space 12800K, 100% used [0x00000007be700000,0x00000007bf380000,0x00000007bf380000)
  to   space 12800K, 0% used [0x00000007bf380000,0x00000007bf380000,0x00000007c0000000)
 ParOldGen       total 235520K, used 116127K [0x00000006c1800000, 0x00000006cfe00000, 0x00000007b9c00000)
  object space 235520K, 49% used [0x00000006c1800000,0x00000006c8967e80,0x00000006cfe00000)
 Metaspace       used 2707K, capacity 4486K, committed 4864K, reserved 1056768K
  class space    used 302K, capacity 386K, committed 512K, reserved 1048576K
Heap after GC invocations=36 (full 4):
 PSYoungGen      total 89600K, used 12800K [0x00000007b9c00000, 0x00000007c0000000, 0x00000007c0000000)
  eden space 76800K, 0% used [0x00000007b9c00000,0x00000007b9c00000,0x00000007be700000)
  from space 12800K, 100% used [0x00000007bf380000,0x00000007c0000000,0x00000007c0000000)
  to   space 12800K, 0% used [0x00000007be700000,0x00000007be700000,0x00000007bf380000)
 ParOldGen       total 235520K, used 136287K [0x00000006c1800000, 0x00000006cfe00000, 0x00000007b9c00000)
  object space 235520K, 57% used [0x00000006c1800000,0x00000006c9d17e80,0x00000006cfe00000)
 Metaspace       used 2707K, capacity 4486K, committed 4864K, reserved 1056768K
  class space    used 302K, capacity 386K, committed 512K, reserved 1048576K
}
{Heap before GC invocations=37 (full 4):
 PSYoungGen      total 89600K, used 89600K [0x00000007b9c00000, 0x00000007c0000000, 0x00000007c0000000)
  eden space 76800K, 100% used [0x00000007b9c00000,0x00000007be700000,0x00000007be700000)
  from space 12800K, 100% used [0x00000007bf380000,0x00000007c0000000,0x00000007c0000000)
  to   space 12800K, 0% used [0x00000007be700000,0x00000007be700000,0x00000007bf380000)
 ParOldGen       total 235520K, used 136287K [0x00000006c1800000, 0x00000006cfe00000, 0x00000007b9c00000)
  object space 235520K, 57% used [0x00000006c1800000,0x00000006c9d17e80,0x00000006cfe00000)
 Metaspace       used 2707K, capacity 4486K, committed 4864K, reserved 1056768K
  class space    used 302K, capacity 386K, committed 512K, reserved 1048576K
Heap after GC invocations=37 (full 4):
 PSYoungGen      total 89600K, used 12800K [0x00000007b9c00000, 0x00000007c0000000, 0x00000007c0000000)
  eden space 76800K, 0% used [0x00000007b9c00000,0x00000007b9c00000,0x00000007be700000)
  from space 12800K, 100% used [0x00000007be700000,0x00000007bf380000,0x00000007bf380000)
  to   space 12800K, 0% used [0x00000007bf380000,0x00000007bf380000,0x00000007c0000000)
 ParOldGen       total 235520K, used 156447K [0x00000006c1800000, 0x00000006cfe00000, 0x00000007b9c00000)
  object space 235520K, 66% used [0x00000006c1800000,0x00000006cb0c7e80,0x00000006cfe00000)
 Metaspace       used 2707K, capacity 4486K, committed 4864K, reserved 1056768K
  class space    used 302K, capacity 386K, committed 512K, reserved 1048576K
}
{Heap before GC invocations=38 (full 4):
 PSYoungGen      total 89600K, used 89600K [0x00000007b9c00000, 0x00000007c0000000, 0x00000007c0000000)
  eden space 76800K, 100% used [0x00000007b9c00000,0x00000007be700000,0x00000007be700000)
  from space 12800K, 100% used [0x00000007be700000,0x00000007bf380000,0x00000007bf380000)
  to   space 12800K, 0% used [0x00000007bf380000,0x00000007bf380000,0x00000007c0000000)
 ParOldGen       total 235520K, used 156447K [0x00000006c1800000, 0x00000006cfe00000, 0x00000007b9c00000)
  object space 235520K, 66% used [0x00000006c1800000,0x00000006cb0c7e80,0x00000006cfe00000)
 Metaspace       used 2707K, capacity 4486K, committed 4864K, reserved 1056768K
  class space    used 302K, capacity 386K, committed 512K, reserved 1048576K
Heap after GC invocations=38 (full 4):
 PSYoungGen      total 89600K, used 12800K [0x00000007b9c00000, 0x00000007c0000000, 0x00000007c0000000)
  eden space 76800K, 0% used [0x00000007b9c00000,0x00000007b9c00000,0x00000007be700000)
  from space 12800K, 100% used [0x00000007bf380000,0x00000007c0000000,0x00000007c0000000)
  to   space 12800K, 0% used [0x00000007be700000,0x00000007be700000,0x00000007bf380000)
 ParOldGen       total 235520K, used 176607K [0x00000006c1800000, 0x00000006cfe00000, 0x00000007b9c00000)
  object space 235520K, 74% used [0x00000006c1800000,0x00000006cc477e80,0x00000006cfe00000)
 Metaspace       used 2707K, capacity 4486K, committed 4864K, reserved 1056768K
  class space    used 302K, capacity 386K, committed 512K, reserved 1048576K
}
{Heap before GC invocations=39 (full 4):
 PSYoungGen      total 89600K, used 89600K [0x00000007b9c00000, 0x00000007c0000000, 0x00000007c0000000)
  eden space 76800K, 100% used [0x00000007b9c00000,0x00000007be700000,0x00000007be700000)
  from space 12800K, 100% used [0x00000007bf380000,0x00000007c0000000,0x00000007c0000000)
  to   space 12800K, 0% used [0x00000007be700000,0x00000007be700000,0x00000007bf380000)
 ParOldGen       total 235520K, used 176607K [0x00000006c1800000, 0x00000006cfe00000, 0x00000007b9c00000)
  object space 235520K, 74% used [0x00000006c1800000,0x00000006cc477e80,0x00000006cfe00000)
 Metaspace       used 2707K, capacity 4486K, committed 4864K, reserved 1056768K
  class space    used 302K, capacity 386K, committed 512K, reserved 1048576K
Heap after GC invocations=39 (full 4):
 PSYoungGen      total 89600K, used 12800K [0x00000007b9c00000, 0x00000007c0000000, 0x00000007c0000000)
  eden space 76800K, 0% used [0x00000007b9c00000,0x00000007b9c00000,0x00000007be700000)
  from space 12800K, 100% used [0x00000007be700000,0x00000007bf380000,0x00000007bf380000)
  to   space 12800K, 0% used [0x00000007bf380000,0x00000007bf380000,0x00000007c0000000)
 ParOldGen       total 235520K, used 196775K [0x00000006c1800000, 0x00000006cfe00000, 0x00000007b9c00000)
  object space 235520K, 83% used [0x00000006c1800000,0x00000006cd829e80,0x00000006cfe00000)
 Metaspace       used 2707K, capacity 4486K, committed 4864K, reserved 1056768K
  class space    used 302K, capacity 386K, committed 512K, reserved 1048576K
}
{Heap before GC invocations=40 (full 4):
 PSYoungGen      total 89600K, used 89600K [0x00000007b9c00000, 0x00000007c0000000, 0x00000007c0000000)
  eden space 76800K, 100% used [0x00000007b9c00000,0x00000007be700000,0x00000007be700000)
  from space 12800K, 100% used [0x00000007be700000,0x00000007bf380000,0x00000007bf380000)
  to   space 12800K, 0% used [0x00000007bf380000,0x00000007bf380000,0x00000007c0000000)
 ParOldGen       total 235520K, used 196775K [0x00000006c1800000, 0x00000006cfe00000, 0x00000007b9c00000)
  object space 235520K, 83% used [0x00000006c1800000,0x00000006cd829e80,0x00000006cfe00000)
 Metaspace       used 2707K, capacity 4486K, committed 4864K, reserved 1056768K
  class space    used 302K, capacity 386K, committed 512K, reserved 1048576K
Heap after GC invocations=40 (full 4):
 PSYoungGen      total 89600K, used 12800K [0x00000007b9c00000, 0x00000007c0000000, 0x00000007c0000000)
  eden space 76800K, 0% used [0x00000007b9c00000,0x00000007b9c00000,0x00000007be700000)
  from space 12800K, 100% used [0x00000007bf380000,0x00000007c0000000,0x00000007c0000000)
  to   space 12800K, 0% used [0x00000007be700000,0x00000007be700000,0x00000007bf380000)
 ParOldGen       total 235520K, used 216943K [0x00000006c1800000, 0x00000006cfe00000, 0x00000007b9c00000)
  object space 235520K, 92% used [0x00000006c1800000,0x00000006cebdbe80,0x00000006cfe00000)
 Metaspace       used 2707K, capacity 4486K, committed 4864K, reserved 1056768K
  class space    used 302K, capacity 386K, committed 512K, reserved 1048576K
}
{Heap before GC invocations=41 (full 5):
 PSYoungGen      total 89600K, used 12800K [0x00000007b9c00000, 0x00000007c0000000, 0x00000007c0000000)
  eden space 76800K, 0% used [0x00000007b9c00000,0x00000007b9c00000,0x00000007be700000)
  from space 12800K, 100% used [0x00000007bf380000,0x00000007c0000000,0x00000007c0000000)
  to   space 12800K, 0% used [0x00000007be700000,0x00000007be700000,0x00000007bf380000)
 ParOldGen       total 235520K, used 216943K [0x00000006c1800000, 0x00000006cfe00000, 0x00000007b9c00000)
  object space 235520K, 92% used [0x00000006c1800000,0x00000006cebdbe80,0x00000006cfe00000)
 Metaspace       used 2707K, capacity 4486K, committed 4864K, reserved 1056768K
  class space    used 302K, capacity 386K, committed 512K, reserved 1048576K
Heap after GC invocations=41 (full 5):
 PSYoungGen      total 89600K, used 0K [0x00000007b9c00000, 0x00000007c0000000, 0x00000007c0000000)
  eden space 76800K, 0% used [0x00000007b9c00000,0x00000007b9c00000,0x00000007be700000)
  from space 12800K, 0% used [0x00000007bf380000,0x00000007bf380000,0x00000007c0000000)
  to   space 12800K, 0% used [0x00000007be700000,0x00000007be700000,0x00000007bf380000)
 ParOldGen       total 252928K, used 35463K [0x00000006c1800000, 0x00000006d0f00000, 0x00000007b9c00000)
  object space 252928K, 14% used [0x00000006c1800000,0x00000006c3aa1e80,0x00000006d0f00000)
 Metaspace       used 2707K, capacity 4486K, committed 4864K, reserved 1056768K
  class space    used 302K, capacity 386K, committed 512K, reserved 1048576K
}
{Heap before GC invocations=42 (full 5):
 PSYoungGen      total 89600K, used 76800K [0x00000007b9c00000, 0x00000007c0000000, 0x00000007c0000000)
  eden space 76800K, 100% used [0x00000007b9c00000,0x00000007be700000,0x00000007be700000)
  from space 12800K, 0% used [0x00000007bf380000,0x00000007bf380000,0x00000007c0000000)
  to   space 12800K, 0% used [0x00000007be700000,0x00000007be700000,0x00000007bf380000)
 ParOldGen       total 252928K, used 35463K [0x00000006c1800000, 0x00000006d0f00000, 0x00000007b9c00000)
  object space 252928K, 14% used [0x00000006c1800000,0x00000006c3aa1e80,0x00000006d0f00000)
 Metaspace       used 2707K, capacity 4486K, committed 4864K, reserved 1056768K
  class space    used 302K, capacity 386K, committed 512K, reserved 1048576K
Heap after GC invocations=42 (full 5):
 PSYoungGen      total 89600K, used 12800K [0x00000007b9c00000, 0x00000007c0000000, 0x00000007c0000000)
  eden space 76800K, 0% used [0x00000007b9c00000,0x00000007b9c00000,0x00000007be700000)
  from space 12800K, 100% used [0x00000007be700000,0x00000007bf380000,0x00000007bf380000)
  to   space 12800K, 0% used [0x00000007bf380000,0x00000007bf380000,0x00000007c0000000)
 ParOldGen       total 252928K, used 55623K [0x00000006c1800000, 0x00000006d0f00000, 0x00000007b9c00000)
  object space 252928K, 21% used [0x00000006c1800000,0x00000006c4e51e80,0x00000006d0f00000)
 Metaspace       used 2707K, capacity 4486K, committed 4864K, reserved 1056768K
  class space    used 302K, capacity 386K, committed 512K, reserved 1048576K
}
{Heap before GC invocations=43 (full 5):
 PSYoungGen      total 89600K, used 89600K [0x00000007b9c00000, 0x00000007c0000000, 0x00000007c0000000)
  eden space 76800K, 100% used [0x00000007b9c00000,0x00000007be700000,0x00000007be700000)
  from space 12800K, 100% used [0x00000007be700000,0x00000007bf380000,0x00000007bf380000)
  to   space 12800K, 0% used [0x00000007bf380000,0x00000007bf380000,0x00000007c0000000)
 ParOldGen       total 252928K, used 55623K [0x00000006c1800000, 0x00000006d0f00000, 0x00000007b9c00000)
  object space 252928K, 21% used [0x00000006c1800000,0x00000006c4e51e80,0x00000006d0f00000)
 Metaspace       used 2707K, capacity 4486K, committed 4864K, reserved 1056768K
  class space    used 302K, capacity 386K, committed 512K, reserved 1048576K
Heap after GC invocations=43 (full 5):
 PSYoungGen      total 89600K, used 12800K [0x00000007b9c00000, 0x00000007c0000000, 0x00000007c0000000)
  eden space 76800K, 0% used [0x00000007b9c00000,0x00000007b9c00000,0x00000007be700000)
  from space 12800K, 100% used [0x00000007bf380000,0x00000007c0000000,0x00000007c0000000)
  to   space 12800K, 0% used [0x00000007be700000,0x00000007be700000,0x00000007bf380000)
 ParOldGen       total 252928K, used 75791K [0x00000006c1800000, 0x00000006d0f00000, 0x00000007b9c00000)
  object space 252928K, 29% used [0x00000006c1800000,0x00000006c6203e80,0x00000006d0f00000)
 Metaspace       used 2707K, capacity 4486K, committed 4864K, reserved 1056768K
  class space    used 302K, capacity 386K, committed 512K, reserved 1048576K
}
{Heap before GC invocations=44 (full 5):
 PSYoungGen      total 89600K, used 89600K [0x00000007b9c00000, 0x00000007c0000000, 0x00000007c0000000)
  eden space 76800K, 100% used [0x00000007b9c00000,0x00000007be700000,0x00000007be700000)
  from space 12800K, 100% used [0x00000007bf380000,0x00000007c0000000,0x00000007c0000000)
  to   space 12800K, 0% used [0x00000007be700000,0x00000007be700000,0x00000007bf380000)
 ParOldGen       total 252928K, used 75791K [0x00000006c1800000, 0x00000006d0f00000, 0x00000007b9c00000)
  object space 252928K, 29% used [0x00000006c1800000,0x00000006c6203e80,0x00000006d0f00000)
 Metaspace       used 2707K, capacity 4486K, committed 4864K, reserved 1056768K
  class space    used 302K, capacity 386K, committed 512K, reserved 1048576K
Heap after GC invocations=44 (full 5):
 PSYoungGen      total 89600K, used 12800K [0x00000007b9c00000, 0x00000007c0000000, 0x00000007c0000000)
  eden space 76800K, 0% used [0x00000007b9c00000,0x00000007b9c00000,0x00000007be700000)
  from space 12800K, 100% used [0x00000007be700000,0x00000007bf380000,0x00000007bf380000)
  to   space 12800K, 0% used [0x00000007bf380000,0x00000007bf380000,0x00000007c0000000)
 ParOldGen       total 252928K, used 95951K [0x00000006c1800000, 0x00000006d0f00000, 0x00000007b9c00000)
  object space 252928K, 37% used [0x00000006c1800000,0x00000006c75b3e80,0x00000006d0f00000)
 Metaspace       used 2707K, capacity 4486K, committed 4864K, reserved 1056768K
  class space    used 302K, capacity 386K, committed 512K, reserved 1048576K
}
{Heap before GC invocations=45 (full 5):
 PSYoungGen      total 89600K, used 89600K [0x00000007b9c00000, 0x00000007c0000000, 0x00000007c0000000)
  eden space 76800K, 100% used [0x00000007b9c00000,0x00000007be700000,0x00000007be700000)
  from space 12800K, 100% used [0x00000007be700000,0x00000007bf380000,0x00000007bf380000)
  to   space 12800K, 0% used [0x00000007bf380000,0x00000007bf380000,0x00000007c0000000)
 ParOldGen       total 252928K, used 95951K [0x00000006c1800000, 0x00000006d0f00000, 0x00000007b9c00000)
  object space 252928K, 37% used [0x00000006c1800000,0x00000006c75b3e80,0x00000006d0f00000)
 Metaspace       used 2707K, capacity 4486K, committed 4864K, reserved 1056768K
  class space    used 302K, capacity 386K, committed 512K, reserved 1048576K
Heap after GC invocations=45 (full 5):
 PSYoungGen      total 89600K, used 12800K [0x00000007b9c00000, 0x00000007c0000000, 0x00000007c0000000)
  eden space 76800K, 0% used [0x00000007b9c00000,0x00000007b9c00000,0x00000007be700000)
  from space 12800K, 100% used [0x00000007bf380000,0x00000007c0000000,0x00000007c0000000)
  to   space 12800K, 0% used [0x00000007be700000,0x00000007be700000,0x00000007bf380000)
 ParOldGen       total 252928K, used 116119K [0x00000006c1800000, 0x00000006d0f00000, 0x00000007b9c00000)
  object space 252928K, 45% used [0x00000006c1800000,0x00000006c8965e80,0x00000006d0f00000)
 Metaspace       used 2707K, capacity 4486K, committed 4864K, reserved 1056768K
  class space    used 302K, capacity 386K, committed 512K, reserved 1048576K
}
{Heap before GC invocations=46 (full 5):
 PSYoungGen      total 89600K, used 89600K [0x00000007b9c00000, 0x00000007c0000000, 0x00000007c0000000)
  eden space 76800K, 100% used [0x00000007b9c00000,0x00000007be700000,0x00000007be700000)
  from space 12800K, 100% used [0x00000007bf380000,0x00000007c0000000,0x00000007c0000000)
  to   space 12800K, 0% used [0x00000007be700000,0x00000007be700000,0x00000007bf380000)
 ParOldGen       total 252928K, used 116119K [0x00000006c1800000, 0x00000006d0f00000, 0x00000007b9c00000)
  object space 252928K, 45% used [0x00000006c1800000,0x00000006c8965e80,0x00000006d0f00000)
 Metaspace       used 2707K, capacity 4486K, committed 4864K, reserved 1056768K
  class space    used 302K, capacity 386K, committed 512K, reserved 1048576K
Heap after GC invocations=46 (full 5):
 PSYoungGen      total 89600K, used 12800K [0x00000007b9c00000, 0x00000007c0000000, 0x00000007c0000000)
  eden space 76800K, 0% used [0x00000007b9c00000,0x00000007b9c00000,0x00000007be700000)
  from space 12800K, 100% used [0x00000007be700000,0x00000007bf380000,0x00000007bf380000)
  to   space 12800K, 0% used [0x00000007bf380000,0x00000007bf380000,0x00000007c0000000)
 ParOldGen       total 252928K, used 136287K [0x00000006c1800000, 0x00000006d0f00000, 0x00000007b9c00000)
  object space 252928K, 53% used [0x00000006c1800000,0x00000006c9d17e80,0x00000006d0f00000)
 Metaspace       used 2707K, capacity 4486K, committed 4864K, reserved 1056768K
  class space    used 302K, capacity 386K, committed 512K, reserved 1048576K
}
{Heap before GC invocations=47 (full 5):
 PSYoungGen      total 89600K, used 89600K [0x00000007b9c00000, 0x00000007c0000000, 0x00000007c0000000)
  eden space 76800K, 100% used [0x00000007b9c00000,0x00000007be700000,0x00000007be700000)
  from space 12800K, 100% used [0x00000007be700000,0x00000007bf380000,0x00000007bf380000)
  to   space 12800K, 0% used [0x00000007bf380000,0x00000007bf380000,0x00000007c0000000)
 ParOldGen       total 252928K, used 136287K [0x00000006c1800000, 0x00000006d0f00000, 0x00000007b9c00000)
  object space 252928K, 53% used [0x00000006c1800000,0x00000006c9d17e80,0x00000006d0f00000)
 Metaspace       used 2707K, capacity 4486K, committed 4864K, reserved 1056768K
  class space    used 302K, capacity 386K, committed 512K, reserved 1048576K
Heap after GC invocations=47 (full 5):
 PSYoungGen      total 89600K, used 12800K [0x00000007b9c00000, 0x00000007c0000000, 0x00000007c0000000)
  eden space 76800K, 0% used [0x00000007b9c00000,0x00000007b9c00000,0x00000007be700000)
  from space 12800K, 100% used [0x00000007bf380000,0x00000007c0000000,0x00000007c0000000)
  to   space 12800K, 0% used [0x00000007be700000,0x00000007be700000,0x00000007bf380000)
 ParOldGen       total 252928K, used 156455K [0x00000006c1800000, 0x00000006d0f00000, 0x00000007b9c00000)
  object space 252928K, 61% used [0x00000006c1800000,0x00000006cb0c9e80,0x00000006d0f00000)
 Metaspace       used 2707K, capacity 4486K, committed 4864K, reserved 1056768K
  class space    used 302K, capacity 386K, committed 512K, reserved 1048576K
}
{Heap before GC invocations=48 (full 5):
 PSYoungGen      total 89600K, used 89600K [0x00000007b9c00000, 0x00000007c0000000, 0x00000007c0000000)
  eden space 76800K, 100% used [0x00000007b9c00000,0x00000007be700000,0x00000007be700000)
  from space 12800K, 100% used [0x00000007bf380000,0x00000007c0000000,0x00000007c0000000)
  to   space 12800K, 0% used [0x00000007be700000,0x00000007be700000,0x00000007bf380000)
 ParOldGen       total 252928K, used 156455K [0x00000006c1800000, 0x00000006d0f00000, 0x00000007b9c00000)
  object space 252928K, 61% used [0x00000006c1800000,0x00000006cb0c9e80,0x00000006d0f00000)
 Metaspace       used 2707K, capacity 4486K, committed 4864K, reserved 1056768K
  class space    used 302K, capacity 386K, committed 512K, reserved 1048576K
Heap after GC invocations=48 (full 5):
 PSYoungGen      total 89600K, used 12800K [0x00000007b9c00000, 0x00000007c0000000, 0x00000007c0000000)
  eden space 76800K, 0% used [0x00000007b9c00000,0x00000007b9c00000,0x00000007be700000)
  from space 12800K, 100% used [0x00000007be700000,0x00000007bf380000,0x00000007bf380000)
  to   space 12800K, 0% used [0x00000007bf380000,0x00000007bf380000,0x00000007c0000000)
 ParOldGen       total 252928K, used 176623K [0x00000006c1800000, 0x00000006d0f00000, 0x00000007b9c00000)
  object space 252928K, 69% used [0x00000006c1800000,0x00000006cc47be80,0x00000006d0f00000)
 Metaspace       used 2707K, capacity 4486K, committed 4864K, reserved 1056768K
  class space    used 302K, capacity 386K, committed 512K, reserved 1048576K
}
{Heap before GC invocations=49 (full 5):
 PSYoungGen      total 89600K, used 89600K [0x00000007b9c00000, 0x00000007c0000000, 0x00000007c0000000)
  eden space 76800K, 100% used [0x00000007b9c00000,0x00000007be700000,0x00000007be700000)
  from space 12800K, 100% used [0x00000007be700000,0x00000007bf380000,0x00000007bf380000)
  to   space 12800K, 0% used [0x00000007bf380000,0x00000007bf380000,0x00000007c0000000)
 ParOldGen       total 252928K, used 176623K [0x00000006c1800000, 0x00000006d0f00000, 0x00000007b9c00000)
  object space 252928K, 69% used [0x00000006c1800000,0x00000006cc47be80,0x00000006d0f00000)
 Metaspace       used 2707K, capacity 4486K, committed 4864K, reserved 1056768K
  class space    used 302K, capacity 386K, committed 512K, reserved 1048576K
Heap after GC invocations=49 (full 5):
 PSYoungGen      total 89600K, used 12800K [0x00000007b9c00000, 0x00000007c0000000, 0x00000007c0000000)
  eden space 76800K, 0% used [0x00000007b9c00000,0x00000007b9c00000,0x00000007be700000)
  from space 12800K, 100% used [0x00000007bf380000,0x00000007c0000000,0x00000007c0000000)
  to   space 12800K, 0% used [0x00000007be700000,0x00000007be700000,0x00000007bf380000)
 ParOldGen       total 252928K, used 196791K [0x00000006c1800000, 0x00000006d0f00000, 0x00000007b9c00000)
  object space 252928K, 77% used [0x00000006c1800000,0x00000006cd82de80,0x00000006d0f00000)
 Metaspace       used 2707K, capacity 4486K, committed 4864K, reserved 1056768K
  class space    used 302K, capacity 386K, committed 512K, reserved 1048576K
}
{Heap before GC invocations=50 (full 5):
 PSYoungGen      total 89600K, used 89600K [0x00000007b9c00000, 0x00000007c0000000, 0x00000007c0000000)
  eden space 76800K, 100% used [0x00000007b9c00000,0x00000007be700000,0x00000007be700000)
  from space 12800K, 100% used [0x00000007bf380000,0x00000007c0000000,0x00000007c0000000)
  to   space 12800K, 0% used [0x00000007be700000,0x00000007be700000,0x00000007bf380000)
 ParOldGen       total 252928K, used 196791K [0x00000006c1800000, 0x00000006d0f00000, 0x00000007b9c00000)
  object space 252928K, 77% used [0x00000006c1800000,0x00000006cd82de80,0x00000006d0f00000)
 Metaspace       used 2707K, capacity 4486K, committed 4864K, reserved 1056768K
  class space    used 302K, capacity 386K, committed 512K, reserved 1048576K
Heap after GC invocations=50 (full 5):
 PSYoungGen      total 89600K, used 12800K [0x00000007b9c00000, 0x00000007c0000000, 0x00000007c0000000)
  eden space 76800K, 0% used [0x00000007b9c00000,0x00000007b9c00000,0x00000007be700000)
  from space 12800K, 100% used [0x00000007be700000,0x00000007bf380000,0x00000007bf380000)
  to   space 12800K, 0% used [0x00000007bf380000,0x00000007bf380000,0x00000007c0000000)
 ParOldGen       total 252928K, used 216951K [0x00000006c1800000, 0x00000006d0f00000, 0x00000007b9c00000)
  object space 252928K, 85% used [0x00000006c1800000,0x00000006cebdde80,0x00000006d0f00000)
 Metaspace       used 2707K, capacity 4486K, committed 4864K, reserved 1056768K
  class space    used 302K, capacity 386K, committed 512K, reserved 1048576K
}
{Heap before GC invocations=51 (full 5):
 PSYoungGen      total 89600K, used 89600K [0x00000007b9c00000, 0x00000007c0000000, 0x00000007c0000000)
  eden space 76800K, 100% used [0x00000007b9c00000,0x00000007be700000,0x00000007be700000)
  from space 12800K, 100% used [0x00000007be700000,0x00000007bf380000,0x00000007bf380000)
  to   space 12800K, 0% used [0x00000007bf380000,0x00000007bf380000,0x00000007c0000000)
 ParOldGen       total 252928K, used 216951K [0x00000006c1800000, 0x00000006d0f00000, 0x00000007b9c00000)
  object space 252928K, 85% used [0x00000006c1800000,0x00000006cebdde80,0x00000006d0f00000)
 Metaspace       used 2707K, capacity 4486K, committed 4864K, reserved 1056768K
  class space    used 302K, capacity 386K, committed 512K, reserved 1048576K
Heap after GC invocations=51 (full 5):
 PSYoungGen      total 89600K, used 12800K [0x00000007b9c00000, 0x00000007c0000000, 0x00000007c0000000)
  eden space 76800K, 0% used [0x00000007b9c00000,0x00000007b9c00000,0x00000007be700000)
  from space 12800K, 100% used [0x00000007bf380000,0x00000007c0000000,0x00000007c0000000)
  to   space 12800K, 0% used [0x00000007be700000,0x00000007be700000,0x00000007bf380000)
 ParOldGen       total 252928K, used 237119K [0x00000006c1800000, 0x00000006d0f00000, 0x00000007b9c00000)
  object space 252928K, 93% used [0x00000006c1800000,0x00000006cff8fe80,0x00000006d0f00000)
 Metaspace       used 2707K, capacity 4486K, committed 4864K, reserved 1056768K
  class space    used 302K, capacity 386K, committed 512K, reserved 1048576K
}
{Heap before GC invocations=52 (full 6):
 PSYoungGen      total 89600K, used 12800K [0x00000007b9c00000, 0x00000007c0000000, 0x00000007c0000000)
  eden space 76800K, 0% used [0x00000007b9c00000,0x00000007b9c00000,0x00000007be700000)
  from space 12800K, 100% used [0x00000007bf380000,0x00000007c0000000,0x00000007c0000000)
  to   space 12800K, 0% used [0x00000007be700000,0x00000007be700000,0x00000007bf380000)
 ParOldGen       total 252928K, used 237119K [0x00000006c1800000, 0x00000006d0f00000, 0x00000007b9c00000)
  object space 252928K, 93% used [0x00000006c1800000,0x00000006cff8fe80,0x00000006d0f00000)
 Metaspace       used 2707K, capacity 4486K, committed 4864K, reserved 1056768K
  class space    used 302K, capacity 386K, committed 512K, reserved 1048576K
Heap after GC invocations=52 (full 6):
 PSYoungGen      total 89600K, used 0K [0x00000007b9c00000, 0x00000007c0000000, 0x00000007c0000000)
  eden space 76800K, 0% used [0x00000007b9c00000,0x00000007b9c00000,0x00000007be700000)
  from space 12800K, 0% used [0x00000007bf380000,0x00000007bf380000,0x00000007c0000000)
  to   space 12800K, 0% used [0x00000007be700000,0x00000007be700000,0x00000007bf380000)
 ParOldGen       total 271872K, used 35463K [0x00000006c1800000, 0x00000006d2180000, 0x00000007b9c00000)
  object space 271872K, 13% used [0x00000006c1800000,0x00000006c3aa1e80,0x00000006d2180000)
 Metaspace       used 2707K, capacity 4486K, committed 4864K, reserved 1056768K
  class space    used 302K, capacity 386K, committed 512K, reserved 1048576K
}
{Heap before GC invocations=53 (full 6):
 PSYoungGen      total 89600K, used 76800K [0x00000007b9c00000, 0x00000007c0000000, 0x00000007c0000000)
  eden space 76800K, 100% used [0x00000007b9c00000,0x00000007be700000,0x00000007be700000)
  from space 12800K, 0% used [0x00000007bf380000,0x00000007bf380000,0x00000007c0000000)
  to   space 12800K, 0% used [0x00000007be700000,0x00000007be700000,0x00000007bf380000)
 ParOldGen       total 271872K, used 35463K [0x00000006c1800000, 0x00000006d2180000, 0x00000007b9c00000)
  object space 271872K, 13% used [0x00000006c1800000,0x00000006c3aa1e80,0x00000006d2180000)
 Metaspace       used 2707K, capacity 4486K, committed 4864K, reserved 1056768K
  class space    used 302K, capacity 386K, committed 512K, reserved 1048576K
Heap after GC invocations=53 (full 6):
 PSYoungGen      total 89600K, used 12800K [0x00000007b9c00000, 0x00000007c0000000, 0x00000007c0000000)
  eden space 76800K, 0% used [0x00000007b9c00000,0x00000007b9c00000,0x00000007be700000)
  from space 12800K, 100% used [0x00000007be700000,0x00000007bf380000,0x00000007bf380000)
  to   space 12800K, 0% used [0x00000007bf380000,0x00000007bf380000,0x00000007c0000000)
 ParOldGen       total 271872K, used 55631K [0x00000006c1800000, 0x00000006d2180000, 0x00000007b9c00000)
  object space 271872K, 20% used [0x00000006c1800000,0x00000006c4e53e80,0x00000006d2180000)
 Metaspace       used 2707K, capacity 4486K, committed 4864K, reserved 1056768K
  class space    used 302K, capacity 386K, committed 512K, reserved 1048576K
}
{Heap before GC invocations=54 (full 6):
 PSYoungGen      total 89600K, used 89600K [0x00000007b9c00000, 0x00000007c0000000, 0x00000007c0000000)
  eden space 76800K, 100% used [0x00000007b9c00000,0x00000007be700000,0x00000007be700000)
  from space 12800K, 100% used [0x00000007be700000,0x00000007bf380000,0x00000007bf380000)
  to   space 12800K, 0% used [0x00000007bf380000,0x00000007bf380000,0x00000007c0000000)
 ParOldGen       total 271872K, used 55631K [0x00000006c1800000, 0x00000006d2180000, 0x00000007b9c00000)
  object space 271872K, 20% used [0x00000006c1800000,0x00000006c4e53e80,0x00000006d2180000)
 Metaspace       used 2707K, capacity 4486K, committed 4864K, reserved 1056768K
  class space    used 302K, capacity 386K, committed 512K, reserved 1048576K
Heap after GC invocations=54 (full 6):
 PSYoungGen      total 89600K, used 12800K [0x00000007b9c00000, 0x00000007c0000000, 0x00000007c0000000)
  eden space 76800K, 0% used [0x00000007b9c00000,0x00000007b9c00000,0x00000007be700000)
  from space 12800K, 100% used [0x00000007bf380000,0x00000007c0000000,0x00000007c0000000)
  to   space 12800K, 0% used [0x00000007be700000,0x00000007be700000,0x00000007bf380000)
 ParOldGen       total 271872K, used 75799K [0x00000006c1800000, 0x00000006d2180000, 0x00000007b9c00000)
  object space 271872K, 27% used [0x00000006c1800000,0x00000006c6205e80,0x00000006d2180000)
 Metaspace       used 2707K, capacity 4486K, committed 4864K, reserved 1056768K
  class space    used 302K, capacity 386K, committed 512K, reserved 1048576K
}
{Heap before GC invocations=55 (full 6):
 PSYoungGen      total 89600K, used 89600K [0x00000007b9c00000, 0x00000007c0000000, 0x00000007c0000000)
  eden space 76800K, 100% used [0x00000007b9c00000,0x00000007be700000,0x00000007be700000)
  from space 12800K, 100% used [0x00000007bf380000,0x00000007c0000000,0x00000007c0000000)
  to   space 12800K, 0% used [0x00000007be700000,0x00000007be700000,0x00000007bf380000)
 ParOldGen       total 271872K, used 75799K [0x00000006c1800000, 0x00000006d2180000, 0x00000007b9c00000)
  object space 271872K, 27% used [0x00000006c1800000,0x00000006c6205e80,0x00000006d2180000)
 Metaspace       used 2707K, capacity 4486K, committed 4864K, reserved 1056768K
  class space    used 302K, capacity 386K, committed 512K, reserved 1048576K
Heap after GC invocations=55 (full 6):
 PSYoungGen      total 89600K, used 12800K [0x00000007b9c00000, 0x00000007c0000000, 0x00000007c0000000)
  eden space 76800K, 0% used [0x00000007b9c00000,0x00000007b9c00000,0x00000007be700000)
  from space 12800K, 100% used [0x00000007be700000,0x00000007bf380000,0x00000007bf380000)
  to   space 12800K, 0% used [0x00000007bf380000,0x00000007bf380000,0x00000007c0000000)
 ParOldGen       total 271872K, used 95967K [0x00000006c1800000, 0x00000006d2180000, 0x00000007b9c00000)
  object space 271872K, 35% used [0x00000006c1800000,0x00000006c75b7e80,0x00000006d2180000)
 Metaspace       used 2707K, capacity 4486K, committed 4864K, reserved 1056768K
  class space    used 302K, capacity 386K, committed 512K, reserved 1048576K
}
{Heap before GC invocations=56 (full 6):
 PSYoungGen      total 89600K, used 89600K [0x00000007b9c00000, 0x00000007c0000000, 0x00000007c0000000)
  eden space 76800K, 100% used [0x00000007b9c00000,0x00000007be700000,0x00000007be700000)
  from space 12800K, 100% used [0x00000007be700000,0x00000007bf380000,0x00000007bf380000)
  to   space 12800K, 0% used [0x00000007bf380000,0x00000007bf380000,0x00000007c0000000)
 ParOldGen       total 271872K, used 95967K [0x00000006c1800000, 0x00000006d2180000, 0x00000007b9c00000)
  object space 271872K, 35% used [0x00000006c1800000,0x00000006c75b7e80,0x00000006d2180000)
 Metaspace       used 2707K, capacity 4486K, committed 4864K, reserved 1056768K
  class space    used 302K, capacity 386K, committed 512K, reserved 1048576K
Heap after GC invocations=56 (full 6):
 PSYoungGen      total 89600K, used 12800K [0x00000007b9c00000, 0x00000007c0000000, 0x00000007c0000000)
  eden space 76800K, 0% used [0x00000007b9c00000,0x00000007b9c00000,0x00000007be700000)
  from space 12800K, 100% used [0x00000007bf380000,0x00000007c0000000,0x00000007c0000000)
  to   space 12800K, 0% used [0x00000007be700000,0x00000007be700000,0x00000007bf380000)
 ParOldGen       total 271872K, used 116135K [0x00000006c1800000, 0x00000006d2180000, 0x00000007b9c00000)
  object space 271872K, 42% used [0x00000006c1800000,0x00000006c8969e80,0x00000006d2180000)
 Metaspace       used 2707K, capacity 4486K, committed 4864K, reserved 1056768K
  class space    used 302K, capacity 386K, committed 512K, reserved 1048576K
}
{Heap before GC invocations=57 (full 6):
 PSYoungGen      total 89600K, used 89600K [0x00000007b9c00000, 0x00000007c0000000, 0x00000007c0000000)
  eden space 76800K, 100% used [0x00000007b9c00000,0x00000007be700000,0x00000007be700000)
  from space 12800K, 100% used [0x00000007bf380000,0x00000007c0000000,0x00000007c0000000)
  to   space 12800K, 0% used [0x00000007be700000,0x00000007be700000,0x00000007bf380000)
 ParOldGen       total 271872K, used 116135K [0x00000006c1800000, 0x00000006d2180000, 0x00000007b9c00000)
  object space 271872K, 42% used [0x00000006c1800000,0x00000006c8969e80,0x00000006d2180000)
 Metaspace       used 2707K, capacity 4486K, committed 4864K, reserved 1056768K
  class space    used 302K, capacity 386K, committed 512K, reserved 1048576K
Heap after GC invocations=57 (full 6):
 PSYoungGen      total 89600K, used 12800K [0x00000007b9c00000, 0x00000007c0000000, 0x00000007c0000000)
  eden space 76800K, 0% used [0x00000007b9c00000,0x00000007b9c00000,0x00000007be700000)
  from space 12800K, 100% used [0x00000007be700000,0x00000007bf380000,0x00000007bf380000)
  to   space 12800K, 0% used [0x00000007bf380000,0x00000007bf380000,0x00000007c0000000)
 ParOldGen       total 271872K, used 136303K [0x00000006c1800000, 0x00000006d2180000, 0x00000007b9c00000)
  object space 271872K, 50% used [0x00000006c1800000,0x00000006c9d1be80,0x00000006d2180000)
 Metaspace       used 2707K, capacity 4486K, committed 4864K, reserved 1056768K
  class space    used 302K, capacity 386K, committed 512K, reserved 1048576K
}
{Heap before GC invocations=58 (full 6):
 PSYoungGen      total 89600K, used 89600K [0x00000007b9c00000, 0x00000007c0000000, 0x00000007c0000000)
  eden space 76800K, 100% used [0x00000007b9c00000,0x00000007be700000,0x00000007be700000)
  from space 12800K, 100% used [0x00000007be700000,0x00000007bf380000,0x00000007bf380000)
  to   space 12800K, 0% used [0x00000007bf380000,0x00000007bf380000,0x00000007c0000000)
 ParOldGen       total 271872K, used 136303K [0x00000006c1800000, 0x00000006d2180000, 0x00000007b9c00000)
  object space 271872K, 50% used [0x00000006c1800000,0x00000006c9d1be80,0x00000006d2180000)
 Metaspace       used 2707K, capacity 4486K, committed 4864K, reserved 1056768K
  class space    used 302K, capacity 386K, committed 512K, reserved 1048576K
Heap after GC invocations=58 (full 6):
 PSYoungGen      total 89600K, used 12800K [0x00000007b9c00000, 0x00000007c0000000, 0x00000007c0000000)
  eden space 76800K, 0% used [0x00000007b9c00000,0x00000007b9c00000,0x00000007be700000)
  from space 12800K, 100% used [0x00000007bf380000,0x00000007c0000000,0x00000007c0000000)
  to   space 12800K, 0% used [0x00000007be700000,0x00000007be700000,0x00000007bf380000)
 ParOldGen       total 271872K, used 156471K [0x00000006c1800000, 0x00000006d2180000, 0x00000007b9c00000)
  object space 271872K, 57% used [0x00000006c1800000,0x00000006cb0cde80,0x00000006d2180000)
 Metaspace       used 2707K, capacity 4486K, committed 4864K, reserved 1056768K
  class space    used 302K, capacity 386K, committed 512K, reserved 1048576K
}
{Heap before GC invocations=59 (full 6):
 PSYoungGen      total 89600K, used 89600K [0x00000007b9c00000, 0x00000007c0000000, 0x00000007c0000000)
  eden space 76800K, 100% used [0x00000007b9c00000,0x00000007be700000,0x00000007be700000)
  from space 12800K, 100% used [0x00000007bf380000,0x00000007c0000000,0x00000007c0000000)
  to   space 12800K, 0% used [0x00000007be700000,0x00000007be700000,0x00000007bf380000)
 ParOldGen       total 271872K, used 156471K [0x00000006c1800000, 0x00000006d2180000, 0x00000007b9c00000)
  object space 271872K, 57% used [0x00000006c1800000,0x00000006cb0cde80,0x00000006d2180000)
 Metaspace       used 2707K, capacity 4486K, committed 4864K, reserved 1056768K
  class space    used 302K, capacity 386K, committed 512K, reserved 1048576K
Heap after GC invocations=59 (full 6):
 PSYoungGen      total 89600K, used 12800K [0x00000007b9c00000, 0x00000007c0000000, 0x00000007c0000000)
  eden space 76800K, 0% used [0x00000007b9c00000,0x00000007b9c00000,0x00000007be700000)
  from space 12800K, 100% used [0x00000007be700000,0x00000007bf380000,0x00000007bf380000)
  to   space 12800K, 0% used [0x00000007bf380000,0x00000007bf380000,0x00000007c0000000)
 ParOldGen       total 271872K, used 176631K [0x00000006c1800000, 0x00000006d2180000, 0x00000007b9c00000)
  object space 271872K, 64% used [0x00000006c1800000,0x00000006cc47de80,0x00000006d2180000)
 Metaspace       used 2707K, capacity 4486K, committed 4864K, reserved 1056768K
  class space    used 302K, capacity 386K, committed 512K, reserved 1048576K
}
{Heap before GC invocations=60 (full 6):
 PSYoungGen      total 89600K, used 89600K [0x00000007b9c00000, 0x00000007c0000000, 0x00000007c0000000)
  eden space 76800K, 100% used [0x00000007b9c00000,0x00000007be700000,0x00000007be700000)
  from space 12800K, 100% used [0x00000007be700000,0x00000007bf380000,0x00000007bf380000)
  to   space 12800K, 0% used [0x00000007bf380000,0x00000007bf380000,0x00000007c0000000)
 ParOldGen       total 271872K, used 176631K [0x00000006c1800000, 0x00000006d2180000, 0x00000007b9c00000)
  object space 271872K, 64% used [0x00000006c1800000,0x00000006cc47de80,0x00000006d2180000)
 Metaspace       used 2707K, capacity 4486K, committed 4864K, reserved 1056768K
  class space    used 302K, capacity 386K, committed 512K, reserved 1048576K
Heap after GC invocations=60 (full 6):
 PSYoungGen      total 89600K, used 12800K [0x00000007b9c00000, 0x00000007c0000000, 0x00000007c0000000)
  eden space 76800K, 0% used [0x00000007b9c00000,0x00000007b9c00000,0x00000007be700000)
  from space 12800K, 100% used [0x00000007bf380000,0x00000007c0000000,0x00000007c0000000)
  to   space 12800K, 0% used [0x00000007be700000,0x00000007be700000,0x00000007bf380000)
 ParOldGen       total 271872K, used 196799K [0x00000006c1800000, 0x00000006d2180000, 0x00000007b9c00000)
  object space 271872K, 72% used [0x00000006c1800000,0x00000006cd82fe80,0x00000006d2180000)
 Metaspace       used 2707K, capacity 4486K, committed 4864K, reserved 1056768K
  class space    used 302K, capacity 386K, committed 512K, reserved 1048576K
}
{Heap before GC invocations=61 (full 6):
 PSYoungGen      total 89600K, used 89600K [0x00000007b9c00000, 0x00000007c0000000, 0x00000007c0000000)
  eden space 76800K, 100% used [0x00000007b9c00000,0x00000007be700000,0x00000007be700000)
  from space 12800K, 100% used [0x00000007bf380000,0x00000007c0000000,0x00000007c0000000)
  to   space 12800K, 0% used [0x00000007be700000,0x00000007be700000,0x00000007bf380000)
 ParOldGen       total 271872K, used 196799K [0x00000006c1800000, 0x00000006d2180000, 0x00000007b9c00000)
  object space 271872K, 72% used [0x00000006c1800000,0x00000006cd82fe80,0x00000006d2180000)
 Metaspace       used 2707K, capacity 4486K, committed 4864K, reserved 1056768K
  class space    used 302K, capacity 386K, committed 512K, reserved 1048576K
Heap after GC invocations=61 (full 6):
 PSYoungGen      total 89600K, used 12800K [0x00000007b9c00000, 0x00000007c0000000, 0x00000007c0000000)
  eden space 76800K, 0% used [0x00000007b9c00000,0x00000007b9c00000,0x00000007be700000)
  from space 12800K, 100% used [0x00000007be700000,0x00000007bf380000,0x00000007bf380000)
  to   space 12800K, 0% used [0x00000007bf380000,0x00000007bf380000,0x00000007c0000000)
 ParOldGen       total 271872K, used 216967K [0x00000006c1800000, 0x00000006d2180000, 0x00000007b9c00000)
  object space 271872K, 79% used [0x00000006c1800000,0x00000006cebe1e80,0x00000006d2180000)
 Metaspace       used 2707K, capacity 4486K, committed 4864K, reserved 1056768K
  class space    used 302K, capacity 386K, committed 512K, reserved 1048576K
}
{Heap before GC invocations=62 (full 6):
 PSYoungGen      total 89600K, used 89600K [0x00000007b9c00000, 0x00000007c0000000, 0x00000007c0000000)
  eden space 76800K, 100% used [0x00000007b9c00000,0x00000007be700000,0x00000007be700000)
  from space 12800K, 100% used [0x00000007be700000,0x00000007bf380000,0x00000007bf380000)
  to   space 12800K, 0% used [0x00000007bf380000,0x00000007bf380000,0x00000007c0000000)
 ParOldGen       total 271872K, used 216967K [0x00000006c1800000, 0x00000006d2180000, 0x00000007b9c00000)
  object space 271872K, 79% used [0x00000006c1800000,0x00000006cebe1e80,0x00000006d2180000)
 Metaspace       used 2707K, capacity 4486K, committed 4864K, reserved 1056768K
  class space    used 302K, capacity 386K, committed 512K, reserved 1048576K
Heap after GC invocations=62 (full 6):
 PSYoungGen      total 89600K, used 12800K [0x00000007b9c00000, 0x00000007c0000000, 0x00000007c0000000)
  eden space 76800K, 0% used [0x00000007b9c00000,0x00000007b9c00000,0x00000007be700000)
  from space 12800K, 100% used [0x00000007bf380000,0x00000007c0000000,0x00000007c0000000)
  to   space 12800K, 0% used [0x00000007be700000,0x00000007be700000,0x00000007bf380000)
 ParOldGen       total 271872K, used 237127K [0x00000006c1800000, 0x00000006d2180000, 0x00000007b9c00000)
  object space 271872K, 87% used [0x00000006c1800000,0x00000006cff91e80,0x00000006d2180000)
 Metaspace       used 2707K, capacity 4486K, committed 4864K, reserved 1056768K
  class space    used 302K, capacity 386K, committed 512K, reserved 1048576K
}
{Heap before GC invocations=63 (full 6):
 PSYoungGen      total 89600K, used 89600K [0x00000007b9c00000, 0x00000007c0000000, 0x00000007c0000000)
  eden space 76800K, 100% used [0x00000007b9c00000,0x00000007be700000,0x00000007be700000)
  from space 12800K, 100% used [0x00000007bf380000,0x00000007c0000000,0x00000007c0000000)
  to   space 12800K, 0% used [0x00000007be700000,0x00000007be700000,0x00000007bf380000)
 ParOldGen       total 271872K, used 237127K [0x00000006c1800000, 0x00000006d2180000, 0x00000007b9c00000)
  object space 271872K, 87% used [0x00000006c1800000,0x00000006cff91e80,0x00000006d2180000)
 Metaspace       used 2707K, capacity 4486K, committed 4864K, reserved 1056768K
  class space    used 302K, capacity 386K, committed 512K, reserved 1048576K
Heap after GC invocations=63 (full 6):
 PSYoungGen      total 89600K, used 12800K [0x00000007b9c00000, 0x00000007c0000000, 0x00000007c0000000)
  eden space 76800K, 0% used [0x00000007b9c00000,0x00000007b9c00000,0x00000007be700000)
  from space 12800K, 100% used [0x00000007be700000,0x00000007bf380000,0x00000007bf380000)
  to   space 12800K, 0% used [0x00000007bf380000,0x00000007bf380000,0x00000007c0000000)
 ParOldGen       total 271872K, used 257303K [0x00000006c1800000, 0x00000006d2180000, 0x00000007b9c00000)
  object space 271872K, 94% used [0x00000006c1800000,0x00000006d1345e80,0x00000006d2180000)
 Metaspace       used 2707K, capacity 4486K, committed 4864K, reserved 1056768K
  class space    used 302K, capacity 386K, committed 512K, reserved 1048576K
}
{Heap before GC invocations=64 (full 7):
 PSYoungGen      total 89600K, used 12800K [0x00000007b9c00000, 0x00000007c0000000, 0x00000007c0000000)
  eden space 76800K, 0% used [0x00000007b9c00000,0x00000007b9c00000,0x00000007be700000)
  from space 12800K, 100% used [0x00000007be700000,0x00000007bf380000,0x00000007bf380000)
  to   space 12800K, 0% used [0x00000007bf380000,0x00000007bf380000,0x00000007c0000000)
 ParOldGen       total 271872K, used 257303K [0x00000006c1800000, 0x00000006d2180000, 0x00000007b9c00000)
  object space 271872K, 94% used [0x00000006c1800000,0x00000006d1345e80,0x00000006d2180000)
 Metaspace       used 2707K, capacity 4486K, committed 4864K, reserved 1056768K
  class space    used 302K, capacity 386K, committed 512K, reserved 1048576K
Heap after GC invocations=64 (full 7):
 PSYoungGen      total 89600K, used 0K [0x00000007b9c00000, 0x00000007c0000000, 0x00000007c0000000)
  eden space 76800K, 0% used [0x00000007b9c00000,0x00000007b9c00000,0x00000007be700000)
  from space 12800K, 0% used [0x00000007be700000,0x00000007be700000,0x00000007bf380000)
  to   space 12800K, 0% used [0x00000007bf380000,0x00000007bf380000,0x00000007c0000000)
 ParOldGen       total 287744K, used 35463K [0x00000006c1800000, 0x00000006d3100000, 0x00000007b9c00000)
  object space 287744K, 12% used [0x00000006c1800000,0x00000006c3aa1e80,0x00000006d3100000)
 Metaspace       used 2707K, capacity 4486K, committed 4864K, reserved 1056768K
  class space    used 302K, capacity 386K, committed 512K, reserved 1048576K
}
{Heap before GC invocations=65 (full 7):
 PSYoungGen      total 89600K, used 76800K [0x00000007b9c00000, 0x00000007c0000000, 0x00000007c0000000)
  eden space 76800K, 100% used [0x00000007b9c00000,0x00000007be700000,0x00000007be700000)
  from space 12800K, 0% used [0x00000007be700000,0x00000007be700000,0x00000007bf380000)
  to   space 12800K, 0% used [0x00000007bf380000,0x00000007bf380000,0x00000007c0000000)
 ParOldGen       total 287744K, used 35463K [0x00000006c1800000, 0x00000006d3100000, 0x00000007b9c00000)
  object space 287744K, 12% used [0x00000006c1800000,0x00000006c3aa1e80,0x00000006d3100000)
 Metaspace       used 2707K, capacity 4486K, committed 4864K, reserved 1056768K
  class space    used 302K, capacity 386K, committed 512K, reserved 1048576K
Heap after GC invocations=65 (full 7):
 PSYoungGen      total 89600K, used 12800K [0x00000007b9c00000, 0x00000007c0000000, 0x00000007c0000000)
  eden space 76800K, 0% used [0x00000007b9c00000,0x00000007b9c00000,0x00000007be700000)
  from space 12800K, 100% used [0x00000007bf380000,0x00000007c0000000,0x00000007c0000000)
  to   space 12800K, 0% used [0x00000007be700000,0x00000007be700000,0x00000007bf380000)
 ParOldGen       total 287744K, used 55631K [0x00000006c1800000, 0x00000006d3100000, 0x00000007b9c00000)
  object space 287744K, 19% used [0x00000006c1800000,0x00000006c4e53e80,0x00000006d3100000)
 Metaspace       used 2707K, capacity 4486K, committed 4864K, reserved 1056768K
  class space    used 302K, capacity 386K, committed 512K, reserved 1048576K
}
{Heap before GC invocations=66 (full 7):
 PSYoungGen      total 89600K, used 89600K [0x00000007b9c00000, 0x00000007c0000000, 0x00000007c0000000)
  eden space 76800K, 100% used [0x00000007b9c00000,0x00000007be700000,0x00000007be700000)
  from space 12800K, 100% used [0x00000007bf380000,0x00000007c0000000,0x00000007c0000000)
  to   space 12800K, 0% used [0x00000007be700000,0x00000007be700000,0x00000007bf380000)
 ParOldGen       total 287744K, used 55631K [0x00000006c1800000, 0x00000006d3100000, 0x00000007b9c00000)
  object space 287744K, 19% used [0x00000006c1800000,0x00000006c4e53e80,0x00000006d3100000)
 Metaspace       used 2707K, capacity 4486K, committed 4864K, reserved 1056768K
  class space    used 302K, capacity 386K, committed 512K, reserved 1048576K
Heap after GC invocations=66 (full 7):
 PSYoungGen      total 89600K, used 12800K [0x00000007b9c00000, 0x00000007c0000000, 0x00000007c0000000)
  eden space 76800K, 0% used [0x00000007b9c00000,0x00000007b9c00000,0x00000007be700000)
  from space 12800K, 100% used [0x00000007be700000,0x00000007bf380000,0x00000007bf380000)
  to   space 12800K, 0% used [0x00000007bf380000,0x00000007bf380000,0x00000007c0000000)
 ParOldGen       total 287744K, used 75799K [0x00000006c1800000, 0x00000006d3100000, 0x00000007b9c00000)
  object space 287744K, 26% used [0x00000006c1800000,0x00000006c6205e80,0x00000006d3100000)
 Metaspace       used 2707K, capacity 4486K, committed 4864K, reserved 1056768K
  class space    used 302K, capacity 386K, committed 512K, reserved 1048576K
}
{Heap before GC invocations=67 (full 7):
 PSYoungGen      total 89600K, used 89600K [0x00000007b9c00000, 0x00000007c0000000, 0x00000007c0000000)
  eden space 76800K, 100% used [0x00000007b9c00000,0x00000007be700000,0x00000007be700000)
  from space 12800K, 100% used [0x00000007be700000,0x00000007bf380000,0x00000007bf380000)
  to   space 12800K, 0% used [0x00000007bf380000,0x00000007bf380000,0x00000007c0000000)
 ParOldGen       total 287744K, used 75799K [0x00000006c1800000, 0x00000006d3100000, 0x00000007b9c00000)
  object space 287744K, 26% used [0x00000006c1800000,0x00000006c6205e80,0x00000006d3100000)
 Metaspace       used 2707K, capacity 4486K, committed 4864K, reserved 1056768K
  class space    used 302K, capacity 386K, committed 512K, reserved 1048576K
Heap after GC invocations=67 (full 7):
 PSYoungGen      total 89600K, used 12800K [0x00000007b9c00000, 0x00000007c0000000, 0x00000007c0000000)
  eden space 76800K, 0% used [0x00000007b9c00000,0x00000007b9c00000,0x00000007be700000)
  from space 12800K, 100% used [0x00000007bf380000,0x00000007c0000000,0x00000007c0000000)
  to   space 12800K, 0% used [0x00000007be700000,0x00000007be700000,0x00000007bf380000)
 ParOldGen       total 287744K, used 95983K [0x00000006c1800000, 0x00000006d3100000, 0x00000007b9c00000)
  object space 287744K, 33% used [0x00000006c1800000,0x00000006c75bbe80,0x00000006d3100000)
 Metaspace       used 2707K, capacity 4486K, committed 4864K, reserved 1056768K
  class space    used 302K, capacity 386K, committed 512K, reserved 1048576K
}
{Heap before GC invocations=68 (full 7):
 PSYoungGen      total 89600K, used 89600K [0x00000007b9c00000, 0x00000007c0000000, 0x00000007c0000000)
  eden space 76800K, 100% used [0x00000007b9c00000,0x00000007be700000,0x00000007be700000)
  from space 12800K, 100% used [0x00000007bf380000,0x00000007c0000000,0x00000007c0000000)
  to   space 12800K, 0% used [0x00000007be700000,0x00000007be700000,0x00000007bf380000)
 ParOldGen       total 287744K, used 95983K [0x00000006c1800000, 0x00000006d3100000, 0x00000007b9c00000)
  object space 287744K, 33% used [0x00000006c1800000,0x00000006c75bbe80,0x00000006d3100000)
 Metaspace       used 2707K, capacity 4486K, committed 4864K, reserved 1056768K
  class space    used 302K, capacity 386K, committed 512K, reserved 1048576K
Heap after GC invocations=68 (full 7):
 PSYoungGen      total 89600K, used 12800K [0x00000007b9c00000, 0x00000007c0000000, 0x00000007c0000000)
  eden space 76800K, 0% used [0x00000007b9c00000,0x00000007b9c00000,0x00000007be700000)
  from space 12800K, 100% used [0x00000007be700000,0x00000007bf380000,0x00000007bf380000)
  to   space 12800K, 0% used [0x00000007bf380000,0x00000007bf380000,0x00000007c0000000)
 ParOldGen       total 287744K, used 116151K [0x00000006c1800000, 0x00000006d3100000, 0x00000007b9c00000)
  object space 287744K, 40% used [0x00000006c1800000,0x00000006c896de80,0x00000006d3100000)
 Metaspace       used 2707K, capacity 4486K, committed 4864K, reserved 1056768K
  class space    used 302K, capacity 386K, committed 512K, reserved 1048576K
}
{Heap before GC invocations=69 (full 7):
 PSYoungGen      total 89600K, used 89600K [0x00000007b9c00000, 0x00000007c0000000, 0x00000007c0000000)
  eden space 76800K, 100% used [0x00000007b9c00000,0x00000007be700000,0x00000007be700000)
  from space 12800K, 100% used [0x00000007be700000,0x00000007bf380000,0x00000007bf380000)
  to   space 12800K, 0% used [0x00000007bf380000,0x00000007bf380000,0x00000007c0000000)
 ParOldGen       total 287744K, used 116151K [0x00000006c1800000, 0x00000006d3100000, 0x00000007b9c00000)
  object space 287744K, 40% used [0x00000006c1800000,0x00000006c896de80,0x00000006d3100000)
 Metaspace       used 2707K, capacity 4486K, committed 4864K, reserved 1056768K
  class space    used 302K, capacity 386K, committed 512K, reserved 1048576K
Heap after GC invocations=69 (full 7):
 PSYoungGen      total 89600K, used 12800K [0x00000007b9c00000, 0x00000007c0000000, 0x00000007c0000000)
  eden space 76800K, 0% used [0x00000007b9c00000,0x00000007b9c00000,0x00000007be700000)
  from space 12800K, 100% used [0x00000007bf380000,0x00000007c0000000,0x00000007c0000000)
  to   space 12800K, 0% used [0x00000007be700000,0x00000007be700000,0x00000007bf380000)
 ParOldGen       total 287744K, used 136327K [0x00000006c1800000, 0x00000006d3100000, 0x00000007b9c00000)
  object space 287744K, 47% used [0x00000006c1800000,0x00000006c9d21e80,0x00000006d3100000)
 Metaspace       used 2707K, capacity 4486K, committed 4864K, reserved 1056768K
  class space    used 302K, capacity 386K, committed 512K, reserved 1048576K
}
{Heap before GC invocations=70 (full 7):
 PSYoungGen      total 89600K, used 89600K [0x00000007b9c00000, 0x00000007c0000000, 0x00000007c0000000)
  eden space 76800K, 100% used [0x00000007b9c00000,0x00000007be700000,0x00000007be700000)
  from space 12800K, 100% used [0x00000007bf380000,0x00000007c0000000,0x00000007c0000000)
  to   space 12800K, 0% used [0x00000007be700000,0x00000007be700000,0x00000007bf380000)
 ParOldGen       total 287744K, used 136327K [0x00000006c1800000, 0x00000006d3100000, 0x00000007b9c00000)
  object space 287744K, 47% used [0x00000006c1800000,0x00000006c9d21e80,0x00000006d3100000)
 Metaspace       used 2707K, capacity 4486K, committed 4864K, reserved 1056768K
  class space    used 302K, capacity 386K, committed 512K, reserved 1048576K
Heap after GC invocations=70 (full 7):
 PSYoungGen      total 89600K, used 12800K [0x00000007b9c00000, 0x00000007c0000000, 0x00000007c0000000)
  eden space 76800K, 0% used [0x00000007b9c00000,0x00000007b9c00000,0x00000007be700000)
  from space 12800K, 100% used [0x00000007be700000,0x00000007bf380000,0x00000007bf380000)
  to   space 12800K, 0% used [0x00000007bf380000,0x00000007bf380000,0x00000007c0000000)
 ParOldGen       total 287744K, used 156495K [0x00000006c1800000, 0x00000006d3100000, 0x00000007b9c00000)
  object space 287744K, 54% used [0x00000006c1800000,0x00000006cb0d3e80,0x00000006d3100000)
 Metaspace       used 2707K, capacity 4486K, committed 4864K, reserved 1056768K
  class space    used 302K, capacity 386K, committed 512K, reserved 1048576K
}
{Heap before GC invocations=71 (full 7):
 PSYoungGen      total 89600K, used 89600K [0x00000007b9c00000, 0x00000007c0000000, 0x00000007c0000000)
  eden space 76800K, 100% used [0x00000007b9c00000,0x00000007be700000,0x00000007be700000)
  from space 12800K, 100% used [0x00000007be700000,0x00000007bf380000,0x00000007bf380000)
  to   space 12800K, 0% used [0x00000007bf380000,0x00000007bf380000,0x00000007c0000000)
 ParOldGen       total 287744K, used 156495K [0x00000006c1800000, 0x00000006d3100000, 0x00000007b9c00000)
  object space 287744K, 54% used [0x00000006c1800000,0x00000006cb0d3e80,0x00000006d3100000)
 Metaspace       used 2707K, capacity 4486K, committed 4864K, reserved 1056768K
  class space    used 302K, capacity 386K, committed 512K, reserved 1048576K
Heap after GC invocations=71 (full 7):
 PSYoungGen      total 89600K, used 12800K [0x00000007b9c00000, 0x00000007c0000000, 0x00000007c0000000)
  eden space 76800K, 0% used [0x00000007b9c00000,0x00000007b9c00000,0x00000007be700000)
  from space 12800K, 100% used [0x00000007bf380000,0x00000007c0000000,0x00000007c0000000)
  to   space 12800K, 0% used [0x00000007be700000,0x00000007be700000,0x00000007bf380000)
 ParOldGen       total 287744K, used 176663K [0x00000006c1800000, 0x00000006d3100000, 0x00000007b9c00000)
  object space 287744K, 61% used [0x00000006c1800000,0x00000006cc485e80,0x00000006d3100000)
 Metaspace       used 2707K, capacity 4486K, committed 4864K, reserved 1056768K
  class space    used 302K, capacity 386K, committed 512K, reserved 1048576K
}
{Heap before GC invocations=72 (full 7):
 PSYoungGen      total 89600K, used 89600K [0x00000007b9c00000, 0x00000007c0000000, 0x00000007c0000000)
  eden space 76800K, 100% used [0x00000007b9c00000,0x00000007be700000,0x00000007be700000)
  from space 12800K, 100% used [0x00000007bf380000,0x00000007c0000000,0x00000007c0000000)
  to   space 12800K, 0% used [0x00000007be700000,0x00000007be700000,0x00000007bf380000)
 ParOldGen       total 287744K, used 176663K [0x00000006c1800000, 0x00000006d3100000, 0x00000007b9c00000)
  object space 287744K, 61% used [0x00000006c1800000,0x00000006cc485e80,0x00000006d3100000)
 Metaspace       used 2707K, capacity 4486K, committed 4864K, reserved 1056768K
  class space    used 302K, capacity 386K, committed 512K, reserved 1048576K
Heap after GC invocations=72 (full 7):
 PSYoungGen      total 89600K, used 12800K [0x00000007b9c00000, 0x00000007c0000000, 0x00000007c0000000)
  eden space 76800K, 0% used [0x00000007b9c00000,0x00000007b9c00000,0x00000007be700000)
  from space 12800K, 100% used [0x00000007be700000,0x00000007bf380000,0x00000007bf380000)
  to   space 12800K, 0% used [0x00000007bf380000,0x00000007bf380000,0x00000007c0000000)
 ParOldGen       total 287744K, used 196823K [0x00000006c1800000, 0x00000006d3100000, 0x00000007b9c00000)
  object space 287744K, 68% used [0x00000006c1800000,0x00000006cd835e80,0x00000006d3100000)
 Metaspace       used 2707K, capacity 4486K, committed 4864K, reserved 1056768K
  class space    used 302K, capacity 386K, committed 512K, reserved 1048576K
}
{Heap before GC invocations=73 (full 7):
 PSYoungGen      total 89600K, used 89600K [0x00000007b9c00000, 0x00000007c0000000, 0x00000007c0000000)
  eden space 76800K, 100% used [0x00000007b9c00000,0x00000007be700000,0x00000007be700000)
  from space 12800K, 100% used [0x00000007be700000,0x00000007bf380000,0x00000007bf380000)
  to   space 12800K, 0% used [0x00000007bf380000,0x00000007bf380000,0x00000007c0000000)
 ParOldGen       total 287744K, used 196823K [0x00000006c1800000, 0x00000006d3100000, 0x00000007b9c00000)
  object space 287744K, 68% used [0x00000006c1800000,0x00000006cd835e80,0x00000006d3100000)
 Metaspace       used 2707K, capacity 4486K, committed 4864K, reserved 1056768K
  class space    used 302K, capacity 386K, committed 512K, reserved 1048576K
Heap after GC invocations=73 (full 7):
 PSYoungGen      total 89600K, used 12800K [0x00000007b9c00000, 0x00000007c0000000, 0x00000007c0000000)
  eden space 76800K, 0% used [0x00000007b9c00000,0x00000007b9c00000,0x00000007be700000)
  from space 12800K, 100% used [0x00000007bf380000,0x00000007c0000000,0x00000007c0000000)
  to   space 12800K, 0% used [0x00000007be700000,0x00000007be700000,0x00000007bf380000)
 ParOldGen       total 287744K, used 216991K [0x00000006c1800000, 0x00000006d3100000, 0x00000007b9c00000)
  object space 287744K, 75% used [0x00000006c1800000,0x00000006cebe7e80,0x00000006d3100000)
 Metaspace       used 2707K, capacity 4486K, committed 4864K, reserved 1056768K
  class space    used 302K, capacity 386K, committed 512K, reserved 1048576K
}
{Heap before GC invocations=74 (full 7):
 PSYoungGen      total 89600K, used 89600K [0x00000007b9c00000, 0x00000007c0000000, 0x00000007c0000000)
  eden space 76800K, 100% used [0x00000007b9c00000,0x00000007be700000,0x00000007be700000)
  from space 12800K, 100% used [0x00000007bf380000,0x00000007c0000000,0x00000007c0000000)
  to   space 12800K, 0% used [0x00000007be700000,0x00000007be700000,0x00000007bf380000)
 ParOldGen       total 287744K, used 216991K [0x00000006c1800000, 0x00000006d3100000, 0x00000007b9c00000)
  object space 287744K, 75% used [0x00000006c1800000,0x00000006cebe7e80,0x00000006d3100000)
 Metaspace       used 2707K, capacity 4486K, committed 4864K, reserved 1056768K
  class space    used 302K, capacity 386K, committed 512K, reserved 1048576K
Heap after GC invocations=74 (full 7):
 PSYoungGen      total 89600K, used 12800K [0x00000007b9c00000, 0x00000007c0000000, 0x00000007c0000000)
  eden space 76800K, 0% used [0x00000007b9c00000,0x00000007b9c00000,0x00000007be700000)
  from space 12800K, 100% used [0x00000007be700000,0x00000007bf380000,0x00000007bf380000)
  to   space 12800K, 0% used [0x00000007bf380000,0x00000007bf380000,0x00000007c0000000)
 ParOldGen       total 287744K, used 237159K [0x00000006c1800000, 0x00000006d3100000, 0x00000007b9c00000)
  object space 287744K, 82% used [0x00000006c1800000,0x00000006cff99e80,0x00000006d3100000)
 Metaspace       used 2707K, capacity 4486K, committed 4864K, reserved 1056768K
  class space    used 302K, capacity 386K, committed 512K, reserved 1048576K
}
{Heap before GC invocations=75 (full 7):
 PSYoungGen      total 89600K, used 89600K [0x00000007b9c00000, 0x00000007c0000000, 0x00000007c0000000)
  eden space 76800K, 100% used [0x00000007b9c00000,0x00000007be700000,0x00000007be700000)
  from space 12800K, 100% used [0x00000007be700000,0x00000007bf380000,0x00000007bf380000)
  to   space 12800K, 0% used [0x00000007bf380000,0x00000007bf380000,0x00000007c0000000)
 ParOldGen       total 287744K, used 237159K [0x00000006c1800000, 0x00000006d3100000, 0x00000007b9c00000)
  object space 287744K, 82% used [0x00000006c1800000,0x00000006cff99e80,0x00000006d3100000)
 Metaspace       used 2707K, capacity 4486K, committed 4864K, reserved 1056768K
  class space    used 302K, capacity 386K, committed 512K, reserved 1048576K
Heap after GC invocations=75 (full 7):
 PSYoungGen      total 89600K, used 12800K [0x00000007b9c00000, 0x00000007c0000000, 0x00000007c0000000)
  eden space 76800K, 0% used [0x00000007b9c00000,0x00000007b9c00000,0x00000007be700000)
  from space 12800K, 100% used [0x00000007bf380000,0x00000007c0000000,0x00000007c0000000)
  to   space 12800K, 0% used [0x00000007be700000,0x00000007be700000,0x00000007bf380000)
 ParOldGen       total 287744K, used 257327K [0x00000006c1800000, 0x00000006d3100000, 0x00000007b9c00000)
  object space 287744K, 89% used [0x00000006c1800000,0x00000006d134be80,0x00000006d3100000)
 Metaspace       used 2707K, capacity 4486K, committed 4864K, reserved 1056768K
  class space    used 302K, capacity 386K, committed 512K, reserved 1048576K
}
{Heap before GC invocations=76 (full 7):
 PSYoungGen      total 89600K, used 89600K [0x00000007b9c00000, 0x00000007c0000000, 0x00000007c0000000)
  eden space 76800K, 100% used [0x00000007b9c00000,0x00000007be700000,0x00000007be700000)
  from space 12800K, 100% used [0x00000007bf380000,0x00000007c0000000,0x00000007c0000000)
  to   space 12800K, 0% used [0x00000007be700000,0x00000007be700000,0x00000007bf380000)
 ParOldGen       total 287744K, used 257327K [0x00000006c1800000, 0x00000006d3100000, 0x00000007b9c00000)
  object space 287744K, 89% used [0x00000006c1800000,0x00000006d134be80,0x00000006d3100000)
 Metaspace       used 2707K, capacity 4486K, committed 4864K, reserved 1056768K
  class space    used 302K, capacity 386K, committed 512K, reserved 1048576K
Heap after GC invocations=76 (full 7):
 PSYoungGen      total 89600K, used 12800K [0x00000007b9c00000, 0x00000007c0000000, 0x00000007c0000000)
  eden space 76800K, 0% used [0x00000007b9c00000,0x00000007b9c00000,0x00000007be700000)
  from space 12800K, 100% used [0x00000007be700000,0x00000007bf380000,0x00000007bf380000)
  to   space 12800K, 0% used [0x00000007bf380000,0x00000007bf380000,0x00000007c0000000)
 ParOldGen       total 287744K, used 277495K [0x00000006c1800000, 0x00000006d3100000, 0x00000007b9c00000)
  object space 287744K, 96% used [0x00000006c1800000,0x00000006d26fde80,0x00000006d3100000)
 Metaspace       used 2707K, capacity 4486K, committed 4864K, reserved 1056768K
  class space    used 302K, capacity 386K, committed 512K, reserved 1048576K
}
{Heap before GC invocations=77 (full 8):
 PSYoungGen      total 89600K, used 12800K [0x00000007b9c00000, 0x00000007c0000000, 0x00000007c0000000)
  eden space 76800K, 0% used [0x00000007b9c00000,0x00000007b9c00000,0x00000007be700000)
  from space 12800K, 100% used [0x00000007be700000,0x00000007bf380000,0x00000007bf380000)
  to   space 12800K, 0% used [0x00000007bf380000,0x00000007bf380000,0x00000007c0000000)
 ParOldGen       total 287744K, used 277495K [0x00000006c1800000, 0x00000006d3100000, 0x00000007b9c00000)
  object space 287744K, 96% used [0x00000006c1800000,0x00000006d26fde80,0x00000006d3100000)
 Metaspace       used 2707K, capacity 4486K, committed 4864K, reserved 1056768K
  class space    used 302K, capacity 386K, committed 512K, reserved 1048576K
Heap after GC invocations=77 (full 8):
 PSYoungGen      total 89600K, used 0K [0x00000007b9c00000, 0x00000007c0000000, 0x00000007c0000000)
  eden space 76800K, 0% used [0x00000007b9c00000,0x00000007b9c00000,0x00000007be700000)
  from space 12800K, 0% used [0x00000007be700000,0x00000007be700000,0x00000007bf380000)
  to   space 12800K, 0% used [0x00000007bf380000,0x00000007bf380000,0x00000007c0000000)
 ParOldGen       total 303616K, used 35463K [0x00000006c1800000, 0x00000006d4080000, 0x00000007b9c00000)
  object space 303616K, 11% used [0x00000006c1800000,0x00000006c3aa1e80,0x00000006d4080000)
 Metaspace       used 2707K, capacity 4486K, committed 4864K, reserved 1056768K
  class space    used 302K, capacity 386K, committed 512K, reserved 1048576K
}
{Heap before GC invocations=78 (full 8):
 PSYoungGen      total 89600K, used 76800K [0x00000007b9c00000, 0x00000007c0000000, 0x00000007c0000000)
  eden space 76800K, 100% used [0x00000007b9c00000,0x00000007be700000,0x00000007be700000)
  from space 12800K, 0% used [0x00000007be700000,0x00000007be700000,0x00000007bf380000)
  to   space 12800K, 0% used [0x00000007bf380000,0x00000007bf380000,0x00000007c0000000)
 ParOldGen       total 303616K, used 35463K [0x00000006c1800000, 0x00000006d4080000, 0x00000007b9c00000)
  object space 303616K, 11% used [0x00000006c1800000,0x00000006c3aa1e80,0x00000006d4080000)
 Metaspace       used 2707K, capacity 4486K, committed 4864K, reserved 1056768K
  class space    used 302K, capacity 386K, committed 512K, reserved 1048576K
Heap after GC invocations=78 (full 8):
 PSYoungGen      total 89600K, used 12800K [0x00000007b9c00000, 0x00000007c0000000, 0x00000007c0000000)
  eden space 76800K, 0% used [0x00000007b9c00000,0x00000007b9c00000,0x00000007be700000)
  from space 12800K, 100% used [0x00000007bf380000,0x00000007c0000000,0x00000007c0000000)
  to   space 12800K, 0% used [0x00000007be700000,0x00000007be700000,0x00000007bf380000)
 ParOldGen       total 303616K, used 55631K [0x00000006c1800000, 0x00000006d4080000, 0x00000007b9c00000)
  object space 303616K, 18% used [0x00000006c1800000,0x00000006c4e53e80,0x00000006d4080000)
 Metaspace       used 2707K, capacity 4486K, committed 4864K, reserved 1056768K
  class space    used 302K, capacity 386K, committed 512K, reserved 1048576K
}
{Heap before GC invocations=79 (full 8):
 PSYoungGen      total 89600K, used 89600K [0x00000007b9c00000, 0x00000007c0000000, 0x00000007c0000000)
  eden space 76800K, 100% used [0x00000007b9c00000,0x00000007be700000,0x00000007be700000)
  from space 12800K, 100% used [0x00000007bf380000,0x00000007c0000000,0x00000007c0000000)
  to   space 12800K, 0% used [0x00000007be700000,0x00000007be700000,0x00000007bf380000)
 ParOldGen       total 303616K, used 55631K [0x00000006c1800000, 0x00000006d4080000, 0x00000007b9c00000)
  object space 303616K, 18% used [0x00000006c1800000,0x00000006c4e53e80,0x00000006d4080000)
 Metaspace       used 2707K, capacity 4486K, committed 4864K, reserved 1056768K
  class space    used 302K, capacity 386K, committed 512K, reserved 1048576K
Heap after GC invocations=79 (full 8):
 PSYoungGen      total 89600K, used 12800K [0x00000007b9c00000, 0x00000007c0000000, 0x00000007c0000000)
  eden space 76800K, 0% used [0x00000007b9c00000,0x00000007b9c00000,0x00000007be700000)
  from space 12800K, 100% used [0x00000007be700000,0x00000007bf380000,0x00000007bf380000)
  to   space 12800K, 0% used [0x00000007bf380000,0x00000007bf380000,0x00000007c0000000)
 ParOldGen       total 303616K, used 75799K [0x00000006c1800000, 0x00000006d4080000, 0x00000007b9c00000)
  object space 303616K, 24% used [0x00000006c1800000,0x00000006c6205e80,0x00000006d4080000)
 Metaspace       used 2707K, capacity 4486K, committed 4864K, reserved 1056768K
  class space    used 302K, capacity 386K, committed 512K, reserved 1048576K
}
{Heap before GC invocations=80 (full 8):
 PSYoungGen      total 89600K, used 89600K [0x00000007b9c00000, 0x00000007c0000000, 0x00000007c0000000)
  eden space 76800K, 100% used [0x00000007b9c00000,0x00000007be700000,0x00000007be700000)
  from space 12800K, 100% used [0x00000007be700000,0x00000007bf380000,0x00000007bf380000)
  to   space 12800K, 0% used [0x00000007bf380000,0x00000007bf380000,0x00000007c0000000)
 ParOldGen       total 303616K, used 75799K [0x00000006c1800000, 0x00000006d4080000, 0x00000007b9c00000)
  object space 303616K, 24% used [0x00000006c1800000,0x00000006c6205e80,0x00000006d4080000)
 Metaspace       used 2707K, capacity 4486K, committed 4864K, reserved 1056768K
  class space    used 302K, capacity 386K, committed 512K, reserved 1048576K
Heap after GC invocations=80 (full 8):
 PSYoungGen      total 89600K, used 12800K [0x00000007b9c00000, 0x00000007c0000000, 0x00000007c0000000)
  eden space 76800K, 0% used [0x00000007b9c00000,0x00000007b9c00000,0x00000007be700000)
  from space 12800K, 100% used [0x00000007bf380000,0x00000007c0000000,0x00000007c0000000)
  to   space 12800K, 0% used [0x00000007be700000,0x00000007be700000,0x00000007bf380000)
 ParOldGen       total 303616K, used 95975K [0x00000006c1800000, 0x00000006d4080000, 0x00000007b9c00000)
  object space 303616K, 31% used [0x00000006c1800000,0x00000006c75b9e80,0x00000006d4080000)
 Metaspace       used 2707K, capacity 4486K, committed 4864K, reserved 1056768K
  class space    used 302K, capacity 386K, committed 512K, reserved 1048576K
}
{Heap before GC invocations=81 (full 8):
 PSYoungGen      total 89600K, used 89600K [0x00000007b9c00000, 0x00000007c0000000, 0x00000007c0000000)
  eden space 76800K, 100% used [0x00000007b9c00000,0x00000007be700000,0x00000007be700000)
  from space 12800K, 100% used [0x00000007bf380000,0x00000007c0000000,0x00000007c0000000)
  to   space 12800K, 0% used [0x00000007be700000,0x00000007be700000,0x00000007bf380000)
 ParOldGen       total 303616K, used 95975K [0x00000006c1800000, 0x00000006d4080000, 0x00000007b9c00000)
  object space 303616K, 31% used [0x00000006c1800000,0x00000006c75b9e80,0x00000006d4080000)
 Metaspace       used 2707K, capacity 4486K, committed 4864K, reserved 1056768K
  class space    used 302K, capacity 386K, committed 512K, reserved 1048576K
Heap after GC invocations=81 (full 8):
 PSYoungGen      total 89600K, used 12800K [0x00000007b9c00000, 0x00000007c0000000, 0x00000007c0000000)
  eden space 76800K, 0% used [0x00000007b9c00000,0x00000007b9c00000,0x00000007be700000)
  from space 12800K, 100% used [0x00000007be700000,0x00000007bf380000,0x00000007bf380000)
  to   space 12800K, 0% used [0x00000007bf380000,0x00000007bf380000,0x00000007c0000000)
 ParOldGen       total 303616K, used 116143K [0x00000006c1800000, 0x00000006d4080000, 0x00000007b9c00000)
  object space 303616K, 38% used [0x00000006c1800000,0x00000006c896be80,0x00000006d4080000)
 Metaspace       used 2707K, capacity 4486K, committed 4864K, reserved 1056768K
  class space    used 302K, capacity 386K, committed 512K, reserved 1048576K
}
{Heap before GC invocations=82 (full 8):
 PSYoungGen      total 89600K, used 89600K [0x00000007b9c00000, 0x00000007c0000000, 0x00000007c0000000)
  eden space 76800K, 100% used [0x00000007b9c00000,0x00000007be700000,0x00000007be700000)
  from space 12800K, 100% used [0x00000007be700000,0x00000007bf380000,0x00000007bf380000)
  to   space 12800K, 0% used [0x00000007bf380000,0x00000007bf380000,0x00000007c0000000)
 ParOldGen       total 303616K, used 116143K [0x00000006c1800000, 0x00000006d4080000, 0x00000007b9c00000)
  object space 303616K, 38% used [0x00000006c1800000,0x00000006c896be80,0x00000006d4080000)
 Metaspace       used 2707K, capacity 4486K, committed 4864K, reserved 1056768K
  class space    used 302K, capacity 386K, committed 512K, reserved 1048576K
Heap after GC invocations=82 (full 8):
 PSYoungGen      total 89600K, used 12800K [0x00000007b9c00000, 0x00000007c0000000, 0x00000007c0000000)
  eden space 76800K, 0% used [0x00000007b9c00000,0x00000007b9c00000,0x00000007be700000)
  from space 12800K, 100% used [0x00000007bf380000,0x00000007c0000000,0x00000007c0000000)
  to   space 12800K, 0% used [0x00000007be700000,0x00000007be700000,0x00000007bf380000)
 ParOldGen       total 303616K, used 136303K [0x00000006c1800000, 0x00000006d4080000, 0x00000007b9c00000)
  object space 303616K, 44% used [0x00000006c1800000,0x00000006c9d1be80,0x00000006d4080000)
 Metaspace       used 2707K, capacity 4486K, committed 4864K, reserved 1056768K
  class space    used 302K, capacity 386K, committed 512K, reserved 1048576K
}
{Heap before GC invocations=83 (full 8):
 PSYoungGen      total 89600K, used 89600K [0x00000007b9c00000, 0x00000007c0000000, 0x00000007c0000000)
  eden space 76800K, 100% used [0x00000007b9c00000,0x00000007be700000,0x00000007be700000)
  from space 12800K, 100% used [0x00000007bf380000,0x00000007c0000000,0x00000007c0000000)
  to   space 12800K, 0% used [0x00000007be700000,0x00000007be700000,0x00000007bf380000)
 ParOldGen       total 303616K, used 136303K [0x00000006c1800000, 0x00000006d4080000, 0x00000007b9c00000)
  object space 303616K, 44% used [0x00000006c1800000,0x00000006c9d1be80,0x00000006d4080000)
 Metaspace       used 2707K, capacity 4486K, committed 4864K, reserved 1056768K
  class space    used 302K, capacity 386K, committed 512K, reserved 1048576K
Heap after GC invocations=83 (full 8):
 PSYoungGen      total 89600K, used 12800K [0x00000007b9c00000, 0x00000007c0000000, 0x00000007c0000000)
  eden space 76800K, 0% used [0x00000007b9c00000,0x00000007b9c00000,0x00000007be700000)
  from space 12800K, 100% used [0x00000007be700000,0x00000007bf380000,0x00000007bf380000)
  to   space 12800K, 0% used [0x00000007bf380000,0x00000007bf380000,0x00000007c0000000)
 ParOldGen       total 303616K, used 156463K [0x00000006c1800000, 0x00000006d4080000, 0x00000007b9c00000)
  object space 303616K, 51% used [0x00000006c1800000,0x00000006cb0cbe80,0x00000006d4080000)
 Metaspace       used 2707K, capacity 4486K, committed 4864K, reserved 1056768K
  class space    used 302K, capacity 386K, committed 512K, reserved 1048576K
}
{Heap before GC invocations=84 (full 8):
 PSYoungGen      total 89600K, used 89600K [0x00000007b9c00000, 0x00000007c0000000, 0x00000007c0000000)
  eden space 76800K, 100% used [0x00000007b9c00000,0x00000007be700000,0x00000007be700000)
  from space 12800K, 100% used [0x00000007be700000,0x00000007bf380000,0x00000007bf380000)
  to   space 12800K, 0% used [0x00000007bf380000,0x00000007bf380000,0x00000007c0000000)
 ParOldGen       total 303616K, used 156463K [0x00000006c1800000, 0x00000006d4080000, 0x00000007b9c00000)
  object space 303616K, 51% used [0x00000006c1800000,0x00000006cb0cbe80,0x00000006d4080000)
 Metaspace       used 2707K, capacity 4486K, committed 4864K, reserved 1056768K
  class space    used 302K, capacity 386K, committed 512K, reserved 1048576K
Heap after GC invocations=84 (full 8):
 PSYoungGen      total 89600K, used 12800K [0x00000007b9c00000, 0x00000007c0000000, 0x00000007c0000000)
  eden space 76800K, 0% used [0x00000007b9c00000,0x00000007b9c00000,0x00000007be700000)
  from space 12800K, 100% used [0x00000007bf380000,0x00000007c0000000,0x00000007c0000000)
  to   space 12800K, 0% used [0x00000007be700000,0x00000007be700000,0x00000007bf380000)
 ParOldGen       total 303616K, used 176639K [0x00000006c1800000, 0x00000006d4080000, 0x00000007b9c00000)
  object space 303616K, 58% used [0x00000006c1800000,0x00000006cc47fe80,0x00000006d4080000)
 Metaspace       used 2707K, capacity 4486K, committed 4864K, reserved 1056768K
  class space    used 302K, capacity 386K, committed 512K, reserved 1048576K
}
{Heap before GC invocations=85 (full 8):
 PSYoungGen      total 89600K, used 89600K [0x00000007b9c00000, 0x00000007c0000000, 0x00000007c0000000)
  eden space 76800K, 100% used [0x00000007b9c00000,0x00000007be700000,0x00000007be700000)
  from space 12800K, 100% used [0x00000007bf380000,0x00000007c0000000,0x00000007c0000000)
  to   space 12800K, 0% used [0x00000007be700000,0x00000007be700000,0x00000007bf380000)
 ParOldGen       total 303616K, used 176639K [0x00000006c1800000, 0x00000006d4080000, 0x00000007b9c00000)
  object space 303616K, 58% used [0x00000006c1800000,0x00000006cc47fe80,0x00000006d4080000)
 Metaspace       used 2707K, capacity 4486K, committed 4864K, reserved 1056768K
  class space    used 302K, capacity 386K, committed 512K, reserved 1048576K
Heap after GC invocations=85 (full 8):
 PSYoungGen      total 89600K, used 12800K [0x00000007b9c00000, 0x00000007c0000000, 0x00000007c0000000)
  eden space 76800K, 0% used [0x00000007b9c00000,0x00000007b9c00000,0x00000007be700000)
  from space 12800K, 100% used [0x00000007be700000,0x00000007bf380000,0x00000007bf380000)
  to   space 12800K, 0% used [0x00000007bf380000,0x00000007bf380000,0x00000007c0000000)
 ParOldGen       total 303616K, used 196799K [0x00000006c1800000, 0x00000006d4080000, 0x00000007b9c00000)
  object space 303616K, 64% used [0x00000006c1800000,0x00000006cd82fe80,0x00000006d4080000)
 Metaspace       used 2707K, capacity 4486K, committed 4864K, reserved 1056768K
  class space    used 302K, capacity 386K, committed 512K, reserved 1048576K
}
{Heap before GC invocations=86 (full 8):
 PSYoungGen      total 89600K, used 89600K [0x00000007b9c00000, 0x00000007c0000000, 0x00000007c0000000)
  eden space 76800K, 100% used [0x00000007b9c00000,0x00000007be700000,0x00000007be700000)
  from space 12800K, 100% used [0x00000007be700000,0x00000007bf380000,0x00000007bf380000)
  to   space 12800K, 0% used [0x00000007bf380000,0x00000007bf380000,0x00000007c0000000)
 ParOldGen       total 303616K, used 196799K [0x00000006c1800000, 0x00000006d4080000, 0x00000007b9c00000)
  object space 303616K, 64% used [0x00000006c1800000,0x00000006cd82fe80,0x00000006d4080000)
 Metaspace       used 2707K, capacity 4486K, committed 4864K, reserved 1056768K
  class space    used 302K, capacity 386K, committed 512K, reserved 1048576K
Heap after GC invocations=86 (full 8):
 PSYoungGen      total 89600K, used 12800K [0x00000007b9c00000, 0x00000007c0000000, 0x00000007c0000000)
  eden space 76800K, 0% used [0x00000007b9c00000,0x00000007b9c00000,0x00000007be700000)
  from space 12800K, 100% used [0x00000007bf380000,0x00000007c0000000,0x00000007c0000000)
  to   space 12800K, 0% used [0x00000007be700000,0x00000007be700000,0x00000007bf380000)
 ParOldGen       total 303616K, used 216967K [0x00000006c1800000, 0x00000006d4080000, 0x00000007b9c00000)
  object space 303616K, 71% used [0x00000006c1800000,0x00000006cebe1e80,0x00000006d4080000)
 Metaspace       used 2707K, capacity 4486K, committed 4864K, reserved 1056768K
  class space    used 302K, capacity 386K, committed 512K, reserved 1048576K
}
{Heap before GC invocations=87 (full 8):
 PSYoungGen      total 89600K, used 89600K [0x00000007b9c00000, 0x00000007c0000000, 0x00000007c0000000)
  eden space 76800K, 100% used [0x00000007b9c00000,0x00000007be700000,0x00000007be700000)
  from space 12800K, 100% used [0x00000007bf380000,0x00000007c0000000,0x00000007c0000000)
  to   space 12800K, 0% used [0x00000007be700000,0x00000007be700000,0x00000007bf380000)
 ParOldGen       total 303616K, used 216967K [0x00000006c1800000, 0x00000006d4080000, 0x00000007b9c00000)
  object space 303616K, 71% used [0x00000006c1800000,0x00000006cebe1e80,0x00000006d4080000)
 Metaspace       used 2707K, capacity 4486K, committed 4864K, reserved 1056768K
  class space    used 302K, capacity 386K, committed 512K, reserved 1048576K
Heap after GC invocations=87 (full 8):
 PSYoungGen      total 89600K, used 12800K [0x00000007b9c00000, 0x00000007c0000000, 0x00000007c0000000)
  eden space 76800K, 0% used [0x00000007b9c00000,0x00000007b9c00000,0x00000007be700000)
  from space 12800K, 100% used [0x00000007be700000,0x00000007bf380000,0x00000007bf380000)
  to   space 12800K, 0% used [0x00000007bf380000,0x00000007bf380000,0x00000007c0000000)
 ParOldGen       total 303616K, used 237135K [0x00000006c1800000, 0x00000006d4080000, 0x00000007b9c00000)
  object space 303616K, 78% used [0x00000006c1800000,0x00000006cff93e80,0x00000006d4080000)
 Metaspace       used 2707K, capacity 4486K, committed 4864K, reserved 1056768K
  class space    used 302K, capacity 386K, committed 512K, reserved 1048576K
}
{Heap before GC invocations=88 (full 8):
 PSYoungGen      total 89600K, used 89600K [0x00000007b9c00000, 0x00000007c0000000, 0x00000007c0000000)
  eden space 76800K, 100% used [0x00000007b9c00000,0x00000007be700000,0x00000007be700000)
  from space 12800K, 100% used [0x00000007be700000,0x00000007bf380000,0x00000007bf380000)
  to   space 12800K, 0% used [0x00000007bf380000,0x00000007bf380000,0x00000007c0000000)
 ParOldGen       total 303616K, used 237135K [0x00000006c1800000, 0x00000006d4080000, 0x00000007b9c00000)
  object space 303616K, 78% used [0x00000006c1800000,0x00000006cff93e80,0x00000006d4080000)
 Metaspace       used 2707K, capacity 4486K, committed 4864K, reserved 1056768K
  class space    used 302K, capacity 386K, committed 512K, reserved 1048576K
Heap after GC invocations=88 (full 8):
 PSYoungGen      total 89600K, used 12800K [0x00000007b9c00000, 0x00000007c0000000, 0x00000007c0000000)
  eden space 76800K, 0% used [0x00000007b9c00000,0x00000007b9c00000,0x00000007be700000)
  from space 12800K, 100% used [0x00000007bf380000,0x00000007c0000000,0x00000007c0000000)
  to   space 12800K, 0% used [0x00000007be700000,0x00000007be700000,0x00000007bf380000)
 ParOldGen       total 303616K, used 257303K [0x00000006c1800000, 0x00000006d4080000, 0x00000007b9c00000)
  object space 303616K, 84% used [0x00000006c1800000,0x00000006d1345e80,0x00000006d4080000)
 Metaspace       used 2707K, capacity 4486K, committed 4864K, reserved 1056768K
  class space    used 302K, capacity 386K, committed 512K, reserved 1048576K
}
{Heap before GC invocations=89 (full 8):
 PSYoungGen      total 89600K, used 89600K [0x00000007b9c00000, 0x00000007c0000000, 0x00000007c0000000)
  eden space 76800K, 100% used [0x00000007b9c00000,0x00000007be700000,0x00000007be700000)
  from space 12800K, 100% used [0x00000007bf380000,0x00000007c0000000,0x00000007c0000000)
  to   space 12800K, 0% used [0x00000007be700000,0x00000007be700000,0x00000007bf380000)
 ParOldGen       total 303616K, used 257303K [0x00000006c1800000, 0x00000006d4080000, 0x00000007b9c00000)
  object space 303616K, 84% used [0x00000006c1800000,0x00000006d1345e80,0x00000006d4080000)
 Metaspace       used 2707K, capacity 4486K, committed 4864K, reserved 1056768K
  class space    used 302K, capacity 386K, committed 512K, reserved 1048576K
Heap after GC invocations=89 (full 8):
 PSYoungGen      total 89600K, used 12800K [0x00000007b9c00000, 0x00000007c0000000, 0x00000007c0000000)
  eden space 76800K, 0% used [0x00000007b9c00000,0x00000007b9c00000,0x00000007be700000)
  from space 12800K, 100% used [0x00000007be700000,0x00000007bf380000,0x00000007bf380000)
  to   space 12800K, 0% used [0x00000007bf380000,0x00000007bf380000,0x00000007c0000000)
 ParOldGen       total 303616K, used 277471K [0x00000006c1800000, 0x00000006d4080000, 0x00000007b9c00000)
  object space 303616K, 91% used [0x00000006c1800000,0x00000006d26f7e80,0x00000006d4080000)
 Metaspace       used 2707K, capacity 4486K, committed 4864K, reserved 1056768K
  class space    used 302K, capacity 386K, committed 512K, reserved 1048576K
}
{Heap before GC invocations=90 (full 8):
 PSYoungGen      total 89600K, used 89600K [0x00000007b9c00000, 0x00000007c0000000, 0x00000007c0000000)
  eden space 76800K, 100% used [0x00000007b9c00000,0x00000007be700000,0x00000007be700000)
  from space 12800K, 100% used [0x00000007be700000,0x00000007bf380000,0x00000007bf380000)
  to   space 12800K, 0% used [0x00000007bf380000,0x00000007bf380000,0x00000007c0000000)
 ParOldGen       total 303616K, used 277471K [0x00000006c1800000, 0x00000006d4080000, 0x00000007b9c00000)
  object space 303616K, 91% used [0x00000006c1800000,0x00000006d26f7e80,0x00000006d4080000)
 Metaspace       used 2707K, capacity 4486K, committed 4864K, reserved 1056768K
  class space    used 302K, capacity 386K, committed 512K, reserved 1048576K
Heap after GC invocations=90 (full 8):
 PSYoungGen      total 89600K, used 12800K [0x00000007b9c00000, 0x00000007c0000000, 0x00000007c0000000)
  eden space 76800K, 0% used [0x00000007b9c00000,0x00000007b9c00000,0x00000007be700000)
  from space 12800K, 100% used [0x00000007bf380000,0x00000007c0000000,0x00000007c0000000)
  to   space 12800K, 0% used [0x00000007be700000,0x00000007be700000,0x00000007bf380000)
 ParOldGen       total 303616K, used 297639K [0x00000006c1800000, 0x00000006d4080000, 0x00000007b9c00000)
  object space 303616K, 98% used [0x00000006c1800000,0x00000006d3aa9e80,0x00000006d4080000)
 Metaspace       used 2707K, capacity 4486K, committed 4864K, reserved 1056768K
  class space    used 302K, capacity 386K, committed 512K, reserved 1048576K
}
{Heap before GC invocations=91 (full 9):
 PSYoungGen      total 89600K, used 12800K [0x00000007b9c00000, 0x00000007c0000000, 0x00000007c0000000)
  eden space 76800K, 0% used [0x00000007b9c00000,0x00000007b9c00000,0x00000007be700000)
  from space 12800K, 100% used [0x00000007bf380000,0x00000007c0000000,0x00000007c0000000)
  to   space 12800K, 0% used [0x00000007be700000,0x00000007be700000,0x00000007bf380000)
 ParOldGen       total 303616K, used 297639K [0x00000006c1800000, 0x00000006d4080000, 0x00000007b9c00000)
  object space 303616K, 98% used [0x00000006c1800000,0x00000006d3aa9e80,0x00000006d4080000)
 Metaspace       used 2707K, capacity 4486K, committed 4864K, reserved 1056768K
  class space    used 302K, capacity 386K, committed 512K, reserved 1048576K
Heap after GC invocations=91 (full 9):
 PSYoungGen      total 89600K, used 0K [0x00000007b9c00000, 0x00000007c0000000, 0x00000007c0000000)
  eden space 76800K, 0% used [0x00000007b9c00000,0x00000007b9c00000,0x00000007be700000)
  from space 12800K, 0% used [0x00000007bf380000,0x00000007bf380000,0x00000007c0000000)
  to   space 12800K, 0% used [0x00000007be700000,0x00000007be700000,0x00000007bf380000)
 ParOldGen       total 317440K, used 35463K [0x00000006c1800000, 0x00000006d4e00000, 0x00000007b9c00000)
  object space 317440K, 11% used [0x00000006c1800000,0x00000006c3aa1e80,0x00000006d4e00000)
 Metaspace       used 2707K, capacity 4486K, committed 4864K, reserved 1056768K
  class space    used 302K, capacity 386K, committed 512K, reserved 1048576K
}
{Heap before GC invocations=92 (full 9):
 PSYoungGen      total 89600K, used 76800K [0x00000007b9c00000, 0x00000007c0000000, 0x00000007c0000000)
  eden space 76800K, 100% used [0x00000007b9c00000,0x00000007be700000,0x00000007be700000)
  from space 12800K, 0% used [0x00000007bf380000,0x00000007bf380000,0x00000007c0000000)
  to   space 12800K, 0% used [0x00000007be700000,0x00000007be700000,0x00000007bf380000)
 ParOldGen       total 317440K, used 35463K [0x00000006c1800000, 0x00000006d4e00000, 0x00000007b9c00000)
  object space 317440K, 11% used [0x00000006c1800000,0x00000006c3aa1e80,0x00000006d4e00000)
 Metaspace       used 2707K, capacity 4486K, committed 4864K, reserved 1056768K
  class space    used 302K, capacity 386K, committed 512K, reserved 1048576K
Heap after GC invocations=92 (full 9):
 PSYoungGen      total 89600K, used 12800K [0x00000007b9c00000, 0x00000007c0000000, 0x00000007c0000000)
  eden space 76800K, 0% used [0x00000007b9c00000,0x00000007b9c00000,0x00000007be700000)
  from space 12800K, 100% used [0x00000007be700000,0x00000007bf380000,0x00000007bf380000)
  to   space 12800K, 0% used [0x00000007bf380000,0x00000007bf380000,0x00000007c0000000)
 ParOldGen       total 317440K, used 55631K [0x00000006c1800000, 0x00000006d4e00000, 0x00000007b9c00000)
  object space 317440K, 17% used [0x00000006c1800000,0x00000006c4e53e80,0x00000006d4e00000)
 Metaspace       used 2707K, capacity 4486K, committed 4864K, reserved 1056768K
  class space    used 302K, capacity 386K, committed 512K, reserved 1048576K
}
{Heap before GC invocations=93 (full 9):
 PSYoungGen      total 89600K, used 89600K [0x00000007b9c00000, 0x00000007c0000000, 0x00000007c0000000)
  eden space 76800K, 100% used [0x00000007b9c00000,0x00000007be700000,0x00000007be700000)
  from space 12800K, 100% used [0x00000007be700000,0x00000007bf380000,0x00000007bf380000)
  to   space 12800K, 0% used [0x00000007bf380000,0x00000007bf380000,0x00000007c0000000)
 ParOldGen       total 317440K, used 55631K [0x00000006c1800000, 0x00000006d4e00000, 0x00000007b9c00000)
  object space 317440K, 17% used [0x00000006c1800000,0x00000006c4e53e80,0x00000006d4e00000)
 Metaspace       used 2707K, capacity 4486K, committed 4864K, reserved 1056768K
  class space    used 302K, capacity 386K, committed 512K, reserved 1048576K
Heap after GC invocations=93 (full 9):
 PSYoungGen      total 89600K, used 12800K [0x00000007b9c00000, 0x00000007c0000000, 0x00000007c0000000)
  eden space 76800K, 0% used [0x00000007b9c00000,0x00000007b9c00000,0x00000007be700000)
  from space 12800K, 100% used [0x00000007bf380000,0x00000007c0000000,0x00000007c0000000)
  to   space 12800K, 0% used [0x00000007be700000,0x00000007be700000,0x00000007bf380000)
 ParOldGen       total 317440K, used 75799K [0x00000006c1800000, 0x00000006d4e00000, 0x00000007b9c00000)
  object space 317440K, 23% used [0x00000006c1800000,0x00000006c6205e80,0x00000006d4e00000)
 Metaspace       used 2707K, capacity 4486K, committed 4864K, reserved 1056768K
  class space    used 302K, capacity 386K, committed 512K, reserved 1048576K
}
{Heap before GC invocations=94 (full 9):
 PSYoungGen      total 89600K, used 89600K [0x00000007b9c00000, 0x00000007c0000000, 0x00000007c0000000)
  eden space 76800K, 100% used [0x00000007b9c00000,0x00000007be700000,0x00000007be700000)
  from space 12800K, 100% used [0x00000007bf380000,0x00000007c0000000,0x00000007c0000000)
  to   space 12800K, 0% used [0x00000007be700000,0x00000007be700000,0x00000007bf380000)
 ParOldGen       total 317440K, used 75799K [0x00000006c1800000, 0x00000006d4e00000, 0x00000007b9c00000)
  object space 317440K, 23% used [0x00000006c1800000,0x00000006c6205e80,0x00000006d4e00000)
 Metaspace       used 2707K, capacity 4486K, committed 4864K, reserved 1056768K
  class space    used 302K, capacity 386K, committed 512K, reserved 1048576K
Heap after GC invocations=94 (full 9):
 PSYoungGen      total 89600K, used 12800K [0x00000007b9c00000, 0x00000007c0000000, 0x00000007c0000000)
  eden space 76800K, 0% used [0x00000007b9c00000,0x00000007b9c00000,0x00000007be700000)
  from space 12800K, 100% used [0x00000007be700000,0x00000007bf380000,0x00000007bf380000)
  to   space 12800K, 0% used [0x00000007bf380000,0x00000007bf380000,0x00000007c0000000)
 ParOldGen       total 317440K, used 95967K [0x00000006c1800000, 0x00000006d4e00000, 0x00000007b9c00000)
  object space 317440K, 30% used [0x00000006c1800000,0x00000006c75b7e80,0x00000006d4e00000)
 Metaspace       used 2707K, capacity 4486K, committed 4864K, reserved 1056768K
  class space    used 302K, capacity 386K, committed 512K, reserved 1048576K
}
{Heap before GC invocations=95 (full 9):
 PSYoungGen      total 89600K, used 89600K [0x00000007b9c00000, 0x00000007c0000000, 0x00000007c0000000)
  eden space 76800K, 100% used [0x00000007b9c00000,0x00000007be700000,0x00000007be700000)
  from space 12800K, 100% used [0x00000007be700000,0x00000007bf380000,0x00000007bf380000)
  to   space 12800K, 0% used [0x00000007bf380000,0x00000007bf380000,0x00000007c0000000)
 ParOldGen       total 317440K, used 95967K [0x00000006c1800000, 0x00000006d4e00000, 0x00000007b9c00000)
  object space 317440K, 30% used [0x00000006c1800000,0x00000006c75b7e80,0x00000006d4e00000)
 Metaspace       used 2707K, capacity 4486K, committed 4864K, reserved 1056768K
  class space    used 302K, capacity 386K, committed 512K, reserved 1048576K
Heap after GC invocations=95 (full 9):
 PSYoungGen      total 89600K, used 12800K [0x00000007b9c00000, 0x00000007c0000000, 0x00000007c0000000)
  eden space 76800K, 0% used [0x00000007b9c00000,0x00000007b9c00000,0x00000007be700000)
  from space 12800K, 100% used [0x00000007bf380000,0x00000007c0000000,0x00000007c0000000)
  to   space 12800K, 0% used [0x00000007be700000,0x00000007be700000,0x00000007bf380000)
 ParOldGen       total 317440K, used 116135K [0x00000006c1800000, 0x00000006d4e00000, 0x00000007b9c00000)
  object space 317440K, 36% used [0x00000006c1800000,0x00000006c8969e80,0x00000006d4e00000)
 Metaspace       used 2707K, capacity 4486K, committed 4864K, reserved 1056768K
  class space    used 302K, capacity 386K, committed 512K, reserved 1048576K
}
{Heap before GC invocations=96 (full 9):
 PSYoungGen      total 89600K, used 89600K [0x00000007b9c00000, 0x00000007c0000000, 0x00000007c0000000)
  eden space 76800K, 100% used [0x00000007b9c00000,0x00000007be700000,0x00000007be700000)
  from space 12800K, 100% used [0x00000007bf380000,0x00000007c0000000,0x00000007c0000000)
  to   space 12800K, 0% used [0x00000007be700000,0x00000007be700000,0x00000007bf380000)
 ParOldGen       total 317440K, used 116135K [0x00000006c1800000, 0x00000006d4e00000, 0x00000007b9c00000)
  object space 317440K, 36% used [0x00000006c1800000,0x00000006c8969e80,0x00000006d4e00000)
 Metaspace       used 2707K, capacity 4486K, committed 4864K, reserved 1056768K
  class space    used 302K, capacity 386K, committed 512K, reserved 1048576K
Heap after GC invocations=96 (full 9):
 PSYoungGen      total 89600K, used 12800K [0x00000007b9c00000, 0x00000007c0000000, 0x00000007c0000000)
  eden space 76800K, 0% used [0x00000007b9c00000,0x00000007b9c00000,0x00000007be700000)
  from space 12800K, 100% used [0x00000007be700000,0x00000007bf380000,0x00000007bf380000)
  to   space 12800K, 0% used [0x00000007bf380000,0x00000007bf380000,0x00000007c0000000)
 ParOldGen       total 317440K, used 136327K [0x00000006c1800000, 0x00000006d4e00000, 0x00000007b9c00000)
  object space 317440K, 42% used [0x00000006c1800000,0x00000006c9d21e80,0x00000006d4e00000)
 Metaspace       used 2707K, capacity 4486K, committed 4864K, reserved 1056768K
  class space    used 302K, capacity 386K, committed 512K, reserved 1048576K
}
{Heap before GC invocations=97 (full 9):
 PSYoungGen      total 89600K, used 89600K [0x00000007b9c00000, 0x00000007c0000000, 0x00000007c0000000)
  eden space 76800K, 100% used [0x00000007b9c00000,0x00000007be700000,0x00000007be700000)
  from space 12800K, 100% used [0x00000007be700000,0x00000007bf380000,0x00000007bf380000)
  to   space 12800K, 0% used [0x00000007bf380000,0x00000007bf380000,0x00000007c0000000)
 ParOldGen       total 317440K, used 136327K [0x00000006c1800000, 0x00000006d4e00000, 0x00000007b9c00000)
  object space 317440K, 42% used [0x00000006c1800000,0x00000006c9d21e80,0x00000006d4e00000)
 Metaspace       used 2707K, capacity 4486K, committed 4864K, reserved 1056768K
  class space    used 302K, capacity 386K, committed 512K, reserved 1048576K
Heap after GC invocations=97 (full 9):
 PSYoungGen      total 89600K, used 12800K [0x00000007b9c00000, 0x00000007c0000000, 0x00000007c0000000)
  eden space 76800K, 0% used [0x00000007b9c00000,0x00000007b9c00000,0x00000007be700000)
  from space 12800K, 100% used [0x00000007bf380000,0x00000007c0000000,0x00000007c0000000)
  to   space 12800K, 0% used [0x00000007be700000,0x00000007be700000,0x00000007bf380000)
 ParOldGen       total 317440K, used 156487K [0x00000006c1800000, 0x00000006d4e00000, 0x00000007b9c00000)
  object space 317440K, 49% used [0x00000006c1800000,0x00000006cb0d1e80,0x00000006d4e00000)
 Metaspace       used 2707K, capacity 4486K, committed 4864K, reserved 1056768K
  class space    used 302K, capacity 386K, committed 512K, reserved 1048576K
}
{Heap before GC invocations=98 (full 9):
 PSYoungGen      total 89600K, used 89600K [0x00000007b9c00000, 0x00000007c0000000, 0x00000007c0000000)
  eden space 76800K, 100% used [0x00000007b9c00000,0x00000007be700000,0x00000007be700000)
  from space 12800K, 100% used [0x00000007bf380000,0x00000007c0000000,0x00000007c0000000)
  to   space 12800K, 0% used [0x00000007be700000,0x00000007be700000,0x00000007bf380000)
 ParOldGen       total 317440K, used 156487K [0x00000006c1800000, 0x00000006d4e00000, 0x00000007b9c00000)
  object space 317440K, 49% used [0x00000006c1800000,0x00000006cb0d1e80,0x00000006d4e00000)
 Metaspace       used 2707K, capacity 4486K, committed 4864K, reserved 1056768K
  class space    used 302K, capacity 386K, committed 512K, reserved 1048576K
Heap after GC invocations=98 (full 9):
 PSYoungGen      total 89600K, used 12800K [0x00000007b9c00000, 0x00000007c0000000, 0x00000007c0000000)
  eden space 76800K, 0% used [0x00000007b9c00000,0x00000007b9c00000,0x00000007be700000)
  from space 12800K, 100% used [0x00000007be700000,0x00000007bf380000,0x00000007bf380000)
  to   space 12800K, 0% used [0x00000007bf380000,0x00000007bf380000,0x00000007c0000000)
 ParOldGen       total 317440K, used 176647K [0x00000006c1800000, 0x00000006d4e00000, 0x00000007b9c00000)
  object space 317440K, 55% used [0x00000006c1800000,0x00000006cc481e80,0x00000006d4e00000)
 Metaspace       used 2707K, capacity 4486K, committed 4864K, reserved 1056768K
  class space    used 302K, capacity 386K, committed 512K, reserved 1048576K
}
{Heap before GC invocations=99 (full 9):
 PSYoungGen      total 89600K, used 89600K [0x00000007b9c00000, 0x00000007c0000000, 0x00000007c0000000)
  eden space 76800K, 100% used [0x00000007b9c00000,0x00000007be700000,0x00000007be700000)
  from space 12800K, 100% used [0x00000007be700000,0x00000007bf380000,0x00000007bf380000)
  to   space 12800K, 0% used [0x00000007bf380000,0x00000007bf380000,0x00000007c0000000)
 ParOldGen       total 317440K, used 176647K [0x00000006c1800000, 0x00000006d4e00000, 0x00000007b9c00000)
  object space 317440K, 55% used [0x00000006c1800000,0x00000006cc481e80,0x00000006d4e00000)
 Metaspace       used 2707K, capacity 4486K, committed 4864K, reserved 1056768K
  class space    used 302K, capacity 386K, committed 512K, reserved 1048576K
Heap after GC invocations=99 (full 9):
 PSYoungGen      total 89600K, used 12800K [0x00000007b9c00000, 0x00000007c0000000, 0x00000007c0000000)
  eden space 76800K, 0% used [0x00000007b9c00000,0x00000007b9c00000,0x00000007be700000)
  from space 12800K, 100% used [0x00000007bf380000,0x00000007c0000000,0x00000007c0000000)
  to   space 12800K, 0% used [0x00000007be700000,0x00000007be700000,0x00000007bf380000)
 ParOldGen       total 317440K, used 196815K [0x00000006c1800000, 0x00000006d4e00000, 0x00000007b9c00000)
  object space 317440K, 62% used [0x00000006c1800000,0x00000006cd833e80,0x00000006d4e00000)
 Metaspace       used 2707K, capacity 4486K, committed 4864K, reserved 1056768K
  class space    used 302K, capacity 386K, committed 512K, reserved 1048576K
}
{Heap before GC invocations=100 (full 9):
 PSYoungGen      total 89600K, used 89600K [0x00000007b9c00000, 0x00000007c0000000, 0x00000007c0000000)
  eden space 76800K, 100% used [0x00000007b9c00000,0x00000007be700000,0x00000007be700000)
  from space 12800K, 100% used [0x00000007bf380000,0x00000007c0000000,0x00000007c0000000)
  to   space 12800K, 0% used [0x00000007be700000,0x00000007be700000,0x00000007bf380000)
 ParOldGen       total 317440K, used 196815K [0x00000006c1800000, 0x00000006d4e00000, 0x00000007b9c00000)
  object space 317440K, 62% used [0x00000006c1800000,0x00000006cd833e80,0x00000006d4e00000)
 Metaspace       used 2707K, capacity 4486K, committed 4864K, reserved 1056768K
  class space    used 302K, capacity 386K, committed 512K, reserved 1048576K
Heap after GC invocations=100 (full 9):
 PSYoungGen      total 89600K, used 12800K [0x00000007b9c00000, 0x00000007c0000000, 0x00000007c0000000)
  eden space 76800K, 0% used [0x00000007b9c00000,0x00000007b9c00000,0x00000007be700000)
  from space 12800K, 100% used [0x00000007be700000,0x00000007bf380000,0x00000007bf380000)
  to   space 12800K, 0% used [0x00000007bf380000,0x00000007bf380000,0x00000007c0000000)
 ParOldGen       total 317440K, used 216983K [0x00000006c1800000, 0x00000006d4e00000, 0x00000007b9c00000)
  object space 317440K, 68% used [0x00000006c1800000,0x00000006cebe5e80,0x00000006d4e00000)
 Metaspace       used 2707K, capacity 4486K, committed 4864K, reserved 1056768K
  class space    used 302K, capacity 386K, committed 512K, reserved 1048576K
}
{Heap before GC invocations=101 (full 9):
 PSYoungGen      total 89600K, used 89600K [0x00000007b9c00000, 0x00000007c0000000, 0x00000007c0000000)
  eden space 76800K, 100% used [0x00000007b9c00000,0x00000007be700000,0x00000007be700000)
  from space 12800K, 100% used [0x00000007be700000,0x00000007bf380000,0x00000007bf380000)
  to   space 12800K, 0% used [0x00000007bf380000,0x00000007bf380000,0x00000007c0000000)
 ParOldGen       total 317440K, used 216983K [0x00000006c1800000, 0x00000006d4e00000, 0x00000007b9c00000)
  object space 317440K, 68% used [0x00000006c1800000,0x00000006cebe5e80,0x00000006d4e00000)
 Metaspace       used 2707K, capacity 4486K, committed 4864K, reserved 1056768K
  class space    used 302K, capacity 386K, committed 512K, reserved 1048576K
Heap after GC invocations=101 (full 9):
 PSYoungGen      total 89600K, used 12800K [0x00000007b9c00000, 0x00000007c0000000, 0x00000007c0000000)
  eden space 76800K, 0% used [0x00000007b9c00000,0x00000007b9c00000,0x00000007be700000)
  from space 12800K, 100% used [0x00000007bf380000,0x00000007c0000000,0x00000007c0000000)
  to   space 12800K, 0% used [0x00000007be700000,0x00000007be700000,0x00000007bf380000)
 ParOldGen       total 317440K, used 237159K [0x00000006c1800000, 0x00000006d4e00000, 0x00000007b9c00000)
  object space 317440K, 74% used [0x00000006c1800000,0x00000006cff99e80,0x00000006d4e00000)
 Metaspace       used 2707K, capacity 4486K, committed 4864K, reserved 1056768K
  class space    used 302K, capacity 386K, committed 512K, reserved 1048576K
}
{Heap before GC invocations=102 (full 9):
 PSYoungGen      total 89600K, used 89600K [0x00000007b9c00000, 0x00000007c0000000, 0x00000007c0000000)
  eden space 76800K, 100% used [0x00000007b9c00000,0x00000007be700000,0x00000007be700000)
  from space 12800K, 100% used [0x00000007bf380000,0x00000007c0000000,0x00000007c0000000)
  to   space 12800K, 0% used [0x00000007be700000,0x00000007be700000,0x00000007bf380000)
 ParOldGen       total 317440K, used 237159K [0x00000006c1800000, 0x00000006d4e00000, 0x00000007b9c00000)
  object space 317440K, 74% used [0x00000006c1800000,0x00000006cff99e80,0x00000006d4e00000)
 Metaspace       used 2707K, capacity 4486K, committed 4864K, reserved 1056768K
  class space    used 302K, capacity 386K, committed 512K, reserved 1048576K
Heap after GC invocations=102 (full 9):
 PSYoungGen      total 89600K, used 12800K [0x00000007b9c00000, 0x00000007c0000000, 0x00000007c0000000)
  eden space 76800K, 0% used [0x00000007b9c00000,0x00000007b9c00000,0x00000007be700000)
  from space 12800K, 100% used [0x00000007be700000,0x00000007bf380000,0x00000007bf380000)
  to   space 12800K, 0% used [0x00000007bf380000,0x00000007bf380000,0x00000007c0000000)
 ParOldGen       total 317440K, used 257327K [0x00000006c1800000, 0x00000006d4e00000, 0x00000007b9c00000)
  object space 317440K, 81% used [0x00000006c1800000,0x00000006d134be80,0x00000006d4e00000)
 Metaspace       used 2707K, capacity 4486K, committed 4864K, reserved 1056768K
  class space    used 302K, capacity 386K, committed 512K, reserved 1048576K
}
{Heap before GC invocations=103 (full 9):
 PSYoungGen      total 89600K, used 89600K [0x00000007b9c00000, 0x00000007c0000000, 0x00000007c0000000)
  eden space 76800K, 100% used [0x00000007b9c00000,0x00000007be700000,0x00000007be700000)
  from space 12800K, 100% used [0x00000007be700000,0x00000007bf380000,0x00000007bf380000)
  to   space 12800K, 0% used [0x00000007bf380000,0x00000007bf380000,0x00000007c0000000)
 ParOldGen       total 317440K, used 257327K [0x00000006c1800000, 0x00000006d4e00000, 0x00000007b9c00000)
  object space 317440K, 81% used [0x00000006c1800000,0x00000006d134be80,0x00000006d4e00000)
 Metaspace       used 2707K, capacity 4486K, committed 4864K, reserved 1056768K
  class space    used 302K, capacity 386K, committed 512K, reserved 1048576K
Heap after GC invocations=103 (full 9):
 PSYoungGen      total 89600K, used 12800K [0x00000007b9c00000, 0x00000007c0000000, 0x00000007c0000000)
  eden space 76800K, 0% used [0x00000007b9c00000,0x00000007b9c00000,0x00000007be700000)
  from space 12800K, 100% used [0x00000007bf380000,0x00000007c0000000,0x00000007c0000000)
  to   space 12800K, 0% used [0x00000007be700000,0x00000007be700000,0x00000007bf380000)
 ParOldGen       total 317440K, used 277495K [0x00000006c1800000, 0x00000006d4e00000, 0x00000007b9c00000)
  object space 317440K, 87% used [0x00000006c1800000,0x00000006d26fde80,0x00000006d4e00000)
 Metaspace       used 2707K, capacity 4486K, committed 4864K, reserved 1056768K
  class space    used 302K, capacity 386K, committed 512K, reserved 1048576K
}
{Heap before GC invocations=104 (full 9):
 PSYoungGen      total 89600K, used 89600K [0x00000007b9c00000, 0x00000007c0000000, 0x00000007c0000000)
  eden space 76800K, 100% used [0x00000007b9c00000,0x00000007be700000,0x00000007be700000)
  from space 12800K, 100% used [0x00000007bf380000,0x00000007c0000000,0x00000007c0000000)
  to   space 12800K, 0% used [0x00000007be700000,0x00000007be700000,0x00000007bf380000)
 ParOldGen       total 317440K, used 277495K [0x00000006c1800000, 0x00000006d4e00000, 0x00000007b9c00000)
  object space 317440K, 87% used [0x00000006c1800000,0x00000006d26fde80,0x00000006d4e00000)
 Metaspace       used 2707K, capacity 4486K, committed 4864K, reserved 1056768K
  class space    used 302K, capacity 386K, committed 512K, reserved 1048576K
Heap after GC invocations=104 (full 9):
 PSYoungGen      total 89600K, used 12800K [0x00000007b9c00000, 0x00000007c0000000, 0x00000007c0000000)
  eden space 76800K, 0% used [0x00000007b9c00000,0x00000007b9c00000,0x00000007be700000)
  from space 12800K, 100% used [0x00000007be700000,0x00000007bf380000,0x00000007bf380000)
  to   space 12800K, 0% used [0x00000007bf380000,0x00000007bf380000,0x00000007c0000000)
 ParOldGen       total 317440K, used 297671K [0x00000006c1800000, 0x00000006d4e00000, 0x00000007b9c00000)
  object space 317440K, 93% used [0x00000006c1800000,0x00000006d3ab1e80,0x00000006d4e00000)
 Metaspace       used 2707K, capacity 4486K, committed 4864K, reserved 1056768K
  class space    used 302K, capacity 386K, committed 512K, reserved 1048576K
}
{Heap before GC invocations=105 (full 10):
 PSYoungGen      total 89600K, used 12800K [0x00000007b9c00000, 0x00000007c0000000, 0x00000007c0000000)
  eden space 76800K, 0% used [0x00000007b9c00000,0x00000007b9c00000,0x00000007be700000)
  from space 12800K, 100% used [0x00000007be700000,0x00000007bf380000,0x00000007bf380000)
  to   space 12800K, 0% used [0x00000007bf380000,0x00000007bf380000,0x00000007c0000000)
 ParOldGen       total 317440K, used 297671K [0x00000006c1800000, 0x00000006d4e00000, 0x00000007b9c00000)
  object space 317440K, 93% used [0x00000006c1800000,0x00000006d3ab1e80,0x00000006d4e00000)
 Metaspace       used 2707K, capacity 4486K, committed 4864K, reserved 1056768K
  class space    used 302K, capacity 386K, committed 512K, reserved 1048576K
Heap after GC invocations=105 (full 10):
 PSYoungGen      total 89600K, used 0K [0x00000007b9c00000, 0x00000007c0000000, 0x00000007c0000000)
  eden space 76800K, 0% used [0x00000007b9c00000,0x00000007b9c00000,0x00000007be700000)
  from space 12800K, 0% used [0x00000007be700000,0x00000007be700000,0x00000007bf380000)
  to   space 12800K, 0% used [0x00000007bf380000,0x00000007bf380000,0x00000007c0000000)
 ParOldGen       total 331264K, used 35463K [0x00000006c1800000, 0x00000006d5b80000, 0x00000007b9c00000)
  object space 331264K, 10% used [0x00000006c1800000,0x00000006c3aa1e80,0x00000006d5b80000)
 Metaspace       used 2707K, capacity 4486K, committed 4864K, reserved 1056768K
  class space    used 302K, capacity 386K, committed 512K, reserved 1048576K
}
{Heap before GC invocations=106 (full 10):
 PSYoungGen      total 89600K, used 76800K [0x00000007b9c00000, 0x00000007c0000000, 0x00000007c0000000)
  eden space 76800K, 100% used [0x00000007b9c00000,0x00000007be700000,0x00000007be700000)
  from space 12800K, 0% used [0x00000007be700000,0x00000007be700000,0x00000007bf380000)
  to   space 12800K, 0% used [0x00000007bf380000,0x00000007bf380000,0x00000007c0000000)
 ParOldGen       total 331264K, used 35463K [0x00000006c1800000, 0x00000006d5b80000, 0x00000007b9c00000)
  object space 331264K, 10% used [0x00000006c1800000,0x00000006c3aa1e80,0x00000006d5b80000)
 Metaspace       used 2707K, capacity 4486K, committed 4864K, reserved 1056768K
  class space    used 302K, capacity 386K, committed 512K, reserved 1048576K
Heap after GC invocations=106 (full 10):
 PSYoungGen      total 89600K, used 12800K [0x00000007b9c00000, 0x00000007c0000000, 0x00000007c0000000)
  eden space 76800K, 0% used [0x00000007b9c00000,0x00000007b9c00000,0x00000007be700000)
  from space 12800K, 100% used [0x00000007bf380000,0x00000007c0000000,0x00000007c0000000)
  to   space 12800K, 0% used [0x00000007be700000,0x00000007be700000,0x00000007bf380000)
 ParOldGen       total 331264K, used 55623K [0x00000006c1800000, 0x00000006d5b80000, 0x00000007b9c00000)
  object space 331264K, 16% used [0x00000006c1800000,0x00000006c4e51e80,0x00000006d5b80000)
 Metaspace       used 2707K, capacity 4486K, committed 4864K, reserved 1056768K
  class space    used 302K, capacity 386K, committed 512K, reserved 1048576K
}
{Heap before GC invocations=107 (full 10):
 PSYoungGen      total 89600K, used 89600K [0x00000007b9c00000, 0x00000007c0000000, 0x00000007c0000000)
  eden space 76800K, 100% used [0x00000007b9c00000,0x00000007be700000,0x00000007be700000)
  from space 12800K, 100% used [0x00000007bf380000,0x00000007c0000000,0x00000007c0000000)
  to   space 12800K, 0% used [0x00000007be700000,0x00000007be700000,0x00000007bf380000)
 ParOldGen       total 331264K, used 55623K [0x00000006c1800000, 0x00000006d5b80000, 0x00000007b9c00000)
  object space 331264K, 16% used [0x00000006c1800000,0x00000006c4e51e80,0x00000006d5b80000)
 Metaspace       used 2707K, capacity 4486K, committed 4864K, reserved 1056768K
  class space    used 302K, capacity 386K, committed 512K, reserved 1048576K
Heap after GC invocations=107 (full 10):
 PSYoungGen      total 89600K, used 12800K [0x00000007b9c00000, 0x00000007c0000000, 0x00000007c0000000)
  eden space 76800K, 0% used [0x00000007b9c00000,0x00000007b9c00000,0x00000007be700000)
  from space 12800K, 100% used [0x00000007be700000,0x00000007bf380000,0x00000007bf380000)
  to   space 12800K, 0% used [0x00000007bf380000,0x00000007bf380000,0x00000007c0000000)
 ParOldGen       total 331264K, used 75783K [0x00000006c1800000, 0x00000006d5b80000, 0x00000007b9c00000)
  object space 331264K, 22% used [0x00000006c1800000,0x00000006c6201e80,0x00000006d5b80000)
 Metaspace       used 2707K, capacity 4486K, committed 4864K, reserved 1056768K
  class space    used 302K, capacity 386K, committed 512K, reserved 1048576K
}
{Heap before GC invocations=108 (full 10):
 PSYoungGen      total 89600K, used 89600K [0x00000007b9c00000, 0x00000007c0000000, 0x00000007c0000000)
  eden space 76800K, 100% used [0x00000007b9c00000,0x00000007be700000,0x00000007be700000)
  from space 12800K, 100% used [0x00000007be700000,0x00000007bf380000,0x00000007bf380000)
  to   space 12800K, 0% used [0x00000007bf380000,0x00000007bf380000,0x00000007c0000000)
 ParOldGen       total 331264K, used 75783K [0x00000006c1800000, 0x00000006d5b80000, 0x00000007b9c00000)
  object space 331264K, 22% used [0x00000006c1800000,0x00000006c6201e80,0x00000006d5b80000)
 Metaspace       used 2707K, capacity 4486K, committed 4864K, reserved 1056768K
  class space    used 302K, capacity 386K, committed 512K, reserved 1048576K
Heap after GC invocations=108 (full 10):
 PSYoungGen      total 89600K, used 12800K [0x00000007b9c00000, 0x00000007c0000000, 0x00000007c0000000)
  eden space 76800K, 0% used [0x00000007b9c00000,0x00000007b9c00000,0x00000007be700000)
  from space 12800K, 100% used [0x00000007bf380000,0x00000007c0000000,0x00000007c0000000)
  to   space 12800K, 0% used [0x00000007be700000,0x00000007be700000,0x00000007bf380000)
 ParOldGen       total 331264K, used 95943K [0x00000006c1800000, 0x00000006d5b80000, 0x00000007b9c00000)
  object space 331264K, 28% used [0x00000006c1800000,0x00000006c75b1e80,0x00000006d5b80000)
 Metaspace       used 2707K, capacity 4486K, committed 4864K, reserved 1056768K
  class space    used 302K, capacity 386K, committed 512K, reserved 1048576K
}
{Heap before GC invocations=109 (full 10):
 PSYoungGen      total 89600K, used 89600K [0x00000007b9c00000, 0x00000007c0000000, 0x00000007c0000000)
  eden space 76800K, 100% used [0x00000007b9c00000,0x00000007be700000,0x00000007be700000)
  from space 12800K, 100% used [0x00000007bf380000,0x00000007c0000000,0x00000007c0000000)
  to   space 12800K, 0% used [0x00000007be700000,0x00000007be700000,0x00000007bf380000)
 ParOldGen       total 331264K, used 95943K [0x00000006c1800000, 0x00000006d5b80000, 0x00000007b9c00000)
  object space 331264K, 28% used [0x00000006c1800000,0x00000006c75b1e80,0x00000006d5b80000)
 Metaspace       used 2707K, capacity 4486K, committed 4864K, reserved 1056768K
  class space    used 302K, capacity 386K, committed 512K, reserved 1048576K
Heap after GC invocations=109 (full 10):
 PSYoungGen      total 89600K, used 12800K [0x00000007b9c00000, 0x00000007c0000000, 0x00000007c0000000)
  eden space 76800K, 0% used [0x00000007b9c00000,0x00000007b9c00000,0x00000007be700000)
  from space 12800K, 100% used [0x00000007be700000,0x00000007bf380000,0x00000007bf380000)
  to   space 12800K, 0% used [0x00000007bf380000,0x00000007bf380000,0x00000007c0000000)
 ParOldGen       total 331264K, used 116111K [0x00000006c1800000, 0x00000006d5b80000, 0x00000007b9c00000)
  object space 331264K, 35% used [0x00000006c1800000,0x00000006c8963e80,0x00000006d5b80000)
 Metaspace       used 2707K, capacity 4486K, committed 4864K, reserved 1056768K
  class space    used 302K, capacity 386K, committed 512K, reserved 1048576K
}
{Heap before GC invocations=110 (full 10):
 PSYoungGen      total 89600K, used 89600K [0x00000007b9c00000, 0x00000007c0000000, 0x00000007c0000000)
  eden space 76800K, 100% used [0x00000007b9c00000,0x00000007be700000,0x00000007be700000)
  from space 12800K, 100% used [0x00000007be700000,0x00000007bf380000,0x00000007bf380000)
  to   space 12800K, 0% used [0x00000007bf380000,0x00000007bf380000,0x00000007c0000000)
 ParOldGen       total 331264K, used 116111K [0x00000006c1800000, 0x00000006d5b80000, 0x00000007b9c00000)
  object space 331264K, 35% used [0x00000006c1800000,0x00000006c8963e80,0x00000006d5b80000)
 Metaspace       used 2707K, capacity 4486K, committed 4864K, reserved 1056768K
  class space    used 302K, capacity 386K, committed 512K, reserved 1048576K
Heap after GC invocations=110 (full 10):
 PSYoungGen      total 89600K, used 12800K [0x00000007b9c00000, 0x00000007c0000000, 0x00000007c0000000)
  eden space 76800K, 0% used [0x00000007b9c00000,0x00000007b9c00000,0x00000007be700000)
  from space 12800K, 100% used [0x00000007bf380000,0x00000007c0000000,0x00000007c0000000)
  to   space 12800K, 0% used [0x00000007be700000,0x00000007be700000,0x00000007bf380000)
 ParOldGen       total 331264K, used 136279K [0x00000006c1800000, 0x00000006d5b80000, 0x00000007b9c00000)
  object space 331264K, 41% used [0x00000006c1800000,0x00000006c9d15e80,0x00000006d5b80000)
 Metaspace       used 2707K, capacity 4486K, committed 4864K, reserved 1056768K
  class space    used 302K, capacity 386K, committed 512K, reserved 1048576K
}
{Heap before GC invocations=111 (full 10):
 PSYoungGen      total 89600K, used 89600K [0x00000007b9c00000, 0x00000007c0000000, 0x00000007c0000000)
  eden space 76800K, 100% used [0x00000007b9c00000,0x00000007be700000,0x00000007be700000)
  from space 12800K, 100% used [0x00000007bf380000,0x00000007c0000000,0x00000007c0000000)
  to   space 12800K, 0% used [0x00000007be700000,0x00000007be700000,0x00000007bf380000)
 ParOldGen       total 331264K, used 136279K [0x00000006c1800000, 0x00000006d5b80000, 0x00000007b9c00000)
  object space 331264K, 41% used [0x00000006c1800000,0x00000006c9d15e80,0x00000006d5b80000)
 Metaspace       used 2707K, capacity 4486K, committed 4864K, reserved 1056768K
  class space    used 302K, capacity 386K, committed 512K, reserved 1048576K
Heap after GC invocations=111 (full 10):
 PSYoungGen      total 89600K, used 12800K [0x00000007b9c00000, 0x00000007c0000000, 0x00000007c0000000)
  eden space 76800K, 0% used [0x00000007b9c00000,0x00000007b9c00000,0x00000007be700000)
  from space 12800K, 100% used [0x00000007be700000,0x00000007bf380000,0x00000007bf380000)
  to   space 12800K, 0% used [0x00000007bf380000,0x00000007bf380000,0x00000007c0000000)
 ParOldGen       total 331264K, used 156439K [0x00000006c1800000, 0x00000006d5b80000, 0x00000007b9c00000)
  object space 331264K, 47% used [0x00000006c1800000,0x00000006cb0c5e80,0x00000006d5b80000)
 Metaspace       used 2707K, capacity 4486K, committed 4864K, reserved 1056768K
  class space    used 302K, capacity 386K, committed 512K, reserved 1048576K
}
{Heap before GC invocations=112 (full 10):
 PSYoungGen      total 89600K, used 89600K [0x00000007b9c00000, 0x00000007c0000000, 0x00000007c0000000)
  eden space 76800K, 100% used [0x00000007b9c00000,0x00000007be700000,0x00000007be700000)
  from space 12800K, 100% used [0x00000007be700000,0x00000007bf380000,0x00000007bf380000)
  to   space 12800K, 0% used [0x00000007bf380000,0x00000007bf380000,0x00000007c0000000)
 ParOldGen       total 331264K, used 156439K [0x00000006c1800000, 0x00000006d5b80000, 0x00000007b9c00000)
  object space 331264K, 47% used [0x00000006c1800000,0x00000006cb0c5e80,0x00000006d5b80000)
 Metaspace       used 2707K, capacity 4486K, committed 4864K, reserved 1056768K
  class space    used 302K, capacity 386K, committed 512K, reserved 1048576K
Heap after GC invocations=112 (full 10):
 PSYoungGen      total 89600K, used 12800K [0x00000007b9c00000, 0x00000007c0000000, 0x00000007c0000000)
  eden space 76800K, 0% used [0x00000007b9c00000,0x00000007b9c00000,0x00000007be700000)
  from space 12800K, 100% used [0x00000007bf380000,0x00000007c0000000,0x00000007c0000000)
  to   space 12800K, 0% used [0x00000007be700000,0x00000007be700000,0x00000007bf380000)
 ParOldGen       total 331264K, used 176615K [0x00000006c1800000, 0x00000006d5b80000, 0x00000007b9c00000)
  object space 331264K, 53% used [0x00000006c1800000,0x00000006cc479e80,0x00000006d5b80000)
 Metaspace       used 2707K, capacity 4486K, committed 4864K, reserved 1056768K
  class space    used 302K, capacity 386K, committed 512K, reserved 1048576K
}
{Heap before GC invocations=113 (full 10):
 PSYoungGen      total 89600K, used 89600K [0x00000007b9c00000, 0x00000007c0000000, 0x00000007c0000000)
  eden space 76800K, 100% used [0x00000007b9c00000,0x00000007be700000,0x00000007be700000)
  from space 12800K, 100% used [0x00000007bf380000,0x00000007c0000000,0x00000007c0000000)
  to   space 12800K, 0% used [0x00000007be700000,0x00000007be700000,0x00000007bf380000)
 ParOldGen       total 331264K, used 176615K [0x00000006c1800000, 0x00000006d5b80000, 0x00000007b9c00000)
  object space 331264K, 53% used [0x00000006c1800000,0x00000006cc479e80,0x00000006d5b80000)
 Metaspace       used 2707K, capacity 4486K, committed 4864K, reserved 1056768K
  class space    used 302K, capacity 386K, committed 512K, reserved 1048576K
Heap after GC invocations=113 (full 10):
 PSYoungGen      total 89600K, used 12800K [0x00000007b9c00000, 0x00000007c0000000, 0x00000007c0000000)
  eden space 76800K, 0% used [0x00000007b9c00000,0x00000007b9c00000,0x00000007be700000)
  from space 12800K, 100% used [0x00000007be700000,0x00000007bf380000,0x00000007bf380000)
  to   space 12800K, 0% used [0x00000007bf380000,0x00000007bf380000,0x00000007c0000000)
 ParOldGen       total 331264K, used 196791K [0x00000006c1800000, 0x00000006d5b80000, 0x00000007b9c00000)
  object space 331264K, 59% used [0x00000006c1800000,0x00000006cd82de80,0x00000006d5b80000)
 Metaspace       used 2707K, capacity 4486K, committed 4864K, reserved 1056768K
  class space    used 302K, capacity 386K, committed 512K, reserved 1048576K
}
{Heap before GC invocations=114 (full 10):
 PSYoungGen      total 89600K, used 89600K [0x00000007b9c00000, 0x00000007c0000000, 0x00000007c0000000)
  eden space 76800K, 100% used [0x00000007b9c00000,0x00000007be700000,0x00000007be700000)
  from space 12800K, 100% used [0x00000007be700000,0x00000007bf380000,0x00000007bf380000)
  to   space 12800K, 0% used [0x00000007bf380000,0x00000007bf380000,0x00000007c0000000)
 ParOldGen       total 331264K, used 196791K [0x00000006c1800000, 0x00000006d5b80000, 0x00000007b9c00000)
  object space 331264K, 59% used [0x00000006c1800000,0x00000006cd82de80,0x00000006d5b80000)
 Metaspace       used 2707K, capacity 4486K, committed 4864K, reserved 1056768K
  class space    used 302K, capacity 386K, committed 512K, reserved 1048576K
Heap after GC invocations=114 (full 10):
 PSYoungGen      total 89600K, used 12800K [0x00000007b9c00000, 0x00000007c0000000, 0x00000007c0000000)
  eden space 76800K, 0% used [0x00000007b9c00000,0x00000007b9c00000,0x00000007be700000)
  from space 12800K, 100% used [0x00000007bf380000,0x00000007c0000000,0x00000007c0000000)
  to   space 12800K, 0% used [0x00000007be700000,0x00000007be700000,0x00000007bf380000)
 ParOldGen       total 331264K, used 216967K [0x00000006c1800000, 0x00000006d5b80000, 0x00000007b9c00000)
  object space 331264K, 65% used [0x00000006c1800000,0x00000006cebe1e80,0x00000006d5b80000)
 Metaspace       used 2707K, capacity 4486K, committed 4864K, reserved 1056768K
  class space    used 302K, capacity 386K, committed 512K, reserved 1048576K
}
{Heap before GC invocations=115 (full 10):
 PSYoungGen      total 89600K, used 89600K [0x00000007b9c00000, 0x00000007c0000000, 0x00000007c0000000)
  eden space 76800K, 100% used [0x00000007b9c00000,0x00000007be700000,0x00000007be700000)
  from space 12800K, 100% used [0x00000007bf380000,0x00000007c0000000,0x00000007c0000000)
  to   space 12800K, 0% used [0x00000007be700000,0x00000007be700000,0x00000007bf380000)
 ParOldGen       total 331264K, used 216967K [0x00000006c1800000, 0x00000006d5b80000, 0x00000007b9c00000)
  object space 331264K, 65% used [0x00000006c1800000,0x00000006cebe1e80,0x00000006d5b80000)
 Metaspace       used 2707K, capacity 4486K, committed 4864K, reserved 1056768K
  class space    used 302K, capacity 386K, committed 512K, reserved 1048576K
Heap after GC invocations=115 (full 10):
 PSYoungGen      total 89600K, used 12800K [0x00000007b9c00000, 0x00000007c0000000, 0x00000007c0000000)
  eden space 76800K, 0% used [0x00000007b9c00000,0x00000007b9c00000,0x00000007be700000)
  from space 12800K, 100% used [0x00000007be700000,0x00000007bf380000,0x00000007bf380000)
  to   space 12800K, 0% used [0x00000007bf380000,0x00000007bf380000,0x00000007c0000000)
 ParOldGen       total 331264K, used 237135K [0x00000006c1800000, 0x00000006d5b80000, 0x00000007b9c00000)
  object space 331264K, 71% used [0x00000006c1800000,0x00000006cff93e80,0x00000006d5b80000)
 Metaspace       used 2707K, capacity 4486K, committed 4864K, reserved 1056768K
  class space    used 302K, capacity 386K, committed 512K, reserved 1048576K
}
{Heap before GC invocations=116 (full 10):
 PSYoungGen      total 89600K, used 89600K [0x00000007b9c00000, 0x00000007c0000000, 0x00000007c0000000)
  eden space 76800K, 100% used [0x00000007b9c00000,0x00000007be700000,0x00000007be700000)
  from space 12800K, 100% used [0x00000007be700000,0x00000007bf380000,0x00000007bf380000)
  to   space 12800K, 0% used [0x00000007bf380000,0x00000007bf380000,0x00000007c0000000)
 ParOldGen       total 331264K, used 237135K [0x00000006c1800000, 0x00000006d5b80000, 0x00000007b9c00000)
  object space 331264K, 71% used [0x00000006c1800000,0x00000006cff93e80,0x00000006d5b80000)
 Metaspace       used 2707K, capacity 4486K, committed 4864K, reserved 1056768K
  class space    used 302K, capacity 386K, committed 512K, reserved 1048576K
Heap after GC invocations=116 (full 10):
 PSYoungGen      total 89600K, used 12800K [0x00000007b9c00000, 0x00000007c0000000, 0x00000007c0000000)
  eden space 76800K, 0% used [0x00000007b9c00000,0x00000007b9c00000,0x00000007be700000)
  from space 12800K, 100% used [0x00000007bf380000,0x00000007c0000000,0x00000007c0000000)
  to   space 12800K, 0% used [0x00000007be700000,0x00000007be700000,0x00000007bf380000)
 ParOldGen       total 331264K, used 257303K [0x00000006c1800000, 0x00000006d5b80000, 0x00000007b9c00000)
  object space 331264K, 77% used [0x00000006c1800000,0x00000006d1345e80,0x00000006d5b80000)
 Metaspace       used 2707K, capacity 4486K, committed 4864K, reserved 1056768K
  class space    used 302K, capacity 386K, committed 512K, reserved 1048576K
}
{Heap before GC invocations=117 (full 10):
 PSYoungGen      total 89600K, used 89600K [0x00000007b9c00000, 0x00000007c0000000, 0x00000007c0000000)
  eden space 76800K, 100% used [0x00000007b9c00000,0x00000007be700000,0x00000007be700000)
  from space 12800K, 100% used [0x00000007bf380000,0x00000007c0000000,0x00000007c0000000)
  to   space 12800K, 0% used [0x00000007be700000,0x00000007be700000,0x00000007bf380000)
 ParOldGen       total 331264K, used 257303K [0x00000006c1800000, 0x00000006d5b80000, 0x00000007b9c00000)
  object space 331264K, 77% used [0x00000006c1800000,0x00000006d1345e80,0x00000006d5b80000)
 Metaspace       used 2707K, capacity 4486K, committed 4864K, reserved 1056768K
  class space    used 302K, capacity 386K, committed 512K, reserved 1048576K
Heap after GC invocations=117 (full 10):
 PSYoungGen      total 89600K, used 12800K [0x00000007b9c00000, 0x00000007c0000000, 0x00000007c0000000)
  eden space 76800K, 0% used [0x00000007b9c00000,0x00000007b9c00000,0x00000007be700000)
  from space 12800K, 100% used [0x00000007be700000,0x00000007bf380000,0x00000007bf380000)
  to   space 12800K, 0% used [0x00000007bf380000,0x00000007bf380000,0x00000007c0000000)
 ParOldGen       total 331264K, used 277479K [0x00000006c1800000, 0x00000006d5b80000, 0x00000007b9c00000)
  object space 331264K, 83% used [0x00000006c1800000,0x00000006d26f9e80,0x00000006d5b80000)
 Metaspace       used 2707K, capacity 4486K, committed 4864K, reserved 1056768K
  class space    used 302K, capacity 386K, committed 512K, reserved 1048576K
}
{Heap before GC invocations=118 (full 10):
 PSYoungGen      total 89600K, used 89600K [0x00000007b9c00000, 0x00000007c0000000, 0x00000007c0000000)
  eden space 76800K, 100% used [0x00000007b9c00000,0x00000007be700000,0x00000007be700000)
  from space 12800K, 100% used [0x00000007be700000,0x00000007bf380000,0x00000007bf380000)
  to   space 12800K, 0% used [0x00000007bf380000,0x00000007bf380000,0x00000007c0000000)
 ParOldGen       total 331264K, used 277479K [0x00000006c1800000, 0x00000006d5b80000, 0x00000007b9c00000)
  object space 331264K, 83% used [0x00000006c1800000,0x00000006d26f9e80,0x00000006d5b80000)
 Metaspace       used 2707K, capacity 4486K, committed 4864K, reserved 1056768K
  class space    used 302K, capacity 386K, committed 512K, reserved 1048576K
Heap after GC invocations=118 (full 10):
 PSYoungGen      total 89600K, used 12800K [0x00000007b9c00000, 0x00000007c0000000, 0x00000007c0000000)
  eden space 76800K, 0% used [0x00000007b9c00000,0x00000007b9c00000,0x00000007be700000)
  from space 12800K, 100% used [0x00000007bf380000,0x00000007c0000000,0x00000007c0000000)
  to   space 12800K, 0% used [0x00000007be700000,0x00000007be700000,0x00000007bf380000)
 ParOldGen       total 331264K, used 297639K [0x00000006c1800000, 0x00000006d5b80000, 0x00000007b9c00000)
  object space 331264K, 89% used [0x00000006c1800000,0x00000006d3aa9e80,0x00000006d5b80000)
 Metaspace       used 2707K, capacity 4486K, committed 4864K, reserved 1056768K
  class space    used 302K, capacity 386K, committed 512K, reserved 1048576K
}
{Heap before GC invocations=119 (full 10):
 PSYoungGen      total 89600K, used 89600K [0x00000007b9c00000, 0x00000007c0000000, 0x00000007c0000000)
  eden space 76800K, 100% used [0x00000007b9c00000,0x00000007be700000,0x00000007be700000)
  from space 12800K, 100% used [0x00000007bf380000,0x00000007c0000000,0x00000007c0000000)
  to   space 12800K, 0% used [0x00000007be700000,0x00000007be700000,0x00000007bf380000)
 ParOldGen       total 331264K, used 297639K [0x00000006c1800000, 0x00000006d5b80000, 0x00000007b9c00000)
  object space 331264K, 89% used [0x00000006c1800000,0x00000006d3aa9e80,0x00000006d5b80000)
 Metaspace       used 2707K, capacity 4486K, committed 4864K, reserved 1056768K
  class space    used 302K, capacity 386K, committed 512K, reserved 1048576K
Heap after GC invocations=119 (full 10):
 PSYoungGen      total 89600K, used 12800K [0x00000007b9c00000, 0x00000007c0000000, 0x00000007c0000000)
  eden space 76800K, 0% used [0x00000007b9c00000,0x00000007b9c00000,0x00000007be700000)
  from space 12800K, 100% used [0x00000007be700000,0x00000007bf380000,0x00000007bf380000)
  to   space 12800K, 0% used [0x00000007bf380000,0x00000007bf380000,0x00000007c0000000)
 ParOldGen       total 331264K, used 317807K [0x00000006c1800000, 0x00000006d5b80000, 0x00000007b9c00000)
  object space 331264K, 95% used [0x00000006c1800000,0x00000006d4e5be80,0x00000006d5b80000)
 Metaspace       used 2707K, capacity 4486K, committed 4864K, reserved 1056768K
  class space    used 302K, capacity 386K, committed 512K, reserved 1048576K
}
{Heap before GC invocations=120 (full 11):
 PSYoungGen      total 89600K, used 12800K [0x00000007b9c00000, 0x00000007c0000000, 0x00000007c0000000)
  eden space 76800K, 0% used [0x00000007b9c00000,0x00000007b9c00000,0x00000007be700000)
  from space 12800K, 100% used [0x00000007be700000,0x00000007bf380000,0x00000007bf380000)
  to   space 12800K, 0% used [0x00000007bf380000,0x00000007bf380000,0x00000007c0000000)
 ParOldGen       total 331264K, used 317807K [0x00000006c1800000, 0x00000006d5b80000, 0x00000007b9c00000)
  object space 331264K, 95% used [0x00000006c1800000,0x00000006d4e5be80,0x00000006d5b80000)
 Metaspace       used 2707K, capacity 4486K, committed 4864K, reserved 1056768K
  class space    used 302K, capacity 386K, committed 512K, reserved 1048576K
Heap after GC invocations=120 (full 11):
 PSYoungGen      total 89600K, used 0K [0x00000007b9c00000, 0x00000007c0000000, 0x00000007c0000000)
  eden space 76800K, 0% used [0x00000007b9c00000,0x00000007b9c00000,0x00000007be700000)
  from space 12800K, 0% used [0x00000007be700000,0x00000007be700000,0x00000007bf380000)
  to   space 12800K, 0% used [0x00000007bf380000,0x00000007bf380000,0x00000007c0000000)
 ParOldGen       total 343040K, used 35463K [0x00000006c1800000, 0x00000006d6700000, 0x00000007b9c00000)
  object space 343040K, 10% used [0x00000006c1800000,0x00000006c3aa1e80,0x00000006d6700000)
 Metaspace       used 2707K, capacity 4486K, committed 4864K, reserved 1056768K
  class space    used 302K, capacity 386K, committed 512K, reserved 1048576K
}
{Heap before GC invocations=121 (full 11):
 PSYoungGen      total 89600K, used 76800K [0x00000007b9c00000, 0x00000007c0000000, 0x00000007c0000000)
  eden space 76800K, 100% used [0x00000007b9c00000,0x00000007be700000,0x00000007be700000)
  from space 12800K, 0% used [0x00000007be700000,0x00000007be700000,0x00000007bf380000)
  to   space 12800K, 0% used [0x00000007bf380000,0x00000007bf380000,0x00000007c0000000)
 ParOldGen       total 343040K, used 35463K [0x00000006c1800000, 0x00000006d6700000, 0x00000007b9c00000)
  object space 343040K, 10% used [0x00000006c1800000,0x00000006c3aa1e80,0x00000006d6700000)
 Metaspace       used 2707K, capacity 4486K, committed 4864K, reserved 1056768K
  class space    used 302K, capacity 386K, committed 512K, reserved 1048576K
Heap after GC invocations=121 (full 11):
 PSYoungGen      total 89600K, used 12800K [0x00000007b9c00000, 0x00000007c0000000, 0x00000007c0000000)
  eden space 76800K, 0% used [0x00000007b9c00000,0x00000007b9c00000,0x00000007be700000)
  from space 12800K, 100% used [0x00000007bf380000,0x00000007c0000000,0x00000007c0000000)
  to   space 12800K, 0% used [0x00000007be700000,0x00000007be700000,0x00000007bf380000)
 ParOldGen       total 343040K, used 55631K [0x00000006c1800000, 0x00000006d6700000, 0x00000007b9c00000)
  object space 343040K, 16% used [0x00000006c1800000,0x00000006c4e53e80,0x00000006d6700000)
 Metaspace       used 2707K, capacity 4486K, committed 4864K, reserved 1056768K
  class space    used 302K, capacity 386K, committed 512K, reserved 1048576K
}
{Heap before GC invocations=122 (full 11):
 PSYoungGen      total 89600K, used 89600K [0x00000007b9c00000, 0x00000007c0000000, 0x00000007c0000000)
  eden space 76800K, 100% used [0x00000007b9c00000,0x00000007be700000,0x00000007be700000)
  from space 12800K, 100% used [0x00000007bf380000,0x00000007c0000000,0x00000007c0000000)
  to   space 12800K, 0% used [0x00000007be700000,0x00000007be700000,0x00000007bf380000)
 ParOldGen       total 343040K, used 55631K [0x00000006c1800000, 0x00000006d6700000, 0x00000007b9c00000)
  object space 343040K, 16% used [0x00000006c1800000,0x00000006c4e53e80,0x00000006d6700000)
 Metaspace       used 2707K, capacity 4486K, committed 4864K, reserved 1056768K
  class space    used 302K, capacity 386K, committed 512K, reserved 1048576K
Heap after GC invocations=122 (full 11):
 PSYoungGen      total 89600K, used 12800K [0x00000007b9c00000, 0x00000007c0000000, 0x00000007c0000000)
  eden space 76800K, 0% used [0x00000007b9c00000,0x00000007b9c00000,0x00000007be700000)
  from space 12800K, 100% used [0x00000007be700000,0x00000007bf380000,0x00000007bf380000)
  to   space 12800K, 0% used [0x00000007bf380000,0x00000007bf380000,0x00000007c0000000)
 ParOldGen       total 343040K, used 75799K [0x00000006c1800000, 0x00000006d6700000, 0x00000007b9c00000)
  object space 343040K, 22% used [0x00000006c1800000,0x00000006c6205e80,0x00000006d6700000)
 Metaspace       used 2707K, capacity 4486K, committed 4864K, reserved 1056768K
  class space    used 302K, capacity 386K, committed 512K, reserved 1048576K
}
{Heap before GC invocations=123 (full 11):
 PSYoungGen      total 89600K, used 89600K [0x00000007b9c00000, 0x00000007c0000000, 0x00000007c0000000)
  eden space 76800K, 100% used [0x00000007b9c00000,0x00000007be700000,0x00000007be700000)
  from space 12800K, 100% used [0x00000007be700000,0x00000007bf380000,0x00000007bf380000)
  to   space 12800K, 0% used [0x00000007bf380000,0x00000007bf380000,0x00000007c0000000)
 ParOldGen       total 343040K, used 75799K [0x00000006c1800000, 0x00000006d6700000, 0x00000007b9c00000)
  object space 343040K, 22% used [0x00000006c1800000,0x00000006c6205e80,0x00000006d6700000)
 Metaspace       used 2707K, capacity 4486K, committed 4864K, reserved 1056768K
  class space    used 302K, capacity 386K, committed 512K, reserved 1048576K
Heap after GC invocations=123 (full 11):
 PSYoungGen      total 89600K, used 12800K [0x00000007b9c00000, 0x00000007c0000000, 0x00000007c0000000)
  eden space 76800K, 0% used [0x00000007b9c00000,0x00000007b9c00000,0x00000007be700000)
  from space 12800K, 100% used [0x00000007bf380000,0x00000007c0000000,0x00000007c0000000)
  to   space 12800K, 0% used [0x00000007be700000,0x00000007be700000,0x00000007bf380000)
 ParOldGen       total 343040K, used 95967K [0x00000006c1800000, 0x00000006d6700000, 0x00000007b9c00000)
  object space 343040K, 27% used [0x00000006c1800000,0x00000006c75b7e80,0x00000006d6700000)
 Metaspace       used 2707K, capacity 4486K, committed 4864K, reserved 1056768K
  class space    used 302K, capacity 386K, committed 512K, reserved 1048576K
}
{Heap before GC invocations=124 (full 11):
 PSYoungGen      total 89600K, used 89600K [0x00000007b9c00000, 0x00000007c0000000, 0x00000007c0000000)
  eden space 76800K, 100% used [0x00000007b9c00000,0x00000007be700000,0x00000007be700000)
  from space 12800K, 100% used [0x00000007bf380000,0x00000007c0000000,0x00000007c0000000)
  to   space 12800K, 0% used [0x00000007be700000,0x00000007be700000,0x00000007bf380000)
 ParOldGen       total 343040K, used 95967K [0x00000006c1800000, 0x00000006d6700000, 0x00000007b9c00000)
  object space 343040K, 27% used [0x00000006c1800000,0x00000006c75b7e80,0x00000006d6700000)
 Metaspace       used 2707K, capacity 4486K, committed 4864K, reserved 1056768K
  class space    used 302K, capacity 386K, committed 512K, reserved 1048576K
Heap after GC invocations=124 (full 11):
 PSYoungGen      total 89600K, used 12800K [0x00000007b9c00000, 0x00000007c0000000, 0x00000007c0000000)
  eden space 76800K, 0% used [0x00000007b9c00000,0x00000007b9c00000,0x00000007be700000)
  from space 12800K, 100% used [0x00000007be700000,0x00000007bf380000,0x00000007bf380000)
  to   space 12800K, 0% used [0x00000007bf380000,0x00000007bf380000,0x00000007c0000000)
 ParOldGen       total 343040K, used 116135K [0x00000006c1800000, 0x00000006d6700000, 0x00000007b9c00000)
  object space 343040K, 33% used [0x00000006c1800000,0x00000006c8969e80,0x00000006d6700000)
 Metaspace       used 2707K, capacity 4486K, committed 4864K, reserved 1056768K
  class space    used 302K, capacity 386K, committed 512K, reserved 1048576K
}
{Heap before GC invocations=125 (full 11):
 PSYoungGen      total 89600K, used 89600K [0x00000007b9c00000, 0x00000007c0000000, 0x00000007c0000000)
  eden space 76800K, 100% used [0x00000007b9c00000,0x00000007be700000,0x00000007be700000)
  from space 12800K, 100% used [0x00000007be700000,0x00000007bf380000,0x00000007bf380000)
  to   space 12800K, 0% used [0x00000007bf380000,0x00000007bf380000,0x00000007c0000000)
 ParOldGen       total 343040K, used 116135K [0x00000006c1800000, 0x00000006d6700000, 0x00000007b9c00000)
  object space 343040K, 33% used [0x00000006c1800000,0x00000006c8969e80,0x00000006d6700000)
 Metaspace       used 2707K, capacity 4486K, committed 4864K, reserved 1056768K
  class space    used 302K, capacity 386K, committed 512K, reserved 1048576K
Heap after GC invocations=125 (full 11):
 PSYoungGen      total 89600K, used 12800K [0x00000007b9c00000, 0x00000007c0000000, 0x00000007c0000000)
  eden space 76800K, 0% used [0x00000007b9c00000,0x00000007b9c00000,0x00000007be700000)
  from space 12800K, 100% used [0x00000007bf380000,0x00000007c0000000,0x00000007c0000000)
  to   space 12800K, 0% used [0x00000007be700000,0x00000007be700000,0x00000007bf380000)
 ParOldGen       total 343040K, used 136303K [0x00000006c1800000, 0x00000006d6700000, 0x00000007b9c00000)
  object space 343040K, 39% used [0x00000006c1800000,0x00000006c9d1be80,0x00000006d6700000)
 Metaspace       used 2707K, capacity 4486K, committed 4864K, reserved 1056768K
  class space    used 302K, capacity 386K, committed 512K, reserved 1048576K
}
{Heap before GC invocations=126 (full 11):
 PSYoungGen      total 89600K, used 89600K [0x00000007b9c00000, 0x00000007c0000000, 0x00000007c0000000)
  eden space 76800K, 100% used [0x00000007b9c00000,0x00000007be700000,0x00000007be700000)
  from space 12800K, 100% used [0x00000007bf380000,0x00000007c0000000,0x00000007c0000000)
  to   space 12800K, 0% used [0x00000007be700000,0x00000007be700000,0x00000007bf380000)
 ParOldGen       total 343040K, used 136303K [0x00000006c1800000, 0x00000006d6700000, 0x00000007b9c00000)
  object space 343040K, 39% used [0x00000006c1800000,0x00000006c9d1be80,0x00000006d6700000)
 Metaspace       used 2707K, capacity 4486K, committed 4864K, reserved 1056768K
  class space    used 302K, capacity 386K, committed 512K, reserved 1048576K
Heap after GC invocations=126 (full 11):
 PSYoungGen      total 89600K, used 12800K [0x00000007b9c00000, 0x00000007c0000000, 0x00000007c0000000)
  eden space 76800K, 0% used [0x00000007b9c00000,0x00000007b9c00000,0x00000007be700000)
  from space 12800K, 100% used [0x00000007be700000,0x00000007bf380000,0x00000007bf380000)
  to   space 12800K, 0% used [0x00000007bf380000,0x00000007bf380000,0x00000007c0000000)
 ParOldGen       total 343040K, used 156471K [0x00000006c1800000, 0x00000006d6700000, 0x00000007b9c00000)
  object space 343040K, 45% used [0x00000006c1800000,0x00000006cb0cde80,0x00000006d6700000)
 Metaspace       used 2707K, capacity 4486K, committed 4864K, reserved 1056768K
  class space    used 302K, capacity 386K, committed 512K, reserved 1048576K
}
{Heap before GC invocations=127 (full 11):
 PSYoungGen      total 89600K, used 89600K [0x00000007b9c00000, 0x00000007c0000000, 0x00000007c0000000)
  eden space 76800K, 100% used [0x00000007b9c00000,0x00000007be700000,0x00000007be700000)
  from space 12800K, 100% used [0x00000007be700000,0x00000007bf380000,0x00000007bf380000)
  to   space 12800K, 0% used [0x00000007bf380000,0x00000007bf380000,0x00000007c0000000)
 ParOldGen       total 343040K, used 156471K [0x00000006c1800000, 0x00000006d6700000, 0x00000007b9c00000)
  object space 343040K, 45% used [0x00000006c1800000,0x00000006cb0cde80,0x00000006d6700000)
 Metaspace       used 2707K, capacity 4486K, committed 4864K, reserved 1056768K
  class space    used 302K, capacity 386K, committed 512K, reserved 1048576K
Heap after GC invocations=127 (full 11):
 PSYoungGen      total 89600K, used 12800K [0x00000007b9c00000, 0x00000007c0000000, 0x00000007c0000000)
  eden space 76800K, 0% used [0x00000007b9c00000,0x00000007b9c00000,0x00000007be700000)
  from space 12800K, 100% used [0x00000007bf380000,0x00000007c0000000,0x00000007c0000000)
  to   space 12800K, 0% used [0x00000007be700000,0x00000007be700000,0x00000007bf380000)
 ParOldGen       total 343040K, used 176639K [0x00000006c1800000, 0x00000006d6700000, 0x00000007b9c00000)
  object space 343040K, 51% used [0x00000006c1800000,0x00000006cc47fe80,0x00000006d6700000)
 Metaspace       used 2707K, capacity 4486K, committed 4864K, reserved 1056768K
  class space    used 302K, capacity 386K, committed 512K, reserved 1048576K
}
{Heap before GC invocations=128 (full 11):
 PSYoungGen      total 89600K, used 89600K [0x00000007b9c00000, 0x00000007c0000000, 0x00000007c0000000)
  eden space 76800K, 100% used [0x00000007b9c00000,0x00000007be700000,0x00000007be700000)
  from space 12800K, 100% used [0x00000007bf380000,0x00000007c0000000,0x00000007c0000000)
  to   space 12800K, 0% used [0x00000007be700000,0x00000007be700000,0x00000007bf380000)
 ParOldGen       total 343040K, used 176639K [0x00000006c1800000, 0x00000006d6700000, 0x00000007b9c00000)
  object space 343040K, 51% used [0x00000006c1800000,0x00000006cc47fe80,0x00000006d6700000)
 Metaspace       used 2707K, capacity 4486K, committed 4864K, reserved 1056768K
  class space    used 302K, capacity 386K, committed 512K, reserved 1048576K
Heap after GC invocations=128 (full 11):
 PSYoungGen      total 89600K, used 12800K [0x00000007b9c00000, 0x00000007c0000000, 0x00000007c0000000)
  eden space 76800K, 0% used [0x00000007b9c00000,0x00000007b9c00000,0x00000007be700000)
  from space 12800K, 100% used [0x00000007be700000,0x00000007bf380000,0x00000007bf380000)
  to   space 12800K, 0% used [0x00000007bf380000,0x00000007bf380000,0x00000007c0000000)
 ParOldGen       total 343040K, used 196799K [0x00000006c1800000, 0x00000006d6700000, 0x00000007b9c00000)
  object space 343040K, 57% used [0x00000006c1800000,0x00000006cd82fe80,0x00000006d6700000)
 Metaspace       used 2707K, capacity 4486K, committed 4864K, reserved 1056768K
  class space    used 302K, capacity 386K, committed 512K, reserved 1048576K
}
{Heap before GC invocations=129 (full 11):
 PSYoungGen      total 89600K, used 89600K [0x00000007b9c00000, 0x00000007c0000000, 0x00000007c0000000)
  eden space 76800K, 100% used [0x00000007b9c00000,0x00000007be700000,0x00000007be700000)
  from space 12800K, 100% used [0x00000007be700000,0x00000007bf380000,0x00000007bf380000)
  to   space 12800K, 0% used [0x00000007bf380000,0x00000007bf380000,0x00000007c0000000)
 ParOldGen       total 343040K, used 196799K [0x00000006c1800000, 0x00000006d6700000, 0x00000007b9c00000)
  object space 343040K, 57% used [0x00000006c1800000,0x00000006cd82fe80,0x00000006d6700000)
 Metaspace       used 2707K, capacity 4486K, committed 4864K, reserved 1056768K
  class space    used 302K, capacity 386K, committed 512K, reserved 1048576K
Heap after GC invocations=129 (full 11):
 PSYoungGen      total 89600K, used 12800K [0x00000007b9c00000, 0x00000007c0000000, 0x00000007c0000000)
  eden space 76800K, 0% used [0x00000007b9c00000,0x00000007b9c00000,0x00000007be700000)
  from space 12800K, 100% used [0x00000007bf380000,0x00000007c0000000,0x00000007c0000000)
  to   space 12800K, 0% used [0x00000007be700000,0x00000007be700000,0x00000007bf380000)
 ParOldGen       total 343040K, used 216967K [0x00000006c1800000, 0x00000006d6700000, 0x00000007b9c00000)
  object space 343040K, 63% used [0x00000006c1800000,0x00000006cebe1e80,0x00000006d6700000)
 Metaspace       used 2707K, capacity 4486K, committed 4864K, reserved 1056768K
  class space    used 302K, capacity 386K, committed 512K, reserved 1048576K
}
{Heap before GC invocations=130 (full 11):
 PSYoungGen      total 89600K, used 89600K [0x00000007b9c00000, 0x00000007c0000000, 0x00000007c0000000)
  eden space 76800K, 100% used [0x00000007b9c00000,0x00000007be700000,0x00000007be700000)
  from space 12800K, 100% used [0x00000007bf380000,0x00000007c0000000,0x00000007c0000000)
  to   space 12800K, 0% used [0x00000007be700000,0x00000007be700000,0x00000007bf380000)
 ParOldGen       total 343040K, used 216967K [0x00000006c1800000, 0x00000006d6700000, 0x00000007b9c00000)
  object space 343040K, 63% used [0x00000006c1800000,0x00000006cebe1e80,0x00000006d6700000)
 Metaspace       used 2707K, capacity 4486K, committed 4864K, reserved 1056768K
  class space    used 302K, capacity 386K, committed 512K, reserved 1048576K
Heap after GC invocations=130 (full 11):
 PSYoungGen      total 89600K, used 12800K [0x00000007b9c00000, 0x00000007c0000000, 0x00000007c0000000)
  eden space 76800K, 0% used [0x00000007b9c00000,0x00000007b9c00000,0x00000007be700000)
  from space 12800K, 100% used [0x00000007be700000,0x00000007bf380000,0x00000007bf380000)
  to   space 12800K, 0% used [0x00000007bf380000,0x00000007bf380000,0x00000007c0000000)
 ParOldGen       total 343040K, used 237127K [0x00000006c1800000, 0x00000006d6700000, 0x00000007b9c00000)
  object space 343040K, 69% used [0x00000006c1800000,0x00000006cff91e80,0x00000006d6700000)
 Metaspace       used 2707K, capacity 4486K, committed 4864K, reserved 1056768K
  class space    used 302K, capacity 386K, committed 512K, reserved 1048576K
}
{Heap before GC invocations=131 (full 11):
 PSYoungGen      total 89600K, used 89600K [0x00000007b9c00000, 0x00000007c0000000, 0x00000007c0000000)
  eden space 76800K, 100% used [0x00000007b9c00000,0x00000007be700000,0x00000007be700000)
  from space 12800K, 100% used [0x00000007be700000,0x00000007bf380000,0x00000007bf380000)
  to   space 12800K, 0% used [0x00000007bf380000,0x00000007bf380000,0x00000007c0000000)
 ParOldGen       total 343040K, used 237127K [0x00000006c1800000, 0x00000006d6700000, 0x00000007b9c00000)
  object space 343040K, 69% used [0x00000006c1800000,0x00000006cff91e80,0x00000006d6700000)
 Metaspace       used 2707K, capacity 4486K, committed 4864K, reserved 1056768K
  class space    used 302K, capacity 386K, committed 512K, reserved 1048576K
Heap after GC invocations=131 (full 11):
 PSYoungGen      total 89600K, used 12800K [0x00000007b9c00000, 0x00000007c0000000, 0x00000007c0000000)
  eden space 76800K, 0% used [0x00000007b9c00000,0x00000007b9c00000,0x00000007be700000)
  from space 12800K, 100% used [0x00000007bf380000,0x00000007c0000000,0x00000007c0000000)
  to   space 12800K, 0% used [0x00000007be700000,0x00000007be700000,0x00000007bf380000)
 ParOldGen       total 343040K, used 257287K [0x00000006c1800000, 0x00000006d6700000, 0x00000007b9c00000)
  object space 343040K, 75% used [0x00000006c1800000,0x00000006d1341e80,0x00000006d6700000)
 Metaspace       used 2707K, capacity 4486K, committed 4864K, reserved 1056768K
  class space    used 302K, capacity 386K, committed 512K, reserved 1048576K
}
{Heap before GC invocations=132 (full 11):
 PSYoungGen      total 89600K, used 89600K [0x00000007b9c00000, 0x00000007c0000000, 0x00000007c0000000)
  eden space 76800K, 100% used [0x00000007b9c00000,0x00000007be700000,0x00000007be700000)
  from space 12800K, 100% used [0x00000007bf380000,0x00000007c0000000,0x00000007c0000000)
  to   space 12800K, 0% used [0x00000007be700000,0x00000007be700000,0x00000007bf380000)
 ParOldGen       total 343040K, used 257287K [0x00000006c1800000, 0x00000006d6700000, 0x00000007b9c00000)
  object space 343040K, 75% used [0x00000006c1800000,0x00000006d1341e80,0x00000006d6700000)
 Metaspace       used 2707K, capacity 4486K, committed 4864K, reserved 1056768K
  class space    used 302K, capacity 386K, committed 512K, reserved 1048576K
Heap after GC invocations=132 (full 11):
 PSYoungGen      total 89600K, used 12800K [0x00000007b9c00000, 0x00000007c0000000, 0x00000007c0000000)
  eden space 76800K, 0% used [0x00000007b9c00000,0x00000007b9c00000,0x00000007be700000)
  from space 12800K, 100% used [0x00000007be700000,0x00000007bf380000,0x00000007bf380000)
  to   space 12800K, 0% used [0x00000007bf380000,0x00000007bf380000,0x00000007c0000000)
 ParOldGen       total 343040K, used 277455K [0x00000006c1800000, 0x00000006d6700000, 0x00000007b9c00000)
  object space 343040K, 80% used [0x00000006c1800000,0x00000006d26f3e80,0x00000006d6700000)
 Metaspace       used 2707K, capacity 4486K, committed 4864K, reserved 1056768K
  class space    used 302K, capacity 386K, committed 512K, reserved 1048576K
}
{Heap before GC invocations=133 (full 11):
 PSYoungGen      total 89600K, used 89600K [0x00000007b9c00000, 0x00000007c0000000, 0x00000007c0000000)
  eden space 76800K, 100% used [0x00000007b9c00000,0x00000007be700000,0x00000007be700000)
  from space 12800K, 100% used [0x00000007be700000,0x00000007bf380000,0x00000007bf380000)
  to   space 12800K, 0% used [0x00000007bf380000,0x00000007bf380000,0x00000007c0000000)
 ParOldGen       total 343040K, used 277455K [0x00000006c1800000, 0x00000006d6700000, 0x00000007b9c00000)
  object space 343040K, 80% used [0x00000006c1800000,0x00000006d26f3e80,0x00000006d6700000)
 Metaspace       used 2707K, capacity 4486K, committed 4864K, reserved 1056768K
  class space    used 302K, capacity 386K, committed 512K, reserved 1048576K
Heap after GC invocations=133 (full 11):
 PSYoungGen      total 89600K, used 12800K [0x00000007b9c00000, 0x00000007c0000000, 0x00000007c0000000)
  eden space 76800K, 0% used [0x00000007b9c00000,0x00000007b9c00000,0x00000007be700000)
  from space 12800K, 100% used [0x00000007bf380000,0x00000007c0000000,0x00000007c0000000)
  to   space 12800K, 0% used [0x00000007be700000,0x00000007be700000,0x00000007bf380000)
 ParOldGen       total 343040K, used 297615K [0x00000006c1800000, 0x00000006d6700000, 0x00000007b9c00000)
  object space 343040K, 86% used [0x00000006c1800000,0x00000006d3aa3e80,0x00000006d6700000)
 Metaspace       used 2707K, capacity 4486K, committed 4864K, reserved 1056768K
  class space    used 302K, capacity 386K, committed 512K, reserved 1048576K
}
{Heap before GC invocations=134 (full 11):
 PSYoungGen      total 89600K, used 89600K [0x00000007b9c00000, 0x00000007c0000000, 0x00000007c0000000)
  eden space 76800K, 100% used [0x00000007b9c00000,0x00000007be700000,0x00000007be700000)
  from space 12800K, 100% used [0x00000007bf380000,0x00000007c0000000,0x00000007c0000000)
  to   space 12800K, 0% used [0x00000007be700000,0x00000007be700000,0x00000007bf380000)
 ParOldGen       total 343040K, used 297615K [0x00000006c1800000, 0x00000006d6700000, 0x00000007b9c00000)
  object space 343040K, 86% used [0x00000006c1800000,0x00000006d3aa3e80,0x00000006d6700000)
 Metaspace       used 2707K, capacity 4486K, committed 4864K, reserved 1056768K
  class space    used 302K, capacity 386K, committed 512K, reserved 1048576K
Heap after GC invocations=134 (full 11):
 PSYoungGen      total 89600K, used 12800K [0x00000007b9c00000, 0x00000007c0000000, 0x00000007c0000000)
  eden space 76800K, 0% used [0x00000007b9c00000,0x00000007b9c00000,0x00000007be700000)
  from space 12800K, 100% used [0x00000007be700000,0x00000007bf380000,0x00000007bf380000)
  to   space 12800K, 0% used [0x00000007bf380000,0x00000007bf380000,0x00000007c0000000)
 ParOldGen       total 343040K, used 317791K [0x00000006c1800000, 0x00000006d6700000, 0x00000007b9c00000)
  object space 343040K, 92% used [0x00000006c1800000,0x00000006d4e57e80,0x00000006d6700000)
 Metaspace       used 2707K, capacity 4486K, committed 4864K, reserved 1056768K
  class space    used 302K, capacity 386K, committed 512K, reserved 1048576K
}
{Heap before GC invocations=135 (full 11):
 PSYoungGen      total 89600K, used 89600K [0x00000007b9c00000, 0x00000007c0000000, 0x00000007c0000000)
  eden space 76800K, 100% used [0x00000007b9c00000,0x00000007be700000,0x00000007be700000)
  from space 12800K, 100% used [0x00000007be700000,0x00000007bf380000,0x00000007bf380000)
  to   space 12800K, 0% used [0x00000007bf380000,0x00000007bf380000,0x00000007c0000000)
 ParOldGen       total 343040K, used 317791K [0x00000006c1800000, 0x00000006d6700000, 0x00000007b9c00000)
  object space 343040K, 92% used [0x00000006c1800000,0x00000006d4e57e80,0x00000006d6700000)
 Metaspace       used 2707K, capacity 4486K, committed 4864K, reserved 1056768K
  class space    used 302K, capacity 386K, committed 512K, reserved 1048576K
Heap after GC invocations=135 (full 11):
 PSYoungGen      total 89600K, used 12800K [0x00000007b9c00000, 0x00000007c0000000, 0x00000007c0000000)
  eden space 76800K, 0% used [0x00000007b9c00000,0x00000007b9c00000,0x00000007be700000)
  from space 12800K, 100% used [0x00000007bf380000,0x00000007c0000000,0x00000007c0000000)
  to   space 12800K, 0% used [0x00000007be700000,0x00000007be700000,0x00000007bf380000)
 ParOldGen       total 343040K, used 337959K [0x00000006c1800000, 0x00000006d6700000, 0x00000007b9c00000)
  object space 343040K, 98% used [0x00000006c1800000,0x00000006d6209e80,0x00000006d6700000)
 Metaspace       used 2707K, capacity 4486K, committed 4864K, reserved 1056768K
  class space    used 302K, capacity 386K, committed 512K, reserved 1048576K
}
{Heap before GC invocations=136 (full 12):
 PSYoungGen      total 89600K, used 12800K [0x00000007b9c00000, 0x00000007c0000000, 0x00000007c0000000)
  eden space 76800K, 0% used [0x00000007b9c00000,0x00000007b9c00000,0x00000007be700000)
  from space 12800K, 100% used [0x00000007bf380000,0x00000007c0000000,0x00000007c0000000)
  to   space 12800K, 0% used [0x00000007be700000,0x00000007be700000,0x00000007bf380000)
 ParOldGen       total 343040K, used 337959K [0x00000006c1800000, 0x00000006d6700000, 0x00000007b9c00000)
  object space 343040K, 98% used [0x00000006c1800000,0x00000006d6209e80,0x00000006d6700000)
 Metaspace       used 2707K, capacity 4486K, committed 4864K, reserved 1056768K
  class space    used 302K, capacity 386K, committed 512K, reserved 1048576K
Heap after GC invocations=136 (full 12):
 PSYoungGen      total 89600K, used 0K [0x00000007b9c00000, 0x00000007c0000000, 0x00000007c0000000)
  eden space 76800K, 0% used [0x00000007b9c00000,0x00000007b9c00000,0x00000007be700000)
  from space 12800K, 0% used [0x00000007bf380000,0x00000007bf380000,0x00000007c0000000)
  to   space 12800K, 0% used [0x00000007be700000,0x00000007be700000,0x00000007bf380000)
 ParOldGen       total 355328K, used 35840K [0x00000006c1800000, 0x00000006d7300000, 0x00000007b9c00000)
  object space 355328K, 10% used [0x00000006c1800000,0x00000006c3b00000,0x00000006d7300000)
 Metaspace       used 2707K, capacity 4486K, committed 4864K, reserved 1056768K
  class space    used 302K, capacity 386K, committed 512K, reserved 1048576K
}
{Heap before GC invocations=137 (full 12):
 PSYoungGen      total 89600K, used 76800K [0x00000007b9c00000, 0x00000007c0000000, 0x00000007c0000000)
  eden space 76800K, 100% used [0x00000007b9c00000,0x00000007be700000,0x00000007be700000)
  from space 12800K, 0% used [0x00000007bf380000,0x00000007bf380000,0x00000007c0000000)
  to   space 12800K, 0% used [0x00000007be700000,0x00000007be700000,0x00000007bf380000)
 ParOldGen       total 355328K, used 35840K [0x00000006c1800000, 0x00000006d7300000, 0x00000007b9c00000)
  object space 355328K, 10% used [0x00000006c1800000,0x00000006c3b00000,0x00000006d7300000)
 Metaspace       used 2707K, capacity 4486K, committed 4864K, reserved 1056768K
  class space    used 302K, capacity 386K, committed 512K, reserved 1048576K
Heap after GC invocations=137 (full 12):
 PSYoungGen      total 89600K, used 12800K [0x00000007b9c00000, 0x00000007c0000000, 0x00000007c0000000)
  eden space 76800K, 0% used [0x00000007b9c00000,0x00000007b9c00000,0x00000007be700000)
  from space 12800K, 100% used [0x00000007be700000,0x00000007bf380000,0x00000007bf380000)
  to   space 12800K, 0% used [0x00000007bf380000,0x00000007bf380000,0x00000007c0000000)
 ParOldGen       total 355328K, used 56000K [0x00000006c1800000, 0x00000006d7300000, 0x00000007b9c00000)
  object space 355328K, 15% used [0x00000006c1800000,0x00000006c4eb0000,0x00000006d7300000)
 Metaspace       used 2707K, capacity 4486K, committed 4864K, reserved 1056768K
  class space    used 302K, capacity 386K, committed 512K, reserved 1048576K
}
{Heap before GC invocations=138 (full 12):
 PSYoungGen      total 89600K, used 89600K [0x00000007b9c00000, 0x00000007c0000000, 0x00000007c0000000)
  eden space 76800K, 100% used [0x00000007b9c00000,0x00000007be700000,0x00000007be700000)
  from space 12800K, 100% used [0x00000007be700000,0x00000007bf380000,0x00000007bf380000)
  to   space 12800K, 0% used [0x00000007bf380000,0x00000007bf380000,0x00000007c0000000)
 ParOldGen       total 355328K, used 56000K [0x00000006c1800000, 0x00000006d7300000, 0x00000007b9c00000)
  object space 355328K, 15% used [0x00000006c1800000,0x00000006c4eb0000,0x00000006d7300000)
 Metaspace       used 2707K, capacity 4486K, committed 4864K, reserved 1056768K
  class space    used 302K, capacity 386K, committed 512K, reserved 1048576K
Heap after GC invocations=138 (full 12):
 PSYoungGen      total 89600K, used 12800K [0x00000007b9c00000, 0x00000007c0000000, 0x00000007c0000000)
  eden space 76800K, 0% used [0x00000007b9c00000,0x00000007b9c00000,0x00000007be700000)
  from space 12800K, 100% used [0x00000007bf380000,0x00000007c0000000,0x00000007c0000000)
  to   space 12800K, 0% used [0x00000007be700000,0x00000007be700000,0x00000007bf380000)
 ParOldGen       total 355328K, used 76160K [0x00000006c1800000, 0x00000006d7300000, 0x00000007b9c00000)
  object space 355328K, 21% used [0x00000006c1800000,0x00000006c6260000,0x00000006d7300000)
 Metaspace       used 2707K, capacity 4486K, committed 4864K, reserved 1056768K
  class space    used 302K, capacity 386K, committed 512K, reserved 1048576K
}
{Heap before GC invocations=139 (full 12):
 PSYoungGen      total 89600K, used 89600K [0x00000007b9c00000, 0x00000007c0000000, 0x00000007c0000000)
  eden space 76800K, 100% used [0x00000007b9c00000,0x00000007be700000,0x00000007be700000)
  from space 12800K, 100% used [0x00000007bf380000,0x00000007c0000000,0x00000007c0000000)
  to   space 12800K, 0% used [0x00000007be700000,0x00000007be700000,0x00000007bf380000)
 ParOldGen       total 355328K, used 76160K [0x00000006c1800000, 0x00000006d7300000, 0x00000007b9c00000)
  object space 355328K, 21% used [0x00000006c1800000,0x00000006c6260000,0x00000006d7300000)
 Metaspace       used 2707K, capacity 4486K, committed 4864K, reserved 1056768K
  class space    used 302K, capacity 386K, committed 512K, reserved 1048576K
Heap after GC invocations=139 (full 12):
 PSYoungGen      total 89600K, used 12800K [0x00000007b9c00000, 0x00000007c0000000, 0x00000007c0000000)
  eden space 76800K, 0% used [0x00000007b9c00000,0x00000007b9c00000,0x00000007be700000)
  from space 12800K, 100% used [0x00000007be700000,0x00000007bf380000,0x00000007bf380000)
  to   space 12800K, 0% used [0x00000007bf380000,0x00000007bf380000,0x00000007c0000000)
 ParOldGen       total 355328K, used 96328K [0x00000006c1800000, 0x00000006d7300000, 0x00000007b9c00000)
  object space 355328K, 27% used [0x00000006c1800000,0x00000006c7612000,0x00000006d7300000)
 Metaspace       used 2707K, capacity 4486K, committed 4864K, reserved 1056768K
  class space    used 302K, capacity 386K, committed 512K, reserved 1048576K
}
{Heap before GC invocations=140 (full 12):
 PSYoungGen      total 89600K, used 89600K [0x00000007b9c00000, 0x00000007c0000000, 0x00000007c0000000)
  eden space 76800K, 100% used [0x00000007b9c00000,0x00000007be700000,0x00000007be700000)
  from space 12800K, 100% used [0x00000007be700000,0x00000007bf380000,0x00000007bf380000)
  to   space 12800K, 0% used [0x00000007bf380000,0x00000007bf380000,0x00000007c0000000)
 ParOldGen       total 355328K, used 96328K [0x00000006c1800000, 0x00000006d7300000, 0x00000007b9c00000)
  object space 355328K, 27% used [0x00000006c1800000,0x00000006c7612000,0x00000006d7300000)
 Metaspace       used 2707K, capacity 4486K, committed 4864K, reserved 1056768K
  class space    used 302K, capacity 386K, committed 512K, reserved 1048576K
Heap after GC invocations=140 (full 12):
 PSYoungGen      total 89600K, used 12800K [0x00000007b9c00000, 0x00000007c0000000, 0x00000007c0000000)
  eden space 76800K, 0% used [0x00000007b9c00000,0x00000007b9c00000,0x00000007be700000)
  from space 12800K, 100% used [0x00000007bf380000,0x00000007c0000000,0x00000007c0000000)
  to   space 12800K, 0% used [0x00000007be700000,0x00000007be700000,0x00000007bf380000)
 ParOldGen       total 355328K, used 116488K [0x00000006c1800000, 0x00000006d7300000, 0x00000007b9c00000)
  object space 355328K, 32% used [0x00000006c1800000,0x00000006c89c2000,0x00000006d7300000)
 Metaspace       used 2707K, capacity 4486K, committed 4864K, reserved 1056768K
  class space    used 302K, capacity 386K, committed 512K, reserved 1048576K
}
{Heap before GC invocations=141 (full 12):
 PSYoungGen      total 89600K, used 89600K [0x00000007b9c00000, 0x00000007c0000000, 0x00000007c0000000)
  eden space 76800K, 100% used [0x00000007b9c00000,0x00000007be700000,0x00000007be700000)
  from space 12800K, 100% used [0x00000007bf380000,0x00000007c0000000,0x00000007c0000000)
  to   space 12800K, 0% used [0x00000007be700000,0x00000007be700000,0x00000007bf380000)
 ParOldGen       total 355328K, used 116488K [0x00000006c1800000, 0x00000006d7300000, 0x00000007b9c00000)
  object space 355328K, 32% used [0x00000006c1800000,0x00000006c89c2000,0x00000006d7300000)
 Metaspace       used 2707K, capacity 4486K, committed 4864K, reserved 1056768K
  class space    used 302K, capacity 386K, committed 512K, reserved 1048576K
Heap after GC invocations=141 (full 12):
 PSYoungGen      total 89600K, used 12800K [0x00000007b9c00000, 0x00000007c0000000, 0x00000007c0000000)
  eden space 76800K, 0% used [0x00000007b9c00000,0x00000007b9c00000,0x00000007be700000)
  from space 12800K, 100% used [0x00000007be700000,0x00000007bf380000,0x00000007bf380000)
  to   space 12800K, 0% used [0x00000007bf380000,0x00000007bf380000,0x00000007c0000000)
 ParOldGen       total 355328K, used 136656K [0x00000006c1800000, 0x00000006d7300000, 0x00000007b9c00000)
  object space 355328K, 38% used [0x00000006c1800000,0x00000006c9d74000,0x00000006d7300000)
 Metaspace       used 2707K, capacity 4486K, committed 4864K, reserved 1056768K
  class space    used 302K, capacity 386K, committed 512K, reserved 1048576K
}
{Heap before GC invocations=142 (full 12):
 PSYoungGen      total 89600K, used 89600K [0x00000007b9c00000, 0x00000007c0000000, 0x00000007c0000000)
  eden space 76800K, 100% used [0x00000007b9c00000,0x00000007be700000,0x00000007be700000)
  from space 12800K, 100% used [0x00000007be700000,0x00000007bf380000,0x00000007bf380000)
  to   space 12800K, 0% used [0x00000007bf380000,0x00000007bf380000,0x00000007c0000000)
 ParOldGen       total 355328K, used 136656K [0x00000006c1800000, 0x00000006d7300000, 0x00000007b9c00000)
  object space 355328K, 38% used [0x00000006c1800000,0x00000006c9d74000,0x00000006d7300000)
 Metaspace       used 2707K, capacity 4486K, committed 4864K, reserved 1056768K
  class space    used 302K, capacity 386K, committed 512K, reserved 1048576K
Heap after GC invocations=142 (full 12):
 PSYoungGen      total 89600K, used 12800K [0x00000007b9c00000, 0x00000007c0000000, 0x00000007c0000000)
  eden space 76800K, 0% used [0x00000007b9c00000,0x00000007b9c00000,0x00000007be700000)
  from space 12800K, 100% used [0x00000007bf380000,0x00000007c0000000,0x00000007c0000000)
  to   space 12800K, 0% used [0x00000007be700000,0x00000007be700000,0x00000007bf380000)
 ParOldGen       total 355328K, used 156832K [0x00000006c1800000, 0x00000006d7300000, 0x00000007b9c00000)
  object space 355328K, 44% used [0x00000006c1800000,0x00000006cb128000,0x00000006d7300000)
 Metaspace       used 2707K, capacity 4486K, committed 4864K, reserved 1056768K
  class space    used 302K, capacity 386K, committed 512K, reserved 1048576K
}
{Heap before GC invocations=143 (full 12):
 PSYoungGen      total 89600K, used 89600K [0x00000007b9c00000, 0x00000007c0000000, 0x00000007c0000000)
  eden space 76800K, 100% used [0x00000007b9c00000,0x00000007be700000,0x00000007be700000)
  from space 12800K, 100% used [0x00000007bf380000,0x00000007c0000000,0x00000007c0000000)
  to   space 12800K, 0% used [0x00000007be700000,0x00000007be700000,0x00000007bf380000)
 ParOldGen       total 355328K, used 156832K [0x00000006c1800000, 0x00000006d7300000, 0x00000007b9c00000)
  object space 355328K, 44% used [0x00000006c1800000,0x00000006cb128000,0x00000006d7300000)
 Metaspace       used 2707K, capacity 4486K, committed 4864K, reserved 1056768K
  class space    used 302K, capacity 386K, committed 512K, reserved 1048576K
Heap after GC invocations=143 (full 12):
 PSYoungGen      total 89600K, used 12800K [0x00000007b9c00000, 0x00000007c0000000, 0x00000007c0000000)
  eden space 76800K, 0% used [0x00000007b9c00000,0x00000007b9c00000,0x00000007be700000)
  from space 12800K, 100% used [0x00000007be700000,0x00000007bf380000,0x00000007bf380000)
  to   space 12800K, 0% used [0x00000007bf380000,0x00000007bf380000,0x00000007c0000000)
 ParOldGen       total 355328K, used 176992K [0x00000006c1800000, 0x00000006d7300000, 0x00000007b9c00000)
  object space 355328K, 49% used [0x00000006c1800000,0x00000006cc4d8000,0x00000006d7300000)
 Metaspace       used 2707K, capacity 4486K, committed 4864K, reserved 1056768K
  class space    used 302K, capacity 386K, committed 512K, reserved 1048576K
}
{Heap before GC invocations=144 (full 12):
 PSYoungGen      total 89600K, used 89600K [0x00000007b9c00000, 0x00000007c0000000, 0x00000007c0000000)
  eden space 76800K, 100% used [0x00000007b9c00000,0x00000007be700000,0x00000007be700000)
  from space 12800K, 100% used [0x00000007be700000,0x00000007bf380000,0x00000007bf380000)
  to   space 12800K, 0% used [0x00000007bf380000,0x00000007bf380000,0x00000007c0000000)
 ParOldGen       total 355328K, used 176992K [0x00000006c1800000, 0x00000006d7300000, 0x00000007b9c00000)
  object space 355328K, 49% used [0x00000006c1800000,0x00000006cc4d8000,0x00000006d7300000)
 Metaspace       used 2707K, capacity 4486K, committed 4864K, reserved 1056768K
  class space    used 302K, capacity 386K, committed 512K, reserved 1048576K
Heap after GC invocations=144 (full 12):
 PSYoungGen      total 89600K, used 12800K [0x00000007b9c00000, 0x00000007c0000000, 0x00000007c0000000)
  eden space 76800K, 0% used [0x00000007b9c00000,0x00000007b9c00000,0x00000007be700000)
  from space 12800K, 100% used [0x00000007bf380000,0x00000007c0000000,0x00000007c0000000)
  to   space 12800K, 0% used [0x00000007be700000,0x00000007be700000,0x00000007bf380000)
 ParOldGen       total 355328K, used 197168K [0x00000006c1800000, 0x00000006d7300000, 0x00000007b9c00000)
  object space 355328K, 55% used [0x00000006c1800000,0x00000006cd88c000,0x00000006d7300000)
 Metaspace       used 2707K, capacity 4486K, committed 4864K, reserved 1056768K
  class space    used 302K, capacity 386K, committed 512K, reserved 1048576K
}
{Heap before GC invocations=145 (full 12):
 PSYoungGen      total 89600K, used 89600K [0x00000007b9c00000, 0x00000007c0000000, 0x00000007c0000000)
  eden space 76800K, 100% used [0x00000007b9c00000,0x00000007be700000,0x00000007be700000)
  from space 12800K, 100% used [0x00000007bf380000,0x00000007c0000000,0x00000007c0000000)
  to   space 12800K, 0% used [0x00000007be700000,0x00000007be700000,0x00000007bf380000)
 ParOldGen       total 355328K, used 197168K [0x00000006c1800000, 0x00000006d7300000, 0x00000007b9c00000)
  object space 355328K, 55% used [0x00000006c1800000,0x00000006cd88c000,0x00000006d7300000)
 Metaspace       used 2707K, capacity 4486K, committed 4864K, reserved 1056768K
  class space    used 302K, capacity 386K, committed 512K, reserved 1048576K
Heap after GC invocations=145 (full 12):
 PSYoungGen      total 89600K, used 12800K [0x00000007b9c00000, 0x00000007c0000000, 0x00000007c0000000)
  eden space 76800K, 0% used [0x00000007b9c00000,0x00000007b9c00000,0x00000007be700000)
  from space 12800K, 100% used [0x00000007be700000,0x00000007bf380000,0x00000007bf380000)
  to   space 12800K, 0% used [0x00000007bf380000,0x00000007bf380000,0x00000007c0000000)
 ParOldGen       total 355328K, used 217336K [0x00000006c1800000, 0x00000006d7300000, 0x00000007b9c00000)
  object space 355328K, 61% used [0x00000006c1800000,0x00000006cec3e000,0x00000006d7300000)
 Metaspace       used 2707K, capacity 4486K, committed 4864K, reserved 1056768K
  class space    used 302K, capacity 386K, committed 512K, reserved 1048576K
}
{Heap before GC invocations=146 (full 12):
 PSYoungGen      total 89600K, used 89600K [0x00000007b9c00000, 0x00000007c0000000, 0x00000007c0000000)
  eden space 76800K, 100% used [0x00000007b9c00000,0x00000007be700000,0x00000007be700000)
  from space 12800K, 100% used [0x00000007be700000,0x00000007bf380000,0x00000007bf380000)
  to   space 12800K, 0% used [0x00000007bf380000,0x00000007bf380000,0x00000007c0000000)
 ParOldGen       total 355328K, used 217336K [0x00000006c1800000, 0x00000006d7300000, 0x00000007b9c00000)
  object space 355328K, 61% used [0x00000006c1800000,0x00000006cec3e000,0x00000006d7300000)
 Metaspace       used 2707K, capacity 4486K, committed 4864K, reserved 1056768K
  class space    used 302K, capacity 386K, committed 512K, reserved 1048576K
Heap after GC invocations=146 (full 12):
 PSYoungGen      total 89600K, used 12800K [0x00000007b9c00000, 0x00000007c0000000, 0x00000007c0000000)
  eden space 76800K, 0% used [0x00000007b9c00000,0x00000007b9c00000,0x00000007be700000)
  from space 12800K, 100% used [0x00000007bf380000,0x00000007c0000000,0x00000007c0000000)
  to   space 12800K, 0% used [0x00000007be700000,0x00000007be700000,0x00000007bf380000)
 ParOldGen       total 355328K, used 237504K [0x00000006c1800000, 0x00000006d7300000, 0x00000007b9c00000)
  object space 355328K, 66% used [0x00000006c1800000,0x00000006cfff0000,0x00000006d7300000)
 Metaspace       used 2707K, capacity 4486K, committed 4864K, reserved 1056768K
  class space    used 302K, capacity 386K, committed 512K, reserved 1048576K
}
{Heap before GC invocations=147 (full 12):
 PSYoungGen      total 89600K, used 89600K [0x00000007b9c00000, 0x00000007c0000000, 0x00000007c0000000)
  eden space 76800K, 100% used [0x00000007b9c00000,0x00000007be700000,0x00000007be700000)
  from space 12800K, 100% used [0x00000007bf380000,0x00000007c0000000,0x00000007c0000000)
  to   space 12800K, 0% used [0x00000007be700000,0x00000007be700000,0x00000007bf380000)
 ParOldGen       total 355328K, used 237504K [0x00000006c1800000, 0x00000006d7300000, 0x00000007b9c00000)
  object space 355328K, 66% used [0x00000006c1800000,0x00000006cfff0000,0x00000006d7300000)
 Metaspace       used 2707K, capacity 4486K, committed 4864K, reserved 1056768K
  class space    used 302K, capacity 386K, committed 512K, reserved 1048576K
Heap after GC invocations=147 (full 12):
 PSYoungGen      total 89600K, used 12800K [0x00000007b9c00000, 0x00000007c0000000, 0x00000007c0000000)
  eden space 76800K, 0% used [0x00000007b9c00000,0x00000007b9c00000,0x00000007be700000)
  from space 12800K, 100% used [0x00000007be700000,0x00000007bf380000,0x00000007bf380000)
  to   space 12800K, 0% used [0x00000007bf380000,0x00000007bf380000,0x00000007c0000000)
 ParOldGen       total 355328K, used 257680K [0x00000006c1800000, 0x00000006d7300000, 0x00000007b9c00000)
  object space 355328K, 72% used [0x00000006c1800000,0x00000006d13a4000,0x00000006d7300000)
 Metaspace       used 2707K, capacity 4486K, committed 4864K, reserved 1056768K
  class space    used 302K, capacity 386K, committed 512K, reserved 1048576K
}
{Heap before GC invocations=148 (full 12):
 PSYoungGen      total 89600K, used 89600K [0x00000007b9c00000, 0x00000007c0000000, 0x00000007c0000000)
  eden space 76800K, 100% used [0x00000007b9c00000,0x00000007be700000,0x00000007be700000)
  from space 12800K, 100% used [0x00000007be700000,0x00000007bf380000,0x00000007bf380000)
  to   space 12800K, 0% used [0x00000007bf380000,0x00000007bf380000,0x00000007c0000000)
 ParOldGen       total 355328K, used 257680K [0x00000006c1800000, 0x00000006d7300000, 0x00000007b9c00000)
  object space 355328K, 72% used [0x00000006c1800000,0x00000006d13a4000,0x00000006d7300000)
 Metaspace       used 2707K, capacity 4486K, committed 4864K, reserved 1056768K
  class space    used 302K, capacity 386K, committed 512K, reserved 1048576K
Heap after GC invocations=148 (full 12):
 PSYoungGen      total 89600K, used 12800K [0x00000007b9c00000, 0x00000007c0000000, 0x00000007c0000000)
  eden space 76800K, 0% used [0x00000007b9c00000,0x00000007b9c00000,0x00000007be700000)
  from space 12800K, 100% used [0x00000007bf380000,0x00000007c0000000,0x00000007c0000000)
  to   space 12800K, 0% used [0x00000007be700000,0x00000007be700000,0x00000007bf380000)
 ParOldGen       total 355328K, used 277848K [0x00000006c1800000, 0x00000006d7300000, 0x00000007b9c00000)
  object space 355328K, 78% used [0x00000006c1800000,0x00000006d2756000,0x00000006d7300000)
 Metaspace       used 2707K, capacity 4486K, committed 4864K, reserved 1056768K
  class space    used 302K, capacity 386K, committed 512K, reserved 1048576K
}
{Heap before GC invocations=149 (full 12):
 PSYoungGen      total 89600K, used 89600K [0x00000007b9c00000, 0x00000007c0000000, 0x00000007c0000000)
  eden space 76800K, 100% used [0x00000007b9c00000,0x00000007be700000,0x00000007be700000)
  from space 12800K, 100% used [0x00000007bf380000,0x00000007c0000000,0x00000007c0000000)
  to   space 12800K, 0% used [0x00000007be700000,0x00000007be700000,0x00000007bf380000)
 ParOldGen       total 355328K, used 277848K [0x00000006c1800000, 0x00000006d7300000, 0x00000007b9c00000)
  object space 355328K, 78% used [0x00000006c1800000,0x00000006d2756000,0x00000006d7300000)
 Metaspace       used 2707K, capacity 4486K, committed 4864K, reserved 1056768K
  class space    used 302K, capacity 386K, committed 512K, reserved 1048576K
Heap after GC invocations=149 (full 12):
 PSYoungGen      total 89600K, used 12800K [0x00000007b9c00000, 0x00000007c0000000, 0x00000007c0000000)
  eden space 76800K, 0% used [0x00000007b9c00000,0x00000007b9c00000,0x00000007be700000)
  from space 12800K, 100% used [0x00000007be700000,0x00000007bf380000,0x00000007bf380000)
  to   space 12800K, 0% used [0x00000007bf380000,0x00000007bf380000,0x00000007c0000000)
 ParOldGen       total 355328K, used 298008K [0x00000006c1800000, 0x00000006d7300000, 0x00000007b9c00000)
  object space 355328K, 83% used [0x00000006c1800000,0x00000006d3b06000,0x00000006d7300000)
 Metaspace       used 2707K, capacity 4486K, committed 4864K, reserved 1056768K
  class space    used 302K, capacity 386K, committed 512K, reserved 1048576K
}
{Heap before GC invocations=150 (full 12):
 PSYoungGen      total 89600K, used 89600K [0x00000007b9c00000, 0x00000007c0000000, 0x00000007c0000000)
  eden space 76800K, 100% used [0x00000007b9c00000,0x00000007be700000,0x00000007be700000)
  from space 12800K, 100% used [0x00000007be700000,0x00000007bf380000,0x00000007bf380000)
  to   space 12800K, 0% used [0x00000007bf380000,0x00000007bf380000,0x00000007c0000000)
 ParOldGen       total 355328K, used 298008K [0x00000006c1800000, 0x00000006d7300000, 0x00000007b9c00000)
  object space 355328K, 83% used [0x00000006c1800000,0x00000006d3b06000,0x00000006d7300000)
 Metaspace       used 2707K, capacity 4486K, committed 4864K, reserved 1056768K
  class space    used 302K, capacity 386K, committed 512K, reserved 1048576K
Heap after GC invocations=150 (full 12):
 PSYoungGen      total 89600K, used 12800K [0x00000007b9c00000, 0x00000007c0000000, 0x00000007c0000000)
  eden space 76800K, 0% used [0x00000007b9c00000,0x00000007b9c00000,0x00000007be700000)
  from space 12800K, 100% used [0x00000007bf380000,0x00000007c0000000,0x00000007c0000000)
  to   space 12800K, 0% used [0x00000007be700000,0x00000007be700000,0x00000007bf380000)
 ParOldGen       total 355328K, used 318168K [0x00000006c1800000, 0x00000006d7300000, 0x00000007b9c00000)
  object space 355328K, 89% used [0x00000006c1800000,0x00000006d4eb6000,0x00000006d7300000)
 Metaspace       used 2707K, capacity 4486K, committed 4864K, reserved 1056768K
  class space    used 302K, capacity 386K, committed 512K, reserved 1048576K
}
{Heap before GC invocations=151 (full 12):
 PSYoungGen      total 89600K, used 89600K [0x00000007b9c00000, 0x00000007c0000000, 0x00000007c0000000)
  eden space 76800K, 100% used [0x00000007b9c00000,0x00000007be700000,0x00000007be700000)
  from space 12800K, 100% used [0x00000007bf380000,0x00000007c0000000,0x00000007c0000000)
  to   space 12800K, 0% used [0x00000007be700000,0x00000007be700000,0x00000007bf380000)
 ParOldGen       total 355328K, used 318168K [0x00000006c1800000, 0x00000006d7300000, 0x00000007b9c00000)
  object space 355328K, 89% used [0x00000006c1800000,0x00000006d4eb6000,0x00000006d7300000)
 Metaspace       used 2707K, capacity 4486K, committed 4864K, reserved 1056768K
  class space    used 302K, capacity 386K, committed 512K, reserved 1048576K
Heap after GC invocations=151 (full 12):
 PSYoungGen      total 89600K, used 12800K [0x00000007b9c00000, 0x00000007c0000000, 0x00000007c0000000)
  eden space 76800K, 0% used [0x00000007b9c00000,0x00000007b9c00000,0x00000007be700000)
  from space 12800K, 100% used [0x00000007be700000,0x00000007bf380000,0x00000007bf380000)
  to   space 12800K, 0% used [0x00000007bf380000,0x00000007bf380000,0x00000007c0000000)
 ParOldGen       total 355328K, used 338328K [0x00000006c1800000, 0x00000006d7300000, 0x00000007b9c00000)
  object space 355328K, 95% used [0x00000006c1800000,0x00000006d6266000,0x00000006d7300000)
 Metaspace       used 2707K, capacity 4486K, committed 4864K, reserved 1056768K
  class space    used 302K, capacity 386K, committed 512K, reserved 1048576K
}
{Heap before GC invocations=152 (full 13):
 PSYoungGen      total 89600K, used 12800K [0x00000007b9c00000, 0x00000007c0000000, 0x00000007c0000000)
  eden space 76800K, 0% used [0x00000007b9c00000,0x00000007b9c00000,0x00000007be700000)
  from space 12800K, 100% used [0x00000007be700000,0x00000007bf380000,0x00000007bf380000)
  to   space 12800K, 0% used [0x00000007bf380000,0x00000007bf380000,0x00000007c0000000)
 ParOldGen       total 355328K, used 338328K [0x00000006c1800000, 0x00000006d7300000, 0x00000007b9c00000)
  object space 355328K, 95% used [0x00000006c1800000,0x00000006d6266000,0x00000006d7300000)
 Metaspace       used 2707K, capacity 4486K, committed 4864K, reserved 1056768K
  class space    used 302K, capacity 386K, committed 512K, reserved 1048576K
Heap after GC invocations=152 (full 13):
 PSYoungGen      total 89600K, used 0K [0x00000007b9c00000, 0x00000007c0000000, 0x00000007c0000000)
  eden space 76800K, 0% used [0x00000007b9c00000,0x00000007b9c00000,0x00000007be700000)
  from space 12800K, 0% used [0x00000007be700000,0x00000007be700000,0x00000007bf380000)
  to   space 12800K, 0% used [0x00000007bf380000,0x00000007bf380000,0x00000007c0000000)
 ParOldGen       total 369152K, used 35840K [0x00000006c1800000, 0x00000006d8080000, 0x00000007b9c00000)
  object space 369152K, 9% used [0x00000006c1800000,0x00000006c3b00000,0x00000006d8080000)
 Metaspace       used 2707K, capacity 4486K, committed 4864K, reserved 1056768K
  class space    used 302K, capacity 386K, committed 512K, reserved 1048576K
}
{Heap before GC invocations=153 (full 13):
 PSYoungGen      total 89600K, used 76800K [0x00000007b9c00000, 0x00000007c0000000, 0x00000007c0000000)
  eden space 76800K, 100% used [0x00000007b9c00000,0x00000007be700000,0x00000007be700000)
  from space 12800K, 0% used [0x00000007be700000,0x00000007be700000,0x00000007bf380000)
  to   space 12800K, 0% used [0x00000007bf380000,0x00000007bf380000,0x00000007c0000000)
 ParOldGen       total 369152K, used 35840K [0x00000006c1800000, 0x00000006d8080000, 0x00000007b9c00000)
  object space 369152K, 9% used [0x00000006c1800000,0x00000006c3b00000,0x00000006d8080000)
 Metaspace       used 2707K, capacity 4486K, committed 4864K, reserved 1056768K
  class space    used 302K, capacity 386K, committed 512K, reserved 1048576K
Heap after GC invocations=153 (full 13):
 PSYoungGen      total 89600K, used 12800K [0x00000007b9c00000, 0x00000007c0000000, 0x00000007c0000000)
  eden space 76800K, 0% used [0x00000007b9c00000,0x00000007b9c00000,0x00000007be700000)
  from space 12800K, 100% used [0x00000007bf380000,0x00000007c0000000,0x00000007c0000000)
  to   space 12800K, 0% used [0x00000007be700000,0x00000007be700000,0x00000007bf380000)
 ParOldGen       total 369152K, used 56008K [0x00000006c1800000, 0x00000006d8080000, 0x00000007b9c00000)
  object space 369152K, 15% used [0x00000006c1800000,0x00000006c4eb2000,0x00000006d8080000)
 Metaspace       used 2707K, capacity 4486K, committed 4864K, reserved 1056768K
  class space    used 302K, capacity 386K, committed 512K, reserved 1048576K
}
{Heap before GC invocations=154 (full 13):
 PSYoungGen      total 89600K, used 89600K [0x00000007b9c00000, 0x00000007c0000000, 0x00000007c0000000)
  eden space 76800K, 100% used [0x00000007b9c00000,0x00000007be700000,0x00000007be700000)
  from space 12800K, 100% used [0x00000007bf380000,0x00000007c0000000,0x00000007c0000000)
  to   space 12800K, 0% used [0x00000007be700000,0x00000007be700000,0x00000007bf380000)
 ParOldGen       total 369152K, used 56008K [0x00000006c1800000, 0x00000006d8080000, 0x00000007b9c00000)
  object space 369152K, 15% used [0x00000006c1800000,0x00000006c4eb2000,0x00000006d8080000)
 Metaspace       used 2707K, capacity 4486K, committed 4864K, reserved 1056768K
  class space    used 302K, capacity 386K, committed 512K, reserved 1048576K
Heap after GC invocations=154 (full 13):
 PSYoungGen      total 89600K, used 12800K [0x00000007b9c00000, 0x00000007c0000000, 0x00000007c0000000)
  eden space 76800K, 0% used [0x00000007b9c00000,0x00000007b9c00000,0x00000007be700000)
  from space 12800K, 100% used [0x00000007be700000,0x00000007bf380000,0x00000007bf380000)
  to   space 12800K, 0% used [0x00000007bf380000,0x00000007bf380000,0x00000007c0000000)
 ParOldGen       total 369152K, used 76184K [0x00000006c1800000, 0x00000006d8080000, 0x00000007b9c00000)
  object space 369152K, 20% used [0x00000006c1800000,0x00000006c6266000,0x00000006d8080000)
 Metaspace       used 2707K, capacity 4486K, committed 4864K, reserved 1056768K
  class space    used 302K, capacity 386K, committed 512K, reserved 1048576K
}
{Heap before GC invocations=155 (full 13):
 PSYoungGen      total 89600K, used 89600K [0x00000007b9c00000, 0x00000007c0000000, 0x00000007c0000000)
  eden space 76800K, 100% used [0x00000007b9c00000,0x00000007be700000,0x00000007be700000)
  from space 12800K, 100% used [0x00000007be700000,0x00000007bf380000,0x00000007bf380000)
  to   space 12800K, 0% used [0x00000007bf380000,0x00000007bf380000,0x00000007c0000000)
 ParOldGen       total 369152K, used 76184K [0x00000006c1800000, 0x00000006d8080000, 0x00000007b9c00000)
  object space 369152K, 20% used [0x00000006c1800000,0x00000006c6266000,0x00000006d8080000)
 Metaspace       used 2707K, capacity 4486K, committed 4864K, reserved 1056768K
  class space    used 302K, capacity 386K, committed 512K, reserved 1048576K
Heap after GC invocations=155 (full 13):
 PSYoungGen      total 89600K, used 12800K [0x00000007b9c00000, 0x00000007c0000000, 0x00000007c0000000)
  eden space 76800K, 0% used [0x00000007b9c00000,0x00000007b9c00000,0x00000007be700000)
  from space 12800K, 100% used [0x00000007bf380000,0x00000007c0000000,0x00000007c0000000)
  to   space 12800K, 0% used [0x00000007be700000,0x00000007be700000,0x00000007bf380000)
 ParOldGen       total 369152K, used 96352K [0x00000006c1800000, 0x00000006d8080000, 0x00000007b9c00000)
  object space 369152K, 26% used [0x00000006c1800000,0x00000006c7618000,0x00000006d8080000)
 Metaspace       used 2707K, capacity 4486K, committed 4864K, reserved 1056768K
  class space    used 302K, capacity 386K, committed 512K, reserved 1048576K
}
{Heap before GC invocations=156 (full 13):
 PSYoungGen      total 89600K, used 89600K [0x00000007b9c00000, 0x00000007c0000000, 0x00000007c0000000)
  eden space 76800K, 100% used [0x00000007b9c00000,0x00000007be700000,0x00000007be700000)
  from space 12800K, 100% used [0x00000007bf380000,0x00000007c0000000,0x00000007c0000000)
  to   space 12800K, 0% used [0x00000007be700000,0x00000007be700000,0x00000007bf380000)
 ParOldGen       total 369152K, used 96352K [0x00000006c1800000, 0x00000006d8080000, 0x00000007b9c00000)
  object space 369152K, 26% used [0x00000006c1800000,0x00000006c7618000,0x00000006d8080000)
 Metaspace       used 2707K, capacity 4486K, committed 4864K, reserved 1056768K
  class space    used 302K, capacity 386K, committed 512K, reserved 1048576K
Heap after GC invocations=156 (full 13):
 PSYoungGen      total 89600K, used 12800K [0x00000007b9c00000, 0x00000007c0000000, 0x00000007c0000000)
  eden space 76800K, 0% used [0x00000007b9c00000,0x00000007b9c00000,0x00000007be700000)
  from space 12800K, 100% used [0x00000007be700000,0x00000007bf380000,0x00000007bf380000)
  to   space 12800K, 0% used [0x00000007bf380000,0x00000007bf380000,0x00000007c0000000)
 ParOldGen       total 369152K, used 116528K [0x00000006c1800000, 0x00000006d8080000, 0x00000007b9c00000)
  object space 369152K, 31% used [0x00000006c1800000,0x00000006c89cc000,0x00000006d8080000)
 Metaspace       used 2707K, capacity 4486K, committed 4864K, reserved 1056768K
  class space    used 302K, capacity 386K, committed 512K, reserved 1048576K
}
{Heap before GC invocations=157 (full 13):
 PSYoungGen      total 89600K, used 89600K [0x00000007b9c00000, 0x00000007c0000000, 0x00000007c0000000)
  eden space 76800K, 100% used [0x00000007b9c00000,0x00000007be700000,0x00000007be700000)
  from space 12800K, 100% used [0x00000007be700000,0x00000007bf380000,0x00000007bf380000)
  to   space 12800K, 0% used [0x00000007bf380000,0x00000007bf380000,0x00000007c0000000)
 ParOldGen       total 369152K, used 116528K [0x00000006c1800000, 0x00000006d8080000, 0x00000007b9c00000)
  object space 369152K, 31% used [0x00000006c1800000,0x00000006c89cc000,0x00000006d8080000)
 Metaspace       used 2707K, capacity 4486K, committed 4864K, reserved 1056768K
  class space    used 302K, capacity 386K, committed 512K, reserved 1048576K
Heap after GC invocations=157 (full 13):
 PSYoungGen      total 89600K, used 12800K [0x00000007b9c00000, 0x00000007c0000000, 0x00000007c0000000)
  eden space 76800K, 0% used [0x00000007b9c00000,0x00000007b9c00000,0x00000007be700000)
  from space 12800K, 100% used [0x00000007bf380000,0x00000007c0000000,0x00000007c0000000)
  to   space 12800K, 0% used [0x00000007be700000,0x00000007be700000,0x00000007bf380000)
 ParOldGen       total 369152K, used 136688K [0x00000006c1800000, 0x00000006d8080000, 0x00000007b9c00000)
  object space 369152K, 37% used [0x00000006c1800000,0x00000006c9d7c000,0x00000006d8080000)
 Metaspace       used 2707K, capacity 4486K, committed 4864K, reserved 1056768K
  class space    used 302K, capacity 386K, committed 512K, reserved 1048576K
}
{Heap before GC invocations=158 (full 13):
 PSYoungGen      total 89600K, used 89600K [0x00000007b9c00000, 0x00000007c0000000, 0x00000007c0000000)
  eden space 76800K, 100% used [0x00000007b9c00000,0x00000007be700000,0x00000007be700000)
  from space 12800K, 100% used [0x00000007bf380000,0x00000007c0000000,0x00000007c0000000)
  to   space 12800K, 0% used [0x00000007be700000,0x00000007be700000,0x00000007bf380000)
 ParOldGen       total 369152K, used 136688K [0x00000006c1800000, 0x00000006d8080000, 0x00000007b9c00000)
  object space 369152K, 37% used [0x00000006c1800000,0x00000006c9d7c000,0x00000006d8080000)
 Metaspace       used 2707K, capacity 4486K, committed 4864K, reserved 1056768K
  class space    used 302K, capacity 386K, committed 512K, reserved 1048576K
Heap after GC invocations=158 (full 13):
 PSYoungGen      total 89600K, used 12800K [0x00000007b9c00000, 0x00000007c0000000, 0x00000007c0000000)
  eden space 76800K, 0% used [0x00000007b9c00000,0x00000007b9c00000,0x00000007be700000)
  from space 12800K, 100% used [0x00000007be700000,0x00000007bf380000,0x00000007bf380000)
  to   space 12800K, 0% used [0x00000007bf380000,0x00000007bf380000,0x00000007c0000000)
 ParOldGen       total 369152K, used 156880K [0x00000006c1800000, 0x00000006d8080000, 0x00000007b9c00000)
  object space 369152K, 42% used [0x00000006c1800000,0x00000006cb134000,0x00000006d8080000)
 Metaspace       used 2707K, capacity 4486K, committed 4864K, reserved 1056768K
  class space    used 302K, capacity 386K, committed 512K, reserved 1048576K
}
{Heap before GC invocations=159 (full 13):
 PSYoungGen      total 89600K, used 89600K [0x00000007b9c00000, 0x00000007c0000000, 0x00000007c0000000)
  eden space 76800K, 100% used [0x00000007b9c00000,0x00000007be700000,0x00000007be700000)
  from space 12800K, 100% used [0x00000007be700000,0x00000007bf380000,0x00000007bf380000)
  to   space 12800K, 0% used [0x00000007bf380000,0x00000007bf380000,0x00000007c0000000)
 ParOldGen       total 369152K, used 156880K [0x00000006c1800000, 0x00000006d8080000, 0x00000007b9c00000)
  object space 369152K, 42% used [0x00000006c1800000,0x00000006cb134000,0x00000006d8080000)
 Metaspace       used 2707K, capacity 4486K, committed 4864K, reserved 1056768K
  class space    used 302K, capacity 386K, committed 512K, reserved 1048576K
Heap after GC invocations=159 (full 13):
 PSYoungGen      total 89600K, used 12800K [0x00000007b9c00000, 0x00000007c0000000, 0x00000007c0000000)
  eden space 76800K, 0% used [0x00000007b9c00000,0x00000007b9c00000,0x00000007be700000)
  from space 12800K, 100% used [0x00000007bf380000,0x00000007c0000000,0x00000007c0000000)
  to   space 12800K, 0% used [0x00000007be700000,0x00000007be700000,0x00000007bf380000)
 ParOldGen       total 369152K, used 177048K [0x00000006c1800000, 0x00000006d8080000, 0x00000007b9c00000)
  object space 369152K, 47% used [0x00000006c1800000,0x00000006cc4e6000,0x00000006d8080000)
 Metaspace       used 2707K, capacity 4486K, committed 4864K, reserved 1056768K
  class space    used 302K, capacity 386K, committed 512K, reserved 1048576K
}
{Heap before GC invocations=160 (full 13):
 PSYoungGen      total 89600K, used 89600K [0x00000007b9c00000, 0x00000007c0000000, 0x00000007c0000000)
  eden space 76800K, 100% used [0x00000007b9c00000,0x00000007be700000,0x00000007be700000)
  from space 12800K, 100% used [0x00000007bf380000,0x00000007c0000000,0x00000007c0000000)
  to   space 12800K, 0% used [0x00000007be700000,0x00000007be700000,0x00000007bf380000)
 ParOldGen       total 369152K, used 177048K [0x00000006c1800000, 0x00000006d8080000, 0x00000007b9c00000)
  object space 369152K, 47% used [0x00000006c1800000,0x00000006cc4e6000,0x00000006d8080000)
 Metaspace       used 2707K, capacity 4486K, committed 4864K, reserved 1056768K
  class space    used 302K, capacity 386K, committed 512K, reserved 1048576K
Heap after GC invocations=160 (full 13):
 PSYoungGen      total 89600K, used 12800K [0x00000007b9c00000, 0x00000007c0000000, 0x00000007c0000000)
  eden space 76800K, 0% used [0x00000007b9c00000,0x00000007b9c00000,0x00000007be700000)
  from space 12800K, 100% used [0x00000007be700000,0x00000007bf380000,0x00000007bf380000)
  to   space 12800K, 0% used [0x00000007bf380000,0x00000007bf380000,0x00000007c0000000)
 ParOldGen       total 369152K, used 197240K [0x00000006c1800000, 0x00000006d8080000, 0x00000007b9c00000)
  object space 369152K, 53% used [0x00000006c1800000,0x00000006cd89e000,0x00000006d8080000)
 Metaspace       used 2707K, capacity 4486K, committed 4864K, reserved 1056768K
  class space    used 302K, capacity 386K, committed 512K, reserved 1048576K
}
{Heap before GC invocations=161 (full 13):
 PSYoungGen      total 89600K, used 89600K [0x00000007b9c00000, 0x00000007c0000000, 0x00000007c0000000)
  eden space 76800K, 100% used [0x00000007b9c00000,0x00000007be700000,0x00000007be700000)
  from space 12800K, 100% used [0x00000007be700000,0x00000007bf380000,0x00000007bf380000)
  to   space 12800K, 0% used [0x00000007bf380000,0x00000007bf380000,0x00000007c0000000)
 ParOldGen       total 369152K, used 197240K [0x00000006c1800000, 0x00000006d8080000, 0x00000007b9c00000)
  object space 369152K, 53% used [0x00000006c1800000,0x00000006cd89e000,0x00000006d8080000)
 Metaspace       used 2707K, capacity 4486K, committed 4864K, reserved 1056768K
  class space    used 302K, capacity 386K, committed 512K, reserved 1048576K
Heap after GC invocations=161 (full 13):
 PSYoungGen      total 89600K, used 12800K [0x00000007b9c00000, 0x00000007c0000000, 0x00000007c0000000)
  eden space 76800K, 0% used [0x00000007b9c00000,0x00000007b9c00000,0x00000007be700000)
  from space 12800K, 100% used [0x00000007bf380000,0x00000007c0000000,0x00000007c0000000)
  to   space 12800K, 0% used [0x00000007be700000,0x00000007be700000,0x00000007bf380000)
 ParOldGen       total 369152K, used 217408K [0x00000006c1800000, 0x00000006d8080000, 0x00000007b9c00000)
  object space 369152K, 58% used [0x00000006c1800000,0x00000006cec50000,0x00000006d8080000)
 Metaspace       used 2707K, capacity 4486K, committed 4864K, reserved 1056768K
  class space    used 302K, capacity 386K, committed 512K, reserved 1048576K
}
{Heap before GC invocations=162 (full 13):
 PSYoungGen      total 89600K, used 89600K [0x00000007b9c00000, 0x00000007c0000000, 0x00000007c0000000)
  eden space 76800K, 100% used [0x00000007b9c00000,0x00000007be700000,0x00000007be700000)
  from space 12800K, 100% used [0x00000007bf380000,0x00000007c0000000,0x00000007c0000000)
  to   space 12800K, 0% used [0x00000007be700000,0x00000007be700000,0x00000007bf380000)
 ParOldGen       total 369152K, used 217408K [0x00000006c1800000, 0x00000006d8080000, 0x00000007b9c00000)
  object space 369152K, 58% used [0x00000006c1800000,0x00000006cec50000,0x00000006d8080000)
 Metaspace       used 2707K, capacity 4486K, committed 4864K, reserved 1056768K
  class space    used 302K, capacity 386K, committed 512K, reserved 1048576K
Heap after GC invocations=162 (full 13):
 PSYoungGen      total 89600K, used 12800K [0x00000007b9c00000, 0x00000007c0000000, 0x00000007c0000000)
  eden space 76800K, 0% used [0x00000007b9c00000,0x00000007b9c00000,0x00000007be700000)
  from space 12800K, 100% used [0x00000007be700000,0x00000007bf380000,0x00000007bf380000)
  to   space 12800K, 0% used [0x00000007bf380000,0x00000007bf380000,0x00000007c0000000)
 ParOldGen       total 369152K, used 237576K [0x00000006c1800000, 0x00000006d8080000, 0x00000007b9c00000)
  object space 369152K, 64% used [0x00000006c1800000,0x00000006d0002000,0x00000006d8080000)
 Metaspace       used 2707K, capacity 4486K, committed 4864K, reserved 1056768K
  class space    used 302K, capacity 386K, committed 512K, reserved 1048576K
}
{Heap before GC invocations=163 (full 13):
 PSYoungGen      total 89600K, used 89600K [0x00000007b9c00000, 0x00000007c0000000, 0x00000007c0000000)
  eden space 76800K, 100% used [0x00000007b9c00000,0x00000007be700000,0x00000007be700000)
  from space 12800K, 100% used [0x00000007be700000,0x00000007bf380000,0x00000007bf380000)
  to   space 12800K, 0% used [0x00000007bf380000,0x00000007bf380000,0x00000007c0000000)
 ParOldGen       total 369152K, used 237576K [0x00000006c1800000, 0x00000006d8080000, 0x00000007b9c00000)
  object space 369152K, 64% used [0x00000006c1800000,0x00000006d0002000,0x00000006d8080000)
 Metaspace       used 2707K, capacity 4486K, committed 4864K, reserved 1056768K
  class space    used 302K, capacity 386K, committed 512K, reserved 1048576K
Heap after GC invocations=163 (full 13):
 PSYoungGen      total 89600K, used 12800K [0x00000007b9c00000, 0x00000007c0000000, 0x00000007c0000000)
  eden space 76800K, 0% used [0x00000007b9c00000,0x00000007b9c00000,0x00000007be700000)
  from space 12800K, 100% used [0x00000007bf380000,0x00000007c0000000,0x00000007c0000000)
  to   space 12800K, 0% used [0x00000007be700000,0x00000007be700000,0x00000007bf380000)
 ParOldGen       total 369152K, used 257736K [0x00000006c1800000, 0x00000006d8080000, 0x00000007b9c00000)
  object space 369152K, 69% used [0x00000006c1800000,0x00000006d13b2000,0x00000006d8080000)
 Metaspace       used 2707K, capacity 4486K, committed 4864K, reserved 1056768K
  class space    used 302K, capacity 386K, committed 512K, reserved 1048576K
}
{Heap before GC invocations=164 (full 13):
 PSYoungGen      total 89600K, used 89600K [0x00000007b9c00000, 0x00000007c0000000, 0x00000007c0000000)
  eden space 76800K, 100% used [0x00000007b9c00000,0x00000007be700000,0x00000007be700000)
  from space 12800K, 100% used [0x00000007bf380000,0x00000007c0000000,0x00000007c0000000)
  to   space 12800K, 0% used [0x00000007be700000,0x00000007be700000,0x00000007bf380000)
 ParOldGen       total 369152K, used 257736K [0x00000006c1800000, 0x00000006d8080000, 0x00000007b9c00000)
  object space 369152K, 69% used [0x00000006c1800000,0x00000006d13b2000,0x00000006d8080000)
 Metaspace       used 2707K, capacity 4486K, committed 4864K, reserved 1056768K
  class space    used 302K, capacity 386K, committed 512K, reserved 1048576K
Heap after GC invocations=164 (full 13):
 PSYoungGen      total 89600K, used 12800K [0x00000007b9c00000, 0x00000007c0000000, 0x00000007c0000000)
  eden space 76800K, 0% used [0x00000007b9c00000,0x00000007b9c00000,0x00000007be700000)
  from space 12800K, 100% used [0x00000007be700000,0x00000007bf380000,0x00000007bf380000)
  to   space 12800K, 0% used [0x00000007bf380000,0x00000007bf380000,0x00000007c0000000)
 ParOldGen       total 369152K, used 277904K [0x00000006c1800000, 0x00000006d8080000, 0x00000007b9c00000)
  object space 369152K, 75% used [0x00000006c1800000,0x00000006d2764000,0x00000006d8080000)
 Metaspace       used 2707K, capacity 4486K, committed 4864K, reserved 1056768K
  class space    used 302K, capacity 386K, committed 512K, reserved 1048576K
}
{Heap before GC invocations=165 (full 13):
 PSYoungGen      total 89600K, used 89600K [0x00000007b9c00000, 0x00000007c0000000, 0x00000007c0000000)
  eden space 76800K, 100% used [0x00000007b9c00000,0x00000007be700000,0x00000007be700000)
  from space 12800K, 100% used [0x00000007be700000,0x00000007bf380000,0x00000007bf380000)
  to   space 12800K, 0% used [0x00000007bf380000,0x00000007bf380000,0x00000007c0000000)
 ParOldGen       total 369152K, used 277904K [0x00000006c1800000, 0x00000006d8080000, 0x00000007b9c00000)
  object space 369152K, 75% used [0x00000006c1800000,0x00000006d2764000,0x00000006d8080000)
 Metaspace       used 2707K, capacity 4486K, committed 4864K, reserved 1056768K
  class space    used 302K, capacity 386K, committed 512K, reserved 1048576K
Heap after GC invocations=165 (full 13):
 PSYoungGen      total 89600K, used 12800K [0x00000007b9c00000, 0x00000007c0000000, 0x00000007c0000000)
  eden space 76800K, 0% used [0x00000007b9c00000,0x00000007b9c00000,0x00000007be700000)
  from space 12800K, 100% used [0x00000007bf380000,0x00000007c0000000,0x00000007c0000000)
  to   space 12800K, 0% used [0x00000007be700000,0x00000007be700000,0x00000007bf380000)
 ParOldGen       total 369152K, used 298072K [0x00000006c1800000, 0x00000006d8080000, 0x00000007b9c00000)
  object space 369152K, 80% used [0x00000006c1800000,0x00000006d3b16000,0x00000006d8080000)
 Metaspace       used 2707K, capacity 4486K, committed 4864K, reserved 1056768K
  class space    used 302K, capacity 386K, committed 512K, reserved 1048576K
}
{Heap before GC invocations=166 (full 13):
 PSYoungGen      total 89600K, used 89600K [0x00000007b9c00000, 0x00000007c0000000, 0x00000007c0000000)
  eden space 76800K, 100% used [0x00000007b9c00000,0x00000007be700000,0x00000007be700000)
  from space 12800K, 100% used [0x00000007bf380000,0x00000007c0000000,0x00000007c0000000)
  to   space 12800K, 0% used [0x00000007be700000,0x00000007be700000,0x00000007bf380000)
 ParOldGen       total 369152K, used 298072K [0x00000006c1800000, 0x00000006d8080000, 0x00000007b9c00000)
  object space 369152K, 80% used [0x00000006c1800000,0x00000006d3b16000,0x00000006d8080000)
 Metaspace       used 2707K, capacity 4486K, committed 4864K, reserved 1056768K
  class space    used 302K, capacity 386K, committed 512K, reserved 1048576K
Heap after GC invocations=166 (full 13):
 PSYoungGen      total 89600K, used 12800K [0x00000007b9c00000, 0x00000007c0000000, 0x00000007c0000000)
  eden space 76800K, 0% used [0x00000007b9c00000,0x00000007b9c00000,0x00000007be700000)
  from space 12800K, 100% used [0x00000007be700000,0x00000007bf380000,0x00000007bf380000)
  to   space 12800K, 0% used [0x00000007bf380000,0x00000007bf380000,0x00000007c0000000)
 ParOldGen       total 369152K, used 318240K [0x00000006c1800000, 0x00000006d8080000, 0x00000007b9c00000)
  object space 369152K, 86% used [0x00000006c1800000,0x00000006d4ec8000,0x00000006d8080000)
 Metaspace       used 2707K, capacity 4486K, committed 4864K, reserved 1056768K
  class space    used 302K, capacity 386K, committed 512K, reserved 1048576K
}
{Heap before GC invocations=167 (full 13):
 PSYoungGen      total 89600K, used 89600K [0x00000007b9c00000, 0x00000007c0000000, 0x00000007c0000000)
  eden space 76800K, 100% used [0x00000007b9c00000,0x00000007be700000,0x00000007be700000)
  from space 12800K, 100% used [0x00000007be700000,0x00000007bf380000,0x00000007bf380000)
  to   space 12800K, 0% used [0x00000007bf380000,0x00000007bf380000,0x00000007c0000000)
 ParOldGen       total 369152K, used 318240K [0x00000006c1800000, 0x00000006d8080000, 0x00000007b9c00000)
  object space 369152K, 86% used [0x00000006c1800000,0x00000006d4ec8000,0x00000006d8080000)
 Metaspace       used 2707K, capacity 4486K, committed 4864K, reserved 1056768K
  class space    used 302K, capacity 386K, committed 512K, reserved 1048576K
Heap after GC invocations=167 (full 13):
 PSYoungGen      total 89600K, used 12800K [0x00000007b9c00000, 0x00000007c0000000, 0x00000007c0000000)
  eden space 76800K, 0% used [0x00000007b9c00000,0x00000007b9c00000,0x00000007be700000)
  from space 12800K, 100% used [0x00000007bf380000,0x00000007c0000000,0x00000007c0000000)
  to   space 12800K, 0% used [0x00000007be700000,0x00000007be700000,0x00000007bf380000)
 ParOldGen       total 369152K, used 338400K [0x00000006c1800000, 0x00000006d8080000, 0x00000007b9c00000)
  object space 369152K, 91% used [0x00000006c1800000,0x00000006d6278000,0x00000006d8080000)
 Metaspace       used 2707K, capacity 4486K, committed 4864K, reserved 1056768K
  class space    used 302K, capacity 386K, committed 512K, reserved 1048576K
}
{Heap before GC invocations=168 (full 13):
 PSYoungGen      total 89600K, used 89600K [0x00000007b9c00000, 0x00000007c0000000, 0x00000007c0000000)
  eden space 76800K, 100% used [0x00000007b9c00000,0x00000007be700000,0x00000007be700000)
  from space 12800K, 100% used [0x00000007bf380000,0x00000007c0000000,0x00000007c0000000)
  to   space 12800K, 0% used [0x00000007be700000,0x00000007be700000,0x00000007bf380000)
 ParOldGen       total 369152K, used 338400K [0x00000006c1800000, 0x00000006d8080000, 0x00000007b9c00000)
  object space 369152K, 91% used [0x00000006c1800000,0x00000006d6278000,0x00000006d8080000)
 Metaspace       used 2707K, capacity 4486K, committed 4864K, reserved 1056768K
  class space    used 302K, capacity 386K, committed 512K, reserved 1048576K
Heap after GC invocations=168 (full 13):
 PSYoungGen      total 89600K, used 12800K [0x00000007b9c00000, 0x00000007c0000000, 0x00000007c0000000)
  eden space 76800K, 0% used [0x00000007b9c00000,0x00000007b9c00000,0x00000007be700000)
  from space 12800K, 100% used [0x00000007be700000,0x00000007bf380000,0x00000007bf380000)
  to   space 12800K, 0% used [0x00000007bf380000,0x00000007bf380000,0x00000007c0000000)
 ParOldGen       total 369152K, used 358576K [0x00000006c1800000, 0x00000006d8080000, 0x00000007b9c00000)
  object space 369152K, 97% used [0x00000006c1800000,0x00000006d762c000,0x00000006d8080000)
 Metaspace       used 2707K, capacity 4486K, committed 4864K, reserved 1056768K
  class space    used 302K, capacity 386K, committed 512K, reserved 1048576K
}
{Heap before GC invocations=169 (full 14):
 PSYoungGen      total 89600K, used 12800K [0x00000007b9c00000, 0x00000007c0000000, 0x00000007c0000000)
  eden space 76800K, 0% used [0x00000007b9c00000,0x00000007b9c00000,0x00000007be700000)
  from space 12800K, 100% used [0x00000007be700000,0x00000007bf380000,0x00000007bf380000)
  to   space 12800K, 0% used [0x00000007bf380000,0x00000007bf380000,0x00000007c0000000)
 ParOldGen       total 369152K, used 358576K [0x00000006c1800000, 0x00000006d8080000, 0x00000007b9c00000)
  object space 369152K, 97% used [0x00000006c1800000,0x00000006d762c000,0x00000006d8080000)
 Metaspace       used 2707K, capacity 4486K, committed 4864K, reserved 1056768K
  class space    used 302K, capacity 386K, committed 512K, reserved 1048576K
Heap after GC invocations=169 (full 14):
 PSYoungGen      total 89600K, used 0K [0x00000007b9c00000, 0x00000007c0000000, 0x00000007c0000000)
  eden space 76800K, 0% used [0x00000007b9c00000,0x00000007b9c00000,0x00000007be700000)
  from space 12800K, 0% used [0x00000007be700000,0x00000007be700000,0x00000007bf380000)
  to   space 12800K, 0% used [0x00000007bf380000,0x00000007bf380000,0x00000007c0000000)
 ParOldGen       total 382464K, used 35840K [0x00000006c1800000, 0x00000006d8d80000, 0x00000007b9c00000)
  object space 382464K, 9% used [0x00000006c1800000,0x00000006c3b00000,0x00000006d8d80000)
 Metaspace       used 2707K, capacity 4486K, committed 4864K, reserved 1056768K
  class space    used 302K, capacity 386K, committed 512K, reserved 1048576K
}
{Heap before GC invocations=170 (full 14):
 PSYoungGen      total 89600K, used 76800K [0x00000007b9c00000, 0x00000007c0000000, 0x00000007c0000000)
  eden space 76800K, 100% used [0x00000007b9c00000,0x00000007be700000,0x00000007be700000)
  from space 12800K, 0% used [0x00000007be700000,0x00000007be700000,0x00000007bf380000)
  to   space 12800K, 0% used [0x00000007bf380000,0x00000007bf380000,0x00000007c0000000)
 ParOldGen       total 382464K, used 35840K [0x00000006c1800000, 0x00000006d8d80000, 0x00000007b9c00000)
  object space 382464K, 9% used [0x00000006c1800000,0x00000006c3b00000,0x00000006d8d80000)
 Metaspace       used 2707K, capacity 4486K, committed 4864K, reserved 1056768K
  class space    used 302K, capacity 386K, committed 512K, reserved 1048576K
Heap after GC invocations=170 (full 14):
 PSYoungGen      total 89600K, used 12800K [0x00000007b9c00000, 0x00000007c0000000, 0x00000007c0000000)
  eden space 76800K, 0% used [0x00000007b9c00000,0x00000007b9c00000,0x00000007be700000)
  from space 12800K, 100% used [0x00000007bf380000,0x00000007c0000000,0x00000007c0000000)
  to   space 12800K, 0% used [0x00000007be700000,0x00000007be700000,0x00000007bf380000)
 ParOldGen       total 382464K, used 56000K [0x00000006c1800000, 0x00000006d8d80000, 0x00000007b9c00000)
  object space 382464K, 14% used [0x00000006c1800000,0x00000006c4eb0000,0x00000006d8d80000)
 Metaspace       used 2707K, capacity 4486K, committed 4864K, reserved 1056768K
  class space    used 302K, capacity 386K, committed 512K, reserved 1048576K
}
{Heap before GC invocations=171 (full 14):
 PSYoungGen      total 89600K, used 89600K [0x00000007b9c00000, 0x00000007c0000000, 0x00000007c0000000)
  eden space 76800K, 100% used [0x00000007b9c00000,0x00000007be700000,0x00000007be700000)
  from space 12800K, 100% used [0x00000007bf380000,0x00000007c0000000,0x00000007c0000000)
  to   space 12800K, 0% used [0x00000007be700000,0x00000007be700000,0x00000007bf380000)
 ParOldGen       total 382464K, used 56000K [0x00000006c1800000, 0x00000006d8d80000, 0x00000007b9c00000)
  object space 382464K, 14% used [0x00000006c1800000,0x00000006c4eb0000,0x00000006d8d80000)
 Metaspace       used 2707K, capacity 4486K, committed 4864K, reserved 1056768K
  class space    used 302K, capacity 386K, committed 512K, reserved 1048576K
Heap after GC invocations=171 (full 14):
 PSYoungGen      total 89600K, used 12800K [0x00000007b9c00000, 0x00000007c0000000, 0x00000007c0000000)
  eden space 76800K, 0% used [0x00000007b9c00000,0x00000007b9c00000,0x00000007be700000)
  from space 12800K, 100% used [0x00000007be700000,0x00000007bf380000,0x00000007bf380000)
  to   space 12800K, 0% used [0x00000007bf380000,0x00000007bf380000,0x00000007c0000000)
 ParOldGen       total 382464K, used 76168K [0x00000006c1800000, 0x00000006d8d80000, 0x00000007b9c00000)
  object space 382464K, 19% used [0x00000006c1800000,0x00000006c6262000,0x00000006d8d80000)
 Metaspace       used 2707K, capacity 4486K, committed 4864K, reserved 1056768K
  class space    used 302K, capacity 386K, committed 512K, reserved 1048576K
}
{Heap before GC invocations=172 (full 14):
 PSYoungGen      total 89600K, used 89600K [0x00000007b9c00000, 0x00000007c0000000, 0x00000007c0000000)
  eden space 76800K, 100% used [0x00000007b9c00000,0x00000007be700000,0x00000007be700000)
  from space 12800K, 100% used [0x00000007be700000,0x00000007bf380000,0x00000007bf380000)
  to   space 12800K, 0% used [0x00000007bf380000,0x00000007bf380000,0x00000007c0000000)
 ParOldGen       total 382464K, used 76168K [0x00000006c1800000, 0x00000006d8d80000, 0x00000007b9c00000)
  object space 382464K, 19% used [0x00000006c1800000,0x00000006c6262000,0x00000006d8d80000)
 Metaspace       used 2707K, capacity 4486K, committed 4864K, reserved 1056768K
  class space    used 302K, capacity 386K, committed 512K, reserved 1048576K
Heap after GC invocations=172 (full 14):
 PSYoungGen      total 89600K, used 12800K [0x00000007b9c00000, 0x00000007c0000000, 0x00000007c0000000)
  eden space 76800K, 0% used [0x00000007b9c00000,0x00000007b9c00000,0x00000007be700000)
  from space 12800K, 100% used [0x00000007bf380000,0x00000007c0000000,0x00000007c0000000)
  to   space 12800K, 0% used [0x00000007be700000,0x00000007be700000,0x00000007bf380000)
 ParOldGen       total 382464K, used 96360K [0x00000006c1800000, 0x00000006d8d80000, 0x00000007b9c00000)
  object space 382464K, 25% used [0x00000006c1800000,0x00000006c761a000,0x00000006d8d80000)
 Metaspace       used 2707K, capacity 4486K, committed 4864K, reserved 1056768K
  class space    used 302K, capacity 386K, committed 512K, reserved 1048576K
}
{Heap before GC invocations=173 (full 14):
 PSYoungGen      total 89600K, used 89600K [0x00000007b9c00000, 0x00000007c0000000, 0x00000007c0000000)
  eden space 76800K, 100% used [0x00000007b9c00000,0x00000007be700000,0x00000007be700000)
  from space 12800K, 100% used [0x00000007bf380000,0x00000007c0000000,0x00000007c0000000)
  to   space 12800K, 0% used [0x00000007be700000,0x00000007be700000,0x00000007bf380000)
 ParOldGen       total 382464K, used 96360K [0x00000006c1800000, 0x00000006d8d80000, 0x00000007b9c00000)
  object space 382464K, 25% used [0x00000006c1800000,0x00000006c761a000,0x00000006d8d80000)
 Metaspace       used 2707K, capacity 4486K, committed 4864K, reserved 1056768K
  class space    used 302K, capacity 386K, committed 512K, reserved 1048576K
Heap after GC invocations=173 (full 14):
 PSYoungGen      total 89600K, used 12800K [0x00000007b9c00000, 0x00000007c0000000, 0x00000007c0000000)
  eden space 76800K, 0% used [0x00000007b9c00000,0x00000007b9c00000,0x00000007be700000)
  from space 12800K, 100% used [0x00000007be700000,0x00000007bf380000,0x00000007bf380000)
  to   space 12800K, 0% used [0x00000007bf380000,0x00000007bf380000,0x00000007c0000000)
 ParOldGen       total 382464K, used 116528K [0x00000006c1800000, 0x00000006d8d80000, 0x00000007b9c00000)
  object space 382464K, 30% used [0x00000006c1800000,0x00000006c89cc000,0x00000006d8d80000)
 Metaspace       used 2707K, capacity 4486K, committed 4864K, reserved 1056768K
  class space    used 302K, capacity 386K, committed 512K, reserved 1048576K
}
{Heap before GC invocations=174 (full 14):
 PSYoungGen      total 89600K, used 89600K [0x00000007b9c00000, 0x00000007c0000000, 0x00000007c0000000)
  eden space 76800K, 100% used [0x00000007b9c00000,0x00000007be700000,0x00000007be700000)
  from space 12800K, 100% used [0x00000007be700000,0x00000007bf380000,0x00000007bf380000)
  to   space 12800K, 0% used [0x00000007bf380000,0x00000007bf380000,0x00000007c0000000)
 ParOldGen       total 382464K, used 116528K [0x00000006c1800000, 0x00000006d8d80000, 0x00000007b9c00000)
  object space 382464K, 30% used [0x00000006c1800000,0x00000006c89cc000,0x00000006d8d80000)
 Metaspace       used 2707K, capacity 4486K, committed 4864K, reserved 1056768K
  class space    used 302K, capacity 386K, committed 512K, reserved 1048576K
Heap after GC invocations=174 (full 14):
 PSYoungGen      total 89600K, used 12800K [0x00000007b9c00000, 0x00000007c0000000, 0x00000007c0000000)
  eden space 76800K, 0% used [0x00000007b9c00000,0x00000007b9c00000,0x00000007be700000)
  from space 12800K, 100% used [0x00000007bf380000,0x00000007c0000000,0x00000007c0000000)
  to   space 12800K, 0% used [0x00000007be700000,0x00000007be700000,0x00000007bf380000)
 ParOldGen       total 382464K, used 136688K [0x00000006c1800000, 0x00000006d8d80000, 0x00000007b9c00000)
  object space 382464K, 35% used [0x00000006c1800000,0x00000006c9d7c000,0x00000006d8d80000)
 Metaspace       used 2707K, capacity 4486K, committed 4864K, reserved 1056768K
  class space    used 302K, capacity 386K, committed 512K, reserved 1048576K
}
{Heap before GC invocations=175 (full 14):
 PSYoungGen      total 89600K, used 89600K [0x00000007b9c00000, 0x00000007c0000000, 0x00000007c0000000)
  eden space 76800K, 100% used [0x00000007b9c00000,0x00000007be700000,0x00000007be700000)
  from space 12800K, 100% used [0x00000007bf380000,0x00000007c0000000,0x00000007c0000000)
  to   space 12800K, 0% used [0x00000007be700000,0x00000007be700000,0x00000007bf380000)
 ParOldGen       total 382464K, used 136688K [0x00000006c1800000, 0x00000006d8d80000, 0x00000007b9c00000)
  object space 382464K, 35% used [0x00000006c1800000,0x00000006c9d7c000,0x00000006d8d80000)
 Metaspace       used 2707K, capacity 4486K, committed 4864K, reserved 1056768K
  class space    used 302K, capacity 386K, committed 512K, reserved 1048576K
Heap after GC invocations=175 (full 14):
 PSYoungGen      total 89600K, used 12800K [0x00000007b9c00000, 0x00000007c0000000, 0x00000007c0000000)
  eden space 76800K, 0% used [0x00000007b9c00000,0x00000007b9c00000,0x00000007be700000)
  from space 12800K, 100% used [0x00000007be700000,0x00000007bf380000,0x00000007bf380000)
  to   space 12800K, 0% used [0x00000007bf380000,0x00000007bf380000,0x00000007c0000000)
 ParOldGen       total 382464K, used 156856K [0x00000006c1800000, 0x00000006d8d80000, 0x00000007b9c00000)
  object space 382464K, 41% used [0x00000006c1800000,0x00000006cb12e000,0x00000006d8d80000)
 Metaspace       used 2707K, capacity 4486K, committed 4864K, reserved 1056768K
  class space    used 302K, capacity 386K, committed 512K, reserved 1048576K
}
{Heap before GC invocations=176 (full 14):
 PSYoungGen      total 89600K, used 89600K [0x00000007b9c00000, 0x00000007c0000000, 0x00000007c0000000)
  eden space 76800K, 100% used [0x00000007b9c00000,0x00000007be700000,0x00000007be700000)
  from space 12800K, 100% used [0x00000007be700000,0x00000007bf380000,0x00000007bf380000)
  to   space 12800K, 0% used [0x00000007bf380000,0x00000007bf380000,0x00000007c0000000)
 ParOldGen       total 382464K, used 156856K [0x00000006c1800000, 0x00000006d8d80000, 0x00000007b9c00000)
  object space 382464K, 41% used [0x00000006c1800000,0x00000006cb12e000,0x00000006d8d80000)
 Metaspace       used 2707K, capacity 4486K, committed 4864K, reserved 1056768K
  class space    used 302K, capacity 386K, committed 512K, reserved 1048576K
Heap after GC invocations=176 (full 14):
 PSYoungGen      total 89600K, used 12800K [0x00000007b9c00000, 0x00000007c0000000, 0x00000007c0000000)
  eden space 76800K, 0% used [0x00000007b9c00000,0x00000007b9c00000,0x00000007be700000)
  from space 12800K, 100% used [0x00000007bf380000,0x00000007c0000000,0x00000007c0000000)
  to   space 12800K, 0% used [0x00000007be700000,0x00000007be700000,0x00000007bf380000)
 ParOldGen       total 382464K, used 177024K [0x00000006c1800000, 0x00000006d8d80000, 0x00000007b9c00000)
  object space 382464K, 46% used [0x00000006c1800000,0x00000006cc4e0000,0x00000006d8d80000)
 Metaspace       used 2707K, capacity 4486K, committed 4864K, reserved 1056768K
  class space    used 302K, capacity 386K, committed 512K, reserved 1048576K
}
{Heap before GC invocations=177 (full 14):
 PSYoungGen      total 89600K, used 89600K [0x00000007b9c00000, 0x00000007c0000000, 0x00000007c0000000)
  eden space 76800K, 100% used [0x00000007b9c00000,0x00000007be700000,0x00000007be700000)
  from space 12800K, 100% used [0x00000007bf380000,0x00000007c0000000,0x00000007c0000000)
  to   space 12800K, 0% used [0x00000007be700000,0x00000007be700000,0x00000007bf380000)
 ParOldGen       total 382464K, used 177024K [0x00000006c1800000, 0x00000006d8d80000, 0x00000007b9c00000)
  object space 382464K, 46% used [0x00000006c1800000,0x00000006cc4e0000,0x00000006d8d80000)
 Metaspace       used 2707K, capacity 4486K, committed 4864K, reserved 1056768K
  class space    used 302K, capacity 386K, committed 512K, reserved 1048576K
Heap after GC invocations=177 (full 14):
 PSYoungGen      total 89600K, used 12800K [0x00000007b9c00000, 0x00000007c0000000, 0x00000007c0000000)
  eden space 76800K, 0% used [0x00000007b9c00000,0x00000007b9c00000,0x00000007be700000)
  from space 12800K, 100% used [0x00000007be700000,0x00000007bf380000,0x00000007bf380000)
  to   space 12800K, 0% used [0x00000007bf380000,0x00000007bf380000,0x00000007c0000000)
 ParOldGen       total 382464K, used 197184K [0x00000006c1800000, 0x00000006d8d80000, 0x00000007b9c00000)
  object space 382464K, 51% used [0x00000006c1800000,0x00000006cd890000,0x00000006d8d80000)
 Metaspace       used 2707K, capacity 4486K, committed 4864K, reserved 1056768K
  class space    used 302K, capacity 386K, committed 512K, reserved 1048576K
}
{Heap before GC invocations=178 (full 14):
 PSYoungGen      total 89600K, used 89600K [0x00000007b9c00000, 0x00000007c0000000, 0x00000007c0000000)
  eden space 76800K, 100% used [0x00000007b9c00000,0x00000007be700000,0x00000007be700000)
  from space 12800K, 100% used [0x00000007be700000,0x00000007bf380000,0x00000007bf380000)
  to   space 12800K, 0% used [0x00000007bf380000,0x00000007bf380000,0x00000007c0000000)
 ParOldGen       total 382464K, used 197184K [0x00000006c1800000, 0x00000006d8d80000, 0x00000007b9c00000)
  object space 382464K, 51% used [0x00000006c1800000,0x00000006cd890000,0x00000006d8d80000)
 Metaspace       used 2707K, capacity 4486K, committed 4864K, reserved 1056768K
  class space    used 302K, capacity 386K, committed 512K, reserved 1048576K
Heap after GC invocations=178 (full 14):
 PSYoungGen      total 89600K, used 12800K [0x00000007b9c00000, 0x00000007c0000000, 0x00000007c0000000)
  eden space 76800K, 0% used [0x00000007b9c00000,0x00000007b9c00000,0x00000007be700000)
  from space 12800K, 100% used [0x00000007bf380000,0x00000007c0000000,0x00000007c0000000)
  to   space 12800K, 0% used [0x00000007be700000,0x00000007be700000,0x00000007bf380000)
 ParOldGen       total 382464K, used 217352K [0x00000006c1800000, 0x00000006d8d80000, 0x00000007b9c00000)
  object space 382464K, 56% used [0x00000006c1800000,0x00000006cec42000,0x00000006d8d80000)
 Metaspace       used 2707K, capacity 4486K, committed 4864K, reserved 1056768K
  class space    used 302K, capacity 386K, committed 512K, reserved 1048576K
}
{Heap before GC invocations=179 (full 14):
 PSYoungGen      total 89600K, used 89600K [0x00000007b9c00000, 0x00000007c0000000, 0x00000007c0000000)
  eden space 76800K, 100% used [0x00000007b9c00000,0x00000007be700000,0x00000007be700000)
  from space 12800K, 100% used [0x00000007bf380000,0x00000007c0000000,0x00000007c0000000)
  to   space 12800K, 0% used [0x00000007be700000,0x00000007be700000,0x00000007bf380000)
 ParOldGen       total 382464K, used 217352K [0x00000006c1800000, 0x00000006d8d80000, 0x00000007b9c00000)
  object space 382464K, 56% used [0x00000006c1800000,0x00000006cec42000,0x00000006d8d80000)
 Metaspace       used 2707K, capacity 4486K, committed 4864K, reserved 1056768K
  class space    used 302K, capacity 386K, committed 512K, reserved 1048576K
Heap after GC invocations=179 (full 14):
 PSYoungGen      total 89600K, used 12800K [0x00000007b9c00000, 0x00000007c0000000, 0x00000007c0000000)
  eden space 76800K, 0% used [0x00000007b9c00000,0x00000007b9c00000,0x00000007be700000)
  from space 12800K, 100% used [0x00000007be700000,0x00000007bf380000,0x00000007bf380000)
  to   space 12800K, 0% used [0x00000007bf380000,0x00000007bf380000,0x00000007c0000000)
 ParOldGen       total 382464K, used 237520K [0x00000006c1800000, 0x00000006d8d80000, 0x00000007b9c00000)
  object space 382464K, 62% used [0x00000006c1800000,0x00000006cfff4000,0x00000006d8d80000)
 Metaspace       used 2707K, capacity 4486K, committed 4864K, reserved 1056768K
  class space    used 302K, capacity 386K, committed 512K, reserved 1048576K
}
{Heap before GC invocations=180 (full 14):
 PSYoungGen      total 89600K, used 89600K [0x00000007b9c00000, 0x00000007c0000000, 0x00000007c0000000)
  eden space 76800K, 100% used [0x00000007b9c00000,0x00000007be700000,0x00000007be700000)
  from space 12800K, 100% used [0x00000007be700000,0x00000007bf380000,0x00000007bf380000)
  to   space 12800K, 0% used [0x00000007bf380000,0x00000007bf380000,0x00000007c0000000)
 ParOldGen       total 382464K, used 237520K [0x00000006c1800000, 0x00000006d8d80000, 0x00000007b9c00000)
  object space 382464K, 62% used [0x00000006c1800000,0x00000006cfff4000,0x00000006d8d80000)
 Metaspace       used 2707K, capacity 4486K, committed 4864K, reserved 1056768K
  class space    used 302K, capacity 386K, committed 512K, reserved 1048576K
Heap after GC invocations=180 (full 14):
 PSYoungGen      total 89600K, used 12800K [0x00000007b9c00000, 0x00000007c0000000, 0x00000007c0000000)
  eden space 76800K, 0% used [0x00000007b9c00000,0x00000007b9c00000,0x00000007be700000)
  from space 12800K, 100% used [0x00000007bf380000,0x00000007c0000000,0x00000007c0000000)
  to   space 12800K, 0% used [0x00000007be700000,0x00000007be700000,0x00000007bf380000)
 ParOldGen       total 382464K, used 257680K [0x00000006c1800000, 0x00000006d8d80000, 0x00000007b9c00000)
  object space 382464K, 67% used [0x00000006c1800000,0x00000006d13a4000,0x00000006d8d80000)
 Metaspace       used 2707K, capacity 4486K, committed 4864K, reserved 1056768K
  class space    used 302K, capacity 386K, committed 512K, reserved 1048576K
}
{Heap before GC invocations=181 (full 14):
 PSYoungGen      total 89600K, used 89600K [0x00000007b9c00000, 0x00000007c0000000, 0x00000007c0000000)
  eden space 76800K, 100% used [0x00000007b9c00000,0x00000007be700000,0x00000007be700000)
  from space 12800K, 100% used [0x00000007bf380000,0x00000007c0000000,0x00000007c0000000)
  to   space 12800K, 0% used [0x00000007be700000,0x00000007be700000,0x00000007bf380000)
 ParOldGen       total 382464K, used 257680K [0x00000006c1800000, 0x00000006d8d80000, 0x00000007b9c00000)
  object space 382464K, 67% used [0x00000006c1800000,0x00000006d13a4000,0x00000006d8d80000)
 Metaspace       used 2707K, capacity 4486K, committed 4864K, reserved 1056768K
  class space    used 302K, capacity 386K, committed 512K, reserved 1048576K
Heap after GC invocations=181 (full 14):
 PSYoungGen      total 89600K, used 12800K [0x00000007b9c00000, 0x00000007c0000000, 0x00000007c0000000)
  eden space 76800K, 0% used [0x00000007b9c00000,0x00000007b9c00000,0x00000007be700000)
  from space 12800K, 100% used [0x00000007be700000,0x00000007bf380000,0x00000007bf380000)
  to   space 12800K, 0% used [0x00000007bf380000,0x00000007bf380000,0x00000007c0000000)
 ParOldGen       total 382464K, used 277840K [0x00000006c1800000, 0x00000006d8d80000, 0x00000007b9c00000)
  object space 382464K, 72% used [0x00000006c1800000,0x00000006d2754000,0x00000006d8d80000)
 Metaspace       used 2707K, capacity 4486K, committed 4864K, reserved 1056768K
  class space    used 302K, capacity 386K, committed 512K, reserved 1048576K
}
{Heap before GC invocations=182 (full 14):
 PSYoungGen      total 89600K, used 89600K [0x00000007b9c00000, 0x00000007c0000000, 0x00000007c0000000)
  eden space 76800K, 100% used [0x00000007b9c00000,0x00000007be700000,0x00000007be700000)
  from space 12800K, 100% used [0x00000007be700000,0x00000007bf380000,0x00000007bf380000)
  to   space 12800K, 0% used [0x00000007bf380000,0x00000007bf380000,0x00000007c0000000)
 ParOldGen       total 382464K, used 277840K [0x00000006c1800000, 0x00000006d8d80000, 0x00000007b9c00000)
  object space 382464K, 72% used [0x00000006c1800000,0x00000006d2754000,0x00000006d8d80000)
 Metaspace       used 2707K, capacity 4486K, committed 4864K, reserved 1056768K
  class space    used 302K, capacity 386K, committed 512K, reserved 1048576K
Heap after GC invocations=182 (full 14):
 PSYoungGen      total 89600K, used 12800K [0x00000007b9c00000, 0x00000007c0000000, 0x00000007c0000000)
  eden space 76800K, 0% used [0x00000007b9c00000,0x00000007b9c00000,0x00000007be700000)
  from space 12800K, 100% used [0x00000007bf380000,0x00000007c0000000,0x00000007c0000000)
  to   space 12800K, 0% used [0x00000007be700000,0x00000007be700000,0x00000007bf380000)
 ParOldGen       total 382464K, used 298000K [0x00000006c1800000, 0x00000006d8d80000, 0x00000007b9c00000)
  object space 382464K, 77% used [0x00000006c1800000,0x00000006d3b04000,0x00000006d8d80000)
 Metaspace       used 2707K, capacity 4486K, committed 4864K, reserved 1056768K
  class space    used 302K, capacity 386K, committed 512K, reserved 1048576K
}
{Heap before GC invocations=183 (full 14):
 PSYoungGen      total 89600K, used 89600K [0x00000007b9c00000, 0x00000007c0000000, 0x00000007c0000000)
  eden space 76800K, 100% used [0x00000007b9c00000,0x00000007be700000,0x00000007be700000)
  from space 12800K, 100% used [0x00000007bf380000,0x00000007c0000000,0x00000007c0000000)
  to   space 12800K, 0% used [0x00000007be700000,0x00000007be700000,0x00000007bf380000)
 ParOldGen       total 382464K, used 298000K [0x00000006c1800000, 0x00000006d8d80000, 0x00000007b9c00000)
  object space 382464K, 77% used [0x00000006c1800000,0x00000006d3b04000,0x00000006d8d80000)
 Metaspace       used 2707K, capacity 4486K, committed 4864K, reserved 1056768K
  class space    used 302K, capacity 386K, committed 512K, reserved 1048576K
Heap after GC invocations=183 (full 14):
 PSYoungGen      total 89600K, used 12800K [0x00000007b9c00000, 0x00000007c0000000, 0x00000007c0000000)
  eden space 76800K, 0% used [0x00000007b9c00000,0x00000007b9c00000,0x00000007be700000)
  from space 12800K, 100% used [0x00000007be700000,0x00000007bf380000,0x00000007bf380000)
  to   space 12800K, 0% used [0x00000007bf380000,0x00000007bf380000,0x00000007c0000000)
 ParOldGen       total 382464K, used 318168K [0x00000006c1800000, 0x00000006d8d80000, 0x00000007b9c00000)
  object space 382464K, 83% used [0x00000006c1800000,0x00000006d4eb6000,0x00000006d8d80000)
 Metaspace       used 2707K, capacity 4486K, committed 4864K, reserved 1056768K
  class space    used 302K, capacity 386K, committed 512K, reserved 1048576K
}
{Heap before GC invocations=184 (full 14):
 PSYoungGen      total 89600K, used 89600K [0x00000007b9c00000, 0x00000007c0000000, 0x00000007c0000000)
  eden space 76800K, 100% used [0x00000007b9c00000,0x00000007be700000,0x00000007be700000)
  from space 12800K, 100% used [0x00000007be700000,0x00000007bf380000,0x00000007bf380000)
  to   space 12800K, 0% used [0x00000007bf380000,0x00000007bf380000,0x00000007c0000000)
 ParOldGen       total 382464K, used 318168K [0x00000006c1800000, 0x00000006d8d80000, 0x00000007b9c00000)
  object space 382464K, 83% used [0x00000006c1800000,0x00000006d4eb6000,0x00000006d8d80000)
 Metaspace       used 2707K, capacity 4486K, committed 4864K, reserved 1056768K
  class space    used 302K, capacity 386K, committed 512K, reserved 1048576K
Heap after GC invocations=184 (full 14):
 PSYoungGen      total 89600K, used 12800K [0x00000007b9c00000, 0x00000007c0000000, 0x00000007c0000000)
  eden space 76800K, 0% used [0x00000007b9c00000,0x00000007b9c00000,0x00000007be700000)
  from space 12800K, 100% used [0x00000007bf380000,0x00000007c0000000,0x00000007c0000000)
  to   space 12800K, 0% used [0x00000007be700000,0x00000007be700000,0x00000007bf380000)
 ParOldGen       total 382464K, used 338336K [0x00000006c1800000, 0x00000006d8d80000, 0x00000007b9c00000)
  object space 382464K, 88% used [0x00000006c1800000,0x00000006d6268000,0x00000006d8d80000)
 Metaspace       used 2707K, capacity 4486K, committed 4864K, reserved 1056768K
  class space    used 302K, capacity 386K, committed 512K, reserved 1048576K
}
{Heap before GC invocations=185 (full 14):
 PSYoungGen      total 89600K, used 89600K [0x00000007b9c00000, 0x00000007c0000000, 0x00000007c0000000)
  eden space 76800K, 100% used [0x00000007b9c00000,0x00000007be700000,0x00000007be700000)
  from space 12800K, 100% used [0x00000007bf380000,0x00000007c0000000,0x00000007c0000000)
  to   space 12800K, 0% used [0x00000007be700000,0x00000007be700000,0x00000007bf380000)
 ParOldGen       total 382464K, used 338336K [0x00000006c1800000, 0x00000006d8d80000, 0x00000007b9c00000)
  object space 382464K, 88% used [0x00000006c1800000,0x00000006d6268000,0x00000006d8d80000)
 Metaspace       used 2707K, capacity 4486K, committed 4864K, reserved 1056768K
  class space    used 302K, capacity 386K, committed 512K, reserved 1048576K
Heap after GC invocations=185 (full 14):
 PSYoungGen      total 89600K, used 12800K [0x00000007b9c00000, 0x00000007c0000000, 0x00000007c0000000)
  eden space 76800K, 0% used [0x00000007b9c00000,0x00000007b9c00000,0x00000007be700000)
  from space 12800K, 100% used [0x00000007be700000,0x00000007bf380000,0x00000007bf380000)
  to   space 12800K, 0% used [0x00000007bf380000,0x00000007bf380000,0x00000007c0000000)
 ParOldGen       total 382464K, used 358488K [0x00000006c1800000, 0x00000006d8d80000, 0x00000007b9c00000)
  object space 382464K, 93% used [0x00000006c1800000,0x00000006d7616000,0x00000006d8d80000)
 Metaspace       used 2707K, capacity 4486K, committed 4864K, reserved 1056768K
  class space    used 302K, capacity 386K, committed 512K, reserved 1048576K
}
{Heap before GC invocations=186 (full 14):
 PSYoungGen      total 89600K, used 89600K [0x00000007b9c00000, 0x00000007c0000000, 0x00000007c0000000)
  eden space 76800K, 100% used [0x00000007b9c00000,0x00000007be700000,0x00000007be700000)
  from space 12800K, 100% used [0x00000007be700000,0x00000007bf380000,0x00000007bf380000)
  to   space 12800K, 0% used [0x00000007bf380000,0x00000007bf380000,0x00000007c0000000)
 ParOldGen       total 382464K, used 358488K [0x00000006c1800000, 0x00000006d8d80000, 0x00000007b9c00000)
  object space 382464K, 93% used [0x00000006c1800000,0x00000006d7616000,0x00000006d8d80000)
 Metaspace       used 2707K, capacity 4486K, committed 4864K, reserved 1056768K
  class space    used 302K, capacity 386K, committed 512K, reserved 1048576K
Heap after GC invocations=186 (full 14):
 PSYoungGen      total 89600K, used 12800K [0x00000007b9c00000, 0x00000007c0000000, 0x00000007c0000000)
  eden space 76800K, 0% used [0x00000007b9c00000,0x00000007b9c00000,0x00000007be700000)
  from space 12800K, 100% used [0x00000007bf380000,0x00000007c0000000,0x00000007c0000000)
  to   space 12800K, 0% used [0x00000007be700000,0x00000007be700000,0x00000007bf380000)
 ParOldGen       total 382464K, used 378648K [0x00000006c1800000, 0x00000006d8d80000, 0x00000007b9c00000)
  object space 382464K, 99% used [0x00000006c1800000,0x00000006d89c6000,0x00000006d8d80000)
 Metaspace       used 2707K, capacity 4486K, committed 4864K, reserved 1056768K
  class space    used 302K, capacity 386K, committed 512K, reserved 1048576K
}
{Heap before GC invocations=187 (full 15):
 PSYoungGen      total 89600K, used 12800K [0x00000007b9c00000, 0x00000007c0000000, 0x00000007c0000000)
  eden space 76800K, 0% used [0x00000007b9c00000,0x00000007b9c00000,0x00000007be700000)
  from space 12800K, 100% used [0x00000007bf380000,0x00000007c0000000,0x00000007c0000000)
  to   space 12800K, 0% used [0x00000007be700000,0x00000007be700000,0x00000007bf380000)
 ParOldGen       total 382464K, used 378648K [0x00000006c1800000, 0x00000006d8d80000, 0x00000007b9c00000)
  object space 382464K, 99% used [0x00000006c1800000,0x00000006d89c6000,0x00000006d8d80000)
 Metaspace       used 2707K, capacity 4486K, committed 4864K, reserved 1056768K
  class space    used 302K, capacity 386K, committed 512K, reserved 1048576K
Heap after GC invocations=187 (full 15):
 PSYoungGen      total 89600K, used 0K [0x00000007b9c00000, 0x00000007c0000000, 0x00000007c0000000)
  eden space 76800K, 0% used [0x00000007b9c00000,0x00000007b9c00000,0x00000007be700000)
  from space 12800K, 0% used [0x00000007bf380000,0x00000007bf380000,0x00000007c0000000)
  to   space 12800K, 0% used [0x00000007be700000,0x00000007be700000,0x00000007bf380000)
 ParOldGen       total 393216K, used 35840K [0x00000006c1800000, 0x00000006d9800000, 0x00000007b9c00000)
  object space 393216K, 9% used [0x00000006c1800000,0x00000006c3b00000,0x00000006d9800000)
 Metaspace       used 2707K, capacity 4486K, committed 4864K, reserved 1056768K
  class space    used 302K, capacity 386K, committed 512K, reserved 1048576K
}
{Heap before GC invocations=188 (full 15):
 PSYoungGen      total 89600K, used 76800K [0x00000007b9c00000, 0x00000007c0000000, 0x00000007c0000000)
  eden space 76800K, 100% used [0x00000007b9c00000,0x00000007be700000,0x00000007be700000)
  from space 12800K, 0% used [0x00000007bf380000,0x00000007bf380000,0x00000007c0000000)
  to   space 12800K, 0% used [0x00000007be700000,0x00000007be700000,0x00000007bf380000)
 ParOldGen       total 393216K, used 35840K [0x00000006c1800000, 0x00000006d9800000, 0x00000007b9c00000)
  object space 393216K, 9% used [0x00000006c1800000,0x00000006c3b00000,0x00000006d9800000)
 Metaspace       used 2707K, capacity 4486K, committed 4864K, reserved 1056768K
  class space    used 302K, capacity 386K, committed 512K, reserved 1048576K
Heap after GC invocations=188 (full 15):
 PSYoungGen      total 89600K, used 12800K [0x00000007b9c00000, 0x00000007c0000000, 0x00000007c0000000)
  eden space 76800K, 0% used [0x00000007b9c00000,0x00000007b9c00000,0x00000007be700000)
  from space 12800K, 100% used [0x00000007be700000,0x00000007bf380000,0x00000007bf380000)
  to   space 12800K, 0% used [0x00000007bf380000,0x00000007bf380000,0x00000007c0000000)
 ParOldGen       total 393216K, used 55992K [0x00000006c1800000, 0x00000006d9800000, 0x00000007b9c00000)
  object space 393216K, 14% used [0x00000006c1800000,0x00000006c4eae000,0x00000006d9800000)
 Metaspace       used 2707K, capacity 4486K, committed 4864K, reserved 1056768K
  class space    used 302K, capacity 386K, committed 512K, reserved 1048576K
}
{Heap before GC invocations=189 (full 15):
 PSYoungGen      total 89600K, used 89600K [0x00000007b9c00000, 0x00000007c0000000, 0x00000007c0000000)
  eden space 76800K, 100% used [0x00000007b9c00000,0x00000007be700000,0x00000007be700000)
  from space 12800K, 100% used [0x00000007be700000,0x00000007bf380000,0x00000007bf380000)
  to   space 12800K, 0% used [0x00000007bf380000,0x00000007bf380000,0x00000007c0000000)
 ParOldGen       total 393216K, used 55992K [0x00000006c1800000, 0x00000006d9800000, 0x00000007b9c00000)
  object space 393216K, 14% used [0x00000006c1800000,0x00000006c4eae000,0x00000006d9800000)
 Metaspace       used 2707K, capacity 4486K, committed 4864K, reserved 1056768K
  class space    used 302K, capacity 386K, committed 512K, reserved 1048576K
Heap after GC invocations=189 (full 15):
 PSYoungGen      total 89600K, used 12800K [0x00000007b9c00000, 0x00000007c0000000, 0x00000007c0000000)
  eden space 76800K, 0% used [0x00000007b9c00000,0x00000007b9c00000,0x00000007be700000)
  from space 12800K, 100% used [0x00000007bf380000,0x00000007c0000000,0x00000007c0000000)
  to   space 12800K, 0% used [0x00000007be700000,0x00000007be700000,0x00000007bf380000)
 ParOldGen       total 393216K, used 76152K [0x00000006c1800000, 0x00000006d9800000, 0x00000007b9c00000)
  object space 393216K, 19% used [0x00000006c1800000,0x00000006c625e000,0x00000006d9800000)
 Metaspace       used 2707K, capacity 4486K, committed 4864K, reserved 1056768K
  class space    used 302K, capacity 386K, committed 512K, reserved 1048576K
}
{Heap before GC invocations=190 (full 15):
 PSYoungGen      total 89600K, used 89600K [0x00000007b9c00000, 0x00000007c0000000, 0x00000007c0000000)
  eden space 76800K, 100% used [0x00000007b9c00000,0x00000007be700000,0x00000007be700000)
  from space 12800K, 100% used [0x00000007bf380000,0x00000007c0000000,0x00000007c0000000)
  to   space 12800K, 0% used [0x00000007be700000,0x00000007be700000,0x00000007bf380000)
 ParOldGen       total 393216K, used 76152K [0x00000006c1800000, 0x00000006d9800000, 0x00000007b9c00000)
  object space 393216K, 19% used [0x00000006c1800000,0x00000006c625e000,0x00000006d9800000)
 Metaspace       used 2707K, capacity 4486K, committed 4864K, reserved 1056768K
  class space    used 302K, capacity 386K, committed 512K, reserved 1048576K
Heap after GC invocations=190 (full 15):
 PSYoungGen      total 89600K, used 12800K [0x00000007b9c00000, 0x00000007c0000000, 0x00000007c0000000)
  eden space 76800K, 0% used [0x00000007b9c00000,0x00000007b9c00000,0x00000007be700000)
  from space 12800K, 100% used [0x00000007be700000,0x00000007bf380000,0x00000007bf380000)
  to   space 12800K, 0% used [0x00000007bf380000,0x00000007bf380000,0x00000007c0000000)
 ParOldGen       total 393216K, used 96312K [0x00000006c1800000, 0x00000006d9800000, 0x00000007b9c00000)
  object space 393216K, 24% used [0x00000006c1800000,0x00000006c760e000,0x00000006d9800000)
 Metaspace       used 2707K, capacity 4486K, committed 4864K, reserved 1056768K
  class space    used 302K, capacity 386K, committed 512K, reserved 1048576K
}
{Heap before GC invocations=191 (full 15):
 PSYoungGen      total 89600K, used 89600K [0x00000007b9c00000, 0x00000007c0000000, 0x00000007c0000000)
  eden space 76800K, 100% used [0x00000007b9c00000,0x00000007be700000,0x00000007be700000)
  from space 12800K, 100% used [0x00000007be700000,0x00000007bf380000,0x00000007bf380000)
  to   space 12800K, 0% used [0x00000007bf380000,0x00000007bf380000,0x00000007c0000000)
 ParOldGen       total 393216K, used 96312K [0x00000006c1800000, 0x00000006d9800000, 0x00000007b9c00000)
  object space 393216K, 24% used [0x00000006c1800000,0x00000006c760e000,0x00000006d9800000)
 Metaspace       used 2707K, capacity 4486K, committed 4864K, reserved 1056768K
  class space    used 302K, capacity 386K, committed 512K, reserved 1048576K
Heap after GC invocations=191 (full 15):
 PSYoungGen      total 89600K, used 12800K [0x00000007b9c00000, 0x00000007c0000000, 0x00000007c0000000)
  eden space 76800K, 0% used [0x00000007b9c00000,0x00000007b9c00000,0x00000007be700000)
  from space 12800K, 100% used [0x00000007bf380000,0x00000007c0000000,0x00000007c0000000)
  to   space 12800K, 0% used [0x00000007be700000,0x00000007be700000,0x00000007bf380000)
 ParOldGen       total 393216K, used 116496K [0x00000006c1800000, 0x00000006d9800000, 0x00000007b9c00000)
  object space 393216K, 29% used [0x00000006c1800000,0x00000006c89c4000,0x00000006d9800000)
 Metaspace       used 2707K, capacity 4486K, committed 4864K, reserved 1056768K
  class space    used 302K, capacity 386K, committed 512K, reserved 1048576K
}
{Heap before GC invocations=192 (full 15):
 PSYoungGen      total 89600K, used 89600K [0x00000007b9c00000, 0x00000007c0000000, 0x00000007c0000000)
  eden space 76800K, 100% used [0x00000007b9c00000,0x00000007be700000,0x00000007be700000)
  from space 12800K, 100% used [0x00000007bf380000,0x00000007c0000000,0x00000007c0000000)
  to   space 12800K, 0% used [0x00000007be700000,0x00000007be700000,0x00000007bf380000)
 ParOldGen       total 393216K, used 116496K [0x00000006c1800000, 0x00000006d9800000, 0x00000007b9c00000)
  object space 393216K, 29% used [0x00000006c1800000,0x00000006c89c4000,0x00000006d9800000)
 Metaspace       used 2707K, capacity 4486K, committed 4864K, reserved 1056768K
  class space    used 302K, capacity 386K, committed 512K, reserved 1048576K
Heap after GC invocations=192 (full 15):
 PSYoungGen      total 89600K, used 12800K [0x00000007b9c00000, 0x00000007c0000000, 0x00000007c0000000)
  eden space 76800K, 0% used [0x00000007b9c00000,0x00000007b9c00000,0x00000007be700000)
  from space 12800K, 100% used [0x00000007be700000,0x00000007bf380000,0x00000007bf380000)
  to   space 12800K, 0% used [0x00000007bf380000,0x00000007bf380000,0x00000007c0000000)
 ParOldGen       total 393216K, used 136672K [0x00000006c1800000, 0x00000006d9800000, 0x00000007b9c00000)
  object space 393216K, 34% used [0x00000006c1800000,0x00000006c9d78000,0x00000006d9800000)
 Metaspace       used 2707K, capacity 4486K, committed 4864K, reserved 1056768K
  class space    used 302K, capacity 386K, committed 512K, reserved 1048576K
}
{Heap before GC invocations=193 (full 15):
 PSYoungGen      total 89600K, used 89600K [0x00000007b9c00000, 0x00000007c0000000, 0x00000007c0000000)
  eden space 76800K, 100% used [0x00000007b9c00000,0x00000007be700000,0x00000007be700000)
  from space 12800K, 100% used [0x00000007be700000,0x00000007bf380000,0x00000007bf380000)
  to   space 12800K, 0% used [0x00000007bf380000,0x00000007bf380000,0x00000007c0000000)
 ParOldGen       total 393216K, used 136672K [0x00000006c1800000, 0x00000006d9800000, 0x00000007b9c00000)
  object space 393216K, 34% used [0x00000006c1800000,0x00000006c9d78000,0x00000006d9800000)
 Metaspace       used 2707K, capacity 4486K, committed 4864K, reserved 1056768K
  class space    used 302K, capacity 386K, committed 512K, reserved 1048576K
Heap after GC invocations=193 (full 15):
 PSYoungGen      total 89600K, used 12800K [0x00000007b9c00000, 0x00000007c0000000, 0x00000007c0000000)
  eden space 76800K, 0% used [0x00000007b9c00000,0x00000007b9c00000,0x00000007be700000)
  from space 12800K, 100% used [0x00000007bf380000,0x00000007c0000000,0x00000007c0000000)
  to   space 12800K, 0% used [0x00000007be700000,0x00000007be700000,0x00000007bf380000)
 ParOldGen       total 393216K, used 156840K [0x00000006c1800000, 0x00000006d9800000, 0x00000007b9c00000)
  object space 393216K, 39% used [0x00000006c1800000,0x00000006cb12a000,0x00000006d9800000)
 Metaspace       used 2707K, capacity 4486K, committed 4864K, reserved 1056768K
  class space    used 302K, capacity 386K, committed 512K, reserved 1048576K
}
{Heap before GC invocations=194 (full 15):
 PSYoungGen      total 89600K, used 89600K [0x00000007b9c00000, 0x00000007c0000000, 0x00000007c0000000)
  eden space 76800K, 100% used [0x00000007b9c00000,0x00000007be700000,0x00000007be700000)
  from space 12800K, 100% used [0x00000007bf380000,0x00000007c0000000,0x00000007c0000000)
  to   space 12800K, 0% used [0x00000007be700000,0x00000007be700000,0x00000007bf380000)
 ParOldGen       total 393216K, used 156840K [0x00000006c1800000, 0x00000006d9800000, 0x00000007b9c00000)
  object space 393216K, 39% used [0x00000006c1800000,0x00000006cb12a000,0x00000006d9800000)
 Metaspace       used 2707K, capacity 4486K, committed 4864K, reserved 1056768K
  class space    used 302K, capacity 386K, committed 512K, reserved 1048576K
Heap after GC invocations=194 (full 15):
 PSYoungGen      total 89600K, used 12800K [0x00000007b9c00000, 0x00000007c0000000, 0x00000007c0000000)
  eden space 76800K, 0% used [0x00000007b9c00000,0x00000007b9c00000,0x00000007be700000)
  from space 12800K, 100% used [0x00000007be700000,0x00000007bf380000,0x00000007bf380000)
  to   space 12800K, 0% used [0x00000007bf380000,0x00000007bf380000,0x00000007c0000000)
 ParOldGen       total 393216K, used 177016K [0x00000006c1800000, 0x00000006d9800000, 0x00000007b9c00000)
  object space 393216K, 45% used [0x00000006c1800000,0x00000006cc4de000,0x00000006d9800000)
 Metaspace       used 2707K, capacity 4486K, committed 4864K, reserved 1056768K
  class space    used 302K, capacity 386K, committed 512K, reserved 1048576K
}
{Heap before GC invocations=195 (full 15):
 PSYoungGen      total 89600K, used 89600K [0x00000007b9c00000, 0x00000007c0000000, 0x00000007c0000000)
  eden space 76800K, 100% used [0x00000007b9c00000,0x00000007be700000,0x00000007be700000)
  from space 12800K, 100% used [0x00000007be700000,0x00000007bf380000,0x00000007bf380000)
  to   space 12800K, 0% used [0x00000007bf380000,0x00000007bf380000,0x00000007c0000000)
 ParOldGen       total 393216K, used 177016K [0x00000006c1800000, 0x00000006d9800000, 0x00000007b9c00000)
  object space 393216K, 45% used [0x00000006c1800000,0x00000006cc4de000,0x00000006d9800000)
 Metaspace       used 2707K, capacity 4486K, committed 4864K, reserved 1056768K
  class space    used 302K, capacity 386K, committed 512K, reserved 1048576K
Heap after GC invocations=195 (full 15):
 PSYoungGen      total 89600K, used 12800K [0x00000007b9c00000, 0x00000007c0000000, 0x00000007c0000000)
  eden space 76800K, 0% used [0x00000007b9c00000,0x00000007b9c00000,0x00000007be700000)
  from space 12800K, 100% used [0x00000007bf380000,0x00000007c0000000,0x00000007c0000000)
  to   space 12800K, 0% used [0x00000007be700000,0x00000007be700000,0x00000007bf380000)
 ParOldGen       total 393216K, used 197176K [0x00000006c1800000, 0x00000006d9800000, 0x00000007b9c00000)
  object space 393216K, 50% used [0x00000006c1800000,0x00000006cd88e000,0x00000006d9800000)
 Metaspace       used 2707K, capacity 4486K, committed 4864K, reserved 1056768K
  class space    used 302K, capacity 386K, committed 512K, reserved 1048576K
}
{Heap before GC invocations=196 (full 15):
 PSYoungGen      total 89600K, used 89600K [0x00000007b9c00000, 0x00000007c0000000, 0x00000007c0000000)
  eden space 76800K, 100% used [0x00000007b9c00000,0x00000007be700000,0x00000007be700000)
  from space 12800K, 100% used [0x00000007bf380000,0x00000007c0000000,0x00000007c0000000)
  to   space 12800K, 0% used [0x00000007be700000,0x00000007be700000,0x00000007bf380000)
 ParOldGen       total 393216K, used 197176K [0x00000006c1800000, 0x00000006d9800000, 0x00000007b9c00000)
  object space 393216K, 50% used [0x00000006c1800000,0x00000006cd88e000,0x00000006d9800000)
 Metaspace       used 2707K, capacity 4486K, committed 4864K, reserved 1056768K
  class space    used 302K, capacity 386K, committed 512K, reserved 1048576K
Heap after GC invocations=196 (full 15):
 PSYoungGen      total 89600K, used 12800K [0x00000007b9c00000, 0x00000007c0000000, 0x00000007c0000000)
  eden space 76800K, 0% used [0x00000007b9c00000,0x00000007b9c00000,0x00000007be700000)
  from space 12800K, 100% used [0x00000007be700000,0x00000007bf380000,0x00000007bf380000)
  to   space 12800K, 0% used [0x00000007bf380000,0x00000007bf380000,0x00000007c0000000)
 ParOldGen       total 393216K, used 217344K [0x00000006c1800000, 0x00000006d9800000, 0x00000007b9c00000)
  object space 393216K, 55% used [0x00000006c1800000,0x00000006cec40000,0x00000006d9800000)
 Metaspace       used 2707K, capacity 4486K, committed 4864K, reserved 1056768K
  class space    used 302K, capacity 386K, committed 512K, reserved 1048576K
}
{Heap before GC invocations=197 (full 15):
 PSYoungGen      total 89600K, used 89600K [0x00000007b9c00000, 0x00000007c0000000, 0x00000007c0000000)
  eden space 76800K, 100% used [0x00000007b9c00000,0x00000007be700000,0x00000007be700000)
  from space 12800K, 100% used [0x00000007be700000,0x00000007bf380000,0x00000007bf380000)
  to   space 12800K, 0% used [0x00000007bf380000,0x00000007bf380000,0x00000007c0000000)
 ParOldGen       total 393216K, used 217344K [0x00000006c1800000, 0x00000006d9800000, 0x00000007b9c00000)
  object space 393216K, 55% used [0x00000006c1800000,0x00000006cec40000,0x00000006d9800000)
 Metaspace       used 2707K, capacity 4486K, committed 4864K, reserved 1056768K
  class space    used 302K, capacity 386K, committed 512K, reserved 1048576K
Heap after GC invocations=197 (full 15):
 PSYoungGen      total 89600K, used 12800K [0x00000007b9c00000, 0x00000007c0000000, 0x00000007c0000000)
  eden space 76800K, 0% used [0x00000007b9c00000,0x00000007b9c00000,0x00000007be700000)
  from space 12800K, 100% used [0x00000007bf380000,0x00000007c0000000,0x00000007c0000000)
  to   space 12800K, 0% used [0x00000007be700000,0x00000007be700000,0x00000007bf380000)
 ParOldGen       total 393216K, used 237512K [0x00000006c1800000, 0x00000006d9800000, 0x00000007b9c00000)
  object space 393216K, 60% used [0x00000006c1800000,0x00000006cfff2000,0x00000006d9800000)
 Metaspace       used 2707K, capacity 4486K, committed 4864K, reserved 1056768K
  class space    used 302K, capacity 386K, committed 512K, reserved 1048576K
}
{Heap before GC invocations=198 (full 15):
 PSYoungGen      total 89600K, used 89600K [0x00000007b9c00000, 0x00000007c0000000, 0x00000007c0000000)
  eden space 76800K, 100% used [0x00000007b9c00000,0x00000007be700000,0x00000007be700000)
  from space 12800K, 100% used [0x00000007bf380000,0x00000007c0000000,0x00000007c0000000)
  to   space 12800K, 0% used [0x00000007be700000,0x00000007be700000,0x00000007bf380000)
 ParOldGen       total 393216K, used 237512K [0x00000006c1800000, 0x00000006d9800000, 0x00000007b9c00000)
  object space 393216K, 60% used [0x00000006c1800000,0x00000006cfff2000,0x00000006d9800000)
 Metaspace       used 2707K, capacity 4486K, committed 4864K, reserved 1056768K
  class space    used 302K, capacity 386K, committed 512K, reserved 1048576K
Heap after GC invocations=198 (full 15):
 PSYoungGen      total 89600K, used 12800K [0x00000007b9c00000, 0x00000007c0000000, 0x00000007c0000000)
  eden space 76800K, 0% used [0x00000007b9c00000,0x00000007b9c00000,0x00000007be700000)
  from space 12800K, 100% used [0x00000007be700000,0x00000007bf380000,0x00000007bf380000)
  to   space 12800K, 0% used [0x00000007bf380000,0x00000007bf380000,0x00000007c0000000)
 ParOldGen       total 393216K, used 257672K [0x00000006c1800000, 0x00000006d9800000, 0x00000007b9c00000)
  object space 393216K, 65% used [0x00000006c1800000,0x00000006d13a2000,0x00000006d9800000)
 Metaspace       used 2707K, capacity 4486K, committed 4864K, reserved 1056768K
  class space    used 302K, capacity 386K, committed 512K, reserved 1048576K
}
{Heap before GC invocations=199 (full 15):
 PSYoungGen      total 89600K, used 89600K [0x00000007b9c00000, 0x00000007c0000000, 0x00000007c0000000)
  eden space 76800K, 100% used [0x00000007b9c00000,0x00000007be700000,0x00000007be700000)
  from space 12800K, 100% used [0x00000007be700000,0x00000007bf380000,0x00000007bf380000)
  to   space 12800K, 0% used [0x00000007bf380000,0x00000007bf380000,0x00000007c0000000)
 ParOldGen       total 393216K, used 257672K [0x00000006c1800000, 0x00000006d9800000, 0x00000007b9c00000)
  object space 393216K, 65% used [0x00000006c1800000,0x00000006d13a2000,0x00000006d9800000)
 Metaspace       used 2707K, capacity 4486K, committed 4864K, reserved 1056768K
  class space    used 302K, capacity 386K, committed 512K, reserved 1048576K
Heap after GC invocations=199 (full 15):
 PSYoungGen      total 89600K, used 12800K [0x00000007b9c00000, 0x00000007c0000000, 0x00000007c0000000)
  eden space 76800K, 0% used [0x00000007b9c00000,0x00000007b9c00000,0x00000007be700000)
  from space 12800K, 100% used [0x00000007bf380000,0x00000007c0000000,0x00000007c0000000)
  to   space 12800K, 0% used [0x00000007be700000,0x00000007be700000,0x00000007bf380000)
 ParOldGen       total 393216K, used 277840K [0x00000006c1800000, 0x00000006d9800000, 0x00000007b9c00000)
  object space 393216K, 70% used [0x00000006c1800000,0x00000006d2754000,0x00000006d9800000)
 Metaspace       used 2707K, capacity 4486K, committed 4864K, reserved 1056768K
  class space    used 302K, capacity 386K, committed 512K, reserved 1048576K
}
{Heap before GC invocations=200 (full 15):
 PSYoungGen      total 89600K, used 89600K [0x00000007b9c00000, 0x00000007c0000000, 0x00000007c0000000)
  eden space 76800K, 100% used [0x00000007b9c00000,0x00000007be700000,0x00000007be700000)
  from space 12800K, 100% used [0x00000007bf380000,0x00000007c0000000,0x00000007c0000000)
  to   space 12800K, 0% used [0x00000007be700000,0x00000007be700000,0x00000007bf380000)
 ParOldGen       total 393216K, used 277840K [0x00000006c1800000, 0x00000006d9800000, 0x00000007b9c00000)
  object space 393216K, 70% used [0x00000006c1800000,0x00000006d2754000,0x00000006d9800000)
 Metaspace       used 2707K, capacity 4486K, committed 4864K, reserved 1056768K
  class space    used 302K, capacity 386K, committed 512K, reserved 1048576K
Heap after GC invocations=200 (full 15):
 PSYoungGen      total 89600K, used 12800K [0x00000007b9c00000, 0x00000007c0000000, 0x00000007c0000000)
  eden space 76800K, 0% used [0x00000007b9c00000,0x00000007b9c00000,0x00000007be700000)
  from space 12800K, 100% used [0x00000007be700000,0x00000007bf380000,0x00000007bf380000)
  to   space 12800K, 0% used [0x00000007bf380000,0x00000007bf380000,0x00000007c0000000)
 ParOldGen       total 393216K, used 298008K [0x00000006c1800000, 0x00000006d9800000, 0x00000007b9c00000)
  object space 393216K, 75% used [0x00000006c1800000,0x00000006d3b06000,0x00000006d9800000)
 Metaspace       used 2707K, capacity 4486K, committed 4864K, reserved 1056768K
  class space    used 302K, capacity 386K, committed 512K, reserved 1048576K
}
{Heap before GC invocations=201 (full 15):
 PSYoungGen      total 89600K, used 89600K [0x00000007b9c00000, 0x00000007c0000000, 0x00000007c0000000)
  eden space 76800K, 100% used [0x00000007b9c00000,0x00000007be700000,0x00000007be700000)
  from space 12800K, 100% used [0x00000007be700000,0x00000007bf380000,0x00000007bf380000)
  to   space 12800K, 0% used [0x00000007bf380000,0x00000007bf380000,0x00000007c0000000)
 ParOldGen       total 393216K, used 298008K [0x00000006c1800000, 0x00000006d9800000, 0x00000007b9c00000)
  object space 393216K, 75% used [0x00000006c1800000,0x00000006d3b06000,0x00000006d9800000)
 Metaspace       used 2707K, capacity 4486K, committed 4864K, reserved 1056768K
  class space    used 302K, capacity 386K, committed 512K, reserved 1048576K
Heap after GC invocations=201 (full 15):
 PSYoungGen      total 89600K, used 12800K [0x00000007b9c00000, 0x00000007c0000000, 0x00000007c0000000)
  eden space 76800K, 0% used [0x00000007b9c00000,0x00000007b9c00000,0x00000007be700000)
  from space 12800K, 100% used [0x00000007bf380000,0x00000007c0000000,0x00000007c0000000)
  to   space 12800K, 0% used [0x00000007be700000,0x00000007be700000,0x00000007bf380000)
 ParOldGen       total 393216K, used 318168K [0x00000006c1800000, 0x00000006d9800000, 0x00000007b9c00000)
  object space 393216K, 80% used [0x00000006c1800000,0x00000006d4eb6000,0x00000006d9800000)
 Metaspace       used 2707K, capacity 4486K, committed 4864K, reserved 1056768K
  class space    used 302K, capacity 386K, committed 512K, reserved 1048576K
}
{Heap before GC invocations=202 (full 15):
 PSYoungGen      total 89600K, used 89600K [0x00000007b9c00000, 0x00000007c0000000, 0x00000007c0000000)
  eden space 76800K, 100% used [0x00000007b9c00000,0x00000007be700000,0x00000007be700000)
  from space 12800K, 100% used [0x00000007bf380000,0x00000007c0000000,0x00000007c0000000)
  to   space 12800K, 0% used [0x00000007be700000,0x00000007be700000,0x00000007bf380000)
 ParOldGen       total 393216K, used 318168K [0x00000006c1800000, 0x00000006d9800000, 0x00000007b9c00000)
  object space 393216K, 80% used [0x00000006c1800000,0x00000006d4eb6000,0x00000006d9800000)
 Metaspace       used 2707K, capacity 4486K, committed 4864K, reserved 1056768K
  class space    used 302K, capacity 386K, committed 512K, reserved 1048576K
Heap after GC invocations=202 (full 15):
 PSYoungGen      total 89600K, used 12800K [0x00000007b9c00000, 0x00000007c0000000, 0x00000007c0000000)
  eden space 76800K, 0% used [0x00000007b9c00000,0x00000007b9c00000,0x00000007be700000)
  from space 12800K, 100% used [0x00000007be700000,0x00000007bf380000,0x00000007bf380000)
  to   space 12800K, 0% used [0x00000007bf380000,0x00000007bf380000,0x00000007c0000000)
 ParOldGen       total 393216K, used 338344K [0x00000006c1800000, 0x00000006d9800000, 0x00000007b9c00000)
  object space 393216K, 86% used [0x00000006c1800000,0x00000006d626a000,0x00000006d9800000)
 Metaspace       used 2707K, capacity 4486K, committed 4864K, reserved 1056768K
  class space    used 302K, capacity 386K, committed 512K, reserved 1048576K
}
{Heap before GC invocations=203 (full 15):
 PSYoungGen      total 89600K, used 89600K [0x00000007b9c00000, 0x00000007c0000000, 0x00000007c0000000)
  eden space 76800K, 100% used [0x00000007b9c00000,0x00000007be700000,0x00000007be700000)
  from space 12800K, 100% used [0x00000007be700000,0x00000007bf380000,0x00000007bf380000)
  to   space 12800K, 0% used [0x00000007bf380000,0x00000007bf380000,0x00000007c0000000)
 ParOldGen       total 393216K, used 338344K [0x00000006c1800000, 0x00000006d9800000, 0x00000007b9c00000)
  object space 393216K, 86% used [0x00000006c1800000,0x00000006d626a000,0x00000006d9800000)
 Metaspace       used 2707K, capacity 4486K, committed 4864K, reserved 1056768K
  class space    used 302K, capacity 386K, committed 512K, reserved 1048576K
Heap after GC invocations=203 (full 15):
 PSYoungGen      total 89600K, used 12800K [0x00000007b9c00000, 0x00000007c0000000, 0x00000007c0000000)
  eden space 76800K, 0% used [0x00000007b9c00000,0x00000007b9c00000,0x00000007be700000)
  from space 12800K, 100% used [0x00000007bf380000,0x00000007c0000000,0x00000007c0000000)
  to   space 12800K, 0% used [0x00000007be700000,0x00000007be700000,0x00000007bf380000)
 ParOldGen       total 393216K, used 358512K [0x00000006c1800000, 0x00000006d9800000, 0x00000007b9c00000)
  object space 393216K, 91% used [0x00000006c1800000,0x00000006d761c000,0x00000006d9800000)
 Metaspace       used 2707K, capacity 4486K, committed 4864K, reserved 1056768K
  class space    used 302K, capacity 386K, committed 512K, reserved 1048576K
}
{Heap before GC invocations=204 (full 15):
 PSYoungGen      total 89600K, used 89600K [0x00000007b9c00000, 0x00000007c0000000, 0x00000007c0000000)
  eden space 76800K, 100% used [0x00000007b9c00000,0x00000007be700000,0x00000007be700000)
  from space 12800K, 100% used [0x00000007bf380000,0x00000007c0000000,0x00000007c0000000)
  to   space 12800K, 0% used [0x00000007be700000,0x00000007be700000,0x00000007bf380000)
 ParOldGen       total 393216K, used 358512K [0x00000006c1800000, 0x00000006d9800000, 0x00000007b9c00000)
  object space 393216K, 91% used [0x00000006c1800000,0x00000006d761c000,0x00000006d9800000)
 Metaspace       used 2707K, capacity 4486K, committed 4864K, reserved 1056768K
  class space    used 302K, capacity 386K, committed 512K, reserved 1048576K
Heap after GC invocations=204 (full 15):
 PSYoungGen      total 89600K, used 12800K [0x00000007b9c00000, 0x00000007c0000000, 0x00000007c0000000)
  eden space 76800K, 0% used [0x00000007b9c00000,0x00000007b9c00000,0x00000007be700000)
  from space 12800K, 100% used [0x00000007be700000,0x00000007bf380000,0x00000007bf380000)
  to   space 12800K, 0% used [0x00000007bf380000,0x00000007bf380000,0x00000007c0000000)
 ParOldGen       total 393216K, used 378680K [0x00000006c1800000, 0x00000006d9800000, 0x00000007b9c00000)
  object space 393216K, 96% used [0x00000006c1800000,0x00000006d89ce000,0x00000006d9800000)
 Metaspace       used 2707K, capacity 4486K, committed 4864K, reserved 1056768K
  class space    used 302K, capacity 386K, committed 512K, reserved 1048576K
}
{Heap before GC invocations=205 (full 16):
 PSYoungGen      total 89600K, used 12800K [0x00000007b9c00000, 0x00000007c0000000, 0x00000007c0000000)
  eden space 76800K, 0% used [0x00000007b9c00000,0x00000007b9c00000,0x00000007be700000)
  from space 12800K, 100% used [0x00000007be700000,0x00000007bf380000,0x00000007bf380000)
  to   space 12800K, 0% used [0x00000007bf380000,0x00000007bf380000,0x00000007c0000000)
 ParOldGen       total 393216K, used 378680K [0x00000006c1800000, 0x00000006d9800000, 0x00000007b9c00000)
  object space 393216K, 96% used [0x00000006c1800000,0x00000006d89ce000,0x00000006d9800000)
 Metaspace       used 2707K, capacity 4486K, committed 4864K, reserved 1056768K
  class space    used 302K, capacity 386K, committed 512K, reserved 1048576K
Heap after GC invocations=205 (full 16):
 PSYoungGen      total 89600K, used 0K [0x00000007b9c00000, 0x00000007c0000000, 0x00000007c0000000)
  eden space 76800K, 0% used [0x00000007b9c00000,0x00000007b9c00000,0x00000007be700000)
  from space 12800K, 0% used [0x00000007be700000,0x00000007be700000,0x00000007bf380000)
  to   space 12800K, 0% used [0x00000007bf380000,0x00000007bf380000,0x00000007c0000000)
 ParOldGen       total 404480K, used 35840K [0x00000006c1800000, 0x00000006da300000, 0x00000007b9c00000)
  object space 404480K, 8% used [0x00000006c1800000,0x00000006c3b00000,0x00000006da300000)
 Metaspace       used 2707K, capacity 4486K, committed 4864K, reserved 1056768K
  class space    used 302K, capacity 386K, committed 512K, reserved 1048576K
}
{Heap before GC invocations=206 (full 16):
 PSYoungGen      total 89600K, used 76800K [0x00000007b9c00000, 0x00000007c0000000, 0x00000007c0000000)
  eden space 76800K, 100% used [0x00000007b9c00000,0x00000007be700000,0x00000007be700000)
  from space 12800K, 0% used [0x00000007be700000,0x00000007be700000,0x00000007bf380000)
  to   space 12800K, 0% used [0x00000007bf380000,0x00000007bf380000,0x00000007c0000000)
 ParOldGen       total 404480K, used 35840K [0x00000006c1800000, 0x00000006da300000, 0x00000007b9c00000)
  object space 404480K, 8% used [0x00000006c1800000,0x00000006c3b00000,0x00000006da300000)
 Metaspace       used 2707K, capacity 4486K, committed 4864K, reserved 1056768K
  class space    used 302K, capacity 386K, committed 512K, reserved 1048576K
Heap after GC invocations=206 (full 16):
 PSYoungGen      total 89600K, used 12800K [0x00000007b9c00000, 0x00000007c0000000, 0x00000007c0000000)
  eden space 76800K, 0% used [0x00000007b9c00000,0x00000007b9c00000,0x00000007be700000)
  from space 12800K, 100% used [0x00000007bf380000,0x00000007c0000000,0x00000007c0000000)
  to   space 12800K, 0% used [0x00000007be700000,0x00000007be700000,0x00000007bf380000)
 ParOldGen       total 404480K, used 56008K [0x00000006c1800000, 0x00000006da300000, 0x00000007b9c00000)
  object space 404480K, 13% used [0x00000006c1800000,0x00000006c4eb2000,0x00000006da300000)
 Metaspace       used 2707K, capacity 4486K, committed 4864K, reserved 1056768K
  class space    used 302K, capacity 386K, committed 512K, reserved 1048576K
}
{Heap before GC invocations=207 (full 16):
 PSYoungGen      total 89600K, used 89600K [0x00000007b9c00000, 0x00000007c0000000, 0x00000007c0000000)
  eden space 76800K, 100% used [0x00000007b9c00000,0x00000007be700000,0x00000007be700000)
  from space 12800K, 100% used [0x00000007bf380000,0x00000007c0000000,0x00000007c0000000)
  to   space 12800K, 0% used [0x00000007be700000,0x00000007be700000,0x00000007bf380000)
 ParOldGen       total 404480K, used 56008K [0x00000006c1800000, 0x00000006da300000, 0x00000007b9c00000)
  object space 404480K, 13% used [0x00000006c1800000,0x00000006c4eb2000,0x00000006da300000)
 Metaspace       used 2707K, capacity 4486K, committed 4864K, reserved 1056768K
  class space    used 302K, capacity 386K, committed 512K, reserved 1048576K
Heap after GC invocations=207 (full 16):
 PSYoungGen      total 89600K, used 12800K [0x00000007b9c00000, 0x00000007c0000000, 0x00000007c0000000)
  eden space 76800K, 0% used [0x00000007b9c00000,0x00000007b9c00000,0x00000007be700000)
  from space 12800K, 100% used [0x00000007be700000,0x00000007bf380000,0x00000007bf380000)
  to   space 12800K, 0% used [0x00000007bf380000,0x00000007bf380000,0x00000007c0000000)
 ParOldGen       total 404480K, used 76176K [0x00000006c1800000, 0x00000006da300000, 0x00000007b9c00000)
  object space 404480K, 18% used [0x00000006c1800000,0x00000006c6264000,0x00000006da300000)
 Metaspace       used 2707K, capacity 4486K, committed 4864K, reserved 1056768K
  class space    used 302K, capacity 386K, committed 512K, reserved 1048576K
}
{Heap before GC invocations=208 (full 16):
 PSYoungGen      total 89600K, used 89600K [0x00000007b9c00000, 0x00000007c0000000, 0x00000007c0000000)
  eden space 76800K, 100% used [0x00000007b9c00000,0x00000007be700000,0x00000007be700000)
  from space 12800K, 100% used [0x00000007be700000,0x00000007bf380000,0x00000007bf380000)
  to   space 12800K, 0% used [0x00000007bf380000,0x00000007bf380000,0x00000007c0000000)
 ParOldGen       total 404480K, used 76176K [0x00000006c1800000, 0x00000006da300000, 0x00000007b9c00000)
  object space 404480K, 18% used [0x00000006c1800000,0x00000006c6264000,0x00000006da300000)
 Metaspace       used 2707K, capacity 4486K, committed 4864K, reserved 1056768K
  class space    used 302K, capacity 386K, committed 512K, reserved 1048576K
Heap after GC invocations=208 (full 16):
 PSYoungGen      total 89600K, used 12800K [0x00000007b9c00000, 0x00000007c0000000, 0x00000007c0000000)
  eden space 76800K, 0% used [0x00000007b9c00000,0x00000007b9c00000,0x00000007be700000)
  from space 12800K, 100% used [0x00000007bf380000,0x00000007c0000000,0x00000007c0000000)
  to   space 12800K, 0% used [0x00000007be700000,0x00000007be700000,0x00000007bf380000)
 ParOldGen       total 404480K, used 96336K [0x00000006c1800000, 0x00000006da300000, 0x00000007b9c00000)
  object space 404480K, 23% used [0x00000006c1800000,0x00000006c7614000,0x00000006da300000)
 Metaspace       used 2707K, capacity 4486K, committed 4864K, reserved 1056768K
  class space    used 302K, capacity 386K, committed 512K, reserved 1048576K
}
{Heap before GC invocations=209 (full 16):
 PSYoungGen      total 89600K, used 89600K [0x00000007b9c00000, 0x00000007c0000000, 0x00000007c0000000)
  eden space 76800K, 100% used [0x00000007b9c00000,0x00000007be700000,0x00000007be700000)
  from space 12800K, 100% used [0x00000007bf380000,0x00000007c0000000,0x00000007c0000000)
  to   space 12800K, 0% used [0x00000007be700000,0x00000007be700000,0x00000007bf380000)
 ParOldGen       total 404480K, used 96336K [0x00000006c1800000, 0x00000006da300000, 0x00000007b9c00000)
  object space 404480K, 23% used [0x00000006c1800000,0x00000006c7614000,0x00000006da300000)
 Metaspace       used 2707K, capacity 4486K, committed 4864K, reserved 1056768K
  class space    used 302K, capacity 386K, committed 512K, reserved 1048576K
Heap after GC invocations=209 (full 16):
 PSYoungGen      total 89600K, used 12800K [0x00000007b9c00000, 0x00000007c0000000, 0x00000007c0000000)
  eden space 76800K, 0% used [0x00000007b9c00000,0x00000007b9c00000,0x00000007be700000)
  from space 12800K, 100% used [0x00000007be700000,0x00000007bf380000,0x00000007bf380000)
  to   space 12800K, 0% used [0x00000007bf380000,0x00000007bf380000,0x00000007c0000000)
 ParOldGen       total 404480K, used 116504K [0x00000006c1800000, 0x00000006da300000, 0x00000007b9c00000)
  object space 404480K, 28% used [0x00000006c1800000,0x00000006c89c6000,0x00000006da300000)
 Metaspace       used 2707K, capacity 4486K, committed 4864K, reserved 1056768K
  class space    used 302K, capacity 386K, committed 512K, reserved 1048576K
}
{Heap before GC invocations=210 (full 16):
 PSYoungGen      total 89600K, used 89600K [0x00000007b9c00000, 0x00000007c0000000, 0x00000007c0000000)
  eden space 76800K, 100% used [0x00000007b9c00000,0x00000007be700000,0x00000007be700000)
  from space 12800K, 100% used [0x00000007be700000,0x00000007bf380000,0x00000007bf380000)
  to   space 12800K, 0% used [0x00000007bf380000,0x00000007bf380000,0x00000007c0000000)
 ParOldGen       total 404480K, used 116504K [0x00000006c1800000, 0x00000006da300000, 0x00000007b9c00000)
  object space 404480K, 28% used [0x00000006c1800000,0x00000006c89c6000,0x00000006da300000)
 Metaspace       used 2707K, capacity 4486K, committed 4864K, reserved 1056768K
  class space    used 302K, capacity 386K, committed 512K, reserved 1048576K
Heap after GC invocations=210 (full 16):
 PSYoungGen      total 89600K, used 12800K [0x00000007b9c00000, 0x00000007c0000000, 0x00000007c0000000)
  eden space 76800K, 0% used [0x00000007b9c00000,0x00000007b9c00000,0x00000007be700000)
  from space 12800K, 100% used [0x00000007bf380000,0x00000007c0000000,0x00000007c0000000)
  to   space 12800K, 0% used [0x00000007be700000,0x00000007be700000,0x00000007bf380000)
 ParOldGen       total 404480K, used 136672K [0x00000006c1800000, 0x00000006da300000, 0x00000007b9c00000)
  object space 404480K, 33% used [0x00000006c1800000,0x00000006c9d78000,0x00000006da300000)
 Metaspace       used 2707K, capacity 4486K, committed 4864K, reserved 1056768K
  class space    used 302K, capacity 386K, committed 512K, reserved 1048576K
}
{Heap before GC invocations=211 (full 16):
 PSYoungGen      total 89600K, used 89600K [0x00000007b9c00000, 0x00000007c0000000, 0x00000007c0000000)
  eden space 76800K, 100% used [0x00000007b9c00000,0x00000007be700000,0x00000007be700000)
  from space 12800K, 100% used [0x00000007bf380000,0x00000007c0000000,0x00000007c0000000)
  to   space 12800K, 0% used [0x00000007be700000,0x00000007be700000,0x00000007bf380000)
 ParOldGen       total 404480K, used 136672K [0x00000006c1800000, 0x00000006da300000, 0x00000007b9c00000)
  object space 404480K, 33% used [0x00000006c1800000,0x00000006c9d78000,0x00000006da300000)
 Metaspace       used 2707K, capacity 4486K, committed 4864K, reserved 1056768K
  class space    used 302K, capacity 386K, committed 512K, reserved 1048576K
Heap after GC invocations=211 (full 16):
 PSYoungGen      total 89600K, used 12800K [0x00000007b9c00000, 0x00000007c0000000, 0x00000007c0000000)
  eden space 76800K, 0% used [0x00000007b9c00000,0x00000007b9c00000,0x00000007be700000)
  from space 12800K, 100% used [0x00000007be700000,0x00000007bf380000,0x00000007bf380000)
  to   space 12800K, 0% used [0x00000007bf380000,0x00000007bf380000,0x00000007c0000000)
 ParOldGen       total 404480K, used 156840K [0x00000006c1800000, 0x00000006da300000, 0x00000007b9c00000)
  object space 404480K, 38% used [0x00000006c1800000,0x00000006cb12a000,0x00000006da300000)
 Metaspace       used 2707K, capacity 4486K, committed 4864K, reserved 1056768K
  class space    used 302K, capacity 386K, committed 512K, reserved 1048576K
}
{Heap before GC invocations=212 (full 16):
 PSYoungGen      total 89600K, used 89600K [0x00000007b9c00000, 0x00000007c0000000, 0x00000007c0000000)
  eden space 76800K, 100% used [0x00000007b9c00000,0x00000007be700000,0x00000007be700000)
  from space 12800K, 100% used [0x00000007be700000,0x00000007bf380000,0x00000007bf380000)
  to   space 12800K, 0% used [0x00000007bf380000,0x00000007bf380000,0x00000007c0000000)
 ParOldGen       total 404480K, used 156840K [0x00000006c1800000, 0x00000006da300000, 0x00000007b9c00000)
  object space 404480K, 38% used [0x00000006c1800000,0x00000006cb12a000,0x00000006da300000)
 Metaspace       used 2707K, capacity 4486K, committed 4864K, reserved 1056768K
  class space    used 302K, capacity 386K, committed 512K, reserved 1048576K
Heap after GC invocations=212 (full 16):
 PSYoungGen      total 89600K, used 12800K [0x00000007b9c00000, 0x00000007c0000000, 0x00000007c0000000)
  eden space 76800K, 0% used [0x00000007b9c00000,0x00000007b9c00000,0x00000007be700000)
  from space 12800K, 100% used [0x00000007bf380000,0x00000007c0000000,0x00000007c0000000)
  to   space 12800K, 0% used [0x00000007be700000,0x00000007be700000,0x00000007bf380000)
 ParOldGen       total 404480K, used 177008K [0x00000006c1800000, 0x00000006da300000, 0x00000007b9c00000)
  object space 404480K, 43% used [0x00000006c1800000,0x00000006cc4dc000,0x00000006da300000)
 Metaspace       used 2707K, capacity 4486K, committed 4864K, reserved 1056768K
  class space    used 302K, capacity 386K, committed 512K, reserved 1048576K
}
{Heap before GC invocations=213 (full 16):
 PSYoungGen      total 89600K, used 89600K [0x00000007b9c00000, 0x00000007c0000000, 0x00000007c0000000)
  eden space 76800K, 100% used [0x00000007b9c00000,0x00000007be700000,0x00000007be700000)
  from space 12800K, 100% used [0x00000007bf380000,0x00000007c0000000,0x00000007c0000000)
  to   space 12800K, 0% used [0x00000007be700000,0x00000007be700000,0x00000007bf380000)
 ParOldGen       total 404480K, used 177008K [0x00000006c1800000, 0x00000006da300000, 0x00000007b9c00000)
  object space 404480K, 43% used [0x00000006c1800000,0x00000006cc4dc000,0x00000006da300000)
 Metaspace       used 2707K, capacity 4486K, committed 4864K, reserved 1056768K
  class space    used 302K, capacity 386K, committed 512K, reserved 1048576K
Heap after GC invocations=213 (full 16):
 PSYoungGen      total 89600K, used 12800K [0x00000007b9c00000, 0x00000007c0000000, 0x00000007c0000000)
  eden space 76800K, 0% used [0x00000007b9c00000,0x00000007b9c00000,0x00000007be700000)
  from space 12800K, 100% used [0x00000007be700000,0x00000007bf380000,0x00000007bf380000)
  to   space 12800K, 0% used [0x00000007bf380000,0x00000007bf380000,0x00000007c0000000)
 ParOldGen       total 404480K, used 197168K [0x00000006c1800000, 0x00000006da300000, 0x00000007b9c00000)
  object space 404480K, 48% used [0x00000006c1800000,0x00000006cd88c000,0x00000006da300000)
 Metaspace       used 2707K, capacity 4486K, committed 4864K, reserved 1056768K
  class space    used 302K, capacity 386K, committed 512K, reserved 1048576K
}
{Heap before GC invocations=214 (full 16):
 PSYoungGen      total 89600K, used 89600K [0x00000007b9c00000, 0x00000007c0000000, 0x00000007c0000000)
  eden space 76800K, 100% used [0x00000007b9c00000,0x00000007be700000,0x00000007be700000)
  from space 12800K, 100% used [0x00000007be700000,0x00000007bf380000,0x00000007bf380000)
  to   space 12800K, 0% used [0x00000007bf380000,0x00000007bf380000,0x00000007c0000000)
 ParOldGen       total 404480K, used 197168K [0x00000006c1800000, 0x00000006da300000, 0x00000007b9c00000)
  object space 404480K, 48% used [0x00000006c1800000,0x00000006cd88c000,0x00000006da300000)
 Metaspace       used 2707K, capacity 4486K, committed 4864K, reserved 1056768K
  class space    used 302K, capacity 386K, committed 512K, reserved 1048576K
Heap after GC invocations=214 (full 16):
 PSYoungGen      total 89600K, used 12800K [0x00000007b9c00000, 0x00000007c0000000, 0x00000007c0000000)
  eden space 76800K, 0% used [0x00000007b9c00000,0x00000007b9c00000,0x00000007be700000)
  from space 12800K, 100% used [0x00000007bf380000,0x00000007c0000000,0x00000007c0000000)
  to   space 12800K, 0% used [0x00000007be700000,0x00000007be700000,0x00000007bf380000)
 ParOldGen       total 404480K, used 217336K [0x00000006c1800000, 0x00000006da300000, 0x00000007b9c00000)
  object space 404480K, 53% used [0x00000006c1800000,0x00000006cec3e000,0x00000006da300000)
 Metaspace       used 2707K, capacity 4486K, committed 4864K, reserved 1056768K
  class space    used 302K, capacity 386K, committed 512K, reserved 1048576K
}
{Heap before GC invocations=215 (full 16):
 PSYoungGen      total 89600K, used 89600K [0x00000007b9c00000, 0x00000007c0000000, 0x00000007c0000000)
  eden space 76800K, 100% used [0x00000007b9c00000,0x00000007be700000,0x00000007be700000)
  from space 12800K, 100% used [0x00000007bf380000,0x00000007c0000000,0x00000007c0000000)
  to   space 12800K, 0% used [0x00000007be700000,0x00000007be700000,0x00000007bf380000)
 ParOldGen       total 404480K, used 217336K [0x00000006c1800000, 0x00000006da300000, 0x00000007b9c00000)
  object space 404480K, 53% used [0x00000006c1800000,0x00000006cec3e000,0x00000006da300000)
 Metaspace       used 2707K, capacity 4486K, committed 4864K, reserved 1056768K
  class space    used 302K, capacity 386K, committed 512K, reserved 1048576K
Heap after GC invocations=215 (full 16):
 PSYoungGen      total 89600K, used 12800K [0x00000007b9c00000, 0x00000007c0000000, 0x00000007c0000000)
  eden space 76800K, 0% used [0x00000007b9c00000,0x00000007b9c00000,0x00000007be700000)
  from space 12800K, 100% used [0x00000007be700000,0x00000007bf380000,0x00000007bf380000)
  to   space 12800K, 0% used [0x00000007bf380000,0x00000007bf380000,0x00000007c0000000)
 ParOldGen       total 404480K, used 237520K [0x00000006c1800000, 0x00000006da300000, 0x00000007b9c00000)
  object space 404480K, 58% used [0x00000006c1800000,0x00000006cfff4000,0x00000006da300000)
 Metaspace       used 2707K, capacity 4486K, committed 4864K, reserved 1056768K
  class space    used 302K, capacity 386K, committed 512K, reserved 1048576K
}
{Heap before GC invocations=216 (full 16):
 PSYoungGen      total 89600K, used 89600K [0x00000007b9c00000, 0x00000007c0000000, 0x00000007c0000000)
  eden space 76800K, 100% used [0x00000007b9c00000,0x00000007be700000,0x00000007be700000)
  from space 12800K, 100% used [0x00000007be700000,0x00000007bf380000,0x00000007bf380000)
  to   space 12800K, 0% used [0x00000007bf380000,0x00000007bf380000,0x00000007c0000000)
 ParOldGen       total 404480K, used 237520K [0x00000006c1800000, 0x00000006da300000, 0x00000007b9c00000)
  object space 404480K, 58% used [0x00000006c1800000,0x00000006cfff4000,0x00000006da300000)
 Metaspace       used 2707K, capacity 4486K, committed 4864K, reserved 1056768K
  class space    used 302K, capacity 386K, committed 512K, reserved 1048576K
Heap after GC invocations=216 (full 16):
 PSYoungGen      total 89600K, used 12800K [0x00000007b9c00000, 0x00000007c0000000, 0x00000007c0000000)
  eden space 76800K, 0% used [0x00000007b9c00000,0x00000007b9c00000,0x00000007be700000)
  from space 12800K, 100% used [0x00000007bf380000,0x00000007c0000000,0x00000007c0000000)
  to   space 12800K, 0% used [0x00000007be700000,0x00000007be700000,0x00000007bf380000)
 ParOldGen       total 404480K, used 257688K [0x00000006c1800000, 0x00000006da300000, 0x00000007b9c00000)
  object space 404480K, 63% used [0x00000006c1800000,0x00000006d13a6000,0x00000006da300000)
 Metaspace       used 2707K, capacity 4486K, committed 4864K, reserved 1056768K
  class space    used 302K, capacity 386K, committed 512K, reserved 1048576K
}
{Heap before GC invocations=217 (full 16):
 PSYoungGen      total 89600K, used 89600K [0x00000007b9c00000, 0x00000007c0000000, 0x00000007c0000000)
  eden space 76800K, 100% used [0x00000007b9c00000,0x00000007be700000,0x00000007be700000)
  from space 12800K, 100% used [0x00000007bf380000,0x00000007c0000000,0x00000007c0000000)
  to   space 12800K, 0% used [0x00000007be700000,0x00000007be700000,0x00000007bf380000)
 ParOldGen       total 404480K, used 257688K [0x00000006c1800000, 0x00000006da300000, 0x00000007b9c00000)
  object space 404480K, 63% used [0x00000006c1800000,0x00000006d13a6000,0x00000006da300000)
 Metaspace       used 2707K, capacity 4486K, committed 4864K, reserved 1056768K
  class space    used 302K, capacity 386K, committed 512K, reserved 1048576K
Heap after GC invocations=217 (full 16):
 PSYoungGen      total 89600K, used 12800K [0x00000007b9c00000, 0x00000007c0000000, 0x00000007c0000000)
  eden space 76800K, 0% used [0x00000007b9c00000,0x00000007b9c00000,0x00000007be700000)
  from space 12800K, 100% used [0x00000007be700000,0x00000007bf380000,0x00000007bf380000)
  to   space 12800K, 0% used [0x00000007bf380000,0x00000007bf380000,0x00000007c0000000)
 ParOldGen       total 404480K, used 277856K [0x00000006c1800000, 0x00000006da300000, 0x00000007b9c00000)
  object space 404480K, 68% used [0x00000006c1800000,0x00000006d2758000,0x00000006da300000)
 Metaspace       used 2707K, capacity 4486K, committed 4864K, reserved 1056768K
  class space    used 302K, capacity 386K, committed 512K, reserved 1048576K
}
{Heap before GC invocations=218 (full 16):
 PSYoungGen      total 89600K, used 89600K [0x00000007b9c00000, 0x00000007c0000000, 0x00000007c0000000)
  eden space 76800K, 100% used [0x00000007b9c00000,0x00000007be700000,0x00000007be700000)
  from space 12800K, 100% used [0x00000007be700000,0x00000007bf380000,0x00000007bf380000)
  to   space 12800K, 0% used [0x00000007bf380000,0x00000007bf380000,0x00000007c0000000)
 ParOldGen       total 404480K, used 277856K [0x00000006c1800000, 0x00000006da300000, 0x00000007b9c00000)
  object space 404480K, 68% used [0x00000006c1800000,0x00000006d2758000,0x00000006da300000)
 Metaspace       used 2707K, capacity 4486K, committed 4864K, reserved 1056768K
  class space    used 302K, capacity 386K, committed 512K, reserved 1048576K
Heap after GC invocations=218 (full 16):
 PSYoungGen      total 89600K, used 12800K [0x00000007b9c00000, 0x00000007c0000000, 0x00000007c0000000)
  eden space 76800K, 0% used [0x00000007b9c00000,0x00000007b9c00000,0x00000007be700000)
  from space 12800K, 100% used [0x00000007bf380000,0x00000007c0000000,0x00000007c0000000)
  to   space 12800K, 0% used [0x00000007be700000,0x00000007be700000,0x00000007bf380000)
 ParOldGen       total 404480K, used 298048K [0x00000006c1800000, 0x00000006da300000, 0x00000007b9c00000)
  object space 404480K, 73% used [0x00000006c1800000,0x00000006d3b10000,0x00000006da300000)
 Metaspace       used 2707K, capacity 4486K, committed 4864K, reserved 1056768K
  class space    used 302K, capacity 386K, committed 512K, reserved 1048576K
}
{Heap before GC invocations=219 (full 16):
 PSYoungGen      total 89600K, used 89600K [0x00000007b9c00000, 0x00000007c0000000, 0x00000007c0000000)
  eden space 76800K, 100% used [0x00000007b9c00000,0x00000007be700000,0x00000007be700000)
  from space 12800K, 100% used [0x00000007bf380000,0x00000007c0000000,0x00000007c0000000)
  to   space 12800K, 0% used [0x00000007be700000,0x00000007be700000,0x00000007bf380000)
 ParOldGen       total 404480K, used 298048K [0x00000006c1800000, 0x00000006da300000, 0x00000007b9c00000)
  object space 404480K, 73% used [0x00000006c1800000,0x00000006d3b10000,0x00000006da300000)
 Metaspace       used 2707K, capacity 4486K, committed 4864K, reserved 1056768K
  class space    used 302K, capacity 386K, committed 512K, reserved 1048576K
Heap after GC invocations=219 (full 16):
 PSYoungGen      total 89600K, used 12800K [0x00000007b9c00000, 0x00000007c0000000, 0x00000007c0000000)
  eden space 76800K, 0% used [0x00000007b9c00000,0x00000007b9c00000,0x00000007be700000)
  from space 12800K, 100% used [0x00000007be700000,0x00000007bf380000,0x00000007bf380000)
  to   space 12800K, 0% used [0x00000007bf380000,0x00000007bf380000,0x00000007c0000000)
 ParOldGen       total 404480K, used 318224K [0x00000006c1800000, 0x00000006da300000, 0x00000007b9c00000)
  object space 404480K, 78% used [0x00000006c1800000,0x00000006d4ec4000,0x00000006da300000)
 Metaspace       used 2707K, capacity 4486K, committed 4864K, reserved 1056768K
  class space    used 302K, capacity 386K, committed 512K, reserved 1048576K
}
{Heap before GC invocations=220 (full 16):
 PSYoungGen      total 89600K, used 89600K [0x00000007b9c00000, 0x00000007c0000000, 0x00000007c0000000)
  eden space 76800K, 100% used [0x00000007b9c00000,0x00000007be700000,0x00000007be700000)
  from space 12800K, 100% used [0x00000007be700000,0x00000007bf380000,0x00000007bf380000)
  to   space 12800K, 0% used [0x00000007bf380000,0x00000007bf380000,0x00000007c0000000)
 ParOldGen       total 404480K, used 318224K [0x00000006c1800000, 0x00000006da300000, 0x00000007b9c00000)
  object space 404480K, 78% used [0x00000006c1800000,0x00000006d4ec4000,0x00000006da300000)
 Metaspace       used 2707K, capacity 4486K, committed 4864K, reserved 1056768K
  class space    used 302K, capacity 386K, committed 512K, reserved 1048576K
Heap after GC invocations=220 (full 16):
 PSYoungGen      total 89600K, used 12800K [0x00000007b9c00000, 0x00000007c0000000, 0x00000007c0000000)
  eden space 76800K, 0% used [0x00000007b9c00000,0x00000007b9c00000,0x00000007be700000)
  from space 12800K, 100% used [0x00000007bf380000,0x00000007c0000000,0x00000007c0000000)
  to   space 12800K, 0% used [0x00000007be700000,0x00000007be700000,0x00000007bf380000)
 ParOldGen       total 404480K, used 338392K [0x00000006c1800000, 0x00000006da300000, 0x00000007b9c00000)
  object space 404480K, 83% used [0x00000006c1800000,0x00000006d6276000,0x00000006da300000)
 Metaspace       used 2707K, capacity 4486K, committed 4864K, reserved 1056768K
  class space    used 302K, capacity 386K, committed 512K, reserved 1048576K
}
{Heap before GC invocations=221 (full 16):
 PSYoungGen      total 89600K, used 89600K [0x00000007b9c00000, 0x00000007c0000000, 0x00000007c0000000)
  eden space 76800K, 100% used [0x00000007b9c00000,0x00000007be700000,0x00000007be700000)
  from space 12800K, 100% used [0x00000007bf380000,0x00000007c0000000,0x00000007c0000000)
  to   space 12800K, 0% used [0x00000007be700000,0x00000007be700000,0x00000007bf380000)
 ParOldGen       total 404480K, used 338392K [0x00000006c1800000, 0x00000006da300000, 0x00000007b9c00000)
  object space 404480K, 83% used [0x00000006c1800000,0x00000006d6276000,0x00000006da300000)
 Metaspace       used 2707K, capacity 4486K, committed 4864K, reserved 1056768K
  class space    used 302K, capacity 386K, committed 512K, reserved 1048576K
Heap after GC invocations=221 (full 16):
 PSYoungGen      total 89600K, used 12800K [0x00000007b9c00000, 0x00000007c0000000, 0x00000007c0000000)
  eden space 76800K, 0% used [0x00000007b9c00000,0x00000007b9c00000,0x00000007be700000)
  from space 12800K, 100% used [0x00000007be700000,0x00000007bf380000,0x00000007bf380000)
  to   space 12800K, 0% used [0x00000007bf380000,0x00000007bf380000,0x00000007c0000000)
 ParOldGen       total 404480K, used 358560K [0x00000006c1800000, 0x00000006da300000, 0x00000007b9c00000)
  object space 404480K, 88% used [0x00000006c1800000,0x00000006d7628000,0x00000006da300000)
 Metaspace       used 2707K, capacity 4486K, committed 4864K, reserved 1056768K
  class space    used 302K, capacity 386K, committed 512K, reserved 1048576K
}
{Heap before GC invocations=222 (full 16):
 PSYoungGen      total 89600K, used 89600K [0x00000007b9c00000, 0x00000007c0000000, 0x00000007c0000000)
  eden space 76800K, 100% used [0x00000007b9c00000,0x00000007be700000,0x00000007be700000)
  from space 12800K, 100% used [0x00000007be700000,0x00000007bf380000,0x00000007bf380000)
  to   space 12800K, 0% used [0x00000007bf380000,0x00000007bf380000,0x00000007c0000000)
 ParOldGen       total 404480K, used 358560K [0x00000006c1800000, 0x00000006da300000, 0x00000007b9c00000)
  object space 404480K, 88% used [0x00000006c1800000,0x00000006d7628000,0x00000006da300000)
 Metaspace       used 2707K, capacity 4486K, committed 4864K, reserved 1056768K
  class space    used 302K, capacity 386K, committed 512K, reserved 1048576K
Heap after GC invocations=222 (full 16):
 PSYoungGen      total 89600K, used 12800K [0x00000007b9c00000, 0x00000007c0000000, 0x00000007c0000000)
  eden space 76800K, 0% used [0x00000007b9c00000,0x00000007b9c00000,0x00000007be700000)
  from space 12800K, 100% used [0x00000007bf380000,0x00000007c0000000,0x00000007c0000000)
  to   space 12800K, 0% used [0x00000007be700000,0x00000007be700000,0x00000007bf380000)
 ParOldGen       total 404480K, used 378720K [0x00000006c1800000, 0x00000006da300000, 0x00000007b9c00000)
  object space 404480K, 93% used [0x00000006c1800000,0x00000006d89d8000,0x00000006da300000)
 Metaspace       used 2707K, capacity 4486K, committed 4864K, reserved 1056768K
  class space    used 302K, capacity 386K, committed 512K, reserved 1048576K
}
{Heap before GC invocations=223 (full 16):
 PSYoungGen      total 89600K, used 89600K [0x00000007b9c00000, 0x00000007c0000000, 0x00000007c0000000)
  eden space 76800K, 100% used [0x00000007b9c00000,0x00000007be700000,0x00000007be700000)
  from space 12800K, 100% used [0x00000007bf380000,0x00000007c0000000,0x00000007c0000000)
  to   space 12800K, 0% used [0x00000007be700000,0x00000007be700000,0x00000007bf380000)
 ParOldGen       total 404480K, used 378720K [0x00000006c1800000, 0x00000006da300000, 0x00000007b9c00000)
  object space 404480K, 93% used [0x00000006c1800000,0x00000006d89d8000,0x00000006da300000)
 Metaspace       used 2707K, capacity 4486K, committed 4864K, reserved 1056768K
  class space    used 302K, capacity 386K, committed 512K, reserved 1048576K
Heap after GC invocations=223 (full 16):
 PSYoungGen      total 89600K, used 12800K [0x00000007b9c00000, 0x00000007c0000000, 0x00000007c0000000)
  eden space 76800K, 0% used [0x00000007b9c00000,0x00000007b9c00000,0x00000007be700000)
  from space 12800K, 100% used [0x00000007be700000,0x00000007bf380000,0x00000007bf380000)
  to   space 12800K, 0% used [0x00000007bf380000,0x00000007bf380000,0x00000007c0000000)
 ParOldGen       total 404480K, used 398880K [0x00000006c1800000, 0x00000006da300000, 0x00000007b9c00000)
  object space 404480K, 98% used [0x00000006c1800000,0x00000006d9d88000,0x00000006da300000)
 Metaspace       used 2707K, capacity 4486K, committed 4864K, reserved 1056768K
  class space    used 302K, capacity 386K, committed 512K, reserved 1048576K
}
{Heap before GC invocations=224 (full 17):
 PSYoungGen      total 89600K, used 12800K [0x00000007b9c00000, 0x00000007c0000000, 0x00000007c0000000)
  eden space 76800K, 0% used [0x00000007b9c00000,0x00000007b9c00000,0x00000007be700000)
  from space 12800K, 100% used [0x00000007be700000,0x00000007bf380000,0x00000007bf380000)
  to   space 12800K, 0% used [0x00000007bf380000,0x00000007bf380000,0x00000007c0000000)
 ParOldGen       total 404480K, used 398880K [0x00000006c1800000, 0x00000006da300000, 0x00000007b9c00000)
  object space 404480K, 98% used [0x00000006c1800000,0x00000006d9d88000,0x00000006da300000)
 Metaspace       used 2707K, capacity 4486K, committed 4864K, reserved 1056768K
  class space    used 302K, capacity 386K, committed 512K, reserved 1048576K
Heap after GC invocations=224 (full 17):
 PSYoungGen      total 89600K, used 0K [0x00000007b9c00000, 0x00000007c0000000, 0x00000007c0000000)
  eden space 76800K, 0% used [0x00000007b9c00000,0x00000007b9c00000,0x00000007be700000)
  from space 12800K, 0% used [0x00000007be700000,0x00000007be700000,0x00000007bf380000)
  to   space 12800K, 0% used [0x00000007bf380000,0x00000007bf380000,0x00000007c0000000)
 ParOldGen       total 415744K, used 35840K [0x00000006c1800000, 0x00000006dae00000, 0x00000007b9c00000)
  object space 415744K, 8% used [0x00000006c1800000,0x00000006c3b00000,0x00000006dae00000)
 Metaspace       used 2707K, capacity 4486K, committed 4864K, reserved 1056768K
  class space    used 302K, capacity 386K, committed 512K, reserved 1048576K
}
{Heap before GC invocations=225 (full 17):
 PSYoungGen      total 89600K, used 76800K [0x00000007b9c00000, 0x00000007c0000000, 0x00000007c0000000)
  eden space 76800K, 100% used [0x00000007b9c00000,0x00000007be700000,0x00000007be700000)
  from space 12800K, 0% used [0x00000007be700000,0x00000007be700000,0x00000007bf380000)
  to   space 12800K, 0% used [0x00000007bf380000,0x00000007bf380000,0x00000007c0000000)
 ParOldGen       total 415744K, used 35840K [0x00000006c1800000, 0x00000006dae00000, 0x00000007b9c00000)
  object space 415744K, 8% used [0x00000006c1800000,0x00000006c3b00000,0x00000006dae00000)
 Metaspace       used 2707K, capacity 4486K, committed 4864K, reserved 1056768K
  class space    used 302K, capacity 386K, committed 512K, reserved 1048576K
Heap after GC invocations=225 (full 17):
 PSYoungGen      total 89600K, used 12800K [0x00000007b9c00000, 0x00000007c0000000, 0x00000007c0000000)
  eden space 76800K, 0% used [0x00000007b9c00000,0x00000007b9c00000,0x00000007be700000)
  from space 12800K, 100% used [0x00000007bf380000,0x00000007c0000000,0x00000007c0000000)
  to   space 12800K, 0% used [0x00000007be700000,0x00000007be700000,0x00000007bf380000)
 ParOldGen       total 415744K, used 56008K [0x00000006c1800000, 0x00000006dae00000, 0x00000007b9c00000)
  object space 415744K, 13% used [0x00000006c1800000,0x00000006c4eb2000,0x00000006dae00000)
 Metaspace       used 2707K, capacity 4486K, committed 4864K, reserved 1056768K
  class space    used 302K, capacity 386K, committed 512K, reserved 1048576K
}
{Heap before GC invocations=226 (full 17):
 PSYoungGen      total 89600K, used 89600K [0x00000007b9c00000, 0x00000007c0000000, 0x00000007c0000000)
  eden space 76800K, 100% used [0x00000007b9c00000,0x00000007be700000,0x00000007be700000)
  from space 12800K, 100% used [0x00000007bf380000,0x00000007c0000000,0x00000007c0000000)
  to   space 12800K, 0% used [0x00000007be700000,0x00000007be700000,0x00000007bf380000)
 ParOldGen       total 415744K, used 56008K [0x00000006c1800000, 0x00000006dae00000, 0x00000007b9c00000)
  object space 415744K, 13% used [0x00000006c1800000,0x00000006c4eb2000,0x00000006dae00000)
 Metaspace       used 2707K, capacity 4486K, committed 4864K, reserved 1056768K
  class space    used 302K, capacity 386K, committed 512K, reserved 1048576K
Heap after GC invocations=226 (full 17):
 PSYoungGen      total 89600K, used 12800K [0x00000007b9c00000, 0x00000007c0000000, 0x00000007c0000000)
  eden space 76800K, 0% used [0x00000007b9c00000,0x00000007b9c00000,0x00000007be700000)
  from space 12800K, 100% used [0x00000007be700000,0x00000007bf380000,0x00000007bf380000)
  to   space 12800K, 0% used [0x00000007bf380000,0x00000007bf380000,0x00000007c0000000)
 ParOldGen       total 415744K, used 76176K [0x00000006c1800000, 0x00000006dae00000, 0x00000007b9c00000)
  object space 415744K, 18% used [0x00000006c1800000,0x00000006c6264000,0x00000006dae00000)
 Metaspace       used 2707K, capacity 4486K, committed 4864K, reserved 1056768K
  class space    used 302K, capacity 386K, committed 512K, reserved 1048576K
}
{Heap before GC invocations=227 (full 17):
 PSYoungGen      total 89600K, used 89600K [0x00000007b9c00000, 0x00000007c0000000, 0x00000007c0000000)
  eden space 76800K, 100% used [0x00000007b9c00000,0x00000007be700000,0x00000007be700000)
  from space 12800K, 100% used [0x00000007be700000,0x00000007bf380000,0x00000007bf380000)
  to   space 12800K, 0% used [0x00000007bf380000,0x00000007bf380000,0x00000007c0000000)
 ParOldGen       total 415744K, used 76176K [0x00000006c1800000, 0x00000006dae00000, 0x00000007b9c00000)
  object space 415744K, 18% used [0x00000006c1800000,0x00000006c6264000,0x00000006dae00000)
 Metaspace       used 2707K, capacity 4486K, committed 4864K, reserved 1056768K
  class space    used 302K, capacity 386K, committed 512K, reserved 1048576K
Heap after GC invocations=227 (full 17):
 PSYoungGen      total 89600K, used 12800K [0x00000007b9c00000, 0x00000007c0000000, 0x00000007c0000000)
  eden space 76800K, 0% used [0x00000007b9c00000,0x00000007b9c00000,0x00000007be700000)
  from space 12800K, 100% used [0x00000007bf380000,0x00000007c0000000,0x00000007c0000000)
  to   space 12800K, 0% used [0x00000007be700000,0x00000007be700000,0x00000007bf380000)
 ParOldGen       total 415744K, used 96344K [0x00000006c1800000, 0x00000006dae00000, 0x00000007b9c00000)
  object space 415744K, 23% used [0x00000006c1800000,0x00000006c7616000,0x00000006dae00000)
 Metaspace       used 2707K, capacity 4486K, committed 4864K, reserved 1056768K
  class space    used 302K, capacity 386K, committed 512K, reserved 1048576K
}
{Heap before GC invocations=228 (full 17):
 PSYoungGen      total 89600K, used 89600K [0x00000007b9c00000, 0x00000007c0000000, 0x00000007c0000000)
  eden space 76800K, 100% used [0x00000007b9c00000,0x00000007be700000,0x00000007be700000)
  from space 12800K, 100% used [0x00000007bf380000,0x00000007c0000000,0x00000007c0000000)
  to   space 12800K, 0% used [0x00000007be700000,0x00000007be700000,0x00000007bf380000)
 ParOldGen       total 415744K, used 96344K [0x00000006c1800000, 0x00000006dae00000, 0x00000007b9c00000)
  object space 415744K, 23% used [0x00000006c1800000,0x00000006c7616000,0x00000006dae00000)
 Metaspace       used 2707K, capacity 4486K, committed 4864K, reserved 1056768K
  class space    used 302K, capacity 386K, committed 512K, reserved 1048576K
Heap after GC invocations=228 (full 17):
 PSYoungGen      total 89600K, used 12800K [0x00000007b9c00000, 0x00000007c0000000, 0x00000007c0000000)
  eden space 76800K, 0% used [0x00000007b9c00000,0x00000007b9c00000,0x00000007be700000)
  from space 12800K, 100% used [0x00000007be700000,0x00000007bf380000,0x00000007bf380000)
  to   space 12800K, 0% used [0x00000007bf380000,0x00000007bf380000,0x00000007c0000000)
 ParOldGen       total 415744K, used 116512K [0x00000006c1800000, 0x00000006dae00000, 0x00000007b9c00000)
  object space 415744K, 28% used [0x00000006c1800000,0x00000006c89c8000,0x00000006dae00000)
 Metaspace       used 2707K, capacity 4486K, committed 4864K, reserved 1056768K
  class space    used 302K, capacity 386K, committed 512K, reserved 1048576K
}
{Heap before GC invocations=229 (full 17):
 PSYoungGen      total 89600K, used 89600K [0x00000007b9c00000, 0x00000007c0000000, 0x00000007c0000000)
  eden space 76800K, 100% used [0x00000007b9c00000,0x00000007be700000,0x00000007be700000)
  from space 12800K, 100% used [0x00000007be700000,0x00000007bf380000,0x00000007bf380000)
  to   space 12800K, 0% used [0x00000007bf380000,0x00000007bf380000,0x00000007c0000000)
 ParOldGen       total 415744K, used 116512K [0x00000006c1800000, 0x00000006dae00000, 0x00000007b9c00000)
  object space 415744K, 28% used [0x00000006c1800000,0x00000006c89c8000,0x00000006dae00000)
 Metaspace       used 2707K, capacity 4486K, committed 4864K, reserved 1056768K
  class space    used 302K, capacity 386K, committed 512K, reserved 1048576K
Heap after GC invocations=229 (full 17):
 PSYoungGen      total 89600K, used 12800K [0x00000007b9c00000, 0x00000007c0000000, 0x00000007c0000000)
  eden space 76800K, 0% used [0x00000007b9c00000,0x00000007b9c00000,0x00000007be700000)
  from space 12800K, 100% used [0x00000007bf380000,0x00000007c0000000,0x00000007c0000000)
  to   space 12800K, 0% used [0x00000007be700000,0x00000007be700000,0x00000007bf380000)
 ParOldGen       total 415744K, used 136696K [0x00000006c1800000, 0x00000006dae00000, 0x00000007b9c00000)
  object space 415744K, 32% used [0x00000006c1800000,0x00000006c9d7e000,0x00000006dae00000)
 Metaspace       used 2707K, capacity 4486K, committed 4864K, reserved 1056768K
  class space    used 302K, capacity 386K, committed 512K, reserved 1048576K
}
{Heap before GC invocations=230 (full 17):
 PSYoungGen      total 89600K, used 89600K [0x00000007b9c00000, 0x00000007c0000000, 0x00000007c0000000)
  eden space 76800K, 100% used [0x00000007b9c00000,0x00000007be700000,0x00000007be700000)
  from space 12800K, 100% used [0x00000007bf380000,0x00000007c0000000,0x00000007c0000000)
  to   space 12800K, 0% used [0x00000007be700000,0x00000007be700000,0x00000007bf380000)
 ParOldGen       total 415744K, used 136696K [0x00000006c1800000, 0x00000006dae00000, 0x00000007b9c00000)
  object space 415744K, 32% used [0x00000006c1800000,0x00000006c9d7e000,0x00000006dae00000)
 Metaspace       used 2707K, capacity 4486K, committed 4864K, reserved 1056768K
  class space    used 302K, capacity 386K, committed 512K, reserved 1048576K
Heap after GC invocations=230 (full 17):
 PSYoungGen      total 89600K, used 12800K [0x00000007b9c00000, 0x00000007c0000000, 0x00000007c0000000)
  eden space 76800K, 0% used [0x00000007b9c00000,0x00000007b9c00000,0x00000007be700000)
  from space 12800K, 100% used [0x00000007be700000,0x00000007bf380000,0x00000007bf380000)
  to   space 12800K, 0% used [0x00000007bf380000,0x00000007bf380000,0x00000007c0000000)
 ParOldGen       total 415744K, used 156864K [0x00000006c1800000, 0x00000006dae00000, 0x00000007b9c00000)
  object space 415744K, 37% used [0x00000006c1800000,0x00000006cb130000,0x00000006dae00000)
 Metaspace       used 2707K, capacity 4486K, committed 4864K, reserved 1056768K
  class space    used 302K, capacity 386K, committed 512K, reserved 1048576K
}
{Heap before GC invocations=231 (full 17):
 PSYoungGen      total 89600K, used 89600K [0x00000007b9c00000, 0x00000007c0000000, 0x00000007c0000000)
  eden space 76800K, 100% used [0x00000007b9c00000,0x00000007be700000,0x00000007be700000)
  from space 12800K, 100% used [0x00000007be700000,0x00000007bf380000,0x00000007bf380000)
  to   space 12800K, 0% used [0x00000007bf380000,0x00000007bf380000,0x00000007c0000000)
 ParOldGen       total 415744K, used 156864K [0x00000006c1800000, 0x00000006dae00000, 0x00000007b9c00000)
  object space 415744K, 37% used [0x00000006c1800000,0x00000006cb130000,0x00000006dae00000)
 Metaspace       used 2707K, capacity 4486K, committed 4864K, reserved 1056768K
  class space    used 302K, capacity 386K, committed 512K, reserved 1048576K
Heap after GC invocations=231 (full 17):
 PSYoungGen      total 89600K, used 12800K [0x00000007b9c00000, 0x00000007c0000000, 0x00000007c0000000)
  eden space 76800K, 0% used [0x00000007b9c00000,0x00000007b9c00000,0x00000007be700000)
  from space 12800K, 100% used [0x00000007bf380000,0x00000007c0000000,0x00000007c0000000)
  to   space 12800K, 0% used [0x00000007be700000,0x00000007be700000,0x00000007bf380000)
 ParOldGen       total 415744K, used 177032K [0x00000006c1800000, 0x00000006dae00000, 0x00000007b9c00000)
  object space 415744K, 42% used [0x00000006c1800000,0x00000006cc4e2000,0x00000006dae00000)
 Metaspace       used 2707K, capacity 4486K, committed 4864K, reserved 1056768K
  class space    used 302K, capacity 386K, committed 512K, reserved 1048576K
}
{Heap before GC invocations=232 (full 17):
 PSYoungGen      total 89600K, used 89600K [0x00000007b9c00000, 0x00000007c0000000, 0x00000007c0000000)
  eden space 76800K, 100% used [0x00000007b9c00000,0x00000007be700000,0x00000007be700000)
  from space 12800K, 100% used [0x00000007bf380000,0x00000007c0000000,0x00000007c0000000)
  to   space 12800K, 0% used [0x00000007be700000,0x00000007be700000,0x00000007bf380000)
 ParOldGen       total 415744K, used 177032K [0x00000006c1800000, 0x00000006dae00000, 0x00000007b9c00000)
  object space 415744K, 42% used [0x00000006c1800000,0x00000006cc4e2000,0x00000006dae00000)
 Metaspace       used 2707K, capacity 4486K, committed 4864K, reserved 1056768K
  class space    used 302K, capacity 386K, committed 512K, reserved 1048576K
Heap after GC invocations=232 (full 17):
 PSYoungGen      total 89600K, used 12800K [0x00000007b9c00000, 0x00000007c0000000, 0x00000007c0000000)
  eden space 76800K, 0% used [0x00000007b9c00000,0x00000007b9c00000,0x00000007be700000)
  from space 12800K, 100% used [0x00000007be700000,0x00000007bf380000,0x00000007bf380000)
  to   space 12800K, 0% used [0x00000007bf380000,0x00000007bf380000,0x00000007c0000000)
 ParOldGen       total 415744K, used 197224K [0x00000006c1800000, 0x00000006dae00000, 0x00000007b9c00000)
  object space 415744K, 47% used [0x00000006c1800000,0x00000006cd89a000,0x00000006dae00000)
 Metaspace       used 2707K, capacity 4486K, committed 4864K, reserved 1056768K
  class space    used 302K, capacity 386K, committed 512K, reserved 1048576K
}
{Heap before GC invocations=233 (full 17):
 PSYoungGen      total 89600K, used 89600K [0x00000007b9c00000, 0x00000007c0000000, 0x00000007c0000000)
  eden space 76800K, 100% used [0x00000007b9c00000,0x00000007be700000,0x00000007be700000)
  from space 12800K, 100% used [0x00000007be700000,0x00000007bf380000,0x00000007bf380000)
  to   space 12800K, 0% used [0x00000007bf380000,0x00000007bf380000,0x00000007c0000000)
 ParOldGen       total 415744K, used 197224K [0x00000006c1800000, 0x00000006dae00000, 0x00000007b9c00000)
  object space 415744K, 47% used [0x00000006c1800000,0x00000006cd89a000,0x00000006dae00000)
 Metaspace       used 2707K, capacity 4486K, committed 4864K, reserved 1056768K
  class space    used 302K, capacity 386K, committed 512K, reserved 1048576K
Heap after GC invocations=233 (full 17):
 PSYoungGen      total 89600K, used 12800K [0x00000007b9c00000, 0x00000007c0000000, 0x00000007c0000000)
  eden space 76800K, 0% used [0x00000007b9c00000,0x00000007b9c00000,0x00000007be700000)
  from space 12800K, 100% used [0x00000007bf380000,0x00000007c0000000,0x00000007c0000000)
  to   space 12800K, 0% used [0x00000007be700000,0x00000007be700000,0x00000007bf380000)
 ParOldGen       total 415744K, used 217392K [0x00000006c1800000, 0x00000006dae00000, 0x00000007b9c00000)
  object space 415744K, 52% used [0x00000006c1800000,0x00000006cec4c000,0x00000006dae00000)
 Metaspace       used 2707K, capacity 4486K, committed 4864K, reserved 1056768K
  class space    used 302K, capacity 386K, committed 512K, reserved 1048576K
}
{Heap before GC invocations=234 (full 17):
 PSYoungGen      total 89600K, used 89600K [0x00000007b9c00000, 0x00000007c0000000, 0x00000007c0000000)
  eden space 76800K, 100% used [0x00000007b9c00000,0x00000007be700000,0x00000007be700000)
  from space 12800K, 100% used [0x00000007bf380000,0x00000007c0000000,0x00000007c0000000)
  to   space 12800K, 0% used [0x00000007be700000,0x00000007be700000,0x00000007bf380000)
 ParOldGen       total 415744K, used 217392K [0x00000006c1800000, 0x00000006dae00000, 0x00000007b9c00000)
  object space 415744K, 52% used [0x00000006c1800000,0x00000006cec4c000,0x00000006dae00000)
 Metaspace       used 2707K, capacity 4486K, committed 4864K, reserved 1056768K
  class space    used 302K, capacity 386K, committed 512K, reserved 1048576K
Heap after GC invocations=234 (full 17):
 PSYoungGen      total 89600K, used 12800K [0x00000007b9c00000, 0x00000007c0000000, 0x00000007c0000000)
  eden space 76800K, 0% used [0x00000007b9c00000,0x00000007b9c00000,0x00000007be700000)
  from space 12800K, 100% used [0x00000007be700000,0x00000007bf380000,0x00000007bf380000)
  to   space 12800K, 0% used [0x00000007bf380000,0x00000007bf380000,0x00000007c0000000)
 ParOldGen       total 415744K, used 237560K [0x00000006c1800000, 0x00000006dae00000, 0x00000007b9c00000)
  object space 415744K, 57% used [0x00000006c1800000,0x00000006cfffe000,0x00000006dae00000)
 Metaspace       used 2707K, capacity 4486K, committed 4864K, reserved 1056768K
  class space    used 302K, capacity 386K, committed 512K, reserved 1048576K
}
{Heap before GC invocations=235 (full 17):
 PSYoungGen      total 89600K, used 89600K [0x00000007b9c00000, 0x00000007c0000000, 0x00000007c0000000)
  eden space 76800K, 100% used [0x00000007b9c00000,0x00000007be700000,0x00000007be700000)
  from space 12800K, 100% used [0x00000007be700000,0x00000007bf380000,0x00000007bf380000)
  to   space 12800K, 0% used [0x00000007bf380000,0x00000007bf380000,0x00000007c0000000)
 ParOldGen       total 415744K, used 237560K [0x00000006c1800000, 0x00000006dae00000, 0x00000007b9c00000)
  object space 415744K, 57% used [0x00000006c1800000,0x00000006cfffe000,0x00000006dae00000)
 Metaspace       used 2707K, capacity 4486K, committed 4864K, reserved 1056768K
  class space    used 302K, capacity 386K, committed 512K, reserved 1048576K
Heap after GC invocations=235 (full 17):
 PSYoungGen      total 89600K, used 12800K [0x00000007b9c00000, 0x00000007c0000000, 0x00000007c0000000)
  eden space 76800K, 0% used [0x00000007b9c00000,0x00000007b9c00000,0x00000007be700000)
  from space 12800K, 100% used [0x00000007bf380000,0x00000007c0000000,0x00000007c0000000)
  to   space 12800K, 0% used [0x00000007be700000,0x00000007be700000,0x00000007bf380000)
 ParOldGen       total 415744K, used 257736K [0x00000006c1800000, 0x00000006dae00000, 0x00000007b9c00000)
  object space 415744K, 61% used [0x00000006c1800000,0x00000006d13b2000,0x00000006dae00000)
 Metaspace       used 2707K, capacity 4486K, committed 4864K, reserved 1056768K
  class space    used 302K, capacity 386K, committed 512K, reserved 1048576K
}
{Heap before GC invocations=236 (full 17):
 PSYoungGen      total 89600K, used 89600K [0x00000007b9c00000, 0x00000007c0000000, 0x00000007c0000000)
  eden space 76800K, 100% used [0x00000007b9c00000,0x00000007be700000,0x00000007be700000)
  from space 12800K, 100% used [0x00000007bf380000,0x00000007c0000000,0x00000007c0000000)
  to   space 12800K, 0% used [0x00000007be700000,0x00000007be700000,0x00000007bf380000)
 ParOldGen       total 415744K, used 257736K [0x00000006c1800000, 0x00000006dae00000, 0x00000007b9c00000)
  object space 415744K, 61% used [0x00000006c1800000,0x00000006d13b2000,0x00000006dae00000)
 Metaspace       used 2707K, capacity 4486K, committed 4864K, reserved 1056768K
  class space    used 302K, capacity 386K, committed 512K, reserved 1048576K
Heap after GC invocations=236 (full 17):
 PSYoungGen      total 89600K, used 12800K [0x00000007b9c00000, 0x00000007c0000000, 0x00000007c0000000)
  eden space 76800K, 0% used [0x00000007b9c00000,0x00000007b9c00000,0x00000007be700000)
  from space 12800K, 100% used [0x00000007be700000,0x00000007bf380000,0x00000007bf380000)
  to   space 12800K, 0% used [0x00000007bf380000,0x00000007bf380000,0x00000007c0000000)
 ParOldGen       total 415744K, used 277912K [0x00000006c1800000, 0x00000006dae00000, 0x00000007b9c00000)
  object space 415744K, 66% used [0x00000006c1800000,0x00000006d2766000,0x00000006dae00000)
 Metaspace       used 2707K, capacity 4486K, committed 4864K, reserved 1056768K
  class space    used 302K, capacity 386K, committed 512K, reserved 1048576K
}
{Heap before GC invocations=237 (full 17):
 PSYoungGen      total 89600K, used 89600K [0x00000007b9c00000, 0x00000007c0000000, 0x00000007c0000000)
  eden space 76800K, 100% used [0x00000007b9c00000,0x00000007be700000,0x00000007be700000)
  from space 12800K, 100% used [0x00000007be700000,0x00000007bf380000,0x00000007bf380000)
  to   space 12800K, 0% used [0x00000007bf380000,0x00000007bf380000,0x00000007c0000000)
 ParOldGen       total 415744K, used 277912K [0x00000006c1800000, 0x00000006dae00000, 0x00000007b9c00000)
  object space 415744K, 66% used [0x00000006c1800000,0x00000006d2766000,0x00000006dae00000)
 Metaspace       used 2707K, capacity 4486K, committed 4864K, reserved 1056768K
  class space    used 302K, capacity 386K, committed 512K, reserved 1048576K
Heap after GC invocations=237 (full 17):
 PSYoungGen      total 89600K, used 12800K [0x00000007b9c00000, 0x00000007c0000000, 0x00000007c0000000)
  eden space 76800K, 0% used [0x00000007b9c00000,0x00000007b9c00000,0x00000007be700000)
  from space 12800K, 100% used [0x00000007bf380000,0x00000007c0000000,0x00000007c0000000)
  to   space 12800K, 0% used [0x00000007be700000,0x00000007be700000,0x00000007bf380000)
 ParOldGen       total 415744K, used 298080K [0x00000006c1800000, 0x00000006dae00000, 0x00000007b9c00000)
  object space 415744K, 71% used [0x00000006c1800000,0x00000006d3b18000,0x00000006dae00000)
 Metaspace       used 2707K, capacity 4486K, committed 4864K, reserved 1056768K
  class space    used 302K, capacity 386K, committed 512K, reserved 1048576K
}
{Heap before GC invocations=238 (full 17):
 PSYoungGen      total 89600K, used 89600K [0x00000007b9c00000, 0x00000007c0000000, 0x00000007c0000000)
  eden space 76800K, 100% used [0x00000007b9c00000,0x00000007be700000,0x00000007be700000)
  from space 12800K, 100% used [0x00000007bf380000,0x00000007c0000000,0x00000007c0000000)
  to   space 12800K, 0% used [0x00000007be700000,0x00000007be700000,0x00000007bf380000)
 ParOldGen       total 415744K, used 298080K [0x00000006c1800000, 0x00000006dae00000, 0x00000007b9c00000)
  object space 415744K, 71% used [0x00000006c1800000,0x00000006d3b18000,0x00000006dae00000)
 Metaspace       used 2707K, capacity 4486K, committed 4864K, reserved 1056768K
  class space    used 302K, capacity 386K, committed 512K, reserved 1048576K
Heap after GC invocations=238 (full 17):
 PSYoungGen      total 89600K, used 12800K [0x00000007b9c00000, 0x00000007c0000000, 0x00000007c0000000)
  eden space 76800K, 0% used [0x00000007b9c00000,0x00000007b9c00000,0x00000007be700000)
  from space 12800K, 100% used [0x00000007be700000,0x00000007bf380000,0x00000007bf380000)
  to   space 12800K, 0% used [0x00000007bf380000,0x00000007bf380000,0x00000007c0000000)
 ParOldGen       total 415744K, used 318248K [0x00000006c1800000, 0x00000006dae00000, 0x00000007b9c00000)
  object space 415744K, 76% used [0x00000006c1800000,0x00000006d4eca000,0x00000006dae00000)
 Metaspace       used 2707K, capacity 4486K, committed 4864K, reserved 1056768K
  class space    used 302K, capacity 386K, committed 512K, reserved 1048576K
}
{Heap before GC invocations=239 (full 17):
 PSYoungGen      total 89600K, used 89600K [0x00000007b9c00000, 0x00000007c0000000, 0x00000007c0000000)
  eden space 76800K, 100% used [0x00000007b9c00000,0x00000007be700000,0x00000007be700000)
  from space 12800K, 100% used [0x00000007be700000,0x00000007bf380000,0x00000007bf380000)
  to   space 12800K, 0% used [0x00000007bf380000,0x00000007bf380000,0x00000007c0000000)
 ParOldGen       total 415744K, used 318248K [0x00000006c1800000, 0x00000006dae00000, 0x00000007b9c00000)
  object space 415744K, 76% used [0x00000006c1800000,0x00000006d4eca000,0x00000006dae00000)
 Metaspace       used 2707K, capacity 4486K, committed 4864K, reserved 1056768K
  class space    used 302K, capacity 386K, committed 512K, reserved 1048576K
Heap after GC invocations=239 (full 17):
 PSYoungGen      total 89600K, used 12800K [0x00000007b9c00000, 0x00000007c0000000, 0x00000007c0000000)
  eden space 76800K, 0% used [0x00000007b9c00000,0x00000007b9c00000,0x00000007be700000)
  from space 12800K, 100% used [0x00000007bf380000,0x00000007c0000000,0x00000007c0000000)
  to   space 12800K, 0% used [0x00000007be700000,0x00000007be700000,0x00000007bf380000)
 ParOldGen       total 415744K, used 338416K [0x00000006c1800000, 0x00000006dae00000, 0x00000007b9c00000)
  object space 415744K, 81% used [0x00000006c1800000,0x00000006d627c000,0x00000006dae00000)
 Metaspace       used 2707K, capacity 4486K, committed 4864K, reserved 1056768K
  class space    used 302K, capacity 386K, committed 512K, reserved 1048576K
}
{Heap before GC invocations=240 (full 17):
 PSYoungGen      total 89600K, used 89600K [0x00000007b9c00000, 0x00000007c0000000, 0x00000007c0000000)
  eden space 76800K, 100% used [0x00000007b9c00000,0x00000007be700000,0x00000007be700000)
  from space 12800K, 100% used [0x00000007bf380000,0x00000007c0000000,0x00000007c0000000)
  to   space 12800K, 0% used [0x00000007be700000,0x00000007be700000,0x00000007bf380000)
 ParOldGen       total 415744K, used 338416K [0x00000006c1800000, 0x00000006dae00000, 0x00000007b9c00000)
  object space 415744K, 81% used [0x00000006c1800000,0x00000006d627c000,0x00000006dae00000)
 Metaspace       used 2707K, capacity 4486K, committed 4864K, reserved 1056768K
  class space    used 302K, capacity 386K, committed 512K, reserved 1048576K
Heap after GC invocations=240 (full 17):
 PSYoungGen      total 89600K, used 12800K [0x00000007b9c00000, 0x00000007c0000000, 0x00000007c0000000)
  eden space 76800K, 0% used [0x00000007b9c00000,0x00000007b9c00000,0x00000007be700000)
  from space 12800K, 100% used [0x00000007be700000,0x00000007bf380000,0x00000007bf380000)
  to   space 12800K, 0% used [0x00000007bf380000,0x00000007bf380000,0x00000007c0000000)
 ParOldGen       total 415744K, used 358584K [0x00000006c1800000, 0x00000006dae00000, 0x00000007b9c00000)
  object space 415744K, 86% used [0x00000006c1800000,0x00000006d762e000,0x00000006dae00000)
 Metaspace       used 2707K, capacity 4486K, committed 4864K, reserved 1056768K
  class space    used 302K, capacity 386K, committed 512K, reserved 1048576K
}
{Heap before GC invocations=241 (full 17):
 PSYoungGen      total 89600K, used 89600K [0x00000007b9c00000, 0x00000007c0000000, 0x00000007c0000000)
  eden space 76800K, 100% used [0x00000007b9c00000,0x00000007be700000,0x00000007be700000)
  from space 12800K, 100% used [0x00000007be700000,0x00000007bf380000,0x00000007bf380000)
  to   space 12800K, 0% used [0x00000007bf380000,0x00000007bf380000,0x00000007c0000000)
 ParOldGen       total 415744K, used 358584K [0x00000006c1800000, 0x00000006dae00000, 0x00000007b9c00000)
  object space 415744K, 86% used [0x00000006c1800000,0x00000006d762e000,0x00000006dae00000)
 Metaspace       used 2707K, capacity 4486K, committed 4864K, reserved 1056768K
  class space    used 302K, capacity 386K, committed 512K, reserved 1048576K
Heap after GC invocations=241 (full 17):
 PSYoungGen      total 89600K, used 12800K [0x00000007b9c00000, 0x00000007c0000000, 0x00000007c0000000)
  eden space 76800K, 0% used [0x00000007b9c00000,0x00000007b9c00000,0x00000007be700000)
  from space 12800K, 100% used [0x00000007bf380000,0x00000007c0000000,0x00000007c0000000)
  to   space 12800K, 0% used [0x00000007be700000,0x00000007be700000,0x00000007bf380000)
 ParOldGen       total 415744K, used 378776K [0x00000006c1800000, 0x00000006dae00000, 0x00000007b9c00000)
  object space 415744K, 91% used [0x00000006c1800000,0x00000006d89e6000,0x00000006dae00000)
 Metaspace       used 2707K, capacity 4486K, committed 4864K, reserved 1056768K
  class space    used 302K, capacity 386K, committed 512K, reserved 1048576K
}
{Heap before GC invocations=242 (full 17):
 PSYoungGen      total 89600K, used 89600K [0x00000007b9c00000, 0x00000007c0000000, 0x00000007c0000000)
  eden space 76800K, 100% used [0x00000007b9c00000,0x00000007be700000,0x00000007be700000)
  from space 12800K, 100% used [0x00000007bf380000,0x00000007c0000000,0x00000007c0000000)
  to   space 12800K, 0% used [0x00000007be700000,0x00000007be700000,0x00000007bf380000)
 ParOldGen       total 415744K, used 378776K [0x00000006c1800000, 0x00000006dae00000, 0x00000007b9c00000)
  object space 415744K, 91% used [0x00000006c1800000,0x00000006d89e6000,0x00000006dae00000)
 Metaspace       used 2707K, capacity 4486K, committed 4864K, reserved 1056768K
  class space    used 302K, capacity 386K, committed 512K, reserved 1048576K
Heap after GC invocations=242 (full 17):
 PSYoungGen      total 89600K, used 12800K [0x00000007b9c00000, 0x00000007c0000000, 0x00000007c0000000)
  eden space 76800K, 0% used [0x00000007b9c00000,0x00000007b9c00000,0x00000007be700000)
  from space 12800K, 100% used [0x00000007be700000,0x00000007bf380000,0x00000007bf380000)
  to   space 12800K, 0% used [0x00000007bf380000,0x00000007bf380000,0x00000007c0000000)
 ParOldGen       total 415744K, used 398944K [0x00000006c1800000, 0x00000006dae00000, 0x00000007b9c00000)
  object space 415744K, 95% used [0x00000006c1800000,0x00000006d9d98000,0x00000006dae00000)
 Metaspace       used 2707K, capacity 4486K, committed 4864K, reserved 1056768K
  class space    used 302K, capacity 386K, committed 512K, reserved 1048576K
}
{Heap before GC invocations=243 (full 18):
 PSYoungGen      total 89600K, used 12800K [0x00000007b9c00000, 0x00000007c0000000, 0x00000007c0000000)
  eden space 76800K, 0% used [0x00000007b9c00000,0x00000007b9c00000,0x00000007be700000)
  from space 12800K, 100% used [0x00000007be700000,0x00000007bf380000,0x00000007bf380000)
  to   space 12800K, 0% used [0x00000007bf380000,0x00000007bf380000,0x00000007c0000000)
 ParOldGen       total 415744K, used 398944K [0x00000006c1800000, 0x00000006dae00000, 0x00000007b9c00000)
  object space 415744K, 95% used [0x00000006c1800000,0x00000006d9d98000,0x00000006dae00000)
 Metaspace       used 2707K, capacity 4486K, committed 4864K, reserved 1056768K
  class space    used 302K, capacity 386K, committed 512K, reserved 1048576K
Heap after GC invocations=243 (full 18):
 PSYoungGen      total 89600K, used 0K [0x00000007b9c00000, 0x00000007c0000000, 0x00000007c0000000)
  eden space 76800K, 0% used [0x00000007b9c00000,0x00000007b9c00000,0x00000007be700000)
  from space 12800K, 0% used [0x00000007be700000,0x00000007be700000,0x00000007bf380000)
  to   space 12800K, 0% used [0x00000007bf380000,0x00000007bf380000,0x00000007c0000000)
 ParOldGen       total 427008K, used 35840K [0x00000006c1800000, 0x00000006db900000, 0x00000007b9c00000)
  object space 427008K, 8% used [0x00000006c1800000,0x00000006c3b00000,0x00000006db900000)
 Metaspace       used 2707K, capacity 4486K, committed 4864K, reserved 1056768K
  class space    used 302K, capacity 386K, committed 512K, reserved 1048576K
}
{Heap before GC invocations=244 (full 18):
 PSYoungGen      total 89600K, used 76800K [0x00000007b9c00000, 0x00000007c0000000, 0x00000007c0000000)
  eden space 76800K, 100% used [0x00000007b9c00000,0x00000007be700000,0x00000007be700000)
  from space 12800K, 0% used [0x00000007be700000,0x00000007be700000,0x00000007bf380000)
  to   space 12800K, 0% used [0x00000007bf380000,0x00000007bf380000,0x00000007c0000000)
 ParOldGen       total 427008K, used 35840K [0x00000006c1800000, 0x00000006db900000, 0x00000007b9c00000)
  object space 427008K, 8% used [0x00000006c1800000,0x00000006c3b00000,0x00000006db900000)
 Metaspace       used 2707K, capacity 4486K, committed 4864K, reserved 1056768K
  class space    used 302K, capacity 386K, committed 512K, reserved 1048576K
Heap after GC invocations=244 (full 18):
 PSYoungGen      total 89600K, used 12800K [0x00000007b9c00000, 0x00000007c0000000, 0x00000007c0000000)
  eden space 76800K, 0% used [0x00000007b9c00000,0x00000007b9c00000,0x00000007be700000)
  from space 12800K, 100% used [0x00000007bf380000,0x00000007c0000000,0x00000007c0000000)
  to   space 12800K, 0% used [0x00000007be700000,0x00000007be700000,0x00000007bf380000)
 ParOldGen       total 427008K, used 56008K [0x00000006c1800000, 0x00000006db900000, 0x00000007b9c00000)
  object space 427008K, 13% used [0x00000006c1800000,0x00000006c4eb2000,0x00000006db900000)
 Metaspace       used 2707K, capacity 4486K, committed 4864K, reserved 1056768K
  class space    used 302K, capacity 386K, committed 512K, reserved 1048576K
}
{Heap before GC invocations=245 (full 18):
 PSYoungGen      total 89600K, used 89600K [0x00000007b9c00000, 0x00000007c0000000, 0x00000007c0000000)
  eden space 76800K, 100% used [0x00000007b9c00000,0x00000007be700000,0x00000007be700000)
  from space 12800K, 100% used [0x00000007bf380000,0x00000007c0000000,0x00000007c0000000)
  to   space 12800K, 0% used [0x00000007be700000,0x00000007be700000,0x00000007bf380000)
 ParOldGen       total 427008K, used 56008K [0x00000006c1800000, 0x00000006db900000, 0x00000007b9c00000)
  object space 427008K, 13% used [0x00000006c1800000,0x00000006c4eb2000,0x00000006db900000)
 Metaspace       used 2707K, capacity 4486K, committed 4864K, reserved 1056768K
  class space    used 302K, capacity 386K, committed 512K, reserved 1048576K
Heap after GC invocations=245 (full 18):
 PSYoungGen      total 89600K, used 12800K [0x00000007b9c00000, 0x00000007c0000000, 0x00000007c0000000)
  eden space 76800K, 0% used [0x00000007b9c00000,0x00000007b9c00000,0x00000007be700000)
  from space 12800K, 100% used [0x00000007be700000,0x00000007bf380000,0x00000007bf380000)
  to   space 12800K, 0% used [0x00000007bf380000,0x00000007bf380000,0x00000007c0000000)
 ParOldGen       total 427008K, used 76184K [0x00000006c1800000, 0x00000006db900000, 0x00000007b9c00000)
  object space 427008K, 17% used [0x00000006c1800000,0x00000006c6266000,0x00000006db900000)
 Metaspace       used 2707K, capacity 4486K, committed 4864K, reserved 1056768K
  class space    used 302K, capacity 386K, committed 512K, reserved 1048576K
}
{Heap before GC invocations=246 (full 18):
 PSYoungGen      total 89600K, used 89600K [0x00000007b9c00000, 0x00000007c0000000, 0x00000007c0000000)
  eden space 76800K, 100% used [0x00000007b9c00000,0x00000007be700000,0x00000007be700000)
  from space 12800K, 100% used [0x00000007be700000,0x00000007bf380000,0x00000007bf380000)
  to   space 12800K, 0% used [0x00000007bf380000,0x00000007bf380000,0x00000007c0000000)
 ParOldGen       total 427008K, used 76184K [0x00000006c1800000, 0x00000006db900000, 0x00000007b9c00000)
  object space 427008K, 17% used [0x00000006c1800000,0x00000006c6266000,0x00000006db900000)
 Metaspace       used 2707K, capacity 4486K, committed 4864K, reserved 1056768K
  class space    used 302K, capacity 386K, committed 512K, reserved 1048576K
Heap after GC invocations=246 (full 18):
 PSYoungGen      total 89600K, used 12800K [0x00000007b9c00000, 0x00000007c0000000, 0x00000007c0000000)
  eden space 76800K, 0% used [0x00000007b9c00000,0x00000007b9c00000,0x00000007be700000)
  from space 12800K, 100% used [0x00000007bf380000,0x00000007c0000000,0x00000007c0000000)
  to   space 12800K, 0% used [0x00000007be700000,0x00000007be700000,0x00000007bf380000)
 ParOldGen       total 427008K, used 96352K [0x00000006c1800000, 0x00000006db900000, 0x00000007b9c00000)
  object space 427008K, 22% used [0x00000006c1800000,0x00000006c7618000,0x00000006db900000)
 Metaspace       used 2707K, capacity 4486K, committed 4864K, reserved 1056768K
  class space    used 302K, capacity 386K, committed 512K, reserved 1048576K
}
{Heap before GC invocations=247 (full 18):
 PSYoungGen      total 89600K, used 89600K [0x00000007b9c00000, 0x00000007c0000000, 0x00000007c0000000)
  eden space 76800K, 100% used [0x00000007b9c00000,0x00000007be700000,0x00000007be700000)
  from space 12800K, 100% used [0x00000007bf380000,0x00000007c0000000,0x00000007c0000000)
  to   space 12800K, 0% used [0x00000007be700000,0x00000007be700000,0x00000007bf380000)
 ParOldGen       total 427008K, used 96352K [0x00000006c1800000, 0x00000006db900000, 0x00000007b9c00000)
  object space 427008K, 22% used [0x00000006c1800000,0x00000006c7618000,0x00000006db900000)
 Metaspace       used 2707K, capacity 4486K, committed 4864K, reserved 1056768K
  class space    used 302K, capacity 386K, committed 512K, reserved 1048576K
Heap after GC invocations=247 (full 18):
 PSYoungGen      total 89600K, used 12800K [0x00000007b9c00000, 0x00000007c0000000, 0x00000007c0000000)
  eden space 76800K, 0% used [0x00000007b9c00000,0x00000007b9c00000,0x00000007be700000)
  from space 12800K, 100% used [0x00000007be700000,0x00000007bf380000,0x00000007bf380000)
  to   space 12800K, 0% used [0x00000007bf380000,0x00000007bf380000,0x00000007c0000000)
 ParOldGen       total 427008K, used 116512K [0x00000006c1800000, 0x00000006db900000, 0x00000007b9c00000)
  object space 427008K, 27% used [0x00000006c1800000,0x00000006c89c8000,0x00000006db900000)
 Metaspace       used 2707K, capacity 4486K, committed 4864K, reserved 1056768K
  class space    used 302K, capacity 386K, committed 512K, reserved 1048576K
}
{Heap before GC invocations=248 (full 18):
 PSYoungGen      total 89600K, used 89600K [0x00000007b9c00000, 0x00000007c0000000, 0x00000007c0000000)
  eden space 76800K, 100% used [0x00000007b9c00000,0x00000007be700000,0x00000007be700000)
  from space 12800K, 100% used [0x00000007be700000,0x00000007bf380000,0x00000007bf380000)
  to   space 12800K, 0% used [0x00000007bf380000,0x00000007bf380000,0x00000007c0000000)
 ParOldGen       total 427008K, used 116512K [0x00000006c1800000, 0x00000006db900000, 0x00000007b9c00000)
  object space 427008K, 27% used [0x00000006c1800000,0x00000006c89c8000,0x00000006db900000)
 Metaspace       used 2707K, capacity 4486K, committed 4864K, reserved 1056768K
  class space    used 302K, capacity 386K, committed 512K, reserved 1048576K
Heap after GC invocations=248 (full 18):
 PSYoungGen      total 89600K, used 12800K [0x00000007b9c00000, 0x00000007c0000000, 0x00000007c0000000)
  eden space 76800K, 0% used [0x00000007b9c00000,0x00000007b9c00000,0x00000007be700000)
  from space 12800K, 100% used [0x00000007bf380000,0x00000007c0000000,0x00000007c0000000)
  to   space 12800K, 0% used [0x00000007be700000,0x00000007be700000,0x00000007bf380000)
 ParOldGen       total 427008K, used 136672K [0x00000006c1800000, 0x00000006db900000, 0x00000007b9c00000)
  object space 427008K, 32% used [0x00000006c1800000,0x00000006c9d78000,0x00000006db900000)
 Metaspace       used 2707K, capacity 4486K, committed 4864K, reserved 1056768K
  class space    used 302K, capacity 386K, committed 512K, reserved 1048576K
}
{Heap before GC invocations=249 (full 18):
 PSYoungGen      total 89600K, used 89600K [0x00000007b9c00000, 0x00000007c0000000, 0x00000007c0000000)
  eden space 76800K, 100% used [0x00000007b9c00000,0x00000007be700000,0x00000007be700000)
  from space 12800K, 100% used [0x00000007bf380000,0x00000007c0000000,0x00000007c0000000)
  to   space 12800K, 0% used [0x00000007be700000,0x00000007be700000,0x00000007bf380000)
 ParOldGen       total 427008K, used 136672K [0x00000006c1800000, 0x00000006db900000, 0x00000007b9c00000)
  object space 427008K, 32% used [0x00000006c1800000,0x00000006c9d78000,0x00000006db900000)
 Metaspace       used 2707K, capacity 4486K, committed 4864K, reserved 1056768K
  class space    used 302K, capacity 386K, committed 512K, reserved 1048576K
Heap after GC invocations=249 (full 18):
 PSYoungGen      total 89600K, used 12800K [0x00000007b9c00000, 0x00000007c0000000, 0x00000007c0000000)
  eden space 76800K, 0% used [0x00000007b9c00000,0x00000007b9c00000,0x00000007be700000)
  from space 12800K, 100% used [0x00000007be700000,0x00000007bf380000,0x00000007bf380000)
  to   space 12800K, 0% used [0x00000007bf380000,0x00000007bf380000,0x00000007c0000000)
 ParOldGen       total 427008K, used 156840K [0x00000006c1800000, 0x00000006db900000, 0x00000007b9c00000)
  object space 427008K, 36% used [0x00000006c1800000,0x00000006cb12a000,0x00000006db900000)
 Metaspace       used 2707K, capacity 4486K, committed 4864K, reserved 1056768K
  class space    used 302K, capacity 386K, committed 512K, reserved 1048576K
}
{Heap before GC invocations=250 (full 18):
 PSYoungGen      total 89600K, used 89600K [0x00000007b9c00000, 0x00000007c0000000, 0x00000007c0000000)
  eden space 76800K, 100% used [0x00000007b9c00000,0x00000007be700000,0x00000007be700000)
  from space 12800K, 100% used [0x00000007be700000,0x00000007bf380000,0x00000007bf380000)
  to   space 12800K, 0% used [0x00000007bf380000,0x00000007bf380000,0x00000007c0000000)
 ParOldGen       total 427008K, used 156840K [0x00000006c1800000, 0x00000006db900000, 0x00000007b9c00000)
  object space 427008K, 36% used [0x00000006c1800000,0x00000006cb12a000,0x00000006db900000)
 Metaspace       used 2707K, capacity 4486K, committed 4864K, reserved 1056768K
  class space    used 302K, capacity 386K, committed 512K, reserved 1048576K
Heap after GC invocations=250 (full 18):
 PSYoungGen      total 89600K, used 12800K [0x00000007b9c00000, 0x00000007c0000000, 0x00000007c0000000)
  eden space 76800K, 0% used [0x00000007b9c00000,0x00000007b9c00000,0x00000007be700000)
  from space 12800K, 100% used [0x00000007bf380000,0x00000007c0000000,0x00000007c0000000)
  to   space 12800K, 0% used [0x00000007be700000,0x00000007be700000,0x00000007bf380000)
 ParOldGen       total 427008K, used 177000K [0x00000006c1800000, 0x00000006db900000, 0x00000007b9c00000)
  object space 427008K, 41% used [0x00000006c1800000,0x00000006cc4da000,0x00000006db900000)
 Metaspace       used 2707K, capacity 4486K, committed 4864K, reserved 1056768K
  class space    used 302K, capacity 386K, committed 512K, reserved 1048576K
}
{Heap before GC invocations=251 (full 18):
 PSYoungGen      total 89600K, used 89600K [0x00000007b9c00000, 0x00000007c0000000, 0x00000007c0000000)
  eden space 76800K, 100% used [0x00000007b9c00000,0x00000007be700000,0x00000007be700000)
  from space 12800K, 100% used [0x00000007bf380000,0x00000007c0000000,0x00000007c0000000)
  to   space 12800K, 0% used [0x00000007be700000,0x00000007be700000,0x00000007bf380000)
 ParOldGen       total 427008K, used 177000K [0x00000006c1800000, 0x00000006db900000, 0x00000007b9c00000)
  object space 427008K, 41% used [0x00000006c1800000,0x00000006cc4da000,0x00000006db900000)
 Metaspace       used 2707K, capacity 4486K, committed 4864K, reserved 1056768K
  class space    used 302K, capacity 386K, committed 512K, reserved 1048576K
Heap after GC invocations=251 (full 18):
 PSYoungGen      total 89600K, used 12800K [0x00000007b9c00000, 0x00000007c0000000, 0x00000007c0000000)
  eden space 76800K, 0% used [0x00000007b9c00000,0x00000007b9c00000,0x00000007be700000)
  from space 12800K, 100% used [0x00000007be700000,0x00000007bf380000,0x00000007bf380000)
  to   space 12800K, 0% used [0x00000007bf380000,0x00000007bf380000,0x00000007c0000000)
 ParOldGen       total 427008K, used 197176K [0x00000006c1800000, 0x00000006db900000, 0x00000007b9c00000)
  object space 427008K, 46% used [0x00000006c1800000,0x00000006cd88e000,0x00000006db900000)
 Metaspace       used 2707K, capacity 4486K, committed 4864K, reserved 1056768K
  class space    used 302K, capacity 386K, committed 512K, reserved 1048576K
}
{Heap before GC invocations=252 (full 18):
 PSYoungGen      total 89600K, used 89600K [0x00000007b9c00000, 0x00000007c0000000, 0x00000007c0000000)
  eden space 76800K, 100% used [0x00000007b9c00000,0x00000007be700000,0x00000007be700000)
  from space 12800K, 100% used [0x00000007be700000,0x00000007bf380000,0x00000007bf380000)
  to   space 12800K, 0% used [0x00000007bf380000,0x00000007bf380000,0x00000007c0000000)
 ParOldGen       total 427008K, used 197176K [0x00000006c1800000, 0x00000006db900000, 0x00000007b9c00000)
  object space 427008K, 46% used [0x00000006c1800000,0x00000006cd88e000,0x00000006db900000)
 Metaspace       used 2707K, capacity 4486K, committed 4864K, reserved 1056768K
  class space    used 302K, capacity 386K, committed 512K, reserved 1048576K
Heap after GC invocations=252 (full 18):
 PSYoungGen      total 89600K, used 12800K [0x00000007b9c00000, 0x00000007c0000000, 0x00000007c0000000)
  eden space 76800K, 0% used [0x00000007b9c00000,0x00000007b9c00000,0x00000007be700000)
  from space 12800K, 100% used [0x00000007bf380000,0x00000007c0000000,0x00000007c0000000)
  to   space 12800K, 0% used [0x00000007be700000,0x00000007be700000,0x00000007bf380000)
 ParOldGen       total 427008K, used 217344K [0x00000006c1800000, 0x00000006db900000, 0x00000007b9c00000)
  object space 427008K, 50% used [0x00000006c1800000,0x00000006cec40000,0x00000006db900000)
 Metaspace       used 2707K, capacity 4486K, committed 4864K, reserved 1056768K
  class space    used 302K, capacity 386K, committed 512K, reserved 1048576K
}
{Heap before GC invocations=253 (full 18):
 PSYoungGen      total 89600K, used 89600K [0x00000007b9c00000, 0x00000007c0000000, 0x00000007c0000000)
  eden space 76800K, 100% used [0x00000007b9c00000,0x00000007be700000,0x00000007be700000)
  from space 12800K, 100% used [0x00000007bf380000,0x00000007c0000000,0x00000007c0000000)
  to   space 12800K, 0% used [0x00000007be700000,0x00000007be700000,0x00000007bf380000)
 ParOldGen       total 427008K, used 217344K [0x00000006c1800000, 0x00000006db900000, 0x00000007b9c00000)
  object space 427008K, 50% used [0x00000006c1800000,0x00000006cec40000,0x00000006db900000)
 Metaspace       used 2707K, capacity 4486K, committed 4864K, reserved 1056768K
  class space    used 302K, capacity 386K, committed 512K, reserved 1048576K
Heap after GC invocations=253 (full 18):
 PSYoungGen      total 89600K, used 12800K [0x00000007b9c00000, 0x00000007c0000000, 0x00000007c0000000)
  eden space 76800K, 0% used [0x00000007b9c00000,0x00000007b9c00000,0x00000007be700000)
  from space 12800K, 100% used [0x00000007be700000,0x00000007bf380000,0x00000007bf380000)
  to   space 12800K, 0% used [0x00000007bf380000,0x00000007bf380000,0x00000007c0000000)
 ParOldGen       total 427008K, used 237504K [0x00000006c1800000, 0x00000006db900000, 0x00000007b9c00000)
  object space 427008K, 55% used [0x00000006c1800000,0x00000006cfff0000,0x00000006db900000)
 Metaspace       used 2707K, capacity 4486K, committed 4864K, reserved 1056768K
  class space    used 302K, capacity 386K, committed 512K, reserved 1048576K
}
{Heap before GC invocations=254 (full 18):
 PSYoungGen      total 89600K, used 89600K [0x00000007b9c00000, 0x00000007c0000000, 0x00000007c0000000)
  eden space 76800K, 100% used [0x00000007b9c00000,0x00000007be700000,0x00000007be700000)
  from space 12800K, 100% used [0x00000007be700000,0x00000007bf380000,0x00000007bf380000)
  to   space 12800K, 0% used [0x00000007bf380000,0x00000007bf380000,0x00000007c0000000)
 ParOldGen       total 427008K, used 237504K [0x00000006c1800000, 0x00000006db900000, 0x00000007b9c00000)
  object space 427008K, 55% used [0x00000006c1800000,0x00000006cfff0000,0x00000006db900000)
 Metaspace       used 2707K, capacity 4486K, committed 4864K, reserved 1056768K
  class space    used 302K, capacity 386K, committed 512K, reserved 1048576K
Heap after GC invocations=254 (full 18):
 PSYoungGen      total 89600K, used 12800K [0x00000007b9c00000, 0x00000007c0000000, 0x00000007c0000000)
  eden space 76800K, 0% used [0x00000007b9c00000,0x00000007b9c00000,0x00000007be700000)
  from space 12800K, 100% used [0x00000007bf380000,0x00000007c0000000,0x00000007c0000000)
  to   space 12800K, 0% used [0x00000007be700000,0x00000007be700000,0x00000007bf380000)
 ParOldGen       total 427008K, used 257696K [0x00000006c1800000, 0x00000006db900000, 0x00000007b9c00000)
  object space 427008K, 60% used [0x00000006c1800000,0x00000006d13a8000,0x00000006db900000)
 Metaspace       used 2707K, capacity 4486K, committed 4864K, reserved 1056768K
  class space    used 302K, capacity 386K, committed 512K, reserved 1048576K
}
{Heap before GC invocations=255 (full 18):
 PSYoungGen      total 89600K, used 89600K [0x00000007b9c00000, 0x00000007c0000000, 0x00000007c0000000)
  eden space 76800K, 100% used [0x00000007b9c00000,0x00000007be700000,0x00000007be700000)
  from space 12800K, 100% used [0x00000007bf380000,0x00000007c0000000,0x00000007c0000000)
  to   space 12800K, 0% used [0x00000007be700000,0x00000007be700000,0x00000007bf380000)
 ParOldGen       total 427008K, used 257696K [0x00000006c1800000, 0x00000006db900000, 0x00000007b9c00000)
  object space 427008K, 60% used [0x00000006c1800000,0x00000006d13a8000,0x00000006db900000)
 Metaspace       used 2707K, capacity 4486K, committed 4864K, reserved 1056768K
  class space    used 302K, capacity 386K, committed 512K, reserved 1048576K
Heap after GC invocations=255 (full 18):
 PSYoungGen      total 89600K, used 12800K [0x00000007b9c00000, 0x00000007c0000000, 0x00000007c0000000)
  eden space 76800K, 0% used [0x00000007b9c00000,0x00000007b9c00000,0x00000007be700000)
  from space 12800K, 100% used [0x00000007be700000,0x00000007bf380000,0x00000007bf380000)
  to   space 12800K, 0% used [0x00000007bf380000,0x00000007bf380000,0x00000007c0000000)
 ParOldGen       total 427008K, used 277864K [0x00000006c1800000, 0x00000006db900000, 0x00000007b9c00000)
  object space 427008K, 65% used [0x00000006c1800000,0x00000006d275a000,0x00000006db900000)
 Metaspace       used 2707K, capacity 4486K, committed 4864K, reserved 1056768K
  class space    used 302K, capacity 386K, committed 512K, reserved 1048576K
}
{Heap before GC invocations=256 (full 18):
 PSYoungGen      total 89600K, used 89600K [0x00000007b9c00000, 0x00000007c0000000, 0x00000007c0000000)
  eden space 76800K, 100% used [0x00000007b9c00000,0x00000007be700000,0x00000007be700000)
  from space 12800K, 100% used [0x00000007be700000,0x00000007bf380000,0x00000007bf380000)
  to   space 12800K, 0% used [0x00000007bf380000,0x00000007bf380000,0x00000007c0000000)
 ParOldGen       total 427008K, used 277864K [0x00000006c1800000, 0x00000006db900000, 0x00000007b9c00000)
  object space 427008K, 65% used [0x00000006c1800000,0x00000006d275a000,0x00000006db900000)
 Metaspace       used 2707K, capacity 4486K, committed 4864K, reserved 1056768K
  class space    used 302K, capacity 386K, committed 512K, reserved 1048576K
Heap after GC invocations=256 (full 18):
 PSYoungGen      total 89600K, used 12800K [0x00000007b9c00000, 0x00000007c0000000, 0x00000007c0000000)
  eden space 76800K, 0% used [0x00000007b9c00000,0x00000007b9c00000,0x00000007be700000)
  from space 12800K, 100% used [0x00000007bf380000,0x00000007c0000000,0x00000007c0000000)
  to   space 12800K, 0% used [0x00000007be700000,0x00000007be700000,0x00000007bf380000)
 ParOldGen       total 427008K, used 298040K [0x00000006c1800000, 0x00000006db900000, 0x00000007b9c00000)
  object space 427008K, 69% used [0x00000006c1800000,0x00000006d3b0e000,0x00000006db900000)
 Metaspace       used 2707K, capacity 4486K, committed 4864K, reserved 1056768K
  class space    used 302K, capacity 386K, committed 512K, reserved 1048576K
}
{Heap before GC invocations=257 (full 18):
 PSYoungGen      total 89600K, used 89600K [0x00000007b9c00000, 0x00000007c0000000, 0x00000007c0000000)
  eden space 76800K, 100% used [0x00000007b9c00000,0x00000007be700000,0x00000007be700000)
  from space 12800K, 100% used [0x00000007bf380000,0x00000007c0000000,0x00000007c0000000)
  to   space 12800K, 0% used [0x00000007be700000,0x00000007be700000,0x00000007bf380000)
 ParOldGen       total 427008K, used 298040K [0x00000006c1800000, 0x00000006db900000, 0x00000007b9c00000)
  object space 427008K, 69% used [0x00000006c1800000,0x00000006d3b0e000,0x00000006db900000)
 Metaspace       used 2707K, capacity 4486K, committed 4864K, reserved 1056768K
  class space    used 302K, capacity 386K, committed 512K, reserved 1048576K
Heap after GC invocations=257 (full 18):
 PSYoungGen      total 89600K, used 12800K [0x00000007b9c00000, 0x00000007c0000000, 0x00000007c0000000)
  eden space 76800K, 0% used [0x00000007b9c00000,0x00000007b9c00000,0x00000007be700000)
  from space 12800K, 100% used [0x00000007be700000,0x00000007bf380000,0x00000007bf380000)
  to   space 12800K, 0% used [0x00000007bf380000,0x00000007bf380000,0x00000007c0000000)
 ParOldGen       total 427008K, used 318224K [0x00000006c1800000, 0x00000006db900000, 0x00000007b9c00000)
  object space 427008K, 74% used [0x00000006c1800000,0x00000006d4ec4000,0x00000006db900000)
 Metaspace       used 2707K, capacity 4486K, committed 4864K, reserved 1056768K
  class space    used 302K, capacity 386K, committed 512K, reserved 1048576K
}
{Heap before GC invocations=258 (full 18):
 PSYoungGen      total 89600K, used 89600K [0x00000007b9c00000, 0x00000007c0000000, 0x00000007c0000000)
  eden space 76800K, 100% used [0x00000007b9c00000,0x00000007be700000,0x00000007be700000)
  from space 12800K, 100% used [0x00000007be700000,0x00000007bf380000,0x00000007bf380000)
  to   space 12800K, 0% used [0x00000007bf380000,0x00000007bf380000,0x00000007c0000000)
 ParOldGen       total 427008K, used 318224K [0x00000006c1800000, 0x00000006db900000, 0x00000007b9c00000)
  object space 427008K, 74% used [0x00000006c1800000,0x00000006d4ec4000,0x00000006db900000)
 Metaspace       used 2707K, capacity 4486K, committed 4864K, reserved 1056768K
  class space    used 302K, capacity 386K, committed 512K, reserved 1048576K
Heap after GC invocations=258 (full 18):
 PSYoungGen      total 89600K, used 12800K [0x00000007b9c00000, 0x00000007c0000000, 0x00000007c0000000)
  eden space 76800K, 0% used [0x00000007b9c00000,0x00000007b9c00000,0x00000007be700000)
  from space 12800K, 100% used [0x00000007bf380000,0x00000007c0000000,0x00000007c0000000)
  to   space 12800K, 0% used [0x00000007be700000,0x00000007be700000,0x00000007bf380000)
 ParOldGen       total 427008K, used 338384K [0x00000006c1800000, 0x00000006db900000, 0x00000007b9c00000)
  object space 427008K, 79% used [0x00000006c1800000,0x00000006d6274000,0x00000006db900000)
 Metaspace       used 2707K, capacity 4486K, committed 4864K, reserved 1056768K
  class space    used 302K, capacity 386K, committed 512K, reserved 1048576K
}
{Heap before GC invocations=259 (full 18):
 PSYoungGen      total 89600K, used 89600K [0x00000007b9c00000, 0x00000007c0000000, 0x00000007c0000000)
  eden space 76800K, 100% used [0x00000007b9c00000,0x00000007be700000,0x00000007be700000)
  from space 12800K, 100% used [0x00000007bf380000,0x00000007c0000000,0x00000007c0000000)
  to   space 12800K, 0% used [0x00000007be700000,0x00000007be700000,0x00000007bf380000)
 ParOldGen       total 427008K, used 338384K [0x00000006c1800000, 0x00000006db900000, 0x00000007b9c00000)
  object space 427008K, 79% used [0x00000006c1800000,0x00000006d6274000,0x00000006db900000)
 Metaspace       used 2707K, capacity 4486K, committed 4864K, reserved 1056768K
  class space    used 302K, capacity 386K, committed 512K, reserved 1048576K
Heap after GC invocations=259 (full 18):
 PSYoungGen      total 89600K, used 12800K [0x00000007b9c00000, 0x00000007c0000000, 0x00000007c0000000)
  eden space 76800K, 0% used [0x00000007b9c00000,0x00000007b9c00000,0x00000007be700000)
  from space 12800K, 100% used [0x00000007be700000,0x00000007bf380000,0x00000007bf380000)
  to   space 12800K, 0% used [0x00000007bf380000,0x00000007bf380000,0x00000007c0000000)
 ParOldGen       total 427008K, used 358552K [0x00000006c1800000, 0x00000006db900000, 0x00000007b9c00000)
  object space 427008K, 83% used [0x00000006c1800000,0x00000006d7626000,0x00000006db900000)
 Metaspace       used 2707K, capacity 4486K, committed 4864K, reserved 1056768K
  class space    used 302K, capacity 386K, committed 512K, reserved 1048576K
}
{Heap before GC invocations=260 (full 18):
 PSYoungGen      total 89600K, used 89600K [0x00000007b9c00000, 0x00000007c0000000, 0x00000007c0000000)
  eden space 76800K, 100% used [0x00000007b9c00000,0x00000007be700000,0x00000007be700000)
  from space 12800K, 100% used [0x00000007be700000,0x00000007bf380000,0x00000007bf380000)
  to   space 12800K, 0% used [0x00000007bf380000,0x00000007bf380000,0x00000007c0000000)
 ParOldGen       total 427008K, used 358552K [0x00000006c1800000, 0x00000006db900000, 0x00000007b9c00000)
  object space 427008K, 83% used [0x00000006c1800000,0x00000006d7626000,0x00000006db900000)
 Metaspace       used 2707K, capacity 4486K, committed 4864K, reserved 1056768K
  class space    used 302K, capacity 386K, committed 512K, reserved 1048576K
Heap after GC invocations=260 (full 18):
 PSYoungGen      total 89600K, used 12800K [0x00000007b9c00000, 0x00000007c0000000, 0x00000007c0000000)
  eden space 76800K, 0% used [0x00000007b9c00000,0x00000007b9c00000,0x00000007be700000)
  from space 12800K, 100% used [0x00000007bf380000,0x00000007c0000000,0x00000007c0000000)
  to   space 12800K, 0% used [0x00000007be700000,0x00000007be700000,0x00000007bf380000)
 ParOldGen       total 427008K, used 378720K [0x00000006c1800000, 0x00000006db900000, 0x00000007b9c00000)
  object space 427008K, 88% used [0x00000006c1800000,0x00000006d89d8000,0x00000006db900000)
 Metaspace       used 2707K, capacity 4486K, committed 4864K, reserved 1056768K
  class space    used 302K, capacity 386K, committed 512K, reserved 1048576K
}
{Heap before GC invocations=261 (full 18):
 PSYoungGen      total 89600K, used 89600K [0x00000007b9c00000, 0x00000007c0000000, 0x00000007c0000000)
  eden space 76800K, 100% used [0x00000007b9c00000,0x00000007be700000,0x00000007be700000)
  from space 12800K, 100% used [0x00000007bf380000,0x00000007c0000000,0x00000007c0000000)
  to   space 12800K, 0% used [0x00000007be700000,0x00000007be700000,0x00000007bf380000)
 ParOldGen       total 427008K, used 378720K [0x00000006c1800000, 0x00000006db900000, 0x00000007b9c00000)
  object space 427008K, 88% used [0x00000006c1800000,0x00000006d89d8000,0x00000006db900000)
 Metaspace       used 2707K, capacity 4486K, committed 4864K, reserved 1056768K
  class space    used 302K, capacity 386K, committed 512K, reserved 1048576K
Heap after GC invocations=261 (full 18):
 PSYoungGen      total 89600K, used 12800K [0x00000007b9c00000, 0x00000007c0000000, 0x00000007c0000000)
  eden space 76800K, 0% used [0x00000007b9c00000,0x00000007b9c00000,0x00000007be700000)
  from space 12800K, 100% used [0x00000007be700000,0x00000007bf380000,0x00000007bf380000)
  to   space 12800K, 0% used [0x00000007bf380000,0x00000007bf380000,0x00000007c0000000)
 ParOldGen       total 427008K, used 398888K [0x00000006c1800000, 0x00000006db900000, 0x00000007b9c00000)
  object space 427008K, 93% used [0x00000006c1800000,0x00000006d9d8a000,0x00000006db900000)
 Metaspace       used 2707K, capacity 4486K, committed 4864K, reserved 1056768K
  class space    used 302K, capacity 386K, committed 512K, reserved 1048576K
}
{Heap before GC invocations=262 (full 18):
 PSYoungGen      total 89600K, used 89600K [0x00000007b9c00000, 0x00000007c0000000, 0x00000007c0000000)
  eden space 76800K, 100% used [0x00000007b9c00000,0x00000007be700000,0x00000007be700000)
  from space 12800K, 100% used [0x00000007be700000,0x00000007bf380000,0x00000007bf380000)
  to   space 12800K, 0% used [0x00000007bf380000,0x00000007bf380000,0x00000007c0000000)
 ParOldGen       total 427008K, used 398888K [0x00000006c1800000, 0x00000006db900000, 0x00000007b9c00000)
  object space 427008K, 93% used [0x00000006c1800000,0x00000006d9d8a000,0x00000006db900000)
 Metaspace       used 2707K, capacity 4486K, committed 4864K, reserved 1056768K
  class space    used 302K, capacity 386K, committed 512K, reserved 1048576K
Heap after GC invocations=262 (full 18):
 PSYoungGen      total 89600K, used 12800K [0x00000007b9c00000, 0x00000007c0000000, 0x00000007c0000000)
  eden space 76800K, 0% used [0x00000007b9c00000,0x00000007b9c00000,0x00000007be700000)
  from space 12800K, 100% used [0x00000007bf380000,0x00000007c0000000,0x00000007c0000000)
  to   space 12800K, 0% used [0x00000007be700000,0x00000007be700000,0x00000007bf380000)
 ParOldGen       total 427008K, used 419048K [0x00000006c1800000, 0x00000006db900000, 0x00000007b9c00000)
  object space 427008K, 98% used [0x00000006c1800000,0x00000006db13a000,0x00000006db900000)
 Metaspace       used 2707K, capacity 4486K, committed 4864K, reserved 1056768K
  class space    used 302K, capacity 386K, committed 512K, reserved 1048576K
}
{Heap before GC invocations=263 (full 19):
 PSYoungGen      total 89600K, used 12800K [0x00000007b9c00000, 0x00000007c0000000, 0x00000007c0000000)
  eden space 76800K, 0% used [0x00000007b9c00000,0x00000007b9c00000,0x00000007be700000)
  from space 12800K, 100% used [0x00000007bf380000,0x00000007c0000000,0x00000007c0000000)
  to   space 12800K, 0% used [0x00000007be700000,0x00000007be700000,0x00000007bf380000)
 ParOldGen       total 427008K, used 419048K [0x00000006c1800000, 0x00000006db900000, 0x00000007b9c00000)
  object space 427008K, 98% used [0x00000006c1800000,0x00000006db13a000,0x00000006db900000)
 Metaspace       used 2707K, capacity 4486K, committed 4864K, reserved 1056768K
  class space    used 302K, capacity 386K, committed 512K, reserved 1048576K
Heap after GC invocations=263 (full 19):
 PSYoungGen      total 89600K, used 0K [0x00000007b9c00000, 0x00000007c0000000, 0x00000007c0000000)
  eden space 76800K, 0% used [0x00000007b9c00000,0x00000007b9c00000,0x00000007be700000)
  from space 12800K, 0% used [0x00000007bf380000,0x00000007bf380000,0x00000007c0000000)
  to   space 12800K, 0% used [0x00000007be700000,0x00000007be700000,0x00000007bf380000)
 ParOldGen       total 438784K, used 35840K [0x00000006c1800000, 0x00000006dc480000, 0x00000007b9c00000)
  object space 438784K, 8% used [0x00000006c1800000,0x00000006c3b00000,0x00000006dc480000)
 Metaspace       used 2707K, capacity 4486K, committed 4864K, reserved 1056768K
  class space    used 302K, capacity 386K, committed 512K, reserved 1048576K
}
{Heap before GC invocations=264 (full 19):
 PSYoungGen      total 89600K, used 76800K [0x00000007b9c00000, 0x00000007c0000000, 0x00000007c0000000)
  eden space 76800K, 100% used [0x00000007b9c00000,0x00000007be700000,0x00000007be700000)
  from space 12800K, 0% used [0x00000007bf380000,0x00000007bf380000,0x00000007c0000000)
  to   space 12800K, 0% used [0x00000007be700000,0x00000007be700000,0x00000007bf380000)
 ParOldGen       total 438784K, used 35840K [0x00000006c1800000, 0x00000006dc480000, 0x00000007b9c00000)
  object space 438784K, 8% used [0x00000006c1800000,0x00000006c3b00000,0x00000006dc480000)
 Metaspace       used 2707K, capacity 4486K, committed 4864K, reserved 1056768K
  class space    used 302K, capacity 386K, committed 512K, reserved 1048576K
Heap after GC invocations=264 (full 19):
 PSYoungGen      total 89600K, used 12800K [0x00000007b9c00000, 0x00000007c0000000, 0x00000007c0000000)
  eden space 76800K, 0% used [0x00000007b9c00000,0x00000007b9c00000,0x00000007be700000)
  from space 12800K, 100% used [0x00000007be700000,0x00000007bf380000,0x00000007bf380000)
  to   space 12800K, 0% used [0x00000007bf380000,0x00000007bf380000,0x00000007c0000000)
 ParOldGen       total 438784K, used 56008K [0x00000006c1800000, 0x00000006dc480000, 0x00000007b9c00000)
  object space 438784K, 12% used [0x00000006c1800000,0x00000006c4eb2000,0x00000006dc480000)
 Metaspace       used 2707K, capacity 4486K, committed 4864K, reserved 1056768K
  class space    used 302K, capacity 386K, committed 512K, reserved 1048576K
}
{Heap before GC invocations=265 (full 19):
 PSYoungGen      total 89600K, used 89600K [0x00000007b9c00000, 0x00000007c0000000, 0x00000007c0000000)
  eden space 76800K, 100% used [0x00000007b9c00000,0x00000007be700000,0x00000007be700000)
  from space 12800K, 100% used [0x00000007be700000,0x00000007bf380000,0x00000007bf380000)
  to   space 12800K, 0% used [0x00000007bf380000,0x00000007bf380000,0x00000007c0000000)
 ParOldGen       total 438784K, used 56008K [0x00000006c1800000, 0x00000006dc480000, 0x00000007b9c00000)
  object space 438784K, 12% used [0x00000006c1800000,0x00000006c4eb2000,0x00000006dc480000)
 Metaspace       used 2707K, capacity 4486K, committed 4864K, reserved 1056768K
  class space    used 302K, capacity 386K, committed 512K, reserved 1048576K
Heap after GC invocations=265 (full 19):
 PSYoungGen      total 89600K, used 12800K [0x00000007b9c00000, 0x00000007c0000000, 0x00000007c0000000)
  eden space 76800K, 0% used [0x00000007b9c00000,0x00000007b9c00000,0x00000007be700000)
  from space 12800K, 100% used [0x00000007bf380000,0x00000007c0000000,0x00000007c0000000)
  to   space 12800K, 0% used [0x00000007be700000,0x00000007be700000,0x00000007bf380000)
 ParOldGen       total 438784K, used 76168K [0x00000006c1800000, 0x00000006dc480000, 0x00000007b9c00000)
  object space 438784K, 17% used [0x00000006c1800000,0x00000006c6262000,0x00000006dc480000)
 Metaspace       used 2707K, capacity 4486K, committed 4864K, reserved 1056768K
  class space    used 302K, capacity 386K, committed 512K, reserved 1048576K
}
{Heap before GC invocations=266 (full 19):
 PSYoungGen      total 89600K, used 89600K [0x00000007b9c00000, 0x00000007c0000000, 0x00000007c0000000)
  eden space 76800K, 100% used [0x00000007b9c00000,0x00000007be700000,0x00000007be700000)
  from space 12800K, 100% used [0x00000007bf380000,0x00000007c0000000,0x00000007c0000000)
  to   space 12800K, 0% used [0x00000007be700000,0x00000007be700000,0x00000007bf380000)
 ParOldGen       total 438784K, used 76168K [0x00000006c1800000, 0x00000006dc480000, 0x00000007b9c00000)
  object space 438784K, 17% used [0x00000006c1800000,0x00000006c6262000,0x00000006dc480000)
 Metaspace       used 2707K, capacity 4486K, committed 4864K, reserved 1056768K
  class space    used 302K, capacity 386K, committed 512K, reserved 1048576K
Heap after GC invocations=266 (full 19):
 PSYoungGen      total 89600K, used 12800K [0x00000007b9c00000, 0x00000007c0000000, 0x00000007c0000000)
  eden space 76800K, 0% used [0x00000007b9c00000,0x00000007b9c00000,0x00000007be700000)
  from space 12800K, 100% used [0x00000007be700000,0x00000007bf380000,0x00000007bf380000)
  to   space 12800K, 0% used [0x00000007bf380000,0x00000007bf380000,0x00000007c0000000)
 ParOldGen       total 438784K, used 96328K [0x00000006c1800000, 0x00000006dc480000, 0x00000007b9c00000)
  object space 438784K, 21% used [0x00000006c1800000,0x00000006c7612000,0x00000006dc480000)
 Metaspace       used 2707K, capacity 4486K, committed 4864K, reserved 1056768K
  class space    used 302K, capacity 386K, committed 512K, reserved 1048576K
}
{Heap before GC invocations=267 (full 19):
 PSYoungGen      total 89600K, used 89600K [0x00000007b9c00000, 0x00000007c0000000, 0x00000007c0000000)
  eden space 76800K, 100% used [0x00000007b9c00000,0x00000007be700000,0x00000007be700000)
  from space 12800K, 100% used [0x00000007be700000,0x00000007bf380000,0x00000007bf380000)
  to   space 12800K, 0% used [0x00000007bf380000,0x00000007bf380000,0x00000007c0000000)
 ParOldGen       total 438784K, used 96328K [0x00000006c1800000, 0x00000006dc480000, 0x00000007b9c00000)
  object space 438784K, 21% used [0x00000006c1800000,0x00000006c7612000,0x00000006dc480000)
 Metaspace       used 2707K, capacity 4486K, committed 4864K, reserved 1056768K
  class space    used 302K, capacity 386K, committed 512K, reserved 1048576K
Heap after GC invocations=267 (full 19):
 PSYoungGen      total 89600K, used 12800K [0x00000007b9c00000, 0x00000007c0000000, 0x00000007c0000000)
  eden space 76800K, 0% used [0x00000007b9c00000,0x00000007b9c00000,0x00000007be700000)
  from space 12800K, 100% used [0x00000007bf380000,0x00000007c0000000,0x00000007c0000000)
  to   space 12800K, 0% used [0x00000007be700000,0x00000007be700000,0x00000007bf380000)
 ParOldGen       total 438784K, used 116488K [0x00000006c1800000, 0x00000006dc480000, 0x00000007b9c00000)
  object space 438784K, 26% used [0x00000006c1800000,0x00000006c89c2000,0x00000006dc480000)
 Metaspace       used 2707K, capacity 4486K, committed 4864K, reserved 1056768K
  class space    used 302K, capacity 386K, committed 512K, reserved 1048576K
}
{Heap before GC invocations=268 (full 19):
 PSYoungGen      total 89600K, used 89600K [0x00000007b9c00000, 0x00000007c0000000, 0x00000007c0000000)
  eden space 76800K, 100% used [0x00000007b9c00000,0x00000007be700000,0x00000007be700000)
  from space 12800K, 100% used [0x00000007bf380000,0x00000007c0000000,0x00000007c0000000)
  to   space 12800K, 0% used [0x00000007be700000,0x00000007be700000,0x00000007bf380000)
 ParOldGen       total 438784K, used 116488K [0x00000006c1800000, 0x00000006dc480000, 0x00000007b9c00000)
  object space 438784K, 26% used [0x00000006c1800000,0x00000006c89c2000,0x00000006dc480000)
 Metaspace       used 2707K, capacity 4486K, committed 4864K, reserved 1056768K
  class space    used 302K, capacity 386K, committed 512K, reserved 1048576K
Heap after GC invocations=268 (full 19):
 PSYoungGen      total 89600K, used 12800K [0x00000007b9c00000, 0x00000007c0000000, 0x00000007c0000000)
  eden space 76800K, 0% used [0x00000007b9c00000,0x00000007b9c00000,0x00000007be700000)
  from space 12800K, 100% used [0x00000007be700000,0x00000007bf380000,0x00000007bf380000)
  to   space 12800K, 0% used [0x00000007bf380000,0x00000007bf380000,0x00000007c0000000)
 ParOldGen       total 438784K, used 136656K [0x00000006c1800000, 0x00000006dc480000, 0x00000007b9c00000)
  object space 438784K, 31% used [0x00000006c1800000,0x00000006c9d74000,0x00000006dc480000)
 Metaspace       used 2707K, capacity 4486K, committed 4864K, reserved 1056768K
  class space    used 302K, capacity 386K, committed 512K, reserved 1048576K
}
{Heap before GC invocations=269 (full 19):
 PSYoungGen      total 89600K, used 89600K [0x00000007b9c00000, 0x00000007c0000000, 0x00000007c0000000)
  eden space 76800K, 100% used [0x00000007b9c00000,0x00000007be700000,0x00000007be700000)
  from space 12800K, 100% used [0x00000007be700000,0x00000007bf380000,0x00000007bf380000)
  to   space 12800K, 0% used [0x00000007bf380000,0x00000007bf380000,0x00000007c0000000)
 ParOldGen       total 438784K, used 136656K [0x00000006c1800000, 0x00000006dc480000, 0x00000007b9c00000)
  object space 438784K, 31% used [0x00000006c1800000,0x00000006c9d74000,0x00000006dc480000)
 Metaspace       used 2707K, capacity 4486K, committed 4864K, reserved 1056768K
  class space    used 302K, capacity 386K, committed 512K, reserved 1048576K
Heap after GC invocations=269 (full 19):
 PSYoungGen      total 89600K, used 12800K [0x00000007b9c00000, 0x00000007c0000000, 0x00000007c0000000)
  eden space 76800K, 0% used [0x00000007b9c00000,0x00000007b9c00000,0x00000007be700000)
  from space 12800K, 100% used [0x00000007bf380000,0x00000007c0000000,0x00000007c0000000)
  to   space 12800K, 0% used [0x00000007be700000,0x00000007be700000,0x00000007bf380000)
 ParOldGen       total 438784K, used 156824K [0x00000006c1800000, 0x00000006dc480000, 0x00000007b9c00000)
  object space 438784K, 35% used [0x00000006c1800000,0x00000006cb126000,0x00000006dc480000)
 Metaspace       used 2707K, capacity 4486K, committed 4864K, reserved 1056768K
  class space    used 302K, capacity 386K, committed 512K, reserved 1048576K
}
{Heap before GC invocations=270 (full 19):
 PSYoungGen      total 89600K, used 89600K [0x00000007b9c00000, 0x00000007c0000000, 0x00000007c0000000)
  eden space 76800K, 100% used [0x00000007b9c00000,0x00000007be700000,0x00000007be700000)
  from space 12800K, 100% used [0x00000007bf380000,0x00000007c0000000,0x00000007c0000000)
  to   space 12800K, 0% used [0x00000007be700000,0x00000007be700000,0x00000007bf380000)
 ParOldGen       total 438784K, used 156824K [0x00000006c1800000, 0x00000006dc480000, 0x00000007b9c00000)
  object space 438784K, 35% used [0x00000006c1800000,0x00000006cb126000,0x00000006dc480000)
 Metaspace       used 2707K, capacity 4486K, committed 4864K, reserved 1056768K
  class space    used 302K, capacity 386K, committed 512K, reserved 1048576K
Heap after GC invocations=270 (full 19):
 PSYoungGen      total 89600K, used 12800K [0x00000007b9c00000, 0x00000007c0000000, 0x00000007c0000000)
  eden space 76800K, 0% used [0x00000007b9c00000,0x00000007b9c00000,0x00000007be700000)
  from space 12800K, 100% used [0x00000007be700000,0x00000007bf380000,0x00000007bf380000)
  to   space 12800K, 0% used [0x00000007bf380000,0x00000007bf380000,0x00000007c0000000)
 ParOldGen       total 438784K, used 176992K [0x00000006c1800000, 0x00000006dc480000, 0x00000007b9c00000)
  object space 438784K, 40% used [0x00000006c1800000,0x00000006cc4d8000,0x00000006dc480000)
 Metaspace       used 2707K, capacity 4486K, committed 4864K, reserved 1056768K
  class space    used 302K, capacity 386K, committed 512K, reserved 1048576K
}
{Heap before GC invocations=271 (full 19):
 PSYoungGen      total 89600K, used 89600K [0x00000007b9c00000, 0x00000007c0000000, 0x00000007c0000000)
  eden space 76800K, 100% used [0x00000007b9c00000,0x00000007be700000,0x00000007be700000)
  from space 12800K, 100% used [0x00000007be700000,0x00000007bf380000,0x00000007bf380000)
  to   space 12800K, 0% used [0x00000007bf380000,0x00000007bf380000,0x00000007c0000000)
 ParOldGen       total 438784K, used 176992K [0x00000006c1800000, 0x00000006dc480000, 0x00000007b9c00000)
  object space 438784K, 40% used [0x00000006c1800000,0x00000006cc4d8000,0x00000006dc480000)
 Metaspace       used 2707K, capacity 4486K, committed 4864K, reserved 1056768K
  class space    used 302K, capacity 386K, committed 512K, reserved 1048576K
Heap after GC invocations=271 (full 19):
 PSYoungGen      total 89600K, used 12800K [0x00000007b9c00000, 0x00000007c0000000, 0x00000007c0000000)
  eden space 76800K, 0% used [0x00000007b9c00000,0x00000007b9c00000,0x00000007be700000)
  from space 12800K, 100% used [0x00000007bf380000,0x00000007c0000000,0x00000007c0000000)
  to   space 12800K, 0% used [0x00000007be700000,0x00000007be700000,0x00000007bf380000)
 ParOldGen       total 438784K, used 197168K [0x00000006c1800000, 0x00000006dc480000, 0x00000007b9c00000)
  object space 438784K, 44% used [0x00000006c1800000,0x00000006cd88c000,0x00000006dc480000)
 Metaspace       used 2707K, capacity 4486K, committed 4864K, reserved 1056768K
  class space    used 302K, capacity 386K, committed 512K, reserved 1048576K
}
{Heap before GC invocations=272 (full 19):
 PSYoungGen      total 89600K, used 89600K [0x00000007b9c00000, 0x00000007c0000000, 0x00000007c0000000)
  eden space 76800K, 100% used [0x00000007b9c00000,0x00000007be700000,0x00000007be700000)
  from space 12800K, 100% used [0x00000007bf380000,0x00000007c0000000,0x00000007c0000000)
  to   space 12800K, 0% used [0x00000007be700000,0x00000007be700000,0x00000007bf380000)
 ParOldGen       total 438784K, used 197168K [0x00000006c1800000, 0x00000006dc480000, 0x00000007b9c00000)
  object space 438784K, 44% used [0x00000006c1800000,0x00000006cd88c000,0x00000006dc480000)
 Metaspace       used 2707K, capacity 4486K, committed 4864K, reserved 1056768K
  class space    used 302K, capacity 386K, committed 512K, reserved 1048576K
Heap after GC invocations=272 (full 19):
 PSYoungGen      total 89600K, used 12800K [0x00000007b9c00000, 0x00000007c0000000, 0x00000007c0000000)
  eden space 76800K, 0% used [0x00000007b9c00000,0x00000007b9c00000,0x00000007be700000)
  from space 12800K, 100% used [0x00000007be700000,0x00000007bf380000,0x00000007bf380000)
  to   space 12800K, 0% used [0x00000007bf380000,0x00000007bf380000,0x00000007c0000000)
 ParOldGen       total 438784K, used 217336K [0x00000006c1800000, 0x00000006dc480000, 0x00000007b9c00000)
  object space 438784K, 49% used [0x00000006c1800000,0x00000006cec3e000,0x00000006dc480000)
 Metaspace       used 2707K, capacity 4486K, committed 4864K, reserved 1056768K
  class space    used 302K, capacity 386K, committed 512K, reserved 1048576K
}
{Heap before GC invocations=273 (full 19):
 PSYoungGen      total 89600K, used 89600K [0x00000007b9c00000, 0x00000007c0000000, 0x00000007c0000000)
  eden space 76800K, 100% used [0x00000007b9c00000,0x00000007be700000,0x00000007be700000)
  from space 12800K, 100% used [0x00000007be700000,0x00000007bf380000,0x00000007bf380000)
  to   space 12800K, 0% used [0x00000007bf380000,0x00000007bf380000,0x00000007c0000000)
 ParOldGen       total 438784K, used 217336K [0x00000006c1800000, 0x00000006dc480000, 0x00000007b9c00000)
  object space 438784K, 49% used [0x00000006c1800000,0x00000006cec3e000,0x00000006dc480000)
 Metaspace       used 2707K, capacity 4486K, committed 4864K, reserved 1056768K
  class space    used 302K, capacity 386K, committed 512K, reserved 1048576K
Heap after GC invocations=273 (full 19):
 PSYoungGen      total 89600K, used 12800K [0x00000007b9c00000, 0x00000007c0000000, 0x00000007c0000000)
  eden space 76800K, 0% used [0x00000007b9c00000,0x00000007b9c00000,0x00000007be700000)
  from space 12800K, 100% used [0x00000007bf380000,0x00000007c0000000,0x00000007c0000000)
  to   space 12800K, 0% used [0x00000007be700000,0x00000007be700000,0x00000007bf380000)
 ParOldGen       total 438784K, used 237496K [0x00000006c1800000, 0x00000006dc480000, 0x00000007b9c00000)
  object space 438784K, 54% used [0x00000006c1800000,0x00000006cffee000,0x00000006dc480000)
 Metaspace       used 2707K, capacity 4486K, committed 4864K, reserved 1056768K
  class space    used 302K, capacity 386K, committed 512K, reserved 1048576K
}
{Heap before GC invocations=274 (full 19):
 PSYoungGen      total 89600K, used 89600K [0x00000007b9c00000, 0x00000007c0000000, 0x00000007c0000000)
  eden space 76800K, 100% used [0x00000007b9c00000,0x00000007be700000,0x00000007be700000)
  from space 12800K, 100% used [0x00000007bf380000,0x00000007c0000000,0x00000007c0000000)
  to   space 12800K, 0% used [0x00000007be700000,0x00000007be700000,0x00000007bf380000)
 ParOldGen       total 438784K, used 237496K [0x00000006c1800000, 0x00000006dc480000, 0x00000007b9c00000)
  object space 438784K, 54% used [0x00000006c1800000,0x00000006cffee000,0x00000006dc480000)
 Metaspace       used 2707K, capacity 4486K, committed 4864K, reserved 1056768K
  class space    used 302K, capacity 386K, committed 512K, reserved 1048576K
Heap after GC invocations=274 (full 19):
 PSYoungGen      total 89600K, used 12800K [0x00000007b9c00000, 0x00000007c0000000, 0x00000007c0000000)
  eden space 76800K, 0% used [0x00000007b9c00000,0x00000007b9c00000,0x00000007be700000)
  from space 12800K, 100% used [0x00000007be700000,0x00000007bf380000,0x00000007bf380000)
  to   space 12800K, 0% used [0x00000007bf380000,0x00000007bf380000,0x00000007c0000000)
 ParOldGen       total 438784K, used 257680K [0x00000006c1800000, 0x00000006dc480000, 0x00000007b9c00000)
  object space 438784K, 58% used [0x00000006c1800000,0x00000006d13a4000,0x00000006dc480000)
 Metaspace       used 2707K, capacity 4486K, committed 4864K, reserved 1056768K
  class space    used 302K, capacity 386K, committed 512K, reserved 1048576K
}
{Heap before GC invocations=275 (full 19):
 PSYoungGen      total 89600K, used 89600K [0x00000007b9c00000, 0x00000007c0000000, 0x00000007c0000000)
  eden space 76800K, 100% used [0x00000007b9c00000,0x00000007be700000,0x00000007be700000)
  from space 12800K, 100% used [0x00000007be700000,0x00000007bf380000,0x00000007bf380000)
  to   space 12800K, 0% used [0x00000007bf380000,0x00000007bf380000,0x00000007c0000000)
 ParOldGen       total 438784K, used 257680K [0x00000006c1800000, 0x00000006dc480000, 0x00000007b9c00000)
  object space 438784K, 58% used [0x00000006c1800000,0x00000006d13a4000,0x00000006dc480000)
 Metaspace       used 2707K, capacity 4486K, committed 4864K, reserved 1056768K
  class space    used 302K, capacity 386K, committed 512K, reserved 1048576K
Heap after GC invocations=275 (full 19):
 PSYoungGen      total 89600K, used 12800K [0x00000007b9c00000, 0x00000007c0000000, 0x00000007c0000000)
  eden space 76800K, 0% used [0x00000007b9c00000,0x00000007b9c00000,0x00000007be700000)
  from space 12800K, 100% used [0x00000007bf380000,0x00000007c0000000,0x00000007c0000000)
  to   space 12800K, 0% used [0x00000007be700000,0x00000007be700000,0x00000007bf380000)
 ParOldGen       total 438784K, used 277872K [0x00000006c1800000, 0x00000006dc480000, 0x00000007b9c00000)
  object space 438784K, 63% used [0x00000006c1800000,0x00000006d275c000,0x00000006dc480000)
 Metaspace       used 2707K, capacity 4486K, committed 4864K, reserved 1056768K
  class space    used 302K, capacity 386K, committed 512K, reserved 1048576K
}
{Heap before GC invocations=276 (full 19):
 PSYoungGen      total 89600K, used 89600K [0x00000007b9c00000, 0x00000007c0000000, 0x00000007c0000000)
  eden space 76800K, 100% used [0x00000007b9c00000,0x00000007be700000,0x00000007be700000)
  from space 12800K, 100% used [0x00000007bf380000,0x00000007c0000000,0x00000007c0000000)
  to   space 12800K, 0% used [0x00000007be700000,0x00000007be700000,0x00000007bf380000)
 ParOldGen       total 438784K, used 277872K [0x00000006c1800000, 0x00000006dc480000, 0x00000007b9c00000)
  object space 438784K, 63% used [0x00000006c1800000,0x00000006d275c000,0x00000006dc480000)
 Metaspace       used 2707K, capacity 4486K, committed 4864K, reserved 1056768K
  class space    used 302K, capacity 386K, committed 512K, reserved 1048576K
Heap after GC invocations=276 (full 19):
 PSYoungGen      total 89600K, used 12800K [0x00000007b9c00000, 0x00000007c0000000, 0x00000007c0000000)
  eden space 76800K, 0% used [0x00000007b9c00000,0x00000007b9c00000,0x00000007be700000)
  from space 12800K, 100% used [0x00000007be700000,0x00000007bf380000,0x00000007bf380000)
  to   space 12800K, 0% used [0x00000007bf380000,0x00000007bf380000,0x00000007c0000000)
 ParOldGen       total 438784K, used 298032K [0x00000006c1800000, 0x00000006dc480000, 0x00000007b9c00000)
  object space 438784K, 67% used [0x00000006c1800000,0x00000006d3b0c000,0x00000006dc480000)
 Metaspace       used 2707K, capacity 4486K, committed 4864K, reserved 1056768K
  class space    used 302K, capacity 386K, committed 512K, reserved 1048576K
}
{Heap before GC invocations=277 (full 19):
 PSYoungGen      total 89600K, used 89600K [0x00000007b9c00000, 0x00000007c0000000, 0x00000007c0000000)
  eden space 76800K, 100% used [0x00000007b9c00000,0x00000007be700000,0x00000007be700000)
  from space 12800K, 100% used [0x00000007be700000,0x00000007bf380000,0x00000007bf380000)
  to   space 12800K, 0% used [0x00000007bf380000,0x00000007bf380000,0x00000007c0000000)
 ParOldGen       total 438784K, used 298032K [0x00000006c1800000, 0x00000006dc480000, 0x00000007b9c00000)
  object space 438784K, 67% used [0x00000006c1800000,0x00000006d3b0c000,0x00000006dc480000)
 Metaspace       used 2707K, capacity 4486K, committed 4864K, reserved 1056768K
  class space    used 302K, capacity 386K, committed 512K, reserved 1048576K
Heap after GC invocations=277 (full 19):
 PSYoungGen      total 89600K, used 12800K [0x00000007b9c00000, 0x00000007c0000000, 0x00000007c0000000)
  eden space 76800K, 0% used [0x00000007b9c00000,0x00000007b9c00000,0x00000007be700000)
  from space 12800K, 100% used [0x00000007bf380000,0x00000007c0000000,0x00000007c0000000)
  to   space 12800K, 0% used [0x00000007be700000,0x00000007be700000,0x00000007bf380000)
 ParOldGen       total 438784K, used 318192K [0x00000006c1800000, 0x00000006dc480000, 0x00000007b9c00000)
  object space 438784K, 72% used [0x00000006c1800000,0x00000006d4ebc000,0x00000006dc480000)
 Metaspace       used 2707K, capacity 4486K, committed 4864K, reserved 1056768K
  class space    used 302K, capacity 386K, committed 512K, reserved 1048576K
}
{Heap before GC invocations=278 (full 19):
 PSYoungGen      total 89600K, used 89600K [0x00000007b9c00000, 0x00000007c0000000, 0x00000007c0000000)
  eden space 76800K, 100% used [0x00000007b9c00000,0x00000007be700000,0x00000007be700000)
  from space 12800K, 100% used [0x00000007bf380000,0x00000007c0000000,0x00000007c0000000)
  to   space 12800K, 0% used [0x00000007be700000,0x00000007be700000,0x00000007bf380000)
 ParOldGen       total 438784K, used 318192K [0x00000006c1800000, 0x00000006dc480000, 0x00000007b9c00000)
  object space 438784K, 72% used [0x00000006c1800000,0x00000006d4ebc000,0x00000006dc480000)
 Metaspace       used 2707K, capacity 4486K, committed 4864K, reserved 1056768K
  class space    used 302K, capacity 386K, committed 512K, reserved 1048576K
Heap after GC invocations=278 (full 19):
 PSYoungGen      total 89600K, used 12800K [0x00000007b9c00000, 0x00000007c0000000, 0x00000007c0000000)
  eden space 76800K, 0% used [0x00000007b9c00000,0x00000007b9c00000,0x00000007be700000)
  from space 12800K, 100% used [0x00000007be700000,0x00000007bf380000,0x00000007bf380000)
  to   space 12800K, 0% used [0x00000007bf380000,0x00000007bf380000,0x00000007c0000000)
 ParOldGen       total 438784K, used 338352K [0x00000006c1800000, 0x00000006dc480000, 0x00000007b9c00000)
  object space 438784K, 77% used [0x00000006c1800000,0x00000006d626c000,0x00000006dc480000)
 Metaspace       used 2707K, capacity 4486K, committed 4864K, reserved 1056768K
  class space    used 302K, capacity 386K, committed 512K, reserved 1048576K
}
{Heap before GC invocations=279 (full 19):
 PSYoungGen      total 89600K, used 89600K [0x00000007b9c00000, 0x00000007c0000000, 0x00000007c0000000)
  eden space 76800K, 100% used [0x00000007b9c00000,0x00000007be700000,0x00000007be700000)
  from space 12800K, 100% used [0x00000007be700000,0x00000007bf380000,0x00000007bf380000)
  to   space 12800K, 0% used [0x00000007bf380000,0x00000007bf380000,0x00000007c0000000)
 ParOldGen       total 438784K, used 338352K [0x00000006c1800000, 0x00000006dc480000, 0x00000007b9c00000)
  object space 438784K, 77% used [0x00000006c1800000,0x00000006d626c000,0x00000006dc480000)
 Metaspace       used 2707K, capacity 4486K, committed 4864K, reserved 1056768K
  class space    used 302K, capacity 386K, committed 512K, reserved 1048576K
Heap after GC invocations=279 (full 19):
 PSYoungGen      total 89600K, used 12800K [0x00000007b9c00000, 0x00000007c0000000, 0x00000007c0000000)
  eden space 76800K, 0% used [0x00000007b9c00000,0x00000007b9c00000,0x00000007be700000)
  from space 12800K, 100% used [0x00000007bf380000,0x00000007c0000000,0x00000007c0000000)
  to   space 12800K, 0% used [0x00000007be700000,0x00000007be700000,0x00000007bf380000)
 ParOldGen       total 438784K, used 358520K [0x00000006c1800000, 0x00000006dc480000, 0x00000007b9c00000)
  object space 438784K, 81% used [0x00000006c1800000,0x00000006d761e000,0x00000006dc480000)
 Metaspace       used 2707K, capacity 4486K, committed 4864K, reserved 1056768K
  class space    used 302K, capacity 386K, committed 512K, reserved 1048576K
}
{Heap before GC invocations=280 (full 19):
 PSYoungGen      total 89600K, used 89600K [0x00000007b9c00000, 0x00000007c0000000, 0x00000007c0000000)
  eden space 76800K, 100% used [0x00000007b9c00000,0x00000007be700000,0x00000007be700000)
  from space 12800K, 100% used [0x00000007bf380000,0x00000007c0000000,0x00000007c0000000)
  to   space 12800K, 0% used [0x00000007be700000,0x00000007be700000,0x00000007bf380000)
 ParOldGen       total 438784K, used 358520K [0x00000006c1800000, 0x00000006dc480000, 0x00000007b9c00000)
  object space 438784K, 81% used [0x00000006c1800000,0x00000006d761e000,0x00000006dc480000)
 Metaspace       used 2707K, capacity 4486K, committed 4864K, reserved 1056768K
  class space    used 302K, capacity 386K, committed 512K, reserved 1048576K
Heap after GC invocations=280 (full 19):
 PSYoungGen      total 89600K, used 12800K [0x00000007b9c00000, 0x00000007c0000000, 0x00000007c0000000)
  eden space 76800K, 0% used [0x00000007b9c00000,0x00000007b9c00000,0x00000007be700000)
  from space 12800K, 100% used [0x00000007be700000,0x00000007bf380000,0x00000007bf380000)
  to   space 12800K, 0% used [0x00000007bf380000,0x00000007bf380000,0x00000007c0000000)
 ParOldGen       total 438784K, used 378680K [0x00000006c1800000, 0x00000006dc480000, 0x00000007b9c00000)
  object space 438784K, 86% used [0x00000006c1800000,0x00000006d89ce000,0x00000006dc480000)
 Metaspace       used 2707K, capacity 4486K, committed 4864K, reserved 1056768K
  class space    used 302K, capacity 386K, committed 512K, reserved 1048576K
}
{Heap before GC invocations=281 (full 19):
 PSYoungGen      total 89600K, used 89600K [0x00000007b9c00000, 0x00000007c0000000, 0x00000007c0000000)
  eden space 76800K, 100% used [0x00000007b9c00000,0x00000007be700000,0x00000007be700000)
  from space 12800K, 100% used [0x00000007be700000,0x00000007bf380000,0x00000007bf380000)
  to   space 12800K, 0% used [0x00000007bf380000,0x00000007bf380000,0x00000007c0000000)
 ParOldGen       total 438784K, used 378680K [0x00000006c1800000, 0x00000006dc480000, 0x00000007b9c00000)
  object space 438784K, 86% used [0x00000006c1800000,0x00000006d89ce000,0x00000006dc480000)
 Metaspace       used 2707K, capacity 4486K, committed 4864K, reserved 1056768K
  class space    used 302K, capacity 386K, committed 512K, reserved 1048576K
Heap after GC invocations=281 (full 19):
 PSYoungGen      total 89600K, used 12800K [0x00000007b9c00000, 0x00000007c0000000, 0x00000007c0000000)
  eden space 76800K, 0% used [0x00000007b9c00000,0x00000007b9c00000,0x00000007be700000)
  from space 12800K, 100% used [0x00000007bf380000,0x00000007c0000000,0x00000007c0000000)
  to   space 12800K, 0% used [0x00000007be700000,0x00000007be700000,0x00000007bf380000)
 ParOldGen       total 438784K, used 398840K [0x00000006c1800000, 0x00000006dc480000, 0x00000007b9c00000)
  object space 438784K, 90% used [0x00000006c1800000,0x00000006d9d7e000,0x00000006dc480000)
 Metaspace       used 2707K, capacity 4486K, committed 4864K, reserved 1056768K
  class space    used 302K, capacity 386K, committed 512K, reserved 1048576K
}
{Heap before GC invocations=282 (full 19):
 PSYoungGen      total 89600K, used 89600K [0x00000007b9c00000, 0x00000007c0000000, 0x00000007c0000000)
  eden space 76800K, 100% used [0x00000007b9c00000,0x00000007be700000,0x00000007be700000)
  from space 12800K, 100% used [0x00000007bf380000,0x00000007c0000000,0x00000007c0000000)
  to   space 12800K, 0% used [0x00000007be700000,0x00000007be700000,0x00000007bf380000)
 ParOldGen       total 438784K, used 398840K [0x00000006c1800000, 0x00000006dc480000, 0x00000007b9c00000)
  object space 438784K, 90% used [0x00000006c1800000,0x00000006d9d7e000,0x00000006dc480000)
 Metaspace       used 2707K, capacity 4486K, committed 4864K, reserved 1056768K
  class space    used 302K, capacity 386K, committed 512K, reserved 1048576K
Heap after GC invocations=282 (full 19):
 PSYoungGen      total 89600K, used 12800K [0x00000007b9c00000, 0x00000007c0000000, 0x00000007c0000000)
  eden space 76800K, 0% used [0x00000007b9c00000,0x00000007b9c00000,0x00000007be700000)
  from space 12800K, 100% used [0x00000007be700000,0x00000007bf380000,0x00000007bf380000)
  to   space 12800K, 0% used [0x00000007bf380000,0x00000007bf380000,0x00000007c0000000)
 ParOldGen       total 438784K, used 419008K [0x00000006c1800000, 0x00000006dc480000, 0x00000007b9c00000)
  object space 438784K, 95% used [0x00000006c1800000,0x00000006db130000,0x00000006dc480000)
 Metaspace       used 2707K, capacity 4486K, committed 4864K, reserved 1056768K
  class space    used 302K, capacity 386K, committed 512K, reserved 1048576K
}
{Heap before GC invocations=283 (full 20):
 PSYoungGen      total 89600K, used 12800K [0x00000007b9c00000, 0x00000007c0000000, 0x00000007c0000000)
  eden space 76800K, 0% used [0x00000007b9c00000,0x00000007b9c00000,0x00000007be700000)
  from space 12800K, 100% used [0x00000007be700000,0x00000007bf380000,0x00000007bf380000)
  to   space 12800K, 0% used [0x00000007bf380000,0x00000007bf380000,0x00000007c0000000)
 ParOldGen       total 438784K, used 419008K [0x00000006c1800000, 0x00000006dc480000, 0x00000007b9c00000)
  object space 438784K, 95% used [0x00000006c1800000,0x00000006db130000,0x00000006dc480000)
 Metaspace       used 2707K, capacity 4486K, committed 4864K, reserved 1056768K
  class space    used 302K, capacity 386K, committed 512K, reserved 1048576K
Heap after GC invocations=283 (full 20):
 PSYoungGen      total 89600K, used 0K [0x00000007b9c00000, 0x00000007c0000000, 0x00000007c0000000)
  eden space 76800K, 0% used [0x00000007b9c00000,0x00000007b9c00000,0x00000007be700000)
  from space 12800K, 0% used [0x00000007be700000,0x00000007be700000,0x00000007bf380000)
  to   space 12800K, 0% used [0x00000007bf380000,0x00000007bf380000,0x00000007c0000000)
 ParOldGen       total 450560K, used 35840K [0x00000006c1800000, 0x00000006dd000000, 0x00000007b9c00000)
  object space 450560K, 7% used [0x00000006c1800000,0x00000006c3b00000,0x00000006dd000000)
 Metaspace       used 2707K, capacity 4486K, committed 4864K, reserved 1056768K
  class space    used 302K, capacity 386K, committed 512K, reserved 1048576K
}
{Heap before GC invocations=284 (full 20):
 PSYoungGen      total 89600K, used 76800K [0x00000007b9c00000, 0x00000007c0000000, 0x00000007c0000000)
  eden space 76800K, 100% used [0x00000007b9c00000,0x00000007be700000,0x00000007be700000)
  from space 12800K, 0% used [0x00000007be700000,0x00000007be700000,0x00000007bf380000)
  to   space 12800K, 0% used [0x00000007bf380000,0x00000007bf380000,0x00000007c0000000)
 ParOldGen       total 450560K, used 35840K [0x00000006c1800000, 0x00000006dd000000, 0x00000007b9c00000)
  object space 450560K, 7% used [0x00000006c1800000,0x00000006c3b00000,0x00000006dd000000)
 Metaspace       used 2707K, capacity 4486K, committed 4864K, reserved 1056768K
  class space    used 302K, capacity 386K, committed 512K, reserved 1048576K
Heap after GC invocations=284 (full 20):
 PSYoungGen      total 89600K, used 12800K [0x00000007b9c00000, 0x00000007c0000000, 0x00000007c0000000)
  eden space 76800K, 0% used [0x00000007b9c00000,0x00000007b9c00000,0x00000007be700000)
  from space 12800K, 100% used [0x00000007bf380000,0x00000007c0000000,0x00000007c0000000)
  to   space 12800K, 0% used [0x00000007be700000,0x00000007be700000,0x00000007bf380000)
 ParOldGen       total 450560K, used 56016K [0x00000006c1800000, 0x00000006dd000000, 0x00000007b9c00000)
  object space 450560K, 12% used [0x00000006c1800000,0x00000006c4eb4000,0x00000006dd000000)
 Metaspace       used 2707K, capacity 4486K, committed 4864K, reserved 1056768K
  class space    used 302K, capacity 386K, committed 512K, reserved 1048576K
}
{Heap before GC invocations=285 (full 20):
 PSYoungGen      total 89600K, used 89600K [0x00000007b9c00000, 0x00000007c0000000, 0x00000007c0000000)
  eden space 76800K, 100% used [0x00000007b9c00000,0x00000007be700000,0x00000007be700000)
  from space 12800K, 100% used [0x00000007bf380000,0x00000007c0000000,0x00000007c0000000)
  to   space 12800K, 0% used [0x00000007be700000,0x00000007be700000,0x00000007bf380000)
 ParOldGen       total 450560K, used 56016K [0x00000006c1800000, 0x00000006dd000000, 0x00000007b9c00000)
  object space 450560K, 12% used [0x00000006c1800000,0x00000006c4eb4000,0x00000006dd000000)
 Metaspace       used 2707K, capacity 4486K, committed 4864K, reserved 1056768K
  class space    used 302K, capacity 386K, committed 512K, reserved 1048576K
Heap after GC invocations=285 (full 20):
 PSYoungGen      total 89600K, used 12800K [0x00000007b9c00000, 0x00000007c0000000, 0x00000007c0000000)
  eden space 76800K, 0% used [0x00000007b9c00000,0x00000007b9c00000,0x00000007be700000)
  from space 12800K, 100% used [0x00000007be700000,0x00000007bf380000,0x00000007bf380000)
  to   space 12800K, 0% used [0x00000007bf380000,0x00000007bf380000,0x00000007c0000000)
 ParOldGen       total 450560K, used 76184K [0x00000006c1800000, 0x00000006dd000000, 0x00000007b9c00000)
  object space 450560K, 16% used [0x00000006c1800000,0x00000006c6266000,0x00000006dd000000)
 Metaspace       used 2707K, capacity 4486K, committed 4864K, reserved 1056768K
  class space    used 302K, capacity 386K, committed 512K, reserved 1048576K
}
{Heap before GC invocations=286 (full 20):
 PSYoungGen      total 89600K, used 89600K [0x00000007b9c00000, 0x00000007c0000000, 0x00000007c0000000)
  eden space 76800K, 100% used [0x00000007b9c00000,0x00000007be700000,0x00000007be700000)
  from space 12800K, 100% used [0x00000007be700000,0x00000007bf380000,0x00000007bf380000)
  to   space 12800K, 0% used [0x00000007bf380000,0x00000007bf380000,0x00000007c0000000)
 ParOldGen       total 450560K, used 76184K [0x00000006c1800000, 0x00000006dd000000, 0x00000007b9c00000)
  object space 450560K, 16% used [0x00000006c1800000,0x00000006c6266000,0x00000006dd000000)
 Metaspace       used 2707K, capacity 4486K, committed 4864K, reserved 1056768K
  class space    used 302K, capacity 386K, committed 512K, reserved 1048576K
Heap after GC invocations=286 (full 20):
 PSYoungGen      total 89600K, used 12800K [0x00000007b9c00000, 0x00000007c0000000, 0x00000007c0000000)
  eden space 76800K, 0% used [0x00000007b9c00000,0x00000007b9c00000,0x00000007be700000)
  from space 12800K, 100% used [0x00000007bf380000,0x00000007c0000000,0x00000007c0000000)
  to   space 12800K, 0% used [0x00000007be700000,0x00000007be700000,0x00000007bf380000)
 ParOldGen       total 450560K, used 96352K [0x00000006c1800000, 0x00000006dd000000, 0x00000007b9c00000)
  object space 450560K, 21% used [0x00000006c1800000,0x00000006c7618000,0x00000006dd000000)
 Metaspace       used 2707K, capacity 4486K, committed 4864K, reserved 1056768K
  class space    used 302K, capacity 386K, committed 512K, reserved 1048576K
}
{Heap before GC invocations=287 (full 20):
 PSYoungGen      total 89600K, used 89600K [0x00000007b9c00000, 0x00000007c0000000, 0x00000007c0000000)
  eden space 76800K, 100% used [0x00000007b9c00000,0x00000007be700000,0x00000007be700000)
  from space 12800K, 100% used [0x00000007bf380000,0x00000007c0000000,0x00000007c0000000)
  to   space 12800K, 0% used [0x00000007be700000,0x00000007be700000,0x00000007bf380000)
 ParOldGen       total 450560K, used 96352K [0x00000006c1800000, 0x00000006dd000000, 0x00000007b9c00000)
  object space 450560K, 21% used [0x00000006c1800000,0x00000006c7618000,0x00000006dd000000)
 Metaspace       used 2707K, capacity 4486K, committed 4864K, reserved 1056768K
  class space    used 302K, capacity 386K, committed 512K, reserved 1048576K
Heap after GC invocations=287 (full 20):
 PSYoungGen      total 89600K, used 12800K [0x00000007b9c00000, 0x00000007c0000000, 0x00000007c0000000)
  eden space 76800K, 0% used [0x00000007b9c00000,0x00000007b9c00000,0x00000007be700000)
  from space 12800K, 100% used [0x00000007be700000,0x00000007bf380000,0x00000007bf380000)
  to   space 12800K, 0% used [0x00000007bf380000,0x00000007bf380000,0x00000007c0000000)
 ParOldGen       total 450560K, used 116520K [0x00000006c1800000, 0x00000006dd000000, 0x00000007b9c00000)
  object space 450560K, 25% used [0x00000006c1800000,0x00000006c89ca000,0x00000006dd000000)
 Metaspace       used 2707K, capacity 4486K, committed 4864K, reserved 1056768K
  class space    used 302K, capacity 386K, committed 512K, reserved 1048576K
}
{Heap before GC invocations=288 (full 20):
 PSYoungGen      total 89600K, used 89600K [0x00000007b9c00000, 0x00000007c0000000, 0x00000007c0000000)
  eden space 76800K, 100% used [0x00000007b9c00000,0x00000007be700000,0x00000007be700000)
  from space 12800K, 100% used [0x00000007be700000,0x00000007bf380000,0x00000007bf380000)
  to   space 12800K, 0% used [0x00000007bf380000,0x00000007bf380000,0x00000007c0000000)
 ParOldGen       total 450560K, used 116520K [0x00000006c1800000, 0x00000006dd000000, 0x00000007b9c00000)
  object space 450560K, 25% used [0x00000006c1800000,0x00000006c89ca000,0x00000006dd000000)
 Metaspace       used 2707K, capacity 4486K, committed 4864K, reserved 1056768K
  class space    used 302K, capacity 386K, committed 512K, reserved 1048576K
Heap after GC invocations=288 (full 20):
 PSYoungGen      total 89600K, used 12800K [0x00000007b9c00000, 0x00000007c0000000, 0x00000007c0000000)
  eden space 76800K, 0% used [0x00000007b9c00000,0x00000007b9c00000,0x00000007be700000)
  from space 12800K, 100% used [0x00000007bf380000,0x00000007c0000000,0x00000007c0000000)
  to   space 12800K, 0% used [0x00000007be700000,0x00000007be700000,0x00000007bf380000)
 ParOldGen       total 450560K, used 136688K [0x00000006c1800000, 0x00000006dd000000, 0x00000007b9c00000)
  object space 450560K, 30% used [0x00000006c1800000,0x00000006c9d7c000,0x00000006dd000000)
 Metaspace       used 2707K, capacity 4486K, committed 4864K, reserved 1056768K
  class space    used 302K, capacity 386K, committed 512K, reserved 1048576K
}
{Heap before GC invocations=289 (full 20):
 PSYoungGen      total 89600K, used 89600K [0x00000007b9c00000, 0x00000007c0000000, 0x00000007c0000000)
  eden space 76800K, 100% used [0x00000007b9c00000,0x00000007be700000,0x00000007be700000)
  from space 12800K, 100% used [0x00000007bf380000,0x00000007c0000000,0x00000007c0000000)
  to   space 12800K, 0% used [0x00000007be700000,0x00000007be700000,0x00000007bf380000)
 ParOldGen       total 450560K, used 136688K [0x00000006c1800000, 0x00000006dd000000, 0x00000007b9c00000)
  object space 450560K, 30% used [0x00000006c1800000,0x00000006c9d7c000,0x00000006dd000000)
 Metaspace       used 2707K, capacity 4486K, committed 4864K, reserved 1056768K
  class space    used 302K, capacity 386K, committed 512K, reserved 1048576K
Heap after GC invocations=289 (full 20):
 PSYoungGen      total 89600K, used 12800K [0x00000007b9c00000, 0x00000007c0000000, 0x00000007c0000000)
  eden space 76800K, 0% used [0x00000007b9c00000,0x00000007b9c00000,0x00000007be700000)
  from space 12800K, 100% used [0x00000007be700000,0x00000007bf380000,0x00000007bf380000)
  to   space 12800K, 0% used [0x00000007bf380000,0x00000007bf380000,0x00000007c0000000)
 ParOldGen       total 450560K, used 156848K [0x00000006c1800000, 0x00000006dd000000, 0x00000007b9c00000)
  object space 450560K, 34% used [0x00000006c1800000,0x00000006cb12c000,0x00000006dd000000)
 Metaspace       used 2707K, capacity 4486K, committed 4864K, reserved 1056768K
  class space    used 302K, capacity 386K, committed 512K, reserved 1048576K
}
{Heap before GC invocations=290 (full 20):
 PSYoungGen      total 89600K, used 89600K [0x00000007b9c00000, 0x00000007c0000000, 0x00000007c0000000)
  eden space 76800K, 100% used [0x00000007b9c00000,0x00000007be700000,0x00000007be700000)
  from space 12800K, 100% used [0x00000007be700000,0x00000007bf380000,0x00000007bf380000)
  to   space 12800K, 0% used [0x00000007bf380000,0x00000007bf380000,0x00000007c0000000)
 ParOldGen       total 450560K, used 156848K [0x00000006c1800000, 0x00000006dd000000, 0x00000007b9c00000)
  object space 450560K, 34% used [0x00000006c1800000,0x00000006cb12c000,0x00000006dd000000)
 Metaspace       used 2707K, capacity 4486K, committed 4864K, reserved 1056768K
  class space    used 302K, capacity 386K, committed 512K, reserved 1048576K
Heap after GC invocations=290 (full 20):
 PSYoungGen      total 89600K, used 12800K [0x00000007b9c00000, 0x00000007c0000000, 0x00000007c0000000)
  eden space 76800K, 0% used [0x00000007b9c00000,0x00000007b9c00000,0x00000007be700000)
  from space 12800K, 100% used [0x00000007bf380000,0x00000007c0000000,0x00000007c0000000)
  to   space 12800K, 0% used [0x00000007be700000,0x00000007be700000,0x00000007bf380000)
 ParOldGen       total 450560K, used 177024K [0x00000006c1800000, 0x00000006dd000000, 0x00000007b9c00000)
  object space 450560K, 39% used [0x00000006c1800000,0x00000006cc4e0000,0x00000006dd000000)
 Metaspace       used 2707K, capacity 4486K, committed 4864K, reserved 1056768K
  class space    used 302K, capacity 386K, committed 512K, reserved 1048576K
}
{Heap before GC invocations=291 (full 20):
 PSYoungGen      total 89600K, used 89600K [0x00000007b9c00000, 0x00000007c0000000, 0x00000007c0000000)
  eden space 76800K, 100% used [0x00000007b9c00000,0x00000007be700000,0x00000007be700000)
  from space 12800K, 100% used [0x00000007bf380000,0x00000007c0000000,0x00000007c0000000)
  to   space 12800K, 0% used [0x00000007be700000,0x00000007be700000,0x00000007bf380000)
 ParOldGen       total 450560K, used 177024K [0x00000006c1800000, 0x00000006dd000000, 0x00000007b9c00000)
  object space 450560K, 39% used [0x00000006c1800000,0x00000006cc4e0000,0x00000006dd000000)
 Metaspace       used 2707K, capacity 4486K, committed 4864K, reserved 1056768K
  class space    used 302K, capacity 386K, committed 512K, reserved 1048576K
Heap after GC invocations=291 (full 20):
 PSYoungGen      total 89600K, used 12800K [0x00000007b9c00000, 0x00000007c0000000, 0x00000007c0000000)
  eden space 76800K, 0% used [0x00000007b9c00000,0x00000007b9c00000,0x00000007be700000)
  from space 12800K, 100% used [0x00000007be700000,0x00000007bf380000,0x00000007bf380000)
  to   space 12800K, 0% used [0x00000007bf380000,0x00000007bf380000,0x00000007c0000000)
 ParOldGen       total 450560K, used 197192K [0x00000006c1800000, 0x00000006dd000000, 0x00000007b9c00000)
  object space 450560K, 43% used [0x00000006c1800000,0x00000006cd892000,0x00000006dd000000)
 Metaspace       used 2707K, capacity 4486K, committed 4864K, reserved 1056768K
  class space    used 302K, capacity 386K, committed 512K, reserved 1048576K
}
{Heap before GC invocations=292 (full 20):
 PSYoungGen      total 89600K, used 89600K [0x00000007b9c00000, 0x00000007c0000000, 0x00000007c0000000)
  eden space 76800K, 100% used [0x00000007b9c00000,0x00000007be700000,0x00000007be700000)
  from space 12800K, 100% used [0x00000007be700000,0x00000007bf380000,0x00000007bf380000)
  to   space 12800K, 0% used [0x00000007bf380000,0x00000007bf380000,0x00000007c0000000)
 ParOldGen       total 450560K, used 197192K [0x00000006c1800000, 0x00000006dd000000, 0x00000007b9c00000)
  object space 450560K, 43% used [0x00000006c1800000,0x00000006cd892000,0x00000006dd000000)
 Metaspace       used 2707K, capacity 4486K, committed 4864K, reserved 1056768K
  class space    used 302K, capacity 386K, committed 512K, reserved 1048576K
Heap after GC invocations=292 (full 20):
 PSYoungGen      total 89600K, used 12800K [0x00000007b9c00000, 0x00000007c0000000, 0x00000007c0000000)
  eden space 76800K, 0% used [0x00000007b9c00000,0x00000007b9c00000,0x00000007be700000)
  from space 12800K, 100% used [0x00000007bf380000,0x00000007c0000000,0x00000007c0000000)
  to   space 12800K, 0% used [0x00000007be700000,0x00000007be700000,0x00000007bf380000)
 ParOldGen       total 450560K, used 217352K [0x00000006c1800000, 0x00000006dd000000, 0x00000007b9c00000)
  object space 450560K, 48% used [0x00000006c1800000,0x00000006cec42000,0x00000006dd000000)
 Metaspace       used 2707K, capacity 4486K, committed 4864K, reserved 1056768K
  class space    used 302K, capacity 386K, committed 512K, reserved 1048576K
}
{Heap before GC invocations=293 (full 20):
 PSYoungGen      total 89600K, used 89600K [0x00000007b9c00000, 0x00000007c0000000, 0x00000007c0000000)
  eden space 76800K, 100% used [0x00000007b9c00000,0x00000007be700000,0x00000007be700000)
  from space 12800K, 100% used [0x00000007bf380000,0x00000007c0000000,0x00000007c0000000)
  to   space 12800K, 0% used [0x00000007be700000,0x00000007be700000,0x00000007bf380000)
 ParOldGen       total 450560K, used 217352K [0x00000006c1800000, 0x00000006dd000000, 0x00000007b9c00000)
  object space 450560K, 48% used [0x00000006c1800000,0x00000006cec42000,0x00000006dd000000)
 Metaspace       used 2707K, capacity 4486K, committed 4864K, reserved 1056768K
  class space    used 302K, capacity 386K, committed 512K, reserved 1048576K
Heap after GC invocations=293 (full 20):
 PSYoungGen      total 89600K, used 12800K [0x00000007b9c00000, 0x00000007c0000000, 0x00000007c0000000)
  eden space 76800K, 0% used [0x00000007b9c00000,0x00000007b9c00000,0x00000007be700000)
  from space 12800K, 100% used [0x00000007be700000,0x00000007bf380000,0x00000007bf380000)
  to   space 12800K, 0% used [0x00000007bf380000,0x00000007bf380000,0x00000007c0000000)
 ParOldGen       total 450560K, used 237512K [0x00000006c1800000, 0x00000006dd000000, 0x00000007b9c00000)
  object space 450560K, 52% used [0x00000006c1800000,0x00000006cfff2000,0x00000006dd000000)
 Metaspace       used 2707K, capacity 4486K, committed 4864K, reserved 1056768K
  class space    used 302K, capacity 386K, committed 512K, reserved 1048576K
}
{Heap before GC invocations=294 (full 20):
 PSYoungGen      total 89600K, used 89600K [0x00000007b9c00000, 0x00000007c0000000, 0x00000007c0000000)
  eden space 76800K, 100% used [0x00000007b9c00000,0x00000007be700000,0x00000007be700000)
  from space 12800K, 100% used [0x00000007be700000,0x00000007bf380000,0x00000007bf380000)
  to   space 12800K, 0% used [0x00000007bf380000,0x00000007bf380000,0x00000007c0000000)
 ParOldGen       total 450560K, used 237512K [0x00000006c1800000, 0x00000006dd000000, 0x00000007b9c00000)
  object space 450560K, 52% used [0x00000006c1800000,0x00000006cfff2000,0x00000006dd000000)
 Metaspace       used 2707K, capacity 4486K, committed 4864K, reserved 1056768K
  class space    used 302K, capacity 386K, committed 512K, reserved 1048576K
Heap after GC invocations=294 (full 20):
 PSYoungGen      total 89600K, used 12800K [0x00000007b9c00000, 0x00000007c0000000, 0x00000007c0000000)
  eden space 76800K, 0% used [0x00000007b9c00000,0x00000007b9c00000,0x00000007be700000)
  from space 12800K, 100% used [0x00000007bf380000,0x00000007c0000000,0x00000007c0000000)
  to   space 12800K, 0% used [0x00000007be700000,0x00000007be700000,0x00000007bf380000)
 ParOldGen       total 450560K, used 257680K [0x00000006c1800000, 0x00000006dd000000, 0x00000007b9c00000)
  object space 450560K, 57% used [0x00000006c1800000,0x00000006d13a4000,0x00000006dd000000)
 Metaspace       used 2707K, capacity 4486K, committed 4864K, reserved 1056768K
  class space    used 302K, capacity 386K, committed 512K, reserved 1048576K
}
{Heap before GC invocations=295 (full 20):
 PSYoungGen      total 89600K, used 89600K [0x00000007b9c00000, 0x00000007c0000000, 0x00000007c0000000)
  eden space 76800K, 100% used [0x00000007b9c00000,0x00000007be700000,0x00000007be700000)
  from space 12800K, 100% used [0x00000007bf380000,0x00000007c0000000,0x00000007c0000000)
  to   space 12800K, 0% used [0x00000007be700000,0x00000007be700000,0x00000007bf380000)
 ParOldGen       total 450560K, used 257680K [0x00000006c1800000, 0x00000006dd000000, 0x00000007b9c00000)
  object space 450560K, 57% used [0x00000006c1800000,0x00000006d13a4000,0x00000006dd000000)
 Metaspace       used 2707K, capacity 4486K, committed 4864K, reserved 1056768K
  class space    used 302K, capacity 386K, committed 512K, reserved 1048576K
Heap after GC invocations=295 (full 20):
 PSYoungGen      total 89600K, used 12800K [0x00000007b9c00000, 0x00000007c0000000, 0x00000007c0000000)
  eden space 76800K, 0% used [0x00000007b9c00000,0x00000007b9c00000,0x00000007be700000)
  from space 12800K, 100% used [0x00000007be700000,0x00000007bf380000,0x00000007bf380000)
  to   space 12800K, 0% used [0x00000007bf380000,0x00000007bf380000,0x00000007c0000000)
 ParOldGen       total 450560K, used 277848K [0x00000006c1800000, 0x00000006dd000000, 0x00000007b9c00000)
  object space 450560K, 61% used [0x00000006c1800000,0x00000006d2756000,0x00000006dd000000)
 Metaspace       used 2707K, capacity 4486K, committed 4864K, reserved 1056768K
  class space    used 302K, capacity 386K, committed 512K, reserved 1048576K
}
{Heap before GC invocations=296 (full 20):
 PSYoungGen      total 89600K, used 89600K [0x00000007b9c00000, 0x00000007c0000000, 0x00000007c0000000)
  eden space 76800K, 100% used [0x00000007b9c00000,0x00000007be700000,0x00000007be700000)
  from space 12800K, 100% used [0x00000007be700000,0x00000007bf380000,0x00000007bf380000)
  to   space 12800K, 0% used [0x00000007bf380000,0x00000007bf380000,0x00000007c0000000)
 ParOldGen       total 450560K, used 277848K [0x00000006c1800000, 0x00000006dd000000, 0x00000007b9c00000)
  object space 450560K, 61% used [0x00000006c1800000,0x00000006d2756000,0x00000006dd000000)
 Metaspace       used 2707K, capacity 4486K, committed 4864K, reserved 1056768K
  class space    used 302K, capacity 386K, committed 512K, reserved 1048576K
Heap after GC invocations=296 (full 20):
 PSYoungGen      total 89600K, used 12800K [0x00000007b9c00000, 0x00000007c0000000, 0x00000007c0000000)
  eden space 76800K, 0% used [0x00000007b9c00000,0x00000007b9c00000,0x00000007be700000)
  from space 12800K, 100% used [0x00000007bf380000,0x00000007c0000000,0x00000007c0000000)
  to   space 12800K, 0% used [0x00000007be700000,0x00000007be700000,0x00000007bf380000)
 ParOldGen       total 450560K, used 298016K [0x00000006c1800000, 0x00000006dd000000, 0x00000007b9c00000)
  object space 450560K, 66% used [0x00000006c1800000,0x00000006d3b08000,0x00000006dd000000)
 Metaspace       used 2707K, capacity 4486K, committed 4864K, reserved 1056768K
  class space    used 302K, capacity 386K, committed 512K, reserved 1048576K
}
{Heap before GC invocations=297 (full 20):
 PSYoungGen      total 89600K, used 89600K [0x00000007b9c00000, 0x00000007c0000000, 0x00000007c0000000)
  eden space 76800K, 100% used [0x00000007b9c00000,0x00000007be700000,0x00000007be700000)
  from space 12800K, 100% used [0x00000007bf380000,0x00000007c0000000,0x00000007c0000000)
  to   space 12800K, 0% used [0x00000007be700000,0x00000007be700000,0x00000007bf380000)
 ParOldGen       total 450560K, used 298016K [0x00000006c1800000, 0x00000006dd000000, 0x00000007b9c00000)
  object space 450560K, 66% used [0x00000006c1800000,0x00000006d3b08000,0x00000006dd000000)
 Metaspace       used 2707K, capacity 4486K, committed 4864K, reserved 1056768K
  class space    used 302K, capacity 386K, committed 512K, reserved 1048576K
Heap after GC invocations=297 (full 20):
 PSYoungGen      total 89600K, used 12800K [0x00000007b9c00000, 0x00000007c0000000, 0x00000007c0000000)
  eden space 76800K, 0% used [0x00000007b9c00000,0x00000007b9c00000,0x00000007be700000)
  from space 12800K, 100% used [0x00000007be700000,0x00000007bf380000,0x00000007bf380000)
  to   space 12800K, 0% used [0x00000007bf380000,0x00000007bf380000,0x00000007c0000000)
 ParOldGen       total 450560K, used 318176K [0x00000006c1800000, 0x00000006dd000000, 0x00000007b9c00000)
  object space 450560K, 70% used [0x00000006c1800000,0x00000006d4eb8000,0x00000006dd000000)
 Metaspace       used 2707K, capacity 4486K, committed 4864K, reserved 1056768K
  class space    used 302K, capacity 386K, committed 512K, reserved 1048576K
}
{Heap before GC invocations=298 (full 20):
 PSYoungGen      total 89600K, used 89600K [0x00000007b9c00000, 0x00000007c0000000, 0x00000007c0000000)
  eden space 76800K, 100% used [0x00000007b9c00000,0x00000007be700000,0x00000007be700000)
  from space 12800K, 100% used [0x00000007be700000,0x00000007bf380000,0x00000007bf380000)
  to   space 12800K, 0% used [0x00000007bf380000,0x00000007bf380000,0x00000007c0000000)
 ParOldGen       total 450560K, used 318176K [0x00000006c1800000, 0x00000006dd000000, 0x00000007b9c00000)
  object space 450560K, 70% used [0x00000006c1800000,0x00000006d4eb8000,0x00000006dd000000)
 Metaspace       used 2707K, capacity 4486K, committed 4864K, reserved 1056768K
  class space    used 302K, capacity 386K, committed 512K, reserved 1048576K
Heap after GC invocations=298 (full 20):
 PSYoungGen      total 89600K, used 12800K [0x00000007b9c00000, 0x00000007c0000000, 0x00000007c0000000)
  eden space 76800K, 0% used [0x00000007b9c00000,0x00000007b9c00000,0x00000007be700000)
  from space 12800K, 100% used [0x00000007bf380000,0x00000007c0000000,0x00000007c0000000)
  to   space 12800K, 0% used [0x00000007be700000,0x00000007be700000,0x00000007bf380000)
 ParOldGen       total 450560K, used 338344K [0x00000006c1800000, 0x00000006dd000000, 0x00000007b9c00000)
  object space 450560K, 75% used [0x00000006c1800000,0x00000006d626a000,0x00000006dd000000)
 Metaspace       used 2707K, capacity 4486K, committed 4864K, reserved 1056768K
  class space    used 302K, capacity 386K, committed 512K, reserved 1048576K
}
{Heap before GC invocations=299 (full 20):
 PSYoungGen      total 89600K, used 89600K [0x00000007b9c00000, 0x00000007c0000000, 0x00000007c0000000)
  eden space 76800K, 100% used [0x00000007b9c00000,0x00000007be700000,0x00000007be700000)
  from space 12800K, 100% used [0x00000007bf380000,0x00000007c0000000,0x00000007c0000000)
  to   space 12800K, 0% used [0x00000007be700000,0x00000007be700000,0x00000007bf380000)
 ParOldGen       total 450560K, used 338344K [0x00000006c1800000, 0x00000006dd000000, 0x00000007b9c00000)
  object space 450560K, 75% used [0x00000006c1800000,0x00000006d626a000,0x00000006dd000000)
 Metaspace       used 2707K, capacity 4486K, committed 4864K, reserved 1056768K
  class space    used 302K, capacity 386K, committed 512K, reserved 1048576K
Heap after GC invocations=299 (full 20):
 PSYoungGen      total 89600K, used 12800K [0x00000007b9c00000, 0x00000007c0000000, 0x00000007c0000000)
  eden space 76800K, 0% used [0x00000007b9c00000,0x00000007b9c00000,0x00000007be700000)
  from space 12800K, 100% used [0x00000007be700000,0x00000007bf380000,0x00000007bf380000)
  to   space 12800K, 0% used [0x00000007bf380000,0x00000007bf380000,0x00000007c0000000)
 ParOldGen       total 450560K, used 358512K [0x00000006c1800000, 0x00000006dd000000, 0x00000007b9c00000)
  object space 450560K, 79% used [0x00000006c1800000,0x00000006d761c000,0x00000006dd000000)
 Metaspace       used 2707K, capacity 4486K, committed 4864K, reserved 1056768K
  class space    used 302K, capacity 386K, committed 512K, reserved 1048576K
}
{Heap before GC invocations=300 (full 20):
 PSYoungGen      total 89600K, used 89600K [0x00000007b9c00000, 0x00000007c0000000, 0x00000007c0000000)
  eden space 76800K, 100% used [0x00000007b9c00000,0x00000007be700000,0x00000007be700000)
  from space 12800K, 100% used [0x00000007be700000,0x00000007bf380000,0x00000007bf380000)
  to   space 12800K, 0% used [0x00000007bf380000,0x00000007bf380000,0x00000007c0000000)
 ParOldGen       total 450560K, used 358512K [0x00000006c1800000, 0x00000006dd000000, 0x00000007b9c00000)
  object space 450560K, 79% used [0x00000006c1800000,0x00000006d761c000,0x00000006dd000000)
 Metaspace       used 2707K, capacity 4486K, committed 4864K, reserved 1056768K
  class space    used 302K, capacity 386K, committed 512K, reserved 1048576K
Heap after GC invocations=300 (full 20):
 PSYoungGen      total 89600K, used 12800K [0x00000007b9c00000, 0x00000007c0000000, 0x00000007c0000000)
  eden space 76800K, 0% used [0x00000007b9c00000,0x00000007b9c00000,0x00000007be700000)
  from space 12800K, 100% used [0x00000007bf380000,0x00000007c0000000,0x00000007c0000000)
  to   space 12800K, 0% used [0x00000007be700000,0x00000007be700000,0x00000007bf380000)
 ParOldGen       total 450560K, used 378672K [0x00000006c1800000, 0x00000006dd000000, 0x00000007b9c00000)
  object space 450560K, 84% used [0x00000006c1800000,0x00000006d89cc000,0x00000006dd000000)
 Metaspace       used 2707K, capacity 4486K, committed 4864K, reserved 1056768K
  class space    used 302K, capacity 386K, committed 512K, reserved 1048576K
}
{Heap before GC invocations=301 (full 20):
 PSYoungGen      total 89600K, used 89600K [0x00000007b9c00000, 0x00000007c0000000, 0x00000007c0000000)
  eden space 76800K, 100% used [0x00000007b9c00000,0x00000007be700000,0x00000007be700000)
  from space 12800K, 100% used [0x00000007bf380000,0x00000007c0000000,0x00000007c0000000)
  to   space 12800K, 0% used [0x00000007be700000,0x00000007be700000,0x00000007bf380000)
 ParOldGen       total 450560K, used 378672K [0x00000006c1800000, 0x00000006dd000000, 0x00000007b9c00000)
  object space 450560K, 84% used [0x00000006c1800000,0x00000006d89cc000,0x00000006dd000000)
 Metaspace       used 2707K, capacity 4486K, committed 4864K, reserved 1056768K
  class space    used 302K, capacity 386K, committed 512K, reserved 1048576K
Heap after GC invocations=301 (full 20):
 PSYoungGen      total 89600K, used 12800K [0x00000007b9c00000, 0x00000007c0000000, 0x00000007c0000000)
  eden space 76800K, 0% used [0x00000007b9c00000,0x00000007b9c00000,0x00000007be700000)
  from space 12800K, 100% used [0x00000007be700000,0x00000007bf380000,0x00000007bf380000)
  to   space 12800K, 0% used [0x00000007bf380000,0x00000007bf380000,0x00000007c0000000)
 ParOldGen       total 450560K, used 398832K [0x00000006c1800000, 0x00000006dd000000, 0x00000007b9c00000)
  object space 450560K, 88% used [0x00000006c1800000,0x00000006d9d7c000,0x00000006dd000000)
 Metaspace       used 2707K, capacity 4486K, committed 4864K, reserved 1056768K
  class space    used 302K, capacity 386K, committed 512K, reserved 1048576K
}
{Heap before GC invocations=302 (full 20):
 PSYoungGen      total 89600K, used 89600K [0x00000007b9c00000, 0x00000007c0000000, 0x00000007c0000000)
  eden space 76800K, 100% used [0x00000007b9c00000,0x00000007be700000,0x00000007be700000)
  from space 12800K, 100% used [0x00000007be700000,0x00000007bf380000,0x00000007bf380000)
  to   space 12800K, 0% used [0x00000007bf380000,0x00000007bf380000,0x00000007c0000000)
 ParOldGen       total 450560K, used 398832K [0x00000006c1800000, 0x00000006dd000000, 0x00000007b9c00000)
  object space 450560K, 88% used [0x00000006c1800000,0x00000006d9d7c000,0x00000006dd000000)
 Metaspace       used 2707K, capacity 4486K, committed 4864K, reserved 1056768K
  class space    used 302K, capacity 386K, committed 512K, reserved 1048576K
Heap after GC invocations=302 (full 20):
 PSYoungGen      total 89600K, used 12800K [0x00000007b9c00000, 0x00000007c0000000, 0x00000007c0000000)
  eden space 76800K, 0% used [0x00000007b9c00000,0x00000007b9c00000,0x00000007be700000)
  from space 12800K, 100% used [0x00000007bf380000,0x00000007c0000000,0x00000007c0000000)
  to   space 12800K, 0% used [0x00000007be700000,0x00000007be700000,0x00000007bf380000)
 ParOldGen       total 450560K, used 419000K [0x00000006c1800000, 0x00000006dd000000, 0x00000007b9c00000)
  object space 450560K, 92% used [0x00000006c1800000,0x00000006db12e000,0x00000006dd000000)
 Metaspace       used 2707K, capacity 4486K, committed 4864K, reserved 1056768K
  class space    used 302K, capacity 386K, committed 512K, reserved 1048576K
}
{Heap before GC invocations=303 (full 20):
 PSYoungGen      total 89600K, used 89600K [0x00000007b9c00000, 0x00000007c0000000, 0x00000007c0000000)
  eden space 76800K, 100% used [0x00000007b9c00000,0x00000007be700000,0x00000007be700000)
  from space 12800K, 100% used [0x00000007bf380000,0x00000007c0000000,0x00000007c0000000)
  to   space 12800K, 0% used [0x00000007be700000,0x00000007be700000,0x00000007bf380000)
 ParOldGen       total 450560K, used 419000K [0x00000006c1800000, 0x00000006dd000000, 0x00000007b9c00000)
  object space 450560K, 92% used [0x00000006c1800000,0x00000006db12e000,0x00000006dd000000)
 Metaspace       used 2707K, capacity 4486K, committed 4864K, reserved 1056768K
  class space    used 302K, capacity 386K, committed 512K, reserved 1048576K
Heap after GC invocations=303 (full 20):
 PSYoungGen      total 89600K, used 12800K [0x00000007b9c00000, 0x00000007c0000000, 0x00000007c0000000)
  eden space 76800K, 0% used [0x00000007b9c00000,0x00000007b9c00000,0x00000007be700000)
  from space 12800K, 100% used [0x00000007be700000,0x00000007bf380000,0x00000007bf380000)
  to   space 12800K, 0% used [0x00000007bf380000,0x00000007bf380000,0x00000007c0000000)
 ParOldGen       total 450560K, used 439160K [0x00000006c1800000, 0x00000006dd000000, 0x00000007b9c00000)
  object space 450560K, 97% used [0x00000006c1800000,0x00000006dc4de000,0x00000006dd000000)
 Metaspace       used 2707K, capacity 4486K, committed 4864K, reserved 1056768K
  class space    used 302K, capacity 386K, committed 512K, reserved 1048576K
}
{Heap before GC invocations=304 (full 21):
 PSYoungGen      total 89600K, used 12800K [0x00000007b9c00000, 0x00000007c0000000, 0x00000007c0000000)
  eden space 76800K, 0% used [0x00000007b9c00000,0x00000007b9c00000,0x00000007be700000)
  from space 12800K, 100% used [0x00000007be700000,0x00000007bf380000,0x00000007bf380000)
  to   space 12800K, 0% used [0x00000007bf380000,0x00000007bf380000,0x00000007c0000000)
 ParOldGen       total 450560K, used 439160K [0x00000006c1800000, 0x00000006dd000000, 0x00000007b9c00000)
  object space 450560K, 97% used [0x00000006c1800000,0x00000006dc4de000,0x00000006dd000000)
 Metaspace       used 2707K, capacity 4486K, committed 4864K, reserved 1056768K
  class space    used 302K, capacity 386K, committed 512K, reserved 1048576K
Heap after GC invocations=304 (full 21):
 PSYoungGen      total 89600K, used 0K [0x00000007b9c00000, 0x00000007c0000000, 0x00000007c0000000)
  eden space 76800K, 0% used [0x00000007b9c00000,0x00000007b9c00000,0x00000007be700000)
  from space 12800K, 0% used [0x00000007be700000,0x00000007be700000,0x00000007bf380000)
  to   space 12800K, 0% used [0x00000007bf380000,0x00000007bf380000,0x00000007c0000000)
 ParOldGen       total 461824K, used 35840K [0x00000006c1800000, 0x00000006ddb00000, 0x00000007b9c00000)
  object space 461824K, 7% used [0x00000006c1800000,0x00000006c3b00000,0x00000006ddb00000)
 Metaspace       used 2707K, capacity 4486K, committed 4864K, reserved 1056768K
  class space    used 302K, capacity 386K, committed 512K, reserved 1048576K
}
{Heap before GC invocations=305 (full 21):
 PSYoungGen      total 89600K, used 76800K [0x00000007b9c00000, 0x00000007c0000000, 0x00000007c0000000)
  eden space 76800K, 100% used [0x00000007b9c00000,0x00000007be700000,0x00000007be700000)
  from space 12800K, 0% used [0x00000007be700000,0x00000007be700000,0x00000007bf380000)
  to   space 12800K, 0% used [0x00000007bf380000,0x00000007bf380000,0x00000007c0000000)
 ParOldGen       total 461824K, used 35840K [0x00000006c1800000, 0x00000006ddb00000, 0x00000007b9c00000)
  object space 461824K, 7% used [0x00000006c1800000,0x00000006c3b00000,0x00000006ddb00000)
 Metaspace       used 2707K, capacity 4486K, committed 4864K, reserved 1056768K
  class space    used 302K, capacity 386K, committed 512K, reserved 1048576K
Heap after GC invocations=305 (full 21):
 PSYoungGen      total 89600K, used 12800K [0x00000007b9c00000, 0x00000007c0000000, 0x00000007c0000000)
  eden space 76800K, 0% used [0x00000007b9c00000,0x00000007b9c00000,0x00000007be700000)
  from space 12800K, 100% used [0x00000007bf380000,0x00000007c0000000,0x00000007c0000000)
  to   space 12800K, 0% used [0x00000007be700000,0x00000007be700000,0x00000007bf380000)
 ParOldGen       total 461824K, used 56000K [0x00000006c1800000, 0x00000006ddb00000, 0x00000007b9c00000)
  object space 461824K, 12% used [0x00000006c1800000,0x00000006c4eb0000,0x00000006ddb00000)
 Metaspace       used 2707K, capacity 4486K, committed 4864K, reserved 1056768K
  class space    used 302K, capacity 386K, committed 512K, reserved 1048576K
}
{Heap before GC invocations=306 (full 21):
 PSYoungGen      total 89600K, used 89600K [0x00000007b9c00000, 0x00000007c0000000, 0x00000007c0000000)
  eden space 76800K, 100% used [0x00000007b9c00000,0x00000007be700000,0x00000007be700000)
  from space 12800K, 100% used [0x00000007bf380000,0x00000007c0000000,0x00000007c0000000)
  to   space 12800K, 0% used [0x00000007be700000,0x00000007be700000,0x00000007bf380000)
 ParOldGen       total 461824K, used 56000K [0x00000006c1800000, 0x00000006ddb00000, 0x00000007b9c00000)
  object space 461824K, 12% used [0x00000006c1800000,0x00000006c4eb0000,0x00000006ddb00000)
 Metaspace       used 2707K, capacity 4486K, committed 4864K, reserved 1056768K
  class space    used 302K, capacity 386K, committed 512K, reserved 1048576K
Heap after GC invocations=306 (full 21):
 PSYoungGen      total 89600K, used 12800K [0x00000007b9c00000, 0x00000007c0000000, 0x00000007c0000000)
  eden space 76800K, 0% used [0x00000007b9c00000,0x00000007b9c00000,0x00000007be700000)
  from space 12800K, 100% used [0x00000007be700000,0x00000007bf380000,0x00000007bf380000)
  to   space 12800K, 0% used [0x00000007bf380000,0x00000007bf380000,0x00000007c0000000)
 ParOldGen       total 461824K, used 76160K [0x00000006c1800000, 0x00000006ddb00000, 0x00000007b9c00000)
  object space 461824K, 16% used [0x00000006c1800000,0x00000006c6260000,0x00000006ddb00000)
 Metaspace       used 2707K, capacity 4486K, committed 4864K, reserved 1056768K
  class space    used 302K, capacity 386K, committed 512K, reserved 1048576K
}
{Heap before GC invocations=307 (full 21):
 PSYoungGen      total 89600K, used 89600K [0x00000007b9c00000, 0x00000007c0000000, 0x00000007c0000000)
  eden space 76800K, 100% used [0x00000007b9c00000,0x00000007be700000,0x00000007be700000)
  from space 12800K, 100% used [0x00000007be700000,0x00000007bf380000,0x00000007bf380000)
  to   space 12800K, 0% used [0x00000007bf380000,0x00000007bf380000,0x00000007c0000000)
 ParOldGen       total 461824K, used 76160K [0x00000006c1800000, 0x00000006ddb00000, 0x00000007b9c00000)
  object space 461824K, 16% used [0x00000006c1800000,0x00000006c6260000,0x00000006ddb00000)
 Metaspace       used 2707K, capacity 4486K, committed 4864K, reserved 1056768K
  class space    used 302K, capacity 386K, committed 512K, reserved 1048576K
Heap after GC invocations=307 (full 21):
 PSYoungGen      total 89600K, used 12800K [0x00000007b9c00000, 0x00000007c0000000, 0x00000007c0000000)
  eden space 76800K, 0% used [0x00000007b9c00000,0x00000007b9c00000,0x00000007be700000)
  from space 12800K, 100% used [0x00000007bf380000,0x00000007c0000000,0x00000007c0000000)
  to   space 12800K, 0% used [0x00000007be700000,0x00000007be700000,0x00000007bf380000)
 ParOldGen       total 461824K, used 96344K [0x00000006c1800000, 0x00000006ddb00000, 0x00000007b9c00000)
  object space 461824K, 20% used [0x00000006c1800000,0x00000006c7616000,0x00000006ddb00000)
 Metaspace       used 2707K, capacity 4486K, committed 4864K, reserved 1056768K
  class space    used 302K, capacity 386K, committed 512K, reserved 1048576K
}
{Heap before GC invocations=308 (full 21):
 PSYoungGen      total 89600K, used 89600K [0x00000007b9c00000, 0x00000007c0000000, 0x00000007c0000000)
  eden space 76800K, 100% used [0x00000007b9c00000,0x00000007be700000,0x00000007be700000)
  from space 12800K, 100% used [0x00000007bf380000,0x00000007c0000000,0x00000007c0000000)
  to   space 12800K, 0% used [0x00000007be700000,0x00000007be700000,0x00000007bf380000)
 ParOldGen       total 461824K, used 96344K [0x00000006c1800000, 0x00000006ddb00000, 0x00000007b9c00000)
  object space 461824K, 20% used [0x00000006c1800000,0x00000006c7616000,0x00000006ddb00000)
 Metaspace       used 2707K, capacity 4486K, committed 4864K, reserved 1056768K
  class space    used 302K, capacity 386K, committed 512K, reserved 1048576K
Heap after GC invocations=308 (full 21):
 PSYoungGen      total 89600K, used 12800K [0x00000007b9c00000, 0x00000007c0000000, 0x00000007c0000000)
  eden space 76800K, 0% used [0x00000007b9c00000,0x00000007b9c00000,0x00000007be700000)
  from space 12800K, 100% used [0x00000007be700000,0x00000007bf380000,0x00000007bf380000)
  to   space 12800K, 0% used [0x00000007bf380000,0x00000007bf380000,0x00000007c0000000)
 ParOldGen       total 461824K, used 116512K [0x00000006c1800000, 0x00000006ddb00000, 0x00000007b9c00000)
  object space 461824K, 25% used [0x00000006c1800000,0x00000006c89c8000,0x00000006ddb00000)
 Metaspace       used 2707K, capacity 4486K, committed 4864K, reserved 1056768K
  class space    used 302K, capacity 386K, committed 512K, reserved 1048576K
}
{Heap before GC invocations=309 (full 21):
 PSYoungGen      total 89600K, used 89600K [0x00000007b9c00000, 0x00000007c0000000, 0x00000007c0000000)
  eden space 76800K, 100% used [0x00000007b9c00000,0x00000007be700000,0x00000007be700000)
  from space 12800K, 100% used [0x00000007be700000,0x00000007bf380000,0x00000007bf380000)
  to   space 12800K, 0% used [0x00000007bf380000,0x00000007bf380000,0x00000007c0000000)
 ParOldGen       total 461824K, used 116512K [0x00000006c1800000, 0x00000006ddb00000, 0x00000007b9c00000)
  object space 461824K, 25% used [0x00000006c1800000,0x00000006c89c8000,0x00000006ddb00000)
 Metaspace       used 2707K, capacity 4486K, committed 4864K, reserved 1056768K
  class space    used 302K, capacity 386K, committed 512K, reserved 1048576K
Heap after GC invocations=309 (full 21):
 PSYoungGen      total 89600K, used 12800K [0x00000007b9c00000, 0x00000007c0000000, 0x00000007c0000000)
  eden space 76800K, 0% used [0x00000007b9c00000,0x00000007b9c00000,0x00000007be700000)
  from space 12800K, 100% used [0x00000007bf380000,0x00000007c0000000,0x00000007c0000000)
  to   space 12800K, 0% used [0x00000007be700000,0x00000007be700000,0x00000007bf380000)
 ParOldGen       total 461824K, used 136680K [0x00000006c1800000, 0x00000006ddb00000, 0x00000007b9c00000)
  object space 461824K, 29% used [0x00000006c1800000,0x00000006c9d7a000,0x00000006ddb00000)
 Metaspace       used 2707K, capacity 4486K, committed 4864K, reserved 1056768K
  class space    used 302K, capacity 386K, committed 512K, reserved 1048576K
}
{Heap before GC invocations=310 (full 21):
 PSYoungGen      total 89600K, used 89600K [0x00000007b9c00000, 0x00000007c0000000, 0x00000007c0000000)
  eden space 76800K, 100% used [0x00000007b9c00000,0x00000007be700000,0x00000007be700000)
  from space 12800K, 100% used [0x00000007bf380000,0x00000007c0000000,0x00000007c0000000)
  to   space 12800K, 0% used [0x00000007be700000,0x00000007be700000,0x00000007bf380000)
 ParOldGen       total 461824K, used 136680K [0x00000006c1800000, 0x00000006ddb00000, 0x00000007b9c00000)
  object space 461824K, 29% used [0x00000006c1800000,0x00000006c9d7a000,0x00000006ddb00000)
 Metaspace       used 2707K, capacity 4486K, committed 4864K, reserved 1056768K
  class space    used 302K, capacity 386K, committed 512K, reserved 1048576K
Heap after GC invocations=310 (full 21):
 PSYoungGen      total 89600K, used 12800K [0x00000007b9c00000, 0x00000007c0000000, 0x00000007c0000000)
  eden space 76800K, 0% used [0x00000007b9c00000,0x00000007b9c00000,0x00000007be700000)
  from space 12800K, 100% used [0x00000007be700000,0x00000007bf380000,0x00000007bf380000)
  to   space 12800K, 0% used [0x00000007bf380000,0x00000007bf380000,0x00000007c0000000)
 ParOldGen       total 461824K, used 156840K [0x00000006c1800000, 0x00000006ddb00000, 0x00000007b9c00000)
  object space 461824K, 33% used [0x00000006c1800000,0x00000006cb12a000,0x00000006ddb00000)
 Metaspace       used 2707K, capacity 4486K, committed 4864K, reserved 1056768K
  class space    used 302K, capacity 386K, committed 512K, reserved 1048576K
}
{Heap before GC invocations=311 (full 21):
 PSYoungGen      total 89600K, used 89600K [0x00000007b9c00000, 0x00000007c0000000, 0x00000007c0000000)
  eden space 76800K, 100% used [0x00000007b9c00000,0x00000007be700000,0x00000007be700000)
  from space 12800K, 100% used [0x00000007be700000,0x00000007bf380000,0x00000007bf380000)
  to   space 12800K, 0% used [0x00000007bf380000,0x00000007bf380000,0x00000007c0000000)
 ParOldGen       total 461824K, used 156840K [0x00000006c1800000, 0x00000006ddb00000, 0x00000007b9c00000)
  object space 461824K, 33% used [0x00000006c1800000,0x00000006cb12a000,0x00000006ddb00000)
 Metaspace       used 2707K, capacity 4486K, committed 4864K, reserved 1056768K
  class space    used 302K, capacity 386K, committed 512K, reserved 1048576K
Heap after GC invocations=311 (full 21):
 PSYoungGen      total 89600K, used 12800K [0x00000007b9c00000, 0x00000007c0000000, 0x00000007c0000000)
  eden space 76800K, 0% used [0x00000007b9c00000,0x00000007b9c00000,0x00000007be700000)
  from space 12800K, 100% used [0x00000007bf380000,0x00000007c0000000,0x00000007c0000000)
  to   space 12800K, 0% used [0x00000007be700000,0x00000007be700000,0x00000007bf380000)
 ParOldGen       total 461824K, used 177016K [0x00000006c1800000, 0x00000006ddb00000, 0x00000007b9c00000)
  object space 461824K, 38% used [0x00000006c1800000,0x00000006cc4de000,0x00000006ddb00000)
 Metaspace       used 2707K, capacity 4486K, committed 4864K, reserved 1056768K
  class space    used 302K, capacity 386K, committed 512K, reserved 1048576K
}
{Heap before GC invocations=312 (full 21):
 PSYoungGen      total 89600K, used 89600K [0x00000007b9c00000, 0x00000007c0000000, 0x00000007c0000000)
  eden space 76800K, 100% used [0x00000007b9c00000,0x00000007be700000,0x00000007be700000)
  from space 12800K, 100% used [0x00000007bf380000,0x00000007c0000000,0x00000007c0000000)
  to   space 12800K, 0% used [0x00000007be700000,0x00000007be700000,0x00000007bf380000)
 ParOldGen       total 461824K, used 177016K [0x00000006c1800000, 0x00000006ddb00000, 0x00000007b9c00000)
  object space 461824K, 38% used [0x00000006c1800000,0x00000006cc4de000,0x00000006ddb00000)
 Metaspace       used 2707K, capacity 4486K, committed 4864K, reserved 1056768K
  class space    used 302K, capacity 386K, committed 512K, reserved 1048576K
Heap after GC invocations=312 (full 21):
 PSYoungGen      total 89600K, used 12800K [0x00000007b9c00000, 0x00000007c0000000, 0x00000007c0000000)
  eden space 76800K, 0% used [0x00000007b9c00000,0x00000007b9c00000,0x00000007be700000)
  from space 12800K, 100% used [0x00000007be700000,0x00000007bf380000,0x00000007bf380000)
  to   space 12800K, 0% used [0x00000007bf380000,0x00000007bf380000,0x00000007c0000000)
 ParOldGen       total 461824K, used 197192K [0x00000006c1800000, 0x00000006ddb00000, 0x00000007b9c00000)
  object space 461824K, 42% used [0x00000006c1800000,0x00000006cd892000,0x00000006ddb00000)
 Metaspace       used 2707K, capacity 4486K, committed 4864K, reserved 1056768K
  class space    used 302K, capacity 386K, committed 512K, reserved 1048576K
}
{Heap before GC invocations=313 (full 21):
 PSYoungGen      total 89600K, used 89600K [0x00000007b9c00000, 0x00000007c0000000, 0x00000007c0000000)
  eden space 76800K, 100% used [0x00000007b9c00000,0x00000007be700000,0x00000007be700000)
  from space 12800K, 100% used [0x00000007be700000,0x00000007bf380000,0x00000007bf380000)
  to   space 12800K, 0% used [0x00000007bf380000,0x00000007bf380000,0x00000007c0000000)
 ParOldGen       total 461824K, used 197192K [0x00000006c1800000, 0x00000006ddb00000, 0x00000007b9c00000)
  object space 461824K, 42% used [0x00000006c1800000,0x00000006cd892000,0x00000006ddb00000)
 Metaspace       used 2707K, capacity 4486K, committed 4864K, reserved 1056768K
  class space    used 302K, capacity 386K, committed 512K, reserved 1048576K
Heap after GC invocations=313 (full 21):
 PSYoungGen      total 89600K, used 12800K [0x00000007b9c00000, 0x00000007c0000000, 0x00000007c0000000)
  eden space 76800K, 0% used [0x00000007b9c00000,0x00000007b9c00000,0x00000007be700000)
  from space 12800K, 100% used [0x00000007bf380000,0x00000007c0000000,0x00000007c0000000)
  to   space 12800K, 0% used [0x00000007be700000,0x00000007be700000,0x00000007bf380000)
 ParOldGen       total 461824K, used 217360K [0x00000006c1800000, 0x00000006ddb00000, 0x00000007b9c00000)
  object space 461824K, 47% used [0x00000006c1800000,0x00000006cec44000,0x00000006ddb00000)
 Metaspace       used 2707K, capacity 4486K, committed 4864K, reserved 1056768K
  class space    used 302K, capacity 386K, committed 512K, reserved 1048576K
}
{Heap before GC invocations=314 (full 21):
 PSYoungGen      total 89600K, used 89600K [0x00000007b9c00000, 0x00000007c0000000, 0x00000007c0000000)
  eden space 76800K, 100% used [0x00000007b9c00000,0x00000007be700000,0x00000007be700000)
  from space 12800K, 100% used [0x00000007bf380000,0x00000007c0000000,0x00000007c0000000)
  to   space 12800K, 0% used [0x00000007be700000,0x00000007be700000,0x00000007bf380000)
 ParOldGen       total 461824K, used 217360K [0x00000006c1800000, 0x00000006ddb00000, 0x00000007b9c00000)
  object space 461824K, 47% used [0x00000006c1800000,0x00000006cec44000,0x00000006ddb00000)
 Metaspace       used 2707K, capacity 4486K, committed 4864K, reserved 1056768K
  class space    used 302K, capacity 386K, committed 512K, reserved 1048576K
Heap after GC invocations=314 (full 21):
 PSYoungGen      total 89600K, used 12800K [0x00000007b9c00000, 0x00000007c0000000, 0x00000007c0000000)
  eden space 76800K, 0% used [0x00000007b9c00000,0x00000007b9c00000,0x00000007be700000)
  from space 12800K, 100% used [0x00000007be700000,0x00000007bf380000,0x00000007bf380000)
  to   space 12800K, 0% used [0x00000007bf380000,0x00000007bf380000,0x00000007c0000000)
 ParOldGen       total 461824K, used 237528K [0x00000006c1800000, 0x00000006ddb00000, 0x00000007b9c00000)
  object space 461824K, 51% used [0x00000006c1800000,0x00000006cfff6000,0x00000006ddb00000)
 Metaspace       used 2707K, capacity 4486K, committed 4864K, reserved 1056768K
  class space    used 302K, capacity 386K, committed 512K, reserved 1048576K
}
{Heap before GC invocations=315 (full 21):
 PSYoungGen      total 89600K, used 89600K [0x00000007b9c00000, 0x00000007c0000000, 0x00000007c0000000)
  eden space 76800K, 100% used [0x00000007b9c00000,0x00000007be700000,0x00000007be700000)
  from space 12800K, 100% used [0x00000007be700000,0x00000007bf380000,0x00000007bf380000)
  to   space 12800K, 0% used [0x00000007bf380000,0x00000007bf380000,0x00000007c0000000)
 ParOldGen       total 461824K, used 237528K [0x00000006c1800000, 0x00000006ddb00000, 0x00000007b9c00000)
  object space 461824K, 51% used [0x00000006c1800000,0x00000006cfff6000,0x00000006ddb00000)
 Metaspace       used 2707K, capacity 4486K, committed 4864K, reserved 1056768K
  class space    used 302K, capacity 386K, committed 512K, reserved 1048576K
Heap after GC invocations=315 (full 21):
 PSYoungGen      total 89600K, used 12800K [0x00000007b9c00000, 0x00000007c0000000, 0x00000007c0000000)
  eden space 76800K, 0% used [0x00000007b9c00000,0x00000007b9c00000,0x00000007be700000)
  from space 12800K, 100% used [0x00000007bf380000,0x00000007c0000000,0x00000007c0000000)
  to   space 12800K, 0% used [0x00000007be700000,0x00000007be700000,0x00000007bf380000)
 ParOldGen       total 461824K, used 257688K [0x00000006c1800000, 0x00000006ddb00000, 0x00000007b9c00000)
  object space 461824K, 55% used [0x00000006c1800000,0x00000006d13a6000,0x00000006ddb00000)
 Metaspace       used 2707K, capacity 4486K, committed 4864K, reserved 1056768K
  class space    used 302K, capacity 386K, committed 512K, reserved 1048576K
}
{Heap before GC invocations=316 (full 21):
 PSYoungGen      total 89600K, used 89600K [0x00000007b9c00000, 0x00000007c0000000, 0x00000007c0000000)
  eden space 76800K, 100% used [0x00000007b9c00000,0x00000007be700000,0x00000007be700000)
  from space 12800K, 100% used [0x00000007bf380000,0x00000007c0000000,0x00000007c0000000)
  to   space 12800K, 0% used [0x00000007be700000,0x00000007be700000,0x00000007bf380000)
 ParOldGen       total 461824K, used 257688K [0x00000006c1800000, 0x00000006ddb00000, 0x00000007b9c00000)
  object space 461824K, 55% used [0x00000006c1800000,0x00000006d13a6000,0x00000006ddb00000)
 Metaspace       used 2707K, capacity 4486K, committed 4864K, reserved 1056768K
  class space    used 302K, capacity 386K, committed 512K, reserved 1048576K
Heap after GC invocations=316 (full 21):
 PSYoungGen      total 89600K, used 12800K [0x00000007b9c00000, 0x00000007c0000000, 0x00000007c0000000)
  eden space 76800K, 0% used [0x00000007b9c00000,0x00000007b9c00000,0x00000007be700000)
  from space 12800K, 100% used [0x00000007be700000,0x00000007bf380000,0x00000007bf380000)
  to   space 12800K, 0% used [0x00000007bf380000,0x00000007bf380000,0x00000007c0000000)
 ParOldGen       total 461824K, used 277856K [0x00000006c1800000, 0x00000006ddb00000, 0x00000007b9c00000)
  object space 461824K, 60% used [0x00000006c1800000,0x00000006d2758000,0x00000006ddb00000)
 Metaspace       used 2707K, capacity 4486K, committed 4864K, reserved 1056768K
  class space    used 302K, capacity 386K, committed 512K, reserved 1048576K
}
{Heap before GC invocations=317 (full 21):
 PSYoungGen      total 89600K, used 89600K [0x00000007b9c00000, 0x00000007c0000000, 0x00000007c0000000)
  eden space 76800K, 100% used [0x00000007b9c00000,0x00000007be700000,0x00000007be700000)
  from space 12800K, 100% used [0x00000007be700000,0x00000007bf380000,0x00000007bf380000)
  to   space 12800K, 0% used [0x00000007bf380000,0x00000007bf380000,0x00000007c0000000)
 ParOldGen       total 461824K, used 277856K [0x00000006c1800000, 0x00000006ddb00000, 0x00000007b9c00000)
  object space 461824K, 60% used [0x00000006c1800000,0x00000006d2758000,0x00000006ddb00000)
 Metaspace       used 2707K, capacity 4486K, committed 4864K, reserved 1056768K
  class space    used 302K, capacity 386K, committed 512K, reserved 1048576K
Heap after GC invocations=317 (full 21):
 PSYoungGen      total 89600K, used 12800K [0x00000007b9c00000, 0x00000007c0000000, 0x00000007c0000000)
  eden space 76800K, 0% used [0x00000007b9c00000,0x00000007b9c00000,0x00000007be700000)
  from space 12800K, 100% used [0x00000007bf380000,0x00000007c0000000,0x00000007c0000000)
  to   space 12800K, 0% used [0x00000007be700000,0x00000007be700000,0x00000007bf380000)
 ParOldGen       total 461824K, used 298016K [0x00000006c1800000, 0x00000006ddb00000, 0x00000007b9c00000)
  object space 461824K, 64% used [0x00000006c1800000,0x00000006d3b08000,0x00000006ddb00000)
 Metaspace       used 2707K, capacity 4486K, committed 4864K, reserved 1056768K
  class space    used 302K, capacity 386K, committed 512K, reserved 1048576K
}
{Heap before GC invocations=318 (full 21):
 PSYoungGen      total 89600K, used 89600K [0x00000007b9c00000, 0x00000007c0000000, 0x00000007c0000000)
  eden space 76800K, 100% used [0x00000007b9c00000,0x00000007be700000,0x00000007be700000)
  from space 12800K, 100% used [0x00000007bf380000,0x00000007c0000000,0x00000007c0000000)
  to   space 12800K, 0% used [0x00000007be700000,0x00000007be700000,0x00000007bf380000)
 ParOldGen       total 461824K, used 298016K [0x00000006c1800000, 0x00000006ddb00000, 0x00000007b9c00000)
  object space 461824K, 64% used [0x00000006c1800000,0x00000006d3b08000,0x00000006ddb00000)
 Metaspace       used 2707K, capacity 4486K, committed 4864K, reserved 1056768K
  class space    used 302K, capacity 386K, committed 512K, reserved 1048576K
Heap after GC invocations=318 (full 21):
 PSYoungGen      total 89600K, used 12800K [0x00000007b9c00000, 0x00000007c0000000, 0x00000007c0000000)
  eden space 76800K, 0% used [0x00000007b9c00000,0x00000007b9c00000,0x00000007be700000)
  from space 12800K, 100% used [0x00000007be700000,0x00000007bf380000,0x00000007bf380000)
  to   space 12800K, 0% used [0x00000007bf380000,0x00000007bf380000,0x00000007c0000000)
 ParOldGen       total 461824K, used 318184K [0x00000006c1800000, 0x00000006ddb00000, 0x00000007b9c00000)
  object space 461824K, 68% used [0x00000006c1800000,0x00000006d4eba000,0x00000006ddb00000)
 Metaspace       used 2707K, capacity 4486K, committed 4864K, reserved 1056768K
  class space    used 302K, capacity 386K, committed 512K, reserved 1048576K
}
{Heap before GC invocations=319 (full 21):
 PSYoungGen      total 89600K, used 89600K [0x00000007b9c00000, 0x00000007c0000000, 0x00000007c0000000)
  eden space 76800K, 100% used [0x00000007b9c00000,0x00000007be700000,0x00000007be700000)
  from space 12800K, 100% used [0x00000007be700000,0x00000007bf380000,0x00000007bf380000)
  to   space 12800K, 0% used [0x00000007bf380000,0x00000007bf380000,0x00000007c0000000)
 ParOldGen       total 461824K, used 318184K [0x00000006c1800000, 0x00000006ddb00000, 0x00000007b9c00000)
  object space 461824K, 68% used [0x00000006c1800000,0x00000006d4eba000,0x00000006ddb00000)
 Metaspace       used 2707K, capacity 4486K, committed 4864K, reserved 1056768K
  class space    used 302K, capacity 386K, committed 512K, reserved 1048576K
Heap after GC invocations=319 (full 21):
 PSYoungGen      total 89600K, used 12800K [0x00000007b9c00000, 0x00000007c0000000, 0x00000007c0000000)
  eden space 76800K, 0% used [0x00000007b9c00000,0x00000007b9c00000,0x00000007be700000)
  from space 12800K, 100% used [0x00000007bf380000,0x00000007c0000000,0x00000007c0000000)
  to   space 12800K, 0% used [0x00000007be700000,0x00000007be700000,0x00000007bf380000)
 ParOldGen       total 461824K, used 338352K [0x00000006c1800000, 0x00000006ddb00000, 0x00000007b9c00000)
  object space 461824K, 73% used [0x00000006c1800000,0x00000006d626c000,0x00000006ddb00000)
 Metaspace       used 2707K, capacity 4486K, committed 4864K, reserved 1056768K
  class space    used 302K, capacity 386K, committed 512K, reserved 1048576K
}
{Heap before GC invocations=320 (full 21):
 PSYoungGen      total 89600K, used 89600K [0x00000007b9c00000, 0x00000007c0000000, 0x00000007c0000000)
  eden space 76800K, 100% used [0x00000007b9c00000,0x00000007be700000,0x00000007be700000)
  from space 12800K, 100% used [0x00000007bf380000,0x00000007c0000000,0x00000007c0000000)
  to   space 12800K, 0% used [0x00000007be700000,0x00000007be700000,0x00000007bf380000)
 ParOldGen       total 461824K, used 338352K [0x00000006c1800000, 0x00000006ddb00000, 0x00000007b9c00000)
  object space 461824K, 73% used [0x00000006c1800000,0x00000006d626c000,0x00000006ddb00000)
 Metaspace       used 2707K, capacity 4486K, committed 4864K, reserved 1056768K
  class space    used 302K, capacity 386K, committed 512K, reserved 1048576K
Heap after GC invocations=320 (full 21):
 PSYoungGen      total 89600K, used 12800K [0x00000007b9c00000, 0x00000007c0000000, 0x00000007c0000000)
  eden space 76800K, 0% used [0x00000007b9c00000,0x00000007b9c00000,0x00000007be700000)
  from space 12800K, 100% used [0x00000007be700000,0x00000007bf380000,0x00000007bf380000)
  to   space 12800K, 0% used [0x00000007bf380000,0x00000007bf380000,0x00000007c0000000)
 ParOldGen       total 461824K, used 358520K [0x00000006c1800000, 0x00000006ddb00000, 0x00000007b9c00000)
  object space 461824K, 77% used [0x00000006c1800000,0x00000006d761e000,0x00000006ddb00000)
 Metaspace       used 2707K, capacity 4486K, committed 4864K, reserved 1056768K
  class space    used 302K, capacity 386K, committed 512K, reserved 1048576K
}
{Heap before GC invocations=321 (full 21):
 PSYoungGen      total 89600K, used 89600K [0x00000007b9c00000, 0x00000007c0000000, 0x00000007c0000000)
  eden space 76800K, 100% used [0x00000007b9c00000,0x00000007be700000,0x00000007be700000)
  from space 12800K, 100% used [0x00000007be700000,0x00000007bf380000,0x00000007bf380000)
  to   space 12800K, 0% used [0x00000007bf380000,0x00000007bf380000,0x00000007c0000000)
 ParOldGen       total 461824K, used 358520K [0x00000006c1800000, 0x00000006ddb00000, 0x00000007b9c00000)
  object space 461824K, 77% used [0x00000006c1800000,0x00000006d761e000,0x00000006ddb00000)
 Metaspace       used 2707K, capacity 4486K, committed 4864K, reserved 1056768K
  class space    used 302K, capacity 386K, committed 512K, reserved 1048576K
Heap after GC invocations=321 (full 21):
 PSYoungGen      total 89600K, used 12800K [0x00000007b9c00000, 0x00000007c0000000, 0x00000007c0000000)
  eden space 76800K, 0% used [0x00000007b9c00000,0x00000007b9c00000,0x00000007be700000)
  from space 12800K, 100% used [0x00000007bf380000,0x00000007c0000000,0x00000007c0000000)
  to   space 12800K, 0% used [0x00000007be700000,0x00000007be700000,0x00000007bf380000)
 ParOldGen       total 461824K, used 378688K [0x00000006c1800000, 0x00000006ddb00000, 0x00000007b9c00000)
  object space 461824K, 81% used [0x00000006c1800000,0x00000006d89d0000,0x00000006ddb00000)
 Metaspace       used 2707K, capacity 4486K, committed 4864K, reserved 1056768K
  class space    used 302K, capacity 386K, committed 512K, reserved 1048576K
}
{Heap before GC invocations=322 (full 21):
 PSYoungGen      total 89600K, used 89600K [0x00000007b9c00000, 0x00000007c0000000, 0x00000007c0000000)
  eden space 76800K, 100% used [0x00000007b9c00000,0x00000007be700000,0x00000007be700000)
  from space 12800K, 100% used [0x00000007bf380000,0x00000007c0000000,0x00000007c0000000)
  to   space 12800K, 0% used [0x00000007be700000,0x00000007be700000,0x00000007bf380000)
 ParOldGen       total 461824K, used 378688K [0x00000006c1800000, 0x00000006ddb00000, 0x00000007b9c00000)
  object space 461824K, 81% used [0x00000006c1800000,0x00000006d89d0000,0x00000006ddb00000)
 Metaspace       used 2707K, capacity 4486K, committed 4864K, reserved 1056768K
  class space    used 302K, capacity 386K, committed 512K, reserved 1048576K
Heap after GC invocations=322 (full 21):
 PSYoungGen      total 89600K, used 12800K [0x00000007b9c00000, 0x00000007c0000000, 0x00000007c0000000)
  eden space 76800K, 0% used [0x00000007b9c00000,0x00000007b9c00000,0x00000007be700000)
  from space 12800K, 100% used [0x00000007be700000,0x00000007bf380000,0x00000007bf380000)
  to   space 12800K, 0% used [0x00000007bf380000,0x00000007bf380000,0x00000007c0000000)
 ParOldGen       total 461824K, used 398848K [0x00000006c1800000, 0x00000006ddb00000, 0x00000007b9c00000)
  object space 461824K, 86% used [0x00000006c1800000,0x00000006d9d80000,0x00000006ddb00000)
 Metaspace       used 2707K, capacity 4486K, committed 4864K, reserved 1056768K
  class space    used 302K, capacity 386K, committed 512K, reserved 1048576K
}
{Heap before GC invocations=323 (full 21):
 PSYoungGen      total 89600K, used 89600K [0x00000007b9c00000, 0x00000007c0000000, 0x00000007c0000000)
  eden space 76800K, 100% used [0x00000007b9c00000,0x00000007be700000,0x00000007be700000)
  from space 12800K, 100% used [0x00000007be700000,0x00000007bf380000,0x00000007bf380000)
  to   space 12800K, 0% used [0x00000007bf380000,0x00000007bf380000,0x00000007c0000000)
 ParOldGen       total 461824K, used 398848K [0x00000006c1800000, 0x00000006ddb00000, 0x00000007b9c00000)
  object space 461824K, 86% used [0x00000006c1800000,0x00000006d9d80000,0x00000006ddb00000)
 Metaspace       used 2707K, capacity 4486K, committed 4864K, reserved 1056768K
  class space    used 302K, capacity 386K, committed 512K, reserved 1048576K
Heap after GC invocations=323 (full 21):
 PSYoungGen      total 89600K, used 12800K [0x00000007b9c00000, 0x00000007c0000000, 0x00000007c0000000)
  eden space 76800K, 0% used [0x00000007b9c00000,0x00000007b9c00000,0x00000007be700000)
  from space 12800K, 100% used [0x00000007bf380000,0x00000007c0000000,0x00000007c0000000)
  to   space 12800K, 0% used [0x00000007be700000,0x00000007be700000,0x00000007bf380000)
 ParOldGen       total 461824K, used 419016K [0x00000006c1800000, 0x00000006ddb00000, 0x00000007b9c00000)
  object space 461824K, 90% used [0x00000006c1800000,0x00000006db132000,0x00000006ddb00000)
 Metaspace       used 2707K, capacity 4486K, committed 4864K, reserved 1056768K
  class space    used 302K, capacity 386K, committed 512K, reserved 1048576K
}
{Heap before GC invocations=324 (full 21):
 PSYoungGen      total 89600K, used 89600K [0x00000007b9c00000, 0x00000007c0000000, 0x00000007c0000000)
  eden space 76800K, 100% used [0x00000007b9c00000,0x00000007be700000,0x00000007be700000)
  from space 12800K, 100% used [0x00000007bf380000,0x00000007c0000000,0x00000007c0000000)
  to   space 12800K, 0% used [0x00000007be700000,0x00000007be700000,0x00000007bf380000)
 ParOldGen       total 461824K, used 419016K [0x00000006c1800000, 0x00000006ddb00000, 0x00000007b9c00000)
  object space 461824K, 90% used [0x00000006c1800000,0x00000006db132000,0x00000006ddb00000)
 Metaspace       used 2707K, capacity 4486K, committed 4864K, reserved 1056768K
  class space    used 302K, capacity 386K, committed 512K, reserved 1048576K
Heap after GC invocations=324 (full 21):
 PSYoungGen      total 89600K, used 12800K [0x00000007b9c00000, 0x00000007c0000000, 0x00000007c0000000)
  eden space 76800K, 0% used [0x00000007b9c00000,0x00000007b9c00000,0x00000007be700000)
  from space 12800K, 100% used [0x00000007be700000,0x00000007bf380000,0x00000007bf380000)
  to   space 12800K, 0% used [0x00000007bf380000,0x00000007bf380000,0x00000007c0000000)
 ParOldGen       total 461824K, used 439184K [0x00000006c1800000, 0x00000006ddb00000, 0x00000007b9c00000)
  object space 461824K, 95% used [0x00000006c1800000,0x00000006dc4e4000,0x00000006ddb00000)
 Metaspace       used 2707K, capacity 4486K, committed 4864K, reserved 1056768K
  class space    used 302K, capacity 386K, committed 512K, reserved 1048576K
}
{Heap before GC invocations=325 (full 21):
 PSYoungGen      total 89600K, used 89600K [0x00000007b9c00000, 0x00000007c0000000, 0x00000007c0000000)
  eden space 76800K, 100% used [0x00000007b9c00000,0x00000007be700000,0x00000007be700000)
  from space 12800K, 100% used [0x00000007be700000,0x00000007bf380000,0x00000007bf380000)
  to   space 12800K, 0% used [0x00000007bf380000,0x00000007bf380000,0x00000007c0000000)
 ParOldGen       total 461824K, used 439184K [0x00000006c1800000, 0x00000006ddb00000, 0x00000007b9c00000)
  object space 461824K, 95% used [0x00000006c1800000,0x00000006dc4e4000,0x00000006ddb00000)
 Metaspace       used 2707K, capacity 4486K, committed 4864K, reserved 1056768K
  class space    used 302K, capacity 386K, committed 512K, reserved 1048576K
Heap after GC invocations=325 (full 21):
 PSYoungGen      total 89600K, used 12800K [0x00000007b9c00000, 0x00000007c0000000, 0x00000007c0000000)
  eden space 76800K, 0% used [0x00000007b9c00000,0x00000007b9c00000,0x00000007be700000)
  from space 12800K, 100% used [0x00000007bf380000,0x00000007c0000000,0x00000007c0000000)
  to   space 12800K, 0% used [0x00000007be700000,0x00000007be700000,0x00000007bf380000)
 ParOldGen       total 461824K, used 459344K [0x00000006c1800000, 0x00000006ddb00000, 0x00000007b9c00000)
  object space 461824K, 99% used [0x00000006c1800000,0x00000006dd894000,0x00000006ddb00000)
 Metaspace       used 2707K, capacity 4486K, committed 4864K, reserved 1056768K
  class space    used 302K, capacity 386K, committed 512K, reserved 1048576K
}
{Heap before GC invocations=326 (full 22):
 PSYoungGen      total 89600K, used 12800K [0x00000007b9c00000, 0x00000007c0000000, 0x00000007c0000000)
  eden space 76800K, 0% used [0x00000007b9c00000,0x00000007b9c00000,0x00000007be700000)
  from space 12800K, 100% used [0x00000007bf380000,0x00000007c0000000,0x00000007c0000000)
  to   space 12800K, 0% used [0x00000007be700000,0x00000007be700000,0x00000007bf380000)
 ParOldGen       total 461824K, used 459344K [0x00000006c1800000, 0x00000006ddb00000, 0x00000007b9c00000)
  object space 461824K, 99% used [0x00000006c1800000,0x00000006dd894000,0x00000006ddb00000)
 Metaspace       used 2707K, capacity 4486K, committed 4864K, reserved 1056768K
  class space    used 302K, capacity 386K, committed 512K, reserved 1048576K
Heap after GC invocations=326 (full 22):
 PSYoungGen      total 89600K, used 0K [0x00000007b9c00000, 0x00000007c0000000, 0x00000007c0000000)
  eden space 76800K, 0% used [0x00000007b9c00000,0x00000007b9c00000,0x00000007be700000)
  from space 12800K, 0% used [0x00000007bf380000,0x00000007bf380000,0x00000007c0000000)
  to   space 12800K, 0% used [0x00000007be700000,0x00000007be700000,0x00000007bf380000)
 ParOldGen       total 473088K, used 35840K [0x00000006c1800000, 0x00000006de600000, 0x00000007b9c00000)
  object space 473088K, 7% used [0x00000006c1800000,0x00000006c3b00000,0x00000006de600000)
 Metaspace       used 2707K, capacity 4486K, committed 4864K, reserved 1056768K
  class space    used 302K, capacity 386K, committed 512K, reserved 1048576K
}
{Heap before GC invocations=327 (full 22):
 PSYoungGen      total 89600K, used 76800K [0x00000007b9c00000, 0x00000007c0000000, 0x00000007c0000000)
  eden space 76800K, 100% used [0x00000007b9c00000,0x00000007be700000,0x00000007be700000)
  from space 12800K, 0% used [0x00000007bf380000,0x00000007bf380000,0x00000007c0000000)
  to   space 12800K, 0% used [0x00000007be700000,0x00000007be700000,0x00000007bf380000)
 ParOldGen       total 473088K, used 35840K [0x00000006c1800000, 0x00000006de600000, 0x00000007b9c00000)
  object space 473088K, 7% used [0x00000006c1800000,0x00000006c3b00000,0x00000006de600000)
 Metaspace       used 2707K, capacity 4486K, committed 4864K, reserved 1056768K
  class space    used 302K, capacity 386K, committed 512K, reserved 1048576K
Heap after GC invocations=327 (full 22):
 PSYoungGen      total 89600K, used 12800K [0x00000007b9c00000, 0x00000007c0000000, 0x00000007c0000000)
  eden space 76800K, 0% used [0x00000007b9c00000,0x00000007b9c00000,0x00000007be700000)
  from space 12800K, 100% used [0x00000007be700000,0x00000007bf380000,0x00000007bf380000)
  to   space 12800K, 0% used [0x00000007bf380000,0x00000007bf380000,0x00000007c0000000)
 ParOldGen       total 473088K, used 56016K [0x00000006c1800000, 0x00000006de600000, 0x00000007b9c00000)
  object space 473088K, 11% used [0x00000006c1800000,0x00000006c4eb4000,0x00000006de600000)
 Metaspace       used 2707K, capacity 4486K, committed 4864K, reserved 1056768K
  class space    used 302K, capacity 386K, committed 512K, reserved 1048576K
}
{Heap before GC invocations=328 (full 22):
 PSYoungGen      total 89600K, used 89600K [0x00000007b9c00000, 0x00000007c0000000, 0x00000007c0000000)
  eden space 76800K, 100% used [0x00000007b9c00000,0x00000007be700000,0x00000007be700000)
  from space 12800K, 100% used [0x00000007be700000,0x00000007bf380000,0x00000007bf380000)
  to   space 12800K, 0% used [0x00000007bf380000,0x00000007bf380000,0x00000007c0000000)
 ParOldGen       total 473088K, used 56016K [0x00000006c1800000, 0x00000006de600000, 0x00000007b9c00000)
  object space 473088K, 11% used [0x00000006c1800000,0x00000006c4eb4000,0x00000006de600000)
 Metaspace       used 2707K, capacity 4486K, committed 4864K, reserved 1056768K
  class space    used 302K, capacity 386K, committed 512K, reserved 1048576K
Heap after GC invocations=328 (full 22):
 PSYoungGen      total 89600K, used 12800K [0x00000007b9c00000, 0x00000007c0000000, 0x00000007c0000000)
  eden space 76800K, 0% used [0x00000007b9c00000,0x00000007b9c00000,0x00000007be700000)
  from space 12800K, 100% used [0x00000007bf380000,0x00000007c0000000,0x00000007c0000000)
  to   space 12800K, 0% used [0x00000007be700000,0x00000007be700000,0x00000007bf380000)
 ParOldGen       total 473088K, used 76184K [0x00000006c1800000, 0x00000006de600000, 0x00000007b9c00000)
  object space 473088K, 16% used [0x00000006c1800000,0x00000006c6266000,0x00000006de600000)
 Metaspace       used 2707K, capacity 4486K, committed 4864K, reserved 1056768K
  class space    used 302K, capacity 386K, committed 512K, reserved 1048576K
}
{Heap before GC invocations=329 (full 22):
 PSYoungGen      total 89600K, used 89600K [0x00000007b9c00000, 0x00000007c0000000, 0x00000007c0000000)
  eden space 76800K, 100% used [0x00000007b9c00000,0x00000007be700000,0x00000007be700000)
  from space 12800K, 100% used [0x00000007bf380000,0x00000007c0000000,0x00000007c0000000)
  to   space 12800K, 0% used [0x00000007be700000,0x00000007be700000,0x00000007bf380000)
 ParOldGen       total 473088K, used 76184K [0x00000006c1800000, 0x00000006de600000, 0x00000007b9c00000)
  object space 473088K, 16% used [0x00000006c1800000,0x00000006c6266000,0x00000006de600000)
 Metaspace       used 2707K, capacity 4486K, committed 4864K, reserved 1056768K
  class space    used 302K, capacity 386K, committed 512K, reserved 1048576K
Heap after GC invocations=329 (full 22):
 PSYoungGen      total 89600K, used 12800K [0x00000007b9c00000, 0x00000007c0000000, 0x00000007c0000000)
  eden space 76800K, 0% used [0x00000007b9c00000,0x00000007b9c00000,0x00000007be700000)
  from space 12800K, 100% used [0x00000007be700000,0x00000007bf380000,0x00000007bf380000)
  to   space 12800K, 0% used [0x00000007bf380000,0x00000007bf380000,0x00000007c0000000)
 ParOldGen       total 473088K, used 96344K [0x00000006c1800000, 0x00000006de600000, 0x00000007b9c00000)
  object space 473088K, 20% used [0x00000006c1800000,0x00000006c7616000,0x00000006de600000)
 Metaspace       used 2707K, capacity 4486K, committed 4864K, reserved 1056768K
  class space    used 302K, capacity 386K, committed 512K, reserved 1048576K
}
{Heap before GC invocations=330 (full 22):
 PSYoungGen      total 89600K, used 89600K [0x00000007b9c00000, 0x00000007c0000000, 0x00000007c0000000)
  eden space 76800K, 100% used [0x00000007b9c00000,0x00000007be700000,0x00000007be700000)
  from space 12800K, 100% used [0x00000007be700000,0x00000007bf380000,0x00000007bf380000)
  to   space 12800K, 0% used [0x00000007bf380000,0x00000007bf380000,0x00000007c0000000)
 ParOldGen       total 473088K, used 96344K [0x00000006c1800000, 0x00000006de600000, 0x00000007b9c00000)
  object space 473088K, 20% used [0x00000006c1800000,0x00000006c7616000,0x00000006de600000)
 Metaspace       used 2707K, capacity 4486K, committed 4864K, reserved 1056768K
  class space    used 302K, capacity 386K, committed 512K, reserved 1048576K
Heap after GC invocations=330 (full 22):
 PSYoungGen      total 89600K, used 12800K [0x00000007b9c00000, 0x00000007c0000000, 0x00000007c0000000)
  eden space 76800K, 0% used [0x00000007b9c00000,0x00000007b9c00000,0x00000007be700000)
  from space 12800K, 100% used [0x00000007bf380000,0x00000007c0000000,0x00000007c0000000)
  to   space 12800K, 0% used [0x00000007be700000,0x00000007be700000,0x00000007bf380000)
 ParOldGen       total 473088K, used 116512K [0x00000006c1800000, 0x00000006de600000, 0x00000007b9c00000)
  object space 473088K, 24% used [0x00000006c1800000,0x00000006c89c8000,0x00000006de600000)
 Metaspace       used 2707K, capacity 4486K, committed 4864K, reserved 1056768K
  class space    used 302K, capacity 386K, committed 512K, reserved 1048576K
}
{Heap before GC invocations=331 (full 22):
 PSYoungGen      total 89600K, used 89600K [0x00000007b9c00000, 0x00000007c0000000, 0x00000007c0000000)
  eden space 76800K, 100% used [0x00000007b9c00000,0x00000007be700000,0x00000007be700000)
  from space 12800K, 100% used [0x00000007bf380000,0x00000007c0000000,0x00000007c0000000)
  to   space 12800K, 0% used [0x00000007be700000,0x00000007be700000,0x00000007bf380000)
 ParOldGen       total 473088K, used 116512K [0x00000006c1800000, 0x00000006de600000, 0x00000007b9c00000)
  object space 473088K, 24% used [0x00000006c1800000,0x00000006c89c8000,0x00000006de600000)
 Metaspace       used 2707K, capacity 4486K, committed 4864K, reserved 1056768K
  class space    used 302K, capacity 386K, committed 512K, reserved 1048576K
Heap after GC invocations=331 (full 22):
 PSYoungGen      total 89600K, used 12800K [0x00000007b9c00000, 0x00000007c0000000, 0x00000007c0000000)
  eden space 76800K, 0% used [0x00000007b9c00000,0x00000007b9c00000,0x00000007be700000)
  from space 12800K, 100% used [0x00000007be700000,0x00000007bf380000,0x00000007bf380000)
  to   space 12800K, 0% used [0x00000007bf380000,0x00000007bf380000,0x00000007c0000000)
 ParOldGen       total 473088K, used 136680K [0x00000006c1800000, 0x00000006de600000, 0x00000007b9c00000)
  object space 473088K, 28% used [0x00000006c1800000,0x00000006c9d7a000,0x00000006de600000)
 Metaspace       used 2707K, capacity 4486K, committed 4864K, reserved 1056768K
  class space    used 302K, capacity 386K, committed 512K, reserved 1048576K
}
{Heap before GC invocations=332 (full 22):
 PSYoungGen      total 89600K, used 89600K [0x00000007b9c00000, 0x00000007c0000000, 0x00000007c0000000)
  eden space 76800K, 100% used [0x00000007b9c00000,0x00000007be700000,0x00000007be700000)
  from space 12800K, 100% used [0x00000007be700000,0x00000007bf380000,0x00000007bf380000)
  to   space 12800K, 0% used [0x00000007bf380000,0x00000007bf380000,0x00000007c0000000)
 ParOldGen       total 473088K, used 136680K [0x00000006c1800000, 0x00000006de600000, 0x00000007b9c00000)
  object space 473088K, 28% used [0x00000006c1800000,0x00000006c9d7a000,0x00000006de600000)
 Metaspace       used 2707K, capacity 4486K, committed 4864K, reserved 1056768K
  class space    used 302K, capacity 386K, committed 512K, reserved 1048576K
Heap after GC invocations=332 (full 22):
 PSYoungGen      total 89600K, used 12800K [0x00000007b9c00000, 0x00000007c0000000, 0x00000007c0000000)
  eden space 76800K, 0% used [0x00000007b9c00000,0x00000007b9c00000,0x00000007be700000)
  from space 12800K, 100% used [0x00000007bf380000,0x00000007c0000000,0x00000007c0000000)
  to   space 12800K, 0% used [0x00000007be700000,0x00000007be700000,0x00000007bf380000)
 ParOldGen       total 473088K, used 156848K [0x00000006c1800000, 0x00000006de600000, 0x00000007b9c00000)
  object space 473088K, 33% used [0x00000006c1800000,0x00000006cb12c000,0x00000006de600000)
 Metaspace       used 2707K, capacity 4486K, committed 4864K, reserved 1056768K
  class space    used 302K, capacity 386K, committed 512K, reserved 1048576K
}
{Heap before GC invocations=333 (full 22):
 PSYoungGen      total 89600K, used 89600K [0x00000007b9c00000, 0x00000007c0000000, 0x00000007c0000000)
  eden space 76800K, 100% used [0x00000007b9c00000,0x00000007be700000,0x00000007be700000)
  from space 12800K, 100% used [0x00000007bf380000,0x00000007c0000000,0x00000007c0000000)
  to   space 12800K, 0% used [0x00000007be700000,0x00000007be700000,0x00000007bf380000)
 ParOldGen       total 473088K, used 156848K [0x00000006c1800000, 0x00000006de600000, 0x00000007b9c00000)
  object space 473088K, 33% used [0x00000006c1800000,0x00000006cb12c000,0x00000006de600000)
 Metaspace       used 2707K, capacity 4486K, committed 4864K, reserved 1056768K
  class space    used 302K, capacity 386K, committed 512K, reserved 1048576K
Heap after GC invocations=333 (full 22):
 PSYoungGen      total 89600K, used 12800K [0x00000007b9c00000, 0x00000007c0000000, 0x00000007c0000000)
  eden space 76800K, 0% used [0x00000007b9c00000,0x00000007b9c00000,0x00000007be700000)
  from space 12800K, 100% used [0x00000007be700000,0x00000007bf380000,0x00000007bf380000)
  to   space 12800K, 0% used [0x00000007bf380000,0x00000007bf380000,0x00000007c0000000)
 ParOldGen       total 473088K, used 177016K [0x00000006c1800000, 0x00000006de600000, 0x00000007b9c00000)
  object space 473088K, 37% used [0x00000006c1800000,0x00000006cc4de000,0x00000006de600000)
 Metaspace       used 2707K, capacity 4486K, committed 4864K, reserved 1056768K
  class space    used 302K, capacity 386K, committed 512K, reserved 1048576K
}
{Heap before GC invocations=334 (full 22):
 PSYoungGen      total 89600K, used 89600K [0x00000007b9c00000, 0x00000007c0000000, 0x00000007c0000000)
  eden space 76800K, 100% used [0x00000007b9c00000,0x00000007be700000,0x00000007be700000)
  from space 12800K, 100% used [0x00000007be700000,0x00000007bf380000,0x00000007bf380000)
  to   space 12800K, 0% used [0x00000007bf380000,0x00000007bf380000,0x00000007c0000000)
 ParOldGen       total 473088K, used 177016K [0x00000006c1800000, 0x00000006de600000, 0x00000007b9c00000)
  object space 473088K, 37% used [0x00000006c1800000,0x00000006cc4de000,0x00000006de600000)
 Metaspace       used 2707K, capacity 4486K, committed 4864K, reserved 1056768K
  class space    used 302K, capacity 386K, committed 512K, reserved 1048576K
Heap after GC invocations=334 (full 22):
 PSYoungGen      total 89600K, used 12800K [0x00000007b9c00000, 0x00000007c0000000, 0x00000007c0000000)
  eden space 76800K, 0% used [0x00000007b9c00000,0x00000007b9c00000,0x00000007be700000)
  from space 12800K, 100% used [0x00000007bf380000,0x00000007c0000000,0x00000007c0000000)
  to   space 12800K, 0% used [0x00000007be700000,0x00000007be700000,0x00000007bf380000)
 ParOldGen       total 473088K, used 197176K [0x00000006c1800000, 0x00000006de600000, 0x00000007b9c00000)
  object space 473088K, 41% used [0x00000006c1800000,0x00000006cd88e000,0x00000006de600000)
 Metaspace       used 2707K, capacity 4486K, committed 4864K, reserved 1056768K
  class space    used 302K, capacity 386K, committed 512K, reserved 1048576K
}
{Heap before GC invocations=335 (full 22):
 PSYoungGen      total 89600K, used 89600K [0x00000007b9c00000, 0x00000007c0000000, 0x00000007c0000000)
  eden space 76800K, 100% used [0x00000007b9c00000,0x00000007be700000,0x00000007be700000)
  from space 12800K, 100% used [0x00000007bf380000,0x00000007c0000000,0x00000007c0000000)
  to   space 12800K, 0% used [0x00000007be700000,0x00000007be700000,0x00000007bf380000)
 ParOldGen       total 473088K, used 197176K [0x00000006c1800000, 0x00000006de600000, 0x00000007b9c00000)
  object space 473088K, 41% used [0x00000006c1800000,0x00000006cd88e000,0x00000006de600000)
 Metaspace       used 2707K, capacity 4486K, committed 4864K, reserved 1056768K
  class space    used 302K, capacity 386K, committed 512K, reserved 1048576K
Heap after GC invocations=335 (full 22):
 PSYoungGen      total 89600K, used 12800K [0x00000007b9c00000, 0x00000007c0000000, 0x00000007c0000000)
  eden space 76800K, 0% used [0x00000007b9c00000,0x00000007b9c00000,0x00000007be700000)
  from space 12800K, 100% used [0x00000007be700000,0x00000007bf380000,0x00000007bf380000)
  to   space 12800K, 0% used [0x00000007bf380000,0x00000007bf380000,0x00000007c0000000)
 ParOldGen       total 473088K, used 217344K [0x00000006c1800000, 0x00000006de600000, 0x00000007b9c00000)
  object space 473088K, 45% used [0x00000006c1800000,0x00000006cec40000,0x00000006de600000)
 Metaspace       used 2707K, capacity 4486K, committed 4864K, reserved 1056768K
  class space    used 302K, capacity 386K, committed 512K, reserved 1048576K
}
{Heap before GC invocations=336 (full 22):
 PSYoungGen      total 89600K, used 89600K [0x00000007b9c00000, 0x00000007c0000000, 0x00000007c0000000)
  eden space 76800K, 100% used [0x00000007b9c00000,0x00000007be700000,0x00000007be700000)
  from space 12800K, 100% used [0x00000007be700000,0x00000007bf380000,0x00000007bf380000)
  to   space 12800K, 0% used [0x00000007bf380000,0x00000007bf380000,0x00000007c0000000)
 ParOldGen       total 473088K, used 217344K [0x00000006c1800000, 0x00000006de600000, 0x00000007b9c00000)
  object space 473088K, 45% used [0x00000006c1800000,0x00000006cec40000,0x00000006de600000)
 Metaspace       used 2707K, capacity 4486K, committed 4864K, reserved 1056768K
  class space    used 302K, capacity 386K, committed 512K, reserved 1048576K
Heap after GC invocations=336 (full 22):
 PSYoungGen      total 89600K, used 12800K [0x00000007b9c00000, 0x00000007c0000000, 0x00000007c0000000)
  eden space 76800K, 0% used [0x00000007b9c00000,0x00000007b9c00000,0x00000007be700000)
  from space 12800K, 100% used [0x00000007bf380000,0x00000007c0000000,0x00000007c0000000)
  to   space 12800K, 0% used [0x00000007be700000,0x00000007be700000,0x00000007bf380000)
 ParOldGen       total 473088K, used 237504K [0x00000006c1800000, 0x00000006de600000, 0x00000007b9c00000)
  object space 473088K, 50% used [0x00000006c1800000,0x00000006cfff0000,0x00000006de600000)
 Metaspace       used 2707K, capacity 4486K, committed 4864K, reserved 1056768K
  class space    used 302K, capacity 386K, committed 512K, reserved 1048576K
}
{Heap before GC invocations=337 (full 22):
 PSYoungGen      total 89600K, used 89600K [0x00000007b9c00000, 0x00000007c0000000, 0x00000007c0000000)
  eden space 76800K, 100% used [0x00000007b9c00000,0x00000007be700000,0x00000007be700000)
  from space 12800K, 100% used [0x00000007bf380000,0x00000007c0000000,0x00000007c0000000)
  to   space 12800K, 0% used [0x00000007be700000,0x00000007be700000,0x00000007bf380000)
 ParOldGen       total 473088K, used 237504K [0x00000006c1800000, 0x00000006de600000, 0x00000007b9c00000)
  object space 473088K, 50% used [0x00000006c1800000,0x00000006cfff0000,0x00000006de600000)
 Metaspace       used 2707K, capacity 4486K, committed 4864K, reserved 1056768K
  class space    used 302K, capacity 386K, committed 512K, reserved 1048576K
Heap after GC invocations=337 (full 22):
 PSYoungGen      total 89600K, used 12800K [0x00000007b9c00000, 0x00000007c0000000, 0x00000007c0000000)
  eden space 76800K, 0% used [0x00000007b9c00000,0x00000007b9c00000,0x00000007be700000)
  from space 12800K, 100% used [0x00000007be700000,0x00000007bf380000,0x00000007bf380000)
  to   space 12800K, 0% used [0x00000007bf380000,0x00000007bf380000,0x00000007c0000000)
 ParOldGen       total 473088K, used 257672K [0x00000006c1800000, 0x00000006de600000, 0x00000007b9c00000)
  object space 473088K, 54% used [0x00000006c1800000,0x00000006d13a2000,0x00000006de600000)
 Metaspace       used 2707K, capacity 4486K, committed 4864K, reserved 1056768K
  class space    used 302K, capacity 386K, committed 512K, reserved 1048576K
}
{Heap before GC invocations=338 (full 22):
 PSYoungGen      total 89600K, used 89600K [0x00000007b9c00000, 0x00000007c0000000, 0x00000007c0000000)
  eden space 76800K, 100% used [0x00000007b9c00000,0x00000007be700000,0x00000007be700000)
  from space 12800K, 100% used [0x00000007be700000,0x00000007bf380000,0x00000007bf380000)
  to   space 12800K, 0% used [0x00000007bf380000,0x00000007bf380000,0x00000007c0000000)
 ParOldGen       total 473088K, used 257672K [0x00000006c1800000, 0x00000006de600000, 0x00000007b9c00000)
  object space 473088K, 54% used [0x00000006c1800000,0x00000006d13a2000,0x00000006de600000)
 Metaspace       used 2707K, capacity 4486K, committed 4864K, reserved 1056768K
  class space    used 302K, capacity 386K, committed 512K, reserved 1048576K
Heap after GC invocations=338 (full 22):
 PSYoungGen      total 89600K, used 12800K [0x00000007b9c00000, 0x00000007c0000000, 0x00000007c0000000)
  eden space 76800K, 0% used [0x00000007b9c00000,0x00000007b9c00000,0x00000007be700000)
  from space 12800K, 100% used [0x00000007bf380000,0x00000007c0000000,0x00000007c0000000)
  to   space 12800K, 0% used [0x00000007be700000,0x00000007be700000,0x00000007bf380000)
 ParOldGen       total 473088K, used 277840K [0x00000006c1800000, 0x00000006de600000, 0x00000007b9c00000)
  object space 473088K, 58% used [0x00000006c1800000,0x00000006d2754000,0x00000006de600000)
 Metaspace       used 2707K, capacity 4486K, committed 4864K, reserved 1056768K
  class space    used 302K, capacity 386K, committed 512K, reserved 1048576K
}
{Heap before GC invocations=339 (full 22):
 PSYoungGen      total 89600K, used 89600K [0x00000007b9c00000, 0x00000007c0000000, 0x00000007c0000000)
  eden space 76800K, 100% used [0x00000007b9c00000,0x00000007be700000,0x00000007be700000)
  from space 12800K, 100% used [0x00000007bf380000,0x00000007c0000000,0x00000007c0000000)
  to   space 12800K, 0% used [0x00000007be700000,0x00000007be700000,0x00000007bf380000)
 ParOldGen       total 473088K, used 277840K [0x00000006c1800000, 0x00000006de600000, 0x00000007b9c00000)
  object space 473088K, 58% used [0x00000006c1800000,0x00000006d2754000,0x00000006de600000)
 Metaspace       used 2707K, capacity 4486K, committed 4864K, reserved 1056768K
  class space    used 302K, capacity 386K, committed 512K, reserved 1048576K
Heap after GC invocations=339 (full 22):
 PSYoungGen      total 89600K, used 12800K [0x00000007b9c00000, 0x00000007c0000000, 0x00000007c0000000)
  eden space 76800K, 0% used [0x00000007b9c00000,0x00000007b9c00000,0x00000007be700000)
  from space 12800K, 100% used [0x00000007be700000,0x00000007bf380000,0x00000007bf380000)
  to   space 12800K, 0% used [0x00000007bf380000,0x00000007bf380000,0x00000007c0000000)
 ParOldGen       total 473088K, used 298008K [0x00000006c1800000, 0x00000006de600000, 0x00000007b9c00000)
  object space 473088K, 62% used [0x00000006c1800000,0x00000006d3b06000,0x00000006de600000)
 Metaspace       used 2707K, capacity 4486K, committed 4864K, reserved 1056768K
  class space    used 302K, capacity 386K, committed 512K, reserved 1048576K
}
{Heap before GC invocations=340 (full 22):
 PSYoungGen      total 89600K, used 89600K [0x00000007b9c00000, 0x00000007c0000000, 0x00000007c0000000)
  eden space 76800K, 100% used [0x00000007b9c00000,0x00000007be700000,0x00000007be700000)
  from space 12800K, 100% used [0x00000007be700000,0x00000007bf380000,0x00000007bf380000)
  to   space 12800K, 0% used [0x00000007bf380000,0x00000007bf380000,0x00000007c0000000)
 ParOldGen       total 473088K, used 298008K [0x00000006c1800000, 0x00000006de600000, 0x00000007b9c00000)
  object space 473088K, 62% used [0x00000006c1800000,0x00000006d3b06000,0x00000006de600000)
 Metaspace       used 2707K, capacity 4486K, committed 4864K, reserved 1056768K
  class space    used 302K, capacity 386K, committed 512K, reserved 1048576K
Heap after GC invocations=340 (full 22):
 PSYoungGen      total 89600K, used 12800K [0x00000007b9c00000, 0x00000007c0000000, 0x00000007c0000000)
  eden space 76800K, 0% used [0x00000007b9c00000,0x00000007b9c00000,0x00000007be700000)
  from space 12800K, 100% used [0x00000007bf380000,0x00000007c0000000,0x00000007c0000000)
  to   space 12800K, 0% used [0x00000007be700000,0x00000007be700000,0x00000007bf380000)
 ParOldGen       total 473088K, used 318168K [0x00000006c1800000, 0x00000006de600000, 0x00000007b9c00000)
  object space 473088K, 67% used [0x00000006c1800000,0x00000006d4eb6000,0x00000006de600000)
 Metaspace       used 2707K, capacity 4486K, committed 4864K, reserved 1056768K
  class space    used 302K, capacity 386K, committed 512K, reserved 1048576K
}
{Heap before GC invocations=341 (full 22):
 PSYoungGen      total 89600K, used 89600K [0x00000007b9c00000, 0x00000007c0000000, 0x00000007c0000000)
  eden space 76800K, 100% used [0x00000007b9c00000,0x00000007be700000,0x00000007be700000)
  from space 12800K, 100% used [0x00000007bf380000,0x00000007c0000000,0x00000007c0000000)
  to   space 12800K, 0% used [0x00000007be700000,0x00000007be700000,0x00000007bf380000)
 ParOldGen       total 473088K, used 318168K [0x00000006c1800000, 0x00000006de600000, 0x00000007b9c00000)
  object space 473088K, 67% used [0x00000006c1800000,0x00000006d4eb6000,0x00000006de600000)
 Metaspace       used 2707K, capacity 4486K, committed 4864K, reserved 1056768K
  class space    used 302K, capacity 386K, committed 512K, reserved 1048576K
Heap after GC invocations=341 (full 22):
 PSYoungGen      total 89600K, used 12800K [0x00000007b9c00000, 0x00000007c0000000, 0x00000007c0000000)
  eden space 76800K, 0% used [0x00000007b9c00000,0x00000007b9c00000,0x00000007be700000)
  from space 12800K, 100% used [0x00000007be700000,0x00000007bf380000,0x00000007bf380000)
  to   space 12800K, 0% used [0x00000007bf380000,0x00000007bf380000,0x00000007c0000000)
 ParOldGen       total 473088K, used 338336K [0x00000006c1800000, 0x00000006de600000, 0x00000007b9c00000)
  object space 473088K, 71% used [0x00000006c1800000,0x00000006d6268000,0x00000006de600000)
 Metaspace       used 2707K, capacity 4486K, committed 4864K, reserved 1056768K
  class space    used 302K, capacity 386K, committed 512K, reserved 1048576K
}
{Heap before GC invocations=342 (full 22):
 PSYoungGen      total 89600K, used 89600K [0x00000007b9c00000, 0x00000007c0000000, 0x00000007c0000000)
  eden space 76800K, 100% used [0x00000007b9c00000,0x00000007be700000,0x00000007be700000)
  from space 12800K, 100% used [0x00000007be700000,0x00000007bf380000,0x00000007bf380000)
  to   space 12800K, 0% used [0x00000007bf380000,0x00000007bf380000,0x00000007c0000000)
 ParOldGen       total 473088K, used 338336K [0x00000006c1800000, 0x00000006de600000, 0x00000007b9c00000)
  object space 473088K, 71% used [0x00000006c1800000,0x00000006d6268000,0x00000006de600000)
 Metaspace       used 2707K, capacity 4486K, committed 4864K, reserved 1056768K
  class space    used 302K, capacity 386K, committed 512K, reserved 1048576K
Heap after GC invocations=342 (full 22):
 PSYoungGen      total 89600K, used 12800K [0x00000007b9c00000, 0x00000007c0000000, 0x00000007c0000000)
  eden space 76800K, 0% used [0x00000007b9c00000,0x00000007b9c00000,0x00000007be700000)
  from space 12800K, 100% used [0x00000007bf380000,0x00000007c0000000,0x00000007c0000000)
  to   space 12800K, 0% used [0x00000007be700000,0x00000007be700000,0x00000007bf380000)
 ParOldGen       total 473088K, used 358504K [0x00000006c1800000, 0x00000006de600000, 0x00000007b9c00000)
  object space 473088K, 75% used [0x00000006c1800000,0x00000006d761a000,0x00000006de600000)
 Metaspace       used 2707K, capacity 4486K, committed 4864K, reserved 1056768K
  class space    used 302K, capacity 386K, committed 512K, reserved 1048576K
}
{Heap before GC invocations=343 (full 22):
 PSYoungGen      total 89600K, used 89600K [0x00000007b9c00000, 0x00000007c0000000, 0x00000007c0000000)
  eden space 76800K, 100% used [0x00000007b9c00000,0x00000007be700000,0x00000007be700000)
  from space 12800K, 100% used [0x00000007bf380000,0x00000007c0000000,0x00000007c0000000)
  to   space 12800K, 0% used [0x00000007be700000,0x00000007be700000,0x00000007bf380000)
 ParOldGen       total 473088K, used 358504K [0x00000006c1800000, 0x00000006de600000, 0x00000007b9c00000)
  object space 473088K, 75% used [0x00000006c1800000,0x00000006d761a000,0x00000006de600000)
 Metaspace       used 2707K, capacity 4486K, committed 4864K, reserved 1056768K
  class space    used 302K, capacity 386K, committed 512K, reserved 1048576K
Heap after GC invocations=343 (full 22):
 PSYoungGen      total 89600K, used 12800K [0x00000007b9c00000, 0x00000007c0000000, 0x00000007c0000000)
  eden space 76800K, 0% used [0x00000007b9c00000,0x00000007b9c00000,0x00000007be700000)
  from space 12800K, 100% used [0x00000007be700000,0x00000007bf380000,0x00000007bf380000)
  to   space 12800K, 0% used [0x00000007bf380000,0x00000007bf380000,0x00000007c0000000)
 ParOldGen       total 473088K, used 378672K [0x00000006c1800000, 0x00000006de600000, 0x00000007b9c00000)
  object space 473088K, 80% used [0x00000006c1800000,0x00000006d89cc000,0x00000006de600000)
 Metaspace       used 2707K, capacity 4486K, committed 4864K, reserved 1056768K
  class space    used 302K, capacity 386K, committed 512K, reserved 1048576K
}
{Heap before GC invocations=344 (full 22):
 PSYoungGen      total 89600K, used 89600K [0x00000007b9c00000, 0x00000007c0000000, 0x00000007c0000000)
  eden space 76800K, 100% used [0x00000007b9c00000,0x00000007be700000,0x00000007be700000)
  from space 12800K, 100% used [0x00000007be700000,0x00000007bf380000,0x00000007bf380000)
  to   space 12800K, 0% used [0x00000007bf380000,0x00000007bf380000,0x00000007c0000000)
 ParOldGen       total 473088K, used 378672K [0x00000006c1800000, 0x00000006de600000, 0x00000007b9c00000)
  object space 473088K, 80% used [0x00000006c1800000,0x00000006d89cc000,0x00000006de600000)
 Metaspace       used 2707K, capacity 4486K, committed 4864K, reserved 1056768K
  class space    used 302K, capacity 386K, committed 512K, reserved 1048576K
Heap after GC invocations=344 (full 22):
 PSYoungGen      total 89600K, used 12800K [0x00000007b9c00000, 0x00000007c0000000, 0x00000007c0000000)
  eden space 76800K, 0% used [0x00000007b9c00000,0x00000007b9c00000,0x00000007be700000)
  from space 12800K, 100% used [0x00000007bf380000,0x00000007c0000000,0x00000007c0000000)
  to   space 12800K, 0% used [0x00000007be700000,0x00000007be700000,0x00000007bf380000)
 ParOldGen       total 473088K, used 398832K [0x00000006c1800000, 0x00000006de600000, 0x00000007b9c00000)
  object space 473088K, 84% used [0x00000006c1800000,0x00000006d9d7c000,0x00000006de600000)
 Metaspace       used 2707K, capacity 4486K, committed 4864K, reserved 1056768K
  class space    used 302K, capacity 386K, committed 512K, reserved 1048576K
}
{Heap before GC invocations=345 (full 22):
 PSYoungGen      total 89600K, used 89600K [0x00000007b9c00000, 0x00000007c0000000, 0x00000007c0000000)
  eden space 76800K, 100% used [0x00000007b9c00000,0x00000007be700000,0x00000007be700000)
  from space 12800K, 100% used [0x00000007bf380000,0x00000007c0000000,0x00000007c0000000)
  to   space 12800K, 0% used [0x00000007be700000,0x00000007be700000,0x00000007bf380000)
 ParOldGen       total 473088K, used 398832K [0x00000006c1800000, 0x00000006de600000, 0x00000007b9c00000)
  object space 473088K, 84% used [0x00000006c1800000,0x00000006d9d7c000,0x00000006de600000)
 Metaspace       used 2707K, capacity 4486K, committed 4864K, reserved 1056768K
  class space    used 302K, capacity 386K, committed 512K, reserved 1048576K
Heap after GC invocations=345 (full 22):
 PSYoungGen      total 89600K, used 12800K [0x00000007b9c00000, 0x00000007c0000000, 0x00000007c0000000)
  eden space 76800K, 0% used [0x00000007b9c00000,0x00000007b9c00000,0x00000007be700000)
  from space 12800K, 100% used [0x00000007be700000,0x00000007bf380000,0x00000007bf380000)
  to   space 12800K, 0% used [0x00000007bf380000,0x00000007bf380000,0x00000007c0000000)
 ParOldGen       total 473088K, used 419000K [0x00000006c1800000, 0x00000006de600000, 0x00000007b9c00000)
  object space 473088K, 88% used [0x00000006c1800000,0x00000006db12e000,0x00000006de600000)
 Metaspace       used 2707K, capacity 4486K, committed 4864K, reserved 1056768K
  class space    used 302K, capacity 386K, committed 512K, reserved 1048576K
}
{Heap before GC invocations=346 (full 22):
 PSYoungGen      total 89600K, used 89600K [0x00000007b9c00000, 0x00000007c0000000, 0x00000007c0000000)
  eden space 76800K, 100% used [0x00000007b9c00000,0x00000007be700000,0x00000007be700000)
  from space 12800K, 100% used [0x00000007be700000,0x00000007bf380000,0x00000007bf380000)
  to   space 12800K, 0% used [0x00000007bf380000,0x00000007bf380000,0x00000007c0000000)
 ParOldGen       total 473088K, used 419000K [0x00000006c1800000, 0x00000006de600000, 0x00000007b9c00000)
  object space 473088K, 88% used [0x00000006c1800000,0x00000006db12e000,0x00000006de600000)
 Metaspace       used 2707K, capacity 4486K, committed 4864K, reserved 1056768K
  class space    used 302K, capacity 386K, committed 512K, reserved 1048576K
Heap after GC invocations=346 (full 22):
 PSYoungGen      total 89600K, used 12800K [0x00000007b9c00000, 0x00000007c0000000, 0x00000007c0000000)
  eden space 76800K, 0% used [0x00000007b9c00000,0x00000007b9c00000,0x00000007be700000)
  from space 12800K, 100% used [0x00000007bf380000,0x00000007c0000000,0x00000007c0000000)
  to   space 12800K, 0% used [0x00000007be700000,0x00000007be700000,0x00000007bf380000)
 ParOldGen       total 473088K, used 439168K [0x00000006c1800000, 0x00000006de600000, 0x00000007b9c00000)
  object space 473088K, 92% used [0x00000006c1800000,0x00000006dc4e0000,0x00000006de600000)
 Metaspace       used 2707K, capacity 4486K, committed 4864K, reserved 1056768K
  class space    used 302K, capacity 386K, committed 512K, reserved 1048576K
}
{Heap before GC invocations=347 (full 22):
 PSYoungGen      total 89600K, used 89600K [0x00000007b9c00000, 0x00000007c0000000, 0x00000007c0000000)
  eden space 76800K, 100% used [0x00000007b9c00000,0x00000007be700000,0x00000007be700000)
  from space 12800K, 100% used [0x00000007bf380000,0x00000007c0000000,0x00000007c0000000)
  to   space 12800K, 0% used [0x00000007be700000,0x00000007be700000,0x00000007bf380000)
 ParOldGen       total 473088K, used 439168K [0x00000006c1800000, 0x00000006de600000, 0x00000007b9c00000)
  object space 473088K, 92% used [0x00000006c1800000,0x00000006dc4e0000,0x00000006de600000)
 Metaspace       used 2707K, capacity 4486K, committed 4864K, reserved 1056768K
  class space    used 302K, capacity 386K, committed 512K, reserved 1048576K
Heap after GC invocations=347 (full 22):
 PSYoungGen      total 89600K, used 12800K [0x00000007b9c00000, 0x00000007c0000000, 0x00000007c0000000)
  eden space 76800K, 0% used [0x00000007b9c00000,0x00000007b9c00000,0x00000007be700000)
  from space 12800K, 100% used [0x00000007be700000,0x00000007bf380000,0x00000007bf380000)
  to   space 12800K, 0% used [0x00000007bf380000,0x00000007bf380000,0x00000007c0000000)
 ParOldGen       total 473088K, used 459336K [0x00000006c1800000, 0x00000006de600000, 0x00000007b9c00000)
  object space 473088K, 97% used [0x00000006c1800000,0x00000006dd892000,0x00000006de600000)
 Metaspace       used 2707K, capacity 4486K, committed 4864K, reserved 1056768K
  class space    used 302K, capacity 386K, committed 512K, reserved 1048576K
}
{Heap before GC invocations=348 (full 23):
 PSYoungGen      total 89600K, used 12800K [0x00000007b9c00000, 0x00000007c0000000, 0x00000007c0000000)
  eden space 76800K, 0% used [0x00000007b9c00000,0x00000007b9c00000,0x00000007be700000)
  from space 12800K, 100% used [0x00000007be700000,0x00000007bf380000,0x00000007bf380000)
  to   space 12800K, 0% used [0x00000007bf380000,0x00000007bf380000,0x00000007c0000000)
 ParOldGen       total 473088K, used 459336K [0x00000006c1800000, 0x00000006de600000, 0x00000007b9c00000)
  object space 473088K, 97% used [0x00000006c1800000,0x00000006dd892000,0x00000006de600000)
 Metaspace       used 2707K, capacity 4486K, committed 4864K, reserved 1056768K
  class space    used 302K, capacity 386K, committed 512K, reserved 1048576K
Heap after GC invocations=348 (full 23):
 PSYoungGen      total 89600K, used 0K [0x00000007b9c00000, 0x00000007c0000000, 0x00000007c0000000)
  eden space 76800K, 0% used [0x00000007b9c00000,0x00000007b9c00000,0x00000007be700000)
  from space 12800K, 0% used [0x00000007be700000,0x00000007be700000,0x00000007bf380000)
  to   space 12800K, 0% used [0x00000007bf380000,0x00000007bf380000,0x00000007c0000000)
 ParOldGen       total 484864K, used 35840K [0x00000006c1800000, 0x00000006df180000, 0x00000007b9c00000)
  object space 484864K, 7% used [0x00000006c1800000,0x00000006c3b00000,0x00000006df180000)
 Metaspace       used 2707K, capacity 4486K, committed 4864K, reserved 1056768K
  class space    used 302K, capacity 386K, committed 512K, reserved 1048576K
}
{Heap before GC invocations=349 (full 23):
 PSYoungGen      total 89600K, used 76800K [0x00000007b9c00000, 0x00000007c0000000, 0x00000007c0000000)
  eden space 76800K, 100% used [0x00000007b9c00000,0x00000007be700000,0x00000007be700000)
  from space 12800K, 0% used [0x00000007be700000,0x00000007be700000,0x00000007bf380000)
  to   space 12800K, 0% used [0x00000007bf380000,0x00000007bf380000,0x00000007c0000000)
 ParOldGen       total 484864K, used 35840K [0x00000006c1800000, 0x00000006df180000, 0x00000007b9c00000)
  object space 484864K, 7% used [0x00000006c1800000,0x00000006c3b00000,0x00000006df180000)
 Metaspace       used 2707K, capacity 4486K, committed 4864K, reserved 1056768K
  class space    used 302K, capacity 386K, committed 512K, reserved 1048576K
Heap after GC invocations=349 (full 23):
 PSYoungGen      total 89600K, used 12800K [0x00000007b9c00000, 0x00000007c0000000, 0x00000007c0000000)
  eden space 76800K, 0% used [0x00000007b9c00000,0x00000007b9c00000,0x00000007be700000)
  from space 12800K, 100% used [0x00000007bf380000,0x00000007c0000000,0x00000007c0000000)
  to   space 12800K, 0% used [0x00000007be700000,0x00000007be700000,0x00000007bf380000)
 ParOldGen       total 484864K, used 56000K [0x00000006c1800000, 0x00000006df180000, 0x00000007b9c00000)
  object space 484864K, 11% used [0x00000006c1800000,0x00000006c4eb0000,0x00000006df180000)
 Metaspace       used 2707K, capacity 4486K, committed 4864K, reserved 1056768K
  class space    used 302K, capacity 386K, committed 512K, reserved 1048576K
}
{Heap before GC invocations=350 (full 23):
 PSYoungGen      total 89600K, used 89600K [0x00000007b9c00000, 0x00000007c0000000, 0x00000007c0000000)
  eden space 76800K, 100% used [0x00000007b9c00000,0x00000007be700000,0x00000007be700000)
  from space 12800K, 100% used [0x00000007bf380000,0x00000007c0000000,0x00000007c0000000)
  to   space 12800K, 0% used [0x00000007be700000,0x00000007be700000,0x00000007bf380000)
 ParOldGen       total 484864K, used 56000K [0x00000006c1800000, 0x00000006df180000, 0x00000007b9c00000)
  object space 484864K, 11% used [0x00000006c1800000,0x00000006c4eb0000,0x00000006df180000)
 Metaspace       used 2707K, capacity 4486K, committed 4864K, reserved 1056768K
  class space    used 302K, capacity 386K, committed 512K, reserved 1048576K
Heap after GC invocations=350 (full 23):
 PSYoungGen      total 89600K, used 12800K [0x00000007b9c00000, 0x00000007c0000000, 0x00000007c0000000)
  eden space 76800K, 0% used [0x00000007b9c00000,0x00000007b9c00000,0x00000007be700000)
  from space 12800K, 100% used [0x00000007be700000,0x00000007bf380000,0x00000007bf380000)
  to   space 12800K, 0% used [0x00000007bf380000,0x00000007bf380000,0x00000007c0000000)
 ParOldGen       total 484864K, used 76176K [0x00000006c1800000, 0x00000006df180000, 0x00000007b9c00000)
  object space 484864K, 15% used [0x00000006c1800000,0x00000006c6264000,0x00000006df180000)
 Metaspace       used 2707K, capacity 4486K, committed 4864K, reserved 1056768K
  class space    used 302K, capacity 386K, committed 512K, reserved 1048576K
}
{Heap before GC invocations=351 (full 23):
 PSYoungGen      total 89600K, used 89600K [0x00000007b9c00000, 0x00000007c0000000, 0x00000007c0000000)
  eden space 76800K, 100% used [0x00000007b9c00000,0x00000007be700000,0x00000007be700000)
  from space 12800K, 100% used [0x00000007be700000,0x00000007bf380000,0x00000007bf380000)
  to   space 12800K, 0% used [0x00000007bf380000,0x00000007bf380000,0x00000007c0000000)
 ParOldGen       total 484864K, used 76176K [0x00000006c1800000, 0x00000006df180000, 0x00000007b9c00000)
  object space 484864K, 15% used [0x00000006c1800000,0x00000006c6264000,0x00000006df180000)
 Metaspace       used 2707K, capacity 4486K, committed 4864K, reserved 1056768K
  class space    used 302K, capacity 386K, committed 512K, reserved 1048576K
Heap after GC invocations=351 (full 23):
 PSYoungGen      total 89600K, used 12800K [0x00000007b9c00000, 0x00000007c0000000, 0x00000007c0000000)
  eden space 76800K, 0% used [0x00000007b9c00000,0x00000007b9c00000,0x00000007be700000)
  from space 12800K, 100% used [0x00000007bf380000,0x00000007c0000000,0x00000007c0000000)
  to   space 12800K, 0% used [0x00000007be700000,0x00000007be700000,0x00000007bf380000)
 ParOldGen       total 484864K, used 96344K [0x00000006c1800000, 0x00000006df180000, 0x00000007b9c00000)
  object space 484864K, 19% used [0x00000006c1800000,0x00000006c7616000,0x00000006df180000)
 Metaspace       used 2707K, capacity 4486K, committed 4864K, reserved 1056768K
  class space    used 302K, capacity 386K, committed 512K, reserved 1048576K
}
{Heap before GC invocations=352 (full 23):
 PSYoungGen      total 89600K, used 89600K [0x00000007b9c00000, 0x00000007c0000000, 0x00000007c0000000)
  eden space 76800K, 100% used [0x00000007b9c00000,0x00000007be700000,0x00000007be700000)
  from space 12800K, 100% used [0x00000007bf380000,0x00000007c0000000,0x00000007c0000000)
  to   space 12800K, 0% used [0x00000007be700000,0x00000007be700000,0x00000007bf380000)
 ParOldGen       total 484864K, used 96344K [0x00000006c1800000, 0x00000006df180000, 0x00000007b9c00000)
  object space 484864K, 19% used [0x00000006c1800000,0x00000006c7616000,0x00000006df180000)
 Metaspace       used 2707K, capacity 4486K, committed 4864K, reserved 1056768K
  class space    used 302K, capacity 386K, committed 512K, reserved 1048576K
Heap after GC invocations=352 (full 23):
 PSYoungGen      total 89600K, used 12800K [0x00000007b9c00000, 0x00000007c0000000, 0x00000007c0000000)
  eden space 76800K, 0% used [0x00000007b9c00000,0x00000007b9c00000,0x00000007be700000)
  from space 12800K, 100% used [0x00000007be700000,0x00000007bf380000,0x00000007bf380000)
  to   space 12800K, 0% used [0x00000007bf380000,0x00000007bf380000,0x00000007c0000000)
 ParOldGen       total 484864K, used 116504K [0x00000006c1800000, 0x00000006df180000, 0x00000007b9c00000)
  object space 484864K, 24% used [0x00000006c1800000,0x00000006c89c6000,0x00000006df180000)
 Metaspace       used 2707K, capacity 4486K, committed 4864K, reserved 1056768K
  class space    used 302K, capacity 386K, committed 512K, reserved 1048576K
}
{Heap before GC invocations=353 (full 23):
 PSYoungGen      total 89600K, used 89600K [0x00000007b9c00000, 0x00000007c0000000, 0x00000007c0000000)
  eden space 76800K, 100% used [0x00000007b9c00000,0x00000007be700000,0x00000007be700000)
  from space 12800K, 100% used [0x00000007be700000,0x00000007bf380000,0x00000007bf380000)
  to   space 12800K, 0% used [0x00000007bf380000,0x00000007bf380000,0x00000007c0000000)
 ParOldGen       total 484864K, used 116504K [0x00000006c1800000, 0x00000006df180000, 0x00000007b9c00000)
  object space 484864K, 24% used [0x00000006c1800000,0x00000006c89c6000,0x00000006df180000)
 Metaspace       used 2707K, capacity 4486K, committed 4864K, reserved 1056768K
  class space    used 302K, capacity 386K, committed 512K, reserved 1048576K
Heap after GC invocations=353 (full 23):
 PSYoungGen      total 89600K, used 12800K [0x00000007b9c00000, 0x00000007c0000000, 0x00000007c0000000)
  eden space 76800K, 0% used [0x00000007b9c00000,0x00000007b9c00000,0x00000007be700000)
  from space 12800K, 100% used [0x00000007bf380000,0x00000007c0000000,0x00000007c0000000)
  to   space 12800K, 0% used [0x00000007be700000,0x00000007be700000,0x00000007bf380000)
 ParOldGen       total 484864K, used 136664K [0x00000006c1800000, 0x00000006df180000, 0x00000007b9c00000)
  object space 484864K, 28% used [0x00000006c1800000,0x00000006c9d76000,0x00000006df180000)
 Metaspace       used 2707K, capacity 4486K, committed 4864K, reserved 1056768K
  class space    used 302K, capacity 386K, committed 512K, reserved 1048576K
}
{Heap before GC invocations=354 (full 23):
 PSYoungGen      total 89600K, used 89600K [0x00000007b9c00000, 0x00000007c0000000, 0x00000007c0000000)
  eden space 76800K, 100% used [0x00000007b9c00000,0x00000007be700000,0x00000007be700000)
  from space 12800K, 100% used [0x00000007bf380000,0x00000007c0000000,0x00000007c0000000)
  to   space 12800K, 0% used [0x00000007be700000,0x00000007be700000,0x00000007bf380000)
 ParOldGen       total 484864K, used 136664K [0x00000006c1800000, 0x00000006df180000, 0x00000007b9c00000)
  object space 484864K, 28% used [0x00000006c1800000,0x00000006c9d76000,0x00000006df180000)
 Metaspace       used 2707K, capacity 4486K, committed 4864K, reserved 1056768K
  class space    used 302K, capacity 386K, committed 512K, reserved 1048576K
Heap after GC invocations=354 (full 23):
 PSYoungGen      total 89600K, used 12800K [0x00000007b9c00000, 0x00000007c0000000, 0x00000007c0000000)
  eden space 76800K, 0% used [0x00000007b9c00000,0x00000007b9c00000,0x00000007be700000)
  from space 12800K, 100% used [0x00000007be700000,0x00000007bf380000,0x00000007bf380000)
  to   space 12800K, 0% used [0x00000007bf380000,0x00000007bf380000,0x00000007c0000000)
 ParOldGen       total 484864K, used 156832K [0x00000006c1800000, 0x00000006df180000, 0x00000007b9c00000)
  object space 484864K, 32% used [0x00000006c1800000,0x00000006cb128000,0x00000006df180000)
 Metaspace       used 2707K, capacity 4486K, committed 4864K, reserved 1056768K
  class space    used 302K, capacity 386K, committed 512K, reserved 1048576K
}
{Heap before GC invocations=355 (full 23):
 PSYoungGen      total 89600K, used 89600K [0x00000007b9c00000, 0x00000007c0000000, 0x00000007c0000000)
  eden space 76800K, 100% used [0x00000007b9c00000,0x00000007be700000,0x00000007be700000)
  from space 12800K, 100% used [0x00000007be700000,0x00000007bf380000,0x00000007bf380000)
  to   space 12800K, 0% used [0x00000007bf380000,0x00000007bf380000,0x00000007c0000000)
 ParOldGen       total 484864K, used 156832K [0x00000006c1800000, 0x00000006df180000, 0x00000007b9c00000)
  object space 484864K, 32% used [0x00000006c1800000,0x00000006cb128000,0x00000006df180000)
 Metaspace       used 2707K, capacity 4486K, committed 4864K, reserved 1056768K
  class space    used 302K, capacity 386K, committed 512K, reserved 1048576K
Heap after GC invocations=355 (full 23):
 PSYoungGen      total 89600K, used 12800K [0x00000007b9c00000, 0x00000007c0000000, 0x00000007c0000000)
  eden space 76800K, 0% used [0x00000007b9c00000,0x00000007b9c00000,0x00000007be700000)
  from space 12800K, 100% used [0x00000007bf380000,0x00000007c0000000,0x00000007c0000000)
  to   space 12800K, 0% used [0x00000007be700000,0x00000007be700000,0x00000007bf380000)
 ParOldGen       total 484864K, used 177000K [0x00000006c1800000, 0x00000006df180000, 0x00000007b9c00000)
  object space 484864K, 36% used [0x00000006c1800000,0x00000006cc4da000,0x00000006df180000)
 Metaspace       used 2707K, capacity 4486K, committed 4864K, reserved 1056768K
  class space    used 302K, capacity 386K, committed 512K, reserved 1048576K
}
{Heap before GC invocations=356 (full 23):
 PSYoungGen      total 89600K, used 89600K [0x00000007b9c00000, 0x00000007c0000000, 0x00000007c0000000)
  eden space 76800K, 100% used [0x00000007b9c00000,0x00000007be700000,0x00000007be700000)
  from space 12800K, 100% used [0x00000007bf380000,0x00000007c0000000,0x00000007c0000000)
  to   space 12800K, 0% used [0x00000007be700000,0x00000007be700000,0x00000007bf380000)
 ParOldGen       total 484864K, used 177000K [0x00000006c1800000, 0x00000006df180000, 0x00000007b9c00000)
  object space 484864K, 36% used [0x00000006c1800000,0x00000006cc4da000,0x00000006df180000)
 Metaspace       used 2707K, capacity 4486K, committed 4864K, reserved 1056768K
  class space    used 302K, capacity 386K, committed 512K, reserved 1048576K
Heap after GC invocations=356 (full 23):
 PSYoungGen      total 89600K, used 12800K [0x00000007b9c00000, 0x00000007c0000000, 0x00000007c0000000)
  eden space 76800K, 0% used [0x00000007b9c00000,0x00000007b9c00000,0x00000007be700000)
  from space 12800K, 100% used [0x00000007be700000,0x00000007bf380000,0x00000007bf380000)
  to   space 12800K, 0% used [0x00000007bf380000,0x00000007bf380000,0x00000007c0000000)
 ParOldGen       total 484864K, used 197160K [0x00000006c1800000, 0x00000006df180000, 0x00000007b9c00000)
  object space 484864K, 40% used [0x00000006c1800000,0x00000006cd88a000,0x00000006df180000)
 Metaspace       used 2707K, capacity 4486K, committed 4864K, reserved 1056768K
  class space    used 302K, capacity 386K, committed 512K, reserved 1048576K
}
{Heap before GC invocations=357 (full 23):
 PSYoungGen      total 89600K, used 89600K [0x00000007b9c00000, 0x00000007c0000000, 0x00000007c0000000)
  eden space 76800K, 100% used [0x00000007b9c00000,0x00000007be700000,0x00000007be700000)
  from space 12800K, 100% used [0x00000007be700000,0x00000007bf380000,0x00000007bf380000)
  to   space 12800K, 0% used [0x00000007bf380000,0x00000007bf380000,0x00000007c0000000)
 ParOldGen       total 484864K, used 197160K [0x00000006c1800000, 0x00000006df180000, 0x00000007b9c00000)
  object space 484864K, 40% used [0x00000006c1800000,0x00000006cd88a000,0x00000006df180000)
 Metaspace       used 2707K, capacity 4486K, committed 4864K, reserved 1056768K
  class space    used 302K, capacity 386K, committed 512K, reserved 1048576K
Heap after GC invocations=357 (full 23):
 PSYoungGen      total 89600K, used 12800K [0x00000007b9c00000, 0x00000007c0000000, 0x00000007c0000000)
  eden space 76800K, 0% used [0x00000007b9c00000,0x00000007b9c00000,0x00000007be700000)
  from space 12800K, 100% used [0x00000007bf380000,0x00000007c0000000,0x00000007c0000000)
  to   space 12800K, 0% used [0x00000007be700000,0x00000007be700000,0x00000007bf380000)
 ParOldGen       total 484864K, used 217328K [0x00000006c1800000, 0x00000006df180000, 0x00000007b9c00000)
  object space 484864K, 44% used [0x00000006c1800000,0x00000006cec3c000,0x00000006df180000)
 Metaspace       used 2707K, capacity 4486K, committed 4864K, reserved 1056768K
  class space    used 302K, capacity 386K, committed 512K, reserved 1048576K
}
{Heap before GC invocations=358 (full 23):
 PSYoungGen      total 89600K, used 89600K [0x00000007b9c00000, 0x00000007c0000000, 0x00000007c0000000)
  eden space 76800K, 100% used [0x00000007b9c00000,0x00000007be700000,0x00000007be700000)
  from space 12800K, 100% used [0x00000007bf380000,0x00000007c0000000,0x00000007c0000000)
  to   space 12800K, 0% used [0x00000007be700000,0x00000007be700000,0x00000007bf380000)
 ParOldGen       total 484864K, used 217328K [0x00000006c1800000, 0x00000006df180000, 0x00000007b9c00000)
  object space 484864K, 44% used [0x00000006c1800000,0x00000006cec3c000,0x00000006df180000)
 Metaspace       used 2707K, capacity 4486K, committed 4864K, reserved 1056768K
  class space    used 302K, capacity 386K, committed 512K, reserved 1048576K
Heap after GC invocations=358 (full 23):
 PSYoungGen      total 89600K, used 12800K [0x00000007b9c00000, 0x00000007c0000000, 0x00000007c0000000)
  eden space 76800K, 0% used [0x00000007b9c00000,0x00000007b9c00000,0x00000007be700000)
  from space 12800K, 100% used [0x00000007be700000,0x00000007bf380000,0x00000007bf380000)
  to   space 12800K, 0% used [0x00000007bf380000,0x00000007bf380000,0x00000007c0000000)
 ParOldGen       total 484864K, used 237496K [0x00000006c1800000, 0x00000006df180000, 0x00000007b9c00000)
  object space 484864K, 48% used [0x00000006c1800000,0x00000006cffee000,0x00000006df180000)
 Metaspace       used 2707K, capacity 4486K, committed 4864K, reserved 1056768K
  class space    used 302K, capacity 386K, committed 512K, reserved 1048576K
}
{Heap before GC invocations=359 (full 23):
 PSYoungGen      total 89600K, used 89600K [0x00000007b9c00000, 0x00000007c0000000, 0x00000007c0000000)
  eden space 76800K, 100% used [0x00000007b9c00000,0x00000007be700000,0x00000007be700000)
  from space 12800K, 100% used [0x00000007be700000,0x00000007bf380000,0x00000007bf380000)
  to   space 12800K, 0% used [0x00000007bf380000,0x00000007bf380000,0x00000007c0000000)
 ParOldGen       total 484864K, used 237496K [0x00000006c1800000, 0x00000006df180000, 0x00000007b9c00000)
  object space 484864K, 48% used [0x00000006c1800000,0x00000006cffee000,0x00000006df180000)
 Metaspace       used 2707K, capacity 4486K, committed 4864K, reserved 1056768K
  class space    used 302K, capacity 386K, committed 512K, reserved 1048576K
Heap after GC invocations=359 (full 23):
 PSYoungGen      total 89600K, used 12800K [0x00000007b9c00000, 0x00000007c0000000, 0x00000007c0000000)
  eden space 76800K, 0% used [0x00000007b9c00000,0x00000007b9c00000,0x00000007be700000)
  from space 12800K, 100% used [0x00000007bf380000,0x00000007c0000000,0x00000007c0000000)
  to   space 12800K, 0% used [0x00000007be700000,0x00000007be700000,0x00000007bf380000)
 ParOldGen       total 484864K, used 257664K [0x00000006c1800000, 0x00000006df180000, 0x00000007b9c00000)
  object space 484864K, 53% used [0x00000006c1800000,0x00000006d13a0000,0x00000006df180000)
 Metaspace       used 2707K, capacity 4486K, committed 4864K, reserved 1056768K
  class space    used 302K, capacity 386K, committed 512K, reserved 1048576K
}
{Heap before GC invocations=360 (full 23):
 PSYoungGen      total 89600K, used 89600K [0x00000007b9c00000, 0x00000007c0000000, 0x00000007c0000000)
  eden space 76800K, 100% used [0x00000007b9c00000,0x00000007be700000,0x00000007be700000)
  from space 12800K, 100% used [0x00000007bf380000,0x00000007c0000000,0x00000007c0000000)
  to   space 12800K, 0% used [0x00000007be700000,0x00000007be700000,0x00000007bf380000)
 ParOldGen       total 484864K, used 257664K [0x00000006c1800000, 0x00000006df180000, 0x00000007b9c00000)
  object space 484864K, 53% used [0x00000006c1800000,0x00000006d13a0000,0x00000006df180000)
 Metaspace       used 2707K, capacity 4486K, committed 4864K, reserved 1056768K
  class space    used 302K, capacity 386K, committed 512K, reserved 1048576K
Heap after GC invocations=360 (full 23):
 PSYoungGen      total 89600K, used 12800K [0x00000007b9c00000, 0x00000007c0000000, 0x00000007c0000000)
  eden space 76800K, 0% used [0x00000007b9c00000,0x00000007b9c00000,0x00000007be700000)
  from space 12800K, 100% used [0x00000007be700000,0x00000007bf380000,0x00000007bf380000)
  to   space 12800K, 0% used [0x00000007bf380000,0x00000007bf380000,0x00000007c0000000)
 ParOldGen       total 484864K, used 277832K [0x00000006c1800000, 0x00000006df180000, 0x00000007b9c00000)
  object space 484864K, 57% used [0x00000006c1800000,0x00000006d2752000,0x00000006df180000)
 Metaspace       used 2707K, capacity 4486K, committed 4864K, reserved 1056768K
  class space    used 302K, capacity 386K, committed 512K, reserved 1048576K
}
{Heap before GC invocations=361 (full 23):
 PSYoungGen      total 89600K, used 89600K [0x00000007b9c00000, 0x00000007c0000000, 0x00000007c0000000)
  eden space 76800K, 100% used [0x00000007b9c00000,0x00000007be700000,0x00000007be700000)
  from space 12800K, 100% used [0x00000007be700000,0x00000007bf380000,0x00000007bf380000)
  to   space 12800K, 0% used [0x00000007bf380000,0x00000007bf380000,0x00000007c0000000)
 ParOldGen       total 484864K, used 277832K [0x00000006c1800000, 0x00000006df180000, 0x00000007b9c00000)
  object space 484864K, 57% used [0x00000006c1800000,0x00000006d2752000,0x00000006df180000)
 Metaspace       used 2707K, capacity 4486K, committed 4864K, reserved 1056768K
  class space    used 302K, capacity 386K, committed 512K, reserved 1048576K
Heap after GC invocations=361 (full 23):
 PSYoungGen      total 89600K, used 12800K [0x00000007b9c00000, 0x00000007c0000000, 0x00000007c0000000)
  eden space 76800K, 0% used [0x00000007b9c00000,0x00000007b9c00000,0x00000007be700000)
  from space 12800K, 100% used [0x00000007bf380000,0x00000007c0000000,0x00000007c0000000)
  to   space 12800K, 0% used [0x00000007be700000,0x00000007be700000,0x00000007bf380000)
 ParOldGen       total 484864K, used 298000K [0x00000006c1800000, 0x00000006df180000, 0x00000007b9c00000)
  object space 484864K, 61% used [0x00000006c1800000,0x00000006d3b04000,0x00000006df180000)
 Metaspace       used 2707K, capacity 4486K, committed 4864K, reserved 1056768K
  class space    used 302K, capacity 386K, committed 512K, reserved 1048576K
}
{Heap before GC invocations=362 (full 23):
 PSYoungGen      total 89600K, used 89600K [0x00000007b9c00000, 0x00000007c0000000, 0x00000007c0000000)
  eden space 76800K, 100% used [0x00000007b9c00000,0x00000007be700000,0x00000007be700000)
  from space 12800K, 100% used [0x00000007bf380000,0x00000007c0000000,0x00000007c0000000)
  to   space 12800K, 0% used [0x00000007be700000,0x00000007be700000,0x00000007bf380000)
 ParOldGen       total 484864K, used 298000K [0x00000006c1800000, 0x00000006df180000, 0x00000007b9c00000)
  object space 484864K, 61% used [0x00000006c1800000,0x00000006d3b04000,0x00000006df180000)
 Metaspace       used 2707K, capacity 4486K, committed 4864K, reserved 1056768K
  class space    used 302K, capacity 386K, committed 512K, reserved 1048576K
Heap after GC invocations=362 (full 23):
 PSYoungGen      total 89600K, used 12800K [0x00000007b9c00000, 0x00000007c0000000, 0x00000007c0000000)
  eden space 76800K, 0% used [0x00000007b9c00000,0x00000007b9c00000,0x00000007be700000)
  from space 12800K, 100% used [0x00000007be700000,0x00000007bf380000,0x00000007bf380000)
  to   space 12800K, 0% used [0x00000007bf380000,0x00000007bf380000,0x00000007c0000000)
 ParOldGen       total 484864K, used 318168K [0x00000006c1800000, 0x00000006df180000, 0x00000007b9c00000)
  object space 484864K, 65% used [0x00000006c1800000,0x00000006d4eb6000,0x00000006df180000)
 Metaspace       used 2707K, capacity 4486K, committed 4864K, reserved 1056768K
  class space    used 302K, capacity 386K, committed 512K, reserved 1048576K
}
{Heap before GC invocations=363 (full 23):
 PSYoungGen      total 89600K, used 89600K [0x00000007b9c00000, 0x00000007c0000000, 0x00000007c0000000)
  eden space 76800K, 100% used [0x00000007b9c00000,0x00000007be700000,0x00000007be700000)
  from space 12800K, 100% used [0x00000007be700000,0x00000007bf380000,0x00000007bf380000)
  to   space 12800K, 0% used [0x00000007bf380000,0x00000007bf380000,0x00000007c0000000)
 ParOldGen       total 484864K, used 318168K [0x00000006c1800000, 0x00000006df180000, 0x00000007b9c00000)
  object space 484864K, 65% used [0x00000006c1800000,0x00000006d4eb6000,0x00000006df180000)
 Metaspace       used 2707K, capacity 4486K, committed 4864K, reserved 1056768K
  class space    used 302K, capacity 386K, committed 512K, reserved 1048576K
Heap after GC invocations=363 (full 23):
 PSYoungGen      total 89600K, used 12800K [0x00000007b9c00000, 0x00000007c0000000, 0x00000007c0000000)
  eden space 76800K, 0% used [0x00000007b9c00000,0x00000007b9c00000,0x00000007be700000)
  from space 12800K, 100% used [0x00000007bf380000,0x00000007c0000000,0x00000007c0000000)
  to   space 12800K, 0% used [0x00000007be700000,0x00000007be700000,0x00000007bf380000)
 ParOldGen       total 484864K, used 338328K [0x00000006c1800000, 0x00000006df180000, 0x00000007b9c00000)
  object space 484864K, 69% used [0x00000006c1800000,0x00000006d6266000,0x00000006df180000)
 Metaspace       used 2707K, capacity 4486K, committed 4864K, reserved 1056768K
  class space    used 302K, capacity 386K, committed 512K, reserved 1048576K
}
{Heap before GC invocations=364 (full 23):
 PSYoungGen      total 89600K, used 89600K [0x00000007b9c00000, 0x00000007c0000000, 0x00000007c0000000)
  eden space 76800K, 100% used [0x00000007b9c00000,0x00000007be700000,0x00000007be700000)
  from space 12800K, 100% used [0x00000007bf380000,0x00000007c0000000,0x00000007c0000000)
  to   space 12800K, 0% used [0x00000007be700000,0x00000007be700000,0x00000007bf380000)
 ParOldGen       total 484864K, used 338328K [0x00000006c1800000, 0x00000006df180000, 0x00000007b9c00000)
  object space 484864K, 69% used [0x00000006c1800000,0x00000006d6266000,0x00000006df180000)
 Metaspace       used 2707K, capacity 4486K, committed 4864K, reserved 1056768K
  class space    used 302K, capacity 386K, committed 512K, reserved 1048576K
Heap after GC invocations=364 (full 23):
 PSYoungGen      total 89600K, used 12800K [0x00000007b9c00000, 0x00000007c0000000, 0x00000007c0000000)
  eden space 76800K, 0% used [0x00000007b9c00000,0x00000007b9c00000,0x00000007be700000)
  from space 12800K, 100% used [0x00000007be700000,0x00000007bf380000,0x00000007bf380000)
  to   space 12800K, 0% used [0x00000007bf380000,0x00000007bf380000,0x00000007c0000000)
 ParOldGen       total 484864K, used 358496K [0x00000006c1800000, 0x00000006df180000, 0x00000007b9c00000)
  object space 484864K, 73% used [0x00000006c1800000,0x00000006d7618000,0x00000006df180000)
 Metaspace       used 2707K, capacity 4486K, committed 4864K, reserved 1056768K
  class space    used 302K, capacity 386K, committed 512K, reserved 1048576K
}
{Heap before GC invocations=365 (full 23):
 PSYoungGen      total 89600K, used 89600K [0x00000007b9c00000, 0x00000007c0000000, 0x00000007c0000000)
  eden space 76800K, 100% used [0x00000007b9c00000,0x00000007be700000,0x00000007be700000)
  from space 12800K, 100% used [0x00000007be700000,0x00000007bf380000,0x00000007bf380000)
  to   space 12800K, 0% used [0x00000007bf380000,0x00000007bf380000,0x00000007c0000000)
 ParOldGen       total 484864K, used 358496K [0x00000006c1800000, 0x00000006df180000, 0x00000007b9c00000)
  object space 484864K, 73% used [0x00000006c1800000,0x00000006d7618000,0x00000006df180000)
 Metaspace       used 2707K, capacity 4486K, committed 4864K, reserved 1056768K
  class space    used 302K, capacity 386K, committed 512K, reserved 1048576K
Heap after GC invocations=365 (full 23):
 PSYoungGen      total 89600K, used 12800K [0x00000007b9c00000, 0x00000007c0000000, 0x00000007c0000000)
  eden space 76800K, 0% used [0x00000007b9c00000,0x00000007b9c00000,0x00000007be700000)
  from space 12800K, 100% used [0x00000007bf380000,0x00000007c0000000,0x00000007c0000000)
  to   space 12800K, 0% used [0x00000007be700000,0x00000007be700000,0x00000007bf380000)
 ParOldGen       total 484864K, used 378664K [0x00000006c1800000, 0x00000006df180000, 0x00000007b9c00000)
  object space 484864K, 78% used [0x00000006c1800000,0x00000006d89ca000,0x00000006df180000)
 Metaspace       used 2707K, capacity 4486K, committed 4864K, reserved 1056768K
  class space    used 302K, capacity 386K, committed 512K, reserved 1048576K
}
{Heap before GC invocations=366 (full 23):
 PSYoungGen      total 89600K, used 89600K [0x00000007b9c00000, 0x00000007c0000000, 0x00000007c0000000)
  eden space 76800K, 100% used [0x00000007b9c00000,0x00000007be700000,0x00000007be700000)
  from space 12800K, 100% used [0x00000007bf380000,0x00000007c0000000,0x00000007c0000000)
  to   space 12800K, 0% used [0x00000007be700000,0x00000007be700000,0x00000007bf380000)
 ParOldGen       total 484864K, used 378664K [0x00000006c1800000, 0x00000006df180000, 0x00000007b9c00000)
  object space 484864K, 78% used [0x00000006c1800000,0x00000006d89ca000,0x00000006df180000)
 Metaspace       used 2707K, capacity 4486K, committed 4864K, reserved 1056768K
  class space    used 302K, capacity 386K, committed 512K, reserved 1048576K
Heap after GC invocations=366 (full 23):
 PSYoungGen      total 89600K, used 12800K [0x00000007b9c00000, 0x00000007c0000000, 0x00000007c0000000)
  eden space 76800K, 0% used [0x00000007b9c00000,0x00000007b9c00000,0x00000007be700000)
  from space 12800K, 100% used [0x00000007be700000,0x00000007bf380000,0x00000007bf380000)
  to   space 12800K, 0% used [0x00000007bf380000,0x00000007bf380000,0x00000007c0000000)
 ParOldGen       total 484864K, used 398832K [0x00000006c1800000, 0x00000006df180000, 0x00000007b9c00000)
  object space 484864K, 82% used [0x00000006c1800000,0x00000006d9d7c000,0x00000006df180000)
 Metaspace       used 2707K, capacity 4486K, committed 4864K, reserved 1056768K
  class space    used 302K, capacity 386K, committed 512K, reserved 1048576K
}
{Heap before GC invocations=367 (full 23):
 PSYoungGen      total 89600K, used 89600K [0x00000007b9c00000, 0x00000007c0000000, 0x00000007c0000000)
  eden space 76800K, 100% used [0x00000007b9c00000,0x00000007be700000,0x00000007be700000)
  from space 12800K, 100% used [0x00000007be700000,0x00000007bf380000,0x00000007bf380000)
  to   space 12800K, 0% used [0x00000007bf380000,0x00000007bf380000,0x00000007c0000000)
 ParOldGen       total 484864K, used 398832K [0x00000006c1800000, 0x00000006df180000, 0x00000007b9c00000)
  object space 484864K, 82% used [0x00000006c1800000,0x00000006d9d7c000,0x00000006df180000)
 Metaspace       used 2707K, capacity 4486K, committed 4864K, reserved 1056768K
  class space    used 302K, capacity 386K, committed 512K, reserved 1048576K
Heap after GC invocations=367 (full 23):
 PSYoungGen      total 89600K, used 12800K [0x00000007b9c00000, 0x00000007c0000000, 0x00000007c0000000)
  eden space 76800K, 0% used [0x00000007b9c00000,0x00000007b9c00000,0x00000007be700000)
  from space 12800K, 100% used [0x00000007bf380000,0x00000007c0000000,0x00000007c0000000)
  to   space 12800K, 0% used [0x00000007be700000,0x00000007be700000,0x00000007bf380000)
 ParOldGen       total 484864K, used 419000K [0x00000006c1800000, 0x00000006df180000, 0x00000007b9c00000)
  object space 484864K, 86% used [0x00000006c1800000,0x00000006db12e000,0x00000006df180000)
 Metaspace       used 2707K, capacity 4486K, committed 4864K, reserved 1056768K
  class space    used 302K, capacity 386K, committed 512K, reserved 1048576K
}
{Heap before GC invocations=368 (full 23):
 PSYoungGen      total 89600K, used 89600K [0x00000007b9c00000, 0x00000007c0000000, 0x00000007c0000000)
  eden space 76800K, 100% used [0x00000007b9c00000,0x00000007be700000,0x00000007be700000)
  from space 12800K, 100% used [0x00000007bf380000,0x00000007c0000000,0x00000007c0000000)
  to   space 12800K, 0% used [0x00000007be700000,0x00000007be700000,0x00000007bf380000)
 ParOldGen       total 484864K, used 419000K [0x00000006c1800000, 0x00000006df180000, 0x00000007b9c00000)
  object space 484864K, 86% used [0x00000006c1800000,0x00000006db12e000,0x00000006df180000)
 Metaspace       used 2707K, capacity 4486K, committed 4864K, reserved 1056768K
  class space    used 302K, capacity 386K, committed 512K, reserved 1048576K
Heap after GC invocations=368 (full 23):
 PSYoungGen      total 89600K, used 12800K [0x00000007b9c00000, 0x00000007c0000000, 0x00000007c0000000)
  eden space 76800K, 0% used [0x00000007b9c00000,0x00000007b9c00000,0x00000007be700000)
  from space 12800K, 100% used [0x00000007be700000,0x00000007bf380000,0x00000007bf380000)
  to   space 12800K, 0% used [0x00000007bf380000,0x00000007bf380000,0x00000007c0000000)
 ParOldGen       total 484864K, used 439168K [0x00000006c1800000, 0x00000006df180000, 0x00000007b9c00000)
  object space 484864K, 90% used [0x00000006c1800000,0x00000006dc4e0000,0x00000006df180000)
 Metaspace       used 2707K, capacity 4486K, committed 4864K, reserved 1056768K
  class space    used 302K, capacity 386K, committed 512K, reserved 1048576K
}
{Heap before GC invocations=369 (full 23):
 PSYoungGen      total 89600K, used 89600K [0x00000007b9c00000, 0x00000007c0000000, 0x00000007c0000000)
  eden space 76800K, 100% used [0x00000007b9c00000,0x00000007be700000,0x00000007be700000)
  from space 12800K, 100% used [0x00000007be700000,0x00000007bf380000,0x00000007bf380000)
  to   space 12800K, 0% used [0x00000007bf380000,0x00000007bf380000,0x00000007c0000000)
 ParOldGen       total 484864K, used 439168K [0x00000006c1800000, 0x00000006df180000, 0x00000007b9c00000)
  object space 484864K, 90% used [0x00000006c1800000,0x00000006dc4e0000,0x00000006df180000)
 Metaspace       used 2707K, capacity 4486K, committed 4864K, reserved 1056768K
  class space    used 302K, capacity 386K, committed 512K, reserved 1048576K
Heap after GC invocations=369 (full 23):
 PSYoungGen      total 89600K, used 12800K [0x00000007b9c00000, 0x00000007c0000000, 0x00000007c0000000)
  eden space 76800K, 0% used [0x00000007b9c00000,0x00000007b9c00000,0x00000007be700000)
  from space 12800K, 100% used [0x00000007bf380000,0x00000007c0000000,0x00000007c0000000)
  to   space 12800K, 0% used [0x00000007be700000,0x00000007be700000,0x00000007bf380000)
 ParOldGen       total 484864K, used 459336K [0x00000006c1800000, 0x00000006df180000, 0x00000007b9c00000)
  object space 484864K, 94% used [0x00000006c1800000,0x00000006dd892000,0x00000006df180000)
 Metaspace       used 2707K, capacity 4486K, committed 4864K, reserved 1056768K
  class space    used 302K, capacity 386K, committed 512K, reserved 1048576K
}
{Heap before GC invocations=370 (full 23):
 PSYoungGen      total 89600K, used 89600K [0x00000007b9c00000, 0x00000007c0000000, 0x00000007c0000000)
  eden space 76800K, 100% used [0x00000007b9c00000,0x00000007be700000,0x00000007be700000)
  from space 12800K, 100% used [0x00000007bf380000,0x00000007c0000000,0x00000007c0000000)
  to   space 12800K, 0% used [0x00000007be700000,0x00000007be700000,0x00000007bf380000)
 ParOldGen       total 484864K, used 459336K [0x00000006c1800000, 0x00000006df180000, 0x00000007b9c00000)
  object space 484864K, 94% used [0x00000006c1800000,0x00000006dd892000,0x00000006df180000)
 Metaspace       used 2707K, capacity 4486K, committed 4864K, reserved 1056768K
  class space    used 302K, capacity 386K, committed 512K, reserved 1048576K
Heap after GC invocations=370 (full 23):
 PSYoungGen      total 89600K, used 12800K [0x00000007b9c00000, 0x00000007c0000000, 0x00000007c0000000)
  eden space 76800K, 0% used [0x00000007b9c00000,0x00000007b9c00000,0x00000007be700000)
  from space 12800K, 100% used [0x00000007be700000,0x00000007bf380000,0x00000007bf380000)
  to   space 12800K, 0% used [0x00000007bf380000,0x00000007bf380000,0x00000007c0000000)
 ParOldGen       total 484864K, used 479496K [0x00000006c1800000, 0x00000006df180000, 0x00000007b9c00000)
  object space 484864K, 98% used [0x00000006c1800000,0x00000006dec42000,0x00000006df180000)
 Metaspace       used 2707K, capacity 4486K, committed 4864K, reserved 1056768K
  class space    used 302K, capacity 386K, committed 512K, reserved 1048576K
}
{Heap before GC invocations=371 (full 24):
 PSYoungGen      total 89600K, used 12800K [0x00000007b9c00000, 0x00000007c0000000, 0x00000007c0000000)
  eden space 76800K, 0% used [0x00000007b9c00000,0x00000007b9c00000,0x00000007be700000)
  from space 12800K, 100% used [0x00000007be700000,0x00000007bf380000,0x00000007bf380000)
  to   space 12800K, 0% used [0x00000007bf380000,0x00000007bf380000,0x00000007c0000000)
 ParOldGen       total 484864K, used 479496K [0x00000006c1800000, 0x00000006df180000, 0x00000007b9c00000)
  object space 484864K, 98% used [0x00000006c1800000,0x00000006dec42000,0x00000006df180000)
 Metaspace       used 2707K, capacity 4486K, committed 4864K, reserved 1056768K
  class space    used 302K, capacity 386K, committed 512K, reserved 1048576K
Heap after GC invocations=371 (full 24):
 PSYoungGen      total 89600K, used 0K [0x00000007b9c00000, 0x00000007c0000000, 0x00000007c0000000)
  eden space 76800K, 0% used [0x00000007b9c00000,0x00000007b9c00000,0x00000007be700000)
  from space 12800K, 0% used [0x00000007be700000,0x00000007be700000,0x00000007bf380000)
  to   space 12800K, 0% used [0x00000007bf380000,0x00000007bf380000,0x00000007c0000000)
 ParOldGen       total 495616K, used 35463K [0x00000006c1800000, 0x00000006dfc00000, 0x00000007b9c00000)
  object space 495616K, 7% used [0x00000006c1800000,0x00000006c3aa1e80,0x00000006dfc00000)
 Metaspace       used 2707K, capacity 4486K, committed 4864K, reserved 1056768K
  class space    used 302K, capacity 386K, committed 512K, reserved 1048576K
}
{Heap before GC invocations=372 (full 24):
 PSYoungGen      total 89600K, used 76800K [0x00000007b9c00000, 0x00000007c0000000, 0x00000007c0000000)
  eden space 76800K, 100% used [0x00000007b9c00000,0x00000007be700000,0x00000007be700000)
  from space 12800K, 0% used [0x00000007be700000,0x00000007be700000,0x00000007bf380000)
  to   space 12800K, 0% used [0x00000007bf380000,0x00000007bf380000,0x00000007c0000000)
 ParOldGen       total 495616K, used 35463K [0x00000006c1800000, 0x00000006dfc00000, 0x00000007b9c00000)
  object space 495616K, 7% used [0x00000006c1800000,0x00000006c3aa1e80,0x00000006dfc00000)
 Metaspace       used 2707K, capacity 4486K, committed 4864K, reserved 1056768K
  class space    used 302K, capacity 386K, committed 512K, reserved 1048576K
Heap after GC invocations=372 (full 24):
 PSYoungGen      total 89600K, used 12800K [0x00000007b9c00000, 0x00000007c0000000, 0x00000007c0000000)
  eden space 76800K, 0% used [0x00000007b9c00000,0x00000007b9c00000,0x00000007be700000)
  from space 12800K, 100% used [0x00000007bf380000,0x00000007c0000000,0x00000007c0000000)
  to   space 12800K, 0% used [0x00000007be700000,0x00000007be700000,0x00000007bf380000)
 ParOldGen       total 495616K, used 55623K [0x00000006c1800000, 0x00000006dfc00000, 0x00000007b9c00000)
  object space 495616K, 11% used [0x00000006c1800000,0x00000006c4e51e80,0x00000006dfc00000)
 Metaspace       used 2707K, capacity 4486K, committed 4864K, reserved 1056768K
  class space    used 302K, capacity 386K, committed 512K, reserved 1048576K
}
{Heap before GC invocations=373 (full 24):
 PSYoungGen      total 89600K, used 89600K [0x00000007b9c00000, 0x00000007c0000000, 0x00000007c0000000)
  eden space 76800K, 100% used [0x00000007b9c00000,0x00000007be700000,0x00000007be700000)
  from space 12800K, 100% used [0x00000007bf380000,0x00000007c0000000,0x00000007c0000000)
  to   space 12800K, 0% used [0x00000007be700000,0x00000007be700000,0x00000007bf380000)
 ParOldGen       total 495616K, used 55623K [0x00000006c1800000, 0x00000006dfc00000, 0x00000007b9c00000)
  object space 495616K, 11% used [0x00000006c1800000,0x00000006c4e51e80,0x00000006dfc00000)
 Metaspace       used 2707K, capacity 4486K, committed 4864K, reserved 1056768K
  class space    used 302K, capacity 386K, committed 512K, reserved 1048576K
Heap after GC invocations=373 (full 24):
 PSYoungGen      total 89600K, used 12800K [0x00000007b9c00000, 0x00000007c0000000, 0x00000007c0000000)
  eden space 76800K, 0% used [0x00000007b9c00000,0x00000007b9c00000,0x00000007be700000)
  from space 12800K, 100% used [0x00000007be700000,0x00000007bf380000,0x00000007bf380000)
  to   space 12800K, 0% used [0x00000007bf380000,0x00000007bf380000,0x00000007c0000000)
 ParOldGen       total 495616K, used 75783K [0x00000006c1800000, 0x00000006dfc00000, 0x00000007b9c00000)
  object space 495616K, 15% used [0x00000006c1800000,0x00000006c6201e80,0x00000006dfc00000)
 Metaspace       used 2707K, capacity 4486K, committed 4864K, reserved 1056768K
  class space    used 302K, capacity 386K, committed 512K, reserved 1048576K
}
{Heap before GC invocations=374 (full 24):
 PSYoungGen      total 89600K, used 89600K [0x00000007b9c00000, 0x00000007c0000000, 0x00000007c0000000)
  eden space 76800K, 100% used [0x00000007b9c00000,0x00000007be700000,0x00000007be700000)
  from space 12800K, 100% used [0x00000007be700000,0x00000007bf380000,0x00000007bf380000)
  to   space 12800K, 0% used [0x00000007bf380000,0x00000007bf380000,0x00000007c0000000)
 ParOldGen       total 495616K, used 75783K [0x00000006c1800000, 0x00000006dfc00000, 0x00000007b9c00000)
  object space 495616K, 15% used [0x00000006c1800000,0x00000006c6201e80,0x00000006dfc00000)
 Metaspace       used 2707K, capacity 4486K, committed 4864K, reserved 1056768K
  class space    used 302K, capacity 386K, committed 512K, reserved 1048576K
Heap after GC invocations=374 (full 24):
 PSYoungGen      total 89600K, used 12800K [0x00000007b9c00000, 0x00000007c0000000, 0x00000007c0000000)
  eden space 76800K, 0% used [0x00000007b9c00000,0x00000007b9c00000,0x00000007be700000)
  from space 12800K, 100% used [0x00000007bf380000,0x00000007c0000000,0x00000007c0000000)
  to   space 12800K, 0% used [0x00000007be700000,0x00000007be700000,0x00000007bf380000)
 ParOldGen       total 495616K, used 95943K [0x00000006c1800000, 0x00000006dfc00000, 0x00000007b9c00000)
  object space 495616K, 19% used [0x00000006c1800000,0x00000006c75b1e80,0x00000006dfc00000)
 Metaspace       used 2707K, capacity 4486K, committed 4864K, reserved 1056768K
  class space    used 302K, capacity 386K, committed 512K, reserved 1048576K
}
{Heap before GC invocations=375 (full 24):
 PSYoungGen      total 89600K, used 89600K [0x00000007b9c00000, 0x00000007c0000000, 0x00000007c0000000)
  eden space 76800K, 100% used [0x00000007b9c00000,0x00000007be700000,0x00000007be700000)
  from space 12800K, 100% used [0x00000007bf380000,0x00000007c0000000,0x00000007c0000000)
  to   space 12800K, 0% used [0x00000007be700000,0x00000007be700000,0x00000007bf380000)
 ParOldGen       total 495616K, used 95943K [0x00000006c1800000, 0x00000006dfc00000, 0x00000007b9c00000)
  object space 495616K, 19% used [0x00000006c1800000,0x00000006c75b1e80,0x00000006dfc00000)
 Metaspace       used 2707K, capacity 4486K, committed 4864K, reserved 1056768K
  class space    used 302K, capacity 386K, committed 512K, reserved 1048576K
Heap after GC invocations=375 (full 24):
 PSYoungGen      total 89600K, used 12800K [0x00000007b9c00000, 0x00000007c0000000, 0x00000007c0000000)
  eden space 76800K, 0% used [0x00000007b9c00000,0x00000007b9c00000,0x00000007be700000)
  from space 12800K, 100% used [0x00000007be700000,0x00000007bf380000,0x00000007bf380000)
  to   space 12800K, 0% used [0x00000007bf380000,0x00000007bf380000,0x00000007c0000000)
 ParOldGen       total 495616K, used 116111K [0x00000006c1800000, 0x00000006dfc00000, 0x00000007b9c00000)
  object space 495616K, 23% used [0x00000006c1800000,0x00000006c8963e80,0x00000006dfc00000)
 Metaspace       used 2707K, capacity 4486K, committed 4864K, reserved 1056768K
  class space    used 302K, capacity 386K, committed 512K, reserved 1048576K
}
{Heap before GC invocations=376 (full 24):
 PSYoungGen      total 89600K, used 89600K [0x00000007b9c00000, 0x00000007c0000000, 0x00000007c0000000)
  eden space 76800K, 100% used [0x00000007b9c00000,0x00000007be700000,0x00000007be700000)
  from space 12800K, 100% used [0x00000007be700000,0x00000007bf380000,0x00000007bf380000)
  to   space 12800K, 0% used [0x00000007bf380000,0x00000007bf380000,0x00000007c0000000)
 ParOldGen       total 495616K, used 116111K [0x00000006c1800000, 0x00000006dfc00000, 0x00000007b9c00000)
  object space 495616K, 23% used [0x00000006c1800000,0x00000006c8963e80,0x00000006dfc00000)
 Metaspace       used 2707K, capacity 4486K, committed 4864K, reserved 1056768K
  class space    used 302K, capacity 386K, committed 512K, reserved 1048576K
Heap after GC invocations=376 (full 24):
 PSYoungGen      total 89600K, used 12800K [0x00000007b9c00000, 0x00000007c0000000, 0x00000007c0000000)
  eden space 76800K, 0% used [0x00000007b9c00000,0x00000007b9c00000,0x00000007be700000)
  from space 12800K, 100% used [0x00000007bf380000,0x00000007c0000000,0x00000007c0000000)
  to   space 12800K, 0% used [0x00000007be700000,0x00000007be700000,0x00000007bf380000)
 ParOldGen       total 495616K, used 136279K [0x00000006c1800000, 0x00000006dfc00000, 0x00000007b9c00000)
  object space 495616K, 27% used [0x00000006c1800000,0x00000006c9d15e80,0x00000006dfc00000)
 Metaspace       used 2707K, capacity 4486K, committed 4864K, reserved 1056768K
  class space    used 302K, capacity 386K, committed 512K, reserved 1048576K
}
{Heap before GC invocations=377 (full 24):
 PSYoungGen      total 89600K, used 89600K [0x00000007b9c00000, 0x00000007c0000000, 0x00000007c0000000)
  eden space 76800K, 100% used [0x00000007b9c00000,0x00000007be700000,0x00000007be700000)
  from space 12800K, 100% used [0x00000007bf380000,0x00000007c0000000,0x00000007c0000000)
  to   space 12800K, 0% used [0x00000007be700000,0x00000007be700000,0x00000007bf380000)
 ParOldGen       total 495616K, used 136279K [0x00000006c1800000, 0x00000006dfc00000, 0x00000007b9c00000)
  object space 495616K, 27% used [0x00000006c1800000,0x00000006c9d15e80,0x00000006dfc00000)
 Metaspace       used 2707K, capacity 4486K, committed 4864K, reserved 1056768K
  class space    used 302K, capacity 386K, committed 512K, reserved 1048576K
Heap after GC invocations=377 (full 24):
 PSYoungGen      total 89600K, used 12800K [0x00000007b9c00000, 0x00000007c0000000, 0x00000007c0000000)
  eden space 76800K, 0% used [0x00000007b9c00000,0x00000007b9c00000,0x00000007be700000)
  from space 12800K, 100% used [0x00000007be700000,0x00000007bf380000,0x00000007bf380000)
  to   space 12800K, 0% used [0x00000007bf380000,0x00000007bf380000,0x00000007c0000000)
 ParOldGen       total 495616K, used 156439K [0x00000006c1800000, 0x00000006dfc00000, 0x00000007b9c00000)
  object space 495616K, 31% used [0x00000006c1800000,0x00000006cb0c5e80,0x00000006dfc00000)
 Metaspace       used 2707K, capacity 4486K, committed 4864K, reserved 1056768K
  class space    used 302K, capacity 386K, committed 512K, reserved 1048576K
}
{Heap before GC invocations=378 (full 24):
 PSYoungGen      total 89600K, used 89600K [0x00000007b9c00000, 0x00000007c0000000, 0x00000007c0000000)
  eden space 76800K, 100% used [0x00000007b9c00000,0x00000007be700000,0x00000007be700000)
  from space 12800K, 100% used [0x00000007be700000,0x00000007bf380000,0x00000007bf380000)
  to   space 12800K, 0% used [0x00000007bf380000,0x00000007bf380000,0x00000007c0000000)
 ParOldGen       total 495616K, used 156439K [0x00000006c1800000, 0x00000006dfc00000, 0x00000007b9c00000)
  object space 495616K, 31% used [0x00000006c1800000,0x00000006cb0c5e80,0x00000006dfc00000)
 Metaspace       used 2707K, capacity 4486K, committed 4864K, reserved 1056768K
  class space    used 302K, capacity 386K, committed 512K, reserved 1048576K
Heap after GC invocations=378 (full 24):
 PSYoungGen      total 89600K, used 12800K [0x00000007b9c00000, 0x00000007c0000000, 0x00000007c0000000)
  eden space 76800K, 0% used [0x00000007b9c00000,0x00000007b9c00000,0x00000007be700000)
  from space 12800K, 100% used [0x00000007bf380000,0x00000007c0000000,0x00000007c0000000)
  to   space 12800K, 0% used [0x00000007be700000,0x00000007be700000,0x00000007bf380000)
 ParOldGen       total 495616K, used 176607K [0x00000006c1800000, 0x00000006dfc00000, 0x00000007b9c00000)
  object space 495616K, 35% used [0x00000006c1800000,0x00000006cc477e80,0x00000006dfc00000)
 Metaspace       used 2707K, capacity 4486K, committed 4864K, reserved 1056768K
  class space    used 302K, capacity 386K, committed 512K, reserved 1048576K
}
{Heap before GC invocations=379 (full 24):
 PSYoungGen      total 89600K, used 89600K [0x00000007b9c00000, 0x00000007c0000000, 0x00000007c0000000)
  eden space 76800K, 100% used [0x00000007b9c00000,0x00000007be700000,0x00000007be700000)
  from space 12800K, 100% used [0x00000007bf380000,0x00000007c0000000,0x00000007c0000000)
  to   space 12800K, 0% used [0x00000007be700000,0x00000007be700000,0x00000007bf380000)
 ParOldGen       total 495616K, used 176607K [0x00000006c1800000, 0x00000006dfc00000, 0x00000007b9c00000)
  object space 495616K, 35% used [0x00000006c1800000,0x00000006cc477e80,0x00000006dfc00000)
 Metaspace       used 2707K, capacity 4486K, committed 4864K, reserved 1056768K
  class space    used 302K, capacity 386K, committed 512K, reserved 1048576K
Heap after GC invocations=379 (full 24):
 PSYoungGen      total 89600K, used 12800K [0x00000007b9c00000, 0x00000007c0000000, 0x00000007c0000000)
  eden space 76800K, 0% used [0x00000007b9c00000,0x00000007b9c00000,0x00000007be700000)
  from space 12800K, 100% used [0x00000007be700000,0x00000007bf380000,0x00000007bf380000)
  to   space 12800K, 0% used [0x00000007bf380000,0x00000007bf380000,0x00000007c0000000)
 ParOldGen       total 495616K, used 196767K [0x00000006c1800000, 0x00000006dfc00000, 0x00000007b9c00000)
  object space 495616K, 39% used [0x00000006c1800000,0x00000006cd827e80,0x00000006dfc00000)
 Metaspace       used 2707K, capacity 4486K, committed 4864K, reserved 1056768K
  class space    used 302K, capacity 386K, committed 512K, reserved 1048576K
}
{Heap before GC invocations=380 (full 24):
 PSYoungGen      total 89600K, used 89600K [0x00000007b9c00000, 0x00000007c0000000, 0x00000007c0000000)
  eden space 76800K, 100% used [0x00000007b9c00000,0x00000007be700000,0x00000007be700000)
  from space 12800K, 100% used [0x00000007be700000,0x00000007bf380000,0x00000007bf380000)
  to   space 12800K, 0% used [0x00000007bf380000,0x00000007bf380000,0x00000007c0000000)
 ParOldGen       total 495616K, used 196767K [0x00000006c1800000, 0x00000006dfc00000, 0x00000007b9c00000)
  object space 495616K, 39% used [0x00000006c1800000,0x00000006cd827e80,0x00000006dfc00000)
 Metaspace       used 2707K, capacity 4486K, committed 4864K, reserved 1056768K
  class space    used 302K, capacity 386K, committed 512K, reserved 1048576K
Heap after GC invocations=380 (full 24):
 PSYoungGen      total 89600K, used 12800K [0x00000007b9c00000, 0x00000007c0000000, 0x00000007c0000000)
  eden space 76800K, 0% used [0x00000007b9c00000,0x00000007b9c00000,0x00000007be700000)
  from space 12800K, 100% used [0x00000007bf380000,0x00000007c0000000,0x00000007c0000000)
  to   space 12800K, 0% used [0x00000007be700000,0x00000007be700000,0x00000007bf380000)
 ParOldGen       total 495616K, used 216935K [0x00000006c1800000, 0x00000006dfc00000, 0x00000007b9c00000)
  object space 495616K, 43% used [0x00000006c1800000,0x00000006cebd9e80,0x00000006dfc00000)
 Metaspace       used 2707K, capacity 4486K, committed 4864K, reserved 1056768K
  class space    used 302K, capacity 386K, committed 512K, reserved 1048576K
}
{Heap before GC invocations=381 (full 24):
 PSYoungGen      total 89600K, used 89600K [0x00000007b9c00000, 0x00000007c0000000, 0x00000007c0000000)
  eden space 76800K, 100% used [0x00000007b9c00000,0x00000007be700000,0x00000007be700000)
  from space 12800K, 100% used [0x00000007bf380000,0x00000007c0000000,0x00000007c0000000)
  to   space 12800K, 0% used [0x00000007be700000,0x00000007be700000,0x00000007bf380000)
 ParOldGen       total 495616K, used 216935K [0x00000006c1800000, 0x00000006dfc00000, 0x00000007b9c00000)
  object space 495616K, 43% used [0x00000006c1800000,0x00000006cebd9e80,0x00000006dfc00000)
 Metaspace       used 2707K, capacity 4486K, committed 4864K, reserved 1056768K
  class space    used 302K, capacity 386K, committed 512K, reserved 1048576K
Heap after GC invocations=381 (full 24):
 PSYoungGen      total 89600K, used 12800K [0x00000007b9c00000, 0x00000007c0000000, 0x00000007c0000000)
  eden space 76800K, 0% used [0x00000007b9c00000,0x00000007b9c00000,0x00000007be700000)
  from space 12800K, 100% used [0x00000007be700000,0x00000007bf380000,0x00000007bf380000)
  to   space 12800K, 0% used [0x00000007bf380000,0x00000007bf380000,0x00000007c0000000)
 ParOldGen       total 495616K, used 237103K [0x00000006c1800000, 0x00000006dfc00000, 0x00000007b9c00000)
  object space 495616K, 47% used [0x00000006c1800000,0x00000006cff8be80,0x00000006dfc00000)
 Metaspace       used 2707K, capacity 4486K, committed 4864K, reserved 1056768K
  class space    used 302K, capacity 386K, committed 512K, reserved 1048576K
}
{Heap before GC invocations=382 (full 24):
 PSYoungGen      total 89600K, used 89600K [0x00000007b9c00000, 0x00000007c0000000, 0x00000007c0000000)
  eden space 76800K, 100% used [0x00000007b9c00000,0x00000007be700000,0x00000007be700000)
  from space 12800K, 100% used [0x00000007be700000,0x00000007bf380000,0x00000007bf380000)
  to   space 12800K, 0% used [0x00000007bf380000,0x00000007bf380000,0x00000007c0000000)
 ParOldGen       total 495616K, used 237103K [0x00000006c1800000, 0x00000006dfc00000, 0x00000007b9c00000)
  object space 495616K, 47% used [0x00000006c1800000,0x00000006cff8be80,0x00000006dfc00000)
 Metaspace       used 2707K, capacity 4486K, committed 4864K, reserved 1056768K
  class space    used 302K, capacity 386K, committed 512K, reserved 1048576K
Heap after GC invocations=382 (full 24):
 PSYoungGen      total 89600K, used 12800K [0x00000007b9c00000, 0x00000007c0000000, 0x00000007c0000000)
  eden space 76800K, 0% used [0x00000007b9c00000,0x00000007b9c00000,0x00000007be700000)
  from space 12800K, 100% used [0x00000007bf380000,0x00000007c0000000,0x00000007c0000000)
  to   space 12800K, 0% used [0x00000007be700000,0x00000007be700000,0x00000007bf380000)
 ParOldGen       total 495616K, used 257279K [0x00000006c1800000, 0x00000006dfc00000, 0x00000007b9c00000)
  object space 495616K, 51% used [0x00000006c1800000,0x00000006d133fe80,0x00000006dfc00000)
 Metaspace       used 2707K, capacity 4486K, committed 4864K, reserved 1056768K
  class space    used 302K, capacity 386K, committed 512K, reserved 1048576K
}
{Heap before GC invocations=383 (full 24):
 PSYoungGen      total 89600K, used 89600K [0x00000007b9c00000, 0x00000007c0000000, 0x00000007c0000000)
  eden space 76800K, 100% used [0x00000007b9c00000,0x00000007be700000,0x00000007be700000)
  from space 12800K, 100% used [0x00000007bf380000,0x00000007c0000000,0x00000007c0000000)
  to   space 12800K, 0% used [0x00000007be700000,0x00000007be700000,0x00000007bf380000)
 ParOldGen       total 495616K, used 257279K [0x00000006c1800000, 0x00000006dfc00000, 0x00000007b9c00000)
  object space 495616K, 51% used [0x00000006c1800000,0x00000006d133fe80,0x00000006dfc00000)
 Metaspace       used 2707K, capacity 4486K, committed 4864K, reserved 1056768K
  class space    used 302K, capacity 386K, committed 512K, reserved 1048576K
Heap after GC invocations=383 (full 24):
 PSYoungGen      total 89600K, used 12800K [0x00000007b9c00000, 0x00000007c0000000, 0x00000007c0000000)
  eden space 76800K, 0% used [0x00000007b9c00000,0x00000007b9c00000,0x00000007be700000)
  from space 12800K, 100% used [0x00000007be700000,0x00000007bf380000,0x00000007bf380000)
  to   space 12800K, 0% used [0x00000007bf380000,0x00000007bf380000,0x00000007c0000000)
 ParOldGen       total 495616K, used 277447K [0x00000006c1800000, 0x00000006dfc00000, 0x00000007b9c00000)
  object space 495616K, 55% used [0x00000006c1800000,0x00000006d26f1e80,0x00000006dfc00000)
 Metaspace       used 2707K, capacity 4486K, committed 4864K, reserved 1056768K
  class space    used 302K, capacity 386K, committed 512K, reserved 1048576K
}
{Heap before GC invocations=384 (full 24):
 PSYoungGen      total 89600K, used 89600K [0x00000007b9c00000, 0x00000007c0000000, 0x00000007c0000000)
  eden space 76800K, 100% used [0x00000007b9c00000,0x00000007be700000,0x00000007be700000)
  from space 12800K, 100% used [0x00000007be700000,0x00000007bf380000,0x00000007bf380000)
  to   space 12800K, 0% used [0x00000007bf380000,0x00000007bf380000,0x00000007c0000000)
 ParOldGen       total 495616K, used 277447K [0x00000006c1800000, 0x00000006dfc00000, 0x00000007b9c00000)
  object space 495616K, 55% used [0x00000006c1800000,0x00000006d26f1e80,0x00000006dfc00000)
 Metaspace       used 2707K, capacity 4486K, committed 4864K, reserved 1056768K
  class space    used 302K, capacity 386K, committed 512K, reserved 1048576K
Heap after GC invocations=384 (full 24):
 PSYoungGen      total 89600K, used 12800K [0x00000007b9c00000, 0x00000007c0000000, 0x00000007c0000000)
  eden space 76800K, 0% used [0x00000007b9c00000,0x00000007b9c00000,0x00000007be700000)
  from space 12800K, 100% used [0x00000007bf380000,0x00000007c0000000,0x00000007c0000000)
  to   space 12800K, 0% used [0x00000007be700000,0x00000007be700000,0x00000007bf380000)
 ParOldGen       total 495616K, used 297615K [0x00000006c1800000, 0x00000006dfc00000, 0x00000007b9c00000)
  object space 495616K, 60% used [0x00000006c1800000,0x00000006d3aa3e80,0x00000006dfc00000)
 Metaspace       used 2707K, capacity 4486K, committed 4864K, reserved 1056768K
  class space    used 302K, capacity 386K, committed 512K, reserved 1048576K
}
{Heap before GC invocations=385 (full 24):
 PSYoungGen      total 89600K, used 89600K [0x00000007b9c00000, 0x00000007c0000000, 0x00000007c0000000)
  eden space 76800K, 100% used [0x00000007b9c00000,0x00000007be700000,0x00000007be700000)
  from space 12800K, 100% used [0x00000007bf380000,0x00000007c0000000,0x00000007c0000000)
  to   space 12800K, 0% used [0x00000007be700000,0x00000007be700000,0x00000007bf380000)
 ParOldGen       total 495616K, used 297615K [0x00000006c1800000, 0x00000006dfc00000, 0x00000007b9c00000)
  object space 495616K, 60% used [0x00000006c1800000,0x00000006d3aa3e80,0x00000006dfc00000)
 Metaspace       used 2707K, capacity 4486K, committed 4864K, reserved 1056768K
  class space    used 302K, capacity 386K, committed 512K, reserved 1048576K
Heap after GC invocations=385 (full 24):
 PSYoungGen      total 89600K, used 12800K [0x00000007b9c00000, 0x00000007c0000000, 0x00000007c0000000)
  eden space 76800K, 0% used [0x00000007b9c00000,0x00000007b9c00000,0x00000007be700000)
  from space 12800K, 100% used [0x00000007be700000,0x00000007bf380000,0x00000007bf380000)
  to   space 12800K, 0% used [0x00000007bf380000,0x00000007bf380000,0x00000007c0000000)
 ParOldGen       total 495616K, used 317783K [0x00000006c1800000, 0x00000006dfc00000, 0x00000007b9c00000)
  object space 495616K, 64% used [0x00000006c1800000,0x00000006d4e55e80,0x00000006dfc00000)
 Metaspace       used 2707K, capacity 4486K, committed 4864K, reserved 1056768K
  class space    used 302K, capacity 386K, committed 512K, reserved 1048576K
}
{Heap before GC invocations=386 (full 24):
 PSYoungGen      total 89600K, used 89600K [0x00000007b9c00000, 0x00000007c0000000, 0x00000007c0000000)
  eden space 76800K, 100% used [0x00000007b9c00000,0x00000007be700000,0x00000007be700000)
  from space 12800K, 100% used [0x00000007be700000,0x00000007bf380000,0x00000007bf380000)
  to   space 12800K, 0% used [0x00000007bf380000,0x00000007bf380000,0x00000007c0000000)
 ParOldGen       total 495616K, used 317783K [0x00000006c1800000, 0x00000006dfc00000, 0x00000007b9c00000)
  object space 495616K, 64% used [0x00000006c1800000,0x00000006d4e55e80,0x00000006dfc00000)
 Metaspace       used 2707K, capacity 4486K, committed 4864K, reserved 1056768K
  class space    used 302K, capacity 386K, committed 512K, reserved 1048576K
Heap after GC invocations=386 (full 24):
 PSYoungGen      total 89600K, used 12800K [0x00000007b9c00000, 0x00000007c0000000, 0x00000007c0000000)
  eden space 76800K, 0% used [0x00000007b9c00000,0x00000007b9c00000,0x00000007be700000)
  from space 12800K, 100% used [0x00000007bf380000,0x00000007c0000000,0x00000007c0000000)
  to   space 12800K, 0% used [0x00000007be700000,0x00000007be700000,0x00000007bf380000)
 ParOldGen       total 495616K, used 337951K [0x00000006c1800000, 0x00000006dfc00000, 0x00000007b9c00000)
  object space 495616K, 68% used [0x00000006c1800000,0x00000006d6207e80,0x00000006dfc00000)
 Metaspace       used 2707K, capacity 4486K, committed 4864K, reserved 1056768K
  class space    used 302K, capacity 386K, committed 512K, reserved 1048576K
}
{Heap before GC invocations=387 (full 24):
 PSYoungGen      total 89600K, used 89600K [0x00000007b9c00000, 0x00000007c0000000, 0x00000007c0000000)
  eden space 76800K, 100% used [0x00000007b9c00000,0x00000007be700000,0x00000007be700000)
  from space 12800K, 100% used [0x00000007bf380000,0x00000007c0000000,0x00000007c0000000)
  to   space 12800K, 0% used [0x00000007be700000,0x00000007be700000,0x00000007bf380000)
 ParOldGen       total 495616K, used 337951K [0x00000006c1800000, 0x00000006dfc00000, 0x00000007b9c00000)
  object space 495616K, 68% used [0x00000006c1800000,0x00000006d6207e80,0x00000006dfc00000)
 Metaspace       used 2707K, capacity 4486K, committed 4864K, reserved 1056768K
  class space    used 302K, capacity 386K, committed 512K, reserved 1048576K
Heap after GC invocations=387 (full 24):
 PSYoungGen      total 89600K, used 12800K [0x00000007b9c00000, 0x00000007c0000000, 0x00000007c0000000)
  eden space 76800K, 0% used [0x00000007b9c00000,0x00000007b9c00000,0x00000007be700000)
  from space 12800K, 100% used [0x00000007be700000,0x00000007bf380000,0x00000007bf380000)
  to   space 12800K, 0% used [0x00000007bf380000,0x00000007bf380000,0x00000007c0000000)
 ParOldGen       total 495616K, used 358119K [0x00000006c1800000, 0x00000006dfc00000, 0x00000007b9c00000)
  object space 495616K, 72% used [0x00000006c1800000,0x00000006d75b9e80,0x00000006dfc00000)
 Metaspace       used 2707K, capacity 4486K, committed 4864K, reserved 1056768K
  class space    used 302K, capacity 386K, committed 512K, reserved 1048576K
}
{Heap before GC invocations=388 (full 24):
 PSYoungGen      total 89600K, used 89600K [0x00000007b9c00000, 0x00000007c0000000, 0x00000007c0000000)
  eden space 76800K, 100% used [0x00000007b9c00000,0x00000007be700000,0x00000007be700000)
  from space 12800K, 100% used [0x00000007be700000,0x00000007bf380000,0x00000007bf380000)
  to   space 12800K, 0% used [0x00000007bf380000,0x00000007bf380000,0x00000007c0000000)
 ParOldGen       total 495616K, used 358119K [0x00000006c1800000, 0x00000006dfc00000, 0x00000007b9c00000)
  object space 495616K, 72% used [0x00000006c1800000,0x00000006d75b9e80,0x00000006dfc00000)
 Metaspace       used 2707K, capacity 4486K, committed 4864K, reserved 1056768K
  class space    used 302K, capacity 386K, committed 512K, reserved 1048576K
Heap after GC invocations=388 (full 24):
 PSYoungGen      total 89600K, used 12800K [0x00000007b9c00000, 0x00000007c0000000, 0x00000007c0000000)
  eden space 76800K, 0% used [0x00000007b9c00000,0x00000007b9c00000,0x00000007be700000)
  from space 12800K, 100% used [0x00000007bf380000,0x00000007c0000000,0x00000007c0000000)
  to   space 12800K, 0% used [0x00000007be700000,0x00000007be700000,0x00000007bf380000)
 ParOldGen       total 495616K, used 378287K [0x00000006c1800000, 0x00000006dfc00000, 0x00000007b9c00000)
  object space 495616K, 76% used [0x00000006c1800000,0x00000006d896be80,0x00000006dfc00000)
 Metaspace       used 2707K, capacity 4486K, committed 4864K, reserved 1056768K
  class space    used 302K, capacity 386K, committed 512K, reserved 1048576K
}
{Heap before GC invocations=389 (full 24):
 PSYoungGen      total 89600K, used 89600K [0x00000007b9c00000, 0x00000007c0000000, 0x00000007c0000000)
  eden space 76800K, 100% used [0x00000007b9c00000,0x00000007be700000,0x00000007be700000)
  from space 12800K, 100% used [0x00000007bf380000,0x00000007c0000000,0x00000007c0000000)
  to   space 12800K, 0% used [0x00000007be700000,0x00000007be700000,0x00000007bf380000)
 ParOldGen       total 495616K, used 378287K [0x00000006c1800000, 0x00000006dfc00000, 0x00000007b9c00000)
  object space 495616K, 76% used [0x00000006c1800000,0x00000006d896be80,0x00000006dfc00000)
 Metaspace       used 2707K, capacity 4486K, committed 4864K, reserved 1056768K
  class space    used 302K, capacity 386K, committed 512K, reserved 1048576K
Heap after GC invocations=389 (full 24):
 PSYoungGen      total 89600K, used 12800K [0x00000007b9c00000, 0x00000007c0000000, 0x00000007c0000000)
  eden space 76800K, 0% used [0x00000007b9c00000,0x00000007b9c00000,0x00000007be700000)
  from space 12800K, 100% used [0x00000007be700000,0x00000007bf380000,0x00000007bf380000)
  to   space 12800K, 0% used [0x00000007bf380000,0x00000007bf380000,0x00000007c0000000)
 ParOldGen       total 495616K, used 398455K [0x00000006c1800000, 0x00000006dfc00000, 0x00000007b9c00000)
  object space 495616K, 80% used [0x00000006c1800000,0x00000006d9d1de80,0x00000006dfc00000)
 Metaspace       used 2707K, capacity 4486K, committed 4864K, reserved 1056768K
  class space    used 302K, capacity 386K, committed 512K, reserved 1048576K
}
{Heap before GC invocations=390 (full 24):
 PSYoungGen      total 89600K, used 89600K [0x00000007b9c00000, 0x00000007c0000000, 0x00000007c0000000)
  eden space 76800K, 100% used [0x00000007b9c00000,0x00000007be700000,0x00000007be700000)
  from space 12800K, 100% used [0x00000007be700000,0x00000007bf380000,0x00000007bf380000)
  to   space 12800K, 0% used [0x00000007bf380000,0x00000007bf380000,0x00000007c0000000)
 ParOldGen       total 495616K, used 398455K [0x00000006c1800000, 0x00000006dfc00000, 0x00000007b9c00000)
  object space 495616K, 80% used [0x00000006c1800000,0x00000006d9d1de80,0x00000006dfc00000)
 Metaspace       used 2707K, capacity 4486K, committed 4864K, reserved 1056768K
  class space    used 302K, capacity 386K, committed 512K, reserved 1048576K
Heap after GC invocations=390 (full 24):
 PSYoungGen      total 89600K, used 12800K [0x00000007b9c00000, 0x00000007c0000000, 0x00000007c0000000)
  eden space 76800K, 0% used [0x00000007b9c00000,0x00000007b9c00000,0x00000007be700000)
  from space 12800K, 100% used [0x00000007bf380000,0x00000007c0000000,0x00000007c0000000)
  to   space 12800K, 0% used [0x00000007be700000,0x00000007be700000,0x00000007bf380000)
 ParOldGen       total 495616K, used 418615K [0x00000006c1800000, 0x00000006dfc00000, 0x00000007b9c00000)
  object space 495616K, 84% used [0x00000006c1800000,0x00000006db0cde80,0x00000006dfc00000)
 Metaspace       used 2707K, capacity 4486K, committed 4864K, reserved 1056768K
  class space    used 302K, capacity 386K, committed 512K, reserved 1048576K
}
{Heap before GC invocations=391 (full 24):
 PSYoungGen      total 89600K, used 89600K [0x00000007b9c00000, 0x00000007c0000000, 0x00000007c0000000)
  eden space 76800K, 100% used [0x00000007b9c00000,0x00000007be700000,0x00000007be700000)
  from space 12800K, 100% used [0x00000007bf380000,0x00000007c0000000,0x00000007c0000000)
  to   space 12800K, 0% used [0x00000007be700000,0x00000007be700000,0x00000007bf380000)
 ParOldGen       total 495616K, used 418615K [0x00000006c1800000, 0x00000006dfc00000, 0x00000007b9c00000)
  object space 495616K, 84% used [0x00000006c1800000,0x00000006db0cde80,0x00000006dfc00000)
 Metaspace       used 2707K, capacity 4486K, committed 4864K, reserved 1056768K
  class space    used 302K, capacity 386K, committed 512K, reserved 1048576K
Heap after GC invocations=391 (full 24):
 PSYoungGen      total 89600K, used 12800K [0x00000007b9c00000, 0x00000007c0000000, 0x00000007c0000000)
  eden space 76800K, 0% used [0x00000007b9c00000,0x00000007b9c00000,0x00000007be700000)
  from space 12800K, 100% used [0x00000007be700000,0x00000007bf380000,0x00000007bf380000)
  to   space 12800K, 0% used [0x00000007bf380000,0x00000007bf380000,0x00000007c0000000)
 ParOldGen       total 495616K, used 438783K [0x00000006c1800000, 0x00000006dfc00000, 0x00000007b9c00000)
  object space 495616K, 88% used [0x00000006c1800000,0x00000006dc47fe80,0x00000006dfc00000)
 Metaspace       used 2707K, capacity 4486K, committed 4864K, reserved 1056768K
  class space    used 302K, capacity 386K, committed 512K, reserved 1048576K
}
{Heap before GC invocations=392 (full 24):
 PSYoungGen      total 89600K, used 89600K [0x00000007b9c00000, 0x00000007c0000000, 0x00000007c0000000)
  eden space 76800K, 100% used [0x00000007b9c00000,0x00000007be700000,0x00000007be700000)
  from space 12800K, 100% used [0x00000007be700000,0x00000007bf380000,0x00000007bf380000)
  to   space 12800K, 0% used [0x00000007bf380000,0x00000007bf380000,0x00000007c0000000)
 ParOldGen       total 495616K, used 438783K [0x00000006c1800000, 0x00000006dfc00000, 0x00000007b9c00000)
  object space 495616K, 88% used [0x00000006c1800000,0x00000006dc47fe80,0x00000006dfc00000)
 Metaspace       used 2707K, capacity 4486K, committed 4864K, reserved 1056768K
  class space    used 302K, capacity 386K, committed 512K, reserved 1048576K
Heap after GC invocations=392 (full 24):
 PSYoungGen      total 89600K, used 12800K [0x00000007b9c00000, 0x00000007c0000000, 0x00000007c0000000)
  eden space 76800K, 0% used [0x00000007b9c00000,0x00000007b9c00000,0x00000007be700000)
  from space 12800K, 100% used [0x00000007bf380000,0x00000007c0000000,0x00000007c0000000)
  to   space 12800K, 0% used [0x00000007be700000,0x00000007be700000,0x00000007bf380000)
 ParOldGen       total 495616K, used 458943K [0x00000006c1800000, 0x00000006dfc00000, 0x00000007b9c00000)
  object space 495616K, 92% used [0x00000006c1800000,0x00000006dd82fe80,0x00000006dfc00000)
 Metaspace       used 2707K, capacity 4486K, committed 4864K, reserved 1056768K
  class space    used 302K, capacity 386K, committed 512K, reserved 1048576K
}
{Heap before GC invocations=393 (full 24):
 PSYoungGen      total 89600K, used 89600K [0x00000007b9c00000, 0x00000007c0000000, 0x00000007c0000000)
  eden space 76800K, 100% used [0x00000007b9c00000,0x00000007be700000,0x00000007be700000)
  from space 12800K, 100% used [0x00000007bf380000,0x00000007c0000000,0x00000007c0000000)
  to   space 12800K, 0% used [0x00000007be700000,0x00000007be700000,0x00000007bf380000)
 ParOldGen       total 495616K, used 458943K [0x00000006c1800000, 0x00000006dfc00000, 0x00000007b9c00000)
  object space 495616K, 92% used [0x00000006c1800000,0x00000006dd82fe80,0x00000006dfc00000)
 Metaspace       used 2707K, capacity 4486K, committed 4864K, reserved 1056768K
  class space    used 302K, capacity 386K, committed 512K, reserved 1048576K
Heap after GC invocations=393 (full 24):
 PSYoungGen      total 89600K, used 12800K [0x00000007b9c00000, 0x00000007c0000000, 0x00000007c0000000)
  eden space 76800K, 0% used [0x00000007b9c00000,0x00000007b9c00000,0x00000007be700000)
  from space 12800K, 100% used [0x00000007be700000,0x00000007bf380000,0x00000007bf380000)
  to   space 12800K, 0% used [0x00000007bf380000,0x00000007bf380000,0x00000007c0000000)
 ParOldGen       total 495616K, used 479111K [0x00000006c1800000, 0x00000006dfc00000, 0x00000007b9c00000)
  object space 495616K, 96% used [0x00000006c1800000,0x00000006debe1e80,0x00000006dfc00000)
 Metaspace       used 2707K, capacity 4486K, committed 4864K, reserved 1056768K
  class space    used 302K, capacity 386K, committed 512K, reserved 1048576K
}
{Heap before GC invocations=394 (full 25):
 PSYoungGen      total 89600K, used 12800K [0x00000007b9c00000, 0x00000007c0000000, 0x00000007c0000000)
  eden space 76800K, 0% used [0x00000007b9c00000,0x00000007b9c00000,0x00000007be700000)
  from space 12800K, 100% used [0x00000007be700000,0x00000007bf380000,0x00000007bf380000)
  to   space 12800K, 0% used [0x00000007bf380000,0x00000007bf380000,0x00000007c0000000)
 ParOldGen       total 495616K, used 479111K [0x00000006c1800000, 0x00000006dfc00000, 0x00000007b9c00000)
  object space 495616K, 96% used [0x00000006c1800000,0x00000006debe1e80,0x00000006dfc00000)
 Metaspace       used 2707K, capacity 4486K, committed 4864K, reserved 1056768K
  class space    used 302K, capacity 386K, committed 512K, reserved 1048576K
Heap after GC invocations=394 (full 25):
 PSYoungGen      total 89600K, used 0K [0x00000007b9c00000, 0x00000007c0000000, 0x00000007c0000000)
  eden space 76800K, 0% used [0x00000007b9c00000,0x00000007b9c00000,0x00000007be700000)
  from space 12800K, 0% used [0x00000007be700000,0x00000007be700000,0x00000007bf380000)
  to   space 12800K, 0% used [0x00000007bf380000,0x00000007bf380000,0x00000007c0000000)
 ParOldGen       total 507904K, used 35840K [0x00000006c1800000, 0x00000006e0800000, 0x00000007b9c00000)
  object space 507904K, 7% used [0x00000006c1800000,0x00000006c3b00000,0x00000006e0800000)
 Metaspace       used 2707K, capacity 4486K, committed 4864K, reserved 1056768K
  class space    used 302K, capacity 386K, committed 512K, reserved 1048576K
}
{Heap before GC invocations=395 (full 25):
 PSYoungGen      total 89600K, used 76800K [0x00000007b9c00000, 0x00000007c0000000, 0x00000007c0000000)
  eden space 76800K, 100% used [0x00000007b9c00000,0x00000007be700000,0x00000007be700000)
  from space 12800K, 0% used [0x00000007be700000,0x00000007be700000,0x00000007bf380000)
  to   space 12800K, 0% used [0x00000007bf380000,0x00000007bf380000,0x00000007c0000000)
 ParOldGen       total 507904K, used 35840K [0x00000006c1800000, 0x00000006e0800000, 0x00000007b9c00000)
  object space 507904K, 7% used [0x00000006c1800000,0x00000006c3b00000,0x00000006e0800000)
 Metaspace       used 2707K, capacity 4486K, committed 4864K, reserved 1056768K
  class space    used 302K, capacity 386K, committed 512K, reserved 1048576K
Heap after GC invocations=395 (full 25):
 PSYoungGen      total 89600K, used 12800K [0x00000007b9c00000, 0x00000007c0000000, 0x00000007c0000000)
  eden space 76800K, 0% used [0x00000007b9c00000,0x00000007b9c00000,0x00000007be700000)
  from space 12800K, 100% used [0x00000007bf380000,0x00000007c0000000,0x00000007c0000000)
  to   space 12800K, 0% used [0x00000007be700000,0x00000007be700000,0x00000007bf380000)
 ParOldGen       total 507904K, used 56008K [0x00000006c1800000, 0x00000006e0800000, 0x00000007b9c00000)
  object space 507904K, 11% used [0x00000006c1800000,0x00000006c4eb2000,0x00000006e0800000)
 Metaspace       used 2707K, capacity 4486K, committed 4864K, reserved 1056768K
  class space    used 302K, capacity 386K, committed 512K, reserved 1048576K
}
{Heap before GC invocations=396 (full 25):
 PSYoungGen      total 89600K, used 89600K [0x00000007b9c00000, 0x00000007c0000000, 0x00000007c0000000)
  eden space 76800K, 100% used [0x00000007b9c00000,0x00000007be700000,0x00000007be700000)
  from space 12800K, 100% used [0x00000007bf380000,0x00000007c0000000,0x00000007c0000000)
  to   space 12800K, 0% used [0x00000007be700000,0x00000007be700000,0x00000007bf380000)
 ParOldGen       total 507904K, used 56008K [0x00000006c1800000, 0x00000006e0800000, 0x00000007b9c00000)
  object space 507904K, 11% used [0x00000006c1800000,0x00000006c4eb2000,0x00000006e0800000)
 Metaspace       used 2707K, capacity 4486K, committed 4864K, reserved 1056768K
  class space    used 302K, capacity 386K, committed 512K, reserved 1048576K
Heap after GC invocations=396 (full 25):
 PSYoungGen      total 89600K, used 12800K [0x00000007b9c00000, 0x00000007c0000000, 0x00000007c0000000)
  eden space 76800K, 0% used [0x00000007b9c00000,0x00000007b9c00000,0x00000007be700000)
  from space 12800K, 100% used [0x00000007be700000,0x00000007bf380000,0x00000007bf380000)
  to   space 12800K, 0% used [0x00000007bf380000,0x00000007bf380000,0x00000007c0000000)
 ParOldGen       total 507904K, used 76168K [0x00000006c1800000, 0x00000006e0800000, 0x00000007b9c00000)
  object space 507904K, 14% used [0x00000006c1800000,0x00000006c6262000,0x00000006e0800000)
 Metaspace       used 2707K, capacity 4486K, committed 4864K, reserved 1056768K
  class space    used 302K, capacity 386K, committed 512K, reserved 1048576K
}
{Heap before GC invocations=397 (full 25):
 PSYoungGen      total 89600K, used 89600K [0x00000007b9c00000, 0x00000007c0000000, 0x00000007c0000000)
  eden space 76800K, 100% used [0x00000007b9c00000,0x00000007be700000,0x00000007be700000)
  from space 12800K, 100% used [0x00000007be700000,0x00000007bf380000,0x00000007bf380000)
  to   space 12800K, 0% used [0x00000007bf380000,0x00000007bf380000,0x00000007c0000000)
 ParOldGen       total 507904K, used 76168K [0x00000006c1800000, 0x00000006e0800000, 0x00000007b9c00000)
  object space 507904K, 14% used [0x00000006c1800000,0x00000006c6262000,0x00000006e0800000)
 Metaspace       used 2707K, capacity 4486K, committed 4864K, reserved 1056768K
  class space    used 302K, capacity 386K, committed 512K, reserved 1048576K
Heap after GC invocations=397 (full 25):
 PSYoungGen      total 89600K, used 12800K [0x00000007b9c00000, 0x00000007c0000000, 0x00000007c0000000)
  eden space 76800K, 0% used [0x00000007b9c00000,0x00000007b9c00000,0x00000007be700000)
  from space 12800K, 100% used [0x00000007bf380000,0x00000007c0000000,0x00000007c0000000)
  to   space 12800K, 0% used [0x00000007be700000,0x00000007be700000,0x00000007bf380000)
 ParOldGen       total 507904K, used 96336K [0x00000006c1800000, 0x00000006e0800000, 0x00000007b9c00000)
  object space 507904K, 18% used [0x00000006c1800000,0x00000006c7614000,0x00000006e0800000)
 Metaspace       used 2707K, capacity 4486K, committed 4864K, reserved 1056768K
  class space    used 302K, capacity 386K, committed 512K, reserved 1048576K
}
{Heap before GC invocations=398 (full 25):
 PSYoungGen      total 89600K, used 89600K [0x00000007b9c00000, 0x00000007c0000000, 0x00000007c0000000)
  eden space 76800K, 100% used [0x00000007b9c00000,0x00000007be700000,0x00000007be700000)
  from space 12800K, 100% used [0x00000007bf380000,0x00000007c0000000,0x00000007c0000000)
  to   space 12800K, 0% used [0x00000007be700000,0x00000007be700000,0x00000007bf380000)
 ParOldGen       total 507904K, used 96336K [0x00000006c1800000, 0x00000006e0800000, 0x00000007b9c00000)
  object space 507904K, 18% used [0x00000006c1800000,0x00000006c7614000,0x00000006e0800000)
 Metaspace       used 2707K, capacity 4486K, committed 4864K, reserved 1056768K
  class space    used 302K, capacity 386K, committed 512K, reserved 1048576K
Heap after GC invocations=398 (full 25):
 PSYoungGen      total 89600K, used 12800K [0x00000007b9c00000, 0x00000007c0000000, 0x00000007c0000000)
  eden space 76800K, 0% used [0x00000007b9c00000,0x00000007b9c00000,0x00000007be700000)
  from space 12800K, 100% used [0x00000007be700000,0x00000007bf380000,0x00000007bf380000)
  to   space 12800K, 0% used [0x00000007bf380000,0x00000007bf380000,0x00000007c0000000)
 ParOldGen       total 507904K, used 116496K [0x00000006c1800000, 0x00000006e0800000, 0x00000007b9c00000)
  object space 507904K, 22% used [0x00000006c1800000,0x00000006c89c4000,0x00000006e0800000)
 Metaspace       used 2707K, capacity 4486K, committed 4864K, reserved 1056768K
  class space    used 302K, capacity 386K, committed 512K, reserved 1048576K
}
{Heap before GC invocations=399 (full 25):
 PSYoungGen      total 89600K, used 89600K [0x00000007b9c00000, 0x00000007c0000000, 0x00000007c0000000)
  eden space 76800K, 100% used [0x00000007b9c00000,0x00000007be700000,0x00000007be700000)
  from space 12800K, 100% used [0x00000007be700000,0x00000007bf380000,0x00000007bf380000)
  to   space 12800K, 0% used [0x00000007bf380000,0x00000007bf380000,0x00000007c0000000)
 ParOldGen       total 507904K, used 116496K [0x00000006c1800000, 0x00000006e0800000, 0x00000007b9c00000)
  object space 507904K, 22% used [0x00000006c1800000,0x00000006c89c4000,0x00000006e0800000)
 Metaspace       used 2707K, capacity 4486K, committed 4864K, reserved 1056768K
  class space    used 302K, capacity 386K, committed 512K, reserved 1048576K
Heap after GC invocations=399 (full 25):
 PSYoungGen      total 89600K, used 12800K [0x00000007b9c00000, 0x00000007c0000000, 0x00000007c0000000)
  eden space 76800K, 0% used [0x00000007b9c00000,0x00000007b9c00000,0x00000007be700000)
  from space 12800K, 100% used [0x00000007bf380000,0x00000007c0000000,0x00000007c0000000)
  to   space 12800K, 0% used [0x00000007be700000,0x00000007be700000,0x00000007bf380000)
 ParOldGen       total 507904K, used 136664K [0x00000006c1800000, 0x00000006e0800000, 0x00000007b9c00000)
  object space 507904K, 26% used [0x00000006c1800000,0x00000006c9d76000,0x00000006e0800000)
 Metaspace       used 2707K, capacity 4486K, committed 4864K, reserved 1056768K
  class space    used 302K, capacity 386K, committed 512K, reserved 1048576K
}
{Heap before GC invocations=400 (full 25):
 PSYoungGen      total 89600K, used 89600K [0x00000007b9c00000, 0x00000007c0000000, 0x00000007c0000000)
  eden space 76800K, 100% used [0x00000007b9c00000,0x00000007be700000,0x00000007be700000)
  from space 12800K, 100% used [0x00000007bf380000,0x00000007c0000000,0x00000007c0000000)
  to   space 12800K, 0% used [0x00000007be700000,0x00000007be700000,0x00000007bf380000)
 ParOldGen       total 507904K, used 136664K [0x00000006c1800000, 0x00000006e0800000, 0x00000007b9c00000)
  object space 507904K, 26% used [0x00000006c1800000,0x00000006c9d76000,0x00000006e0800000)
 Metaspace       used 2707K, capacity 4486K, committed 4864K, reserved 1056768K
  class space    used 302K, capacity 386K, committed 512K, reserved 1048576K
Heap after GC invocations=400 (full 25):
 PSYoungGen      total 89600K, used 12800K [0x00000007b9c00000, 0x00000007c0000000, 0x00000007c0000000)
  eden space 76800K, 0% used [0x00000007b9c00000,0x00000007b9c00000,0x00000007be700000)
  from space 12800K, 100% used [0x00000007be700000,0x00000007bf380000,0x00000007bf380000)
  to   space 12800K, 0% used [0x00000007bf380000,0x00000007bf380000,0x00000007c0000000)
 ParOldGen       total 507904K, used 156832K [0x00000006c1800000, 0x00000006e0800000, 0x00000007b9c00000)
  object space 507904K, 30% used [0x00000006c1800000,0x00000006cb128000,0x00000006e0800000)
 Metaspace       used 2707K, capacity 4486K, committed 4864K, reserved 1056768K
  class space    used 302K, capacity 386K, committed 512K, reserved 1048576K
}
{Heap before GC invocations=401 (full 25):
 PSYoungGen      total 89600K, used 89600K [0x00000007b9c00000, 0x00000007c0000000, 0x00000007c0000000)
  eden space 76800K, 100% used [0x00000007b9c00000,0x00000007be700000,0x00000007be700000)
  from space 12800K, 100% used [0x00000007be700000,0x00000007bf380000,0x00000007bf380000)
  to   space 12800K, 0% used [0x00000007bf380000,0x00000007bf380000,0x00000007c0000000)
 ParOldGen       total 507904K, used 156832K [0x00000006c1800000, 0x00000006e0800000, 0x00000007b9c00000)
  object space 507904K, 30% used [0x00000006c1800000,0x00000006cb128000,0x00000006e0800000)
 Metaspace       used 2707K, capacity 4486K, committed 4864K, reserved 1056768K
  class space    used 302K, capacity 386K, committed 512K, reserved 1048576K
Heap after GC invocations=401 (full 25):
 PSYoungGen      total 89600K, used 12800K [0x00000007b9c00000, 0x00000007c0000000, 0x00000007c0000000)
  eden space 76800K, 0% used [0x00000007b9c00000,0x00000007b9c00000,0x00000007be700000)
  from space 12800K, 100% used [0x00000007bf380000,0x00000007c0000000,0x00000007c0000000)
  to   space 12800K, 0% used [0x00000007be700000,0x00000007be700000,0x00000007bf380000)
 ParOldGen       total 507904K, used 177000K [0x00000006c1800000, 0x00000006e0800000, 0x00000007b9c00000)
  object space 507904K, 34% used [0x00000006c1800000,0x00000006cc4da000,0x00000006e0800000)
 Metaspace       used 2707K, capacity 4486K, committed 4864K, reserved 1056768K
  class space    used 302K, capacity 386K, committed 512K, reserved 1048576K
}
{Heap before GC invocations=402 (full 25):
 PSYoungGen      total 89600K, used 89600K [0x00000007b9c00000, 0x00000007c0000000, 0x00000007c0000000)
  eden space 76800K, 100% used [0x00000007b9c00000,0x00000007be700000,0x00000007be700000)
  from space 12800K, 100% used [0x00000007bf380000,0x00000007c0000000,0x00000007c0000000)
  to   space 12800K, 0% used [0x00000007be700000,0x00000007be700000,0x00000007bf380000)
 ParOldGen       total 507904K, used 177000K [0x00000006c1800000, 0x00000006e0800000, 0x00000007b9c00000)
  object space 507904K, 34% used [0x00000006c1800000,0x00000006cc4da000,0x00000006e0800000)
 Metaspace       used 2707K, capacity 4486K, committed 4864K, reserved 1056768K
  class space    used 302K, capacity 386K, committed 512K, reserved 1048576K
Heap after GC invocations=402 (full 25):
 PSYoungGen      total 89600K, used 12800K [0x00000007b9c00000, 0x00000007c0000000, 0x00000007c0000000)
  eden space 76800K, 0% used [0x00000007b9c00000,0x00000007b9c00000,0x00000007be700000)
  from space 12800K, 100% used [0x00000007be700000,0x00000007bf380000,0x00000007bf380000)
  to   space 12800K, 0% used [0x00000007bf380000,0x00000007bf380000,0x00000007c0000000)
 ParOldGen       total 507904K, used 197168K [0x00000006c1800000, 0x00000006e0800000, 0x00000007b9c00000)
  object space 507904K, 38% used [0x00000006c1800000,0x00000006cd88c000,0x00000006e0800000)
 Metaspace       used 2707K, capacity 4486K, committed 4864K, reserved 1056768K
  class space    used 302K, capacity 386K, committed 512K, reserved 1048576K
}
{Heap before GC invocations=403 (full 25):
 PSYoungGen      total 89600K, used 89600K [0x00000007b9c00000, 0x00000007c0000000, 0x00000007c0000000)
  eden space 76800K, 100% used [0x00000007b9c00000,0x00000007be700000,0x00000007be700000)
  from space 12800K, 100% used [0x00000007be700000,0x00000007bf380000,0x00000007bf380000)
  to   space 12800K, 0% used [0x00000007bf380000,0x00000007bf380000,0x00000007c0000000)
 ParOldGen       total 507904K, used 197168K [0x00000006c1800000, 0x00000006e0800000, 0x00000007b9c00000)
  object space 507904K, 38% used [0x00000006c1800000,0x00000006cd88c000,0x00000006e0800000)
 Metaspace       used 2707K, capacity 4486K, committed 4864K, reserved 1056768K
  class space    used 302K, capacity 386K, committed 512K, reserved 1048576K
Heap after GC invocations=403 (full 25):
 PSYoungGen      total 89600K, used 12800K [0x00000007b9c00000, 0x00000007c0000000, 0x00000007c0000000)
  eden space 76800K, 0% used [0x00000007b9c00000,0x00000007b9c00000,0x00000007be700000)
  from space 12800K, 100% used [0x00000007bf380000,0x00000007c0000000,0x00000007c0000000)
  to   space 12800K, 0% used [0x00000007be700000,0x00000007be700000,0x00000007bf380000)
 ParOldGen       total 507904K, used 217336K [0x00000006c1800000, 0x00000006e0800000, 0x00000007b9c00000)
  object space 507904K, 42% used [0x00000006c1800000,0x00000006cec3e000,0x00000006e0800000)
 Metaspace       used 2707K, capacity 4486K, committed 4864K, reserved 1056768K
  class space    used 302K, capacity 386K, committed 512K, reserved 1048576K
}
{Heap before GC invocations=404 (full 25):
 PSYoungGen      total 89600K, used 89600K [0x00000007b9c00000, 0x00000007c0000000, 0x00000007c0000000)
  eden space 76800K, 100% used [0x00000007b9c00000,0x00000007be700000,0x00000007be700000)
  from space 12800K, 100% used [0x00000007bf380000,0x00000007c0000000,0x00000007c0000000)
  to   space 12800K, 0% used [0x00000007be700000,0x00000007be700000,0x00000007bf380000)
 ParOldGen       total 507904K, used 217336K [0x00000006c1800000, 0x00000006e0800000, 0x00000007b9c00000)
  object space 507904K, 42% used [0x00000006c1800000,0x00000006cec3e000,0x00000006e0800000)
 Metaspace       used 2707K, capacity 4486K, committed 4864K, reserved 1056768K
  class space    used 302K, capacity 386K, committed 512K, reserved 1048576K
Heap after GC invocations=404 (full 25):
 PSYoungGen      total 89600K, used 12800K [0x00000007b9c00000, 0x00000007c0000000, 0x00000007c0000000)
  eden space 76800K, 0% used [0x00000007b9c00000,0x00000007b9c00000,0x00000007be700000)
  from space 12800K, 100% used [0x00000007be700000,0x00000007bf380000,0x00000007bf380000)
  to   space 12800K, 0% used [0x00000007bf380000,0x00000007bf380000,0x00000007c0000000)
 ParOldGen       total 507904K, used 237496K [0x00000006c1800000, 0x00000006e0800000, 0x00000007b9c00000)
  object space 507904K, 46% used [0x00000006c1800000,0x00000006cffee000,0x00000006e0800000)
 Metaspace       used 2707K, capacity 4486K, committed 4864K, reserved 1056768K
  class space    used 302K, capacity 386K, committed 512K, reserved 1048576K
}
{Heap before GC invocations=405 (full 25):
 PSYoungGen      total 89600K, used 89600K [0x00000007b9c00000, 0x00000007c0000000, 0x00000007c0000000)
  eden space 76800K, 100% used [0x00000007b9c00000,0x00000007be700000,0x00000007be700000)
  from space 12800K, 100% used [0x00000007be700000,0x00000007bf380000,0x00000007bf380000)
  to   space 12800K, 0% used [0x00000007bf380000,0x00000007bf380000,0x00000007c0000000)
 ParOldGen       total 507904K, used 237496K [0x00000006c1800000, 0x00000006e0800000, 0x00000007b9c00000)
  object space 507904K, 46% used [0x00000006c1800000,0x00000006cffee000,0x00000006e0800000)
 Metaspace       used 2707K, capacity 4486K, committed 4864K, reserved 1056768K
  class space    used 302K, capacity 386K, committed 512K, reserved 1048576K
Heap after GC invocations=405 (full 25):
 PSYoungGen      total 89600K, used 12800K [0x00000007b9c00000, 0x00000007c0000000, 0x00000007c0000000)
  eden space 76800K, 0% used [0x00000007b9c00000,0x00000007b9c00000,0x00000007be700000)
  from space 12800K, 100% used [0x00000007bf380000,0x00000007c0000000,0x00000007c0000000)
  to   space 12800K, 0% used [0x00000007be700000,0x00000007be700000,0x00000007bf380000)
 ParOldGen       total 507904K, used 257664K [0x00000006c1800000, 0x00000006e0800000, 0x00000007b9c00000)
  object space 507904K, 50% used [0x00000006c1800000,0x00000006d13a0000,0x00000006e0800000)
 Metaspace       used 2707K, capacity 4486K, committed 4864K, reserved 1056768K
  class space    used 302K, capacity 386K, committed 512K, reserved 1048576K
}
{Heap before GC invocations=406 (full 25):
 PSYoungGen      total 89600K, used 89600K [0x00000007b9c00000, 0x00000007c0000000, 0x00000007c0000000)
  eden space 76800K, 100% used [0x00000007b9c00000,0x00000007be700000,0x00000007be700000)
  from space 12800K, 100% used [0x00000007bf380000,0x00000007c0000000,0x00000007c0000000)
  to   space 12800K, 0% used [0x00000007be700000,0x00000007be700000,0x00000007bf380000)
 ParOldGen       total 507904K, used 257664K [0x00000006c1800000, 0x00000006e0800000, 0x00000007b9c00000)
  object space 507904K, 50% used [0x00000006c1800000,0x00000006d13a0000,0x00000006e0800000)
 Metaspace       used 2707K, capacity 4486K, committed 4864K, reserved 1056768K
  class space    used 302K, capacity 386K, committed 512K, reserved 1048576K
Heap after GC invocations=406 (full 25):
 PSYoungGen      total 89600K, used 12800K [0x00000007b9c00000, 0x00000007c0000000, 0x00000007c0000000)
  eden space 76800K, 0% used [0x00000007b9c00000,0x00000007b9c00000,0x00000007be700000)
  from space 12800K, 100% used [0x00000007be700000,0x00000007bf380000,0x00000007bf380000)
  to   space 12800K, 0% used [0x00000007bf380000,0x00000007bf380000,0x00000007c0000000)
 ParOldGen       total 507904K, used 277832K [0x00000006c1800000, 0x00000006e0800000, 0x00000007b9c00000)
  object space 507904K, 54% used [0x00000006c1800000,0x00000006d2752000,0x00000006e0800000)
 Metaspace       used 2707K, capacity 4486K, committed 4864K, reserved 1056768K
  class space    used 302K, capacity 386K, committed 512K, reserved 1048576K
}
{Heap before GC invocations=407 (full 25):
 PSYoungGen      total 89600K, used 89600K [0x00000007b9c00000, 0x00000007c0000000, 0x00000007c0000000)
  eden space 76800K, 100% used [0x00000007b9c00000,0x00000007be700000,0x00000007be700000)
  from space 12800K, 100% used [0x00000007be700000,0x00000007bf380000,0x00000007bf380000)
  to   space 12800K, 0% used [0x00000007bf380000,0x00000007bf380000,0x00000007c0000000)
 ParOldGen       total 507904K, used 277832K [0x00000006c1800000, 0x00000006e0800000, 0x00000007b9c00000)
  object space 507904K, 54% used [0x00000006c1800000,0x00000006d2752000,0x00000006e0800000)
 Metaspace       used 2707K, capacity 4486K, committed 4864K, reserved 1056768K
  class space    used 302K, capacity 386K, committed 512K, reserved 1048576K
Heap after GC invocations=407 (full 25):
 PSYoungGen      total 89600K, used 12800K [0x00000007b9c00000, 0x00000007c0000000, 0x00000007c0000000)
  eden space 76800K, 0% used [0x00000007b9c00000,0x00000007b9c00000,0x00000007be700000)
  from space 12800K, 100% used [0x00000007bf380000,0x00000007c0000000,0x00000007c0000000)
  to   space 12800K, 0% used [0x00000007be700000,0x00000007be700000,0x00000007bf380000)
 ParOldGen       total 507904K, used 298000K [0x00000006c1800000, 0x00000006e0800000, 0x00000007b9c00000)
  object space 507904K, 58% used [0x00000006c1800000,0x00000006d3b04000,0x00000006e0800000)
 Metaspace       used 2707K, capacity 4486K, committed 4864K, reserved 1056768K
  class space    used 302K, capacity 386K, committed 512K, reserved 1048576K
}
{Heap before GC invocations=408 (full 25):
 PSYoungGen      total 89600K, used 89600K [0x00000007b9c00000, 0x00000007c0000000, 0x00000007c0000000)
  eden space 76800K, 100% used [0x00000007b9c00000,0x00000007be700000,0x00000007be700000)
  from space 12800K, 100% used [0x00000007bf380000,0x00000007c0000000,0x00000007c0000000)
  to   space 12800K, 0% used [0x00000007be700000,0x00000007be700000,0x00000007bf380000)
 ParOldGen       total 507904K, used 298000K [0x00000006c1800000, 0x00000006e0800000, 0x00000007b9c00000)
  object space 507904K, 58% used [0x00000006c1800000,0x00000006d3b04000,0x00000006e0800000)
 Metaspace       used 2707K, capacity 4486K, committed 4864K, reserved 1056768K
  class space    used 302K, capacity 386K, committed 512K, reserved 1048576K
Heap after GC invocations=408 (full 25):
 PSYoungGen      total 89600K, used 12800K [0x00000007b9c00000, 0x00000007c0000000, 0x00000007c0000000)
  eden space 76800K, 0% used [0x00000007b9c00000,0x00000007b9c00000,0x00000007be700000)
  from space 12800K, 100% used [0x00000007be700000,0x00000007bf380000,0x00000007bf380000)
  to   space 12800K, 0% used [0x00000007bf380000,0x00000007bf380000,0x00000007c0000000)
 ParOldGen       total 507904K, used 318160K [0x00000006c1800000, 0x00000006e0800000, 0x00000007b9c00000)
  object space 507904K, 62% used [0x00000006c1800000,0x00000006d4eb4000,0x00000006e0800000)
 Metaspace       used 2707K, capacity 4486K, committed 4864K, reserved 1056768K
  class space    used 302K, capacity 386K, committed 512K, reserved 1048576K
}
{Heap before GC invocations=409 (full 25):
 PSYoungGen      total 89600K, used 89600K [0x00000007b9c00000, 0x00000007c0000000, 0x00000007c0000000)
  eden space 76800K, 100% used [0x00000007b9c00000,0x00000007be700000,0x00000007be700000)
  from space 12800K, 100% used [0x00000007be700000,0x00000007bf380000,0x00000007bf380000)
  to   space 12800K, 0% used [0x00000007bf380000,0x00000007bf380000,0x00000007c0000000)
 ParOldGen       total 507904K, used 318160K [0x00000006c1800000, 0x00000006e0800000, 0x00000007b9c00000)
  object space 507904K, 62% used [0x00000006c1800000,0x00000006d4eb4000,0x00000006e0800000)
 Metaspace       used 2707K, capacity 4486K, committed 4864K, reserved 1056768K
  class space    used 302K, capacity 386K, committed 512K, reserved 1048576K
Heap after GC invocations=409 (full 25):
 PSYoungGen      total 89600K, used 12800K [0x00000007b9c00000, 0x00000007c0000000, 0x00000007c0000000)
  eden space 76800K, 0% used [0x00000007b9c00000,0x00000007b9c00000,0x00000007be700000)
  from space 12800K, 100% used [0x00000007bf380000,0x00000007c0000000,0x00000007c0000000)
  to   space 12800K, 0% used [0x00000007be700000,0x00000007be700000,0x00000007bf380000)
 ParOldGen       total 507904K, used 338328K [0x00000006c1800000, 0x00000006e0800000, 0x00000007b9c00000)
  object space 507904K, 66% used [0x00000006c1800000,0x00000006d6266000,0x00000006e0800000)
 Metaspace       used 2707K, capacity 4486K, committed 4864K, reserved 1056768K
  class space    used 302K, capacity 386K, committed 512K, reserved 1048576K
}
{Heap before GC invocations=410 (full 25):
 PSYoungGen      total 89600K, used 89600K [0x00000007b9c00000, 0x00000007c0000000, 0x00000007c0000000)
  eden space 76800K, 100% used [0x00000007b9c00000,0x00000007be700000,0x00000007be700000)
  from space 12800K, 100% used [0x00000007bf380000,0x00000007c0000000,0x00000007c0000000)
  to   space 12800K, 0% used [0x00000007be700000,0x00000007be700000,0x00000007bf380000)
 ParOldGen       total 507904K, used 338328K [0x00000006c1800000, 0x00000006e0800000, 0x00000007b9c00000)
  object space 507904K, 66% used [0x00000006c1800000,0x00000006d6266000,0x00000006e0800000)
 Metaspace       used 2707K, capacity 4486K, committed 4864K, reserved 1056768K
  class space    used 302K, capacity 386K, committed 512K, reserved 1048576K
Heap after GC invocations=410 (full 25):
 PSYoungGen      total 89600K, used 12800K [0x00000007b9c00000, 0x00000007c0000000, 0x00000007c0000000)
  eden space 76800K, 0% used [0x00000007b9c00000,0x00000007b9c00000,0x00000007be700000)
  from space 12800K, 100% used [0x00000007be700000,0x00000007bf380000,0x00000007bf380000)
  to   space 12800K, 0% used [0x00000007bf380000,0x00000007bf380000,0x00000007c0000000)
 ParOldGen       total 507904K, used 358488K [0x00000006c1800000, 0x00000006e0800000, 0x00000007b9c00000)
  object space 507904K, 70% used [0x00000006c1800000,0x00000006d7616000,0x00000006e0800000)
 Metaspace       used 2707K, capacity 4486K, committed 4864K, reserved 1056768K
  class space    used 302K, capacity 386K, committed 512K, reserved 1048576K
}
{Heap before GC invocations=411 (full 25):
 PSYoungGen      total 89600K, used 89600K [0x00000007b9c00000, 0x00000007c0000000, 0x00000007c0000000)
  eden space 76800K, 100% used [0x00000007b9c00000,0x00000007be700000,0x00000007be700000)
  from space 12800K, 100% used [0x00000007be700000,0x00000007bf380000,0x00000007bf380000)
  to   space 12800K, 0% used [0x00000007bf380000,0x00000007bf380000,0x00000007c0000000)
 ParOldGen       total 507904K, used 358488K [0x00000006c1800000, 0x00000006e0800000, 0x00000007b9c00000)
  object space 507904K, 70% used [0x00000006c1800000,0x00000006d7616000,0x00000006e0800000)
 Metaspace       used 2707K, capacity 4486K, committed 4864K, reserved 1056768K
  class space    used 302K, capacity 386K, committed 512K, reserved 1048576K
Heap after GC invocations=411 (full 25):
 PSYoungGen      total 89600K, used 12800K [0x00000007b9c00000, 0x00000007c0000000, 0x00000007c0000000)
  eden space 76800K, 0% used [0x00000007b9c00000,0x00000007b9c00000,0x00000007be700000)
  from space 12800K, 100% used [0x00000007bf380000,0x00000007c0000000,0x00000007c0000000)
  to   space 12800K, 0% used [0x00000007be700000,0x00000007be700000,0x00000007bf380000)
 ParOldGen       total 507904K, used 378656K [0x00000006c1800000, 0x00000006e0800000, 0x00000007b9c00000)
  object space 507904K, 74% used [0x00000006c1800000,0x00000006d89c8000,0x00000006e0800000)
 Metaspace       used 2707K, capacity 4486K, committed 4864K, reserved 1056768K
  class space    used 302K, capacity 386K, committed 512K, reserved 1048576K
}
{Heap before GC invocations=412 (full 25):
 PSYoungGen      total 89600K, used 89600K [0x00000007b9c00000, 0x00000007c0000000, 0x00000007c0000000)
  eden space 76800K, 100% used [0x00000007b9c00000,0x00000007be700000,0x00000007be700000)
  from space 12800K, 100% used [0x00000007bf380000,0x00000007c0000000,0x00000007c0000000)
  to   space 12800K, 0% used [0x00000007be700000,0x00000007be700000,0x00000007bf380000)
 ParOldGen       total 507904K, used 378656K [0x00000006c1800000, 0x00000006e0800000, 0x00000007b9c00000)
  object space 507904K, 74% used [0x00000006c1800000,0x00000006d89c8000,0x00000006e0800000)
 Metaspace       used 2707K, capacity 4486K, committed 4864K, reserved 1056768K
  class space    used 302K, capacity 386K, committed 512K, reserved 1048576K
Heap after GC invocations=412 (full 25):
 PSYoungGen      total 89600K, used 12800K [0x00000007b9c00000, 0x00000007c0000000, 0x00000007c0000000)
  eden space 76800K, 0% used [0x00000007b9c00000,0x00000007b9c00000,0x00000007be700000)
  from space 12800K, 100% used [0x00000007be700000,0x00000007bf380000,0x00000007bf380000)
  to   space 12800K, 0% used [0x00000007bf380000,0x00000007bf380000,0x00000007c0000000)
 ParOldGen       total 507904K, used 398824K [0x00000006c1800000, 0x00000006e0800000, 0x00000007b9c00000)
  object space 507904K, 78% used [0x00000006c1800000,0x00000006d9d7a000,0x00000006e0800000)
 Metaspace       used 2707K, capacity 4486K, committed 4864K, reserved 1056768K
  class space    used 302K, capacity 386K, committed 512K, reserved 1048576K
}
{Heap before GC invocations=413 (full 25):
 PSYoungGen      total 89600K, used 89600K [0x00000007b9c00000, 0x00000007c0000000, 0x00000007c0000000)
  eden space 76800K, 100% used [0x00000007b9c00000,0x00000007be700000,0x00000007be700000)
  from space 12800K, 100% used [0x00000007be700000,0x00000007bf380000,0x00000007bf380000)
  to   space 12800K, 0% used [0x00000007bf380000,0x00000007bf380000,0x00000007c0000000)
 ParOldGen       total 507904K, used 398824K [0x00000006c1800000, 0x00000006e0800000, 0x00000007b9c00000)
  object space 507904K, 78% used [0x00000006c1800000,0x00000006d9d7a000,0x00000006e0800000)
 Metaspace       used 2707K, capacity 4486K, committed 4864K, reserved 1056768K
  class space    used 302K, capacity 386K, committed 512K, reserved 1048576K
Heap after GC invocations=413 (full 25):
 PSYoungGen      total 89600K, used 12800K [0x00000007b9c00000, 0x00000007c0000000, 0x00000007c0000000)
  eden space 76800K, 0% used [0x00000007b9c00000,0x00000007b9c00000,0x00000007be700000)
  from space 12800K, 100% used [0x00000007bf380000,0x00000007c0000000,0x00000007c0000000)
  to   space 12800K, 0% used [0x00000007be700000,0x00000007be700000,0x00000007bf380000)
 ParOldGen       total 507904K, used 418984K [0x00000006c1800000, 0x00000006e0800000, 0x00000007b9c00000)
  object space 507904K, 82% used [0x00000006c1800000,0x00000006db12a000,0x00000006e0800000)
 Metaspace       used 2707K, capacity 4486K, committed 4864K, reserved 1056768K
  class space    used 302K, capacity 386K, committed 512K, reserved 1048576K
}
{Heap before GC invocations=414 (full 25):
 PSYoungGen      total 89600K, used 89600K [0x00000007b9c00000, 0x00000007c0000000, 0x00000007c0000000)
  eden space 76800K, 100% used [0x00000007b9c00000,0x00000007be700000,0x00000007be700000)
  from space 12800K, 100% used [0x00000007bf380000,0x00000007c0000000,0x00000007c0000000)
  to   space 12800K, 0% used [0x00000007be700000,0x00000007be700000,0x00000007bf380000)
 ParOldGen       total 507904K, used 418984K [0x00000006c1800000, 0x00000006e0800000, 0x00000007b9c00000)
  object space 507904K, 82% used [0x00000006c1800000,0x00000006db12a000,0x00000006e0800000)
 Metaspace       used 2707K, capacity 4486K, committed 4864K, reserved 1056768K
  class space    used 302K, capacity 386K, committed 512K, reserved 1048576K
Heap after GC invocations=414 (full 25):
 PSYoungGen      total 89600K, used 12800K [0x00000007b9c00000, 0x00000007c0000000, 0x00000007c0000000)
  eden space 76800K, 0% used [0x00000007b9c00000,0x00000007b9c00000,0x00000007be700000)
  from space 12800K, 100% used [0x00000007be700000,0x00000007bf380000,0x00000007bf380000)
  to   space 12800K, 0% used [0x00000007bf380000,0x00000007bf380000,0x00000007c0000000)
 ParOldGen       total 507904K, used 439144K [0x00000006c1800000, 0x00000006e0800000, 0x00000007b9c00000)
  object space 507904K, 86% used [0x00000006c1800000,0x00000006dc4da000,0x00000006e0800000)
 Metaspace       used 2707K, capacity 4486K, committed 4864K, reserved 1056768K
  class space    used 302K, capacity 386K, committed 512K, reserved 1048576K
}
{Heap before GC invocations=415 (full 25):
 PSYoungGen      total 89600K, used 89600K [0x00000007b9c00000, 0x00000007c0000000, 0x00000007c0000000)
  eden space 76800K, 100% used [0x00000007b9c00000,0x00000007be700000,0x00000007be700000)
  from space 12800K, 100% used [0x00000007be700000,0x00000007bf380000,0x00000007bf380000)
  to   space 12800K, 0% used [0x00000007bf380000,0x00000007bf380000,0x00000007c0000000)
 ParOldGen       total 507904K, used 439144K [0x00000006c1800000, 0x00000006e0800000, 0x00000007b9c00000)
  object space 507904K, 86% used [0x00000006c1800000,0x00000006dc4da000,0x00000006e0800000)
 Metaspace       used 2707K, capacity 4486K, committed 4864K, reserved 1056768K
  class space    used 302K, capacity 386K, committed 512K, reserved 1048576K
Heap after GC invocations=415 (full 25):
 PSYoungGen      total 89600K, used 12800K [0x00000007b9c00000, 0x00000007c0000000, 0x00000007c0000000)
  eden space 76800K, 0% used [0x00000007b9c00000,0x00000007b9c00000,0x00000007be700000)
  from space 12800K, 100% used [0x00000007bf380000,0x00000007c0000000,0x00000007c0000000)
  to   space 12800K, 0% used [0x00000007be700000,0x00000007be700000,0x00000007bf380000)
 ParOldGen       total 507904K, used 459304K [0x00000006c1800000, 0x00000006e0800000, 0x00000007b9c00000)
  object space 507904K, 90% used [0x00000006c1800000,0x00000006dd88a000,0x00000006e0800000)
 Metaspace       used 2707K, capacity 4486K, committed 4864K, reserved 1056768K
  class space    used 302K, capacity 386K, committed 512K, reserved 1048576K
}
{Heap before GC invocations=416 (full 25):
 PSYoungGen      total 89600K, used 89600K [0x00000007b9c00000, 0x00000007c0000000, 0x00000007c0000000)
  eden space 76800K, 100% used [0x00000007b9c00000,0x00000007be700000,0x00000007be700000)
  from space 12800K, 100% used [0x00000007bf380000,0x00000007c0000000,0x00000007c0000000)
  to   space 12800K, 0% used [0x00000007be700000,0x00000007be700000,0x00000007bf380000)
 ParOldGen       total 507904K, used 459304K [0x00000006c1800000, 0x00000006e0800000, 0x00000007b9c00000)
  object space 507904K, 90% used [0x00000006c1800000,0x00000006dd88a000,0x00000006e0800000)
 Metaspace       used 2707K, capacity 4486K, committed 4864K, reserved 1056768K
  class space    used 302K, capacity 386K, committed 512K, reserved 1048576K
Heap after GC invocations=416 (full 25):
 PSYoungGen      total 89600K, used 12800K [0x00000007b9c00000, 0x00000007c0000000, 0x00000007c0000000)
  eden space 76800K, 0% used [0x00000007b9c00000,0x00000007b9c00000,0x00000007be700000)
  from space 12800K, 100% used [0x00000007be700000,0x00000007bf380000,0x00000007bf380000)
  to   space 12800K, 0% used [0x00000007bf380000,0x00000007bf380000,0x00000007c0000000)
 ParOldGen       total 507904K, used 479464K [0x00000006c1800000, 0x00000006e0800000, 0x00000007b9c00000)
  object space 507904K, 94% used [0x00000006c1800000,0x00000006dec3a000,0x00000006e0800000)
 Metaspace       used 2707K, capacity 4486K, committed 4864K, reserved 1056768K
  class space    used 302K, capacity 386K, committed 512K, reserved 1048576K
}
{Heap before GC invocations=417 (full 25):
 PSYoungGen      total 89600K, used 89600K [0x00000007b9c00000, 0x00000007c0000000, 0x00000007c0000000)
  eden space 76800K, 100% used [0x00000007b9c00000,0x00000007be700000,0x00000007be700000)
  from space 12800K, 100% used [0x00000007be700000,0x00000007bf380000,0x00000007bf380000)
  to   space 12800K, 0% used [0x00000007bf380000,0x00000007bf380000,0x00000007c0000000)
 ParOldGen       total 507904K, used 479464K [0x00000006c1800000, 0x00000006e0800000, 0x00000007b9c00000)
  object space 507904K, 94% used [0x00000006c1800000,0x00000006dec3a000,0x00000006e0800000)
 Metaspace       used 2707K, capacity 4486K, committed 4864K, reserved 1056768K
  class space    used 302K, capacity 386K, committed 512K, reserved 1048576K
Heap after GC invocations=417 (full 25):
 PSYoungGen      total 89600K, used 12800K [0x00000007b9c00000, 0x00000007c0000000, 0x00000007c0000000)
  eden space 76800K, 0% used [0x00000007b9c00000,0x00000007b9c00000,0x00000007be700000)
  from space 12800K, 100% used [0x00000007bf380000,0x00000007c0000000,0x00000007c0000000)
  to   space 12800K, 0% used [0x00000007be700000,0x00000007be700000,0x00000007bf380000)
 ParOldGen       total 507904K, used 499632K [0x00000006c1800000, 0x00000006e0800000, 0x00000007b9c00000)
  object space 507904K, 98% used [0x00000006c1800000,0x00000006dffec000,0x00000006e0800000)
 Metaspace       used 2707K, capacity 4486K, committed 4864K, reserved 1056768K
  class space    used 302K, capacity 386K, committed 512K, reserved 1048576K
}
{Heap before GC invocations=418 (full 26):
 PSYoungGen      total 89600K, used 12800K [0x00000007b9c00000, 0x00000007c0000000, 0x00000007c0000000)
  eden space 76800K, 0% used [0x00000007b9c00000,0x00000007b9c00000,0x00000007be700000)
  from space 12800K, 100% used [0x00000007bf380000,0x00000007c0000000,0x00000007c0000000)
  to   space 12800K, 0% used [0x00000007be700000,0x00000007be700000,0x00000007bf380000)
 ParOldGen       total 507904K, used 499632K [0x00000006c1800000, 0x00000006e0800000, 0x00000007b9c00000)
  object space 507904K, 98% used [0x00000006c1800000,0x00000006dffec000,0x00000006e0800000)
 Metaspace       used 2707K, capacity 4486K, committed 4864K, reserved 1056768K
  class space    used 302K, capacity 386K, committed 512K, reserved 1048576K
Heap after GC invocations=418 (full 26):
 PSYoungGen      total 89600K, used 0K [0x00000007b9c00000, 0x00000007c0000000, 0x00000007c0000000)
  eden space 76800K, 0% used [0x00000007b9c00000,0x00000007b9c00000,0x00000007be700000)
  from space 12800K, 0% used [0x00000007bf380000,0x00000007bf380000,0x00000007c0000000)
  to   space 12800K, 0% used [0x00000007be700000,0x00000007be700000,0x00000007bf380000)
 ParOldGen       total 519680K, used 35840K [0x00000006c1800000, 0x00000006e1380000, 0x00000007b9c00000)
  object space 519680K, 6% used [0x00000006c1800000,0x00000006c3b00000,0x00000006e1380000)
 Metaspace       used 2707K, capacity 4486K, committed 4864K, reserved 1056768K
  class space    used 302K, capacity 386K, committed 512K, reserved 1048576K
}
{Heap before GC invocations=419 (full 26):
 PSYoungGen      total 89600K, used 76800K [0x00000007b9c00000, 0x00000007c0000000, 0x00000007c0000000)
  eden space 76800K, 100% used [0x00000007b9c00000,0x00000007be700000,0x00000007be700000)
  from space 12800K, 0% used [0x00000007bf380000,0x00000007bf380000,0x00000007c0000000)
  to   space 12800K, 0% used [0x00000007be700000,0x00000007be700000,0x00000007bf380000)
 ParOldGen       total 519680K, used 35840K [0x00000006c1800000, 0x00000006e1380000, 0x00000007b9c00000)
  object space 519680K, 6% used [0x00000006c1800000,0x00000006c3b00000,0x00000006e1380000)
 Metaspace       used 2707K, capacity 4486K, committed 4864K, reserved 1056768K
  class space    used 302K, capacity 386K, committed 512K, reserved 1048576K
Heap after GC invocations=419 (full 26):
 PSYoungGen      total 89600K, used 12800K [0x00000007b9c00000, 0x00000007c0000000, 0x00000007c0000000)
  eden space 76800K, 0% used [0x00000007b9c00000,0x00000007b9c00000,0x00000007be700000)
  from space 12800K, 100% used [0x00000007be700000,0x00000007bf380000,0x00000007bf380000)
  to   space 12800K, 0% used [0x00000007bf380000,0x00000007bf380000,0x00000007c0000000)
 ParOldGen       total 519680K, used 56008K [0x00000006c1800000, 0x00000006e1380000, 0x00000007b9c00000)
  object space 519680K, 10% used [0x00000006c1800000,0x00000006c4eb2000,0x00000006e1380000)
 Metaspace       used 2707K, capacity 4486K, committed 4864K, reserved 1056768K
  class space    used 302K, capacity 386K, committed 512K, reserved 1048576K
}
{Heap before GC invocations=420 (full 26):
 PSYoungGen      total 89600K, used 89600K [0x00000007b9c00000, 0x00000007c0000000, 0x00000007c0000000)
  eden space 76800K, 100% used [0x00000007b9c00000,0x00000007be700000,0x00000007be700000)
  from space 12800K, 100% used [0x00000007be700000,0x00000007bf380000,0x00000007bf380000)
  to   space 12800K, 0% used [0x00000007bf380000,0x00000007bf380000,0x00000007c0000000)
 ParOldGen       total 519680K, used 56008K [0x00000006c1800000, 0x00000006e1380000, 0x00000007b9c00000)
  object space 519680K, 10% used [0x00000006c1800000,0x00000006c4eb2000,0x00000006e1380000)
 Metaspace       used 2707K, capacity 4486K, committed 4864K, reserved 1056768K
  class space    used 302K, capacity 386K, committed 512K, reserved 1048576K
Heap after GC invocations=420 (full 26):
 PSYoungGen      total 89600K, used 12800K [0x00000007b9c00000, 0x00000007c0000000, 0x00000007c0000000)
  eden space 76800K, 0% used [0x00000007b9c00000,0x00000007b9c00000,0x00000007be700000)
  from space 12800K, 100% used [0x00000007bf380000,0x00000007c0000000,0x00000007c0000000)
  to   space 12800K, 0% used [0x00000007be700000,0x00000007be700000,0x00000007bf380000)
 ParOldGen       total 519680K, used 76168K [0x00000006c1800000, 0x00000006e1380000, 0x00000007b9c00000)
  object space 519680K, 14% used [0x00000006c1800000,0x00000006c6262000,0x00000006e1380000)
 Metaspace       used 2707K, capacity 4486K, committed 4864K, reserved 1056768K
  class space    used 302K, capacity 386K, committed 512K, reserved 1048576K
}
{Heap before GC invocations=421 (full 26):
 PSYoungGen      total 89600K, used 89600K [0x00000007b9c00000, 0x00000007c0000000, 0x00000007c0000000)
  eden space 76800K, 100% used [0x00000007b9c00000,0x00000007be700000,0x00000007be700000)
  from space 12800K, 100% used [0x00000007bf380000,0x00000007c0000000,0x00000007c0000000)
  to   space 12800K, 0% used [0x00000007be700000,0x00000007be700000,0x00000007bf380000)
 ParOldGen       total 519680K, used 76168K [0x00000006c1800000, 0x00000006e1380000, 0x00000007b9c00000)
  object space 519680K, 14% used [0x00000006c1800000,0x00000006c6262000,0x00000006e1380000)
 Metaspace       used 2707K, capacity 4486K, committed 4864K, reserved 1056768K
  class space    used 302K, capacity 386K, committed 512K, reserved 1048576K
Heap after GC invocations=421 (full 26):
 PSYoungGen      total 89600K, used 12800K [0x00000007b9c00000, 0x00000007c0000000, 0x00000007c0000000)
  eden space 76800K, 0% used [0x00000007b9c00000,0x00000007b9c00000,0x00000007be700000)
  from space 12800K, 100% used [0x00000007be700000,0x00000007bf380000,0x00000007bf380000)
  to   space 12800K, 0% used [0x00000007bf380000,0x00000007bf380000,0x00000007c0000000)
 ParOldGen       total 519680K, used 96344K [0x00000006c1800000, 0x00000006e1380000, 0x00000007b9c00000)
  object space 519680K, 18% used [0x00000006c1800000,0x00000006c7616000,0x00000006e1380000)
 Metaspace       used 2707K, capacity 4486K, committed 4864K, reserved 1056768K
  class space    used 302K, capacity 386K, committed 512K, reserved 1048576K
}
{Heap before GC invocations=422 (full 26):
 PSYoungGen      total 89600K, used 89600K [0x00000007b9c00000, 0x00000007c0000000, 0x00000007c0000000)
  eden space 76800K, 100% used [0x00000007b9c00000,0x00000007be700000,0x00000007be700000)
  from space 12800K, 100% used [0x00000007be700000,0x00000007bf380000,0x00000007bf380000)
  to   space 12800K, 0% used [0x00000007bf380000,0x00000007bf380000,0x00000007c0000000)
 ParOldGen       total 519680K, used 96344K [0x00000006c1800000, 0x00000006e1380000, 0x00000007b9c00000)
  object space 519680K, 18% used [0x00000006c1800000,0x00000006c7616000,0x00000006e1380000)
 Metaspace       used 2707K, capacity 4486K, committed 4864K, reserved 1056768K
  class space    used 302K, capacity 386K, committed 512K, reserved 1048576K
Heap after GC invocations=422 (full 26):
 PSYoungGen      total 89600K, used 12800K [0x00000007b9c00000, 0x00000007c0000000, 0x00000007c0000000)
  eden space 76800K, 0% used [0x00000007b9c00000,0x00000007b9c00000,0x00000007be700000)
  from space 12800K, 100% used [0x00000007bf380000,0x00000007c0000000,0x00000007c0000000)
  to   space 12800K, 0% used [0x00000007be700000,0x00000007be700000,0x00000007bf380000)
 ParOldGen       total 519680K, used 116504K [0x00000006c1800000, 0x00000006e1380000, 0x00000007b9c00000)
  object space 519680K, 22% used [0x00000006c1800000,0x00000006c89c6000,0x00000006e1380000)
 Metaspace       used 2707K, capacity 4486K, committed 4864K, reserved 1056768K
  class space    used 302K, capacity 386K, committed 512K, reserved 1048576K
}
{Heap before GC invocations=423 (full 26):
 PSYoungGen      total 89600K, used 89600K [0x00000007b9c00000, 0x00000007c0000000, 0x00000007c0000000)
  eden space 76800K, 100% used [0x00000007b9c00000,0x00000007be700000,0x00000007be700000)
  from space 12800K, 100% used [0x00000007bf380000,0x00000007c0000000,0x00000007c0000000)
  to   space 12800K, 0% used [0x00000007be700000,0x00000007be700000,0x00000007bf380000)
 ParOldGen       total 519680K, used 116504K [0x00000006c1800000, 0x00000006e1380000, 0x00000007b9c00000)
  object space 519680K, 22% used [0x00000006c1800000,0x00000006c89c6000,0x00000006e1380000)
 Metaspace       used 2707K, capacity 4486K, committed 4864K, reserved 1056768K
  class space    used 302K, capacity 386K, committed 512K, reserved 1048576K
Heap after GC invocations=423 (full 26):
 PSYoungGen      total 89600K, used 12800K [0x00000007b9c00000, 0x00000007c0000000, 0x00000007c0000000)
  eden space 76800K, 0% used [0x00000007b9c00000,0x00000007b9c00000,0x00000007be700000)
  from space 12800K, 100% used [0x00000007be700000,0x00000007bf380000,0x00000007bf380000)
  to   space 12800K, 0% used [0x00000007bf380000,0x00000007bf380000,0x00000007c0000000)
 ParOldGen       total 519680K, used 136664K [0x00000006c1800000, 0x00000006e1380000, 0x00000007b9c00000)
  object space 519680K, 26% used [0x00000006c1800000,0x00000006c9d76000,0x00000006e1380000)
 Metaspace       used 2707K, capacity 4486K, committed 4864K, reserved 1056768K
  class space    used 302K, capacity 386K, committed 512K, reserved 1048576K
}
{Heap before GC invocations=424 (full 26):
 PSYoungGen      total 89600K, used 89600K [0x00000007b9c00000, 0x00000007c0000000, 0x00000007c0000000)
  eden space 76800K, 100% used [0x00000007b9c00000,0x00000007be700000,0x00000007be700000)
  from space 12800K, 100% used [0x00000007be700000,0x00000007bf380000,0x00000007bf380000)
  to   space 12800K, 0% used [0x00000007bf380000,0x00000007bf380000,0x00000007c0000000)
 ParOldGen       total 519680K, used 136664K [0x00000006c1800000, 0x00000006e1380000, 0x00000007b9c00000)
  object space 519680K, 26% used [0x00000006c1800000,0x00000006c9d76000,0x00000006e1380000)
 Metaspace       used 2707K, capacity 4486K, committed 4864K, reserved 1056768K
  class space    used 302K, capacity 386K, committed 512K, reserved 1048576K
Heap after GC invocations=424 (full 26):
 PSYoungGen      total 89600K, used 12800K [0x00000007b9c00000, 0x00000007c0000000, 0x00000007c0000000)
  eden space 76800K, 0% used [0x00000007b9c00000,0x00000007b9c00000,0x00000007be700000)
  from space 12800K, 100% used [0x00000007bf380000,0x00000007c0000000,0x00000007c0000000)
  to   space 12800K, 0% used [0x00000007be700000,0x00000007be700000,0x00000007bf380000)
 ParOldGen       total 519680K, used 156832K [0x00000006c1800000, 0x00000006e1380000, 0x00000007b9c00000)
  object space 519680K, 30% used [0x00000006c1800000,0x00000006cb128000,0x00000006e1380000)
 Metaspace       used 2707K, capacity 4486K, committed 4864K, reserved 1056768K
  class space    used 302K, capacity 386K, committed 512K, reserved 1048576K
}
{Heap before GC invocations=425 (full 26):
 PSYoungGen      total 89600K, used 89600K [0x00000007b9c00000, 0x00000007c0000000, 0x00000007c0000000)
  eden space 76800K, 100% used [0x00000007b9c00000,0x00000007be700000,0x00000007be700000)
  from space 12800K, 100% used [0x00000007bf380000,0x00000007c0000000,0x00000007c0000000)
  to   space 12800K, 0% used [0x00000007be700000,0x00000007be700000,0x00000007bf380000)
 ParOldGen       total 519680K, used 156832K [0x00000006c1800000, 0x00000006e1380000, 0x00000007b9c00000)
  object space 519680K, 30% used [0x00000006c1800000,0x00000006cb128000,0x00000006e1380000)
 Metaspace       used 2707K, capacity 4486K, committed 4864K, reserved 1056768K
  class space    used 302K, capacity 386K, committed 512K, reserved 1048576K
Heap after GC invocations=425 (full 26):
 PSYoungGen      total 89600K, used 12800K [0x00000007b9c00000, 0x00000007c0000000, 0x00000007c0000000)
  eden space 76800K, 0% used [0x00000007b9c00000,0x00000007b9c00000,0x00000007be700000)
  from space 12800K, 100% used [0x00000007be700000,0x00000007bf380000,0x00000007bf380000)
  to   space 12800K, 0% used [0x00000007bf380000,0x00000007bf380000,0x00000007c0000000)
 ParOldGen       total 519680K, used 177000K [0x00000006c1800000, 0x00000006e1380000, 0x00000007b9c00000)
  object space 519680K, 34% used [0x00000006c1800000,0x00000006cc4da000,0x00000006e1380000)
 Metaspace       used 2707K, capacity 4486K, committed 4864K, reserved 1056768K
  class space    used 302K, capacity 386K, committed 512K, reserved 1048576K
}
{Heap before GC invocations=426 (full 26):
 PSYoungGen      total 89600K, used 89600K [0x00000007b9c00000, 0x00000007c0000000, 0x00000007c0000000)
  eden space 76800K, 100% used [0x00000007b9c00000,0x00000007be700000,0x00000007be700000)
  from space 12800K, 100% used [0x00000007be700000,0x00000007bf380000,0x00000007bf380000)
  to   space 12800K, 0% used [0x00000007bf380000,0x00000007bf380000,0x00000007c0000000)
 ParOldGen       total 519680K, used 177000K [0x00000006c1800000, 0x00000006e1380000, 0x00000007b9c00000)
  object space 519680K, 34% used [0x00000006c1800000,0x00000006cc4da000,0x00000006e1380000)
 Metaspace       used 2707K, capacity 4486K, committed 4864K, reserved 1056768K
  class space    used 302K, capacity 386K, committed 512K, reserved 1048576K
Heap after GC invocations=426 (full 26):
 PSYoungGen      total 89600K, used 12800K [0x00000007b9c00000, 0x00000007c0000000, 0x00000007c0000000)
  eden space 76800K, 0% used [0x00000007b9c00000,0x00000007b9c00000,0x00000007be700000)
  from space 12800K, 100% used [0x00000007bf380000,0x00000007c0000000,0x00000007c0000000)
  to   space 12800K, 0% used [0x00000007be700000,0x00000007be700000,0x00000007bf380000)
 ParOldGen       total 519680K, used 197168K [0x00000006c1800000, 0x00000006e1380000, 0x00000007b9c00000)
  object space 519680K, 37% used [0x00000006c1800000,0x00000006cd88c000,0x00000006e1380000)
 Metaspace       used 2707K, capacity 4486K, committed 4864K, reserved 1056768K
  class space    used 302K, capacity 386K, committed 512K, reserved 1048576K
}
{Heap before GC invocations=427 (full 26):
 PSYoungGen      total 89600K, used 89600K [0x00000007b9c00000, 0x00000007c0000000, 0x00000007c0000000)
  eden space 76800K, 100% used [0x00000007b9c00000,0x00000007be700000,0x00000007be700000)
  from space 12800K, 100% used [0x00000007bf380000,0x00000007c0000000,0x00000007c0000000)
  to   space 12800K, 0% used [0x00000007be700000,0x00000007be700000,0x00000007bf380000)
 ParOldGen       total 519680K, used 197168K [0x00000006c1800000, 0x00000006e1380000, 0x00000007b9c00000)
  object space 519680K, 37% used [0x00000006c1800000,0x00000006cd88c000,0x00000006e1380000)
 Metaspace       used 2707K, capacity 4486K, committed 4864K, reserved 1056768K
  class space    used 302K, capacity 386K, committed 512K, reserved 1048576K
Heap after GC invocations=427 (full 26):
 PSYoungGen      total 89600K, used 12800K [0x00000007b9c00000, 0x00000007c0000000, 0x00000007c0000000)
  eden space 76800K, 0% used [0x00000007b9c00000,0x00000007b9c00000,0x00000007be700000)
  from space 12800K, 100% used [0x00000007be700000,0x00000007bf380000,0x00000007bf380000)
  to   space 12800K, 0% used [0x00000007bf380000,0x00000007bf380000,0x00000007c0000000)
 ParOldGen       total 519680K, used 217328K [0x00000006c1800000, 0x00000006e1380000, 0x00000007b9c00000)
  object space 519680K, 41% used [0x00000006c1800000,0x00000006cec3c000,0x00000006e1380000)
 Metaspace       used 2707K, capacity 4486K, committed 4864K, reserved 1056768K
  class space    used 302K, capacity 386K, committed 512K, reserved 1048576K
}
{Heap before GC invocations=428 (full 26):
 PSYoungGen      total 89600K, used 89600K [0x00000007b9c00000, 0x00000007c0000000, 0x00000007c0000000)
  eden space 76800K, 100% used [0x00000007b9c00000,0x00000007be700000,0x00000007be700000)
  from space 12800K, 100% used [0x00000007be700000,0x00000007bf380000,0x00000007bf380000)
  to   space 12800K, 0% used [0x00000007bf380000,0x00000007bf380000,0x00000007c0000000)
 ParOldGen       total 519680K, used 217328K [0x00000006c1800000, 0x00000006e1380000, 0x00000007b9c00000)
  object space 519680K, 41% used [0x00000006c1800000,0x00000006cec3c000,0x00000006e1380000)
 Metaspace       used 2707K, capacity 4486K, committed 4864K, reserved 1056768K
  class space    used 302K, capacity 386K, committed 512K, reserved 1048576K
Heap after GC invocations=428 (full 26):
 PSYoungGen      total 89600K, used 12800K [0x00000007b9c00000, 0x00000007c0000000, 0x00000007c0000000)
  eden space 76800K, 0% used [0x00000007b9c00000,0x00000007b9c00000,0x00000007be700000)
  from space 12800K, 100% used [0x00000007bf380000,0x00000007c0000000,0x00000007c0000000)
  to   space 12800K, 0% used [0x00000007be700000,0x00000007be700000,0x00000007bf380000)
 ParOldGen       total 519680K, used 237496K [0x00000006c1800000, 0x00000006e1380000, 0x00000007b9c00000)
  object space 519680K, 45% used [0x00000006c1800000,0x00000006cffee000,0x00000006e1380000)
 Metaspace       used 2707K, capacity 4486K, committed 4864K, reserved 1056768K
  class space    used 302K, capacity 386K, committed 512K, reserved 1048576K
}
{Heap before GC invocations=429 (full 26):
 PSYoungGen      total 89600K, used 89600K [0x00000007b9c00000, 0x00000007c0000000, 0x00000007c0000000)
  eden space 76800K, 100% used [0x00000007b9c00000,0x00000007be700000,0x00000007be700000)
  from space 12800K, 100% used [0x00000007bf380000,0x00000007c0000000,0x00000007c0000000)
  to   space 12800K, 0% used [0x00000007be700000,0x00000007be700000,0x00000007bf380000)
 ParOldGen       total 519680K, used 237496K [0x00000006c1800000, 0x00000006e1380000, 0x00000007b9c00000)
  object space 519680K, 45% used [0x00000006c1800000,0x00000006cffee000,0x00000006e1380000)
 Metaspace       used 2707K, capacity 4486K, committed 4864K, reserved 1056768K
  class space    used 302K, capacity 386K, committed 512K, reserved 1048576K
Heap after GC invocations=429 (full 26):
 PSYoungGen      total 89600K, used 12800K [0x00000007b9c00000, 0x00000007c0000000, 0x00000007c0000000)
  eden space 76800K, 0% used [0x00000007b9c00000,0x00000007b9c00000,0x00000007be700000)
  from space 12800K, 100% used [0x00000007be700000,0x00000007bf380000,0x00000007bf380000)
  to   space 12800K, 0% used [0x00000007bf380000,0x00000007bf380000,0x00000007c0000000)
 ParOldGen       total 519680K, used 257664K [0x00000006c1800000, 0x00000006e1380000, 0x00000007b9c00000)
  object space 519680K, 49% used [0x00000006c1800000,0x00000006d13a0000,0x00000006e1380000)
 Metaspace       used 2707K, capacity 4486K, committed 4864K, reserved 1056768K
  class space    used 302K, capacity 386K, committed 512K, reserved 1048576K
}
{Heap before GC invocations=430 (full 26):
 PSYoungGen      total 89600K, used 89600K [0x00000007b9c00000, 0x00000007c0000000, 0x00000007c0000000)
  eden space 76800K, 100% used [0x00000007b9c00000,0x00000007be700000,0x00000007be700000)
  from space 12800K, 100% used [0x00000007be700000,0x00000007bf380000,0x00000007bf380000)
  to   space 12800K, 0% used [0x00000007bf380000,0x00000007bf380000,0x00000007c0000000)
 ParOldGen       total 519680K, used 257664K [0x00000006c1800000, 0x00000006e1380000, 0x00000007b9c00000)
  object space 519680K, 49% used [0x00000006c1800000,0x00000006d13a0000,0x00000006e1380000)
 Metaspace       used 2707K, capacity 4486K, committed 4864K, reserved 1056768K
  class space    used 302K, capacity 386K, committed 512K, reserved 1048576K
Heap after GC invocations=430 (full 26):
 PSYoungGen      total 89600K, used 12800K [0x00000007b9c00000, 0x00000007c0000000, 0x00000007c0000000)
  eden space 76800K, 0% used [0x00000007b9c00000,0x00000007b9c00000,0x00000007be700000)
  from space 12800K, 100% used [0x00000007bf380000,0x00000007c0000000,0x00000007c0000000)
  to   space 12800K, 0% used [0x00000007be700000,0x00000007be700000,0x00000007bf380000)
 ParOldGen       total 519680K, used 277840K [0x00000006c1800000, 0x00000006e1380000, 0x00000007b9c00000)
  object space 519680K, 53% used [0x00000006c1800000,0x00000006d2754000,0x00000006e1380000)
 Metaspace       used 2707K, capacity 4486K, committed 4864K, reserved 1056768K
  class space    used 302K, capacity 386K, committed 512K, reserved 1048576K
}
{Heap before GC invocations=431 (full 26):
 PSYoungGen      total 89600K, used 89600K [0x00000007b9c00000, 0x00000007c0000000, 0x00000007c0000000)
  eden space 76800K, 100% used [0x00000007b9c00000,0x00000007be700000,0x00000007be700000)
  from space 12800K, 100% used [0x00000007bf380000,0x00000007c0000000,0x00000007c0000000)
  to   space 12800K, 0% used [0x00000007be700000,0x00000007be700000,0x00000007bf380000)
 ParOldGen       total 519680K, used 277840K [0x00000006c1800000, 0x00000006e1380000, 0x00000007b9c00000)
  object space 519680K, 53% used [0x00000006c1800000,0x00000006d2754000,0x00000006e1380000)
 Metaspace       used 2707K, capacity 4486K, committed 4864K, reserved 1056768K
  class space    used 302K, capacity 386K, committed 512K, reserved 1048576K
Heap after GC invocations=431 (full 26):
 PSYoungGen      total 89600K, used 12800K [0x00000007b9c00000, 0x00000007c0000000, 0x00000007c0000000)
  eden space 76800K, 0% used [0x00000007b9c00000,0x00000007b9c00000,0x00000007be700000)
  from space 12800K, 100% used [0x00000007be700000,0x00000007bf380000,0x00000007bf380000)
  to   space 12800K, 0% used [0x00000007bf380000,0x00000007bf380000,0x00000007c0000000)
 ParOldGen       total 519680K, used 298008K [0x00000006c1800000, 0x00000006e1380000, 0x00000007b9c00000)
  object space 519680K, 57% used [0x00000006c1800000,0x00000006d3b06000,0x00000006e1380000)
 Metaspace       used 2707K, capacity 4486K, committed 4864K, reserved 1056768K
  class space    used 302K, capacity 386K, committed 512K, reserved 1048576K
}
{Heap before GC invocations=432 (full 26):
 PSYoungGen      total 89600K, used 89600K [0x00000007b9c00000, 0x00000007c0000000, 0x00000007c0000000)
  eden space 76800K, 100% used [0x00000007b9c00000,0x00000007be700000,0x00000007be700000)
  from space 12800K, 100% used [0x00000007be700000,0x00000007bf380000,0x00000007bf380000)
  to   space 12800K, 0% used [0x00000007bf380000,0x00000007bf380000,0x00000007c0000000)
 ParOldGen       total 519680K, used 298008K [0x00000006c1800000, 0x00000006e1380000, 0x00000007b9c00000)
  object space 519680K, 57% used [0x00000006c1800000,0x00000006d3b06000,0x00000006e1380000)
 Metaspace       used 2707K, capacity 4486K, committed 4864K, reserved 1056768K
  class space    used 302K, capacity 386K, committed 512K, reserved 1048576K
Heap after GC invocations=432 (full 26):
 PSYoungGen      total 89600K, used 12800K [0x00000007b9c00000, 0x00000007c0000000, 0x00000007c0000000)
  eden space 76800K, 0% used [0x00000007b9c00000,0x00000007b9c00000,0x00000007be700000)
  from space 12800K, 100% used [0x00000007bf380000,0x00000007c0000000,0x00000007c0000000)
  to   space 12800K, 0% used [0x00000007be700000,0x00000007be700000,0x00000007bf380000)
 ParOldGen       total 519680K, used 318176K [0x00000006c1800000, 0x00000006e1380000, 0x00000007b9c00000)
  object space 519680K, 61% used [0x00000006c1800000,0x00000006d4eb8000,0x00000006e1380000)
 Metaspace       used 2707K, capacity 4486K, committed 4864K, reserved 1056768K
  class space    used 302K, capacity 386K, committed 512K, reserved 1048576K
}
{Heap before GC invocations=433 (full 26):
 PSYoungGen      total 89600K, used 89600K [0x00000007b9c00000, 0x00000007c0000000, 0x00000007c0000000)
  eden space 76800K, 100% used [0x00000007b9c00000,0x00000007be700000,0x00000007be700000)
  from space 12800K, 100% used [0x00000007bf380000,0x00000007c0000000,0x00000007c0000000)
  to   space 12800K, 0% used [0x00000007be700000,0x00000007be700000,0x00000007bf380000)
 ParOldGen       total 519680K, used 318176K [0x00000006c1800000, 0x00000006e1380000, 0x00000007b9c00000)
  object space 519680K, 61% used [0x00000006c1800000,0x00000006d4eb8000,0x00000006e1380000)
 Metaspace       used 2707K, capacity 4486K, committed 4864K, reserved 1056768K
  class space    used 302K, capacity 386K, committed 512K, reserved 1048576K
Heap after GC invocations=433 (full 26):
 PSYoungGen      total 89600K, used 12800K [0x00000007b9c00000, 0x00000007c0000000, 0x00000007c0000000)
  eden space 76800K, 0% used [0x00000007b9c00000,0x00000007b9c00000,0x00000007be700000)
  from space 12800K, 100% used [0x00000007be700000,0x00000007bf380000,0x00000007bf380000)
  to   space 12800K, 0% used [0x00000007bf380000,0x00000007bf380000,0x00000007c0000000)
 ParOldGen       total 519680K, used 338336K [0x00000006c1800000, 0x00000006e1380000, 0x00000007b9c00000)
  object space 519680K, 65% used [0x00000006c1800000,0x00000006d6268000,0x00000006e1380000)
 Metaspace       used 2707K, capacity 4486K, committed 4864K, reserved 1056768K
  class space    used 302K, capacity 386K, committed 512K, reserved 1048576K
}
{Heap before GC invocations=434 (full 26):
 PSYoungGen      total 89600K, used 89600K [0x00000007b9c00000, 0x00000007c0000000, 0x00000007c0000000)
  eden space 76800K, 100% used [0x00000007b9c00000,0x00000007be700000,0x00000007be700000)
  from space 12800K, 100% used [0x00000007be700000,0x00000007bf380000,0x00000007bf380000)
  to   space 12800K, 0% used [0x00000007bf380000,0x00000007bf380000,0x00000007c0000000)
 ParOldGen       total 519680K, used 338336K [0x00000006c1800000, 0x00000006e1380000, 0x00000007b9c00000)
  object space 519680K, 65% used [0x00000006c1800000,0x00000006d6268000,0x00000006e1380000)
 Metaspace       used 2707K, capacity 4486K, committed 4864K, reserved 1056768K
  class space    used 302K, capacity 386K, committed 512K, reserved 1048576K
Heap after GC invocations=434 (full 26):
 PSYoungGen      total 89600K, used 12800K [0x00000007b9c00000, 0x00000007c0000000, 0x00000007c0000000)
  eden space 76800K, 0% used [0x00000007b9c00000,0x00000007b9c00000,0x00000007be700000)
  from space 12800K, 100% used [0x00000007bf380000,0x00000007c0000000,0x00000007c0000000)
  to   space 12800K, 0% used [0x00000007be700000,0x00000007be700000,0x00000007bf380000)
 ParOldGen       total 519680K, used 358504K [0x00000006c1800000, 0x00000006e1380000, 0x00000007b9c00000)
  object space 519680K, 68% used [0x00000006c1800000,0x00000006d761a000,0x00000006e1380000)
 Metaspace       used 2707K, capacity 4486K, committed 4864K, reserved 1056768K
  class space    used 302K, capacity 386K, committed 512K, reserved 1048576K
}
{Heap before GC invocations=435 (full 26):
 PSYoungGen      total 89600K, used 89600K [0x00000007b9c00000, 0x00000007c0000000, 0x00000007c0000000)
  eden space 76800K, 100% used [0x00000007b9c00000,0x00000007be700000,0x00000007be700000)
  from space 12800K, 100% used [0x00000007bf380000,0x00000007c0000000,0x00000007c0000000)
  to   space 12800K, 0% used [0x00000007be700000,0x00000007be700000,0x00000007bf380000)
 ParOldGen       total 519680K, used 358504K [0x00000006c1800000, 0x00000006e1380000, 0x00000007b9c00000)
  object space 519680K, 68% used [0x00000006c1800000,0x00000006d761a000,0x00000006e1380000)
 Metaspace       used 2707K, capacity 4486K, committed 4864K, reserved 1056768K
  class space    used 302K, capacity 386K, committed 512K, reserved 1048576K
Heap after GC invocations=435 (full 26):
 PSYoungGen      total 89600K, used 12800K [0x00000007b9c00000, 0x00000007c0000000, 0x00000007c0000000)
  eden space 76800K, 0% used [0x00000007b9c00000,0x00000007b9c00000,0x00000007be700000)
  from space 12800K, 100% used [0x00000007be700000,0x00000007bf380000,0x00000007bf380000)
  to   space 12800K, 0% used [0x00000007bf380000,0x00000007bf380000,0x00000007c0000000)
 ParOldGen       total 519680K, used 378680K [0x00000006c1800000, 0x00000006e1380000, 0x00000007b9c00000)
  object space 519680K, 72% used [0x00000006c1800000,0x00000006d89ce000,0x00000006e1380000)
 Metaspace       used 2707K, capacity 4486K, committed 4864K, reserved 1056768K
  class space    used 302K, capacity 386K, committed 512K, reserved 1048576K
}
{Heap before GC invocations=436 (full 26):
 PSYoungGen      total 89600K, used 89600K [0x00000007b9c00000, 0x00000007c0000000, 0x00000007c0000000)
  eden space 76800K, 100% used [0x00000007b9c00000,0x00000007be700000,0x00000007be700000)
  from space 12800K, 100% used [0x00000007be700000,0x00000007bf380000,0x00000007bf380000)
  to   space 12800K, 0% used [0x00000007bf380000,0x00000007bf380000,0x00000007c0000000)
 ParOldGen       total 519680K, used 378680K [0x00000006c1800000, 0x00000006e1380000, 0x00000007b9c00000)
  object space 519680K, 72% used [0x00000006c1800000,0x00000006d89ce000,0x00000006e1380000)
 Metaspace       used 2707K, capacity 4486K, committed 4864K, reserved 1056768K
  class space    used 302K, capacity 386K, committed 512K, reserved 1048576K
Heap after GC invocations=436 (full 26):
 PSYoungGen      total 89600K, used 12800K [0x00000007b9c00000, 0x00000007c0000000, 0x00000007c0000000)
  eden space 76800K, 0% used [0x00000007b9c00000,0x00000007b9c00000,0x00000007be700000)
  from space 12800K, 100% used [0x00000007bf380000,0x00000007c0000000,0x00000007c0000000)
  to   space 12800K, 0% used [0x00000007be700000,0x00000007be700000,0x00000007bf380000)
 ParOldGen       total 519680K, used 398840K [0x00000006c1800000, 0x00000006e1380000, 0x00000007b9c00000)
  object space 519680K, 76% used [0x00000006c1800000,0x00000006d9d7e000,0x00000006e1380000)
 Metaspace       used 2707K, capacity 4486K, committed 4864K, reserved 1056768K
  class space    used 302K, capacity 386K, committed 512K, reserved 1048576K
}
{Heap before GC invocations=437 (full 26):
 PSYoungGen      total 89600K, used 89600K [0x00000007b9c00000, 0x00000007c0000000, 0x00000007c0000000)
  eden space 76800K, 100% used [0x00000007b9c00000,0x00000007be700000,0x00000007be700000)
  from space 12800K, 100% used [0x00000007bf380000,0x00000007c0000000,0x00000007c0000000)
  to   space 12800K, 0% used [0x00000007be700000,0x00000007be700000,0x00000007bf380000)
 ParOldGen       total 519680K, used 398840K [0x00000006c1800000, 0x00000006e1380000, 0x00000007b9c00000)
  object space 519680K, 76% used [0x00000006c1800000,0x00000006d9d7e000,0x00000006e1380000)
 Metaspace       used 2707K, capacity 4486K, committed 4864K, reserved 1056768K
  class space    used 302K, capacity 386K, committed 512K, reserved 1048576K
Heap after GC invocations=437 (full 26):
 PSYoungGen      total 89600K, used 12800K [0x00000007b9c00000, 0x00000007c0000000, 0x00000007c0000000)
  eden space 76800K, 0% used [0x00000007b9c00000,0x00000007b9c00000,0x00000007be700000)
  from space 12800K, 100% used [0x00000007be700000,0x00000007bf380000,0x00000007bf380000)
  to   space 12800K, 0% used [0x00000007bf380000,0x00000007bf380000,0x00000007c0000000)
 ParOldGen       total 519680K, used 419008K [0x00000006c1800000, 0x00000006e1380000, 0x00000007b9c00000)
  object space 519680K, 80% used [0x00000006c1800000,0x00000006db130000,0x00000006e1380000)
 Metaspace       used 2707K, capacity 4486K, committed 4864K, reserved 1056768K
  class space    used 302K, capacity 386K, committed 512K, reserved 1048576K
}
{Heap before GC invocations=438 (full 26):
 PSYoungGen      total 89600K, used 89600K [0x00000007b9c00000, 0x00000007c0000000, 0x00000007c0000000)
  eden space 76800K, 100% used [0x00000007b9c00000,0x00000007be700000,0x00000007be700000)
  from space 12800K, 100% used [0x00000007be700000,0x00000007bf380000,0x00000007bf380000)
  to   space 12800K, 0% used [0x00000007bf380000,0x00000007bf380000,0x00000007c0000000)
 ParOldGen       total 519680K, used 419008K [0x00000006c1800000, 0x00000006e1380000, 0x00000007b9c00000)
  object space 519680K, 80% used [0x00000006c1800000,0x00000006db130000,0x00000006e1380000)
 Metaspace       used 2707K, capacity 4486K, committed 4864K, reserved 1056768K
  class space    used 302K, capacity 386K, committed 512K, reserved 1048576K
Heap after GC invocations=438 (full 26):
 PSYoungGen      total 89600K, used 12800K [0x00000007b9c00000, 0x00000007c0000000, 0x00000007c0000000)
  eden space 76800K, 0% used [0x00000007b9c00000,0x00000007b9c00000,0x00000007be700000)
  from space 12800K, 100% used [0x00000007bf380000,0x00000007c0000000,0x00000007c0000000)
  to   space 12800K, 0% used [0x00000007be700000,0x00000007be700000,0x00000007bf380000)
 ParOldGen       total 519680K, used 439168K [0x00000006c1800000, 0x00000006e1380000, 0x00000007b9c00000)
  object space 519680K, 84% used [0x00000006c1800000,0x00000006dc4e0000,0x00000006e1380000)
 Metaspace       used 2707K, capacity 4486K, committed 4864K, reserved 1056768K
  class space    used 302K, capacity 386K, committed 512K, reserved 1048576K
}
{Heap before GC invocations=439 (full 26):
 PSYoungGen      total 89600K, used 89600K [0x00000007b9c00000, 0x00000007c0000000, 0x00000007c0000000)
  eden space 76800K, 100% used [0x00000007b9c00000,0x00000007be700000,0x00000007be700000)
  from space 12800K, 100% used [0x00000007bf380000,0x00000007c0000000,0x00000007c0000000)
  to   space 12800K, 0% used [0x00000007be700000,0x00000007be700000,0x00000007bf380000)
 ParOldGen       total 519680K, used 439168K [0x00000006c1800000, 0x00000006e1380000, 0x00000007b9c00000)
  object space 519680K, 84% used [0x00000006c1800000,0x00000006dc4e0000,0x00000006e1380000)
 Metaspace       used 2707K, capacity 4486K, committed 4864K, reserved 1056768K
  class space    used 302K, capacity 386K, committed 512K, reserved 1048576K
Heap after GC invocations=439 (full 26):
 PSYoungGen      total 89600K, used 12800K [0x00000007b9c00000, 0x00000007c0000000, 0x00000007c0000000)
  eden space 76800K, 0% used [0x00000007b9c00000,0x00000007b9c00000,0x00000007be700000)
  from space 12800K, 100% used [0x00000007be700000,0x00000007bf380000,0x00000007bf380000)
  to   space 12800K, 0% used [0x00000007bf380000,0x00000007bf380000,0x00000007c0000000)
 ParOldGen       total 519680K, used 459336K [0x00000006c1800000, 0x00000006e1380000, 0x00000007b9c00000)
  object space 519680K, 88% used [0x00000006c1800000,0x00000006dd892000,0x00000006e1380000)
 Metaspace       used 2707K, capacity 4486K, committed 4864K, reserved 1056768K
  class space    used 302K, capacity 386K, committed 512K, reserved 1048576K
}
{Heap before GC invocations=440 (full 26):
 PSYoungGen      total 89600K, used 89600K [0x00000007b9c00000, 0x00000007c0000000, 0x00000007c0000000)
  eden space 76800K, 100% used [0x00000007b9c00000,0x00000007be700000,0x00000007be700000)
  from space 12800K, 100% used [0x00000007be700000,0x00000007bf380000,0x00000007bf380000)
  to   space 12800K, 0% used [0x00000007bf380000,0x00000007bf380000,0x00000007c0000000)
 ParOldGen       total 519680K, used 459336K [0x00000006c1800000, 0x00000006e1380000, 0x00000007b9c00000)
  object space 519680K, 88% used [0x00000006c1800000,0x00000006dd892000,0x00000006e1380000)
 Metaspace       used 2707K, capacity 4486K, committed 4864K, reserved 1056768K
  class space    used 302K, capacity 386K, committed 512K, reserved 1048576K
Heap after GC invocations=440 (full 26):
 PSYoungGen      total 89600K, used 12800K [0x00000007b9c00000, 0x00000007c0000000, 0x00000007c0000000)
  eden space 76800K, 0% used [0x00000007b9c00000,0x00000007b9c00000,0x00000007be700000)
  from space 12800K, 100% used [0x00000007bf380000,0x00000007c0000000,0x00000007c0000000)
  to   space 12800K, 0% used [0x00000007be700000,0x00000007be700000,0x00000007bf380000)
 ParOldGen       total 519680K, used 479496K [0x00000006c1800000, 0x00000006e1380000, 0x00000007b9c00000)
  object space 519680K, 92% used [0x00000006c1800000,0x00000006dec42000,0x00000006e1380000)
 Metaspace       used 2707K, capacity 4486K, committed 4864K, reserved 1056768K
  class space    used 302K, capacity 386K, committed 512K, reserved 1048576K
}
{Heap before GC invocations=441 (full 26):
 PSYoungGen      total 89600K, used 89600K [0x00000007b9c00000, 0x00000007c0000000, 0x00000007c0000000)
  eden space 76800K, 100% used [0x00000007b9c00000,0x00000007be700000,0x00000007be700000)
  from space 12800K, 100% used [0x00000007bf380000,0x00000007c0000000,0x00000007c0000000)
  to   space 12800K, 0% used [0x00000007be700000,0x00000007be700000,0x00000007bf380000)
 ParOldGen       total 519680K, used 479496K [0x00000006c1800000, 0x00000006e1380000, 0x00000007b9c00000)
  object space 519680K, 92% used [0x00000006c1800000,0x00000006dec42000,0x00000006e1380000)
 Metaspace       used 2707K, capacity 4486K, committed 4864K, reserved 1056768K
  class space    used 302K, capacity 386K, committed 512K, reserved 1048576K
Heap after GC invocations=441 (full 26):
 PSYoungGen      total 89600K, used 12800K [0x00000007b9c00000, 0x00000007c0000000, 0x00000007c0000000)
  eden space 76800K, 0% used [0x00000007b9c00000,0x00000007b9c00000,0x00000007be700000)
  from space 12800K, 100% used [0x00000007be700000,0x00000007bf380000,0x00000007bf380000)
  to   space 12800K, 0% used [0x00000007bf380000,0x00000007bf380000,0x00000007c0000000)
 ParOldGen       total 519680K, used 499664K [0x00000006c1800000, 0x00000006e1380000, 0x00000007b9c00000)
  object space 519680K, 96% used [0x00000006c1800000,0x00000006dfff4000,0x00000006e1380000)
 Metaspace       used 2707K, capacity 4486K, committed 4864K, reserved 1056768K
  class space    used 302K, capacity 386K, committed 512K, reserved 1048576K
}
{Heap before GC invocations=442 (full 27):
 PSYoungGen      total 89600K, used 12800K [0x00000007b9c00000, 0x00000007c0000000, 0x00000007c0000000)
  eden space 76800K, 0% used [0x00000007b9c00000,0x00000007b9c00000,0x00000007be700000)
  from space 12800K, 100% used [0x00000007be700000,0x00000007bf380000,0x00000007bf380000)
  to   space 12800K, 0% used [0x00000007bf380000,0x00000007bf380000,0x00000007c0000000)
 ParOldGen       total 519680K, used 499664K [0x00000006c1800000, 0x00000006e1380000, 0x00000007b9c00000)
  object space 519680K, 96% used [0x00000006c1800000,0x00000006dfff4000,0x00000006e1380000)
 Metaspace       used 2707K, capacity 4486K, committed 4864K, reserved 1056768K
  class space    used 302K, capacity 386K, committed 512K, reserved 1048576K
Heap after GC invocations=442 (full 27):
 PSYoungGen      total 89600K, used 0K [0x00000007b9c00000, 0x00000007c0000000, 0x00000007c0000000)
  eden space 76800K, 0% used [0x00000007b9c00000,0x00000007b9c00000,0x00000007be700000)
  from space 12800K, 0% used [0x00000007be700000,0x00000007be700000,0x00000007bf380000)
  to   space 12800K, 0% used [0x00000007bf380000,0x00000007bf380000,0x00000007c0000000)
 ParOldGen       total 531456K, used 35840K [0x00000006c1800000, 0x00000006e1f00000, 0x00000007b9c00000)
  object space 531456K, 6% used [0x00000006c1800000,0x00000006c3b00000,0x00000006e1f00000)
 Metaspace       used 2707K, capacity 4486K, committed 4864K, reserved 1056768K
  class space    used 302K, capacity 386K, committed 512K, reserved 1048576K
}
{Heap before GC invocations=443 (full 27):
 PSYoungGen      total 89600K, used 76800K [0x00000007b9c00000, 0x00000007c0000000, 0x00000007c0000000)
  eden space 76800K, 100% used [0x00000007b9c00000,0x00000007be700000,0x00000007be700000)
  from space 12800K, 0% used [0x00000007be700000,0x00000007be700000,0x00000007bf380000)
  to   space 12800K, 0% used [0x00000007bf380000,0x00000007bf380000,0x00000007c0000000)
 ParOldGen       total 531456K, used 35840K [0x00000006c1800000, 0x00000006e1f00000, 0x00000007b9c00000)
  object space 531456K, 6% used [0x00000006c1800000,0x00000006c3b00000,0x00000006e1f00000)
 Metaspace       used 2707K, capacity 4486K, committed 4864K, reserved 1056768K
  class space    used 302K, capacity 386K, committed 512K, reserved 1048576K
Heap after GC invocations=443 (full 27):
 PSYoungGen      total 89600K, used 12800K [0x00000007b9c00000, 0x00000007c0000000, 0x00000007c0000000)
  eden space 76800K, 0% used [0x00000007b9c00000,0x00000007b9c00000,0x00000007be700000)
  from space 12800K, 100% used [0x00000007bf380000,0x00000007c0000000,0x00000007c0000000)
  to   space 12800K, 0% used [0x00000007be700000,0x00000007be700000,0x00000007bf380000)
 ParOldGen       total 531456K, used 56008K [0x00000006c1800000, 0x00000006e1f00000, 0x00000007b9c00000)
  object space 531456K, 10% used [0x00000006c1800000,0x00000006c4eb2000,0x00000006e1f00000)
 Metaspace       used 2707K, capacity 4486K, committed 4864K, reserved 1056768K
  class space    used 302K, capacity 386K, committed 512K, reserved 1048576K
}
{Heap before GC invocations=444 (full 27):
 PSYoungGen      total 89600K, used 89600K [0x00000007b9c00000, 0x00000007c0000000, 0x00000007c0000000)
  eden space 76800K, 100% used [0x00000007b9c00000,0x00000007be700000,0x00000007be700000)
  from space 12800K, 100% used [0x00000007bf380000,0x00000007c0000000,0x00000007c0000000)
  to   space 12800K, 0% used [0x00000007be700000,0x00000007be700000,0x00000007bf380000)
 ParOldGen       total 531456K, used 56008K [0x00000006c1800000, 0x00000006e1f00000, 0x00000007b9c00000)
  object space 531456K, 10% used [0x00000006c1800000,0x00000006c4eb2000,0x00000006e1f00000)
 Metaspace       used 2707K, capacity 4486K, committed 4864K, reserved 1056768K
  class space    used 302K, capacity 386K, committed 512K, reserved 1048576K
Heap after GC invocations=444 (full 27):
 PSYoungGen      total 89600K, used 12800K [0x00000007b9c00000, 0x00000007c0000000, 0x00000007c0000000)
  eden space 76800K, 0% used [0x00000007b9c00000,0x00000007b9c00000,0x00000007be700000)
  from space 12800K, 100% used [0x00000007be700000,0x00000007bf380000,0x00000007bf380000)
  to   space 12800K, 0% used [0x00000007bf380000,0x00000007bf380000,0x00000007c0000000)
 ParOldGen       total 531456K, used 76176K [0x00000006c1800000, 0x00000006e1f00000, 0x00000007b9c00000)
  object space 531456K, 14% used [0x00000006c1800000,0x00000006c6264000,0x00000006e1f00000)
 Metaspace       used 2707K, capacity 4486K, committed 4864K, reserved 1056768K
  class space    used 302K, capacity 386K, committed 512K, reserved 1048576K
}
{Heap before GC invocations=445 (full 27):
 PSYoungGen      total 89600K, used 89600K [0x00000007b9c00000, 0x00000007c0000000, 0x00000007c0000000)
  eden space 76800K, 100% used [0x00000007b9c00000,0x00000007be700000,0x00000007be700000)
  from space 12800K, 100% used [0x00000007be700000,0x00000007bf380000,0x00000007bf380000)
  to   space 12800K, 0% used [0x00000007bf380000,0x00000007bf380000,0x00000007c0000000)
 ParOldGen       total 531456K, used 76176K [0x00000006c1800000, 0x00000006e1f00000, 0x00000007b9c00000)
  object space 531456K, 14% used [0x00000006c1800000,0x00000006c6264000,0x00000006e1f00000)
 Metaspace       used 2707K, capacity 4486K, committed 4864K, reserved 1056768K
  class space    used 302K, capacity 386K, committed 512K, reserved 1048576K
Heap after GC invocations=445 (full 27):
 PSYoungGen      total 89600K, used 12800K [0x00000007b9c00000, 0x00000007c0000000, 0x00000007c0000000)
  eden space 76800K, 0% used [0x00000007b9c00000,0x00000007b9c00000,0x00000007be700000)
  from space 12800K, 100% used [0x00000007bf380000,0x00000007c0000000,0x00000007c0000000)
  to   space 12800K, 0% used [0x00000007be700000,0x00000007be700000,0x00000007bf380000)
 ParOldGen       total 531456K, used 96336K [0x00000006c1800000, 0x00000006e1f00000, 0x00000007b9c00000)
  object space 531456K, 18% used [0x00000006c1800000,0x00000006c7614000,0x00000006e1f00000)
 Metaspace       used 2707K, capacity 4486K, committed 4864K, reserved 1056768K
  class space    used 302K, capacity 386K, committed 512K, reserved 1048576K
}
{Heap before GC invocations=446 (full 27):
 PSYoungGen      total 89600K, used 89600K [0x00000007b9c00000, 0x00000007c0000000, 0x00000007c0000000)
  eden space 76800K, 100% used [0x00000007b9c00000,0x00000007be700000,0x00000007be700000)
  from space 12800K, 100% used [0x00000007bf380000,0x00000007c0000000,0x00000007c0000000)
  to   space 12800K, 0% used [0x00000007be700000,0x00000007be700000,0x00000007bf380000)
 ParOldGen       total 531456K, used 96336K [0x00000006c1800000, 0x00000006e1f00000, 0x00000007b9c00000)
  object space 531456K, 18% used [0x00000006c1800000,0x00000006c7614000,0x00000006e1f00000)
 Metaspace       used 2707K, capacity 4486K, committed 4864K, reserved 1056768K
  class space    used 302K, capacity 386K, committed 512K, reserved 1048576K
Heap after GC invocations=446 (full 27):
 PSYoungGen      total 89600K, used 12800K [0x00000007b9c00000, 0x00000007c0000000, 0x00000007c0000000)
  eden space 76800K, 0% used [0x00000007b9c00000,0x00000007b9c00000,0x00000007be700000)
  from space 12800K, 100% used [0x00000007be700000,0x00000007bf380000,0x00000007bf380000)
  to   space 12800K, 0% used [0x00000007bf380000,0x00000007bf380000,0x00000007c0000000)
 ParOldGen       total 531456K, used 116504K [0x00000006c1800000, 0x00000006e1f00000, 0x00000007b9c00000)
  object space 531456K, 21% used [0x00000006c1800000,0x00000006c89c6000,0x00000006e1f00000)
 Metaspace       used 2707K, capacity 4486K, committed 4864K, reserved 1056768K
  class space    used 302K, capacity 386K, committed 512K, reserved 1048576K
}
{Heap before GC invocations=447 (full 27):
 PSYoungGen      total 89600K, used 89600K [0x00000007b9c00000, 0x00000007c0000000, 0x00000007c0000000)
  eden space 76800K, 100% used [0x00000007b9c00000,0x00000007be700000,0x00000007be700000)
  from space 12800K, 100% used [0x00000007be700000,0x00000007bf380000,0x00000007bf380000)
  to   space 12800K, 0% used [0x00000007bf380000,0x00000007bf380000,0x00000007c0000000)
 ParOldGen       total 531456K, used 116504K [0x00000006c1800000, 0x00000006e1f00000, 0x00000007b9c00000)
  object space 531456K, 21% used [0x00000006c1800000,0x00000006c89c6000,0x00000006e1f00000)
 Metaspace       used 2707K, capacity 4486K, committed 4864K, reserved 1056768K
  class space    used 302K, capacity 386K, committed 512K, reserved 1048576K
Heap after GC invocations=447 (full 27):
 PSYoungGen      total 89600K, used 12800K [0x00000007b9c00000, 0x00000007c0000000, 0x00000007c0000000)
  eden space 76800K, 0% used [0x00000007b9c00000,0x00000007b9c00000,0x00000007be700000)
  from space 12800K, 100% used [0x00000007bf380000,0x00000007c0000000,0x00000007c0000000)
  to   space 12800K, 0% used [0x00000007be700000,0x00000007be700000,0x00000007bf380000)
 ParOldGen       total 531456K, used 136664K [0x00000006c1800000, 0x00000006e1f00000, 0x00000007b9c00000)
  object space 531456K, 25% used [0x00000006c1800000,0x00000006c9d76000,0x00000006e1f00000)
 Metaspace       used 2707K, capacity 4486K, committed 4864K, reserved 1056768K
  class space    used 302K, capacity 386K, committed 512K, reserved 1048576K
}
{Heap before GC invocations=448 (full 27):
 PSYoungGen      total 89600K, used 89600K [0x00000007b9c00000, 0x00000007c0000000, 0x00000007c0000000)
  eden space 76800K, 100% used [0x00000007b9c00000,0x00000007be700000,0x00000007be700000)
  from space 12800K, 100% used [0x00000007bf380000,0x00000007c0000000,0x00000007c0000000)
  to   space 12800K, 0% used [0x00000007be700000,0x00000007be700000,0x00000007bf380000)
 ParOldGen       total 531456K, used 136664K [0x00000006c1800000, 0x00000006e1f00000, 0x00000007b9c00000)
  object space 531456K, 25% used [0x00000006c1800000,0x00000006c9d76000,0x00000006e1f00000)
 Metaspace       used 2707K, capacity 4486K, committed 4864K, reserved 1056768K
  class space    used 302K, capacity 386K, committed 512K, reserved 1048576K
Heap after GC invocations=448 (full 27):
 PSYoungGen      total 89600K, used 12800K [0x00000007b9c00000, 0x00000007c0000000, 0x00000007c0000000)
  eden space 76800K, 0% used [0x00000007b9c00000,0x00000007b9c00000,0x00000007be700000)
  from space 12800K, 100% used [0x00000007be700000,0x00000007bf380000,0x00000007bf380000)
  to   space 12800K, 0% used [0x00000007bf380000,0x00000007bf380000,0x00000007c0000000)
 ParOldGen       total 531456K, used 156824K [0x00000006c1800000, 0x00000006e1f00000, 0x00000007b9c00000)
  object space 531456K, 29% used [0x00000006c1800000,0x00000006cb126000,0x00000006e1f00000)
 Metaspace       used 2707K, capacity 4486K, committed 4864K, reserved 1056768K
  class space    used 302K, capacity 386K, committed 512K, reserved 1048576K
}
{Heap before GC invocations=449 (full 27):
 PSYoungGen      total 89600K, used 89600K [0x00000007b9c00000, 0x00000007c0000000, 0x00000007c0000000)
  eden space 76800K, 100% used [0x00000007b9c00000,0x00000007be700000,0x00000007be700000)
  from space 12800K, 100% used [0x00000007be700000,0x00000007bf380000,0x00000007bf380000)
  to   space 12800K, 0% used [0x00000007bf380000,0x00000007bf380000,0x00000007c0000000)
 ParOldGen       total 531456K, used 156824K [0x00000006c1800000, 0x00000006e1f00000, 0x00000007b9c00000)
  object space 531456K, 29% used [0x00000006c1800000,0x00000006cb126000,0x00000006e1f00000)
 Metaspace       used 2707K, capacity 4486K, committed 4864K, reserved 1056768K
  class space    used 302K, capacity 386K, committed 512K, reserved 1048576K
Heap after GC invocations=449 (full 27):
 PSYoungGen      total 89600K, used 12800K [0x00000007b9c00000, 0x00000007c0000000, 0x00000007c0000000)
  eden space 76800K, 0% used [0x00000007b9c00000,0x00000007b9c00000,0x00000007be700000)
  from space 12800K, 100% used [0x00000007bf380000,0x00000007c0000000,0x00000007c0000000)
  to   space 12800K, 0% used [0x00000007be700000,0x00000007be700000,0x00000007bf380000)
 ParOldGen       total 531456K, used 176984K [0x00000006c1800000, 0x00000006e1f00000, 0x00000007b9c00000)
  object space 531456K, 33% used [0x00000006c1800000,0x00000006cc4d6000,0x00000006e1f00000)
 Metaspace       used 2707K, capacity 4486K, committed 4864K, reserved 1056768K
  class space    used 302K, capacity 386K, committed 512K, reserved 1048576K
}
{Heap before GC invocations=450 (full 27):
 PSYoungGen      total 89600K, used 89600K [0x00000007b9c00000, 0x00000007c0000000, 0x00000007c0000000)
  eden space 76800K, 100% used [0x00000007b9c00000,0x00000007be700000,0x00000007be700000)
  from space 12800K, 100% used [0x00000007bf380000,0x00000007c0000000,0x00000007c0000000)
  to   space 12800K, 0% used [0x00000007be700000,0x00000007be700000,0x00000007bf380000)
 ParOldGen       total 531456K, used 176984K [0x00000006c1800000, 0x00000006e1f00000, 0x00000007b9c00000)
  object space 531456K, 33% used [0x00000006c1800000,0x00000006cc4d6000,0x00000006e1f00000)
 Metaspace       used 2707K, capacity 4486K, committed 4864K, reserved 1056768K
  class space    used 302K, capacity 386K, committed 512K, reserved 1048576K
Heap after GC invocations=450 (full 27):
 PSYoungGen      total 89600K, used 12800K [0x00000007b9c00000, 0x00000007c0000000, 0x00000007c0000000)
  eden space 76800K, 0% used [0x00000007b9c00000,0x00000007b9c00000,0x00000007be700000)
  from space 12800K, 100% used [0x00000007be700000,0x00000007bf380000,0x00000007bf380000)
  to   space 12800K, 0% used [0x00000007bf380000,0x00000007bf380000,0x00000007c0000000)
 ParOldGen       total 531456K, used 197152K [0x00000006c1800000, 0x00000006e1f00000, 0x00000007b9c00000)
  object space 531456K, 37% used [0x00000006c1800000,0x00000006cd888000,0x00000006e1f00000)
 Metaspace       used 2707K, capacity 4486K, committed 4864K, reserved 1056768K
  class space    used 302K, capacity 386K, committed 512K, reserved 1048576K
}
{Heap before GC invocations=451 (full 27):
 PSYoungGen      total 89600K, used 89600K [0x00000007b9c00000, 0x00000007c0000000, 0x00000007c0000000)
  eden space 76800K, 100% used [0x00000007b9c00000,0x00000007be700000,0x00000007be700000)
  from space 12800K, 100% used [0x00000007be700000,0x00000007bf380000,0x00000007bf380000)
  to   space 12800K, 0% used [0x00000007bf380000,0x00000007bf380000,0x00000007c0000000)
 ParOldGen       total 531456K, used 197152K [0x00000006c1800000, 0x00000006e1f00000, 0x00000007b9c00000)
  object space 531456K, 37% used [0x00000006c1800000,0x00000006cd888000,0x00000006e1f00000)
 Metaspace       used 2707K, capacity 4486K, committed 4864K, reserved 1056768K
  class space    used 302K, capacity 386K, committed 512K, reserved 1048576K
Heap after GC invocations=451 (full 27):
 PSYoungGen      total 89600K, used 12800K [0x00000007b9c00000, 0x00000007c0000000, 0x00000007c0000000)
  eden space 76800K, 0% used [0x00000007b9c00000,0x00000007b9c00000,0x00000007be700000)
  from space 12800K, 100% used [0x00000007bf380000,0x00000007c0000000,0x00000007c0000000)
  to   space 12800K, 0% used [0x00000007be700000,0x00000007be700000,0x00000007bf380000)
 ParOldGen       total 531456K, used 217320K [0x00000006c1800000, 0x00000006e1f00000, 0x00000007b9c00000)
  object space 531456K, 40% used [0x00000006c1800000,0x00000006cec3a000,0x00000006e1f00000)
 Metaspace       used 2707K, capacity 4486K, committed 4864K, reserved 1056768K
  class space    used 302K, capacity 386K, committed 512K, reserved 1048576K
}
{Heap before GC invocations=452 (full 27):
 PSYoungGen      total 89600K, used 89600K [0x00000007b9c00000, 0x00000007c0000000, 0x00000007c0000000)
  eden space 76800K, 100% used [0x00000007b9c00000,0x00000007be700000,0x00000007be700000)
  from space 12800K, 100% used [0x00000007bf380000,0x00000007c0000000,0x00000007c0000000)
  to   space 12800K, 0% used [0x00000007be700000,0x00000007be700000,0x00000007bf380000)
 ParOldGen       total 531456K, used 217320K [0x00000006c1800000, 0x00000006e1f00000, 0x00000007b9c00000)
  object space 531456K, 40% used [0x00000006c1800000,0x00000006cec3a000,0x00000006e1f00000)
 Metaspace       used 2707K, capacity 4486K, committed 4864K, reserved 1056768K
  class space    used 302K, capacity 386K, committed 512K, reserved 1048576K
Heap after GC invocations=452 (full 27):
 PSYoungGen      total 89600K, used 12800K [0x00000007b9c00000, 0x00000007c0000000, 0x00000007c0000000)
  eden space 76800K, 0% used [0x00000007b9c00000,0x00000007b9c00000,0x00000007be700000)
  from space 12800K, 100% used [0x00000007be700000,0x00000007bf380000,0x00000007bf380000)
  to   space 12800K, 0% used [0x00000007bf380000,0x00000007bf380000,0x00000007c0000000)
 ParOldGen       total 531456K, used 237488K [0x00000006c1800000, 0x00000006e1f00000, 0x00000007b9c00000)
  object space 531456K, 44% used [0x00000006c1800000,0x00000006cffec000,0x00000006e1f00000)
 Metaspace       used 2707K, capacity 4486K, committed 4864K, reserved 1056768K
  class space    used 302K, capacity 386K, committed 512K, reserved 1048576K
}
{Heap before GC invocations=453 (full 27):
 PSYoungGen      total 89600K, used 89600K [0x00000007b9c00000, 0x00000007c0000000, 0x00000007c0000000)
  eden space 76800K, 100% used [0x00000007b9c00000,0x00000007be700000,0x00000007be700000)
  from space 12800K, 100% used [0x00000007be700000,0x00000007bf380000,0x00000007bf380000)
  to   space 12800K, 0% used [0x00000007bf380000,0x00000007bf380000,0x00000007c0000000)
 ParOldGen       total 531456K, used 237488K [0x00000006c1800000, 0x00000006e1f00000, 0x00000007b9c00000)
  object space 531456K, 44% used [0x00000006c1800000,0x00000006cffec000,0x00000006e1f00000)
 Metaspace       used 2707K, capacity 4486K, committed 4864K, reserved 1056768K
  class space    used 302K, capacity 386K, committed 512K, reserved 1048576K
Heap after GC invocations=453 (full 27):
 PSYoungGen      total 89600K, used 12800K [0x00000007b9c00000, 0x00000007c0000000, 0x00000007c0000000)
  eden space 76800K, 0% used [0x00000007b9c00000,0x00000007b9c00000,0x00000007be700000)
  from space 12800K, 100% used [0x00000007bf380000,0x00000007c0000000,0x00000007c0000000)
  to   space 12800K, 0% used [0x00000007be700000,0x00000007be700000,0x00000007bf380000)
 ParOldGen       total 531456K, used 257648K [0x00000006c1800000, 0x00000006e1f00000, 0x00000007b9c00000)
  object space 531456K, 48% used [0x00000006c1800000,0x00000006d139c000,0x00000006e1f00000)
 Metaspace       used 2707K, capacity 4486K, committed 4864K, reserved 1056768K
  class space    used 302K, capacity 386K, committed 512K, reserved 1048576K
}
{Heap before GC invocations=454 (full 27):
 PSYoungGen      total 89600K, used 89600K [0x00000007b9c00000, 0x00000007c0000000, 0x00000007c0000000)
  eden space 76800K, 100% used [0x00000007b9c00000,0x00000007be700000,0x00000007be700000)
  from space 12800K, 100% used [0x00000007bf380000,0x00000007c0000000,0x00000007c0000000)
  to   space 12800K, 0% used [0x00000007be700000,0x00000007be700000,0x00000007bf380000)
 ParOldGen       total 531456K, used 257648K [0x00000006c1800000, 0x00000006e1f00000, 0x00000007b9c00000)
  object space 531456K, 48% used [0x00000006c1800000,0x00000006d139c000,0x00000006e1f00000)
 Metaspace       used 2707K, capacity 4486K, committed 4864K, reserved 1056768K
  class space    used 302K, capacity 386K, committed 512K, reserved 1048576K
Heap after GC invocations=454 (full 27):
 PSYoungGen      total 89600K, used 12800K [0x00000007b9c00000, 0x00000007c0000000, 0x00000007c0000000)
  eden space 76800K, 0% used [0x00000007b9c00000,0x00000007b9c00000,0x00000007be700000)
  from space 12800K, 100% used [0x00000007be700000,0x00000007bf380000,0x00000007bf380000)
  to   space 12800K, 0% used [0x00000007bf380000,0x00000007bf380000,0x00000007c0000000)
 ParOldGen       total 531456K, used 277816K [0x00000006c1800000, 0x00000006e1f00000, 0x00000007b9c00000)
  object space 531456K, 52% used [0x00000006c1800000,0x00000006d274e000,0x00000006e1f00000)
 Metaspace       used 2707K, capacity 4486K, committed 4864K, reserved 1056768K
  class space    used 302K, capacity 386K, committed 512K, reserved 1048576K
}
{Heap before GC invocations=455 (full 27):
 PSYoungGen      total 89600K, used 89600K [0x00000007b9c00000, 0x00000007c0000000, 0x00000007c0000000)
  eden space 76800K, 100% used [0x00000007b9c00000,0x00000007be700000,0x00000007be700000)
  from space 12800K, 100% used [0x00000007be700000,0x00000007bf380000,0x00000007bf380000)
  to   space 12800K, 0% used [0x00000007bf380000,0x00000007bf380000,0x00000007c0000000)
 ParOldGen       total 531456K, used 277816K [0x00000006c1800000, 0x00000006e1f00000, 0x00000007b9c00000)
  object space 531456K, 52% used [0x00000006c1800000,0x00000006d274e000,0x00000006e1f00000)
 Metaspace       used 2707K, capacity 4486K, committed 4864K, reserved 1056768K
  class space    used 302K, capacity 386K, committed 512K, reserved 1048576K
Heap after GC invocations=455 (full 27):
 PSYoungGen      total 89600K, used 12800K [0x00000007b9c00000, 0x00000007c0000000, 0x00000007c0000000)
  eden space 76800K, 0% used [0x00000007b9c00000,0x00000007b9c00000,0x00000007be700000)
  from space 12800K, 100% used [0x00000007bf380000,0x00000007c0000000,0x00000007c0000000)
  to   space 12800K, 0% used [0x00000007be700000,0x00000007be700000,0x00000007bf380000)
 ParOldGen       total 531456K, used 297984K [0x00000006c1800000, 0x00000006e1f00000, 0x00000007b9c00000)
  object space 531456K, 56% used [0x00000006c1800000,0x00000006d3b00000,0x00000006e1f00000)
 Metaspace       used 2707K, capacity 4486K, committed 4864K, reserved 1056768K
  class space    used 302K, capacity 386K, committed 512K, reserved 1048576K
}
{Heap before GC invocations=456 (full 27):
 PSYoungGen      total 89600K, used 89600K [0x00000007b9c00000, 0x00000007c0000000, 0x00000007c0000000)
  eden space 76800K, 100% used [0x00000007b9c00000,0x00000007be700000,0x00000007be700000)
  from space 12800K, 100% used [0x00000007bf380000,0x00000007c0000000,0x00000007c0000000)
  to   space 12800K, 0% used [0x00000007be700000,0x00000007be700000,0x00000007bf380000)
 ParOldGen       total 531456K, used 297984K [0x00000006c1800000, 0x00000006e1f00000, 0x00000007b9c00000)
  object space 531456K, 56% used [0x00000006c1800000,0x00000006d3b00000,0x00000006e1f00000)
 Metaspace       used 2707K, capacity 4486K, committed 4864K, reserved 1056768K
  class space    used 302K, capacity 386K, committed 512K, reserved 1048576K
Heap after GC invocations=456 (full 27):
 PSYoungGen      total 89600K, used 12800K [0x00000007b9c00000, 0x00000007c0000000, 0x00000007c0000000)
  eden space 76800K, 0% used [0x00000007b9c00000,0x00000007b9c00000,0x00000007be700000)
  from space 12800K, 100% used [0x00000007be700000,0x00000007bf380000,0x00000007bf380000)
  to   space 12800K, 0% used [0x00000007bf380000,0x00000007bf380000,0x00000007c0000000)
 ParOldGen       total 531456K, used 318144K [0x00000006c1800000, 0x00000006e1f00000, 0x00000007b9c00000)
  object space 531456K, 59% used [0x00000006c1800000,0x00000006d4eb0000,0x00000006e1f00000)
 Metaspace       used 2707K, capacity 4486K, committed 4864K, reserved 1056768K
  class space    used 302K, capacity 386K, committed 512K, reserved 1048576K
}
{Heap before GC invocations=457 (full 27):
 PSYoungGen      total 89600K, used 89600K [0x00000007b9c00000, 0x00000007c0000000, 0x00000007c0000000)
  eden space 76800K, 100% used [0x00000007b9c00000,0x00000007be700000,0x00000007be700000)
  from space 12800K, 100% used [0x00000007be700000,0x00000007bf380000,0x00000007bf380000)
  to   space 12800K, 0% used [0x00000007bf380000,0x00000007bf380000,0x00000007c0000000)
 ParOldGen       total 531456K, used 318144K [0x00000006c1800000, 0x00000006e1f00000, 0x00000007b9c00000)
  object space 531456K, 59% used [0x00000006c1800000,0x00000006d4eb0000,0x00000006e1f00000)
 Metaspace       used 2707K, capacity 4486K, committed 4864K, reserved 1056768K
  class space    used 302K, capacity 386K, committed 512K, reserved 1048576K
Heap after GC invocations=457 (full 27):
 PSYoungGen      total 89600K, used 12800K [0x00000007b9c00000, 0x00000007c0000000, 0x00000007c0000000)
  eden space 76800K, 0% used [0x00000007b9c00000,0x00000007b9c00000,0x00000007be700000)
  from space 12800K, 100% used [0x00000007bf380000,0x00000007c0000000,0x00000007c0000000)
  to   space 12800K, 0% used [0x00000007be700000,0x00000007be700000,0x00000007bf380000)
 ParOldGen       total 531456K, used 338312K [0x00000006c1800000, 0x00000006e1f00000, 0x00000007b9c00000)
  object space 531456K, 63% used [0x00000006c1800000,0x00000006d6262000,0x00000006e1f00000)
 Metaspace       used 2707K, capacity 4486K, committed 4864K, reserved 1056768K
  class space    used 302K, capacity 386K, committed 512K, reserved 1048576K
}
{Heap before GC invocations=458 (full 27):
 PSYoungGen      total 89600K, used 89600K [0x00000007b9c00000, 0x00000007c0000000, 0x00000007c0000000)
  eden space 76800K, 100% used [0x00000007b9c00000,0x00000007be700000,0x00000007be700000)
  from space 12800K, 100% used [0x00000007bf380000,0x00000007c0000000,0x00000007c0000000)
  to   space 12800K, 0% used [0x00000007be700000,0x00000007be700000,0x00000007bf380000)
 ParOldGen       total 531456K, used 338312K [0x00000006c1800000, 0x00000006e1f00000, 0x00000007b9c00000)
  object space 531456K, 63% used [0x00000006c1800000,0x00000006d6262000,0x00000006e1f00000)
 Metaspace       used 2707K, capacity 4486K, committed 4864K, reserved 1056768K
  class space    used 302K, capacity 386K, committed 512K, reserved 1048576K
Heap after GC invocations=458 (full 27):
 PSYoungGen      total 89600K, used 12800K [0x00000007b9c00000, 0x00000007c0000000, 0x00000007c0000000)
  eden space 76800K, 0% used [0x00000007b9c00000,0x00000007b9c00000,0x00000007be700000)
  from space 12800K, 100% used [0x00000007be700000,0x00000007bf380000,0x00000007bf380000)
  to   space 12800K, 0% used [0x00000007bf380000,0x00000007bf380000,0x00000007c0000000)
 ParOldGen       total 531456K, used 358480K [0x00000006c1800000, 0x00000006e1f00000, 0x00000007b9c00000)
  object space 531456K, 67% used [0x00000006c1800000,0x00000006d7614000,0x00000006e1f00000)
 Metaspace       used 2707K, capacity 4486K, committed 4864K, reserved 1056768K
  class space    used 302K, capacity 386K, committed 512K, reserved 1048576K
}
{Heap before GC invocations=459 (full 27):
 PSYoungGen      total 89600K, used 89600K [0x00000007b9c00000, 0x00000007c0000000, 0x00000007c0000000)
  eden space 76800K, 100% used [0x00000007b9c00000,0x00000007be700000,0x00000007be700000)
  from space 12800K, 100% used [0x00000007be700000,0x00000007bf380000,0x00000007bf380000)
  to   space 12800K, 0% used [0x00000007bf380000,0x00000007bf380000,0x00000007c0000000)
 ParOldGen       total 531456K, used 358480K [0x00000006c1800000, 0x00000006e1f00000, 0x00000007b9c00000)
  object space 531456K, 67% used [0x00000006c1800000,0x00000006d7614000,0x00000006e1f00000)
 Metaspace       used 2707K, capacity 4486K, committed 4864K, reserved 1056768K
  class space    used 302K, capacity 386K, committed 512K, reserved 1048576K
Heap after GC invocations=459 (full 27):
 PSYoungGen      total 89600K, used 12800K [0x00000007b9c00000, 0x00000007c0000000, 0x00000007c0000000)
  eden space 76800K, 0% used [0x00000007b9c00000,0x00000007b9c00000,0x00000007be700000)
  from space 12800K, 100% used [0x00000007bf380000,0x00000007c0000000,0x00000007c0000000)
  to   space 12800K, 0% used [0x00000007be700000,0x00000007be700000,0x00000007bf380000)
 ParOldGen       total 531456K, used 378640K [0x00000006c1800000, 0x00000006e1f00000, 0x00000007b9c00000)
  object space 531456K, 71% used [0x00000006c1800000,0x00000006d89c4000,0x00000006e1f00000)
 Metaspace       used 2707K, capacity 4486K, committed 4864K, reserved 1056768K
  class space    used 302K, capacity 386K, committed 512K, reserved 1048576K
}
{Heap before GC invocations=460 (full 27):
 PSYoungGen      total 89600K, used 89600K [0x00000007b9c00000, 0x00000007c0000000, 0x00000007c0000000)
  eden space 76800K, 100% used [0x00000007b9c00000,0x00000007be700000,0x00000007be700000)
  from space 12800K, 100% used [0x00000007bf380000,0x00000007c0000000,0x00000007c0000000)
  to   space 12800K, 0% used [0x00000007be700000,0x00000007be700000,0x00000007bf380000)
 ParOldGen       total 531456K, used 378640K [0x00000006c1800000, 0x00000006e1f00000, 0x00000007b9c00000)
  object space 531456K, 71% used [0x00000006c1800000,0x00000006d89c4000,0x00000006e1f00000)
 Metaspace       used 2707K, capacity 4486K, committed 4864K, reserved 1056768K
  class space    used 302K, capacity 386K, committed 512K, reserved 1048576K
Heap after GC invocations=460 (full 27):
 PSYoungGen      total 89600K, used 12800K [0x00000007b9c00000, 0x00000007c0000000, 0x00000007c0000000)
  eden space 76800K, 0% used [0x00000007b9c00000,0x00000007b9c00000,0x00000007be700000)
  from space 12800K, 100% used [0x00000007be700000,0x00000007bf380000,0x00000007bf380000)
  to   space 12800K, 0% used [0x00000007bf380000,0x00000007bf380000,0x00000007c0000000)
 ParOldGen       total 531456K, used 398808K [0x00000006c1800000, 0x00000006e1f00000, 0x00000007b9c00000)
  object space 531456K, 75% used [0x00000006c1800000,0x00000006d9d76000,0x00000006e1f00000)
 Metaspace       used 2707K, capacity 4486K, committed 4864K, reserved 1056768K
  class space    used 302K, capacity 386K, committed 512K, reserved 1048576K
}
{Heap before GC invocations=461 (full 27):
 PSYoungGen      total 89600K, used 89600K [0x00000007b9c00000, 0x00000007c0000000, 0x00000007c0000000)
  eden space 76800K, 100% used [0x00000007b9c00000,0x00000007be700000,0x00000007be700000)
  from space 12800K, 100% used [0x00000007be700000,0x00000007bf380000,0x00000007bf380000)
  to   space 12800K, 0% used [0x00000007bf380000,0x00000007bf380000,0x00000007c0000000)
 ParOldGen       total 531456K, used 398808K [0x00000006c1800000, 0x00000006e1f00000, 0x00000007b9c00000)
  object space 531456K, 75% used [0x00000006c1800000,0x00000006d9d76000,0x00000006e1f00000)
 Metaspace       used 2707K, capacity 4486K, committed 4864K, reserved 1056768K
  class space    used 302K, capacity 386K, committed 512K, reserved 1048576K
Heap after GC invocations=461 (full 27):
 PSYoungGen      total 89600K, used 12800K [0x00000007b9c00000, 0x00000007c0000000, 0x00000007c0000000)
  eden space 76800K, 0% used [0x00000007b9c00000,0x00000007b9c00000,0x00000007be700000)
  from space 12800K, 100% used [0x00000007bf380000,0x00000007c0000000,0x00000007c0000000)
  to   space 12800K, 0% used [0x00000007be700000,0x00000007be700000,0x00000007bf380000)
 ParOldGen       total 531456K, used 418976K [0x00000006c1800000, 0x00000006e1f00000, 0x00000007b9c00000)
  object space 531456K, 78% used [0x00000006c1800000,0x00000006db128000,0x00000006e1f00000)
 Metaspace       used 2707K, capacity 4486K, committed 4864K, reserved 1056768K
  class space    used 302K, capacity 386K, committed 512K, reserved 1048576K
}
{Heap before GC invocations=462 (full 27):
 PSYoungGen      total 89600K, used 89600K [0x00000007b9c00000, 0x00000007c0000000, 0x00000007c0000000)
  eden space 76800K, 100% used [0x00000007b9c00000,0x00000007be700000,0x00000007be700000)
  from space 12800K, 100% used [0x00000007bf380000,0x00000007c0000000,0x00000007c0000000)
  to   space 12800K, 0% used [0x00000007be700000,0x00000007be700000,0x00000007bf380000)
 ParOldGen       total 531456K, used 418976K [0x00000006c1800000, 0x00000006e1f00000, 0x00000007b9c00000)
  object space 531456K, 78% used [0x00000006c1800000,0x00000006db128000,0x00000006e1f00000)
 Metaspace       used 2707K, capacity 4486K, committed 4864K, reserved 1056768K
  class space    used 302K, capacity 386K, committed 512K, reserved 1048576K
Heap after GC invocations=462 (full 27):
 PSYoungGen      total 89600K, used 12800K [0x00000007b9c00000, 0x00000007c0000000, 0x00000007c0000000)
  eden space 76800K, 0% used [0x00000007b9c00000,0x00000007b9c00000,0x00000007be700000)
  from space 12800K, 100% used [0x00000007be700000,0x00000007bf380000,0x00000007bf380000)
  to   space 12800K, 0% used [0x00000007bf380000,0x00000007bf380000,0x00000007c0000000)
 ParOldGen       total 531456K, used 439136K [0x00000006c1800000, 0x00000006e1f00000, 0x00000007b9c00000)
  object space 531456K, 82% used [0x00000006c1800000,0x00000006dc4d8000,0x00000006e1f00000)
 Metaspace       used 2707K, capacity 4486K, committed 4864K, reserved 1056768K
  class space    used 302K, capacity 386K, committed 512K, reserved 1048576K
}
{Heap before GC invocations=463 (full 27):
 PSYoungGen      total 89600K, used 89600K [0x00000007b9c00000, 0x00000007c0000000, 0x00000007c0000000)
  eden space 76800K, 100% used [0x00000007b9c00000,0x00000007be700000,0x00000007be700000)
  from space 12800K, 100% used [0x00000007be700000,0x00000007bf380000,0x00000007bf380000)
  to   space 12800K, 0% used [0x00000007bf380000,0x00000007bf380000,0x00000007c0000000)
 ParOldGen       total 531456K, used 439136K [0x00000006c1800000, 0x00000006e1f00000, 0x00000007b9c00000)
  object space 531456K, 82% used [0x00000006c1800000,0x00000006dc4d8000,0x00000006e1f00000)
 Metaspace       used 2707K, capacity 4486K, committed 4864K, reserved 1056768K
  class space    used 302K, capacity 386K, committed 512K, reserved 1048576K
Heap after GC invocations=463 (full 27):
 PSYoungGen      total 89600K, used 12800K [0x00000007b9c00000, 0x00000007c0000000, 0x00000007c0000000)
  eden space 76800K, 0% used [0x00000007b9c00000,0x00000007b9c00000,0x00000007be700000)
  from space 12800K, 100% used [0x00000007bf380000,0x00000007c0000000,0x00000007c0000000)
  to   space 12800K, 0% used [0x00000007be700000,0x00000007be700000,0x00000007bf380000)
 ParOldGen       total 531456K, used 459304K [0x00000006c1800000, 0x00000006e1f00000, 0x00000007b9c00000)
  object space 531456K, 86% used [0x00000006c1800000,0x00000006dd88a000,0x00000006e1f00000)
 Metaspace       used 2707K, capacity 4486K, committed 4864K, reserved 1056768K
  class space    used 302K, capacity 386K, committed 512K, reserved 1048576K
}
{Heap before GC invocations=464 (full 27):
 PSYoungGen      total 89600K, used 89600K [0x00000007b9c00000, 0x00000007c0000000, 0x00000007c0000000)
  eden space 76800K, 100% used [0x00000007b9c00000,0x00000007be700000,0x00000007be700000)
  from space 12800K, 100% used [0x00000007bf380000,0x00000007c0000000,0x00000007c0000000)
  to   space 12800K, 0% used [0x00000007be700000,0x00000007be700000,0x00000007bf380000)
 ParOldGen       total 531456K, used 459304K [0x00000006c1800000, 0x00000006e1f00000, 0x00000007b9c00000)
  object space 531456K, 86% used [0x00000006c1800000,0x00000006dd88a000,0x00000006e1f00000)
 Metaspace       used 2707K, capacity 4486K, committed 4864K, reserved 1056768K
  class space    used 302K, capacity 386K, committed 512K, reserved 1048576K
Heap after GC invocations=464 (full 27):
 PSYoungGen      total 89600K, used 12800K [0x00000007b9c00000, 0x00000007c0000000, 0x00000007c0000000)
  eden space 76800K, 0% used [0x00000007b9c00000,0x00000007b9c00000,0x00000007be700000)
  from space 12800K, 100% used [0x00000007be700000,0x00000007bf380000,0x00000007bf380000)
  to   space 12800K, 0% used [0x00000007bf380000,0x00000007bf380000,0x00000007c0000000)
 ParOldGen       total 531456K, used 479472K [0x00000006c1800000, 0x00000006e1f00000, 0x00000007b9c00000)
  object space 531456K, 90% used [0x00000006c1800000,0x00000006dec3c000,0x00000006e1f00000)
 Metaspace       used 2707K, capacity 4486K, committed 4864K, reserved 1056768K
  class space    used 302K, capacity 386K, committed 512K, reserved 1048576K
}
{Heap before GC invocations=465 (full 27):
 PSYoungGen      total 89600K, used 89600K [0x00000007b9c00000, 0x00000007c0000000, 0x00000007c0000000)
  eden space 76800K, 100% used [0x00000007b9c00000,0x00000007be700000,0x00000007be700000)
  from space 12800K, 100% used [0x00000007be700000,0x00000007bf380000,0x00000007bf380000)
  to   space 12800K, 0% used [0x00000007bf380000,0x00000007bf380000,0x00000007c0000000)
 ParOldGen       total 531456K, used 479472K [0x00000006c1800000, 0x00000006e1f00000, 0x00000007b9c00000)
  object space 531456K, 90% used [0x00000006c1800000,0x00000006dec3c000,0x00000006e1f00000)
 Metaspace       used 2707K, capacity 4486K, committed 4864K, reserved 1056768K
  class space    used 302K, capacity 386K, committed 512K, reserved 1048576K
Heap after GC invocations=465 (full 27):
 PSYoungGen      total 89600K, used 12800K [0x00000007b9c00000, 0x00000007c0000000, 0x00000007c0000000)
  eden space 76800K, 0% used [0x00000007b9c00000,0x00000007b9c00000,0x00000007be700000)
  from space 12800K, 100% used [0x00000007bf380000,0x00000007c0000000,0x00000007c0000000)
  to   space 12800K, 0% used [0x00000007be700000,0x00000007be700000,0x00000007bf380000)
 ParOldGen       total 531456K, used 499640K [0x00000006c1800000, 0x00000006e1f00000, 0x00000007b9c00000)
  object space 531456K, 94% used [0x00000006c1800000,0x00000006dffee000,0x00000006e1f00000)
 Metaspace       used 2707K, capacity 4486K, committed 4864K, reserved 1056768K
  class space    used 302K, capacity 386K, committed 512K, reserved 1048576K
}
{Heap before GC invocations=466 (full 27):
 PSYoungGen      total 89600K, used 89600K [0x00000007b9c00000, 0x00000007c0000000, 0x00000007c0000000)
  eden space 76800K, 100% used [0x00000007b9c00000,0x00000007be700000,0x00000007be700000)
  from space 12800K, 100% used [0x00000007bf380000,0x00000007c0000000,0x00000007c0000000)
  to   space 12800K, 0% used [0x00000007be700000,0x00000007be700000,0x00000007bf380000)
 ParOldGen       total 531456K, used 499640K [0x00000006c1800000, 0x00000006e1f00000, 0x00000007b9c00000)
  object space 531456K, 94% used [0x00000006c1800000,0x00000006dffee000,0x00000006e1f00000)
 Metaspace       used 2707K, capacity 4486K, committed 4864K, reserved 1056768K
  class space    used 302K, capacity 386K, committed 512K, reserved 1048576K
Heap after GC invocations=466 (full 27):
 PSYoungGen      total 89600K, used 12800K [0x00000007b9c00000, 0x00000007c0000000, 0x00000007c0000000)
  eden space 76800K, 0% used [0x00000007b9c00000,0x00000007b9c00000,0x00000007be700000)
  from space 12800K, 100% used [0x00000007be700000,0x00000007bf380000,0x00000007bf380000)
  to   space 12800K, 0% used [0x00000007bf380000,0x00000007bf380000,0x00000007c0000000)
 ParOldGen       total 531456K, used 519808K [0x00000006c1800000, 0x00000006e1f00000, 0x00000007b9c00000)
  object space 531456K, 97% used [0x00000006c1800000,0x00000006e13a0000,0x00000006e1f00000)
 Metaspace       used 2707K, capacity 4486K, committed 4864K, reserved 1056768K
  class space    used 302K, capacity 386K, committed 512K, reserved 1048576K
}
{Heap before GC invocations=467 (full 28):
 PSYoungGen      total 89600K, used 12800K [0x00000007b9c00000, 0x00000007c0000000, 0x00000007c0000000)
  eden space 76800K, 0% used [0x00000007b9c00000,0x00000007b9c00000,0x00000007be700000)
  from space 12800K, 100% used [0x00000007be700000,0x00000007bf380000,0x00000007bf380000)
  to   space 12800K, 0% used [0x00000007bf380000,0x00000007bf380000,0x00000007c0000000)
 ParOldGen       total 531456K, used 519808K [0x00000006c1800000, 0x00000006e1f00000, 0x00000007b9c00000)
  object space 531456K, 97% used [0x00000006c1800000,0x00000006e13a0000,0x00000006e1f00000)
 Metaspace       used 2707K, capacity 4486K, committed 4864K, reserved 1056768K
  class space    used 302K, capacity 386K, committed 512K, reserved 1048576K
Heap after GC invocations=467 (full 28):
 PSYoungGen      total 89600K, used 0K [0x00000007b9c00000, 0x00000007c0000000, 0x00000007c0000000)
  eden space 76800K, 0% used [0x00000007b9c00000,0x00000007b9c00000,0x00000007be700000)
  from space 12800K, 0% used [0x00000007be700000,0x00000007be700000,0x00000007bf380000)
  to   space 12800K, 0% used [0x00000007bf380000,0x00000007bf380000,0x00000007c0000000)
 ParOldGen       total 543744K, used 35840K [0x00000006c1800000, 0x00000006e2b00000, 0x00000007b9c00000)
  object space 543744K, 6% used [0x00000006c1800000,0x00000006c3b00000,0x00000006e2b00000)
 Metaspace       used 2707K, capacity 4486K, committed 4864K, reserved 1056768K
  class space    used 302K, capacity 386K, committed 512K, reserved 1048576K
}
{Heap before GC invocations=468 (full 28):
 PSYoungGen      total 89600K, used 76800K [0x00000007b9c00000, 0x00000007c0000000, 0x00000007c0000000)
  eden space 76800K, 100% used [0x00000007b9c00000,0x00000007be700000,0x00000007be700000)
  from space 12800K, 0% used [0x00000007be700000,0x00000007be700000,0x00000007bf380000)
  to   space 12800K, 0% used [0x00000007bf380000,0x00000007bf380000,0x00000007c0000000)
 ParOldGen       total 543744K, used 35840K [0x00000006c1800000, 0x00000006e2b00000, 0x00000007b9c00000)
  object space 543744K, 6% used [0x00000006c1800000,0x00000006c3b00000,0x00000006e2b00000)
 Metaspace       used 2707K, capacity 4486K, committed 4864K, reserved 1056768K
  class space    used 302K, capacity 386K, committed 512K, reserved 1048576K
Heap after GC invocations=468 (full 28):
 PSYoungGen      total 89600K, used 12800K [0x00000007b9c00000, 0x00000007c0000000, 0x00000007c0000000)
  eden space 76800K, 0% used [0x00000007b9c00000,0x00000007b9c00000,0x00000007be700000)
  from space 12800K, 100% used [0x00000007bf380000,0x00000007c0000000,0x00000007c0000000)
  to   space 12800K, 0% used [0x00000007be700000,0x00000007be700000,0x00000007bf380000)
 ParOldGen       total 543744K, used 56008K [0x00000006c1800000, 0x00000006e2b00000, 0x00000007b9c00000)
  object space 543744K, 10% used [0x00000006c1800000,0x00000006c4eb2000,0x00000006e2b00000)
 Metaspace       used 2707K, capacity 4486K, committed 4864K, reserved 1056768K
  class space    used 302K, capacity 386K, committed 512K, reserved 1048576K
}
{Heap before GC invocations=469 (full 28):
 PSYoungGen      total 89600K, used 89600K [0x00000007b9c00000, 0x00000007c0000000, 0x00000007c0000000)
  eden space 76800K, 100% used [0x00000007b9c00000,0x00000007be700000,0x00000007be700000)
  from space 12800K, 100% used [0x00000007bf380000,0x00000007c0000000,0x00000007c0000000)
  to   space 12800K, 0% used [0x00000007be700000,0x00000007be700000,0x00000007bf380000)
 ParOldGen       total 543744K, used 56008K [0x00000006c1800000, 0x00000006e2b00000, 0x00000007b9c00000)
  object space 543744K, 10% used [0x00000006c1800000,0x00000006c4eb2000,0x00000006e2b00000)
 Metaspace       used 2707K, capacity 4486K, committed 4864K, reserved 1056768K
  class space    used 302K, capacity 386K, committed 512K, reserved 1048576K
Heap after GC invocations=469 (full 28):
 PSYoungGen      total 89600K, used 12800K [0x00000007b9c00000, 0x00000007c0000000, 0x00000007c0000000)
  eden space 76800K, 0% used [0x00000007b9c00000,0x00000007b9c00000,0x00000007be700000)
  from space 12800K, 100% used [0x00000007be700000,0x00000007bf380000,0x00000007bf380000)
  to   space 12800K, 0% used [0x00000007bf380000,0x00000007bf380000,0x00000007c0000000)
 ParOldGen       total 543744K, used 76168K [0x00000006c1800000, 0x00000006e2b00000, 0x00000007b9c00000)
  object space 543744K, 14% used [0x00000006c1800000,0x00000006c6262000,0x00000006e2b00000)
 Metaspace       used 2707K, capacity 4486K, committed 4864K, reserved 1056768K
  class space    used 302K, capacity 386K, committed 512K, reserved 1048576K
}
{Heap before GC invocations=470 (full 28):
 PSYoungGen      total 89600K, used 89600K [0x00000007b9c00000, 0x00000007c0000000, 0x00000007c0000000)
  eden space 76800K, 100% used [0x00000007b9c00000,0x00000007be700000,0x00000007be700000)
  from space 12800K, 100% used [0x00000007be700000,0x00000007bf380000,0x00000007bf380000)
  to   space 12800K, 0% used [0x00000007bf380000,0x00000007bf380000,0x00000007c0000000)
 ParOldGen       total 543744K, used 76168K [0x00000006c1800000, 0x00000006e2b00000, 0x00000007b9c00000)
  object space 543744K, 14% used [0x00000006c1800000,0x00000006c6262000,0x00000006e2b00000)
 Metaspace       used 2707K, capacity 4486K, committed 4864K, reserved 1056768K
  class space    used 302K, capacity 386K, committed 512K, reserved 1048576K
Heap after GC invocations=470 (full 28):
 PSYoungGen      total 89600K, used 12800K [0x00000007b9c00000, 0x00000007c0000000, 0x00000007c0000000)
  eden space 76800K, 0% used [0x00000007b9c00000,0x00000007b9c00000,0x00000007be700000)
  from space 12800K, 100% used [0x00000007bf380000,0x00000007c0000000,0x00000007c0000000)
  to   space 12800K, 0% used [0x00000007be700000,0x00000007be700000,0x00000007bf380000)
 ParOldGen       total 543744K, used 96336K [0x00000006c1800000, 0x00000006e2b00000, 0x00000007b9c00000)
  object space 543744K, 17% used [0x00000006c1800000,0x00000006c7614000,0x00000006e2b00000)
 Metaspace       used 2707K, capacity 4486K, committed 4864K, reserved 1056768K
  class space    used 302K, capacity 386K, committed 512K, reserved 1048576K
}
{Heap before GC invocations=471 (full 28):
 PSYoungGen      total 89600K, used 89600K [0x00000007b9c00000, 0x00000007c0000000, 0x00000007c0000000)
  eden space 76800K, 100% used [0x00000007b9c00000,0x00000007be700000,0x00000007be700000)
  from space 12800K, 100% used [0x00000007bf380000,0x00000007c0000000,0x00000007c0000000)
  to   space 12800K, 0% used [0x00000007be700000,0x00000007be700000,0x00000007bf380000)
 ParOldGen       total 543744K, used 96336K [0x00000006c1800000, 0x00000006e2b00000, 0x00000007b9c00000)
  object space 543744K, 17% used [0x00000006c1800000,0x00000006c7614000,0x00000006e2b00000)
 Metaspace       used 2707K, capacity 4486K, committed 4864K, reserved 1056768K
  class space    used 302K, capacity 386K, committed 512K, reserved 1048576K
Heap after GC invocations=471 (full 28):
 PSYoungGen      total 89600K, used 12800K [0x00000007b9c00000, 0x00000007c0000000, 0x00000007c0000000)
  eden space 76800K, 0% used [0x00000007b9c00000,0x00000007b9c00000,0x00000007be700000)
  from space 12800K, 100% used [0x00000007be700000,0x00000007bf380000,0x00000007bf380000)
  to   space 12800K, 0% used [0x00000007bf380000,0x00000007bf380000,0x00000007c0000000)
 ParOldGen       total 543744K, used 116504K [0x00000006c1800000, 0x00000006e2b00000, 0x00000007b9c00000)
  object space 543744K, 21% used [0x00000006c1800000,0x00000006c89c6000,0x00000006e2b00000)
 Metaspace       used 2707K, capacity 4486K, committed 4864K, reserved 1056768K
  class space    used 302K, capacity 386K, committed 512K, reserved 1048576K
}
{Heap before GC invocations=472 (full 28):
 PSYoungGen      total 89600K, used 89600K [0x00000007b9c00000, 0x00000007c0000000, 0x00000007c0000000)
  eden space 76800K, 100% used [0x00000007b9c00000,0x00000007be700000,0x00000007be700000)
  from space 12800K, 100% used [0x00000007be700000,0x00000007bf380000,0x00000007bf380000)
  to   space 12800K, 0% used [0x00000007bf380000,0x00000007bf380000,0x00000007c0000000)
 ParOldGen       total 543744K, used 116504K [0x00000006c1800000, 0x00000006e2b00000, 0x00000007b9c00000)
  object space 543744K, 21% used [0x00000006c1800000,0x00000006c89c6000,0x00000006e2b00000)
 Metaspace       used 2707K, capacity 4486K, committed 4864K, reserved 1056768K
  class space    used 302K, capacity 386K, committed 512K, reserved 1048576K
Heap after GC invocations=472 (full 28):
 PSYoungGen      total 89600K, used 12800K [0x00000007b9c00000, 0x00000007c0000000, 0x00000007c0000000)
  eden space 76800K, 0% used [0x00000007b9c00000,0x00000007b9c00000,0x00000007be700000)
  from space 12800K, 100% used [0x00000007bf380000,0x00000007c0000000,0x00000007c0000000)
  to   space 12800K, 0% used [0x00000007be700000,0x00000007be700000,0x00000007bf380000)
 ParOldGen       total 543744K, used 136672K [0x00000006c1800000, 0x00000006e2b00000, 0x00000007b9c00000)
  object space 543744K, 25% used [0x00000006c1800000,0x00000006c9d78000,0x00000006e2b00000)
 Metaspace       used 2707K, capacity 4486K, committed 4864K, reserved 1056768K
  class space    used 302K, capacity 386K, committed 512K, reserved 1048576K
}
{Heap before GC invocations=473 (full 28):
 PSYoungGen      total 89600K, used 89600K [0x00000007b9c00000, 0x00000007c0000000, 0x00000007c0000000)
  eden space 76800K, 100% used [0x00000007b9c00000,0x00000007be700000,0x00000007be700000)
  from space 12800K, 100% used [0x00000007bf380000,0x00000007c0000000,0x00000007c0000000)
  to   space 12800K, 0% used [0x00000007be700000,0x00000007be700000,0x00000007bf380000)
 ParOldGen       total 543744K, used 136672K [0x00000006c1800000, 0x00000006e2b00000, 0x00000007b9c00000)
  object space 543744K, 25% used [0x00000006c1800000,0x00000006c9d78000,0x00000006e2b00000)
 Metaspace       used 2707K, capacity 4486K, committed 4864K, reserved 1056768K
  class space    used 302K, capacity 386K, committed 512K, reserved 1048576K
Heap after GC invocations=473 (full 28):
 PSYoungGen      total 89600K, used 12800K [0x00000007b9c00000, 0x00000007c0000000, 0x00000007c0000000)
  eden space 76800K, 0% used [0x00000007b9c00000,0x00000007b9c00000,0x00000007be700000)
  from space 12800K, 100% used [0x00000007be700000,0x00000007bf380000,0x00000007bf380000)
  to   space 12800K, 0% used [0x00000007bf380000,0x00000007bf380000,0x00000007c0000000)
 ParOldGen       total 543744K, used 156848K [0x00000006c1800000, 0x00000006e2b00000, 0x00000007b9c00000)
  object space 543744K, 28% used [0x00000006c1800000,0x00000006cb12c000,0x00000006e2b00000)
 Metaspace       used 2707K, capacity 4486K, committed 4864K, reserved 1056768K
  class space    used 302K, capacity 386K, committed 512K, reserved 1048576K
}
{Heap before GC invocations=474 (full 28):
 PSYoungGen      total 89600K, used 89600K [0x00000007b9c00000, 0x00000007c0000000, 0x00000007c0000000)
  eden space 76800K, 100% used [0x00000007b9c00000,0x00000007be700000,0x00000007be700000)
  from space 12800K, 100% used [0x00000007be700000,0x00000007bf380000,0x00000007bf380000)
  to   space 12800K, 0% used [0x00000007bf380000,0x00000007bf380000,0x00000007c0000000)
 ParOldGen       total 543744K, used 156848K [0x00000006c1800000, 0x00000006e2b00000, 0x00000007b9c00000)
  object space 543744K, 28% used [0x00000006c1800000,0x00000006cb12c000,0x00000006e2b00000)
 Metaspace       used 2707K, capacity 4486K, committed 4864K, reserved 1056768K
  class space    used 302K, capacity 386K, committed 512K, reserved 1048576K
Heap after GC invocations=474 (full 28):
 PSYoungGen      total 89600K, used 12800K [0x00000007b9c00000, 0x00000007c0000000, 0x00000007c0000000)
  eden space 76800K, 0% used [0x00000007b9c00000,0x00000007b9c00000,0x00000007be700000)
  from space 12800K, 100% used [0x00000007bf380000,0x00000007c0000000,0x00000007c0000000)
  to   space 12800K, 0% used [0x00000007be700000,0x00000007be700000,0x00000007bf380000)
 ParOldGen       total 543744K, used 177016K [0x00000006c1800000, 0x00000006e2b00000, 0x00000007b9c00000)
  object space 543744K, 32% used [0x00000006c1800000,0x00000006cc4de000,0x00000006e2b00000)
 Metaspace       used 2707K, capacity 4486K, committed 4864K, reserved 1056768K
  class space    used 302K, capacity 386K, committed 512K, reserved 1048576K
}
{Heap before GC invocations=475 (full 28):
 PSYoungGen      total 89600K, used 89600K [0x00000007b9c00000, 0x00000007c0000000, 0x00000007c0000000)
  eden space 76800K, 100% used [0x00000007b9c00000,0x00000007be700000,0x00000007be700000)
  from space 12800K, 100% used [0x00000007bf380000,0x00000007c0000000,0x00000007c0000000)
  to   space 12800K, 0% used [0x00000007be700000,0x00000007be700000,0x00000007bf380000)
 ParOldGen       total 543744K, used 177016K [0x00000006c1800000, 0x00000006e2b00000, 0x00000007b9c00000)
  object space 543744K, 32% used [0x00000006c1800000,0x00000006cc4de000,0x00000006e2b00000)
 Metaspace       used 2707K, capacity 4486K, committed 4864K, reserved 1056768K
  class space    used 302K, capacity 386K, committed 512K, reserved 1048576K
Heap after GC invocations=475 (full 28):
 PSYoungGen      total 89600K, used 12800K [0x00000007b9c00000, 0x00000007c0000000, 0x00000007c0000000)
  eden space 76800K, 0% used [0x00000007b9c00000,0x00000007b9c00000,0x00000007be700000)
  from space 12800K, 100% used [0x00000007be700000,0x00000007bf380000,0x00000007bf380000)
  to   space 12800K, 0% used [0x00000007bf380000,0x00000007bf380000,0x00000007c0000000)
 ParOldGen       total 543744K, used 197184K [0x00000006c1800000, 0x00000006e2b00000, 0x00000007b9c00000)
  object space 543744K, 36% used [0x00000006c1800000,0x00000006cd890000,0x00000006e2b00000)
 Metaspace       used 2707K, capacity 4486K, committed 4864K, reserved 1056768K
  class space    used 302K, capacity 386K, committed 512K, reserved 1048576K
}
{Heap before GC invocations=476 (full 28):
 PSYoungGen      total 89600K, used 89600K [0x00000007b9c00000, 0x00000007c0000000, 0x00000007c0000000)
  eden space 76800K, 100% used [0x00000007b9c00000,0x00000007be700000,0x00000007be700000)
  from space 12800K, 100% used [0x00000007be700000,0x00000007bf380000,0x00000007bf380000)
  to   space 12800K, 0% used [0x00000007bf380000,0x00000007bf380000,0x00000007c0000000)
 ParOldGen       total 543744K, used 197184K [0x00000006c1800000, 0x00000006e2b00000, 0x00000007b9c00000)
  object space 543744K, 36% used [0x00000006c1800000,0x00000006cd890000,0x00000006e2b00000)
 Metaspace       used 2707K, capacity 4486K, committed 4864K, reserved 1056768K
  class space    used 302K, capacity 386K, committed 512K, reserved 1048576K
Heap after GC invocations=476 (full 28):
 PSYoungGen      total 89600K, used 12800K [0x00000007b9c00000, 0x00000007c0000000, 0x00000007c0000000)
  eden space 76800K, 0% used [0x00000007b9c00000,0x00000007b9c00000,0x00000007be700000)
  from space 12800K, 100% used [0x00000007bf380000,0x00000007c0000000,0x00000007c0000000)
  to   space 12800K, 0% used [0x00000007be700000,0x00000007be700000,0x00000007bf380000)
 ParOldGen       total 543744K, used 217360K [0x00000006c1800000, 0x00000006e2b00000, 0x00000007b9c00000)
  object space 543744K, 39% used [0x00000006c1800000,0x00000006cec44000,0x00000006e2b00000)
 Metaspace       used 2707K, capacity 4486K, committed 4864K, reserved 1056768K
  class space    used 302K, capacity 386K, committed 512K, reserved 1048576K
}
{Heap before GC invocations=477 (full 28):
 PSYoungGen      total 89600K, used 89600K [0x00000007b9c00000, 0x00000007c0000000, 0x00000007c0000000)
  eden space 76800K, 100% used [0x00000007b9c00000,0x00000007be700000,0x00000007be700000)
  from space 12800K, 100% used [0x00000007bf380000,0x00000007c0000000,0x00000007c0000000)
  to   space 12800K, 0% used [0x00000007be700000,0x00000007be700000,0x00000007bf380000)
 ParOldGen       total 543744K, used 217360K [0x00000006c1800000, 0x00000006e2b00000, 0x00000007b9c00000)
  object space 543744K, 39% used [0x00000006c1800000,0x00000006cec44000,0x00000006e2b00000)
 Metaspace       used 2707K, capacity 4486K, committed 4864K, reserved 1056768K
  class space    used 302K, capacity 386K, committed 512K, reserved 1048576K
Heap after GC invocations=477 (full 28):
 PSYoungGen      total 89600K, used 12800K [0x00000007b9c00000, 0x00000007c0000000, 0x00000007c0000000)
  eden space 76800K, 0% used [0x00000007b9c00000,0x00000007b9c00000,0x00000007be700000)
  from space 12800K, 100% used [0x00000007be700000,0x00000007bf380000,0x00000007bf380000)
  to   space 12800K, 0% used [0x00000007bf380000,0x00000007bf380000,0x00000007c0000000)
 ParOldGen       total 543744K, used 237520K [0x00000006c1800000, 0x00000006e2b00000, 0x00000007b9c00000)
  object space 543744K, 43% used [0x00000006c1800000,0x00000006cfff4000,0x00000006e2b00000)
 Metaspace       used 2707K, capacity 4486K, committed 4864K, reserved 1056768K
  class space    used 302K, capacity 386K, committed 512K, reserved 1048576K
}
{Heap before GC invocations=478 (full 28):
 PSYoungGen      total 89600K, used 89600K [0x00000007b9c00000, 0x00000007c0000000, 0x00000007c0000000)
  eden space 76800K, 100% used [0x00000007b9c00000,0x00000007be700000,0x00000007be700000)
  from space 12800K, 100% used [0x00000007be700000,0x00000007bf380000,0x00000007bf380000)
  to   space 12800K, 0% used [0x00000007bf380000,0x00000007bf380000,0x00000007c0000000)
 ParOldGen       total 543744K, used 237520K [0x00000006c1800000, 0x00000006e2b00000, 0x00000007b9c00000)
  object space 543744K, 43% used [0x00000006c1800000,0x00000006cfff4000,0x00000006e2b00000)
 Metaspace       used 2707K, capacity 4486K, committed 4864K, reserved 1056768K
  class space    used 302K, capacity 386K, committed 512K, reserved 1048576K
Heap after GC invocations=478 (full 28):
 PSYoungGen      total 89600K, used 12800K [0x00000007b9c00000, 0x00000007c0000000, 0x00000007c0000000)
  eden space 76800K, 0% used [0x00000007b9c00000,0x00000007b9c00000,0x00000007be700000)
  from space 12800K, 100% used [0x00000007bf380000,0x00000007c0000000,0x00000007c0000000)
  to   space 12800K, 0% used [0x00000007be700000,0x00000007be700000,0x00000007bf380000)
 ParOldGen       total 543744K, used 257696K [0x00000006c1800000, 0x00000006e2b00000, 0x00000007b9c00000)
  object space 543744K, 47% used [0x00000006c1800000,0x00000006d13a8000,0x00000006e2b00000)
 Metaspace       used 2707K, capacity 4486K, committed 4864K, reserved 1056768K
  class space    used 302K, capacity 386K, committed 512K, reserved 1048576K
}
{Heap before GC invocations=479 (full 28):
 PSYoungGen      total 89600K, used 89600K [0x00000007b9c00000, 0x00000007c0000000, 0x00000007c0000000)
  eden space 76800K, 100% used [0x00000007b9c00000,0x00000007be700000,0x00000007be700000)
  from space 12800K, 100% used [0x00000007bf380000,0x00000007c0000000,0x00000007c0000000)
  to   space 12800K, 0% used [0x00000007be700000,0x00000007be700000,0x00000007bf380000)
 ParOldGen       total 543744K, used 257696K [0x00000006c1800000, 0x00000006e2b00000, 0x00000007b9c00000)
  object space 543744K, 47% used [0x00000006c1800000,0x00000006d13a8000,0x00000006e2b00000)
 Metaspace       used 2707K, capacity 4486K, committed 4864K, reserved 1056768K
  class space    used 302K, capacity 386K, committed 512K, reserved 1048576K
Heap after GC invocations=479 (full 28):
 PSYoungGen      total 89600K, used 12800K [0x00000007b9c00000, 0x00000007c0000000, 0x00000007c0000000)
  eden space 76800K, 0% used [0x00000007b9c00000,0x00000007b9c00000,0x00000007be700000)
  from space 12800K, 100% used [0x00000007be700000,0x00000007bf380000,0x00000007bf380000)
  to   space 12800K, 0% used [0x00000007bf380000,0x00000007bf380000,0x00000007c0000000)
 ParOldGen       total 543744K, used 277864K [0x00000006c1800000, 0x00000006e2b00000, 0x00000007b9c00000)
  object space 543744K, 51% used [0x00000006c1800000,0x00000006d275a000,0x00000006e2b00000)
 Metaspace       used 2707K, capacity 4486K, committed 4864K, reserved 1056768K
  class space    used 302K, capacity 386K, committed 512K, reserved 1048576K
}
{Heap before GC invocations=480 (full 28):
 PSYoungGen      total 89600K, used 89600K [0x00000007b9c00000, 0x00000007c0000000, 0x00000007c0000000)
  eden space 76800K, 100% used [0x00000007b9c00000,0x00000007be700000,0x00000007be700000)
  from space 12800K, 100% used [0x00000007be700000,0x00000007bf380000,0x00000007bf380000)
  to   space 12800K, 0% used [0x00000007bf380000,0x00000007bf380000,0x00000007c0000000)
 ParOldGen       total 543744K, used 277864K [0x00000006c1800000, 0x00000006e2b00000, 0x00000007b9c00000)
  object space 543744K, 51% used [0x00000006c1800000,0x00000006d275a000,0x00000006e2b00000)
 Metaspace       used 2707K, capacity 4486K, committed 4864K, reserved 1056768K
  class space    used 302K, capacity 386K, committed 512K, reserved 1048576K
Heap after GC invocations=480 (full 28):
 PSYoungGen      total 89600K, used 12800K [0x00000007b9c00000, 0x00000007c0000000, 0x00000007c0000000)
  eden space 76800K, 0% used [0x00000007b9c00000,0x00000007b9c00000,0x00000007be700000)
  from space 12800K, 100% used [0x00000007bf380000,0x00000007c0000000,0x00000007c0000000)
  to   space 12800K, 0% used [0x00000007be700000,0x00000007be700000,0x00000007bf380000)
 ParOldGen       total 543744K, used 298024K [0x00000006c1800000, 0x00000006e2b00000, 0x00000007b9c00000)
  object space 543744K, 54% used [0x00000006c1800000,0x00000006d3b0a000,0x00000006e2b00000)
 Metaspace       used 2707K, capacity 4486K, committed 4864K, reserved 1056768K
  class space    used 302K, capacity 386K, committed 512K, reserved 1048576K
}
{Heap before GC invocations=481 (full 28):
 PSYoungGen      total 89600K, used 89600K [0x00000007b9c00000, 0x00000007c0000000, 0x00000007c0000000)
  eden space 76800K, 100% used [0x00000007b9c00000,0x00000007be700000,0x00000007be700000)
  from space 12800K, 100% used [0x00000007bf380000,0x00000007c0000000,0x00000007c0000000)
  to   space 12800K, 0% used [0x00000007be700000,0x00000007be700000,0x00000007bf380000)
 ParOldGen       total 543744K, used 298024K [0x00000006c1800000, 0x00000006e2b00000, 0x00000007b9c00000)
  object space 543744K, 54% used [0x00000006c1800000,0x00000006d3b0a000,0x00000006e2b00000)
 Metaspace       used 2707K, capacity 4486K, committed 4864K, reserved 1056768K
  class space    used 302K, capacity 386K, committed 512K, reserved 1048576K
Heap after GC invocations=481 (full 28):
 PSYoungGen      total 89600K, used 12800K [0x00000007b9c00000, 0x00000007c0000000, 0x00000007c0000000)
  eden space 76800K, 0% used [0x00000007b9c00000,0x00000007b9c00000,0x00000007be700000)
  from space 12800K, 100% used [0x00000007be700000,0x00000007bf380000,0x00000007bf380000)
  to   space 12800K, 0% used [0x00000007bf380000,0x00000007bf380000,0x00000007c0000000)
 ParOldGen       total 543744K, used 318192K [0x00000006c1800000, 0x00000006e2b00000, 0x00000007b9c00000)
  object space 543744K, 58% used [0x00000006c1800000,0x00000006d4ebc000,0x00000006e2b00000)
 Metaspace       used 2707K, capacity 4486K, committed 4864K, reserved 1056768K
  class space    used 302K, capacity 386K, committed 512K, reserved 1048576K
}
{Heap before GC invocations=482 (full 28):
 PSYoungGen      total 89600K, used 89600K [0x00000007b9c00000, 0x00000007c0000000, 0x00000007c0000000)
  eden space 76800K, 100% used [0x00000007b9c00000,0x00000007be700000,0x00000007be700000)
  from space 12800K, 100% used [0x00000007be700000,0x00000007bf380000,0x00000007bf380000)
  to   space 12800K, 0% used [0x00000007bf380000,0x00000007bf380000,0x00000007c0000000)
 ParOldGen       total 543744K, used 318192K [0x00000006c1800000, 0x00000006e2b00000, 0x00000007b9c00000)
  object space 543744K, 58% used [0x00000006c1800000,0x00000006d4ebc000,0x00000006e2b00000)
 Metaspace       used 2707K, capacity 4486K, committed 4864K, reserved 1056768K
  class space    used 302K, capacity 386K, committed 512K, reserved 1048576K
Heap after GC invocations=482 (full 28):
 PSYoungGen      total 89600K, used 12800K [0x00000007b9c00000, 0x00000007c0000000, 0x00000007c0000000)
  eden space 76800K, 0% used [0x00000007b9c00000,0x00000007b9c00000,0x00000007be700000)
  from space 12800K, 100% used [0x00000007bf380000,0x00000007c0000000,0x00000007c0000000)
  to   space 12800K, 0% used [0x00000007be700000,0x00000007be700000,0x00000007bf380000)
 ParOldGen       total 543744K, used 338360K [0x00000006c1800000, 0x00000006e2b00000, 0x00000007b9c00000)
  object space 543744K, 62% used [0x00000006c1800000,0x00000006d626e000,0x00000006e2b00000)
 Metaspace       used 2707K, capacity 4486K, committed 4864K, reserved 1056768K
  class space    used 302K, capacity 386K, committed 512K, reserved 1048576K
}
{Heap before GC invocations=483 (full 28):
 PSYoungGen      total 89600K, used 89600K [0x00000007b9c00000, 0x00000007c0000000, 0x00000007c0000000)
  eden space 76800K, 100% used [0x00000007b9c00000,0x00000007be700000,0x00000007be700000)
  from space 12800K, 100% used [0x00000007bf380000,0x00000007c0000000,0x00000007c0000000)
  to   space 12800K, 0% used [0x00000007be700000,0x00000007be700000,0x00000007bf380000)
 ParOldGen       total 543744K, used 338360K [0x00000006c1800000, 0x00000006e2b00000, 0x00000007b9c00000)
  object space 543744K, 62% used [0x00000006c1800000,0x00000006d626e000,0x00000006e2b00000)
 Metaspace       used 2707K, capacity 4486K, committed 4864K, reserved 1056768K
  class space    used 302K, capacity 386K, committed 512K, reserved 1048576K
Heap after GC invocations=483 (full 28):
 PSYoungGen      total 89600K, used 12800K [0x00000007b9c00000, 0x00000007c0000000, 0x00000007c0000000)
  eden space 76800K, 0% used [0x00000007b9c00000,0x00000007b9c00000,0x00000007be700000)
  from space 12800K, 100% used [0x00000007be700000,0x00000007bf380000,0x00000007bf380000)
  to   space 12800K, 0% used [0x00000007bf380000,0x00000007bf380000,0x00000007c0000000)
 ParOldGen       total 543744K, used 358528K [0x00000006c1800000, 0x00000006e2b00000, 0x00000007b9c00000)
  object space 543744K, 65% used [0x00000006c1800000,0x00000006d7620000,0x00000006e2b00000)
 Metaspace       used 2707K, capacity 4486K, committed 4864K, reserved 1056768K
  class space    used 302K, capacity 386K, committed 512K, reserved 1048576K
}
{Heap before GC invocations=484 (full 28):
 PSYoungGen      total 89600K, used 89600K [0x00000007b9c00000, 0x00000007c0000000, 0x00000007c0000000)
  eden space 76800K, 100% used [0x00000007b9c00000,0x00000007be700000,0x00000007be700000)
  from space 12800K, 100% used [0x00000007be700000,0x00000007bf380000,0x00000007bf380000)
  to   space 12800K, 0% used [0x00000007bf380000,0x00000007bf380000,0x00000007c0000000)
 ParOldGen       total 543744K, used 358528K [0x00000006c1800000, 0x00000006e2b00000, 0x00000007b9c00000)
  object space 543744K, 65% used [0x00000006c1800000,0x00000006d7620000,0x00000006e2b00000)
 Metaspace       used 2707K, capacity 4486K, committed 4864K, reserved 1056768K
  class space    used 302K, capacity 386K, committed 512K, reserved 1048576K
Heap after GC invocations=484 (full 28):
 PSYoungGen      total 89600K, used 12800K [0x00000007b9c00000, 0x00000007c0000000, 0x00000007c0000000)
  eden space 76800K, 0% used [0x00000007b9c00000,0x00000007b9c00000,0x00000007be700000)
  from space 12800K, 100% used [0x00000007bf380000,0x00000007c0000000,0x00000007c0000000)
  to   space 12800K, 0% used [0x00000007be700000,0x00000007be700000,0x00000007bf380000)
 ParOldGen       total 543744K, used 378688K [0x00000006c1800000, 0x00000006e2b00000, 0x00000007b9c00000)
  object space 543744K, 69% used [0x00000006c1800000,0x00000006d89d0000,0x00000006e2b00000)
 Metaspace       used 2707K, capacity 4486K, committed 4864K, reserved 1056768K
  class space    used 302K, capacity 386K, committed 512K, reserved 1048576K
}
{Heap before GC invocations=485 (full 28):
 PSYoungGen      total 89600K, used 89600K [0x00000007b9c00000, 0x00000007c0000000, 0x00000007c0000000)
  eden space 76800K, 100% used [0x00000007b9c00000,0x00000007be700000,0x00000007be700000)
  from space 12800K, 100% used [0x00000007bf380000,0x00000007c0000000,0x00000007c0000000)
  to   space 12800K, 0% used [0x00000007be700000,0x00000007be700000,0x00000007bf380000)
 ParOldGen       total 543744K, used 378688K [0x00000006c1800000, 0x00000006e2b00000, 0x00000007b9c00000)
  object space 543744K, 69% used [0x00000006c1800000,0x00000006d89d0000,0x00000006e2b00000)
 Metaspace       used 2707K, capacity 4486K, committed 4864K, reserved 1056768K
  class space    used 302K, capacity 386K, committed 512K, reserved 1048576K
Heap after GC invocations=485 (full 28):
 PSYoungGen      total 89600K, used 12800K [0x00000007b9c00000, 0x00000007c0000000, 0x00000007c0000000)
  eden space 76800K, 0% used [0x00000007b9c00000,0x00000007b9c00000,0x00000007be700000)
  from space 12800K, 100% used [0x00000007be700000,0x00000007bf380000,0x00000007bf380000)
  to   space 12800K, 0% used [0x00000007bf380000,0x00000007bf380000,0x00000007c0000000)
 ParOldGen       total 543744K, used 398856K [0x00000006c1800000, 0x00000006e2b00000, 0x00000007b9c00000)
  object space 543744K, 73% used [0x00000006c1800000,0x00000006d9d82000,0x00000006e2b00000)
 Metaspace       used 2707K, capacity 4486K, committed 4864K, reserved 1056768K
  class space    used 302K, capacity 386K, committed 512K, reserved 1048576K
}
{Heap before GC invocations=486 (full 28):
 PSYoungGen      total 89600K, used 89600K [0x00000007b9c00000, 0x00000007c0000000, 0x00000007c0000000)
  eden space 76800K, 100% used [0x00000007b9c00000,0x00000007be700000,0x00000007be700000)
  from space 12800K, 100% used [0x00000007be700000,0x00000007bf380000,0x00000007bf380000)
  to   space 12800K, 0% used [0x00000007bf380000,0x00000007bf380000,0x00000007c0000000)
 ParOldGen       total 543744K, used 398856K [0x00000006c1800000, 0x00000006e2b00000, 0x00000007b9c00000)
  object space 543744K, 73% used [0x00000006c1800000,0x00000006d9d82000,0x00000006e2b00000)
 Metaspace       used 2707K, capacity 4486K, committed 4864K, reserved 1056768K
  class space    used 302K, capacity 386K, committed 512K, reserved 1048576K
Heap after GC invocations=486 (full 28):
 PSYoungGen      total 89600K, used 12800K [0x00000007b9c00000, 0x00000007c0000000, 0x00000007c0000000)
  eden space 76800K, 0% used [0x00000007b9c00000,0x00000007b9c00000,0x00000007be700000)
  from space 12800K, 100% used [0x00000007bf380000,0x00000007c0000000,0x00000007c0000000)
  to   space 12800K, 0% used [0x00000007be700000,0x00000007be700000,0x00000007bf380000)
 ParOldGen       total 543744K, used 419024K [0x00000006c1800000, 0x00000006e2b00000, 0x00000007b9c00000)
  object space 543744K, 77% used [0x00000006c1800000,0x00000006db134000,0x00000006e2b00000)
 Metaspace       used 2707K, capacity 4486K, committed 4864K, reserved 1056768K
  class space    used 302K, capacity 386K, committed 512K, reserved 1048576K
}
{Heap before GC invocations=487 (full 28):
 PSYoungGen      total 89600K, used 89600K [0x00000007b9c00000, 0x00000007c0000000, 0x00000007c0000000)
  eden space 76800K, 100% used [0x00000007b9c00000,0x00000007be700000,0x00000007be700000)
  from space 12800K, 100% used [0x00000007bf380000,0x00000007c0000000,0x00000007c0000000)
  to   space 12800K, 0% used [0x00000007be700000,0x00000007be700000,0x00000007bf380000)
 ParOldGen       total 543744K, used 419024K [0x00000006c1800000, 0x00000006e2b00000, 0x00000007b9c00000)
  object space 543744K, 77% used [0x00000006c1800000,0x00000006db134000,0x00000006e2b00000)
 Metaspace       used 2707K, capacity 4486K, committed 4864K, reserved 1056768K
  class space    used 302K, capacity 386K, committed 512K, reserved 1048576K
Heap after GC invocations=487 (full 28):
 PSYoungGen      total 89600K, used 12800K [0x00000007b9c00000, 0x00000007c0000000, 0x00000007c0000000)
  eden space 76800K, 0% used [0x00000007b9c00000,0x00000007b9c00000,0x00000007be700000)
  from space 12800K, 100% used [0x00000007be700000,0x00000007bf380000,0x00000007bf380000)
  to   space 12800K, 0% used [0x00000007bf380000,0x00000007bf380000,0x00000007c0000000)
 ParOldGen       total 543744K, used 439192K [0x00000006c1800000, 0x00000006e2b00000, 0x00000007b9c00000)
  object space 543744K, 80% used [0x00000006c1800000,0x00000006dc4e6000,0x00000006e2b00000)
 Metaspace       used 2707K, capacity 4486K, committed 4864K, reserved 1056768K
  class space    used 302K, capacity 386K, committed 512K, reserved 1048576K
}
{Heap before GC invocations=488 (full 28):
 PSYoungGen      total 89600K, used 89600K [0x00000007b9c00000, 0x00000007c0000000, 0x00000007c0000000)
  eden space 76800K, 100% used [0x00000007b9c00000,0x00000007be700000,0x00000007be700000)
  from space 12800K, 100% used [0x00000007be700000,0x00000007bf380000,0x00000007bf380000)
  to   space 12800K, 0% used [0x00000007bf380000,0x00000007bf380000,0x00000007c0000000)
 ParOldGen       total 543744K, used 439192K [0x00000006c1800000, 0x00000006e2b00000, 0x00000007b9c00000)
  object space 543744K, 80% used [0x00000006c1800000,0x00000006dc4e6000,0x00000006e2b00000)
 Metaspace       used 2707K, capacity 4486K, committed 4864K, reserved 1056768K
  class space    used 302K, capacity 386K, committed 512K, reserved 1048576K
Heap after GC invocations=488 (full 28):
 PSYoungGen      total 89600K, used 12800K [0x00000007b9c00000, 0x00000007c0000000, 0x00000007c0000000)
  eden space 76800K, 0% used [0x00000007b9c00000,0x00000007b9c00000,0x00000007be700000)
  from space 12800K, 100% used [0x00000007bf380000,0x00000007c0000000,0x00000007c0000000)
  to   space 12800K, 0% used [0x00000007be700000,0x00000007be700000,0x00000007bf380000)
 ParOldGen       total 543744K, used 459352K [0x00000006c1800000, 0x00000006e2b00000, 0x00000007b9c00000)
  object space 543744K, 84% used [0x00000006c1800000,0x00000006dd896000,0x00000006e2b00000)
 Metaspace       used 2707K, capacity 4486K, committed 4864K, reserved 1056768K
  class space    used 302K, capacity 386K, committed 512K, reserved 1048576K
}
{Heap before GC invocations=489 (full 28):
 PSYoungGen      total 89600K, used 89600K [0x00000007b9c00000, 0x00000007c0000000, 0x00000007c0000000)
  eden space 76800K, 100% used [0x00000007b9c00000,0x00000007be700000,0x00000007be700000)
  from space 12800K, 100% used [0x00000007bf380000,0x00000007c0000000,0x00000007c0000000)
  to   space 12800K, 0% used [0x00000007be700000,0x00000007be700000,0x00000007bf380000)
 ParOldGen       total 543744K, used 459352K [0x00000006c1800000, 0x00000006e2b00000, 0x00000007b9c00000)
  object space 543744K, 84% used [0x00000006c1800000,0x00000006dd896000,0x00000006e2b00000)
 Metaspace       used 2707K, capacity 4486K, committed 4864K, reserved 1056768K
  class space    used 302K, capacity 386K, committed 512K, reserved 1048576K
Heap after GC invocations=489 (full 28):
 PSYoungGen      total 89600K, used 12800K [0x00000007b9c00000, 0x00000007c0000000, 0x00000007c0000000)
  eden space 76800K, 0% used [0x00000007b9c00000,0x00000007b9c00000,0x00000007be700000)
  from space 12800K, 100% used [0x00000007be700000,0x00000007bf380000,0x00000007bf380000)
  to   space 12800K, 0% used [0x00000007bf380000,0x00000007bf380000,0x00000007c0000000)
 ParOldGen       total 543744K, used 479520K [0x00000006c1800000, 0x00000006e2b00000, 0x00000007b9c00000)
  object space 543744K, 88% used [0x00000006c1800000,0x00000006dec48000,0x00000006e2b00000)
 Metaspace       used 2707K, capacity 4486K, committed 4864K, reserved 1056768K
  class space    used 302K, capacity 386K, committed 512K, reserved 1048576K
}
{Heap before GC invocations=490 (full 28):
 PSYoungGen      total 89600K, used 89600K [0x00000007b9c00000, 0x00000007c0000000, 0x00000007c0000000)
  eden space 76800K, 100% used [0x00000007b9c00000,0x00000007be700000,0x00000007be700000)
  from space 12800K, 100% used [0x00000007be700000,0x00000007bf380000,0x00000007bf380000)
  to   space 12800K, 0% used [0x00000007bf380000,0x00000007bf380000,0x00000007c0000000)
 ParOldGen       total 543744K, used 479520K [0x00000006c1800000, 0x00000006e2b00000, 0x00000007b9c00000)
  object space 543744K, 88% used [0x00000006c1800000,0x00000006dec48000,0x00000006e2b00000)
 Metaspace       used 2707K, capacity 4486K, committed 4864K, reserved 1056768K
  class space    used 302K, capacity 386K, committed 512K, reserved 1048576K
Heap after GC invocations=490 (full 28):
 PSYoungGen      total 89600K, used 12800K [0x00000007b9c00000, 0x00000007c0000000, 0x00000007c0000000)
  eden space 76800K, 0% used [0x00000007b9c00000,0x00000007b9c00000,0x00000007be700000)
  from space 12800K, 100% used [0x00000007bf380000,0x00000007c0000000,0x00000007c0000000)
  to   space 12800K, 0% used [0x00000007be700000,0x00000007be700000,0x00000007bf380000)
 ParOldGen       total 543744K, used 499696K [0x00000006c1800000, 0x00000006e2b00000, 0x00000007b9c00000)
  object space 543744K, 91% used [0x00000006c1800000,0x00000006dfffc000,0x00000006e2b00000)
 Metaspace       used 2707K, capacity 4486K, committed 4864K, reserved 1056768K
  class space    used 302K, capacity 386K, committed 512K, reserved 1048576K
}
{Heap before GC invocations=491 (full 28):
 PSYoungGen      total 89600K, used 89600K [0x00000007b9c00000, 0x00000007c0000000, 0x00000007c0000000)
  eden space 76800K, 100% used [0x00000007b9c00000,0x00000007be700000,0x00000007be700000)
  from space 12800K, 100% used [0x00000007bf380000,0x00000007c0000000,0x00000007c0000000)
  to   space 12800K, 0% used [0x00000007be700000,0x00000007be700000,0x00000007bf380000)
 ParOldGen       total 543744K, used 499696K [0x00000006c1800000, 0x00000006e2b00000, 0x00000007b9c00000)
  object space 543744K, 91% used [0x00000006c1800000,0x00000006dfffc000,0x00000006e2b00000)
 Metaspace       used 2707K, capacity 4486K, committed 4864K, reserved 1056768K
  class space    used 302K, capacity 386K, committed 512K, reserved 1048576K
Heap after GC invocations=491 (full 28):
 PSYoungGen      total 89600K, used 12800K [0x00000007b9c00000, 0x00000007c0000000, 0x00000007c0000000)
  eden space 76800K, 0% used [0x00000007b9c00000,0x00000007b9c00000,0x00000007be700000)
  from space 12800K, 100% used [0x00000007be700000,0x00000007bf380000,0x00000007bf380000)
  to   space 12800K, 0% used [0x00000007bf380000,0x00000007bf380000,0x00000007c0000000)
 ParOldGen       total 543744K, used 519864K [0x00000006c1800000, 0x00000006e2b00000, 0x00000007b9c00000)
  object space 543744K, 95% used [0x00000006c1800000,0x00000006e13ae000,0x00000006e2b00000)
 Metaspace       used 2707K, capacity 4486K, committed 4864K, reserved 1056768K
  class space    used 302K, capacity 386K, committed 512K, reserved 1048576K
}
{Heap before GC invocations=492 (full 28):
 PSYoungGen      total 89600K, used 89600K [0x00000007b9c00000, 0x00000007c0000000, 0x00000007c0000000)
  eden space 76800K, 100% used [0x00000007b9c00000,0x00000007be700000,0x00000007be700000)
  from space 12800K, 100% used [0x00000007be700000,0x00000007bf380000,0x00000007bf380000)
  to   space 12800K, 0% used [0x00000007bf380000,0x00000007bf380000,0x00000007c0000000)
 ParOldGen       total 543744K, used 519864K [0x00000006c1800000, 0x00000006e2b00000, 0x00000007b9c00000)
  object space 543744K, 95% used [0x00000006c1800000,0x00000006e13ae000,0x00000006e2b00000)
 Metaspace       used 2707K, capacity 4486K, committed 4864K, reserved 1056768K
  class space    used 302K, capacity 386K, committed 512K, reserved 1048576K
Heap after GC invocations=492 (full 28):
 PSYoungGen      total 89600K, used 12800K [0x00000007b9c00000, 0x00000007c0000000, 0x00000007c0000000)
  eden space 76800K, 0% used [0x00000007b9c00000,0x00000007b9c00000,0x00000007be700000)
  from space 12800K, 100% used [0x00000007bf380000,0x00000007c0000000,0x00000007c0000000)
  to   space 12800K, 0% used [0x00000007be700000,0x00000007be700000,0x00000007bf380000)
 ParOldGen       total 543744K, used 540032K [0x00000006c1800000, 0x00000006e2b00000, 0x00000007b9c00000)
  object space 543744K, 99% used [0x00000006c1800000,0x00000006e2760000,0x00000006e2b00000)
 Metaspace       used 2707K, capacity 4486K, committed 4864K, reserved 1056768K
  class space    used 302K, capacity 386K, committed 512K, reserved 1048576K
}
{Heap before GC invocations=493 (full 29):
 PSYoungGen      total 89600K, used 12800K [0x00000007b9c00000, 0x00000007c0000000, 0x00000007c0000000)
  eden space 76800K, 0% used [0x00000007b9c00000,0x00000007b9c00000,0x00000007be700000)
  from space 12800K, 100% used [0x00000007bf380000,0x00000007c0000000,0x00000007c0000000)
  to   space 12800K, 0% used [0x00000007be700000,0x00000007be700000,0x00000007bf380000)
 ParOldGen       total 543744K, used 540032K [0x00000006c1800000, 0x00000006e2b00000, 0x00000007b9c00000)
  object space 543744K, 99% used [0x00000006c1800000,0x00000006e2760000,0x00000006e2b00000)
 Metaspace       used 2707K, capacity 4486K, committed 4864K, reserved 1056768K
  class space    used 302K, capacity 386K, committed 512K, reserved 1048576K
Heap after GC invocations=493 (full 29):
 PSYoungGen      total 89600K, used 0K [0x00000007b9c00000, 0x00000007c0000000, 0x00000007c0000000)
  eden space 76800K, 0% used [0x00000007b9c00000,0x00000007b9c00000,0x00000007be700000)
  from space 12800K, 0% used [0x00000007bf380000,0x00000007bf380000,0x00000007c0000000)
  to   space 12800K, 0% used [0x00000007be700000,0x00000007be700000,0x00000007bf380000)
 ParOldGen       total 555520K, used 35840K [0x00000006c1800000, 0x00000006e3680000, 0x00000007b9c00000)
  object space 555520K, 6% used [0x00000006c1800000,0x00000006c3b00000,0x00000006e3680000)
 Metaspace       used 2707K, capacity 4486K, committed 4864K, reserved 1056768K
  class space    used 302K, capacity 386K, committed 512K, reserved 1048576K
}
{Heap before GC invocations=494 (full 29):
 PSYoungGen      total 89600K, used 76800K [0x00000007b9c00000, 0x00000007c0000000, 0x00000007c0000000)
  eden space 76800K, 100% used [0x00000007b9c00000,0x00000007be700000,0x00000007be700000)
  from space 12800K, 0% used [0x00000007bf380000,0x00000007bf380000,0x00000007c0000000)
  to   space 12800K, 0% used [0x00000007be700000,0x00000007be700000,0x00000007bf380000)
 ParOldGen       total 555520K, used 35840K [0x00000006c1800000, 0x00000006e3680000, 0x00000007b9c00000)
  object space 555520K, 6% used [0x00000006c1800000,0x00000006c3b00000,0x00000006e3680000)
 Metaspace       used 2707K, capacity 4486K, committed 4864K, reserved 1056768K
  class space    used 302K, capacity 386K, committed 512K, reserved 1048576K
Heap after GC invocations=494 (full 29):
 PSYoungGen      total 89600K, used 12800K [0x00000007b9c00000, 0x00000007c0000000, 0x00000007c0000000)
  eden space 76800K, 0% used [0x00000007b9c00000,0x00000007b9c00000,0x00000007be700000)
  from space 12800K, 100% used [0x00000007be700000,0x00000007bf380000,0x00000007bf380000)
  to   space 12800K, 0% used [0x00000007bf380000,0x00000007bf380000,0x00000007c0000000)
 ParOldGen       total 555520K, used 56008K [0x00000006c1800000, 0x00000006e3680000, 0x00000007b9c00000)
  object space 555520K, 10% used [0x00000006c1800000,0x00000006c4eb2000,0x00000006e3680000)
 Metaspace       used 2707K, capacity 4486K, committed 4864K, reserved 1056768K
  class space    used 302K, capacity 386K, committed 512K, reserved 1048576K
}
{Heap before GC invocations=495 (full 29):
 PSYoungGen      total 89600K, used 89600K [0x00000007b9c00000, 0x00000007c0000000, 0x00000007c0000000)
  eden space 76800K, 100% used [0x00000007b9c00000,0x00000007be700000,0x00000007be700000)
  from space 12800K, 100% used [0x00000007be700000,0x00000007bf380000,0x00000007bf380000)
  to   space 12800K, 0% used [0x00000007bf380000,0x00000007bf380000,0x00000007c0000000)
 ParOldGen       total 555520K, used 56008K [0x00000006c1800000, 0x00000006e3680000, 0x00000007b9c00000)
  object space 555520K, 10% used [0x00000006c1800000,0x00000006c4eb2000,0x00000006e3680000)
 Metaspace       used 2707K, capacity 4486K, committed 4864K, reserved 1056768K
  class space    used 302K, capacity 386K, committed 512K, reserved 1048576K
Heap after GC invocations=495 (full 29):
 PSYoungGen      total 89600K, used 12800K [0x00000007b9c00000, 0x00000007c0000000, 0x00000007c0000000)
  eden space 76800K, 0% used [0x00000007b9c00000,0x00000007b9c00000,0x00000007be700000)
  from space 12800K, 100% used [0x00000007bf380000,0x00000007c0000000,0x00000007c0000000)
  to   space 12800K, 0% used [0x00000007be700000,0x00000007be700000,0x00000007bf380000)
 ParOldGen       total 555520K, used 76168K [0x00000006c1800000, 0x00000006e3680000, 0x00000007b9c00000)
  object space 555520K, 13% used [0x00000006c1800000,0x00000006c6262000,0x00000006e3680000)
 Metaspace       used 2707K, capacity 4486K, committed 4864K, reserved 1056768K
  class space    used 302K, capacity 386K, committed 512K, reserved 1048576K
}
{Heap before GC invocations=496 (full 29):
 PSYoungGen      total 89600K, used 89600K [0x00000007b9c00000, 0x00000007c0000000, 0x00000007c0000000)
  eden space 76800K, 100% used [0x00000007b9c00000,0x00000007be700000,0x00000007be700000)
  from space 12800K, 100% used [0x00000007bf380000,0x00000007c0000000,0x00000007c0000000)
  to   space 12800K, 0% used [0x00000007be700000,0x00000007be700000,0x00000007bf380000)
 ParOldGen       total 555520K, used 76168K [0x00000006c1800000, 0x00000006e3680000, 0x00000007b9c00000)
  object space 555520K, 13% used [0x00000006c1800000,0x00000006c6262000,0x00000006e3680000)
 Metaspace       used 2707K, capacity 4486K, committed 4864K, reserved 1056768K
  class space    used 302K, capacity 386K, committed 512K, reserved 1048576K
Heap after GC invocations=496 (full 29):
 PSYoungGen      total 89600K, used 12800K [0x00000007b9c00000, 0x00000007c0000000, 0x00000007c0000000)
  eden space 76800K, 0% used [0x00000007b9c00000,0x00000007b9c00000,0x00000007be700000)
  from space 12800K, 100% used [0x00000007be700000,0x00000007bf380000,0x00000007bf380000)
  to   space 12800K, 0% used [0x00000007bf380000,0x00000007bf380000,0x00000007c0000000)
 ParOldGen       total 555520K, used 96336K [0x00000006c1800000, 0x00000006e3680000, 0x00000007b9c00000)
  object space 555520K, 17% used [0x00000006c1800000,0x00000006c7614000,0x00000006e3680000)
 Metaspace       used 2707K, capacity 4486K, committed 4864K, reserved 1056768K
  class space    used 302K, capacity 386K, committed 512K, reserved 1048576K
}
{Heap before GC invocations=497 (full 29):
 PSYoungGen      total 89600K, used 89600K [0x00000007b9c00000, 0x00000007c0000000, 0x00000007c0000000)
  eden space 76800K, 100% used [0x00000007b9c00000,0x00000007be700000,0x00000007be700000)
  from space 12800K, 100% used [0x00000007be700000,0x00000007bf380000,0x00000007bf380000)
  to   space 12800K, 0% used [0x00000007bf380000,0x00000007bf380000,0x00000007c0000000)
 ParOldGen       total 555520K, used 96336K [0x00000006c1800000, 0x00000006e3680000, 0x00000007b9c00000)
  object space 555520K, 17% used [0x00000006c1800000,0x00000006c7614000,0x00000006e3680000)
 Metaspace       used 2707K, capacity 4486K, committed 4864K, reserved 1056768K
  class space    used 302K, capacity 386K, committed 512K, reserved 1048576K
Heap after GC invocations=497 (full 29):
 PSYoungGen      total 89600K, used 12800K [0x00000007b9c00000, 0x00000007c0000000, 0x00000007c0000000)
  eden space 76800K, 0% used [0x00000007b9c00000,0x00000007b9c00000,0x00000007be700000)
  from space 12800K, 100% used [0x00000007bf380000,0x00000007c0000000,0x00000007c0000000)
  to   space 12800K, 0% used [0x00000007be700000,0x00000007be700000,0x00000007bf380000)
 ParOldGen       total 555520K, used 116504K [0x00000006c1800000, 0x00000006e3680000, 0x00000007b9c00000)
  object space 555520K, 20% used [0x00000006c1800000,0x00000006c89c6000,0x00000006e3680000)
 Metaspace       used 2707K, capacity 4486K, committed 4864K, reserved 1056768K
  class space    used 302K, capacity 386K, committed 512K, reserved 1048576K
}
{Heap before GC invocations=498 (full 29):
 PSYoungGen      total 89600K, used 89600K [0x00000007b9c00000, 0x00000007c0000000, 0x00000007c0000000)
  eden space 76800K, 100% used [0x00000007b9c00000,0x00000007be700000,0x00000007be700000)
  from space 12800K, 100% used [0x00000007bf380000,0x00000007c0000000,0x00000007c0000000)
  to   space 12800K, 0% used [0x00000007be700000,0x00000007be700000,0x00000007bf380000)
 ParOldGen       total 555520K, used 116504K [0x00000006c1800000, 0x00000006e3680000, 0x00000007b9c00000)
  object space 555520K, 20% used [0x00000006c1800000,0x00000006c89c6000,0x00000006e3680000)
 Metaspace       used 2707K, capacity 4486K, committed 4864K, reserved 1056768K
  class space    used 302K, capacity 386K, committed 512K, reserved 1048576K
Heap after GC invocations=498 (full 29):
 PSYoungGen      total 89600K, used 12800K [0x00000007b9c00000, 0x00000007c0000000, 0x00000007c0000000)
  eden space 76800K, 0% used [0x00000007b9c00000,0x00000007b9c00000,0x00000007be700000)
  from space 12800K, 100% used [0x00000007be700000,0x00000007bf380000,0x00000007bf380000)
  to   space 12800K, 0% used [0x00000007bf380000,0x00000007bf380000,0x00000007c0000000)
 ParOldGen       total 555520K, used 136672K [0x00000006c1800000, 0x00000006e3680000, 0x00000007b9c00000)
  object space 555520K, 24% used [0x00000006c1800000,0x00000006c9d78000,0x00000006e3680000)
 Metaspace       used 2707K, capacity 4486K, committed 4864K, reserved 1056768K
  class space    used 302K, capacity 386K, committed 512K, reserved 1048576K
}
{Heap before GC invocations=499 (full 29):
 PSYoungGen      total 89600K, used 89600K [0x00000007b9c00000, 0x00000007c0000000, 0x00000007c0000000)
  eden space 76800K, 100% used [0x00000007b9c00000,0x00000007be700000,0x00000007be700000)
  from space 12800K, 100% used [0x00000007be700000,0x00000007bf380000,0x00000007bf380000)
  to   space 12800K, 0% used [0x00000007bf380000,0x00000007bf380000,0x00000007c0000000)
 ParOldGen       total 555520K, used 136672K [0x00000006c1800000, 0x00000006e3680000, 0x00000007b9c00000)
  object space 555520K, 24% used [0x00000006c1800000,0x00000006c9d78000,0x00000006e3680000)
 Metaspace       used 2707K, capacity 4486K, committed 4864K, reserved 1056768K
  class space    used 302K, capacity 386K, committed 512K, reserved 1048576K
Heap after GC invocations=499 (full 29):
 PSYoungGen      total 89600K, used 12800K [0x00000007b9c00000, 0x00000007c0000000, 0x00000007c0000000)
  eden space 76800K, 0% used [0x00000007b9c00000,0x00000007b9c00000,0x00000007be700000)
  from space 12800K, 100% used [0x00000007bf380000,0x00000007c0000000,0x00000007c0000000)
  to   space 12800K, 0% used [0x00000007be700000,0x00000007be700000,0x00000007bf380000)
 ParOldGen       total 555520K, used 156840K [0x00000006c1800000, 0x00000006e3680000, 0x00000007b9c00000)
  object space 555520K, 28% used [0x00000006c1800000,0x00000006cb12a000,0x00000006e3680000)
 Metaspace       used 2707K, capacity 4486K, committed 4864K, reserved 1056768K
  class space    used 302K, capacity 386K, committed 512K, reserved 1048576K
}
{Heap before GC invocations=500 (full 29):
 PSYoungGen      total 89600K, used 89600K [0x00000007b9c00000, 0x00000007c0000000, 0x00000007c0000000)
  eden space 76800K, 100% used [0x00000007b9c00000,0x00000007be700000,0x00000007be700000)
  from space 12800K, 100% used [0x00000007bf380000,0x00000007c0000000,0x00000007c0000000)
  to   space 12800K, 0% used [0x00000007be700000,0x00000007be700000,0x00000007bf380000)
 ParOldGen       total 555520K, used 156840K [0x00000006c1800000, 0x00000006e3680000, 0x00000007b9c00000)
  object space 555520K, 28% used [0x00000006c1800000,0x00000006cb12a000,0x00000006e3680000)
 Metaspace       used 2707K, capacity 4486K, committed 4864K, reserved 1056768K
  class space    used 302K, capacity 386K, committed 512K, reserved 1048576K
Heap after GC invocations=500 (full 29):
 PSYoungGen      total 89600K, used 12800K [0x00000007b9c00000, 0x00000007c0000000, 0x00000007c0000000)
  eden space 76800K, 0% used [0x00000007b9c00000,0x00000007b9c00000,0x00000007be700000)
  from space 12800K, 100% used [0x00000007be700000,0x00000007bf380000,0x00000007bf380000)
  to   space 12800K, 0% used [0x00000007bf380000,0x00000007bf380000,0x00000007c0000000)
 ParOldGen       total 555520K, used 177008K [0x00000006c1800000, 0x00000006e3680000, 0x00000007b9c00000)
  object space 555520K, 31% used [0x00000006c1800000,0x00000006cc4dc000,0x00000006e3680000)
 Metaspace       used 2707K, capacity 4486K, committed 4864K, reserved 1056768K
  class space    used 302K, capacity 386K, committed 512K, reserved 1048576K
}
{Heap before GC invocations=501 (full 29):
 PSYoungGen      total 89600K, used 89600K [0x00000007b9c00000, 0x00000007c0000000, 0x00000007c0000000)
  eden space 76800K, 100% used [0x00000007b9c00000,0x00000007be700000,0x00000007be700000)
  from space 12800K, 100% used [0x00000007be700000,0x00000007bf380000,0x00000007bf380000)
  to   space 12800K, 0% used [0x00000007bf380000,0x00000007bf380000,0x00000007c0000000)
 ParOldGen       total 555520K, used 177008K [0x00000006c1800000, 0x00000006e3680000, 0x00000007b9c00000)
  object space 555520K, 31% used [0x00000006c1800000,0x00000006cc4dc000,0x00000006e3680000)
 Metaspace       used 2707K, capacity 4486K, committed 4864K, reserved 1056768K
  class space    used 302K, capacity 386K, committed 512K, reserved 1048576K
Heap after GC invocations=501 (full 29):
 PSYoungGen      total 89600K, used 12800K [0x00000007b9c00000, 0x00000007c0000000, 0x00000007c0000000)
  eden space 76800K, 0% used [0x00000007b9c00000,0x00000007b9c00000,0x00000007be700000)
  from space 12800K, 100% used [0x00000007bf380000,0x00000007c0000000,0x00000007c0000000)
  to   space 12800K, 0% used [0x00000007be700000,0x00000007be700000,0x00000007bf380000)
 ParOldGen       total 555520K, used 197176K [0x00000006c1800000, 0x00000006e3680000, 0x00000007b9c00000)
  object space 555520K, 35% used [0x00000006c1800000,0x00000006cd88e000,0x00000006e3680000)
 Metaspace       used 2707K, capacity 4486K, committed 4864K, reserved 1056768K
  class space    used 302K, capacity 386K, committed 512K, reserved 1048576K
}
{Heap before GC invocations=502 (full 29):
 PSYoungGen      total 89600K, used 89600K [0x00000007b9c00000, 0x00000007c0000000, 0x00000007c0000000)
  eden space 76800K, 100% used [0x00000007b9c00000,0x00000007be700000,0x00000007be700000)
  from space 12800K, 100% used [0x00000007bf380000,0x00000007c0000000,0x00000007c0000000)
  to   space 12800K, 0% used [0x00000007be700000,0x00000007be700000,0x00000007bf380000)
 ParOldGen       total 555520K, used 197176K [0x00000006c1800000, 0x00000006e3680000, 0x00000007b9c00000)
  object space 555520K, 35% used [0x00000006c1800000,0x00000006cd88e000,0x00000006e3680000)
 Metaspace       used 2707K, capacity 4486K, committed 4864K, reserved 1056768K
  class space    used 302K, capacity 386K, committed 512K, reserved 1048576K
Heap after GC invocations=502 (full 29):
 PSYoungGen      total 89600K, used 12800K [0x00000007b9c00000, 0x00000007c0000000, 0x00000007c0000000)
  eden space 76800K, 0% used [0x00000007b9c00000,0x00000007b9c00000,0x00000007be700000)
  from space 12800K, 100% used [0x00000007be700000,0x00000007bf380000,0x00000007bf380000)
  to   space 12800K, 0% used [0x00000007bf380000,0x00000007bf380000,0x00000007c0000000)
 ParOldGen       total 555520K, used 217336K [0x00000006c1800000, 0x00000006e3680000, 0x00000007b9c00000)
  object space 555520K, 39% used [0x00000006c1800000,0x00000006cec3e000,0x00000006e3680000)
 Metaspace       used 2707K, capacity 4486K, committed 4864K, reserved 1056768K
  class space    used 302K, capacity 386K, committed 512K, reserved 1048576K
}
{Heap before GC invocations=503 (full 29):
 PSYoungGen      total 89600K, used 89600K [0x00000007b9c00000, 0x00000007c0000000, 0x00000007c0000000)
  eden space 76800K, 100% used [0x00000007b9c00000,0x00000007be700000,0x00000007be700000)
  from space 12800K, 100% used [0x00000007be700000,0x00000007bf380000,0x00000007bf380000)
  to   space 12800K, 0% used [0x00000007bf380000,0x00000007bf380000,0x00000007c0000000)
 ParOldGen       total 555520K, used 217336K [0x00000006c1800000, 0x00000006e3680000, 0x00000007b9c00000)
  object space 555520K, 39% used [0x00000006c1800000,0x00000006cec3e000,0x00000006e3680000)
 Metaspace       used 2707K, capacity 4486K, committed 4864K, reserved 1056768K
  class space    used 302K, capacity 386K, committed 512K, reserved 1048576K
Heap after GC invocations=503 (full 29):
 PSYoungGen      total 89600K, used 12800K [0x00000007b9c00000, 0x00000007c0000000, 0x00000007c0000000)
  eden space 76800K, 0% used [0x00000007b9c00000,0x00000007b9c00000,0x00000007be700000)
  from space 12800K, 100% used [0x00000007bf380000,0x00000007c0000000,0x00000007c0000000)
  to   space 12800K, 0% used [0x00000007be700000,0x00000007be700000,0x00000007bf380000)
 ParOldGen       total 555520K, used 237496K [0x00000006c1800000, 0x00000006e3680000, 0x00000007b9c00000)
  object space 555520K, 42% used [0x00000006c1800000,0x00000006cffee000,0x00000006e3680000)
 Metaspace       used 2707K, capacity 4486K, committed 4864K, reserved 1056768K
  class space    used 302K, capacity 386K, committed 512K, reserved 1048576K
}
{Heap before GC invocations=504 (full 29):
 PSYoungGen      total 89600K, used 89600K [0x00000007b9c00000, 0x00000007c0000000, 0x00000007c0000000)
  eden space 76800K, 100% used [0x00000007b9c00000,0x00000007be700000,0x00000007be700000)
  from space 12800K, 100% used [0x00000007bf380000,0x00000007c0000000,0x00000007c0000000)
  to   space 12800K, 0% used [0x00000007be700000,0x00000007be700000,0x00000007bf380000)
 ParOldGen       total 555520K, used 237496K [0x00000006c1800000, 0x00000006e3680000, 0x00000007b9c00000)
  object space 555520K, 42% used [0x00000006c1800000,0x00000006cffee000,0x00000006e3680000)
 Metaspace       used 2707K, capacity 4486K, committed 4864K, reserved 1056768K
  class space    used 302K, capacity 386K, committed 512K, reserved 1048576K
Heap after GC invocations=504 (full 29):
 PSYoungGen      total 89600K, used 12800K [0x00000007b9c00000, 0x00000007c0000000, 0x00000007c0000000)
  eden space 76800K, 0% used [0x00000007b9c00000,0x00000007b9c00000,0x00000007be700000)
  from space 12800K, 100% used [0x00000007be700000,0x00000007bf380000,0x00000007bf380000)
  to   space 12800K, 0% used [0x00000007bf380000,0x00000007bf380000,0x00000007c0000000)
 ParOldGen       total 555520K, used 257664K [0x00000006c1800000, 0x00000006e3680000, 0x00000007b9c00000)
  object space 555520K, 46% used [0x00000006c1800000,0x00000006d13a0000,0x00000006e3680000)
 Metaspace       used 2707K, capacity 4486K, committed 4864K, reserved 1056768K
  class space    used 302K, capacity 386K, committed 512K, reserved 1048576K
}
{Heap before GC invocations=505 (full 29):
 PSYoungGen      total 89600K, used 89600K [0x00000007b9c00000, 0x00000007c0000000, 0x00000007c0000000)
  eden space 76800K, 100% used [0x00000007b9c00000,0x00000007be700000,0x00000007be700000)
  from space 12800K, 100% used [0x00000007be700000,0x00000007bf380000,0x00000007bf380000)
  to   space 12800K, 0% used [0x00000007bf380000,0x00000007bf380000,0x00000007c0000000)
 ParOldGen       total 555520K, used 257664K [0x00000006c1800000, 0x00000006e3680000, 0x00000007b9c00000)
  object space 555520K, 46% used [0x00000006c1800000,0x00000006d13a0000,0x00000006e3680000)
 Metaspace       used 2707K, capacity 4486K, committed 4864K, reserved 1056768K
  class space    used 302K, capacity 386K, committed 512K, reserved 1048576K
Heap after GC invocations=505 (full 29):
 PSYoungGen      total 89600K, used 12800K [0x00000007b9c00000, 0x00000007c0000000, 0x00000007c0000000)
  eden space 76800K, 0% used [0x00000007b9c00000,0x00000007b9c00000,0x00000007be700000)
  from space 12800K, 100% used [0x00000007bf380000,0x00000007c0000000,0x00000007c0000000)
  to   space 12800K, 0% used [0x00000007be700000,0x00000007be700000,0x00000007bf380000)
 ParOldGen       total 555520K, used 277824K [0x00000006c1800000, 0x00000006e3680000, 0x00000007b9c00000)
  object space 555520K, 50% used [0x00000006c1800000,0x00000006d2750000,0x00000006e3680000)
 Metaspace       used 2707K, capacity 4486K, committed 4864K, reserved 1056768K
  class space    used 302K, capacity 386K, committed 512K, reserved 1048576K
}
{Heap before GC invocations=506 (full 29):
 PSYoungGen      total 89600K, used 89600K [0x00000007b9c00000, 0x00000007c0000000, 0x00000007c0000000)
  eden space 76800K, 100% used [0x00000007b9c00000,0x00000007be700000,0x00000007be700000)
  from space 12800K, 100% used [0x00000007bf380000,0x00000007c0000000,0x00000007c0000000)
  to   space 12800K, 0% used [0x00000007be700000,0x00000007be700000,0x00000007bf380000)
 ParOldGen       total 555520K, used 277824K [0x00000006c1800000, 0x00000006e3680000, 0x00000007b9c00000)
  object space 555520K, 50% used [0x00000006c1800000,0x00000006d2750000,0x00000006e3680000)
 Metaspace       used 2707K, capacity 4486K, committed 4864K, reserved 1056768K
  class space    used 302K, capacity 386K, committed 512K, reserved 1048576K
Heap after GC invocations=506 (full 29):
 PSYoungGen      total 89600K, used 12800K [0x00000007b9c00000, 0x00000007c0000000, 0x00000007c0000000)
  eden space 76800K, 0% used [0x00000007b9c00000,0x00000007b9c00000,0x00000007be700000)
  from space 12800K, 100% used [0x00000007be700000,0x00000007bf380000,0x00000007bf380000)
  to   space 12800K, 0% used [0x00000007bf380000,0x00000007bf380000,0x00000007c0000000)
 ParOldGen       total 555520K, used 297984K [0x00000006c1800000, 0x00000006e3680000, 0x00000007b9c00000)
  object space 555520K, 53% used [0x00000006c1800000,0x00000006d3b00000,0x00000006e3680000)
 Metaspace       used 2707K, capacity 4486K, committed 4864K, reserved 1056768K
  class space    used 302K, capacity 386K, committed 512K, reserved 1048576K
}
{Heap before GC invocations=507 (full 29):
 PSYoungGen      total 89600K, used 89600K [0x00000007b9c00000, 0x00000007c0000000, 0x00000007c0000000)
  eden space 76800K, 100% used [0x00000007b9c00000,0x00000007be700000,0x00000007be700000)
  from space 12800K, 100% used [0x00000007be700000,0x00000007bf380000,0x00000007bf380000)
  to   space 12800K, 0% used [0x00000007bf380000,0x00000007bf380000,0x00000007c0000000)
 ParOldGen       total 555520K, used 297984K [0x00000006c1800000, 0x00000006e3680000, 0x00000007b9c00000)
  object space 555520K, 53% used [0x00000006c1800000,0x00000006d3b00000,0x00000006e3680000)
 Metaspace       used 2707K, capacity 4486K, committed 4864K, reserved 1056768K
  class space    used 302K, capacity 386K, committed 512K, reserved 1048576K
Heap after GC invocations=507 (full 29):
 PSYoungGen      total 89600K, used 12800K [0x00000007b9c00000, 0x00000007c0000000, 0x00000007c0000000)
  eden space 76800K, 0% used [0x00000007b9c00000,0x00000007b9c00000,0x00000007be700000)
  from space 12800K, 100% used [0x00000007bf380000,0x00000007c0000000,0x00000007c0000000)
  to   space 12800K, 0% used [0x00000007be700000,0x00000007be700000,0x00000007bf380000)
 ParOldGen       total 555520K, used 318152K [0x00000006c1800000, 0x00000006e3680000, 0x00000007b9c00000)
  object space 555520K, 57% used [0x00000006c1800000,0x00000006d4eb2000,0x00000006e3680000)
 Metaspace       used 2707K, capacity 4486K, committed 4864K, reserved 1056768K
  class space    used 302K, capacity 386K, committed 512K, reserved 1048576K
}
{Heap before GC invocations=508 (full 29):
 PSYoungGen      total 89600K, used 89600K [0x00000007b9c00000, 0x00000007c0000000, 0x00000007c0000000)
  eden space 76800K, 100% used [0x00000007b9c00000,0x00000007be700000,0x00000007be700000)
  from space 12800K, 100% used [0x00000007bf380000,0x00000007c0000000,0x00000007c0000000)
  to   space 12800K, 0% used [0x00000007be700000,0x00000007be700000,0x00000007bf380000)
 ParOldGen       total 555520K, used 318152K [0x00000006c1800000, 0x00000006e3680000, 0x00000007b9c00000)
  object space 555520K, 57% used [0x00000006c1800000,0x00000006d4eb2000,0x00000006e3680000)
 Metaspace       used 2707K, capacity 4486K, committed 4864K, reserved 1056768K
  class space    used 302K, capacity 386K, committed 512K, reserved 1048576K
Heap after GC invocations=508 (full 29):
 PSYoungGen      total 89600K, used 12800K [0x00000007b9c00000, 0x00000007c0000000, 0x00000007c0000000)
  eden space 76800K, 0% used [0x00000007b9c00000,0x00000007b9c00000,0x00000007be700000)
  from space 12800K, 100% used [0x00000007be700000,0x00000007bf380000,0x00000007bf380000)
  to   space 12800K, 0% used [0x00000007bf380000,0x00000007bf380000,0x00000007c0000000)
 ParOldGen       total 555520K, used 338328K [0x00000006c1800000, 0x00000006e3680000, 0x00000007b9c00000)
  object space 555520K, 60% used [0x00000006c1800000,0x00000006d6266000,0x00000006e3680000)
 Metaspace       used 2707K, capacity 4486K, committed 4864K, reserved 1056768K
  class space    used 302K, capacity 386K, committed 512K, reserved 1048576K
}
{Heap before GC invocations=509 (full 29):
 PSYoungGen      total 89600K, used 89600K [0x00000007b9c00000, 0x00000007c0000000, 0x00000007c0000000)
  eden space 76800K, 100% used [0x00000007b9c00000,0x00000007be700000,0x00000007be700000)
  from space 12800K, 100% used [0x00000007be700000,0x00000007bf380000,0x00000007bf380000)
  to   space 12800K, 0% used [0x00000007bf380000,0x00000007bf380000,0x00000007c0000000)
 ParOldGen       total 555520K, used 338328K [0x00000006c1800000, 0x00000006e3680000, 0x00000007b9c00000)
  object space 555520K, 60% used [0x00000006c1800000,0x00000006d6266000,0x00000006e3680000)
 Metaspace       used 2707K, capacity 4486K, committed 4864K, reserved 1056768K
  class space    used 302K, capacity 386K, committed 512K, reserved 1048576K
Heap after GC invocations=509 (full 29):
 PSYoungGen      total 89600K, used 12800K [0x00000007b9c00000, 0x00000007c0000000, 0x00000007c0000000)
  eden space 76800K, 0% used [0x00000007b9c00000,0x00000007b9c00000,0x00000007be700000)
  from space 12800K, 100% used [0x00000007bf380000,0x00000007c0000000,0x00000007c0000000)
  to   space 12800K, 0% used [0x00000007be700000,0x00000007be700000,0x00000007bf380000)
 ParOldGen       total 555520K, used 358496K [0x00000006c1800000, 0x00000006e3680000, 0x00000007b9c00000)
  object space 555520K, 64% used [0x00000006c1800000,0x00000006d7618000,0x00000006e3680000)
 Metaspace       used 2707K, capacity 4486K, committed 4864K, reserved 1056768K
  class space    used 302K, capacity 386K, committed 512K, reserved 1048576K
}
{Heap before GC invocations=510 (full 29):
 PSYoungGen      total 89600K, used 89600K [0x00000007b9c00000, 0x00000007c0000000, 0x00000007c0000000)
  eden space 76800K, 100% used [0x00000007b9c00000,0x00000007be700000,0x00000007be700000)
  from space 12800K, 100% used [0x00000007bf380000,0x00000007c0000000,0x00000007c0000000)
  to   space 12800K, 0% used [0x00000007be700000,0x00000007be700000,0x00000007bf380000)
 ParOldGen       total 555520K, used 358496K [0x00000006c1800000, 0x00000006e3680000, 0x00000007b9c00000)
  object space 555520K, 64% used [0x00000006c1800000,0x00000006d7618000,0x00000006e3680000)
 Metaspace       used 2707K, capacity 4486K, committed 4864K, reserved 1056768K
  class space    used 302K, capacity 386K, committed 512K, reserved 1048576K
Heap after GC invocations=510 (full 29):
 PSYoungGen      total 89600K, used 12800K [0x00000007b9c00000, 0x00000007c0000000, 0x00000007c0000000)
  eden space 76800K, 0% used [0x00000007b9c00000,0x00000007b9c00000,0x00000007be700000)
  from space 12800K, 100% used [0x00000007be700000,0x00000007bf380000,0x00000007bf380000)
  to   space 12800K, 0% used [0x00000007bf380000,0x00000007bf380000,0x00000007c0000000)
 ParOldGen       total 555520K, used 378664K [0x00000006c1800000, 0x00000006e3680000, 0x00000007b9c00000)
  object space 555520K, 68% used [0x00000006c1800000,0x00000006d89ca000,0x00000006e3680000)
 Metaspace       used 2707K, capacity 4486K, committed 4864K, reserved 1056768K
  class space    used 302K, capacity 386K, committed 512K, reserved 1048576K
}
{Heap before GC invocations=511 (full 29):
 PSYoungGen      total 89600K, used 89600K [0x00000007b9c00000, 0x00000007c0000000, 0x00000007c0000000)
  eden space 76800K, 100% used [0x00000007b9c00000,0x00000007be700000,0x00000007be700000)
  from space 12800K, 100% used [0x00000007be700000,0x00000007bf380000,0x00000007bf380000)
  to   space 12800K, 0% used [0x00000007bf380000,0x00000007bf380000,0x00000007c0000000)
 ParOldGen       total 555520K, used 378664K [0x00000006c1800000, 0x00000006e3680000, 0x00000007b9c00000)
  object space 555520K, 68% used [0x00000006c1800000,0x00000006d89ca000,0x00000006e3680000)
 Metaspace       used 2707K, capacity 4486K, committed 4864K, reserved 1056768K
  class space    used 302K, capacity 386K, committed 512K, reserved 1048576K
Heap after GC invocations=511 (full 29):
 PSYoungGen      total 89600K, used 12800K [0x00000007b9c00000, 0x00000007c0000000, 0x00000007c0000000)
  eden space 76800K, 0% used [0x00000007b9c00000,0x00000007b9c00000,0x00000007be700000)
  from space 12800K, 100% used [0x00000007bf380000,0x00000007c0000000,0x00000007c0000000)
  to   space 12800K, 0% used [0x00000007be700000,0x00000007be700000,0x00000007bf380000)
 ParOldGen       total 555520K, used 398824K [0x00000006c1800000, 0x00000006e3680000, 0x00000007b9c00000)
  object space 555520K, 71% used [0x00000006c1800000,0x00000006d9d7a000,0x00000006e3680000)
 Metaspace       used 2707K, capacity 4486K, committed 4864K, reserved 1056768K
  class space    used 302K, capacity 386K, committed 512K, reserved 1048576K
}
{Heap before GC invocations=512 (full 29):
 PSYoungGen      total 89600K, used 89600K [0x00000007b9c00000, 0x00000007c0000000, 0x00000007c0000000)
  eden space 76800K, 100% used [0x00000007b9c00000,0x00000007be700000,0x00000007be700000)
  from space 12800K, 100% used [0x00000007bf380000,0x00000007c0000000,0x00000007c0000000)
  to   space 12800K, 0% used [0x00000007be700000,0x00000007be700000,0x00000007bf380000)
 ParOldGen       total 555520K, used 398824K [0x00000006c1800000, 0x00000006e3680000, 0x00000007b9c00000)
  object space 555520K, 71% used [0x00000006c1800000,0x00000006d9d7a000,0x00000006e3680000)
 Metaspace       used 2707K, capacity 4486K, committed 4864K, reserved 1056768K
  class space    used 302K, capacity 386K, committed 512K, reserved 1048576K
Heap after GC invocations=512 (full 29):
 PSYoungGen      total 89600K, used 12800K [0x00000007b9c00000, 0x00000007c0000000, 0x00000007c0000000)
  eden space 76800K, 0% used [0x00000007b9c00000,0x00000007b9c00000,0x00000007be700000)
  from space 12800K, 100% used [0x00000007be700000,0x00000007bf380000,0x00000007bf380000)
  to   space 12800K, 0% used [0x00000007bf380000,0x00000007bf380000,0x00000007c0000000)
 ParOldGen       total 555520K, used 418984K [0x00000006c1800000, 0x00000006e3680000, 0x00000007b9c00000)
  object space 555520K, 75% used [0x00000006c1800000,0x00000006db12a000,0x00000006e3680000)
 Metaspace       used 2707K, capacity 4486K, committed 4864K, reserved 1056768K
  class space    used 302K, capacity 386K, committed 512K, reserved 1048576K
}
{Heap before GC invocations=513 (full 29):
 PSYoungGen      total 89600K, used 89600K [0x00000007b9c00000, 0x00000007c0000000, 0x00000007c0000000)
  eden space 76800K, 100% used [0x00000007b9c00000,0x00000007be700000,0x00000007be700000)
  from space 12800K, 100% used [0x00000007be700000,0x00000007bf380000,0x00000007bf380000)
  to   space 12800K, 0% used [0x00000007bf380000,0x00000007bf380000,0x00000007c0000000)
 ParOldGen       total 555520K, used 418984K [0x00000006c1800000, 0x00000006e3680000, 0x00000007b9c00000)
  object space 555520K, 75% used [0x00000006c1800000,0x00000006db12a000,0x00000006e3680000)
 Metaspace       used 2707K, capacity 4486K, committed 4864K, reserved 1056768K
  class space    used 302K, capacity 386K, committed 512K, reserved 1048576K
Heap after GC invocations=513 (full 29):
 PSYoungGen      total 89600K, used 12800K [0x00000007b9c00000, 0x00000007c0000000, 0x00000007c0000000)
  eden space 76800K, 0% used [0x00000007b9c00000,0x00000007b9c00000,0x00000007be700000)
  from space 12800K, 100% used [0x00000007bf380000,0x00000007c0000000,0x00000007c0000000)
  to   space 12800K, 0% used [0x00000007be700000,0x00000007be700000,0x00000007bf380000)
 ParOldGen       total 555520K, used 439152K [0x00000006c1800000, 0x00000006e3680000, 0x00000007b9c00000)
  object space 555520K, 79% used [0x00000006c1800000,0x00000006dc4dc000,0x00000006e3680000)
 Metaspace       used 2707K, capacity 4486K, committed 4864K, reserved 1056768K
  class space    used 302K, capacity 386K, committed 512K, reserved 1048576K
}
{Heap before GC invocations=514 (full 29):
 PSYoungGen      total 89600K, used 89600K [0x00000007b9c00000, 0x00000007c0000000, 0x00000007c0000000)
  eden space 76800K, 100% used [0x00000007b9c00000,0x00000007be700000,0x00000007be700000)
  from space 12800K, 100% used [0x00000007bf380000,0x00000007c0000000,0x00000007c0000000)
  to   space 12800K, 0% used [0x00000007be700000,0x00000007be700000,0x00000007bf380000)
 ParOldGen       total 555520K, used 439152K [0x00000006c1800000, 0x00000006e3680000, 0x00000007b9c00000)
  object space 555520K, 79% used [0x00000006c1800000,0x00000006dc4dc000,0x00000006e3680000)
 Metaspace       used 2707K, capacity 4486K, committed 4864K, reserved 1056768K
  class space    used 302K, capacity 386K, committed 512K, reserved 1048576K
Heap after GC invocations=514 (full 29):
 PSYoungGen      total 89600K, used 12800K [0x00000007b9c00000, 0x00000007c0000000, 0x00000007c0000000)
  eden space 76800K, 0% used [0x00000007b9c00000,0x00000007b9c00000,0x00000007be700000)
  from space 12800K, 100% used [0x00000007be700000,0x00000007bf380000,0x00000007bf380000)
  to   space 12800K, 0% used [0x00000007bf380000,0x00000007bf380000,0x00000007c0000000)
 ParOldGen       total 555520K, used 459320K [0x00000006c1800000, 0x00000006e3680000, 0x00000007b9c00000)
  object space 555520K, 82% used [0x00000006c1800000,0x00000006dd88e000,0x00000006e3680000)
 Metaspace       used 2707K, capacity 4486K, committed 4864K, reserved 1056768K
  class space    used 302K, capacity 386K, committed 512K, reserved 1048576K
}
{Heap before GC invocations=515 (full 29):
 PSYoungGen      total 89600K, used 89600K [0x00000007b9c00000, 0x00000007c0000000, 0x00000007c0000000)
  eden space 76800K, 100% used [0x00000007b9c00000,0x00000007be700000,0x00000007be700000)
  from space 12800K, 100% used [0x00000007be700000,0x00000007bf380000,0x00000007bf380000)
  to   space 12800K, 0% used [0x00000007bf380000,0x00000007bf380000,0x00000007c0000000)
 ParOldGen       total 555520K, used 459320K [0x00000006c1800000, 0x00000006e3680000, 0x00000007b9c00000)
  object space 555520K, 82% used [0x00000006c1800000,0x00000006dd88e000,0x00000006e3680000)
 Metaspace       used 2707K, capacity 4486K, committed 4864K, reserved 1056768K
  class space    used 302K, capacity 386K, committed 512K, reserved 1048576K
Heap after GC invocations=515 (full 29):
 PSYoungGen      total 89600K, used 12800K [0x00000007b9c00000, 0x00000007c0000000, 0x00000007c0000000)
  eden space 76800K, 0% used [0x00000007b9c00000,0x00000007b9c00000,0x00000007be700000)
  from space 12800K, 100% used [0x00000007bf380000,0x00000007c0000000,0x00000007c0000000)
  to   space 12800K, 0% used [0x00000007be700000,0x00000007be700000,0x00000007bf380000)
 ParOldGen       total 555520K, used 479480K [0x00000006c1800000, 0x00000006e3680000, 0x00000007b9c00000)
  object space 555520K, 86% used [0x00000006c1800000,0x00000006dec3e000,0x00000006e3680000)
 Metaspace       used 2707K, capacity 4486K, committed 4864K, reserved 1056768K
  class space    used 302K, capacity 386K, committed 512K, reserved 1048576K
}
{Heap before GC invocations=516 (full 29):
 PSYoungGen      total 89600K, used 89600K [0x00000007b9c00000, 0x00000007c0000000, 0x00000007c0000000)
  eden space 76800K, 100% used [0x00000007b9c00000,0x00000007be700000,0x00000007be700000)
  from space 12800K, 100% used [0x00000007bf380000,0x00000007c0000000,0x00000007c0000000)
  to   space 12800K, 0% used [0x00000007be700000,0x00000007be700000,0x00000007bf380000)
 ParOldGen       total 555520K, used 479480K [0x00000006c1800000, 0x00000006e3680000, 0x00000007b9c00000)
  object space 555520K, 86% used [0x00000006c1800000,0x00000006dec3e000,0x00000006e3680000)
 Metaspace       used 2707K, capacity 4486K, committed 4864K, reserved 1056768K
  class space    used 302K, capacity 386K, committed 512K, reserved 1048576K
Heap after GC invocations=516 (full 29):
 PSYoungGen      total 89600K, used 12800K [0x00000007b9c00000, 0x00000007c0000000, 0x00000007c0000000)
  eden space 76800K, 0% used [0x00000007b9c00000,0x00000007b9c00000,0x00000007be700000)
  from space 12800K, 100% used [0x00000007be700000,0x00000007bf380000,0x00000007bf380000)
  to   space 12800K, 0% used [0x00000007bf380000,0x00000007bf380000,0x00000007c0000000)
 ParOldGen       total 555520K, used 499648K [0x00000006c1800000, 0x00000006e3680000, 0x00000007b9c00000)
  object space 555520K, 89% used [0x00000006c1800000,0x00000006dfff0000,0x00000006e3680000)
 Metaspace       used 2707K, capacity 4486K, committed 4864K, reserved 1056768K
  class space    used 302K, capacity 386K, committed 512K, reserved 1048576K
}
{Heap before GC invocations=517 (full 29):
 PSYoungGen      total 89600K, used 89600K [0x00000007b9c00000, 0x00000007c0000000, 0x00000007c0000000)
  eden space 76800K, 100% used [0x00000007b9c00000,0x00000007be700000,0x00000007be700000)
  from space 12800K, 100% used [0x00000007be700000,0x00000007bf380000,0x00000007bf380000)
  to   space 12800K, 0% used [0x00000007bf380000,0x00000007bf380000,0x00000007c0000000)
 ParOldGen       total 555520K, used 499648K [0x00000006c1800000, 0x00000006e3680000, 0x00000007b9c00000)
  object space 555520K, 89% used [0x00000006c1800000,0x00000006dfff0000,0x00000006e3680000)
 Metaspace       used 2707K, capacity 4486K, committed 4864K, reserved 1056768K
  class space    used 302K, capacity 386K, committed 512K, reserved 1048576K
Heap after GC invocations=517 (full 29):
 PSYoungGen      total 89600K, used 12800K [0x00000007b9c00000, 0x00000007c0000000, 0x00000007c0000000)
  eden space 76800K, 0% used [0x00000007b9c00000,0x00000007b9c00000,0x00000007be700000)
  from space 12800K, 100% used [0x00000007bf380000,0x00000007c0000000,0x00000007c0000000)
  to   space 12800K, 0% used [0x00000007be700000,0x00000007be700000,0x00000007bf380000)
 ParOldGen       total 555520K, used 519824K [0x00000006c1800000, 0x00000006e3680000, 0x00000007b9c00000)
  object space 555520K, 93% used [0x00000006c1800000,0x00000006e13a4000,0x00000006e3680000)
 Metaspace       used 2707K, capacity 4486K, committed 4864K, reserved 1056768K
  class space    used 302K, capacity 386K, committed 512K, reserved 1048576K
}
{Heap before GC invocations=518 (full 29):
 PSYoungGen      total 89600K, used 89600K [0x00000007b9c00000, 0x00000007c0000000, 0x00000007c0000000)
  eden space 76800K, 100% used [0x00000007b9c00000,0x00000007be700000,0x00000007be700000)
  from space 12800K, 100% used [0x00000007bf380000,0x00000007c0000000,0x00000007c0000000)
  to   space 12800K, 0% used [0x00000007be700000,0x00000007be700000,0x00000007bf380000)
 ParOldGen       total 555520K, used 519824K [0x00000006c1800000, 0x00000006e3680000, 0x00000007b9c00000)
  object space 555520K, 93% used [0x00000006c1800000,0x00000006e13a4000,0x00000006e3680000)
 Metaspace       used 2707K, capacity 4486K, committed 4864K, reserved 1056768K
  class space    used 302K, capacity 386K, committed 512K, reserved 1048576K
Heap after GC invocations=518 (full 29):
 PSYoungGen      total 89600K, used 12800K [0x00000007b9c00000, 0x00000007c0000000, 0x00000007c0000000)
  eden space 76800K, 0% used [0x00000007b9c00000,0x00000007b9c00000,0x00000007be700000)
  from space 12800K, 100% used [0x00000007be700000,0x00000007bf380000,0x00000007bf380000)
  to   space 12800K, 0% used [0x00000007bf380000,0x00000007bf380000,0x00000007c0000000)
 ParOldGen       total 555520K, used 539992K [0x00000006c1800000, 0x00000006e3680000, 0x00000007b9c00000)
  object space 555520K, 97% used [0x00000006c1800000,0x00000006e2756000,0x00000006e3680000)
 Metaspace       used 2707K, capacity 4486K, committed 4864K, reserved 1056768K
  class space    used 302K, capacity 386K, committed 512K, reserved 1048576K
}
{Heap before GC invocations=519 (full 30):
 PSYoungGen      total 89600K, used 12800K [0x00000007b9c00000, 0x00000007c0000000, 0x00000007c0000000)
  eden space 76800K, 0% used [0x00000007b9c00000,0x00000007b9c00000,0x00000007be700000)
  from space 12800K, 100% used [0x00000007be700000,0x00000007bf380000,0x00000007bf380000)
  to   space 12800K, 0% used [0x00000007bf380000,0x00000007bf380000,0x00000007c0000000)
 ParOldGen       total 555520K, used 539992K [0x00000006c1800000, 0x00000006e3680000, 0x00000007b9c00000)
  object space 555520K, 97% used [0x00000006c1800000,0x00000006e2756000,0x00000006e3680000)
 Metaspace       used 2707K, capacity 4486K, committed 4864K, reserved 1056768K
  class space    used 302K, capacity 386K, committed 512K, reserved 1048576K
Heap after GC invocations=519 (full 30):
 PSYoungGen      total 89600K, used 0K [0x00000007b9c00000, 0x00000007c0000000, 0x00000007c0000000)
  eden space 76800K, 0% used [0x00000007b9c00000,0x00000007b9c00000,0x00000007be700000)
  from space 12800K, 0% used [0x00000007be700000,0x00000007be700000,0x00000007bf380000)
  to   space 12800K, 0% used [0x00000007bf380000,0x00000007bf380000,0x00000007c0000000)
 ParOldGen       total 567808K, used 35840K [0x00000006c1800000, 0x00000006e4280000, 0x00000007b9c00000)
  object space 567808K, 6% used [0x00000006c1800000,0x00000006c3b00000,0x00000006e4280000)
 Metaspace       used 2707K, capacity 4486K, committed 4864K, reserved 1056768K
  class space    used 302K, capacity 386K, committed 512K, reserved 1048576K
}
{Heap before GC invocations=520 (full 30):
 PSYoungGen      total 89600K, used 76800K [0x00000007b9c00000, 0x00000007c0000000, 0x00000007c0000000)
  eden space 76800K, 100% used [0x00000007b9c00000,0x00000007be700000,0x00000007be700000)
  from space 12800K, 0% used [0x00000007be700000,0x00000007be700000,0x00000007bf380000)
  to   space 12800K, 0% used [0x00000007bf380000,0x00000007bf380000,0x00000007c0000000)
 ParOldGen       total 567808K, used 35840K [0x00000006c1800000, 0x00000006e4280000, 0x00000007b9c00000)
  object space 567808K, 6% used [0x00000006c1800000,0x00000006c3b00000,0x00000006e4280000)
 Metaspace       used 2707K, capacity 4486K, committed 4864K, reserved 1056768K
  class space    used 302K, capacity 386K, committed 512K, reserved 1048576K
Heap after GC invocations=520 (full 30):
 PSYoungGen      total 89600K, used 12800K [0x00000007b9c00000, 0x00000007c0000000, 0x00000007c0000000)
  eden space 76800K, 0% used [0x00000007b9c00000,0x00000007b9c00000,0x00000007be700000)
  from space 12800K, 100% used [0x00000007bf380000,0x00000007c0000000,0x00000007c0000000)
  to   space 12800K, 0% used [0x00000007be700000,0x00000007be700000,0x00000007bf380000)
 ParOldGen       total 567808K, used 56008K [0x00000006c1800000, 0x00000006e4280000, 0x00000007b9c00000)
  object space 567808K, 9% used [0x00000006c1800000,0x00000006c4eb2000,0x00000006e4280000)
 Metaspace       used 2707K, capacity 4486K, committed 4864K, reserved 1056768K
  class space    used 302K, capacity 386K, committed 512K, reserved 1048576K
}
{Heap before GC invocations=521 (full 30):
 PSYoungGen      total 89600K, used 89600K [0x00000007b9c00000, 0x00000007c0000000, 0x00000007c0000000)
  eden space 76800K, 100% used [0x00000007b9c00000,0x00000007be700000,0x00000007be700000)
  from space 12800K, 100% used [0x00000007bf380000,0x00000007c0000000,0x00000007c0000000)
  to   space 12800K, 0% used [0x00000007be700000,0x00000007be700000,0x00000007bf380000)
 ParOldGen       total 567808K, used 56008K [0x00000006c1800000, 0x00000006e4280000, 0x00000007b9c00000)
  object space 567808K, 9% used [0x00000006c1800000,0x00000006c4eb2000,0x00000006e4280000)
 Metaspace       used 2707K, capacity 4486K, committed 4864K, reserved 1056768K
  class space    used 302K, capacity 386K, committed 512K, reserved 1048576K
Heap after GC invocations=521 (full 30):
 PSYoungGen      total 89600K, used 12800K [0x00000007b9c00000, 0x00000007c0000000, 0x00000007c0000000)
  eden space 76800K, 0% used [0x00000007b9c00000,0x00000007b9c00000,0x00000007be700000)
  from space 12800K, 100% used [0x00000007be700000,0x00000007bf380000,0x00000007bf380000)
  to   space 12800K, 0% used [0x00000007bf380000,0x00000007bf380000,0x00000007c0000000)
 ParOldGen       total 567808K, used 76168K [0x00000006c1800000, 0x00000006e4280000, 0x00000007b9c00000)
  object space 567808K, 13% used [0x00000006c1800000,0x00000006c6262000,0x00000006e4280000)
 Metaspace       used 2707K, capacity 4486K, committed 4864K, reserved 1056768K
  class space    used 302K, capacity 386K, committed 512K, reserved 1048576K
}
{Heap before GC invocations=522 (full 30):
 PSYoungGen      total 89600K, used 89600K [0x00000007b9c00000, 0x00000007c0000000, 0x00000007c0000000)
  eden space 76800K, 100% used [0x00000007b9c00000,0x00000007be700000,0x00000007be700000)
  from space 12800K, 100% used [0x00000007be700000,0x00000007bf380000,0x00000007bf380000)
  to   space 12800K, 0% used [0x00000007bf380000,0x00000007bf380000,0x00000007c0000000)
 ParOldGen       total 567808K, used 76168K [0x00000006c1800000, 0x00000006e4280000, 0x00000007b9c00000)
  object space 567808K, 13% used [0x00000006c1800000,0x00000006c6262000,0x00000006e4280000)
 Metaspace       used 2707K, capacity 4486K, committed 4864K, reserved 1056768K
  class space    used 302K, capacity 386K, committed 512K, reserved 1048576K
Heap after GC invocations=522 (full 30):
 PSYoungGen      total 89600K, used 12800K [0x00000007b9c00000, 0x00000007c0000000, 0x00000007c0000000)
  eden space 76800K, 0% used [0x00000007b9c00000,0x00000007b9c00000,0x00000007be700000)
  from space 12800K, 100% used [0x00000007bf380000,0x00000007c0000000,0x00000007c0000000)
  to   space 12800K, 0% used [0x00000007be700000,0x00000007be700000,0x00000007bf380000)
 ParOldGen       total 567808K, used 96336K [0x00000006c1800000, 0x00000006e4280000, 0x00000007b9c00000)
  object space 567808K, 16% used [0x00000006c1800000,0x00000006c7614000,0x00000006e4280000)
 Metaspace       used 2707K, capacity 4486K, committed 4864K, reserved 1056768K
  class space    used 302K, capacity 386K, committed 512K, reserved 1048576K
}
{Heap before GC invocations=523 (full 30):
 PSYoungGen      total 89600K, used 89600K [0x00000007b9c00000, 0x00000007c0000000, 0x00000007c0000000)
  eden space 76800K, 100% used [0x00000007b9c00000,0x00000007be700000,0x00000007be700000)
  from space 12800K, 100% used [0x00000007bf380000,0x00000007c0000000,0x00000007c0000000)
  to   space 12800K, 0% used [0x00000007be700000,0x00000007be700000,0x00000007bf380000)
 ParOldGen       total 567808K, used 96336K [0x00000006c1800000, 0x00000006e4280000, 0x00000007b9c00000)
  object space 567808K, 16% used [0x00000006c1800000,0x00000006c7614000,0x00000006e4280000)
 Metaspace       used 2707K, capacity 4486K, committed 4864K, reserved 1056768K
  class space    used 302K, capacity 386K, committed 512K, reserved 1048576K
Heap after GC invocations=523 (full 30):
 PSYoungGen      total 89600K, used 12800K [0x00000007b9c00000, 0x00000007c0000000, 0x00000007c0000000)
  eden space 76800K, 0% used [0x00000007b9c00000,0x00000007b9c00000,0x00000007be700000)
  from space 12800K, 100% used [0x00000007be700000,0x00000007bf380000,0x00000007bf380000)
  to   space 12800K, 0% used [0x00000007bf380000,0x00000007bf380000,0x00000007c0000000)
 ParOldGen       total 567808K, used 116504K [0x00000006c1800000, 0x00000006e4280000, 0x00000007b9c00000)
  object space 567808K, 20% used [0x00000006c1800000,0x00000006c89c6000,0x00000006e4280000)
 Metaspace       used 2707K, capacity 4486K, committed 4864K, reserved 1056768K
  class space    used 302K, capacity 386K, committed 512K, reserved 1048576K
}
{Heap before GC invocations=524 (full 30):
 PSYoungGen      total 89600K, used 89600K [0x00000007b9c00000, 0x00000007c0000000, 0x00000007c0000000)
  eden space 76800K, 100% used [0x00000007b9c00000,0x00000007be700000,0x00000007be700000)
  from space 12800K, 100% used [0x00000007be700000,0x00000007bf380000,0x00000007bf380000)
  to   space 12800K, 0% used [0x00000007bf380000,0x00000007bf380000,0x00000007c0000000)
 ParOldGen       total 567808K, used 116504K [0x00000006c1800000, 0x00000006e4280000, 0x00000007b9c00000)
  object space 567808K, 20% used [0x00000006c1800000,0x00000006c89c6000,0x00000006e4280000)
 Metaspace       used 2707K, capacity 4486K, committed 4864K, reserved 1056768K
  class space    used 302K, capacity 386K, committed 512K, reserved 1048576K
Heap after GC invocations=524 (full 30):
 PSYoungGen      total 89600K, used 12800K [0x00000007b9c00000, 0x00000007c0000000, 0x00000007c0000000)
  eden space 76800K, 0% used [0x00000007b9c00000,0x00000007b9c00000,0x00000007be700000)
  from space 12800K, 100% used [0x00000007bf380000,0x00000007c0000000,0x00000007c0000000)
  to   space 12800K, 0% used [0x00000007be700000,0x00000007be700000,0x00000007bf380000)
 ParOldGen       total 567808K, used 136672K [0x00000006c1800000, 0x00000006e4280000, 0x00000007b9c00000)
  object space 567808K, 24% used [0x00000006c1800000,0x00000006c9d78000,0x00000006e4280000)
 Metaspace       used 2707K, capacity 4486K, committed 4864K, reserved 1056768K
  class space    used 302K, capacity 386K, committed 512K, reserved 1048576K
}
{Heap before GC invocations=525 (full 30):
 PSYoungGen      total 89600K, used 89600K [0x00000007b9c00000, 0x00000007c0000000, 0x00000007c0000000)
  eden space 76800K, 100% used [0x00000007b9c00000,0x00000007be700000,0x00000007be700000)
  from space 12800K, 100% used [0x00000007bf380000,0x00000007c0000000,0x00000007c0000000)
  to   space 12800K, 0% used [0x00000007be700000,0x00000007be700000,0x00000007bf380000)
 ParOldGen       total 567808K, used 136672K [0x00000006c1800000, 0x00000006e4280000, 0x00000007b9c00000)
  object space 567808K, 24% used [0x00000006c1800000,0x00000006c9d78000,0x00000006e4280000)
 Metaspace       used 2707K, capacity 4486K, committed 4864K, reserved 1056768K
  class space    used 302K, capacity 386K, committed 512K, reserved 1048576K
Heap after GC invocations=525 (full 30):
 PSYoungGen      total 89600K, used 12800K [0x00000007b9c00000, 0x00000007c0000000, 0x00000007c0000000)
  eden space 76800K, 0% used [0x00000007b9c00000,0x00000007b9c00000,0x00000007be700000)
  from space 12800K, 100% used [0x00000007be700000,0x00000007bf380000,0x00000007bf380000)
  to   space 12800K, 0% used [0x00000007bf380000,0x00000007bf380000,0x00000007c0000000)
 ParOldGen       total 567808K, used 156832K [0x00000006c1800000, 0x00000006e4280000, 0x00000007b9c00000)
  object space 567808K, 27% used [0x00000006c1800000,0x00000006cb128000,0x00000006e4280000)
 Metaspace       used 2707K, capacity 4486K, committed 4864K, reserved 1056768K
  class space    used 302K, capacity 386K, committed 512K, reserved 1048576K
}
{Heap before GC invocations=526 (full 30):
 PSYoungGen      total 89600K, used 89600K [0x00000007b9c00000, 0x00000007c0000000, 0x00000007c0000000)
  eden space 76800K, 100% used [0x00000007b9c00000,0x00000007be700000,0x00000007be700000)
  from space 12800K, 100% used [0x00000007be700000,0x00000007bf380000,0x00000007bf380000)
  to   space 12800K, 0% used [0x00000007bf380000,0x00000007bf380000,0x00000007c0000000)
 ParOldGen       total 567808K, used 156832K [0x00000006c1800000, 0x00000006e4280000, 0x00000007b9c00000)
  object space 567808K, 27% used [0x00000006c1800000,0x00000006cb128000,0x00000006e4280000)
 Metaspace       used 2707K, capacity 4486K, committed 4864K, reserved 1056768K
  class space    used 302K, capacity 386K, committed 512K, reserved 1048576K
Heap after GC invocations=526 (full 30):
 PSYoungGen      total 89600K, used 12800K [0x00000007b9c00000, 0x00000007c0000000, 0x00000007c0000000)
  eden space 76800K, 0% used [0x00000007b9c00000,0x00000007b9c00000,0x00000007be700000)
  from space 12800K, 100% used [0x00000007bf380000,0x00000007c0000000,0x00000007c0000000)
  to   space 12800K, 0% used [0x00000007be700000,0x00000007be700000,0x00000007bf380000)
 ParOldGen       total 567808K, used 177000K [0x00000006c1800000, 0x00000006e4280000, 0x00000007b9c00000)
  object space 567808K, 31% used [0x00000006c1800000,0x00000006cc4da000,0x00000006e4280000)
 Metaspace       used 2707K, capacity 4486K, committed 4864K, reserved 1056768K
  class space    used 302K, capacity 386K, committed 512K, reserved 1048576K
}
{Heap before GC invocations=527 (full 30):
 PSYoungGen      total 89600K, used 89600K [0x00000007b9c00000, 0x00000007c0000000, 0x00000007c0000000)
  eden space 76800K, 100% used [0x00000007b9c00000,0x00000007be700000,0x00000007be700000)
  from space 12800K, 100% used [0x00000007bf380000,0x00000007c0000000,0x00000007c0000000)
  to   space 12800K, 0% used [0x00000007be700000,0x00000007be700000,0x00000007bf380000)
 ParOldGen       total 567808K, used 177000K [0x00000006c1800000, 0x00000006e4280000, 0x00000007b9c00000)
  object space 567808K, 31% used [0x00000006c1800000,0x00000006cc4da000,0x00000006e4280000)
 Metaspace       used 2707K, capacity 4486K, committed 4864K, reserved 1056768K
  class space    used 302K, capacity 386K, committed 512K, reserved 1048576K
Heap after GC invocations=527 (full 30):
 PSYoungGen      total 89600K, used 12800K [0x00000007b9c00000, 0x00000007c0000000, 0x00000007c0000000)
  eden space 76800K, 0% used [0x00000007b9c00000,0x00000007b9c00000,0x00000007be700000)
  from space 12800K, 100% used [0x00000007be700000,0x00000007bf380000,0x00000007bf380000)
  to   space 12800K, 0% used [0x00000007bf380000,0x00000007bf380000,0x00000007c0000000)
 ParOldGen       total 567808K, used 197168K [0x00000006c1800000, 0x00000006e4280000, 0x00000007b9c00000)
  object space 567808K, 34% used [0x00000006c1800000,0x00000006cd88c000,0x00000006e4280000)
 Metaspace       used 2707K, capacity 4486K, committed 4864K, reserved 1056768K
  class space    used 302K, capacity 386K, committed 512K, reserved 1048576K
}
{Heap before GC invocations=528 (full 30):
 PSYoungGen      total 89600K, used 89600K [0x00000007b9c00000, 0x00000007c0000000, 0x00000007c0000000)
  eden space 76800K, 100% used [0x00000007b9c00000,0x00000007be700000,0x00000007be700000)
  from space 12800K, 100% used [0x00000007be700000,0x00000007bf380000,0x00000007bf380000)
  to   space 12800K, 0% used [0x00000007bf380000,0x00000007bf380000,0x00000007c0000000)
 ParOldGen       total 567808K, used 197168K [0x00000006c1800000, 0x00000006e4280000, 0x00000007b9c00000)
  object space 567808K, 34% used [0x00000006c1800000,0x00000006cd88c000,0x00000006e4280000)
 Metaspace       used 2707K, capacity 4486K, committed 4864K, reserved 1056768K
  class space    used 302K, capacity 386K, committed 512K, reserved 1048576K
Heap after GC invocations=528 (full 30):
 PSYoungGen      total 89600K, used 12800K [0x00000007b9c00000, 0x00000007c0000000, 0x00000007c0000000)
  eden space 76800K, 0% used [0x00000007b9c00000,0x00000007b9c00000,0x00000007be700000)
  from space 12800K, 100% used [0x00000007bf380000,0x00000007c0000000,0x00000007c0000000)
  to   space 12800K, 0% used [0x00000007be700000,0x00000007be700000,0x00000007bf380000)
 ParOldGen       total 567808K, used 217336K [0x00000006c1800000, 0x00000006e4280000, 0x00000007b9c00000)
  object space 567808K, 38% used [0x00000006c1800000,0x00000006cec3e000,0x00000006e4280000)
 Metaspace       used 2707K, capacity 4486K, committed 4864K, reserved 1056768K
  class space    used 302K, capacity 386K, committed 512K, reserved 1048576K
}
{Heap before GC invocations=529 (full 30):
 PSYoungGen      total 89600K, used 89600K [0x00000007b9c00000, 0x00000007c0000000, 0x00000007c0000000)
  eden space 76800K, 100% used [0x00000007b9c00000,0x00000007be700000,0x00000007be700000)
  from space 12800K, 100% used [0x00000007bf380000,0x00000007c0000000,0x00000007c0000000)
  to   space 12800K, 0% used [0x00000007be700000,0x00000007be700000,0x00000007bf380000)
 ParOldGen       total 567808K, used 217336K [0x00000006c1800000, 0x00000006e4280000, 0x00000007b9c00000)
  object space 567808K, 38% used [0x00000006c1800000,0x00000006cec3e000,0x00000006e4280000)
 Metaspace       used 2707K, capacity 4486K, committed 4864K, reserved 1056768K
  class space    used 302K, capacity 386K, committed 512K, reserved 1048576K
Heap after GC invocations=529 (full 30):
 PSYoungGen      total 89600K, used 12800K [0x00000007b9c00000, 0x00000007c0000000, 0x00000007c0000000)
  eden space 76800K, 0% used [0x00000007b9c00000,0x00000007b9c00000,0x00000007be700000)
  from space 12800K, 100% used [0x00000007be700000,0x00000007bf380000,0x00000007bf380000)
  to   space 12800K, 0% used [0x00000007bf380000,0x00000007bf380000,0x00000007c0000000)
 ParOldGen       total 567808K, used 237504K [0x00000006c1800000, 0x00000006e4280000, 0x00000007b9c00000)
  object space 567808K, 41% used [0x00000006c1800000,0x00000006cfff0000,0x00000006e4280000)
 Metaspace       used 2707K, capacity 4486K, committed 4864K, reserved 1056768K
  class space    used 302K, capacity 386K, committed 512K, reserved 1048576K
}
{Heap before GC invocations=530 (full 30):
 PSYoungGen      total 89600K, used 89600K [0x00000007b9c00000, 0x00000007c0000000, 0x00000007c0000000)
  eden space 76800K, 100% used [0x00000007b9c00000,0x00000007be700000,0x00000007be700000)
  from space 12800K, 100% used [0x00000007be700000,0x00000007bf380000,0x00000007bf380000)
  to   space 12800K, 0% used [0x00000007bf380000,0x00000007bf380000,0x00000007c0000000)
 ParOldGen       total 567808K, used 237504K [0x00000006c1800000, 0x00000006e4280000, 0x00000007b9c00000)
  object space 567808K, 41% used [0x00000006c1800000,0x00000006cfff0000,0x00000006e4280000)
 Metaspace       used 2707K, capacity 4486K, committed 4864K, reserved 1056768K
  class space    used 302K, capacity 386K, committed 512K, reserved 1048576K
Heap after GC invocations=530 (full 30):
 PSYoungGen      total 89600K, used 12800K [0x00000007b9c00000, 0x00000007c0000000, 0x00000007c0000000)
  eden space 76800K, 0% used [0x00000007b9c00000,0x00000007b9c00000,0x00000007be700000)
  from space 12800K, 100% used [0x00000007bf380000,0x00000007c0000000,0x00000007c0000000)
  to   space 12800K, 0% used [0x00000007be700000,0x00000007be700000,0x00000007bf380000)
 ParOldGen       total 567808K, used 257672K [0x00000006c1800000, 0x00000006e4280000, 0x00000007b9c00000)
  object space 567808K, 45% used [0x00000006c1800000,0x00000006d13a2000,0x00000006e4280000)
 Metaspace       used 2707K, capacity 4486K, committed 4864K, reserved 1056768K
  class space    used 302K, capacity 386K, committed 512K, reserved 1048576K
}
{Heap before GC invocations=531 (full 30):
 PSYoungGen      total 89600K, used 89600K [0x00000007b9c00000, 0x00000007c0000000, 0x00000007c0000000)
  eden space 76800K, 100% used [0x00000007b9c00000,0x00000007be700000,0x00000007be700000)
  from space 12800K, 100% used [0x00000007bf380000,0x00000007c0000000,0x00000007c0000000)
  to   space 12800K, 0% used [0x00000007be700000,0x00000007be700000,0x00000007bf380000)
 ParOldGen       total 567808K, used 257672K [0x00000006c1800000, 0x00000006e4280000, 0x00000007b9c00000)
  object space 567808K, 45% used [0x00000006c1800000,0x00000006d13a2000,0x00000006e4280000)
 Metaspace       used 2707K, capacity 4486K, committed 4864K, reserved 1056768K
  class space    used 302K, capacity 386K, committed 512K, reserved 1048576K
Heap after GC invocations=531 (full 30):
 PSYoungGen      total 89600K, used 12800K [0x00000007b9c00000, 0x00000007c0000000, 0x00000007c0000000)
  eden space 76800K, 0% used [0x00000007b9c00000,0x00000007b9c00000,0x00000007be700000)
  from space 12800K, 100% used [0x00000007be700000,0x00000007bf380000,0x00000007bf380000)
  to   space 12800K, 0% used [0x00000007bf380000,0x00000007bf380000,0x00000007c0000000)
 ParOldGen       total 567808K, used 277832K [0x00000006c1800000, 0x00000006e4280000, 0x00000007b9c00000)
  object space 567808K, 48% used [0x00000006c1800000,0x00000006d2752000,0x00000006e4280000)
 Metaspace       used 2707K, capacity 4486K, committed 4864K, reserved 1056768K
  class space    used 302K, capacity 386K, committed 512K, reserved 1048576K
}
{Heap before GC invocations=532 (full 30):
 PSYoungGen      total 89600K, used 89600K [0x00000007b9c00000, 0x00000007c0000000, 0x00000007c0000000)
  eden space 76800K, 100% used [0x00000007b9c00000,0x00000007be700000,0x00000007be700000)
  from space 12800K, 100% used [0x00000007be700000,0x00000007bf380000,0x00000007bf380000)
  to   space 12800K, 0% used [0x00000007bf380000,0x00000007bf380000,0x00000007c0000000)
 ParOldGen       total 567808K, used 277832K [0x00000006c1800000, 0x00000006e4280000, 0x00000007b9c00000)
  object space 567808K, 48% used [0x00000006c1800000,0x00000006d2752000,0x00000006e4280000)
 Metaspace       used 2707K, capacity 4486K, committed 4864K, reserved 1056768K
  class space    used 302K, capacity 386K, committed 512K, reserved 1048576K
Heap after GC invocations=532 (full 30):
 PSYoungGen      total 89600K, used 12800K [0x00000007b9c00000, 0x00000007c0000000, 0x00000007c0000000)
  eden space 76800K, 0% used [0x00000007b9c00000,0x00000007b9c00000,0x00000007be700000)
  from space 12800K, 100% used [0x00000007bf380000,0x00000007c0000000,0x00000007c0000000)
  to   space 12800K, 0% used [0x00000007be700000,0x00000007be700000,0x00000007bf380000)
 ParOldGen       total 567808K, used 298000K [0x00000006c1800000, 0x00000006e4280000, 0x00000007b9c00000)
  object space 567808K, 52% used [0x00000006c1800000,0x00000006d3b04000,0x00000006e4280000)
 Metaspace       used 2707K, capacity 4486K, committed 4864K, reserved 1056768K
  class space    used 302K, capacity 386K, committed 512K, reserved 1048576K
}
{Heap before GC invocations=533 (full 30):
 PSYoungGen      total 89600K, used 89600K [0x00000007b9c00000, 0x00000007c0000000, 0x00000007c0000000)
  eden space 76800K, 100% used [0x00000007b9c00000,0x00000007be700000,0x00000007be700000)
  from space 12800K, 100% used [0x00000007bf380000,0x00000007c0000000,0x00000007c0000000)
  to   space 12800K, 0% used [0x00000007be700000,0x00000007be700000,0x00000007bf380000)
 ParOldGen       total 567808K, used 298000K [0x00000006c1800000, 0x00000006e4280000, 0x00000007b9c00000)
  object space 567808K, 52% used [0x00000006c1800000,0x00000006d3b04000,0x00000006e4280000)
 Metaspace       used 2707K, capacity 4486K, committed 4864K, reserved 1056768K
  class space    used 302K, capacity 386K, committed 512K, reserved 1048576K
Heap after GC invocations=533 (full 30):
 PSYoungGen      total 89600K, used 12800K [0x00000007b9c00000, 0x00000007c0000000, 0x00000007c0000000)
  eden space 76800K, 0% used [0x00000007b9c00000,0x00000007b9c00000,0x00000007be700000)
  from space 12800K, 100% used [0x00000007be700000,0x00000007bf380000,0x00000007bf380000)
  to   space 12800K, 0% used [0x00000007bf380000,0x00000007bf380000,0x00000007c0000000)
 ParOldGen       total 567808K, used 318176K [0x00000006c1800000, 0x00000006e4280000, 0x00000007b9c00000)
  object space 567808K, 56% used [0x00000006c1800000,0x00000006d4eb8000,0x00000006e4280000)
 Metaspace       used 2707K, capacity 4486K, committed 4864K, reserved 1056768K
  class space    used 302K, capacity 386K, committed 512K, reserved 1048576K
}
{Heap before GC invocations=534 (full 30):
 PSYoungGen      total 89600K, used 89600K [0x00000007b9c00000, 0x00000007c0000000, 0x00000007c0000000)
  eden space 76800K, 100% used [0x00000007b9c00000,0x00000007be700000,0x00000007be700000)
  from space 12800K, 100% used [0x00000007be700000,0x00000007bf380000,0x00000007bf380000)
  to   space 12800K, 0% used [0x00000007bf380000,0x00000007bf380000,0x00000007c0000000)
 ParOldGen       total 567808K, used 318176K [0x00000006c1800000, 0x00000006e4280000, 0x00000007b9c00000)
  object space 567808K, 56% used [0x00000006c1800000,0x00000006d4eb8000,0x00000006e4280000)
 Metaspace       used 2707K, capacity 4486K, committed 4864K, reserved 1056768K
  class space    used 302K, capacity 386K, committed 512K, reserved 1048576K
Heap after GC invocations=534 (full 30):
 PSYoungGen      total 89600K, used 12800K [0x00000007b9c00000, 0x00000007c0000000, 0x00000007c0000000)
  eden space 76800K, 0% used [0x00000007b9c00000,0x00000007b9c00000,0x00000007be700000)
  from space 12800K, 100% used [0x00000007bf380000,0x00000007c0000000,0x00000007c0000000)
  to   space 12800K, 0% used [0x00000007be700000,0x00000007be700000,0x00000007bf380000)
 ParOldGen       total 567808K, used 338344K [0x00000006c1800000, 0x00000006e4280000, 0x00000007b9c00000)
  object space 567808K, 59% used [0x00000006c1800000,0x00000006d626a000,0x00000006e4280000)
 Metaspace       used 2707K, capacity 4486K, committed 4864K, reserved 1056768K
  class space    used 302K, capacity 386K, committed 512K, reserved 1048576K
}
{Heap before GC invocations=535 (full 30):
 PSYoungGen      total 89600K, used 89600K [0x00000007b9c00000, 0x00000007c0000000, 0x00000007c0000000)
  eden space 76800K, 100% used [0x00000007b9c00000,0x00000007be700000,0x00000007be700000)
  from space 12800K, 100% used [0x00000007bf380000,0x00000007c0000000,0x00000007c0000000)
  to   space 12800K, 0% used [0x00000007be700000,0x00000007be700000,0x00000007bf380000)
 ParOldGen       total 567808K, used 338344K [0x00000006c1800000, 0x00000006e4280000, 0x00000007b9c00000)
  object space 567808K, 59% used [0x00000006c1800000,0x00000006d626a000,0x00000006e4280000)
 Metaspace       used 2707K, capacity 4486K, committed 4864K, reserved 1056768K
  class space    used 302K, capacity 386K, committed 512K, reserved 1048576K
Heap after GC invocations=535 (full 30):
 PSYoungGen      total 89600K, used 12800K [0x00000007b9c00000, 0x00000007c0000000, 0x00000007c0000000)
  eden space 76800K, 0% used [0x00000007b9c00000,0x00000007b9c00000,0x00000007be700000)
  from space 12800K, 100% used [0x00000007be700000,0x00000007bf380000,0x00000007bf380000)
  to   space 12800K, 0% used [0x00000007bf380000,0x00000007bf380000,0x00000007c0000000)
 ParOldGen       total 567808K, used 358512K [0x00000006c1800000, 0x00000006e4280000, 0x00000007b9c00000)
  object space 567808K, 63% used [0x00000006c1800000,0x00000006d761c000,0x00000006e4280000)
 Metaspace       used 2707K, capacity 4486K, committed 4864K, reserved 1056768K
  class space    used 302K, capacity 386K, committed 512K, reserved 1048576K
}
{Heap before GC invocations=536 (full 30):
 PSYoungGen      total 89600K, used 89600K [0x00000007b9c00000, 0x00000007c0000000, 0x00000007c0000000)
  eden space 76800K, 100% used [0x00000007b9c00000,0x00000007be700000,0x00000007be700000)
  from space 12800K, 100% used [0x00000007be700000,0x00000007bf380000,0x00000007bf380000)
  to   space 12800K, 0% used [0x00000007bf380000,0x00000007bf380000,0x00000007c0000000)
 ParOldGen       total 567808K, used 358512K [0x00000006c1800000, 0x00000006e4280000, 0x00000007b9c00000)
  object space 567808K, 63% used [0x00000006c1800000,0x00000006d761c000,0x00000006e4280000)
 Metaspace       used 2707K, capacity 4486K, committed 4864K, reserved 1056768K
  class space    used 302K, capacity 386K, committed 512K, reserved 1048576K
Heap after GC invocations=536 (full 30):
 PSYoungGen      total 89600K, used 12800K [0x00000007b9c00000, 0x00000007c0000000, 0x00000007c0000000)
  eden space 76800K, 0% used [0x00000007b9c00000,0x00000007b9c00000,0x00000007be700000)
  from space 12800K, 100% used [0x00000007bf380000,0x00000007c0000000,0x00000007c0000000)
  to   space 12800K, 0% used [0x00000007be700000,0x00000007be700000,0x00000007bf380000)
 ParOldGen       total 567808K, used 378680K [0x00000006c1800000, 0x00000006e4280000, 0x00000007b9c00000)
  object space 567808K, 66% used [0x00000006c1800000,0x00000006d89ce000,0x00000006e4280000)
 Metaspace       used 2707K, capacity 4486K, committed 4864K, reserved 1056768K
  class space    used 302K, capacity 386K, committed 512K, reserved 1048576K
}
{Heap before GC invocations=537 (full 30):
 PSYoungGen      total 89600K, used 89600K [0x00000007b9c00000, 0x00000007c0000000, 0x00000007c0000000)
  eden space 76800K, 100% used [0x00000007b9c00000,0x00000007be700000,0x00000007be700000)
  from space 12800K, 100% used [0x00000007bf380000,0x00000007c0000000,0x00000007c0000000)
  to   space 12800K, 0% used [0x00000007be700000,0x00000007be700000,0x00000007bf380000)
 ParOldGen       total 567808K, used 378680K [0x00000006c1800000, 0x00000006e4280000, 0x00000007b9c00000)
  object space 567808K, 66% used [0x00000006c1800000,0x00000006d89ce000,0x00000006e4280000)
 Metaspace       used 2707K, capacity 4486K, committed 4864K, reserved 1056768K
  class space    used 302K, capacity 386K, committed 512K, reserved 1048576K
Heap after GC invocations=537 (full 30):
 PSYoungGen      total 89600K, used 12800K [0x00000007b9c00000, 0x00000007c0000000, 0x00000007c0000000)
  eden space 76800K, 0% used [0x00000007b9c00000,0x00000007b9c00000,0x00000007be700000)
  from space 12800K, 100% used [0x00000007be700000,0x00000007bf380000,0x00000007bf380000)
  to   space 12800K, 0% used [0x00000007bf380000,0x00000007bf380000,0x00000007c0000000)
 ParOldGen       total 567808K, used 398848K [0x00000006c1800000, 0x00000006e4280000, 0x00000007b9c00000)
  object space 567808K, 70% used [0x00000006c1800000,0x00000006d9d80000,0x00000006e4280000)
 Metaspace       used 2707K, capacity 4486K, committed 4864K, reserved 1056768K
  class space    used 302K, capacity 386K, committed 512K, reserved 1048576K
}
{Heap before GC invocations=538 (full 30):
 PSYoungGen      total 89600K, used 89600K [0x00000007b9c00000, 0x00000007c0000000, 0x00000007c0000000)
  eden space 76800K, 100% used [0x00000007b9c00000,0x00000007be700000,0x00000007be700000)
  from space 12800K, 100% used [0x00000007be700000,0x00000007bf380000,0x00000007bf380000)
  to   space 12800K, 0% used [0x00000007bf380000,0x00000007bf380000,0x00000007c0000000)
 ParOldGen       total 567808K, used 398848K [0x00000006c1800000, 0x00000006e4280000, 0x00000007b9c00000)
  object space 567808K, 70% used [0x00000006c1800000,0x00000006d9d80000,0x00000006e4280000)
 Metaspace       used 2707K, capacity 4486K, committed 4864K, reserved 1056768K
  class space    used 302K, capacity 386K, committed 512K, reserved 1048576K
Heap after GC invocations=538 (full 30):
 PSYoungGen      total 89600K, used 12800K [0x00000007b9c00000, 0x00000007c0000000, 0x00000007c0000000)
  eden space 76800K, 0% used [0x00000007b9c00000,0x00000007b9c00000,0x00000007be700000)
  from space 12800K, 100% used [0x00000007bf380000,0x00000007c0000000,0x00000007c0000000)
  to   space 12800K, 0% used [0x00000007be700000,0x00000007be700000,0x00000007bf380000)
 ParOldGen       total 567808K, used 419016K [0x00000006c1800000, 0x00000006e4280000, 0x00000007b9c00000)
  object space 567808K, 73% used [0x00000006c1800000,0x00000006db132000,0x00000006e4280000)
 Metaspace       used 2707K, capacity 4486K, committed 4864K, reserved 1056768K
  class space    used 302K, capacity 386K, committed 512K, reserved 1048576K
}
{Heap before GC invocations=539 (full 30):
 PSYoungGen      total 89600K, used 89600K [0x00000007b9c00000, 0x00000007c0000000, 0x00000007c0000000)
  eden space 76800K, 100% used [0x00000007b9c00000,0x00000007be700000,0x00000007be700000)
  from space 12800K, 100% used [0x00000007bf380000,0x00000007c0000000,0x00000007c0000000)
  to   space 12800K, 0% used [0x00000007be700000,0x00000007be700000,0x00000007bf380000)
 ParOldGen       total 567808K, used 419016K [0x00000006c1800000, 0x00000006e4280000, 0x00000007b9c00000)
  object space 567808K, 73% used [0x00000006c1800000,0x00000006db132000,0x00000006e4280000)
 Metaspace       used 2707K, capacity 4486K, committed 4864K, reserved 1056768K
  class space    used 302K, capacity 386K, committed 512K, reserved 1048576K
Heap after GC invocations=539 (full 30):
 PSYoungGen      total 89600K, used 12800K [0x00000007b9c00000, 0x00000007c0000000, 0x00000007c0000000)
  eden space 76800K, 0% used [0x00000007b9c00000,0x00000007b9c00000,0x00000007be700000)
  from space 12800K, 100% used [0x00000007be700000,0x00000007bf380000,0x00000007bf380000)
  to   space 12800K, 0% used [0x00000007bf380000,0x00000007bf380000,0x00000007c0000000)
 ParOldGen       total 567808K, used 439184K [0x00000006c1800000, 0x00000006e4280000, 0x00000007b9c00000)
  object space 567808K, 77% used [0x00000006c1800000,0x00000006dc4e4000,0x00000006e4280000)
 Metaspace       used 2707K, capacity 4486K, committed 4864K, reserved 1056768K
  class space    used 302K, capacity 386K, committed 512K, reserved 1048576K
}
{Heap before GC invocations=540 (full 30):
 PSYoungGen      total 89600K, used 89600K [0x00000007b9c00000, 0x00000007c0000000, 0x00000007c0000000)
  eden space 76800K, 100% used [0x00000007b9c00000,0x00000007be700000,0x00000007be700000)
  from space 12800K, 100% used [0x00000007be700000,0x00000007bf380000,0x00000007bf380000)
  to   space 12800K, 0% used [0x00000007bf380000,0x00000007bf380000,0x00000007c0000000)
 ParOldGen       total 567808K, used 439184K [0x00000006c1800000, 0x00000006e4280000, 0x00000007b9c00000)
  object space 567808K, 77% used [0x00000006c1800000,0x00000006dc4e4000,0x00000006e4280000)
 Metaspace       used 2707K, capacity 4486K, committed 4864K, reserved 1056768K
  class space    used 302K, capacity 386K, committed 512K, reserved 1048576K
Heap after GC invocations=540 (full 30):
 PSYoungGen      total 89600K, used 12800K [0x00000007b9c00000, 0x00000007c0000000, 0x00000007c0000000)
  eden space 76800K, 0% used [0x00000007b9c00000,0x00000007b9c00000,0x00000007be700000)
  from space 12800K, 100% used [0x00000007bf380000,0x00000007c0000000,0x00000007c0000000)
  to   space 12800K, 0% used [0x00000007be700000,0x00000007be700000,0x00000007bf380000)
 ParOldGen       total 567808K, used 459352K [0x00000006c1800000, 0x00000006e4280000, 0x00000007b9c00000)
  object space 567808K, 80% used [0x00000006c1800000,0x00000006dd896000,0x00000006e4280000)
 Metaspace       used 2707K, capacity 4486K, committed 4864K, reserved 1056768K
  class space    used 302K, capacity 386K, committed 512K, reserved 1048576K
}
{Heap before GC invocations=541 (full 30):
 PSYoungGen      total 89600K, used 89600K [0x00000007b9c00000, 0x00000007c0000000, 0x00000007c0000000)
  eden space 76800K, 100% used [0x00000007b9c00000,0x00000007be700000,0x00000007be700000)
  from space 12800K, 100% used [0x00000007bf380000,0x00000007c0000000,0x00000007c0000000)
  to   space 12800K, 0% used [0x00000007be700000,0x00000007be700000,0x00000007bf380000)
 ParOldGen       total 567808K, used 459352K [0x00000006c1800000, 0x00000006e4280000, 0x00000007b9c00000)
  object space 567808K, 80% used [0x00000006c1800000,0x00000006dd896000,0x00000006e4280000)
 Metaspace       used 2707K, capacity 4486K, committed 4864K, reserved 1056768K
  class space    used 302K, capacity 386K, committed 512K, reserved 1048576K
Heap after GC invocations=541 (full 30):
 PSYoungGen      total 89600K, used 12800K [0x00000007b9c00000, 0x00000007c0000000, 0x00000007c0000000)
  eden space 76800K, 0% used [0x00000007b9c00000,0x00000007b9c00000,0x00000007be700000)
  from space 12800K, 100% used [0x00000007be700000,0x00000007bf380000,0x00000007bf380000)
  to   space 12800K, 0% used [0x00000007bf380000,0x00000007bf380000,0x00000007c0000000)
 ParOldGen       total 567808K, used 479520K [0x00000006c1800000, 0x00000006e4280000, 0x00000007b9c00000)
  object space 567808K, 84% used [0x00000006c1800000,0x00000006dec48000,0x00000006e4280000)
 Metaspace       used 2707K, capacity 4486K, committed 4864K, reserved 1056768K
  class space    used 302K, capacity 386K, committed 512K, reserved 1048576K
}
{Heap before GC invocations=542 (full 30):
 PSYoungGen      total 89600K, used 89600K [0x00000007b9c00000, 0x00000007c0000000, 0x00000007c0000000)
  eden space 76800K, 100% used [0x00000007b9c00000,0x00000007be700000,0x00000007be700000)
  from space 12800K, 100% used [0x00000007be700000,0x00000007bf380000,0x00000007bf380000)
  to   space 12800K, 0% used [0x00000007bf380000,0x00000007bf380000,0x00000007c0000000)
 ParOldGen       total 567808K, used 479520K [0x00000006c1800000, 0x00000006e4280000, 0x00000007b9c00000)
  object space 567808K, 84% used [0x00000006c1800000,0x00000006dec48000,0x00000006e4280000)
 Metaspace       used 2707K, capacity 4486K, committed 4864K, reserved 1056768K
  class space    used 302K, capacity 386K, committed 512K, reserved 1048576K
Heap after GC invocations=542 (full 30):
 PSYoungGen      total 89600K, used 12800K [0x00000007b9c00000, 0x00000007c0000000, 0x00000007c0000000)
  eden space 76800K, 0% used [0x00000007b9c00000,0x00000007b9c00000,0x00000007be700000)
  from space 12800K, 100% used [0x00000007bf380000,0x00000007c0000000,0x00000007c0000000)
  to   space 12800K, 0% used [0x00000007be700000,0x00000007be700000,0x00000007bf380000)
 ParOldGen       total 567808K, used 499688K [0x00000006c1800000, 0x00000006e4280000, 0x00000007b9c00000)
  object space 567808K, 88% used [0x00000006c1800000,0x00000006dfffa000,0x00000006e4280000)
 Metaspace       used 2707K, capacity 4486K, committed 4864K, reserved 1056768K
  class space    used 302K, capacity 386K, committed 512K, reserved 1048576K
}
{Heap before GC invocations=543 (full 30):
 PSYoungGen      total 89600K, used 89600K [0x00000007b9c00000, 0x00000007c0000000, 0x00000007c0000000)
  eden space 76800K, 100% used [0x00000007b9c00000,0x00000007be700000,0x00000007be700000)
  from space 12800K, 100% used [0x00000007bf380000,0x00000007c0000000,0x00000007c0000000)
  to   space 12800K, 0% used [0x00000007be700000,0x00000007be700000,0x00000007bf380000)
 ParOldGen       total 567808K, used 499688K [0x00000006c1800000, 0x00000006e4280000, 0x00000007b9c00000)
  object space 567808K, 88% used [0x00000006c1800000,0x00000006dfffa000,0x00000006e4280000)
 Metaspace       used 2707K, capacity 4486K, committed 4864K, reserved 1056768K
  class space    used 302K, capacity 386K, committed 512K, reserved 1048576K
Heap after GC invocations=543 (full 30):
 PSYoungGen      total 89600K, used 12800K [0x00000007b9c00000, 0x00000007c0000000, 0x00000007c0000000)
  eden space 76800K, 0% used [0x00000007b9c00000,0x00000007b9c00000,0x00000007be700000)
  from space 12800K, 100% used [0x00000007be700000,0x00000007bf380000,0x00000007bf380000)
  to   space 12800K, 0% used [0x00000007bf380000,0x00000007bf380000,0x00000007c0000000)
 ParOldGen       total 567808K, used 519848K [0x00000006c1800000, 0x00000006e4280000, 0x00000007b9c00000)
  object space 567808K, 91% used [0x00000006c1800000,0x00000006e13aa000,0x00000006e4280000)
 Metaspace       used 2707K, capacity 4486K, committed 4864K, reserved 1056768K
  class space    used 302K, capacity 386K, committed 512K, reserved 1048576K
}
{Heap before GC invocations=544 (full 30):
 PSYoungGen      total 89600K, used 89600K [0x00000007b9c00000, 0x00000007c0000000, 0x00000007c0000000)
  eden space 76800K, 100% used [0x00000007b9c00000,0x00000007be700000,0x00000007be700000)
  from space 12800K, 100% used [0x00000007be700000,0x00000007bf380000,0x00000007bf380000)
  to   space 12800K, 0% used [0x00000007bf380000,0x00000007bf380000,0x00000007c0000000)
 ParOldGen       total 567808K, used 519848K [0x00000006c1800000, 0x00000006e4280000, 0x00000007b9c00000)
  object space 567808K, 91% used [0x00000006c1800000,0x00000006e13aa000,0x00000006e4280000)
 Metaspace       used 2707K, capacity 4486K, committed 4864K, reserved 1056768K
  class space    used 302K, capacity 386K, committed 512K, reserved 1048576K
Heap after GC invocations=544 (full 30):
 PSYoungGen      total 89600K, used 12800K [0x00000007b9c00000, 0x00000007c0000000, 0x00000007c0000000)
  eden space 76800K, 0% used [0x00000007b9c00000,0x00000007b9c00000,0x00000007be700000)
  from space 12800K, 100% used [0x00000007bf380000,0x00000007c0000000,0x00000007c0000000)
  to   space 12800K, 0% used [0x00000007be700000,0x00000007be700000,0x00000007bf380000)
 ParOldGen       total 567808K, used 540016K [0x00000006c1800000, 0x00000006e4280000, 0x00000007b9c00000)
  object space 567808K, 95% used [0x00000006c1800000,0x00000006e275c000,0x00000006e4280000)
 Metaspace       used 2707K, capacity 4486K, committed 4864K, reserved 1056768K
  class space    used 302K, capacity 386K, committed 512K, reserved 1048576K
}
{Heap before GC invocations=545 (full 30):
 PSYoungGen      total 89600K, used 89600K [0x00000007b9c00000, 0x00000007c0000000, 0x00000007c0000000)
  eden space 76800K, 100% used [0x00000007b9c00000,0x00000007be700000,0x00000007be700000)
  from space 12800K, 100% used [0x00000007bf380000,0x00000007c0000000,0x00000007c0000000)
  to   space 12800K, 0% used [0x00000007be700000,0x00000007be700000,0x00000007bf380000)
 ParOldGen       total 567808K, used 540016K [0x00000006c1800000, 0x00000006e4280000, 0x00000007b9c00000)
  object space 567808K, 95% used [0x00000006c1800000,0x00000006e275c000,0x00000006e4280000)
 Metaspace       used 2707K, capacity 4486K, committed 4864K, reserved 1056768K
  class space    used 302K, capacity 386K, committed 512K, reserved 1048576K
Heap after GC invocations=545 (full 30):
 PSYoungGen      total 89600K, used 12800K [0x00000007b9c00000, 0x00000007c0000000, 0x00000007c0000000)
  eden space 76800K, 0% used [0x00000007b9c00000,0x00000007b9c00000,0x00000007be700000)
  from space 12800K, 100% used [0x00000007be700000,0x00000007bf380000,0x00000007bf380000)
  to   space 12800K, 0% used [0x00000007bf380000,0x00000007bf380000,0x00000007c0000000)
 ParOldGen       total 567808K, used 560192K [0x00000006c1800000, 0x00000006e4280000, 0x00000007b9c00000)
  object space 567808K, 98% used [0x00000006c1800000,0x00000006e3b10000,0x00000006e4280000)
 Metaspace       used 2707K, capacity 4486K, committed 4864K, reserved 1056768K
  class space    used 302K, capacity 386K, committed 512K, reserved 1048576K
}
{Heap before GC invocations=546 (full 31):
 PSYoungGen      total 89600K, used 12800K [0x00000007b9c00000, 0x00000007c0000000, 0x00000007c0000000)
  eden space 76800K, 0% used [0x00000007b9c00000,0x00000007b9c00000,0x00000007be700000)
  from space 12800K, 100% used [0x00000007be700000,0x00000007bf380000,0x00000007bf380000)
  to   space 12800K, 0% used [0x00000007bf380000,0x00000007bf380000,0x00000007c0000000)
 ParOldGen       total 567808K, used 560192K [0x00000006c1800000, 0x00000006e4280000, 0x00000007b9c00000)
  object space 567808K, 98% used [0x00000006c1800000,0x00000006e3b10000,0x00000006e4280000)
 Metaspace       used 2707K, capacity 4486K, committed 4864K, reserved 1056768K
  class space    used 302K, capacity 386K, committed 512K, reserved 1048576K
Heap after GC invocations=546 (full 31):
 PSYoungGen      total 89600K, used 0K [0x00000007b9c00000, 0x00000007c0000000, 0x00000007c0000000)
  eden space 76800K, 0% used [0x00000007b9c00000,0x00000007b9c00000,0x00000007be700000)
  from space 12800K, 0% used [0x00000007be700000,0x00000007be700000,0x00000007bf380000)
  to   space 12800K, 0% used [0x00000007bf380000,0x00000007bf380000,0x00000007c0000000)
 ParOldGen       total 579584K, used 35840K [0x00000006c1800000, 0x00000006e4e00000, 0x00000007b9c00000)
  object space 579584K, 6% used [0x00000006c1800000,0x00000006c3b00000,0x00000006e4e00000)
 Metaspace       used 2707K, capacity 4486K, committed 4864K, reserved 1056768K
  class space    used 302K, capacity 386K, committed 512K, reserved 1048576K
}
{Heap before GC invocations=547 (full 31):
 PSYoungGen      total 89600K, used 76800K [0x00000007b9c00000, 0x00000007c0000000, 0x00000007c0000000)
  eden space 76800K, 100% used [0x00000007b9c00000,0x00000007be700000,0x00000007be700000)
  from space 12800K, 0% used [0x00000007be700000,0x00000007be700000,0x00000007bf380000)
  to   space 12800K, 0% used [0x00000007bf380000,0x00000007bf380000,0x00000007c0000000)
 ParOldGen       total 579584K, used 35840K [0x00000006c1800000, 0x00000006e4e00000, 0x00000007b9c00000)
  object space 579584K, 6% used [0x00000006c1800000,0x00000006c3b00000,0x00000006e4e00000)
 Metaspace       used 2707K, capacity 4486K, committed 4864K, reserved 1056768K
  class space    used 302K, capacity 386K, committed 512K, reserved 1048576K
Heap after GC invocations=547 (full 31):
 PSYoungGen      total 89600K, used 12800K [0x00000007b9c00000, 0x00000007c0000000, 0x00000007c0000000)
  eden space 76800K, 0% used [0x00000007b9c00000,0x00000007b9c00000,0x00000007be700000)
  from space 12800K, 100% used [0x00000007bf380000,0x00000007c0000000,0x00000007c0000000)
  to   space 12800K, 0% used [0x00000007be700000,0x00000007be700000,0x00000007bf380000)
 ParOldGen       total 579584K, used 56008K [0x00000006c1800000, 0x00000006e4e00000, 0x00000007b9c00000)
  object space 579584K, 9% used [0x00000006c1800000,0x00000006c4eb2000,0x00000006e4e00000)
 Metaspace       used 2707K, capacity 4486K, committed 4864K, reserved 1056768K
  class space    used 302K, capacity 386K, committed 512K, reserved 1048576K
}
{Heap before GC invocations=548 (full 31):
 PSYoungGen      total 89600K, used 89600K [0x00000007b9c00000, 0x00000007c0000000, 0x00000007c0000000)
  eden space 76800K, 100% used [0x00000007b9c00000,0x00000007be700000,0x00000007be700000)
  from space 12800K, 100% used [0x00000007bf380000,0x00000007c0000000,0x00000007c0000000)
  to   space 12800K, 0% used [0x00000007be700000,0x00000007be700000,0x00000007bf380000)
 ParOldGen       total 579584K, used 56008K [0x00000006c1800000, 0x00000006e4e00000, 0x00000007b9c00000)
  object space 579584K, 9% used [0x00000006c1800000,0x00000006c4eb2000,0x00000006e4e00000)
 Metaspace       used 2707K, capacity 4486K, committed 4864K, reserved 1056768K
  class space    used 302K, capacity 386K, committed 512K, reserved 1048576K
Heap after GC invocations=548 (full 31):
 PSYoungGen      total 89600K, used 12800K [0x00000007b9c00000, 0x00000007c0000000, 0x00000007c0000000)
  eden space 76800K, 0% used [0x00000007b9c00000,0x00000007b9c00000,0x00000007be700000)
  from space 12800K, 100% used [0x00000007be700000,0x00000007bf380000,0x00000007bf380000)
  to   space 12800K, 0% used [0x00000007bf380000,0x00000007bf380000,0x00000007c0000000)
 ParOldGen       total 579584K, used 76176K [0x00000006c1800000, 0x00000006e4e00000, 0x00000007b9c00000)
  object space 579584K, 13% used [0x00000006c1800000,0x00000006c6264000,0x00000006e4e00000)
 Metaspace       used 2707K, capacity 4486K, committed 4864K, reserved 1056768K
  class space    used 302K, capacity 386K, committed 512K, reserved 1048576K
}
{Heap before GC invocations=549 (full 31):
 PSYoungGen      total 89600K, used 89600K [0x00000007b9c00000, 0x00000007c0000000, 0x00000007c0000000)
  eden space 76800K, 100% used [0x00000007b9c00000,0x00000007be700000,0x00000007be700000)
  from space 12800K, 100% used [0x00000007be700000,0x00000007bf380000,0x00000007bf380000)
  to   space 12800K, 0% used [0x00000007bf380000,0x00000007bf380000,0x00000007c0000000)
 ParOldGen       total 579584K, used 76176K [0x00000006c1800000, 0x00000006e4e00000, 0x00000007b9c00000)
  object space 579584K, 13% used [0x00000006c1800000,0x00000006c6264000,0x00000006e4e00000)
 Metaspace       used 2707K, capacity 4486K, committed 4864K, reserved 1056768K
  class space    used 302K, capacity 386K, committed 512K, reserved 1048576K
Heap after GC invocations=549 (full 31):
 PSYoungGen      total 89600K, used 12800K [0x00000007b9c00000, 0x00000007c0000000, 0x00000007c0000000)
  eden space 76800K, 0% used [0x00000007b9c00000,0x00000007b9c00000,0x00000007be700000)
  from space 12800K, 100% used [0x00000007bf380000,0x00000007c0000000,0x00000007c0000000)
  to   space 12800K, 0% used [0x00000007be700000,0x00000007be700000,0x00000007bf380000)
 ParOldGen       total 579584K, used 96336K [0x00000006c1800000, 0x00000006e4e00000, 0x00000007b9c00000)
  object space 579584K, 16% used [0x00000006c1800000,0x00000006c7614000,0x00000006e4e00000)
 Metaspace       used 2707K, capacity 4486K, committed 4864K, reserved 1056768K
  class space    used 302K, capacity 386K, committed 512K, reserved 1048576K
}
{Heap before GC invocations=550 (full 31):
 PSYoungGen      total 89600K, used 89600K [0x00000007b9c00000, 0x00000007c0000000, 0x00000007c0000000)
  eden space 76800K, 100% used [0x00000007b9c00000,0x00000007be700000,0x00000007be700000)
  from space 12800K, 100% used [0x00000007bf380000,0x00000007c0000000,0x00000007c0000000)
  to   space 12800K, 0% used [0x00000007be700000,0x00000007be700000,0x00000007bf380000)
 ParOldGen       total 579584K, used 96336K [0x00000006c1800000, 0x00000006e4e00000, 0x00000007b9c00000)
  object space 579584K, 16% used [0x00000006c1800000,0x00000006c7614000,0x00000006e4e00000)
 Metaspace       used 2707K, capacity 4486K, committed 4864K, reserved 1056768K
  class space    used 302K, capacity 386K, committed 512K, reserved 1048576K
Heap after GC invocations=550 (full 31):
 PSYoungGen      total 89600K, used 12800K [0x00000007b9c00000, 0x00000007c0000000, 0x00000007c0000000)
  eden space 76800K, 0% used [0x00000007b9c00000,0x00000007b9c00000,0x00000007be700000)
  from space 12800K, 100% used [0x00000007be700000,0x00000007bf380000,0x00000007bf380000)
  to   space 12800K, 0% used [0x00000007bf380000,0x00000007bf380000,0x00000007c0000000)
 ParOldGen       total 579584K, used 116512K [0x00000006c1800000, 0x00000006e4e00000, 0x00000007b9c00000)
  object space 579584K, 20% used [0x00000006c1800000,0x00000006c89c8000,0x00000006e4e00000)
 Metaspace       used 2707K, capacity 4486K, committed 4864K, reserved 1056768K
  class space    used 302K, capacity 386K, committed 512K, reserved 1048576K
}
{Heap before GC invocations=551 (full 31):
 PSYoungGen      total 89600K, used 89600K [0x00000007b9c00000, 0x00000007c0000000, 0x00000007c0000000)
  eden space 76800K, 100% used [0x00000007b9c00000,0x00000007be700000,0x00000007be700000)
  from space 12800K, 100% used [0x00000007be700000,0x00000007bf380000,0x00000007bf380000)
  to   space 12800K, 0% used [0x00000007bf380000,0x00000007bf380000,0x00000007c0000000)
 ParOldGen       total 579584K, used 116512K [0x00000006c1800000, 0x00000006e4e00000, 0x00000007b9c00000)
  object space 579584K, 20% used [0x00000006c1800000,0x00000006c89c8000,0x00000006e4e00000)
 Metaspace       used 2707K, capacity 4486K, committed 4864K, reserved 1056768K
  class space    used 302K, capacity 386K, committed 512K, reserved 1048576K
Heap after GC invocations=551 (full 31):
 PSYoungGen      total 89600K, used 12800K [0x00000007b9c00000, 0x00000007c0000000, 0x00000007c0000000)
  eden space 76800K, 0% used [0x00000007b9c00000,0x00000007b9c00000,0x00000007be700000)
  from space 12800K, 100% used [0x00000007bf380000,0x00000007c0000000,0x00000007c0000000)
  to   space 12800K, 0% used [0x00000007be700000,0x00000007be700000,0x00000007bf380000)
 ParOldGen       total 579584K, used 136688K [0x00000006c1800000, 0x00000006e4e00000, 0x00000007b9c00000)
  object space 579584K, 23% used [0x00000006c1800000,0x00000006c9d7c000,0x00000006e4e00000)
 Metaspace       used 2707K, capacity 4486K, committed 4864K, reserved 1056768K
  class space    used 302K, capacity 386K, committed 512K, reserved 1048576K
}
{Heap before GC invocations=552 (full 31):
 PSYoungGen      total 89600K, used 89600K [0x00000007b9c00000, 0x00000007c0000000, 0x00000007c0000000)
  eden space 76800K, 100% used [0x00000007b9c00000,0x00000007be700000,0x00000007be700000)
  from space 12800K, 100% used [0x00000007bf380000,0x00000007c0000000,0x00000007c0000000)
  to   space 12800K, 0% used [0x00000007be700000,0x00000007be700000,0x00000007bf380000)
 ParOldGen       total 579584K, used 136688K [0x00000006c1800000, 0x00000006e4e00000, 0x00000007b9c00000)
  object space 579584K, 23% used [0x00000006c1800000,0x00000006c9d7c000,0x00000006e4e00000)
 Metaspace       used 2707K, capacity 4486K, committed 4864K, reserved 1056768K
  class space    used 302K, capacity 386K, committed 512K, reserved 1048576K
Heap after GC invocations=552 (full 31):
 PSYoungGen      total 89600K, used 12800K [0x00000007b9c00000, 0x00000007c0000000, 0x00000007c0000000)
  eden space 76800K, 0% used [0x00000007b9c00000,0x00000007b9c00000,0x00000007be700000)
  from space 12800K, 100% used [0x00000007be700000,0x00000007bf380000,0x00000007bf380000)
  to   space 12800K, 0% used [0x00000007bf380000,0x00000007bf380000,0x00000007c0000000)
 ParOldGen       total 579584K, used 156848K [0x00000006c1800000, 0x00000006e4e00000, 0x00000007b9c00000)
  object space 579584K, 27% used [0x00000006c1800000,0x00000006cb12c000,0x00000006e4e00000)
 Metaspace       used 2707K, capacity 4486K, committed 4864K, reserved 1056768K
  class space    used 302K, capacity 386K, committed 512K, reserved 1048576K
}
{Heap before GC invocations=553 (full 31):
 PSYoungGen      total 89600K, used 89600K [0x00000007b9c00000, 0x00000007c0000000, 0x00000007c0000000)
  eden space 76800K, 100% used [0x00000007b9c00000,0x00000007be700000,0x00000007be700000)
  from space 12800K, 100% used [0x00000007be700000,0x00000007bf380000,0x00000007bf380000)
  to   space 12800K, 0% used [0x00000007bf380000,0x00000007bf380000,0x00000007c0000000)
 ParOldGen       total 579584K, used 156848K [0x00000006c1800000, 0x00000006e4e00000, 0x00000007b9c00000)
  object space 579584K, 27% used [0x00000006c1800000,0x00000006cb12c000,0x00000006e4e00000)
 Metaspace       used 2707K, capacity 4486K, committed 4864K, reserved 1056768K
  class space    used 302K, capacity 386K, committed 512K, reserved 1048576K
Heap after GC invocations=553 (full 31):
 PSYoungGen      total 89600K, used 12800K [0x00000007b9c00000, 0x00000007c0000000, 0x00000007c0000000)
  eden space 76800K, 0% used [0x00000007b9c00000,0x00000007b9c00000,0x00000007be700000)
  from space 12800K, 100% used [0x00000007bf380000,0x00000007c0000000,0x00000007c0000000)
  to   space 12800K, 0% used [0x00000007be700000,0x00000007be700000,0x00000007bf380000)
 ParOldGen       total 579584K, used 177016K [0x00000006c1800000, 0x00000006e4e00000, 0x00000007b9c00000)
  object space 579584K, 30% used [0x00000006c1800000,0x00000006cc4de000,0x00000006e4e00000)
 Metaspace       used 2707K, capacity 4486K, committed 4864K, reserved 1056768K
  class space    used 302K, capacity 386K, committed 512K, reserved 1048576K
}
{Heap before GC invocations=554 (full 31):
 PSYoungGen      total 89600K, used 89600K [0x00000007b9c00000, 0x00000007c0000000, 0x00000007c0000000)
  eden space 76800K, 100% used [0x00000007b9c00000,0x00000007be700000,0x00000007be700000)
  from space 12800K, 100% used [0x00000007bf380000,0x00000007c0000000,0x00000007c0000000)
  to   space 12800K, 0% used [0x00000007be700000,0x00000007be700000,0x00000007bf380000)
 ParOldGen       total 579584K, used 177016K [0x00000006c1800000, 0x00000006e4e00000, 0x00000007b9c00000)
  object space 579584K, 30% used [0x00000006c1800000,0x00000006cc4de000,0x00000006e4e00000)
 Metaspace       used 2707K, capacity 4486K, committed 4864K, reserved 1056768K
  class space    used 302K, capacity 386K, committed 512K, reserved 1048576K
Heap after GC invocations=554 (full 31):
 PSYoungGen      total 89600K, used 12800K [0x00000007b9c00000, 0x00000007c0000000, 0x00000007c0000000)
  eden space 76800K, 0% used [0x00000007b9c00000,0x00000007b9c00000,0x00000007be700000)
  from space 12800K, 100% used [0x00000007be700000,0x00000007bf380000,0x00000007bf380000)
  to   space 12800K, 0% used [0x00000007bf380000,0x00000007bf380000,0x00000007c0000000)
 ParOldGen       total 579584K, used 197176K [0x00000006c1800000, 0x00000006e4e00000, 0x00000007b9c00000)
  object space 579584K, 34% used [0x00000006c1800000,0x00000006cd88e000,0x00000006e4e00000)
 Metaspace       used 2707K, capacity 4486K, committed 4864K, reserved 1056768K
  class space    used 302K, capacity 386K, committed 512K, reserved 1048576K
}
{Heap before GC invocations=555 (full 31):
 PSYoungGen      total 89600K, used 89600K [0x00000007b9c00000, 0x00000007c0000000, 0x00000007c0000000)
  eden space 76800K, 100% used [0x00000007b9c00000,0x00000007be700000,0x00000007be700000)
  from space 12800K, 100% used [0x00000007be700000,0x00000007bf380000,0x00000007bf380000)
  to   space 12800K, 0% used [0x00000007bf380000,0x00000007bf380000,0x00000007c0000000)
 ParOldGen       total 579584K, used 197176K [0x00000006c1800000, 0x00000006e4e00000, 0x00000007b9c00000)
  object space 579584K, 34% used [0x00000006c1800000,0x00000006cd88e000,0x00000006e4e00000)
 Metaspace       used 2707K, capacity 4486K, committed 4864K, reserved 1056768K
  class space    used 302K, capacity 386K, committed 512K, reserved 1048576K
Heap after GC invocations=555 (full 31):
 PSYoungGen      total 89600K, used 12800K [0x00000007b9c00000, 0x00000007c0000000, 0x00000007c0000000)
  eden space 76800K, 0% used [0x00000007b9c00000,0x00000007b9c00000,0x00000007be700000)
  from space 12800K, 100% used [0x00000007bf380000,0x00000007c0000000,0x00000007c0000000)
  to   space 12800K, 0% used [0x00000007be700000,0x00000007be700000,0x00000007bf380000)
 ParOldGen       total 579584K, used 217344K [0x00000006c1800000, 0x00000006e4e00000, 0x00000007b9c00000)
  object space 579584K, 37% used [0x00000006c1800000,0x00000006cec40000,0x00000006e4e00000)
 Metaspace       used 2707K, capacity 4486K, committed 4864K, reserved 1056768K
  class space    used 302K, capacity 386K, committed 512K, reserved 1048576K
}
{Heap before GC invocations=556 (full 31):
 PSYoungGen      total 89600K, used 89600K [0x00000007b9c00000, 0x00000007c0000000, 0x00000007c0000000)
  eden space 76800K, 100% used [0x00000007b9c00000,0x00000007be700000,0x00000007be700000)
  from space 12800K, 100% used [0x00000007bf380000,0x00000007c0000000,0x00000007c0000000)
  to   space 12800K, 0% used [0x00000007be700000,0x00000007be700000,0x00000007bf380000)
 ParOldGen       total 579584K, used 217344K [0x00000006c1800000, 0x00000006e4e00000, 0x00000007b9c00000)
  object space 579584K, 37% used [0x00000006c1800000,0x00000006cec40000,0x00000006e4e00000)
 Metaspace       used 2707K, capacity 4486K, committed 4864K, reserved 1056768K
  class space    used 302K, capacity 386K, committed 512K, reserved 1048576K
Heap after GC invocations=556 (full 31):
 PSYoungGen      total 89600K, used 12800K [0x00000007b9c00000, 0x00000007c0000000, 0x00000007c0000000)
  eden space 76800K, 0% used [0x00000007b9c00000,0x00000007b9c00000,0x00000007be700000)
  from space 12800K, 100% used [0x00000007be700000,0x00000007bf380000,0x00000007bf380000)
  to   space 12800K, 0% used [0x00000007bf380000,0x00000007bf380000,0x00000007c0000000)
 ParOldGen       total 579584K, used 237512K [0x00000006c1800000, 0x00000006e4e00000, 0x00000007b9c00000)
  object space 579584K, 40% used [0x00000006c1800000,0x00000006cfff2000,0x00000006e4e00000)
 Metaspace       used 2707K, capacity 4486K, committed 4864K, reserved 1056768K
  class space    used 302K, capacity 386K, committed 512K, reserved 1048576K
}
{Heap before GC invocations=557 (full 31):
 PSYoungGen      total 89600K, used 89600K [0x00000007b9c00000, 0x00000007c0000000, 0x00000007c0000000)
  eden space 76800K, 100% used [0x00000007b9c00000,0x00000007be700000,0x00000007be700000)
  from space 12800K, 100% used [0x00000007be700000,0x00000007bf380000,0x00000007bf380000)
  to   space 12800K, 0% used [0x00000007bf380000,0x00000007bf380000,0x00000007c0000000)
 ParOldGen       total 579584K, used 237512K [0x00000006c1800000, 0x00000006e4e00000, 0x00000007b9c00000)
  object space 579584K, 40% used [0x00000006c1800000,0x00000006cfff2000,0x00000006e4e00000)
 Metaspace       used 2707K, capacity 4486K, committed 4864K, reserved 1056768K
  class space    used 302K, capacity 386K, committed 512K, reserved 1048576K
Heap after GC invocations=557 (full 31):
 PSYoungGen      total 89600K, used 12800K [0x00000007b9c00000, 0x00000007c0000000, 0x00000007c0000000)
  eden space 76800K, 0% used [0x00000007b9c00000,0x00000007b9c00000,0x00000007be700000)
  from space 12800K, 100% used [0x00000007bf380000,0x00000007c0000000,0x00000007c0000000)
  to   space 12800K, 0% used [0x00000007be700000,0x00000007be700000,0x00000007bf380000)
 ParOldGen       total 579584K, used 257672K [0x00000006c1800000, 0x00000006e4e00000, 0x00000007b9c00000)
  object space 579584K, 44% used [0x00000006c1800000,0x00000006d13a2000,0x00000006e4e00000)
 Metaspace       used 2707K, capacity 4486K, committed 4864K, reserved 1056768K
  class space    used 302K, capacity 386K, committed 512K, reserved 1048576K
}
{Heap before GC invocations=558 (full 31):
 PSYoungGen      total 89600K, used 89600K [0x00000007b9c00000, 0x00000007c0000000, 0x00000007c0000000)
  eden space 76800K, 100% used [0x00000007b9c00000,0x00000007be700000,0x00000007be700000)
  from space 12800K, 100% used [0x00000007bf380000,0x00000007c0000000,0x00000007c0000000)
  to   space 12800K, 0% used [0x00000007be700000,0x00000007be700000,0x00000007bf380000)
 ParOldGen       total 579584K, used 257672K [0x00000006c1800000, 0x00000006e4e00000, 0x00000007b9c00000)
  object space 579584K, 44% used [0x00000006c1800000,0x00000006d13a2000,0x00000006e4e00000)
 Metaspace       used 2707K, capacity 4486K, committed 4864K, reserved 1056768K
  class space    used 302K, capacity 386K, committed 512K, reserved 1048576K
Heap after GC invocations=558 (full 31):
 PSYoungGen      total 89600K, used 12800K [0x00000007b9c00000, 0x00000007c0000000, 0x00000007c0000000)
  eden space 76800K, 0% used [0x00000007b9c00000,0x00000007b9c00000,0x00000007be700000)
  from space 12800K, 100% used [0x00000007be700000,0x00000007bf380000,0x00000007bf380000)
  to   space 12800K, 0% used [0x00000007bf380000,0x00000007bf380000,0x00000007c0000000)
 ParOldGen       total 579584K, used 277848K [0x00000006c1800000, 0x00000006e4e00000, 0x00000007b9c00000)
  object space 579584K, 47% used [0x00000006c1800000,0x00000006d2756000,0x00000006e4e00000)
 Metaspace       used 2707K, capacity 4486K, committed 4864K, reserved 1056768K
  class space    used 302K, capacity 386K, committed 512K, reserved 1048576K
}
{Heap before GC invocations=559 (full 31):
 PSYoungGen      total 89600K, used 89600K [0x00000007b9c00000, 0x00000007c0000000, 0x00000007c0000000)
  eden space 76800K, 100% used [0x00000007b9c00000,0x00000007be700000,0x00000007be700000)
  from space 12800K, 100% used [0x00000007be700000,0x00000007bf380000,0x00000007bf380000)
  to   space 12800K, 0% used [0x00000007bf380000,0x00000007bf380000,0x00000007c0000000)
 ParOldGen       total 579584K, used 277848K [0x00000006c1800000, 0x00000006e4e00000, 0x00000007b9c00000)
  object space 579584K, 47% used [0x00000006c1800000,0x00000006d2756000,0x00000006e4e00000)
 Metaspace       used 2707K, capacity 4486K, committed 4864K, reserved 1056768K
  class space    used 302K, capacity 386K, committed 512K, reserved 1048576K
Heap after GC invocations=559 (full 31):
 PSYoungGen      total 89600K, used 12800K [0x00000007b9c00000, 0x00000007c0000000, 0x00000007c0000000)
  eden space 76800K, 0% used [0x00000007b9c00000,0x00000007b9c00000,0x00000007be700000)
  from space 12800K, 100% used [0x00000007bf380000,0x00000007c0000000,0x00000007c0000000)
  to   space 12800K, 0% used [0x00000007be700000,0x00000007be700000,0x00000007bf380000)
 ParOldGen       total 579584K, used 298016K [0x00000006c1800000, 0x00000006e4e00000, 0x00000007b9c00000)
  object space 579584K, 51% used [0x00000006c1800000,0x00000006d3b08000,0x00000006e4e00000)
 Metaspace       used 2707K, capacity 4486K, committed 4864K, reserved 1056768K
  class space    used 302K, capacity 386K, committed 512K, reserved 1048576K
}
{Heap before GC invocations=560 (full 31):
 PSYoungGen      total 89600K, used 89600K [0x00000007b9c00000, 0x00000007c0000000, 0x00000007c0000000)
  eden space 76800K, 100% used [0x00000007b9c00000,0x00000007be700000,0x00000007be700000)
  from space 12800K, 100% used [0x00000007bf380000,0x00000007c0000000,0x00000007c0000000)
  to   space 12800K, 0% used [0x00000007be700000,0x00000007be700000,0x00000007bf380000)
 ParOldGen       total 579584K, used 298016K [0x00000006c1800000, 0x00000006e4e00000, 0x00000007b9c00000)
  object space 579584K, 51% used [0x00000006c1800000,0x00000006d3b08000,0x00000006e4e00000)
 Metaspace       used 2707K, capacity 4486K, committed 4864K, reserved 1056768K
  class space    used 302K, capacity 386K, committed 512K, reserved 1048576K
Heap after GC invocations=560 (full 31):
 PSYoungGen      total 89600K, used 12800K [0x00000007b9c00000, 0x00000007c0000000, 0x00000007c0000000)
  eden space 76800K, 0% used [0x00000007b9c00000,0x00000007b9c00000,0x00000007be700000)
  from space 12800K, 100% used [0x00000007be700000,0x00000007bf380000,0x00000007bf380000)
  to   space 12800K, 0% used [0x00000007bf380000,0x00000007bf380000,0x00000007c0000000)
 ParOldGen       total 579584K, used 318192K [0x00000006c1800000, 0x00000006e4e00000, 0x00000007b9c00000)
  object space 579584K, 54% used [0x00000006c1800000,0x00000006d4ebc000,0x00000006e4e00000)
 Metaspace       used 2707K, capacity 4486K, committed 4864K, reserved 1056768K
  class space    used 302K, capacity 386K, committed 512K, reserved 1048576K
}
{Heap before GC invocations=561 (full 31):
 PSYoungGen      total 89600K, used 89600K [0x00000007b9c00000, 0x00000007c0000000, 0x00000007c0000000)
  eden space 76800K, 100% used [0x00000007b9c00000,0x00000007be700000,0x00000007be700000)
  from space 12800K, 100% used [0x00000007be700000,0x00000007bf380000,0x00000007bf380000)
  to   space 12800K, 0% used [0x00000007bf380000,0x00000007bf380000,0x00000007c0000000)
 ParOldGen       total 579584K, used 318192K [0x00000006c1800000, 0x00000006e4e00000, 0x00000007b9c00000)
  object space 579584K, 54% used [0x00000006c1800000,0x00000006d4ebc000,0x00000006e4e00000)
 Metaspace       used 2707K, capacity 4486K, committed 4864K, reserved 1056768K
  class space    used 302K, capacity 386K, committed 512K, reserved 1048576K
Heap after GC invocations=561 (full 31):
 PSYoungGen      total 89600K, used 12800K [0x00000007b9c00000, 0x00000007c0000000, 0x00000007c0000000)
  eden space 76800K, 0% used [0x00000007b9c00000,0x00000007b9c00000,0x00000007be700000)
  from space 12800K, 100% used [0x00000007bf380000,0x00000007c0000000,0x00000007c0000000)
  to   space 12800K, 0% used [0x00000007be700000,0x00000007be700000,0x00000007bf380000)
 ParOldGen       total 579584K, used 338360K [0x00000006c1800000, 0x00000006e4e00000, 0x00000007b9c00000)
  object space 579584K, 58% used [0x00000006c1800000,0x00000006d626e000,0x00000006e4e00000)
 Metaspace       used 2707K, capacity 4486K, committed 4864K, reserved 1056768K
  class space    used 302K, capacity 386K, committed 512K, reserved 1048576K
}
{Heap before GC invocations=562 (full 31):
 PSYoungGen      total 89600K, used 89600K [0x00000007b9c00000, 0x00000007c0000000, 0x00000007c0000000)
  eden space 76800K, 100% used [0x00000007b9c00000,0x00000007be700000,0x00000007be700000)
  from space 12800K, 100% used [0x00000007bf380000,0x00000007c0000000,0x00000007c0000000)
  to   space 12800K, 0% used [0x00000007be700000,0x00000007be700000,0x00000007bf380000)
 ParOldGen       total 579584K, used 338360K [0x00000006c1800000, 0x00000006e4e00000, 0x00000007b9c00000)
  object space 579584K, 58% used [0x00000006c1800000,0x00000006d626e000,0x00000006e4e00000)
 Metaspace       used 2707K, capacity 4486K, committed 4864K, reserved 1056768K
  class space    used 302K, capacity 386K, committed 512K, reserved 1048576K
Heap after GC invocations=562 (full 31):
 PSYoungGen      total 89600K, used 12800K [0x00000007b9c00000, 0x00000007c0000000, 0x00000007c0000000)
  eden space 76800K, 0% used [0x00000007b9c00000,0x00000007b9c00000,0x00000007be700000)
  from space 12800K, 100% used [0x00000007be700000,0x00000007bf380000,0x00000007bf380000)
  to   space 12800K, 0% used [0x00000007bf380000,0x00000007bf380000,0x00000007c0000000)
 ParOldGen       total 579584K, used 358520K [0x00000006c1800000, 0x00000006e4e00000, 0x00000007b9c00000)
  object space 579584K, 61% used [0x00000006c1800000,0x00000006d761e000,0x00000006e4e00000)
 Metaspace       used 2707K, capacity 4486K, committed 4864K, reserved 1056768K
  class space    used 302K, capacity 386K, committed 512K, reserved 1048576K
}
{Heap before GC invocations=563 (full 31):
 PSYoungGen      total 89600K, used 89600K [0x00000007b9c00000, 0x00000007c0000000, 0x00000007c0000000)
  eden space 76800K, 100% used [0x00000007b9c00000,0x00000007be700000,0x00000007be700000)
  from space 12800K, 100% used [0x00000007be700000,0x00000007bf380000,0x00000007bf380000)
  to   space 12800K, 0% used [0x00000007bf380000,0x00000007bf380000,0x00000007c0000000)
 ParOldGen       total 579584K, used 358520K [0x00000006c1800000, 0x00000006e4e00000, 0x00000007b9c00000)
  object space 579584K, 61% used [0x00000006c1800000,0x00000006d761e000,0x00000006e4e00000)
 Metaspace       used 2707K, capacity 4486K, committed 4864K, reserved 1056768K
  class space    used 302K, capacity 386K, committed 512K, reserved 1048576K
Heap after GC invocations=563 (full 31):
 PSYoungGen      total 89600K, used 12800K [0x00000007b9c00000, 0x00000007c0000000, 0x00000007c0000000)
  eden space 76800K, 0% used [0x00000007b9c00000,0x00000007b9c00000,0x00000007be700000)
  from space 12800K, 100% used [0x00000007bf380000,0x00000007c0000000,0x00000007c0000000)
  to   space 12800K, 0% used [0x00000007be700000,0x00000007be700000,0x00000007bf380000)
 ParOldGen       total 579584K, used 378680K [0x00000006c1800000, 0x00000006e4e00000, 0x00000007b9c00000)
  object space 579584K, 65% used [0x00000006c1800000,0x00000006d89ce000,0x00000006e4e00000)
 Metaspace       used 2707K, capacity 4486K, committed 4864K, reserved 1056768K
  class space    used 302K, capacity 386K, committed 512K, reserved 1048576K
}
{Heap before GC invocations=564 (full 31):
 PSYoungGen      total 89600K, used 89600K [0x00000007b9c00000, 0x00000007c0000000, 0x00000007c0000000)
  eden space 76800K, 100% used [0x00000007b9c00000,0x00000007be700000,0x00000007be700000)
  from space 12800K, 100% used [0x00000007bf380000,0x00000007c0000000,0x00000007c0000000)
  to   space 12800K, 0% used [0x00000007be700000,0x00000007be700000,0x00000007bf380000)
 ParOldGen       total 579584K, used 378680K [0x00000006c1800000, 0x00000006e4e00000, 0x00000007b9c00000)
  object space 579584K, 65% used [0x00000006c1800000,0x00000006d89ce000,0x00000006e4e00000)
 Metaspace       used 2707K, capacity 4486K, committed 4864K, reserved 1056768K
  class space    used 302K, capacity 386K, committed 512K, reserved 1048576K
Heap after GC invocations=564 (full 31):
 PSYoungGen      total 89600K, used 12800K [0x00000007b9c00000, 0x00000007c0000000, 0x00000007c0000000)
  eden space 76800K, 0% used [0x00000007b9c00000,0x00000007b9c00000,0x00000007be700000)
  from space 12800K, 100% used [0x00000007be700000,0x00000007bf380000,0x00000007bf380000)
  to   space 12800K, 0% used [0x00000007bf380000,0x00000007bf380000,0x00000007c0000000)
 ParOldGen       total 579584K, used 398840K [0x00000006c1800000, 0x00000006e4e00000, 0x00000007b9c00000)
  object space 579584K, 68% used [0x00000006c1800000,0x00000006d9d7e000,0x00000006e4e00000)
 Metaspace       used 2707K, capacity 4486K, committed 4864K, reserved 1056768K
  class space    used 302K, capacity 386K, committed 512K, reserved 1048576K
}
{Heap before GC invocations=565 (full 31):
 PSYoungGen      total 89600K, used 89600K [0x00000007b9c00000, 0x00000007c0000000, 0x00000007c0000000)
  eden space 76800K, 100% used [0x00000007b9c00000,0x00000007be700000,0x00000007be700000)
  from space 12800K, 100% used [0x00000007be700000,0x00000007bf380000,0x00000007bf380000)
  to   space 12800K, 0% used [0x00000007bf380000,0x00000007bf380000,0x00000007c0000000)
 ParOldGen       total 579584K, used 398840K [0x00000006c1800000, 0x00000006e4e00000, 0x00000007b9c00000)
  object space 579584K, 68% used [0x00000006c1800000,0x00000006d9d7e000,0x00000006e4e00000)
 Metaspace       used 2707K, capacity 4486K, committed 4864K, reserved 1056768K
  class space    used 302K, capacity 386K, committed 512K, reserved 1048576K
Heap after GC invocations=565 (full 31):
 PSYoungGen      total 89600K, used 12800K [0x00000007b9c00000, 0x00000007c0000000, 0x00000007c0000000)
  eden space 76800K, 0% used [0x00000007b9c00000,0x00000007b9c00000,0x00000007be700000)
  from space 12800K, 100% used [0x00000007bf380000,0x00000007c0000000,0x00000007c0000000)
  to   space 12800K, 0% used [0x00000007be700000,0x00000007be700000,0x00000007bf380000)
 ParOldGen       total 579584K, used 419000K [0x00000006c1800000, 0x00000006e4e00000, 0x00000007b9c00000)
  object space 579584K, 72% used [0x00000006c1800000,0x00000006db12e000,0x00000006e4e00000)
 Metaspace       used 2707K, capacity 4486K, committed 4864K, reserved 1056768K
  class space    used 302K, capacity 386K, committed 512K, reserved 1048576K
}
{Heap before GC invocations=566 (full 31):
 PSYoungGen      total 89600K, used 89600K [0x00000007b9c00000, 0x00000007c0000000, 0x00000007c0000000)
  eden space 76800K, 100% used [0x00000007b9c00000,0x00000007be700000,0x00000007be700000)
  from space 12800K, 100% used [0x00000007bf380000,0x00000007c0000000,0x00000007c0000000)
  to   space 12800K, 0% used [0x00000007be700000,0x00000007be700000,0x00000007bf380000)
 ParOldGen       total 579584K, used 419000K [0x00000006c1800000, 0x00000006e4e00000, 0x00000007b9c00000)
  object space 579584K, 72% used [0x00000006c1800000,0x00000006db12e000,0x00000006e4e00000)
 Metaspace       used 2707K, capacity 4486K, committed 4864K, reserved 1056768K
  class space    used 302K, capacity 386K, committed 512K, reserved 1048576K
Heap after GC invocations=566 (full 31):
 PSYoungGen      total 89600K, used 12800K [0x00000007b9c00000, 0x00000007c0000000, 0x00000007c0000000)
  eden space 76800K, 0% used [0x00000007b9c00000,0x00000007b9c00000,0x00000007be700000)
  from space 12800K, 100% used [0x00000007be700000,0x00000007bf380000,0x00000007bf380000)
  to   space 12800K, 0% used [0x00000007bf380000,0x00000007bf380000,0x00000007c0000000)
 ParOldGen       total 579584K, used 439168K [0x00000006c1800000, 0x00000006e4e00000, 0x00000007b9c00000)
  object space 579584K, 75% used [0x00000006c1800000,0x00000006dc4e0000,0x00000006e4e00000)
 Metaspace       used 2707K, capacity 4486K, committed 4864K, reserved 1056768K
  class space    used 302K, capacity 386K, committed 512K, reserved 1048576K
}
{Heap before GC invocations=567 (full 31):
 PSYoungGen      total 89600K, used 89600K [0x00000007b9c00000, 0x00000007c0000000, 0x00000007c0000000)
  eden space 76800K, 100% used [0x00000007b9c00000,0x00000007be700000,0x00000007be700000)
  from space 12800K, 100% used [0x00000007be700000,0x00000007bf380000,0x00000007bf380000)
  to   space 12800K, 0% used [0x00000007bf380000,0x00000007bf380000,0x00000007c0000000)
 ParOldGen       total 579584K, used 439168K [0x00000006c1800000, 0x00000006e4e00000, 0x00000007b9c00000)
  object space 579584K, 75% used [0x00000006c1800000,0x00000006dc4e0000,0x00000006e4e00000)
 Metaspace       used 2707K, capacity 4486K, committed 4864K, reserved 1056768K
  class space    used 302K, capacity 386K, committed 512K, reserved 1048576K
Heap after GC invocations=567 (full 31):
 PSYoungGen      total 89600K, used 12800K [0x00000007b9c00000, 0x00000007c0000000, 0x00000007c0000000)
  eden space 76800K, 0% used [0x00000007b9c00000,0x00000007b9c00000,0x00000007be700000)
  from space 12800K, 100% used [0x00000007bf380000,0x00000007c0000000,0x00000007c0000000)
  to   space 12800K, 0% used [0x00000007be700000,0x00000007be700000,0x00000007bf380000)
 ParOldGen       total 579584K, used 459336K [0x00000006c1800000, 0x00000006e4e00000, 0x00000007b9c00000)
  object space 579584K, 79% used [0x00000006c1800000,0x00000006dd892000,0x00000006e4e00000)
 Metaspace       used 2707K, capacity 4486K, committed 4864K, reserved 1056768K
  class space    used 302K, capacity 386K, committed 512K, reserved 1048576K
}
{Heap before GC invocations=568 (full 31):
 PSYoungGen      total 89600K, used 89600K [0x00000007b9c00000, 0x00000007c0000000, 0x00000007c0000000)
  eden space 76800K, 100% used [0x00000007b9c00000,0x00000007be700000,0x00000007be700000)
  from space 12800K, 100% used [0x00000007bf380000,0x00000007c0000000,0x00000007c0000000)
  to   space 12800K, 0% used [0x00000007be700000,0x00000007be700000,0x00000007bf380000)
 ParOldGen       total 579584K, used 459336K [0x00000006c1800000, 0x00000006e4e00000, 0x00000007b9c00000)
  object space 579584K, 79% used [0x00000006c1800000,0x00000006dd892000,0x00000006e4e00000)
 Metaspace       used 2707K, capacity 4486K, committed 4864K, reserved 1056768K
  class space    used 302K, capacity 386K, committed 512K, reserved 1048576K
Heap after GC invocations=568 (full 31):
 PSYoungGen      total 89600K, used 12800K [0x00000007b9c00000, 0x00000007c0000000, 0x00000007c0000000)
  eden space 76800K, 0% used [0x00000007b9c00000,0x00000007b9c00000,0x00000007be700000)
  from space 12800K, 100% used [0x00000007be700000,0x00000007bf380000,0x00000007bf380000)
  to   space 12800K, 0% used [0x00000007bf380000,0x00000007bf380000,0x00000007c0000000)
 ParOldGen       total 579584K, used 479504K [0x00000006c1800000, 0x00000006e4e00000, 0x00000007b9c00000)
  object space 579584K, 82% used [0x00000006c1800000,0x00000006dec44000,0x00000006e4e00000)
 Metaspace       used 2707K, capacity 4486K, committed 4864K, reserved 1056768K
  class space    used 302K, capacity 386K, committed 512K, reserved 1048576K
}
{Heap before GC invocations=569 (full 31):
 PSYoungGen      total 89600K, used 89600K [0x00000007b9c00000, 0x00000007c0000000, 0x00000007c0000000)
  eden space 76800K, 100% used [0x00000007b9c00000,0x00000007be700000,0x00000007be700000)
  from space 12800K, 100% used [0x00000007be700000,0x00000007bf380000,0x00000007bf380000)
  to   space 12800K, 0% used [0x00000007bf380000,0x00000007bf380000,0x00000007c0000000)
 ParOldGen       total 579584K, used 479504K [0x00000006c1800000, 0x00000006e4e00000, 0x00000007b9c00000)
  object space 579584K, 82% used [0x00000006c1800000,0x00000006dec44000,0x00000006e4e00000)
 Metaspace       used 2707K, capacity 4486K, committed 4864K, reserved 1056768K
  class space    used 302K, capacity 386K, committed 512K, reserved 1048576K
Heap after GC invocations=569 (full 31):
 PSYoungGen      total 89600K, used 12800K [0x00000007b9c00000, 0x00000007c0000000, 0x00000007c0000000)
  eden space 76800K, 0% used [0x00000007b9c00000,0x00000007b9c00000,0x00000007be700000)
  from space 12800K, 100% used [0x00000007bf380000,0x00000007c0000000,0x00000007c0000000)
  to   space 12800K, 0% used [0x00000007be700000,0x00000007be700000,0x00000007bf380000)
 ParOldGen       total 579584K, used 499664K [0x00000006c1800000, 0x00000006e4e00000, 0x00000007b9c00000)
  object space 579584K, 86% used [0x00000006c1800000,0x00000006dfff4000,0x00000006e4e00000)
 Metaspace       used 2707K, capacity 4486K, committed 4864K, reserved 1056768K
  class space    used 302K, capacity 386K, committed 512K, reserved 1048576K
}
{Heap before GC invocations=570 (full 31):
 PSYoungGen      total 89600K, used 89600K [0x00000007b9c00000, 0x00000007c0000000, 0x00000007c0000000)
  eden space 76800K, 100% used [0x00000007b9c00000,0x00000007be700000,0x00000007be700000)
  from space 12800K, 100% used [0x00000007bf380000,0x00000007c0000000,0x00000007c0000000)
  to   space 12800K, 0% used [0x00000007be700000,0x00000007be700000,0x00000007bf380000)
 ParOldGen       total 579584K, used 499664K [0x00000006c1800000, 0x00000006e4e00000, 0x00000007b9c00000)
  object space 579584K, 86% used [0x00000006c1800000,0x00000006dfff4000,0x00000006e4e00000)
 Metaspace       used 2707K, capacity 4486K, committed 4864K, reserved 1056768K
  class space    used 302K, capacity 386K, committed 512K, reserved 1048576K
Heap after GC invocations=570 (full 31):
 PSYoungGen      total 89600K, used 12800K [0x00000007b9c00000, 0x00000007c0000000, 0x00000007c0000000)
  eden space 76800K, 0% used [0x00000007b9c00000,0x00000007b9c00000,0x00000007be700000)
  from space 12800K, 100% used [0x00000007be700000,0x00000007bf380000,0x00000007bf380000)
  to   space 12800K, 0% used [0x00000007bf380000,0x00000007bf380000,0x00000007c0000000)
 ParOldGen       total 579584K, used 519824K [0x00000006c1800000, 0x00000006e4e00000, 0x00000007b9c00000)
  object space 579584K, 89% used [0x00000006c1800000,0x00000006e13a4000,0x00000006e4e00000)
 Metaspace       used 2707K, capacity 4486K, committed 4864K, reserved 1056768K
  class space    used 302K, capacity 386K, committed 512K, reserved 1048576K
}
{Heap before GC invocations=571 (full 31):
 PSYoungGen      total 89600K, used 89600K [0x00000007b9c00000, 0x00000007c0000000, 0x00000007c0000000)
  eden space 76800K, 100% used [0x00000007b9c00000,0x00000007be700000,0x00000007be700000)
  from space 12800K, 100% used [0x00000007be700000,0x00000007bf380000,0x00000007bf380000)
  to   space 12800K, 0% used [0x00000007bf380000,0x00000007bf380000,0x00000007c0000000)
 ParOldGen       total 579584K, used 519824K [0x00000006c1800000, 0x00000006e4e00000, 0x00000007b9c00000)
  object space 579584K, 89% used [0x00000006c1800000,0x00000006e13a4000,0x00000006e4e00000)
 Metaspace       used 2707K, capacity 4486K, committed 4864K, reserved 1056768K
  class space    used 302K, capacity 386K, committed 512K, reserved 1048576K
Heap after GC invocations=571 (full 31):
 PSYoungGen      total 89600K, used 12800K [0x00000007b9c00000, 0x00000007c0000000, 0x00000007c0000000)
  eden space 76800K, 0% used [0x00000007b9c00000,0x00000007b9c00000,0x00000007be700000)
  from space 12800K, 100% used [0x00000007bf380000,0x00000007c0000000,0x00000007c0000000)
  to   space 12800K, 0% used [0x00000007be700000,0x00000007be700000,0x00000007bf380000)
 ParOldGen       total 579584K, used 539992K [0x00000006c1800000, 0x00000006e4e00000, 0x00000007b9c00000)
  object space 579584K, 93% used [0x00000006c1800000,0x00000006e2756000,0x00000006e4e00000)
 Metaspace       used 2707K, capacity 4486K, committed 4864K, reserved 1056768K
  class space    used 302K, capacity 386K, committed 512K, reserved 1048576K
}
{Heap before GC invocations=572 (full 31):
 PSYoungGen      total 89600K, used 89600K [0x00000007b9c00000, 0x00000007c0000000, 0x00000007c0000000)
  eden space 76800K, 100% used [0x00000007b9c00000,0x00000007be700000,0x00000007be700000)
  from space 12800K, 100% used [0x00000007bf380000,0x00000007c0000000,0x00000007c0000000)
  to   space 12800K, 0% used [0x00000007be700000,0x00000007be700000,0x00000007bf380000)
 ParOldGen       total 579584K, used 539992K [0x00000006c1800000, 0x00000006e4e00000, 0x00000007b9c00000)
  object space 579584K, 93% used [0x00000006c1800000,0x00000006e2756000,0x00000006e4e00000)
 Metaspace       used 2707K, capacity 4486K, committed 4864K, reserved 1056768K
  class space    used 302K, capacity 386K, committed 512K, reserved 1048576K
Heap after GC invocations=572 (full 31):
 PSYoungGen      total 89600K, used 12800K [0x00000007b9c00000, 0x00000007c0000000, 0x00000007c0000000)
  eden space 76800K, 0% used [0x00000007b9c00000,0x00000007b9c00000,0x00000007be700000)
  from space 12800K, 100% used [0x00000007be700000,0x00000007bf380000,0x00000007bf380000)
  to   space 12800K, 0% used [0x00000007bf380000,0x00000007bf380000,0x00000007c0000000)
 ParOldGen       total 579584K, used 560160K [0x00000006c1800000, 0x00000006e4e00000, 0x00000007b9c00000)
  object space 579584K, 96% used [0x00000006c1800000,0x00000006e3b08000,0x00000006e4e00000)
 Metaspace       used 2707K, capacity 4486K, committed 4864K, reserved 1056768K
  class space    used 302K, capacity 386K, committed 512K, reserved 1048576K
}
{Heap before GC invocations=573 (full 32):
 PSYoungGen      total 89600K, used 12800K [0x00000007b9c00000, 0x00000007c0000000, 0x00000007c0000000)
  eden space 76800K, 0% used [0x00000007b9c00000,0x00000007b9c00000,0x00000007be700000)
  from space 12800K, 100% used [0x00000007be700000,0x00000007bf380000,0x00000007bf380000)
  to   space 12800K, 0% used [0x00000007bf380000,0x00000007bf380000,0x00000007c0000000)
 ParOldGen       total 579584K, used 560160K [0x00000006c1800000, 0x00000006e4e00000, 0x00000007b9c00000)
  object space 579584K, 96% used [0x00000006c1800000,0x00000006e3b08000,0x00000006e4e00000)
 Metaspace       used 2707K, capacity 4486K, committed 4864K, reserved 1056768K
  class space    used 302K, capacity 386K, committed 512K, reserved 1048576K
Heap after GC invocations=573 (full 32):
 PSYoungGen      total 89600K, used 0K [0x00000007b9c00000, 0x00000007c0000000, 0x00000007c0000000)
  eden space 76800K, 0% used [0x00000007b9c00000,0x00000007b9c00000,0x00000007be700000)
  from space 12800K, 0% used [0x00000007be700000,0x00000007be700000,0x00000007bf380000)
  to   space 12800K, 0% used [0x00000007bf380000,0x00000007bf380000,0x00000007c0000000)
 ParOldGen       total 591872K, used 35840K [0x00000006c1800000, 0x00000006e5a00000, 0x00000007b9c00000)
  object space 591872K, 6% used [0x00000006c1800000,0x00000006c3b00000,0x00000006e5a00000)
 Metaspace       used 2707K, capacity 4486K, committed 4864K, reserved 1056768K
  class space    used 302K, capacity 386K, committed 512K, reserved 1048576K
}
{Heap before GC invocations=574 (full 32):
 PSYoungGen      total 89600K, used 76800K [0x00000007b9c00000, 0x00000007c0000000, 0x00000007c0000000)
  eden space 76800K, 100% used [0x00000007b9c00000,0x00000007be700000,0x00000007be700000)
  from space 12800K, 0% used [0x00000007be700000,0x00000007be700000,0x00000007bf380000)
  to   space 12800K, 0% used [0x00000007bf380000,0x00000007bf380000,0x00000007c0000000)
 ParOldGen       total 591872K, used 35840K [0x00000006c1800000, 0x00000006e5a00000, 0x00000007b9c00000)
  object space 591872K, 6% used [0x00000006c1800000,0x00000006c3b00000,0x00000006e5a00000)
 Metaspace       used 2707K, capacity 4486K, committed 4864K, reserved 1056768K
  class space    used 302K, capacity 386K, committed 512K, reserved 1048576K
Heap after GC invocations=574 (full 32):
 PSYoungGen      total 89600K, used 12800K [0x00000007b9c00000, 0x00000007c0000000, 0x00000007c0000000)
  eden space 76800K, 0% used [0x00000007b9c00000,0x00000007b9c00000,0x00000007be700000)
  from space 12800K, 100% used [0x00000007bf380000,0x00000007c0000000,0x00000007c0000000)
  to   space 12800K, 0% used [0x00000007be700000,0x00000007be700000,0x00000007bf380000)
 ParOldGen       total 591872K, used 56008K [0x00000006c1800000, 0x00000006e5a00000, 0x00000007b9c00000)
  object space 591872K, 9% used [0x00000006c1800000,0x00000006c4eb2000,0x00000006e5a00000)
 Metaspace       used 2707K, capacity 4486K, committed 4864K, reserved 1056768K
  class space    used 302K, capacity 386K, committed 512K, reserved 1048576K
}
{Heap before GC invocations=575 (full 32):
 PSYoungGen      total 89600K, used 89600K [0x00000007b9c00000, 0x00000007c0000000, 0x00000007c0000000)
  eden space 76800K, 100% used [0x00000007b9c00000,0x00000007be700000,0x00000007be700000)
  from space 12800K, 100% used [0x00000007bf380000,0x00000007c0000000,0x00000007c0000000)
  to   space 12800K, 0% used [0x00000007be700000,0x00000007be700000,0x00000007bf380000)
 ParOldGen       total 591872K, used 56008K [0x00000006c1800000, 0x00000006e5a00000, 0x00000007b9c00000)
  object space 591872K, 9% used [0x00000006c1800000,0x00000006c4eb2000,0x00000006e5a00000)
 Metaspace       used 2707K, capacity 4486K, committed 4864K, reserved 1056768K
  class space    used 302K, capacity 386K, committed 512K, reserved 1048576K
Heap after GC invocations=575 (full 32):
 PSYoungGen      total 89600K, used 12800K [0x00000007b9c00000, 0x00000007c0000000, 0x00000007c0000000)
  eden space 76800K, 0% used [0x00000007b9c00000,0x00000007b9c00000,0x00000007be700000)
  from space 12800K, 100% used [0x00000007be700000,0x00000007bf380000,0x00000007bf380000)
  to   space 12800K, 0% used [0x00000007bf380000,0x00000007bf380000,0x00000007c0000000)
 ParOldGen       total 591872K, used 76176K [0x00000006c1800000, 0x00000006e5a00000, 0x00000007b9c00000)
  object space 591872K, 12% used [0x00000006c1800000,0x00000006c6264000,0x00000006e5a00000)
 Metaspace       used 2707K, capacity 4486K, committed 4864K, reserved 1056768K
  class space    used 302K, capacity 386K, committed 512K, reserved 1048576K
}
{Heap before GC invocations=576 (full 32):
 PSYoungGen      total 89600K, used 89600K [0x00000007b9c00000, 0x00000007c0000000, 0x00000007c0000000)
  eden space 76800K, 100% used [0x00000007b9c00000,0x00000007be700000,0x00000007be700000)
  from space 12800K, 100% used [0x00000007be700000,0x00000007bf380000,0x00000007bf380000)
  to   space 12800K, 0% used [0x00000007bf380000,0x00000007bf380000,0x00000007c0000000)
 ParOldGen       total 591872K, used 76176K [0x00000006c1800000, 0x00000006e5a00000, 0x00000007b9c00000)
  object space 591872K, 12% used [0x00000006c1800000,0x00000006c6264000,0x00000006e5a00000)
 Metaspace       used 2707K, capacity 4486K, committed 4864K, reserved 1056768K
  class space    used 302K, capacity 386K, committed 512K, reserved 1048576K
Heap after GC invocations=576 (full 32):
 PSYoungGen      total 89600K, used 12800K [0x00000007b9c00000, 0x00000007c0000000, 0x00000007c0000000)
  eden space 76800K, 0% used [0x00000007b9c00000,0x00000007b9c00000,0x00000007be700000)
  from space 12800K, 100% used [0x00000007bf380000,0x00000007c0000000,0x00000007c0000000)
  to   space 12800K, 0% used [0x00000007be700000,0x00000007be700000,0x00000007bf380000)
 ParOldGen       total 591872K, used 96344K [0x00000006c1800000, 0x00000006e5a00000, 0x00000007b9c00000)
  object space 591872K, 16% used [0x00000006c1800000,0x00000006c7616000,0x00000006e5a00000)
 Metaspace       used 2707K, capacity 4486K, committed 4864K, reserved 1056768K
  class space    used 302K, capacity 386K, committed 512K, reserved 1048576K
}
{Heap before GC invocations=577 (full 32):
 PSYoungGen      total 89600K, used 89600K [0x00000007b9c00000, 0x00000007c0000000, 0x00000007c0000000)
  eden space 76800K, 100% used [0x00000007b9c00000,0x00000007be700000,0x00000007be700000)
  from space 12800K, 100% used [0x00000007bf380000,0x00000007c0000000,0x00000007c0000000)
  to   space 12800K, 0% used [0x00000007be700000,0x00000007be700000,0x00000007bf380000)
 ParOldGen       total 591872K, used 96344K [0x00000006c1800000, 0x00000006e5a00000, 0x00000007b9c00000)
  object space 591872K, 16% used [0x00000006c1800000,0x00000006c7616000,0x00000006e5a00000)
 Metaspace       used 2707K, capacity 4486K, committed 4864K, reserved 1056768K
  class space    used 302K, capacity 386K, committed 512K, reserved 1048576K
Heap after GC invocations=577 (full 32):
 PSYoungGen      total 89600K, used 12800K [0x00000007b9c00000, 0x00000007c0000000, 0x00000007c0000000)
  eden space 76800K, 0% used [0x00000007b9c00000,0x00000007b9c00000,0x00000007be700000)
  from space 12800K, 100% used [0x00000007be700000,0x00000007bf380000,0x00000007bf380000)
  to   space 12800K, 0% used [0x00000007bf380000,0x00000007bf380000,0x00000007c0000000)
 ParOldGen       total 591872K, used 116504K [0x00000006c1800000, 0x00000006e5a00000, 0x00000007b9c00000)
  object space 591872K, 19% used [0x00000006c1800000,0x00000006c89c6000,0x00000006e5a00000)
 Metaspace       used 2707K, capacity 4486K, committed 4864K, reserved 1056768K
  class space    used 302K, capacity 386K, committed 512K, reserved 1048576K
}
{Heap before GC invocations=578 (full 32):
 PSYoungGen      total 89600K, used 89600K [0x00000007b9c00000, 0x00000007c0000000, 0x00000007c0000000)
  eden space 76800K, 100% used [0x00000007b9c00000,0x00000007be700000,0x00000007be700000)
  from space 12800K, 100% used [0x00000007be700000,0x00000007bf380000,0x00000007bf380000)
  to   space 12800K, 0% used [0x00000007bf380000,0x00000007bf380000,0x00000007c0000000)
 ParOldGen       total 591872K, used 116504K [0x00000006c1800000, 0x00000006e5a00000, 0x00000007b9c00000)
  object space 591872K, 19% used [0x00000006c1800000,0x00000006c89c6000,0x00000006e5a00000)
 Metaspace       used 2707K, capacity 4486K, committed 4864K, reserved 1056768K
  class space    used 302K, capacity 386K, committed 512K, reserved 1048576K
Heap after GC invocations=578 (full 32):
 PSYoungGen      total 89600K, used 12800K [0x00000007b9c00000, 0x00000007c0000000, 0x00000007c0000000)
  eden space 76800K, 0% used [0x00000007b9c00000,0x00000007b9c00000,0x00000007be700000)
  from space 12800K, 100% used [0x00000007bf380000,0x00000007c0000000,0x00000007c0000000)
  to   space 12800K, 0% used [0x00000007be700000,0x00000007be700000,0x00000007bf380000)
 ParOldGen       total 591872K, used 136664K [0x00000006c1800000, 0x00000006e5a00000, 0x00000007b9c00000)
  object space 591872K, 23% used [0x00000006c1800000,0x00000006c9d76000,0x00000006e5a00000)
 Metaspace       used 2707K, capacity 4486K, committed 4864K, reserved 1056768K
  class space    used 302K, capacity 386K, committed 512K, reserved 1048576K
}
{Heap before GC invocations=579 (full 32):
 PSYoungGen      total 89600K, used 89600K [0x00000007b9c00000, 0x00000007c0000000, 0x00000007c0000000)
  eden space 76800K, 100% used [0x00000007b9c00000,0x00000007be700000,0x00000007be700000)
  from space 12800K, 100% used [0x00000007bf380000,0x00000007c0000000,0x00000007c0000000)
  to   space 12800K, 0% used [0x00000007be700000,0x00000007be700000,0x00000007bf380000)
 ParOldGen       total 591872K, used 136664K [0x00000006c1800000, 0x00000006e5a00000, 0x00000007b9c00000)
  object space 591872K, 23% used [0x00000006c1800000,0x00000006c9d76000,0x00000006e5a00000)
 Metaspace       used 2707K, capacity 4486K, committed 4864K, reserved 1056768K
  class space    used 302K, capacity 386K, committed 512K, reserved 1048576K
Heap after GC invocations=579 (full 32):
 PSYoungGen      total 89600K, used 12800K [0x00000007b9c00000, 0x00000007c0000000, 0x00000007c0000000)
  eden space 76800K, 0% used [0x00000007b9c00000,0x00000007b9c00000,0x00000007be700000)
  from space 12800K, 100% used [0x00000007be700000,0x00000007bf380000,0x00000007bf380000)
  to   space 12800K, 0% used [0x00000007bf380000,0x00000007bf380000,0x00000007c0000000)
 ParOldGen       total 591872K, used 156824K [0x00000006c1800000, 0x00000006e5a00000, 0x00000007b9c00000)
  object space 591872K, 26% used [0x00000006c1800000,0x00000006cb126000,0x00000006e5a00000)
 Metaspace       used 2707K, capacity 4486K, committed 4864K, reserved 1056768K
  class space    used 302K, capacity 386K, committed 512K, reserved 1048576K
}
{Heap before GC invocations=580 (full 32):
 PSYoungGen      total 89600K, used 89600K [0x00000007b9c00000, 0x00000007c0000000, 0x00000007c0000000)
  eden space 76800K, 100% used [0x00000007b9c00000,0x00000007be700000,0x00000007be700000)
  from space 12800K, 100% used [0x00000007be700000,0x00000007bf380000,0x00000007bf380000)
  to   space 12800K, 0% used [0x00000007bf380000,0x00000007bf380000,0x00000007c0000000)
 ParOldGen       total 591872K, used 156824K [0x00000006c1800000, 0x00000006e5a00000, 0x00000007b9c00000)
  object space 591872K, 26% used [0x00000006c1800000,0x00000006cb126000,0x00000006e5a00000)
 Metaspace       used 2707K, capacity 4486K, committed 4864K, reserved 1056768K
  class space    used 302K, capacity 386K, committed 512K, reserved 1048576K
Heap after GC invocations=580 (full 32):
 PSYoungGen      total 89600K, used 12800K [0x00000007b9c00000, 0x00000007c0000000, 0x00000007c0000000)
  eden space 76800K, 0% used [0x00000007b9c00000,0x00000007b9c00000,0x00000007be700000)
  from space 12800K, 100% used [0x00000007bf380000,0x00000007c0000000,0x00000007c0000000)
  to   space 12800K, 0% used [0x00000007be700000,0x00000007be700000,0x00000007bf380000)
 ParOldGen       total 591872K, used 176984K [0x00000006c1800000, 0x00000006e5a00000, 0x00000007b9c00000)
  object space 591872K, 29% used [0x00000006c1800000,0x00000006cc4d6000,0x00000006e5a00000)
 Metaspace       used 2707K, capacity 4486K, committed 4864K, reserved 1056768K
  class space    used 302K, capacity 386K, committed 512K, reserved 1048576K
}
{Heap before GC invocations=581 (full 32):
 PSYoungGen      total 89600K, used 89600K [0x00000007b9c00000, 0x00000007c0000000, 0x00000007c0000000)
  eden space 76800K, 100% used [0x00000007b9c00000,0x00000007be700000,0x00000007be700000)
  from space 12800K, 100% used [0x00000007bf380000,0x00000007c0000000,0x00000007c0000000)
  to   space 12800K, 0% used [0x00000007be700000,0x00000007be700000,0x00000007bf380000)
 ParOldGen       total 591872K, used 176984K [0x00000006c1800000, 0x00000006e5a00000, 0x00000007b9c00000)
  object space 591872K, 29% used [0x00000006c1800000,0x00000006cc4d6000,0x00000006e5a00000)
 Metaspace       used 2707K, capacity 4486K, committed 4864K, reserved 1056768K
  class space    used 302K, capacity 386K, committed 512K, reserved 1048576K
Heap after GC invocations=581 (full 32):
 PSYoungGen      total 89600K, used 12800K [0x00000007b9c00000, 0x00000007c0000000, 0x00000007c0000000)
  eden space 76800K, 0% used [0x00000007b9c00000,0x00000007b9c00000,0x00000007be700000)
  from space 12800K, 100% used [0x00000007be700000,0x00000007bf380000,0x00000007bf380000)
  to   space 12800K, 0% used [0x00000007bf380000,0x00000007bf380000,0x00000007c0000000)
 ParOldGen       total 591872K, used 197152K [0x00000006c1800000, 0x00000006e5a00000, 0x00000007b9c00000)
  object space 591872K, 33% used [0x00000006c1800000,0x00000006cd888000,0x00000006e5a00000)
 Metaspace       used 2707K, capacity 4486K, committed 4864K, reserved 1056768K
  class space    used 302K, capacity 386K, committed 512K, reserved 1048576K
}
{Heap before GC invocations=582 (full 32):
 PSYoungGen      total 89600K, used 89600K [0x00000007b9c00000, 0x00000007c0000000, 0x00000007c0000000)
  eden space 76800K, 100% used [0x00000007b9c00000,0x00000007be700000,0x00000007be700000)
  from space 12800K, 100% used [0x00000007be700000,0x00000007bf380000,0x00000007bf380000)
  to   space 12800K, 0% used [0x00000007bf380000,0x00000007bf380000,0x00000007c0000000)
 ParOldGen       total 591872K, used 197152K [0x00000006c1800000, 0x00000006e5a00000, 0x00000007b9c00000)
  object space 591872K, 33% used [0x00000006c1800000,0x00000006cd888000,0x00000006e5a00000)
 Metaspace       used 2707K, capacity 4486K, committed 4864K, reserved 1056768K
  class space    used 302K, capacity 386K, committed 512K, reserved 1048576K
Heap after GC invocations=582 (full 32):
 PSYoungGen      total 89600K, used 12800K [0x00000007b9c00000, 0x00000007c0000000, 0x00000007c0000000)
  eden space 76800K, 0% used [0x00000007b9c00000,0x00000007b9c00000,0x00000007be700000)
  from space 12800K, 100% used [0x00000007bf380000,0x00000007c0000000,0x00000007c0000000)
  to   space 12800K, 0% used [0x00000007be700000,0x00000007be700000,0x00000007bf380000)
 ParOldGen       total 591872K, used 217320K [0x00000006c1800000, 0x00000006e5a00000, 0x00000007b9c00000)
  object space 591872K, 36% used [0x00000006c1800000,0x00000006cec3a000,0x00000006e5a00000)
 Metaspace       used 2707K, capacity 4486K, committed 4864K, reserved 1056768K
  class space    used 302K, capacity 386K, committed 512K, reserved 1048576K
}
{Heap before GC invocations=583 (full 32):
 PSYoungGen      total 89600K, used 89600K [0x00000007b9c00000, 0x00000007c0000000, 0x00000007c0000000)
  eden space 76800K, 100% used [0x00000007b9c00000,0x00000007be700000,0x00000007be700000)
  from space 12800K, 100% used [0x00000007bf380000,0x00000007c0000000,0x00000007c0000000)
  to   space 12800K, 0% used [0x00000007be700000,0x00000007be700000,0x00000007bf380000)
 ParOldGen       total 591872K, used 217320K [0x00000006c1800000, 0x00000006e5a00000, 0x00000007b9c00000)
  object space 591872K, 36% used [0x00000006c1800000,0x00000006cec3a000,0x00000006e5a00000)
 Metaspace       used 2707K, capacity 4486K, committed 4864K, reserved 1056768K
  class space    used 302K, capacity 386K, committed 512K, reserved 1048576K
Heap after GC invocations=583 (full 32):
 PSYoungGen      total 89600K, used 12800K [0x00000007b9c00000, 0x00000007c0000000, 0x00000007c0000000)
  eden space 76800K, 0% used [0x00000007b9c00000,0x00000007b9c00000,0x00000007be700000)
  from space 12800K, 100% used [0x00000007be700000,0x00000007bf380000,0x00000007bf380000)
  to   space 12800K, 0% used [0x00000007bf380000,0x00000007bf380000,0x00000007c0000000)
 ParOldGen       total 591872K, used 237488K [0x00000006c1800000, 0x00000006e5a00000, 0x00000007b9c00000)
  object space 591872K, 40% used [0x00000006c1800000,0x00000006cffec000,0x00000006e5a00000)
 Metaspace       used 2707K, capacity 4486K, committed 4864K, reserved 1056768K
  class space    used 302K, capacity 386K, committed 512K, reserved 1048576K
}
{Heap before GC invocations=584 (full 32):
 PSYoungGen      total 89600K, used 89600K [0x00000007b9c00000, 0x00000007c0000000, 0x00000007c0000000)
  eden space 76800K, 100% used [0x00000007b9c00000,0x00000007be700000,0x00000007be700000)
  from space 12800K, 100% used [0x00000007be700000,0x00000007bf380000,0x00000007bf380000)
  to   space 12800K, 0% used [0x00000007bf380000,0x00000007bf380000,0x00000007c0000000)
 ParOldGen       total 591872K, used 237488K [0x00000006c1800000, 0x00000006e5a00000, 0x00000007b9c00000)
  object space 591872K, 40% used [0x00000006c1800000,0x00000006cffec000,0x00000006e5a00000)
 Metaspace       used 2707K, capacity 4486K, committed 4864K, reserved 1056768K
  class space    used 302K, capacity 386K, committed 512K, reserved 1048576K
Heap after GC invocations=584 (full 32):
 PSYoungGen      total 89600K, used 12800K [0x00000007b9c00000, 0x00000007c0000000, 0x00000007c0000000)
  eden space 76800K, 0% used [0x00000007b9c00000,0x00000007b9c00000,0x00000007be700000)
  from space 12800K, 100% used [0x00000007bf380000,0x00000007c0000000,0x00000007c0000000)
  to   space 12800K, 0% used [0x00000007be700000,0x00000007be700000,0x00000007bf380000)
 ParOldGen       total 591872K, used 257664K [0x00000006c1800000, 0x00000006e5a00000, 0x00000007b9c00000)
  object space 591872K, 43% used [0x00000006c1800000,0x00000006d13a0000,0x00000006e5a00000)
 Metaspace       used 2707K, capacity 4486K, committed 4864K, reserved 1056768K
  class space    used 302K, capacity 386K, committed 512K, reserved 1048576K
}
{Heap before GC invocations=585 (full 32):
 PSYoungGen      total 89600K, used 89600K [0x00000007b9c00000, 0x00000007c0000000, 0x00000007c0000000)
  eden space 76800K, 100% used [0x00000007b9c00000,0x00000007be700000,0x00000007be700000)
  from space 12800K, 100% used [0x00000007bf380000,0x00000007c0000000,0x00000007c0000000)
  to   space 12800K, 0% used [0x00000007be700000,0x00000007be700000,0x00000007bf380000)
 ParOldGen       total 591872K, used 257664K [0x00000006c1800000, 0x00000006e5a00000, 0x00000007b9c00000)
  object space 591872K, 43% used [0x00000006c1800000,0x00000006d13a0000,0x00000006e5a00000)
 Metaspace       used 2707K, capacity 4486K, committed 4864K, reserved 1056768K
  class space    used 302K, capacity 386K, committed 512K, reserved 1048576K
Heap after GC invocations=585 (full 32):
 PSYoungGen      total 89600K, used 12800K [0x00000007b9c00000, 0x00000007c0000000, 0x00000007c0000000)
  eden space 76800K, 0% used [0x00000007b9c00000,0x00000007b9c00000,0x00000007be700000)
  from space 12800K, 100% used [0x00000007be700000,0x00000007bf380000,0x00000007bf380000)
  to   space 12800K, 0% used [0x00000007bf380000,0x00000007bf380000,0x00000007c0000000)
 ParOldGen       total 591872K, used 277832K [0x00000006c1800000, 0x00000006e5a00000, 0x00000007b9c00000)
  object space 591872K, 46% used [0x00000006c1800000,0x00000006d2752000,0x00000006e5a00000)
 Metaspace       used 2707K, capacity 4486K, committed 4864K, reserved 1056768K
  class space    used 302K, capacity 386K, committed 512K, reserved 1048576K
}
{Heap before GC invocations=586 (full 32):
 PSYoungGen      total 89600K, used 89600K [0x00000007b9c00000, 0x00000007c0000000, 0x00000007c0000000)
  eden space 76800K, 100% used [0x00000007b9c00000,0x00000007be700000,0x00000007be700000)
  from space 12800K, 100% used [0x00000007be700000,0x00000007bf380000,0x00000007bf380000)
  to   space 12800K, 0% used [0x00000007bf380000,0x00000007bf380000,0x00000007c0000000)
 ParOldGen       total 591872K, used 277832K [0x00000006c1800000, 0x00000006e5a00000, 0x00000007b9c00000)
  object space 591872K, 46% used [0x00000006c1800000,0x00000006d2752000,0x00000006e5a00000)
 Metaspace       used 2707K, capacity 4486K, committed 4864K, reserved 1056768K
  class space    used 302K, capacity 386K, committed 512K, reserved 1048576K
Heap after GC invocations=586 (full 32):
 PSYoungGen      total 89600K, used 12800K [0x00000007b9c00000, 0x00000007c0000000, 0x00000007c0000000)
  eden space 76800K, 0% used [0x00000007b9c00000,0x00000007b9c00000,0x00000007be700000)
  from space 12800K, 100% used [0x00000007bf380000,0x00000007c0000000,0x00000007c0000000)
  to   space 12800K, 0% used [0x00000007be700000,0x00000007be700000,0x00000007bf380000)
 ParOldGen       total 591872K, used 298008K [0x00000006c1800000, 0x00000006e5a00000, 0x00000007b9c00000)
  object space 591872K, 50% used [0x00000006c1800000,0x00000006d3b06000,0x00000006e5a00000)
 Metaspace       used 2707K, capacity 4486K, committed 4864K, reserved 1056768K
  class space    used 302K, capacity 386K, committed 512K, reserved 1048576K
}
{Heap before GC invocations=587 (full 32):
 PSYoungGen      total 89600K, used 89600K [0x00000007b9c00000, 0x00000007c0000000, 0x00000007c0000000)
  eden space 76800K, 100% used [0x00000007b9c00000,0x00000007be700000,0x00000007be700000)
  from space 12800K, 100% used [0x00000007bf380000,0x00000007c0000000,0x00000007c0000000)
  to   space 12800K, 0% used [0x00000007be700000,0x00000007be700000,0x00000007bf380000)
 ParOldGen       total 591872K, used 298008K [0x00000006c1800000, 0x00000006e5a00000, 0x00000007b9c00000)
  object space 591872K, 50% used [0x00000006c1800000,0x00000006d3b06000,0x00000006e5a00000)
 Metaspace       used 2707K, capacity 4486K, committed 4864K, reserved 1056768K
  class space    used 302K, capacity 386K, committed 512K, reserved 1048576K
Heap after GC invocations=587 (full 32):
 PSYoungGen      total 89600K, used 12800K [0x00000007b9c00000, 0x00000007c0000000, 0x00000007c0000000)
  eden space 76800K, 0% used [0x00000007b9c00000,0x00000007b9c00000,0x00000007be700000)
  from space 12800K, 100% used [0x00000007be700000,0x00000007bf380000,0x00000007bf380000)
  to   space 12800K, 0% used [0x00000007bf380000,0x00000007bf380000,0x00000007c0000000)
 ParOldGen       total 591872K, used 318176K [0x00000006c1800000, 0x00000006e5a00000, 0x00000007b9c00000)
  object space 591872K, 53% used [0x00000006c1800000,0x00000006d4eb8000,0x00000006e5a00000)
 Metaspace       used 2707K, capacity 4486K, committed 4864K, reserved 1056768K
  class space    used 302K, capacity 386K, committed 512K, reserved 1048576K
}
{Heap before GC invocations=588 (full 32):
 PSYoungGen      total 89600K, used 89600K [0x00000007b9c00000, 0x00000007c0000000, 0x00000007c0000000)
  eden space 76800K, 100% used [0x00000007b9c00000,0x00000007be700000,0x00000007be700000)
  from space 12800K, 100% used [0x00000007be700000,0x00000007bf380000,0x00000007bf380000)
  to   space 12800K, 0% used [0x00000007bf380000,0x00000007bf380000,0x00000007c0000000)
 ParOldGen       total 591872K, used 318176K [0x00000006c1800000, 0x00000006e5a00000, 0x00000007b9c00000)
  object space 591872K, 53% used [0x00000006c1800000,0x00000006d4eb8000,0x00000006e5a00000)
 Metaspace       used 2707K, capacity 4486K, committed 4864K, reserved 1056768K
  class space    used 302K, capacity 386K, committed 512K, reserved 1048576K
Heap after GC invocations=588 (full 32):
 PSYoungGen      total 89600K, used 12800K [0x00000007b9c00000, 0x00000007c0000000, 0x00000007c0000000)
  eden space 76800K, 0% used [0x00000007b9c00000,0x00000007b9c00000,0x00000007be700000)
  from space 12800K, 100% used [0x00000007bf380000,0x00000007c0000000,0x00000007c0000000)
  to   space 12800K, 0% used [0x00000007be700000,0x00000007be700000,0x00000007bf380000)
 ParOldGen       total 591872K, used 338344K [0x00000006c1800000, 0x00000006e5a00000, 0x00000007b9c00000)
  object space 591872K, 57% used [0x00000006c1800000,0x00000006d626a000,0x00000006e5a00000)
 Metaspace       used 2707K, capacity 4486K, committed 4864K, reserved 1056768K
  class space    used 302K, capacity 386K, committed 512K, reserved 1048576K
}
{Heap before GC invocations=589 (full 32):
 PSYoungGen      total 89600K, used 89600K [0x00000007b9c00000, 0x00000007c0000000, 0x00000007c0000000)
  eden space 76800K, 100% used [0x00000007b9c00000,0x00000007be700000,0x00000007be700000)
  from space 12800K, 100% used [0x00000007bf380000,0x00000007c0000000,0x00000007c0000000)
  to   space 12800K, 0% used [0x00000007be700000,0x00000007be700000,0x00000007bf380000)
 ParOldGen       total 591872K, used 338344K [0x00000006c1800000, 0x00000006e5a00000, 0x00000007b9c00000)
  object space 591872K, 57% used [0x00000006c1800000,0x00000006d626a000,0x00000006e5a00000)
 Metaspace       used 2707K, capacity 4486K, committed 4864K, reserved 1056768K
  class space    used 302K, capacity 386K, committed 512K, reserved 1048576K
Heap after GC invocations=589 (full 32):
 PSYoungGen      total 89600K, used 12800K [0x00000007b9c00000, 0x00000007c0000000, 0x00000007c0000000)
  eden space 76800K, 0% used [0x00000007b9c00000,0x00000007b9c00000,0x00000007be700000)
  from space 12800K, 100% used [0x00000007be700000,0x00000007bf380000,0x00000007bf380000)
  to   space 12800K, 0% used [0x00000007bf380000,0x00000007bf380000,0x00000007c0000000)
 ParOldGen       total 591872K, used 358512K [0x00000006c1800000, 0x00000006e5a00000, 0x00000007b9c00000)
  object space 591872K, 60% used [0x00000006c1800000,0x00000006d761c000,0x00000006e5a00000)
 Metaspace       used 2707K, capacity 4486K, committed 4864K, reserved 1056768K
  class space    used 302K, capacity 386K, committed 512K, reserved 1048576K
}
{Heap before GC invocations=590 (full 32):
 PSYoungGen      total 89600K, used 89600K [0x00000007b9c00000, 0x00000007c0000000, 0x00000007c0000000)
  eden space 76800K, 100% used [0x00000007b9c00000,0x00000007be700000,0x00000007be700000)
  from space 12800K, 100% used [0x00000007be700000,0x00000007bf380000,0x00000007bf380000)
  to   space 12800K, 0% used [0x00000007bf380000,0x00000007bf380000,0x00000007c0000000)
 ParOldGen       total 591872K, used 358512K [0x00000006c1800000, 0x00000006e5a00000, 0x00000007b9c00000)
  object space 591872K, 60% used [0x00000006c1800000,0x00000006d761c000,0x00000006e5a00000)
 Metaspace       used 2707K, capacity 4486K, committed 4864K, reserved 1056768K
  class space    used 302K, capacity 386K, committed 512K, reserved 1048576K
Heap after GC invocations=590 (full 32):
 PSYoungGen      total 89600K, used 12800K [0x00000007b9c00000, 0x00000007c0000000, 0x00000007c0000000)
  eden space 76800K, 0% used [0x00000007b9c00000,0x00000007b9c00000,0x00000007be700000)
  from space 12800K, 100% used [0x00000007bf380000,0x00000007c0000000,0x00000007c0000000)
  to   space 12800K, 0% used [0x00000007be700000,0x00000007be700000,0x00000007bf380000)
 ParOldGen       total 591872K, used 378672K [0x00000006c1800000, 0x00000006e5a00000, 0x00000007b9c00000)
  object space 591872K, 63% used [0x00000006c1800000,0x00000006d89cc000,0x00000006e5a00000)
 Metaspace       used 2707K, capacity 4486K, committed 4864K, reserved 1056768K
  class space    used 302K, capacity 386K, committed 512K, reserved 1048576K
}
{Heap before GC invocations=591 (full 32):
 PSYoungGen      total 89600K, used 89600K [0x00000007b9c00000, 0x00000007c0000000, 0x00000007c0000000)
  eden space 76800K, 100% used [0x00000007b9c00000,0x00000007be700000,0x00000007be700000)
  from space 12800K, 100% used [0x00000007bf380000,0x00000007c0000000,0x00000007c0000000)
  to   space 12800K, 0% used [0x00000007be700000,0x00000007be700000,0x00000007bf380000)
 ParOldGen       total 591872K, used 378672K [0x00000006c1800000, 0x00000006e5a00000, 0x00000007b9c00000)
  object space 591872K, 63% used [0x00000006c1800000,0x00000006d89cc000,0x00000006e5a00000)
 Metaspace       used 2707K, capacity 4486K, committed 4864K, reserved 1056768K
  class space    used 302K, capacity 386K, committed 512K, reserved 1048576K
Heap after GC invocations=591 (full 32):
 PSYoungGen      total 89600K, used 12800K [0x00000007b9c00000, 0x00000007c0000000, 0x00000007c0000000)
  eden space 76800K, 0% used [0x00000007b9c00000,0x00000007b9c00000,0x00000007be700000)
  from space 12800K, 100% used [0x00000007be700000,0x00000007bf380000,0x00000007bf380000)
  to   space 12800K, 0% used [0x00000007bf380000,0x00000007bf380000,0x00000007c0000000)
 ParOldGen       total 591872K, used 398832K [0x00000006c1800000, 0x00000006e5a00000, 0x00000007b9c00000)
  object space 591872K, 67% used [0x00000006c1800000,0x00000006d9d7c000,0x00000006e5a00000)
 Metaspace       used 2707K, capacity 4486K, committed 4864K, reserved 1056768K
  class space    used 302K, capacity 386K, committed 512K, reserved 1048576K
}
{Heap before GC invocations=592 (full 32):
 PSYoungGen      total 89600K, used 89600K [0x00000007b9c00000, 0x00000007c0000000, 0x00000007c0000000)
  eden space 76800K, 100% used [0x00000007b9c00000,0x00000007be700000,0x00000007be700000)
  from space 12800K, 100% used [0x00000007be700000,0x00000007bf380000,0x00000007bf380000)
  to   space 12800K, 0% used [0x00000007bf380000,0x00000007bf380000,0x00000007c0000000)
 ParOldGen       total 591872K, used 398832K [0x00000006c1800000, 0x00000006e5a00000, 0x00000007b9c00000)
  object space 591872K, 67% used [0x00000006c1800000,0x00000006d9d7c000,0x00000006e5a00000)
 Metaspace       used 2707K, capacity 4486K, committed 4864K, reserved 1056768K
  class space    used 302K, capacity 386K, committed 512K, reserved 1048576K
Heap after GC invocations=592 (full 32):
 PSYoungGen      total 89600K, used 12800K [0x00000007b9c00000, 0x00000007c0000000, 0x00000007c0000000)
  eden space 76800K, 0% used [0x00000007b9c00000,0x00000007b9c00000,0x00000007be700000)
  from space 12800K, 100% used [0x00000007bf380000,0x00000007c0000000,0x00000007c0000000)
  to   space 12800K, 0% used [0x00000007be700000,0x00000007be700000,0x00000007bf380000)
 ParOldGen       total 591872K, used 419000K [0x00000006c1800000, 0x00000006e5a00000, 0x00000007b9c00000)
  object space 591872K, 70% used [0x00000006c1800000,0x00000006db12e000,0x00000006e5a00000)
 Metaspace       used 2707K, capacity 4486K, committed 4864K, reserved 1056768K
  class space    used 302K, capacity 386K, committed 512K, reserved 1048576K
}
{Heap before GC invocations=593 (full 32):
 PSYoungGen      total 89600K, used 89600K [0x00000007b9c00000, 0x00000007c0000000, 0x00000007c0000000)
  eden space 76800K, 100% used [0x00000007b9c00000,0x00000007be700000,0x00000007be700000)
  from space 12800K, 100% used [0x00000007bf380000,0x00000007c0000000,0x00000007c0000000)
  to   space 12800K, 0% used [0x00000007be700000,0x00000007be700000,0x00000007bf380000)
 ParOldGen       total 591872K, used 419000K [0x00000006c1800000, 0x00000006e5a00000, 0x00000007b9c00000)
  object space 591872K, 70% used [0x00000006c1800000,0x00000006db12e000,0x00000006e5a00000)
 Metaspace       used 2707K, capacity 4486K, committed 4864K, reserved 1056768K
  class space    used 302K, capacity 386K, committed 512K, reserved 1048576K
Heap after GC invocations=593 (full 32):
 PSYoungGen      total 89600K, used 12800K [0x00000007b9c00000, 0x00000007c0000000, 0x00000007c0000000)
  eden space 76800K, 0% used [0x00000007b9c00000,0x00000007b9c00000,0x00000007be700000)
  from space 12800K, 100% used [0x00000007be700000,0x00000007bf380000,0x00000007bf380000)
  to   space 12800K, 0% used [0x00000007bf380000,0x00000007bf380000,0x00000007c0000000)
 ParOldGen       total 591872K, used 439168K [0x00000006c1800000, 0x00000006e5a00000, 0x00000007b9c00000)
  object space 591872K, 74% used [0x00000006c1800000,0x00000006dc4e0000,0x00000006e5a00000)
 Metaspace       used 2707K, capacity 4486K, committed 4864K, reserved 1056768K
  class space    used 302K, capacity 386K, committed 512K, reserved 1048576K
}
{Heap before GC invocations=594 (full 32):
 PSYoungGen      total 89600K, used 89600K [0x00000007b9c00000, 0x00000007c0000000, 0x00000007c0000000)
  eden space 76800K, 100% used [0x00000007b9c00000,0x00000007be700000,0x00000007be700000)
  from space 12800K, 100% used [0x00000007be700000,0x00000007bf380000,0x00000007bf380000)
  to   space 12800K, 0% used [0x00000007bf380000,0x00000007bf380000,0x00000007c0000000)
 ParOldGen       total 591872K, used 439168K [0x00000006c1800000, 0x00000006e5a00000, 0x00000007b9c00000)
  object space 591872K, 74% used [0x00000006c1800000,0x00000006dc4e0000,0x00000006e5a00000)
 Metaspace       used 2707K, capacity 4486K, committed 4864K, reserved 1056768K
  class space    used 302K, capacity 386K, committed 512K, reserved 1048576K
Heap after GC invocations=594 (full 32):
 PSYoungGen      total 89600K, used 12800K [0x00000007b9c00000, 0x00000007c0000000, 0x00000007c0000000)
  eden space 76800K, 0% used [0x00000007b9c00000,0x00000007b9c00000,0x00000007be700000)
  from space 12800K, 100% used [0x00000007bf380000,0x00000007c0000000,0x00000007c0000000)
  to   space 12800K, 0% used [0x00000007be700000,0x00000007be700000,0x00000007bf380000)
 ParOldGen       total 591872K, used 459336K [0x00000006c1800000, 0x00000006e5a00000, 0x00000007b9c00000)
  object space 591872K, 77% used [0x00000006c1800000,0x00000006dd892000,0x00000006e5a00000)
 Metaspace       used 2707K, capacity 4486K, committed 4864K, reserved 1056768K
  class space    used 302K, capacity 386K, committed 512K, reserved 1048576K
}
{Heap before GC invocations=595 (full 32):
 PSYoungGen      total 89600K, used 89600K [0x00000007b9c00000, 0x00000007c0000000, 0x00000007c0000000)
  eden space 76800K, 100% used [0x00000007b9c00000,0x00000007be700000,0x00000007be700000)
  from space 12800K, 100% used [0x00000007bf380000,0x00000007c0000000,0x00000007c0000000)
  to   space 12800K, 0% used [0x00000007be700000,0x00000007be700000,0x00000007bf380000)
 ParOldGen       total 591872K, used 459336K [0x00000006c1800000, 0x00000006e5a00000, 0x00000007b9c00000)
  object space 591872K, 77% used [0x00000006c1800000,0x00000006dd892000,0x00000006e5a00000)
 Metaspace       used 2707K, capacity 4486K, committed 4864K, reserved 1056768K
  class space    used 302K, capacity 386K, committed 512K, reserved 1048576K
Heap after GC invocations=595 (full 32):
 PSYoungGen      total 89600K, used 12800K [0x00000007b9c00000, 0x00000007c0000000, 0x00000007c0000000)
  eden space 76800K, 0% used [0x00000007b9c00000,0x00000007b9c00000,0x00000007be700000)
  from space 12800K, 100% used [0x00000007be700000,0x00000007bf380000,0x00000007bf380000)
  to   space 12800K, 0% used [0x00000007bf380000,0x00000007bf380000,0x00000007c0000000)
 ParOldGen       total 591872K, used 479496K [0x00000006c1800000, 0x00000006e5a00000, 0x00000007b9c00000)
  object space 591872K, 81% used [0x00000006c1800000,0x00000006dec42000,0x00000006e5a00000)
 Metaspace       used 2707K, capacity 4486K, committed 4864K, reserved 1056768K
  class space    used 302K, capacity 386K, committed 512K, reserved 1048576K
}
{Heap before GC invocations=596 (full 32):
 PSYoungGen      total 89600K, used 89600K [0x00000007b9c00000, 0x00000007c0000000, 0x00000007c0000000)
  eden space 76800K, 100% used [0x00000007b9c00000,0x00000007be700000,0x00000007be700000)
  from space 12800K, 100% used [0x00000007be700000,0x00000007bf380000,0x00000007bf380000)
  to   space 12800K, 0% used [0x00000007bf380000,0x00000007bf380000,0x00000007c0000000)
 ParOldGen       total 591872K, used 479496K [0x00000006c1800000, 0x00000006e5a00000, 0x00000007b9c00000)
  object space 591872K, 81% used [0x00000006c1800000,0x00000006dec42000,0x00000006e5a00000)
 Metaspace       used 2707K, capacity 4486K, committed 4864K, reserved 1056768K
  class space    used 302K, capacity 386K, committed 512K, reserved 1048576K
Heap after GC invocations=596 (full 32):
 PSYoungGen      total 89600K, used 12800K [0x00000007b9c00000, 0x00000007c0000000, 0x00000007c0000000)
  eden space 76800K, 0% used [0x00000007b9c00000,0x00000007b9c00000,0x00000007be700000)
  from space 12800K, 100% used [0x00000007bf380000,0x00000007c0000000,0x00000007c0000000)
  to   space 12800K, 0% used [0x00000007be700000,0x00000007be700000,0x00000007bf380000)
 ParOldGen       total 591872K, used 499656K [0x00000006c1800000, 0x00000006e5a00000, 0x00000007b9c00000)
  object space 591872K, 84% used [0x00000006c1800000,0x00000006dfff2000,0x00000006e5a00000)
 Metaspace       used 2707K, capacity 4486K, committed 4864K, reserved 1056768K
  class space    used 302K, capacity 386K, committed 512K, reserved 1048576K
}
{Heap before GC invocations=597 (full 32):
 PSYoungGen      total 89600K, used 89600K [0x00000007b9c00000, 0x00000007c0000000, 0x00000007c0000000)
  eden space 76800K, 100% used [0x00000007b9c00000,0x00000007be700000,0x00000007be700000)
  from space 12800K, 100% used [0x00000007bf380000,0x00000007c0000000,0x00000007c0000000)
  to   space 12800K, 0% used [0x00000007be700000,0x00000007be700000,0x00000007bf380000)
 ParOldGen       total 591872K, used 499656K [0x00000006c1800000, 0x00000006e5a00000, 0x00000007b9c00000)
  object space 591872K, 84% used [0x00000006c1800000,0x00000006dfff2000,0x00000006e5a00000)
 Metaspace       used 2707K, capacity 4486K, committed 4864K, reserved 1056768K
  class space    used 302K, capacity 386K, committed 512K, reserved 1048576K
Heap after GC invocations=597 (full 32):
 PSYoungGen      total 89600K, used 12800K [0x00000007b9c00000, 0x00000007c0000000, 0x00000007c0000000)
  eden space 76800K, 0% used [0x00000007b9c00000,0x00000007b9c00000,0x00000007be700000)
  from space 12800K, 100% used [0x00000007be700000,0x00000007bf380000,0x00000007bf380000)
  to   space 12800K, 0% used [0x00000007bf380000,0x00000007bf380000,0x00000007c0000000)
 ParOldGen       total 591872K, used 519824K [0x00000006c1800000, 0x00000006e5a00000, 0x00000007b9c00000)
  object space 591872K, 87% used [0x00000006c1800000,0x00000006e13a4000,0x00000006e5a00000)
 Metaspace       used 2707K, capacity 4486K, committed 4864K, reserved 1056768K
  class space    used 302K, capacity 386K, committed 512K, reserved 1048576K
}
{Heap before GC invocations=598 (full 32):
 PSYoungGen      total 89600K, used 89600K [0x00000007b9c00000, 0x00000007c0000000, 0x00000007c0000000)
  eden space 76800K, 100% used [0x00000007b9c00000,0x00000007be700000,0x00000007be700000)
  from space 12800K, 100% used [0x00000007be700000,0x00000007bf380000,0x00000007bf380000)
  to   space 12800K, 0% used [0x00000007bf380000,0x00000007bf380000,0x00000007c0000000)
 ParOldGen       total 591872K, used 519824K [0x00000006c1800000, 0x00000006e5a00000, 0x00000007b9c00000)
  object space 591872K, 87% used [0x00000006c1800000,0x00000006e13a4000,0x00000006e5a00000)
 Metaspace       used 2707K, capacity 4486K, committed 4864K, reserved 1056768K
  class space    used 302K, capacity 386K, committed 512K, reserved 1048576K
Heap after GC invocations=598 (full 32):
 PSYoungGen      total 89600K, used 12800K [0x00000007b9c00000, 0x00000007c0000000, 0x00000007c0000000)
  eden space 76800K, 0% used [0x00000007b9c00000,0x00000007b9c00000,0x00000007be700000)
  from space 12800K, 100% used [0x00000007bf380000,0x00000007c0000000,0x00000007c0000000)
  to   space 12800K, 0% used [0x00000007be700000,0x00000007be700000,0x00000007bf380000)
 ParOldGen       total 591872K, used 539984K [0x00000006c1800000, 0x00000006e5a00000, 0x00000007b9c00000)
  object space 591872K, 91% used [0x00000006c1800000,0x00000006e2754000,0x00000006e5a00000)
 Metaspace       used 2707K, capacity 4486K, committed 4864K, reserved 1056768K
  class space    used 302K, capacity 386K, committed 512K, reserved 1048576K
}
{Heap before GC invocations=599 (full 32):
 PSYoungGen      total 89600K, used 89600K [0x00000007b9c00000, 0x00000007c0000000, 0x00000007c0000000)
  eden space 76800K, 100% used [0x00000007b9c00000,0x00000007be700000,0x00000007be700000)
  from space 12800K, 100% used [0x00000007bf380000,0x00000007c0000000,0x00000007c0000000)
  to   space 12800K, 0% used [0x00000007be700000,0x00000007be700000,0x00000007bf380000)
 ParOldGen       total 591872K, used 539984K [0x00000006c1800000, 0x00000006e5a00000, 0x00000007b9c00000)
  object space 591872K, 91% used [0x00000006c1800000,0x00000006e2754000,0x00000006e5a00000)
 Metaspace       used 2707K, capacity 4486K, committed 4864K, reserved 1056768K
  class space    used 302K, capacity 386K, committed 512K, reserved 1048576K
Heap after GC invocations=599 (full 32):
 PSYoungGen      total 89600K, used 12800K [0x00000007b9c00000, 0x00000007c0000000, 0x00000007c0000000)
  eden space 76800K, 0% used [0x00000007b9c00000,0x00000007b9c00000,0x00000007be700000)
  from space 12800K, 100% used [0x00000007be700000,0x00000007bf380000,0x00000007bf380000)
  to   space 12800K, 0% used [0x00000007bf380000,0x00000007bf380000,0x00000007c0000000)
 ParOldGen       total 591872K, used 560152K [0x00000006c1800000, 0x00000006e5a00000, 0x00000007b9c00000)
  object space 591872K, 94% used [0x00000006c1800000,0x00000006e3b06000,0x00000006e5a00000)
 Metaspace       used 2707K, capacity 4486K, committed 4864K, reserved 1056768K
  class space    used 302K, capacity 386K, committed 512K, reserved 1048576K
}
{Heap before GC invocations=600 (full 32):
 PSYoungGen      total 89600K, used 89600K [0x00000007b9c00000, 0x00000007c0000000, 0x00000007c0000000)
  eden space 76800K, 100% used [0x00000007b9c00000,0x00000007be700000,0x00000007be700000)
  from space 12800K, 100% used [0x00000007be700000,0x00000007bf380000,0x00000007bf380000)
  to   space 12800K, 0% used [0x00000007bf380000,0x00000007bf380000,0x00000007c0000000)
 ParOldGen       total 591872K, used 560152K [0x00000006c1800000, 0x00000006e5a00000, 0x00000007b9c00000)
  object space 591872K, 94% used [0x00000006c1800000,0x00000006e3b06000,0x00000006e5a00000)
 Metaspace       used 2707K, capacity 4486K, committed 4864K, reserved 1056768K
  class space    used 302K, capacity 386K, committed 512K, reserved 1048576K
Heap after GC invocations=600 (full 32):
 PSYoungGen      total 89600K, used 12800K [0x00000007b9c00000, 0x00000007c0000000, 0x00000007c0000000)
  eden space 76800K, 0% used [0x00000007b9c00000,0x00000007b9c00000,0x00000007be700000)
  from space 12800K, 100% used [0x00000007bf380000,0x00000007c0000000,0x00000007c0000000)
  to   space 12800K, 0% used [0x00000007be700000,0x00000007be700000,0x00000007bf380000)
 ParOldGen       total 591872K, used 580328K [0x00000006c1800000, 0x00000006e5a00000, 0x00000007b9c00000)
  object space 591872K, 98% used [0x00000006c1800000,0x00000006e4eba000,0x00000006e5a00000)
 Metaspace       used 2707K, capacity 4486K, committed 4864K, reserved 1056768K
  class space    used 302K, capacity 386K, committed 512K, reserved 1048576K
}
{Heap before GC invocations=601 (full 33):
 PSYoungGen      total 89600K, used 12800K [0x00000007b9c00000, 0x00000007c0000000, 0x00000007c0000000)
  eden space 76800K, 0% used [0x00000007b9c00000,0x00000007b9c00000,0x00000007be700000)
  from space 12800K, 100% used [0x00000007bf380000,0x00000007c0000000,0x00000007c0000000)
  to   space 12800K, 0% used [0x00000007be700000,0x00000007be700000,0x00000007bf380000)
 ParOldGen       total 591872K, used 580328K [0x00000006c1800000, 0x00000006e5a00000, 0x00000007b9c00000)
  object space 591872K, 98% used [0x00000006c1800000,0x00000006e4eba000,0x00000006e5a00000)
 Metaspace       used 2707K, capacity 4486K, committed 4864K, reserved 1056768K
  class space    used 302K, capacity 386K, committed 512K, reserved 1048576K
Heap after GC invocations=601 (full 33):
 PSYoungGen      total 89600K, used 0K [0x00000007b9c00000, 0x00000007c0000000, 0x00000007c0000000)
  eden space 76800K, 0% used [0x00000007b9c00000,0x00000007b9c00000,0x00000007be700000)
  from space 12800K, 0% used [0x00000007bf380000,0x00000007bf380000,0x00000007c0000000)
  to   space 12800K, 0% used [0x00000007be700000,0x00000007be700000,0x00000007bf380000)
 ParOldGen       total 604160K, used 35840K [0x00000006c1800000, 0x00000006e6600000, 0x00000007b9c00000)
  object space 604160K, 5% used [0x00000006c1800000,0x00000006c3b00000,0x00000006e6600000)
 Metaspace       used 2707K, capacity 4486K, committed 4864K, reserved 1056768K
  class space    used 302K, capacity 386K, committed 512K, reserved 1048576K
}
{Heap before GC invocations=602 (full 33):
 PSYoungGen      total 89600K, used 76800K [0x00000007b9c00000, 0x00000007c0000000, 0x00000007c0000000)
  eden space 76800K, 100% used [0x00000007b9c00000,0x00000007be700000,0x00000007be700000)
  from space 12800K, 0% used [0x00000007bf380000,0x00000007bf380000,0x00000007c0000000)
  to   space 12800K, 0% used [0x00000007be700000,0x00000007be700000,0x00000007bf380000)
 ParOldGen       total 604160K, used 35840K [0x00000006c1800000, 0x00000006e6600000, 0x00000007b9c00000)
  object space 604160K, 5% used [0x00000006c1800000,0x00000006c3b00000,0x00000006e6600000)
 Metaspace       used 2707K, capacity 4486K, committed 4864K, reserved 1056768K
  class space    used 302K, capacity 386K, committed 512K, reserved 1048576K
Heap after GC invocations=602 (full 33):
 PSYoungGen      total 89600K, used 12800K [0x00000007b9c00000, 0x00000007c0000000, 0x00000007c0000000)
  eden space 76800K, 0% used [0x00000007b9c00000,0x00000007b9c00000,0x00000007be700000)
  from space 12800K, 100% used [0x00000007be700000,0x00000007bf380000,0x00000007bf380000)
  to   space 12800K, 0% used [0x00000007bf380000,0x00000007bf380000,0x00000007c0000000)
 ParOldGen       total 604160K, used 56008K [0x00000006c1800000, 0x00000006e6600000, 0x00000007b9c00000)
  object space 604160K, 9% used [0x00000006c1800000,0x00000006c4eb2000,0x00000006e6600000)
 Metaspace       used 2707K, capacity 4486K, committed 4864K, reserved 1056768K
  class space    used 302K, capacity 386K, committed 512K, reserved 1048576K
}
{Heap before GC invocations=603 (full 33):
 PSYoungGen      total 89600K, used 89600K [0x00000007b9c00000, 0x00000007c0000000, 0x00000007c0000000)
  eden space 76800K, 100% used [0x00000007b9c00000,0x00000007be700000,0x00000007be700000)
  from space 12800K, 100% used [0x00000007be700000,0x00000007bf380000,0x00000007bf380000)
  to   space 12800K, 0% used [0x00000007bf380000,0x00000007bf380000,0x00000007c0000000)
 ParOldGen       total 604160K, used 56008K [0x00000006c1800000, 0x00000006e6600000, 0x00000007b9c00000)
  object space 604160K, 9% used [0x00000006c1800000,0x00000006c4eb2000,0x00000006e6600000)
 Metaspace       used 2707K, capacity 4486K, committed 4864K, reserved 1056768K
  class space    used 302K, capacity 386K, committed 512K, reserved 1048576K
Heap after GC invocations=603 (full 33):
 PSYoungGen      total 89600K, used 12800K [0x00000007b9c00000, 0x00000007c0000000, 0x00000007c0000000)
  eden space 76800K, 0% used [0x00000007b9c00000,0x00000007b9c00000,0x00000007be700000)
  from space 12800K, 100% used [0x00000007bf380000,0x00000007c0000000,0x00000007c0000000)
  to   space 12800K, 0% used [0x00000007be700000,0x00000007be700000,0x00000007bf380000)
 ParOldGen       total 604160K, used 76168K [0x00000006c1800000, 0x00000006e6600000, 0x00000007b9c00000)
  object space 604160K, 12% used [0x00000006c1800000,0x00000006c6262000,0x00000006e6600000)
 Metaspace       used 2707K, capacity 4486K, committed 4864K, reserved 1056768K
  class space    used 302K, capacity 386K, committed 512K, reserved 1048576K
}
{Heap before GC invocations=604 (full 33):
 PSYoungGen      total 89600K, used 89600K [0x00000007b9c00000, 0x00000007c0000000, 0x00000007c0000000)
  eden space 76800K, 100% used [0x00000007b9c00000,0x00000007be700000,0x00000007be700000)
  from space 12800K, 100% used [0x00000007bf380000,0x00000007c0000000,0x00000007c0000000)
  to   space 12800K, 0% used [0x00000007be700000,0x00000007be700000,0x00000007bf380000)
 ParOldGen       total 604160K, used 76168K [0x00000006c1800000, 0x00000006e6600000, 0x00000007b9c00000)
  object space 604160K, 12% used [0x00000006c1800000,0x00000006c6262000,0x00000006e6600000)
 Metaspace       used 2707K, capacity 4486K, committed 4864K, reserved 1056768K
  class space    used 302K, capacity 386K, committed 512K, reserved 1048576K
Heap after GC invocations=604 (full 33):
 PSYoungGen      total 89600K, used 12800K [0x00000007b9c00000, 0x00000007c0000000, 0x00000007c0000000)
  eden space 76800K, 0% used [0x00000007b9c00000,0x00000007b9c00000,0x00000007be700000)
  from space 12800K, 100% used [0x00000007be700000,0x00000007bf380000,0x00000007bf380000)
  to   space 12800K, 0% used [0x00000007bf380000,0x00000007bf380000,0x00000007c0000000)
 ParOldGen       total 604160K, used 96328K [0x00000006c1800000, 0x00000006e6600000, 0x00000007b9c00000)
  object space 604160K, 15% used [0x00000006c1800000,0x00000006c7612000,0x00000006e6600000)
 Metaspace       used 2707K, capacity 4486K, committed 4864K, reserved 1056768K
  class space    used 302K, capacity 386K, committed 512K, reserved 1048576K
}
{Heap before GC invocations=605 (full 33):
 PSYoungGen      total 89600K, used 89600K [0x00000007b9c00000, 0x00000007c0000000, 0x00000007c0000000)
  eden space 76800K, 100% used [0x00000007b9c00000,0x00000007be700000,0x00000007be700000)
  from space 12800K, 100% used [0x00000007be700000,0x00000007bf380000,0x00000007bf380000)
  to   space 12800K, 0% used [0x00000007bf380000,0x00000007bf380000,0x00000007c0000000)
 ParOldGen       total 604160K, used 96328K [0x00000006c1800000, 0x00000006e6600000, 0x00000007b9c00000)
  object space 604160K, 15% used [0x00000006c1800000,0x00000006c7612000,0x00000006e6600000)
 Metaspace       used 2707K, capacity 4486K, committed 4864K, reserved 1056768K
  class space    used 302K, capacity 386K, committed 512K, reserved 1048576K
Heap after GC invocations=605 (full 33):
 PSYoungGen      total 89600K, used 12800K [0x00000007b9c00000, 0x00000007c0000000, 0x00000007c0000000)
  eden space 76800K, 0% used [0x00000007b9c00000,0x00000007b9c00000,0x00000007be700000)
  from space 12800K, 100% used [0x00000007bf380000,0x00000007c0000000,0x00000007c0000000)
  to   space 12800K, 0% used [0x00000007be700000,0x00000007be700000,0x00000007bf380000)
 ParOldGen       total 604160K, used 116488K [0x00000006c1800000, 0x00000006e6600000, 0x00000007b9c00000)
  object space 604160K, 19% used [0x00000006c1800000,0x00000006c89c2000,0x00000006e6600000)
 Metaspace       used 2707K, capacity 4486K, committed 4864K, reserved 1056768K
  class space    used 302K, capacity 386K, committed 512K, reserved 1048576K
}
{Heap before GC invocations=606 (full 33):
 PSYoungGen      total 89600K, used 89600K [0x00000007b9c00000, 0x00000007c0000000, 0x00000007c0000000)
  eden space 76800K, 100% used [0x00000007b9c00000,0x00000007be700000,0x00000007be700000)
  from space 12800K, 100% used [0x00000007bf380000,0x00000007c0000000,0x00000007c0000000)
  to   space 12800K, 0% used [0x00000007be700000,0x00000007be700000,0x00000007bf380000)
 ParOldGen       total 604160K, used 116488K [0x00000006c1800000, 0x00000006e6600000, 0x00000007b9c00000)
  object space 604160K, 19% used [0x00000006c1800000,0x00000006c89c2000,0x00000006e6600000)
 Metaspace       used 2707K, capacity 4486K, committed 4864K, reserved 1056768K
  class space    used 302K, capacity 386K, committed 512K, reserved 1048576K
Heap after GC invocations=606 (full 33):
 PSYoungGen      total 89600K, used 12800K [0x00000007b9c00000, 0x00000007c0000000, 0x00000007c0000000)
  eden space 76800K, 0% used [0x00000007b9c00000,0x00000007b9c00000,0x00000007be700000)
  from space 12800K, 100% used [0x00000007be700000,0x00000007bf380000,0x00000007bf380000)
  to   space 12800K, 0% used [0x00000007bf380000,0x00000007bf380000,0x00000007c0000000)
 ParOldGen       total 604160K, used 136656K [0x00000006c1800000, 0x00000006e6600000, 0x00000007b9c00000)
  object space 604160K, 22% used [0x00000006c1800000,0x00000006c9d74000,0x00000006e6600000)
 Metaspace       used 2707K, capacity 4486K, committed 4864K, reserved 1056768K
  class space    used 302K, capacity 386K, committed 512K, reserved 1048576K
}
{Heap before GC invocations=607 (full 33):
 PSYoungGen      total 89600K, used 89600K [0x00000007b9c00000, 0x00000007c0000000, 0x00000007c0000000)
  eden space 76800K, 100% used [0x00000007b9c00000,0x00000007be700000,0x00000007be700000)
  from space 12800K, 100% used [0x00000007be700000,0x00000007bf380000,0x00000007bf380000)
  to   space 12800K, 0% used [0x00000007bf380000,0x00000007bf380000,0x00000007c0000000)
 ParOldGen       total 604160K, used 136656K [0x00000006c1800000, 0x00000006e6600000, 0x00000007b9c00000)
  object space 604160K, 22% used [0x00000006c1800000,0x00000006c9d74000,0x00000006e6600000)
 Metaspace       used 2707K, capacity 4486K, committed 4864K, reserved 1056768K
  class space    used 302K, capacity 386K, committed 512K, reserved 1048576K
Heap after GC invocations=607 (full 33):
 PSYoungGen      total 89600K, used 12800K [0x00000007b9c00000, 0x00000007c0000000, 0x00000007c0000000)
  eden space 76800K, 0% used [0x00000007b9c00000,0x00000007b9c00000,0x00000007be700000)
  from space 12800K, 100% used [0x00000007bf380000,0x00000007c0000000,0x00000007c0000000)
  to   space 12800K, 0% used [0x00000007be700000,0x00000007be700000,0x00000007bf380000)
 ParOldGen       total 604160K, used 156816K [0x00000006c1800000, 0x00000006e6600000, 0x00000007b9c00000)
  object space 604160K, 25% used [0x00000006c1800000,0x00000006cb124000,0x00000006e6600000)
 Metaspace       used 2707K, capacity 4486K, committed 4864K, reserved 1056768K
  class space    used 302K, capacity 386K, committed 512K, reserved 1048576K
}
{Heap before GC invocations=608 (full 33):
 PSYoungGen      total 89600K, used 89600K [0x00000007b9c00000, 0x00000007c0000000, 0x00000007c0000000)
  eden space 76800K, 100% used [0x00000007b9c00000,0x00000007be700000,0x00000007be700000)
  from space 12800K, 100% used [0x00000007bf380000,0x00000007c0000000,0x00000007c0000000)
  to   space 12800K, 0% used [0x00000007be700000,0x00000007be700000,0x00000007bf380000)
 ParOldGen       total 604160K, used 156816K [0x00000006c1800000, 0x00000006e6600000, 0x00000007b9c00000)
  object space 604160K, 25% used [0x00000006c1800000,0x00000006cb124000,0x00000006e6600000)
 Metaspace       used 2707K, capacity 4486K, committed 4864K, reserved 1056768K
  class space    used 302K, capacity 386K, committed 512K, reserved 1048576K
Heap after GC invocations=608 (full 33):
 PSYoungGen      total 89600K, used 12800K [0x00000007b9c00000, 0x00000007c0000000, 0x00000007c0000000)
  eden space 76800K, 0% used [0x00000007b9c00000,0x00000007b9c00000,0x00000007be700000)
  from space 12800K, 100% used [0x00000007be700000,0x00000007bf380000,0x00000007bf380000)
  to   space 12800K, 0% used [0x00000007bf380000,0x00000007bf380000,0x00000007c0000000)
 ParOldGen       total 604160K, used 176984K [0x00000006c1800000, 0x00000006e6600000, 0x00000007b9c00000)
  object space 604160K, 29% used [0x00000006c1800000,0x00000006cc4d6000,0x00000006e6600000)
 Metaspace       used 2707K, capacity 4486K, committed 4864K, reserved 1056768K
  class space    used 302K, capacity 386K, committed 512K, reserved 1048576K
}
{Heap before GC invocations=609 (full 33):
 PSYoungGen      total 89600K, used 89600K [0x00000007b9c00000, 0x00000007c0000000, 0x00000007c0000000)
  eden space 76800K, 100% used [0x00000007b9c00000,0x00000007be700000,0x00000007be700000)
  from space 12800K, 100% used [0x00000007be700000,0x00000007bf380000,0x00000007bf380000)
  to   space 12800K, 0% used [0x00000007bf380000,0x00000007bf380000,0x00000007c0000000)
 ParOldGen       total 604160K, used 176984K [0x00000006c1800000, 0x00000006e6600000, 0x00000007b9c00000)
  object space 604160K, 29% used [0x00000006c1800000,0x00000006cc4d6000,0x00000006e6600000)
 Metaspace       used 2707K, capacity 4486K, committed 4864K, reserved 1056768K
  class space    used 302K, capacity 386K, committed 512K, reserved 1048576K
Heap after GC invocations=609 (full 33):
 PSYoungGen      total 89600K, used 12800K [0x00000007b9c00000, 0x00000007c0000000, 0x00000007c0000000)
  eden space 76800K, 0% used [0x00000007b9c00000,0x00000007b9c00000,0x00000007be700000)
  from space 12800K, 100% used [0x00000007bf380000,0x00000007c0000000,0x00000007c0000000)
  to   space 12800K, 0% used [0x00000007be700000,0x00000007be700000,0x00000007bf380000)
 ParOldGen       total 604160K, used 197152K [0x00000006c1800000, 0x00000006e6600000, 0x00000007b9c00000)
  object space 604160K, 32% used [0x00000006c1800000,0x00000006cd888000,0x00000006e6600000)
 Metaspace       used 2707K, capacity 4486K, committed 4864K, reserved 1056768K
  class space    used 302K, capacity 386K, committed 512K, reserved 1048576K
}
{Heap before GC invocations=610 (full 33):
 PSYoungGen      total 89600K, used 89600K [0x00000007b9c00000, 0x00000007c0000000, 0x00000007c0000000)
  eden space 76800K, 100% used [0x00000007b9c00000,0x00000007be700000,0x00000007be700000)
  from space 12800K, 100% used [0x00000007bf380000,0x00000007c0000000,0x00000007c0000000)
  to   space 12800K, 0% used [0x00000007be700000,0x00000007be700000,0x00000007bf380000)
 ParOldGen       total 604160K, used 197152K [0x00000006c1800000, 0x00000006e6600000, 0x00000007b9c00000)
  object space 604160K, 32% used [0x00000006c1800000,0x00000006cd888000,0x00000006e6600000)
 Metaspace       used 2707K, capacity 4486K, committed 4864K, reserved 1056768K
  class space    used 302K, capacity 386K, committed 512K, reserved 1048576K
Heap after GC invocations=610 (full 33):
 PSYoungGen      total 89600K, used 12800K [0x00000007b9c00000, 0x00000007c0000000, 0x00000007c0000000)
  eden space 76800K, 0% used [0x00000007b9c00000,0x00000007b9c00000,0x00000007be700000)
  from space 12800K, 100% used [0x00000007be700000,0x00000007bf380000,0x00000007bf380000)
  to   space 12800K, 0% used [0x00000007bf380000,0x00000007bf380000,0x00000007c0000000)
 ParOldGen       total 604160K, used 217320K [0x00000006c1800000, 0x00000006e6600000, 0x00000007b9c00000)
  object space 604160K, 35% used [0x00000006c1800000,0x00000006cec3a000,0x00000006e6600000)
 Metaspace       used 2707K, capacity 4486K, committed 4864K, reserved 1056768K
  class space    used 302K, capacity 386K, committed 512K, reserved 1048576K
}
{Heap before GC invocations=611 (full 33):
 PSYoungGen      total 89600K, used 89600K [0x00000007b9c00000, 0x00000007c0000000, 0x00000007c0000000)
  eden space 76800K, 100% used [0x00000007b9c00000,0x00000007be700000,0x00000007be700000)
  from space 12800K, 100% used [0x00000007be700000,0x00000007bf380000,0x00000007bf380000)
  to   space 12800K, 0% used [0x00000007bf380000,0x00000007bf380000,0x00000007c0000000)
 ParOldGen       total 604160K, used 217320K [0x00000006c1800000, 0x00000006e6600000, 0x00000007b9c00000)
  object space 604160K, 35% used [0x00000006c1800000,0x00000006cec3a000,0x00000006e6600000)
 Metaspace       used 2707K, capacity 4486K, committed 4864K, reserved 1056768K
  class space    used 302K, capacity 386K, committed 512K, reserved 1048576K
Heap after GC invocations=611 (full 33):
 PSYoungGen      total 89600K, used 12800K [0x00000007b9c00000, 0x00000007c0000000, 0x00000007c0000000)
  eden space 76800K, 0% used [0x00000007b9c00000,0x00000007b9c00000,0x00000007be700000)
  from space 12800K, 100% used [0x00000007bf380000,0x00000007c0000000,0x00000007c0000000)
  to   space 12800K, 0% used [0x00000007be700000,0x00000007be700000,0x00000007bf380000)
 ParOldGen       total 604160K, used 237488K [0x00000006c1800000, 0x00000006e6600000, 0x00000007b9c00000)
  object space 604160K, 39% used [0x00000006c1800000,0x00000006cffec000,0x00000006e6600000)
 Metaspace       used 2707K, capacity 4486K, committed 4864K, reserved 1056768K
  class space    used 302K, capacity 386K, committed 512K, reserved 1048576K
}
{Heap before GC invocations=612 (full 33):
 PSYoungGen      total 89600K, used 89600K [0x00000007b9c00000, 0x00000007c0000000, 0x00000007c0000000)
  eden space 76800K, 100% used [0x00000007b9c00000,0x00000007be700000,0x00000007be700000)
  from space 12800K, 100% used [0x00000007bf380000,0x00000007c0000000,0x00000007c0000000)
  to   space 12800K, 0% used [0x00000007be700000,0x00000007be700000,0x00000007bf380000)
 ParOldGen       total 604160K, used 237488K [0x00000006c1800000, 0x00000006e6600000, 0x00000007b9c00000)
  object space 604160K, 39% used [0x00000006c1800000,0x00000006cffec000,0x00000006e6600000)
 Metaspace       used 2707K, capacity 4486K, committed 4864K, reserved 1056768K
  class space    used 302K, capacity 386K, committed 512K, reserved 1048576K
Heap after GC invocations=612 (full 33):
 PSYoungGen      total 89600K, used 12800K [0x00000007b9c00000, 0x00000007c0000000, 0x00000007c0000000)
  eden space 76800K, 0% used [0x00000007b9c00000,0x00000007b9c00000,0x00000007be700000)
  from space 12800K, 100% used [0x00000007be700000,0x00000007bf380000,0x00000007bf380000)
  to   space 12800K, 0% used [0x00000007bf380000,0x00000007bf380000,0x00000007c0000000)
 ParOldGen       total 604160K, used 257656K [0x00000006c1800000, 0x00000006e6600000, 0x00000007b9c00000)
  object space 604160K, 42% used [0x00000006c1800000,0x00000006d139e000,0x00000006e6600000)
 Metaspace       used 2707K, capacity 4486K, committed 4864K, reserved 1056768K
  class space    used 302K, capacity 386K, committed 512K, reserved 1048576K
}
{Heap before GC invocations=613 (full 33):
 PSYoungGen      total 89600K, used 89600K [0x00000007b9c00000, 0x00000007c0000000, 0x00000007c0000000)
  eden space 76800K, 100% used [0x00000007b9c00000,0x00000007be700000,0x00000007be700000)
  from space 12800K, 100% used [0x00000007be700000,0x00000007bf380000,0x00000007bf380000)
  to   space 12800K, 0% used [0x00000007bf380000,0x00000007bf380000,0x00000007c0000000)
 ParOldGen       total 604160K, used 257656K [0x00000006c1800000, 0x00000006e6600000, 0x00000007b9c00000)
  object space 604160K, 42% used [0x00000006c1800000,0x00000006d139e000,0x00000006e6600000)
 Metaspace       used 2707K, capacity 4486K, committed 4864K, reserved 1056768K
  class space    used 302K, capacity 386K, committed 512K, reserved 1048576K
Heap after GC invocations=613 (full 33):
 PSYoungGen      total 89600K, used 12800K [0x00000007b9c00000, 0x00000007c0000000, 0x00000007c0000000)
  eden space 76800K, 0% used [0x00000007b9c00000,0x00000007b9c00000,0x00000007be700000)
  from space 12800K, 100% used [0x00000007bf380000,0x00000007c0000000,0x00000007c0000000)
  to   space 12800K, 0% used [0x00000007be700000,0x00000007be700000,0x00000007bf380000)
 ParOldGen       total 604160K, used 277824K [0x00000006c1800000, 0x00000006e6600000, 0x00000007b9c00000)
  object space 604160K, 45% used [0x00000006c1800000,0x00000006d2750000,0x00000006e6600000)
 Metaspace       used 2707K, capacity 4486K, committed 4864K, reserved 1056768K
  class space    used 302K, capacity 386K, committed 512K, reserved 1048576K
}
{Heap before GC invocations=614 (full 33):
 PSYoungGen      total 89600K, used 89600K [0x00000007b9c00000, 0x00000007c0000000, 0x00000007c0000000)
  eden space 76800K, 100% used [0x00000007b9c00000,0x00000007be700000,0x00000007be700000)
  from space 12800K, 100% used [0x00000007bf380000,0x00000007c0000000,0x00000007c0000000)
  to   space 12800K, 0% used [0x00000007be700000,0x00000007be700000,0x00000007bf380000)
 ParOldGen       total 604160K, used 277824K [0x00000006c1800000, 0x00000006e6600000, 0x00000007b9c00000)
  object space 604160K, 45% used [0x00000006c1800000,0x00000006d2750000,0x00000006e6600000)
 Metaspace       used 2707K, capacity 4486K, committed 4864K, reserved 1056768K
  class space    used 302K, capacity 386K, committed 512K, reserved 1048576K
Heap after GC invocations=614 (full 33):
 PSYoungGen      total 89600K, used 12800K [0x00000007b9c00000, 0x00000007c0000000, 0x00000007c0000000)
  eden space 76800K, 0% used [0x00000007b9c00000,0x00000007b9c00000,0x00000007be700000)
  from space 12800K, 100% used [0x00000007be700000,0x00000007bf380000,0x00000007bf380000)
  to   space 12800K, 0% used [0x00000007bf380000,0x00000007bf380000,0x00000007c0000000)
 ParOldGen       total 604160K, used 297984K [0x00000006c1800000, 0x00000006e6600000, 0x00000007b9c00000)
  object space 604160K, 49% used [0x00000006c1800000,0x00000006d3b00000,0x00000006e6600000)
 Metaspace       used 2707K, capacity 4486K, committed 4864K, reserved 1056768K
  class space    used 302K, capacity 386K, committed 512K, reserved 1048576K
}
{Heap before GC invocations=615 (full 33):
 PSYoungGen      total 89600K, used 89600K [0x00000007b9c00000, 0x00000007c0000000, 0x00000007c0000000)
  eden space 76800K, 100% used [0x00000007b9c00000,0x00000007be700000,0x00000007be700000)
  from space 12800K, 100% used [0x00000007be700000,0x00000007bf380000,0x00000007bf380000)
  to   space 12800K, 0% used [0x00000007bf380000,0x00000007bf380000,0x00000007c0000000)
 ParOldGen       total 604160K, used 297984K [0x00000006c1800000, 0x00000006e6600000, 0x00000007b9c00000)
  object space 604160K, 49% used [0x00000006c1800000,0x00000006d3b00000,0x00000006e6600000)
 Metaspace       used 2707K, capacity 4486K, committed 4864K, reserved 1056768K
  class space    used 302K, capacity 386K, committed 512K, reserved 1048576K
Heap after GC invocations=615 (full 33):
 PSYoungGen      total 89600K, used 12800K [0x00000007b9c00000, 0x00000007c0000000, 0x00000007c0000000)
  eden space 76800K, 0% used [0x00000007b9c00000,0x00000007b9c00000,0x00000007be700000)
  from space 12800K, 100% used [0x00000007bf380000,0x00000007c0000000,0x00000007c0000000)
  to   space 12800K, 0% used [0x00000007be700000,0x00000007be700000,0x00000007bf380000)
 ParOldGen       total 604160K, used 318144K [0x00000006c1800000, 0x00000006e6600000, 0x00000007b9c00000)
  object space 604160K, 52% used [0x00000006c1800000,0x00000006d4eb0000,0x00000006e6600000)
 Metaspace       used 2707K, capacity 4486K, committed 4864K, reserved 1056768K
  class space    used 302K, capacity 386K, committed 512K, reserved 1048576K
}
{Heap before GC invocations=616 (full 33):
 PSYoungGen      total 89600K, used 89600K [0x00000007b9c00000, 0x00000007c0000000, 0x00000007c0000000)
  eden space 76800K, 100% used [0x00000007b9c00000,0x00000007be700000,0x00000007be700000)
  from space 12800K, 100% used [0x00000007bf380000,0x00000007c0000000,0x00000007c0000000)
  to   space 12800K, 0% used [0x00000007be700000,0x00000007be700000,0x00000007bf380000)
 ParOldGen       total 604160K, used 318144K [0x00000006c1800000, 0x00000006e6600000, 0x00000007b9c00000)
  object space 604160K, 52% used [0x00000006c1800000,0x00000006d4eb0000,0x00000006e6600000)
 Metaspace       used 2707K, capacity 4486K, committed 4864K, reserved 1056768K
  class space    used 302K, capacity 386K, committed 512K, reserved 1048576K
Heap after GC invocations=616 (full 33):
 PSYoungGen      total 89600K, used 12800K [0x00000007b9c00000, 0x00000007c0000000, 0x00000007c0000000)
  eden space 76800K, 0% used [0x00000007b9c00000,0x00000007b9c00000,0x00000007be700000)
  from space 12800K, 100% used [0x00000007be700000,0x00000007bf380000,0x00000007bf380000)
  to   space 12800K, 0% used [0x00000007bf380000,0x00000007bf380000,0x00000007c0000000)
 ParOldGen       total 604160K, used 338304K [0x00000006c1800000, 0x00000006e6600000, 0x00000007b9c00000)
  object space 604160K, 55% used [0x00000006c1800000,0x00000006d6260000,0x00000006e6600000)
 Metaspace       used 2707K, capacity 4486K, committed 4864K, reserved 1056768K
  class space    used 302K, capacity 386K, committed 512K, reserved 1048576K
}
{Heap before GC invocations=617 (full 33):
 PSYoungGen      total 89600K, used 89600K [0x00000007b9c00000, 0x00000007c0000000, 0x00000007c0000000)
  eden space 76800K, 100% used [0x00000007b9c00000,0x00000007be700000,0x00000007be700000)
  from space 12800K, 100% used [0x00000007be700000,0x00000007bf380000,0x00000007bf380000)
  to   space 12800K, 0% used [0x00000007bf380000,0x00000007bf380000,0x00000007c0000000)
 ParOldGen       total 604160K, used 338304K [0x00000006c1800000, 0x00000006e6600000, 0x00000007b9c00000)
  object space 604160K, 55% used [0x00000006c1800000,0x00000006d6260000,0x00000006e6600000)
 Metaspace       used 2707K, capacity 4486K, committed 4864K, reserved 1056768K
  class space    used 302K, capacity 386K, committed 512K, reserved 1048576K
Heap after GC invocations=617 (full 33):
 PSYoungGen      total 89600K, used 12800K [0x00000007b9c00000, 0x00000007c0000000, 0x00000007c0000000)
  eden space 76800K, 0% used [0x00000007b9c00000,0x00000007b9c00000,0x00000007be700000)
  from space 12800K, 100% used [0x00000007bf380000,0x00000007c0000000,0x00000007c0000000)
  to   space 12800K, 0% used [0x00000007be700000,0x00000007be700000,0x00000007bf380000)
 ParOldGen       total 604160K, used 358464K [0x00000006c1800000, 0x00000006e6600000, 0x00000007b9c00000)
  object space 604160K, 59% used [0x00000006c1800000,0x00000006d7610000,0x00000006e6600000)
 Metaspace       used 2707K, capacity 4486K, committed 4864K, reserved 1056768K
  class space    used 302K, capacity 386K, committed 512K, reserved 1048576K
}
{Heap before GC invocations=618 (full 33):
 PSYoungGen      total 89600K, used 89600K [0x00000007b9c00000, 0x00000007c0000000, 0x00000007c0000000)
  eden space 76800K, 100% used [0x00000007b9c00000,0x00000007be700000,0x00000007be700000)
  from space 12800K, 100% used [0x00000007bf380000,0x00000007c0000000,0x00000007c0000000)
  to   space 12800K, 0% used [0x00000007be700000,0x00000007be700000,0x00000007bf380000)
 ParOldGen       total 604160K, used 358464K [0x00000006c1800000, 0x00000006e6600000, 0x00000007b9c00000)
  object space 604160K, 59% used [0x00000006c1800000,0x00000006d7610000,0x00000006e6600000)
 Metaspace       used 2707K, capacity 4486K, committed 4864K, reserved 1056768K
  class space    used 302K, capacity 386K, committed 512K, reserved 1048576K
Heap after GC invocations=618 (full 33):
 PSYoungGen      total 89600K, used 12800K [0x00000007b9c00000, 0x00000007c0000000, 0x00000007c0000000)
  eden space 76800K, 0% used [0x00000007b9c00000,0x00000007b9c00000,0x00000007be700000)
  from space 12800K, 100% used [0x00000007be700000,0x00000007bf380000,0x00000007bf380000)
  to   space 12800K, 0% used [0x00000007bf380000,0x00000007bf380000,0x00000007c0000000)
 ParOldGen       total 604160K, used 378632K [0x00000006c1800000, 0x00000006e6600000, 0x00000007b9c00000)
  object space 604160K, 62% used [0x00000006c1800000,0x00000006d89c2000,0x00000006e6600000)
 Metaspace       used 2707K, capacity 4486K, committed 4864K, reserved 1056768K
  class space    used 302K, capacity 386K, committed 512K, reserved 1048576K
}
{Heap before GC invocations=619 (full 33):
 PSYoungGen      total 89600K, used 89600K [0x00000007b9c00000, 0x00000007c0000000, 0x00000007c0000000)
  eden space 76800K, 100% used [0x00000007b9c00000,0x00000007be700000,0x00000007be700000)
  from space 12800K, 100% used [0x00000007be700000,0x00000007bf380000,0x00000007bf380000)
  to   space 12800K, 0% used [0x00000007bf380000,0x00000007bf380000,0x00000007c0000000)
 ParOldGen       total 604160K, used 378632K [0x00000006c1800000, 0x00000006e6600000, 0x00000007b9c00000)
  object space 604160K, 62% used [0x00000006c1800000,0x00000006d89c2000,0x00000006e6600000)
 Metaspace       used 2707K, capacity 4486K, committed 4864K, reserved 1056768K
  class space    used 302K, capacity 386K, committed 512K, reserved 1048576K
Heap after GC invocations=619 (full 33):
 PSYoungGen      total 89600K, used 12800K [0x00000007b9c00000, 0x00000007c0000000, 0x00000007c0000000)
  eden space 76800K, 0% used [0x00000007b9c00000,0x00000007b9c00000,0x00000007be700000)
  from space 12800K, 100% used [0x00000007bf380000,0x00000007c0000000,0x00000007c0000000)
  to   space 12800K, 0% used [0x00000007be700000,0x00000007be700000,0x00000007bf380000)
 ParOldGen       total 604160K, used 398800K [0x00000006c1800000, 0x00000006e6600000, 0x00000007b9c00000)
  object space 604160K, 66% used [0x00000006c1800000,0x00000006d9d74000,0x00000006e6600000)
 Metaspace       used 2707K, capacity 4486K, committed 4864K, reserved 1056768K
  class space    used 302K, capacity 386K, committed 512K, reserved 1048576K
}
{Heap before GC invocations=620 (full 33):
 PSYoungGen      total 89600K, used 89600K [0x00000007b9c00000, 0x00000007c0000000, 0x00000007c0000000)
  eden space 76800K, 100% used [0x00000007b9c00000,0x00000007be700000,0x00000007be700000)
  from space 12800K, 100% used [0x00000007bf380000,0x00000007c0000000,0x00000007c0000000)
  to   space 12800K, 0% used [0x00000007be700000,0x00000007be700000,0x00000007bf380000)
 ParOldGen       total 604160K, used 398800K [0x00000006c1800000, 0x00000006e6600000, 0x00000007b9c00000)
  object space 604160K, 66% used [0x00000006c1800000,0x00000006d9d74000,0x00000006e6600000)
 Metaspace       used 2707K, capacity 4486K, committed 4864K, reserved 1056768K
  class space    used 302K, capacity 386K, committed 512K, reserved 1048576K
Heap after GC invocations=620 (full 33):
 PSYoungGen      total 89600K, used 12800K [0x00000007b9c00000, 0x00000007c0000000, 0x00000007c0000000)
  eden space 76800K, 0% used [0x00000007b9c00000,0x00000007b9c00000,0x00000007be700000)
  from space 12800K, 100% used [0x00000007be700000,0x00000007bf380000,0x00000007bf380000)
  to   space 12800K, 0% used [0x00000007bf380000,0x00000007bf380000,0x00000007c0000000)
 ParOldGen       total 604160K, used 418968K [0x00000006c1800000, 0x00000006e6600000, 0x00000007b9c00000)
  object space 604160K, 69% used [0x00000006c1800000,0x00000006db126000,0x00000006e6600000)
 Metaspace       used 2707K, capacity 4486K, committed 4864K, reserved 1056768K
  class space    used 302K, capacity 386K, committed 512K, reserved 1048576K
}
{Heap before GC invocations=621 (full 33):
 PSYoungGen      total 89600K, used 89600K [0x00000007b9c00000, 0x00000007c0000000, 0x00000007c0000000)
  eden space 76800K, 100% used [0x00000007b9c00000,0x00000007be700000,0x00000007be700000)
  from space 12800K, 100% used [0x00000007be700000,0x00000007bf380000,0x00000007bf380000)
  to   space 12800K, 0% used [0x00000007bf380000,0x00000007bf380000,0x00000007c0000000)
 ParOldGen       total 604160K, used 418968K [0x00000006c1800000, 0x00000006e6600000, 0x00000007b9c00000)
  object space 604160K, 69% used [0x00000006c1800000,0x00000006db126000,0x00000006e6600000)
 Metaspace       used 2707K, capacity 4486K, committed 4864K, reserved 1056768K
  class space    used 302K, capacity 386K, committed 512K, reserved 1048576K
Heap after GC invocations=621 (full 33):
 PSYoungGen      total 89600K, used 12800K [0x00000007b9c00000, 0x00000007c0000000, 0x00000007c0000000)
  eden space 76800K, 0% used [0x00000007b9c00000,0x00000007b9c00000,0x00000007be700000)
  from space 12800K, 100% used [0x00000007bf380000,0x00000007c0000000,0x00000007c0000000)
  to   space 12800K, 0% used [0x00000007be700000,0x00000007be700000,0x00000007bf380000)
 ParOldGen       total 604160K, used 439144K [0x00000006c1800000, 0x00000006e6600000, 0x00000007b9c00000)
  object space 604160K, 72% used [0x00000006c1800000,0x00000006dc4da000,0x00000006e6600000)
 Metaspace       used 2707K, capacity 4486K, committed 4864K, reserved 1056768K
  class space    used 302K, capacity 386K, committed 512K, reserved 1048576K
}
{Heap before GC invocations=622 (full 33):
 PSYoungGen      total 89600K, used 89600K [0x00000007b9c00000, 0x00000007c0000000, 0x00000007c0000000)
  eden space 76800K, 100% used [0x00000007b9c00000,0x00000007be700000,0x00000007be700000)
  from space 12800K, 100% used [0x00000007bf380000,0x00000007c0000000,0x00000007c0000000)
  to   space 12800K, 0% used [0x00000007be700000,0x00000007be700000,0x00000007bf380000)
 ParOldGen       total 604160K, used 439144K [0x00000006c1800000, 0x00000006e6600000, 0x00000007b9c00000)
  object space 604160K, 72% used [0x00000006c1800000,0x00000006dc4da000,0x00000006e6600000)
 Metaspace       used 2707K, capacity 4486K, committed 4864K, reserved 1056768K
  class space    used 302K, capacity 386K, committed 512K, reserved 1048576K
Heap after GC invocations=622 (full 33):
 PSYoungGen      total 89600K, used 12800K [0x00000007b9c00000, 0x00000007c0000000, 0x00000007c0000000)
  eden space 76800K, 0% used [0x00000007b9c00000,0x00000007b9c00000,0x00000007be700000)
  from space 12800K, 100% used [0x00000007be700000,0x00000007bf380000,0x00000007bf380000)
  to   space 12800K, 0% used [0x00000007bf380000,0x00000007bf380000,0x00000007c0000000)
 ParOldGen       total 604160K, used 459312K [0x00000006c1800000, 0x00000006e6600000, 0x00000007b9c00000)
  object space 604160K, 76% used [0x00000006c1800000,0x00000006dd88c000,0x00000006e6600000)
 Metaspace       used 2707K, capacity 4486K, committed 4864K, reserved 1056768K
  class space    used 302K, capacity 386K, committed 512K, reserved 1048576K
}
{Heap before GC invocations=623 (full 33):
 PSYoungGen      total 89600K, used 89600K [0x00000007b9c00000, 0x00000007c0000000, 0x00000007c0000000)
  eden space 76800K, 100% used [0x00000007b9c00000,0x00000007be700000,0x00000007be700000)
  from space 12800K, 100% used [0x00000007be700000,0x00000007bf380000,0x00000007bf380000)
  to   space 12800K, 0% used [0x00000007bf380000,0x00000007bf380000,0x00000007c0000000)
 ParOldGen       total 604160K, used 459312K [0x00000006c1800000, 0x00000006e6600000, 0x00000007b9c00000)
  object space 604160K, 76% used [0x00000006c1800000,0x00000006dd88c000,0x00000006e6600000)
 Metaspace       used 2707K, capacity 4486K, committed 4864K, reserved 1056768K
  class space    used 302K, capacity 386K, committed 512K, reserved 1048576K
Heap after GC invocations=623 (full 33):
 PSYoungGen      total 89600K, used 12800K [0x00000007b9c00000, 0x00000007c0000000, 0x00000007c0000000)
  eden space 76800K, 0% used [0x00000007b9c00000,0x00000007b9c00000,0x00000007be700000)
  from space 12800K, 100% used [0x00000007bf380000,0x00000007c0000000,0x00000007c0000000)
  to   space 12800K, 0% used [0x00000007be700000,0x00000007be700000,0x00000007bf380000)
 ParOldGen       total 604160K, used 479480K [0x00000006c1800000, 0x00000006e6600000, 0x00000007b9c00000)
  object space 604160K, 79% used [0x00000006c1800000,0x00000006dec3e000,0x00000006e6600000)
 Metaspace       used 2707K, capacity 4486K, committed 4864K, reserved 1056768K
  class space    used 302K, capacity 386K, committed 512K, reserved 1048576K
}
{Heap before GC invocations=624 (full 33):
 PSYoungGen      total 89600K, used 89600K [0x00000007b9c00000, 0x00000007c0000000, 0x00000007c0000000)
  eden space 76800K, 100% used [0x00000007b9c00000,0x00000007be700000,0x00000007be700000)
  from space 12800K, 100% used [0x00000007bf380000,0x00000007c0000000,0x00000007c0000000)
  to   space 12800K, 0% used [0x00000007be700000,0x00000007be700000,0x00000007bf380000)
 ParOldGen       total 604160K, used 479480K [0x00000006c1800000, 0x00000006e6600000, 0x00000007b9c00000)
  object space 604160K, 79% used [0x00000006c1800000,0x00000006dec3e000,0x00000006e6600000)
 Metaspace       used 2707K, capacity 4486K, committed 4864K, reserved 1056768K
  class space    used 302K, capacity 386K, committed 512K, reserved 1048576K
Heap after GC invocations=624 (full 33):
 PSYoungGen      total 89600K, used 12800K [0x00000007b9c00000, 0x00000007c0000000, 0x00000007c0000000)
  eden space 76800K, 0% used [0x00000007b9c00000,0x00000007b9c00000,0x00000007be700000)
  from space 12800K, 100% used [0x00000007be700000,0x00000007bf380000,0x00000007bf380000)
  to   space 12800K, 0% used [0x00000007bf380000,0x00000007bf380000,0x00000007c0000000)
 ParOldGen       total 604160K, used 499656K [0x00000006c1800000, 0x00000006e6600000, 0x00000007b9c00000)
  object space 604160K, 82% used [0x00000006c1800000,0x00000006dfff2000,0x00000006e6600000)
 Metaspace       used 2707K, capacity 4486K, committed 4864K, reserved 1056768K
  class space    used 302K, capacity 386K, committed 512K, reserved 1048576K
}
{Heap before GC invocations=625 (full 33):
 PSYoungGen      total 89600K, used 89600K [0x00000007b9c00000, 0x00000007c0000000, 0x00000007c0000000)
  eden space 76800K, 100% used [0x00000007b9c00000,0x00000007be700000,0x00000007be700000)
  from space 12800K, 100% used [0x00000007be700000,0x00000007bf380000,0x00000007bf380000)
  to   space 12800K, 0% used [0x00000007bf380000,0x00000007bf380000,0x00000007c0000000)
 ParOldGen       total 604160K, used 499656K [0x00000006c1800000, 0x00000006e6600000, 0x00000007b9c00000)
  object space 604160K, 82% used [0x00000006c1800000,0x00000006dfff2000,0x00000006e6600000)
 Metaspace       used 2707K, capacity 4486K, committed 4864K, reserved 1056768K
  class space    used 302K, capacity 386K, committed 512K, reserved 1048576K
Heap after GC invocations=625 (full 33):
 PSYoungGen      total 89600K, used 12800K [0x00000007b9c00000, 0x00000007c0000000, 0x00000007c0000000)
  eden space 76800K, 0% used [0x00000007b9c00000,0x00000007b9c00000,0x00000007be700000)
  from space 12800K, 100% used [0x00000007bf380000,0x00000007c0000000,0x00000007c0000000)
  to   space 12800K, 0% used [0x00000007be700000,0x00000007be700000,0x00000007bf380000)
 ParOldGen       total 604160K, used 519824K [0x00000006c1800000, 0x00000006e6600000, 0x00000007b9c00000)
  object space 604160K, 86% used [0x00000006c1800000,0x00000006e13a4000,0x00000006e6600000)
 Metaspace       used 2707K, capacity 4486K, committed 4864K, reserved 1056768K
  class space    used 302K, capacity 386K, committed 512K, reserved 1048576K
}
{Heap before GC invocations=626 (full 33):
 PSYoungGen      total 89600K, used 89600K [0x00000007b9c00000, 0x00000007c0000000, 0x00000007c0000000)
  eden space 76800K, 100% used [0x00000007b9c00000,0x00000007be700000,0x00000007be700000)
  from space 12800K, 100% used [0x00000007bf380000,0x00000007c0000000,0x00000007c0000000)
  to   space 12800K, 0% used [0x00000007be700000,0x00000007be700000,0x00000007bf380000)
 ParOldGen       total 604160K, used 519824K [0x00000006c1800000, 0x00000006e6600000, 0x00000007b9c00000)
  object space 604160K, 86% used [0x00000006c1800000,0x00000006e13a4000,0x00000006e6600000)
 Metaspace       used 2707K, capacity 4486K, committed 4864K, reserved 1056768K
  class space    used 302K, capacity 386K, committed 512K, reserved 1048576K
Heap after GC invocations=626 (full 33):
 PSYoungGen      total 89600K, used 12800K [0x00000007b9c00000, 0x00000007c0000000, 0x00000007c0000000)
  eden space 76800K, 0% used [0x00000007b9c00000,0x00000007b9c00000,0x00000007be700000)
  from space 12800K, 100% used [0x00000007be700000,0x00000007bf380000,0x00000007bf380000)
  to   space 12800K, 0% used [0x00000007bf380000,0x00000007bf380000,0x00000007c0000000)
 ParOldGen       total 604160K, used 539984K [0x00000006c1800000, 0x00000006e6600000, 0x00000007b9c00000)
  object space 604160K, 89% used [0x00000006c1800000,0x00000006e2754000,0x00000006e6600000)
 Metaspace       used 2707K, capacity 4486K, committed 4864K, reserved 1056768K
  class space    used 302K, capacity 386K, committed 512K, reserved 1048576K
}
{Heap before GC invocations=627 (full 33):
 PSYoungGen      total 89600K, used 89600K [0x00000007b9c00000, 0x00000007c0000000, 0x00000007c0000000)
  eden space 76800K, 100% used [0x00000007b9c00000,0x00000007be700000,0x00000007be700000)
  from space 12800K, 100% used [0x00000007be700000,0x00000007bf380000,0x00000007bf380000)
  to   space 12800K, 0% used [0x00000007bf380000,0x00000007bf380000,0x00000007c0000000)
 ParOldGen       total 604160K, used 539984K [0x00000006c1800000, 0x00000006e6600000, 0x00000007b9c00000)
  object space 604160K, 89% used [0x00000006c1800000,0x00000006e2754000,0x00000006e6600000)
 Metaspace       used 2707K, capacity 4486K, committed 4864K, reserved 1056768K
  class space    used 302K, capacity 386K, committed 512K, reserved 1048576K
Heap after GC invocations=627 (full 33):
 PSYoungGen      total 89600K, used 12800K [0x00000007b9c00000, 0x00000007c0000000, 0x00000007c0000000)
  eden space 76800K, 0% used [0x00000007b9c00000,0x00000007b9c00000,0x00000007be700000)
  from space 12800K, 100% used [0x00000007bf380000,0x00000007c0000000,0x00000007c0000000)
  to   space 12800K, 0% used [0x00000007be700000,0x00000007be700000,0x00000007bf380000)
 ParOldGen       total 604160K, used 560144K [0x00000006c1800000, 0x00000006e6600000, 0x00000007b9c00000)
  object space 604160K, 92% used [0x00000006c1800000,0x00000006e3b04000,0x00000006e6600000)
 Metaspace       used 2707K, capacity 4486K, committed 4864K, reserved 1056768K
  class space    used 302K, capacity 386K, committed 512K, reserved 1048576K
}
{Heap before GC invocations=628 (full 33):
 PSYoungGen      total 89600K, used 89600K [0x00000007b9c00000, 0x00000007c0000000, 0x00000007c0000000)
  eden space 76800K, 100% used [0x00000007b9c00000,0x00000007be700000,0x00000007be700000)
  from space 12800K, 100% used [0x00000007bf380000,0x00000007c0000000,0x00000007c0000000)
  to   space 12800K, 0% used [0x00000007be700000,0x00000007be700000,0x00000007bf380000)
 ParOldGen       total 604160K, used 560144K [0x00000006c1800000, 0x00000006e6600000, 0x00000007b9c00000)
  object space 604160K, 92% used [0x00000006c1800000,0x00000006e3b04000,0x00000006e6600000)
 Metaspace       used 2707K, capacity 4486K, committed 4864K, reserved 1056768K
  class space    used 302K, capacity 386K, committed 512K, reserved 1048576K
Heap after GC invocations=628 (full 33):
 PSYoungGen      total 89600K, used 12800K [0x00000007b9c00000, 0x00000007c0000000, 0x00000007c0000000)
  eden space 76800K, 0% used [0x00000007b9c00000,0x00000007b9c00000,0x00000007be700000)
  from space 12800K, 100% used [0x00000007be700000,0x00000007bf380000,0x00000007bf380000)
  to   space 12800K, 0% used [0x00000007bf380000,0x00000007bf380000,0x00000007c0000000)
 ParOldGen       total 604160K, used 580312K [0x00000006c1800000, 0x00000006e6600000, 0x00000007b9c00000)
  object space 604160K, 96% used [0x00000006c1800000,0x00000006e4eb6000,0x00000006e6600000)
 Metaspace       used 2707K, capacity 4486K, committed 4864K, reserved 1056768K
  class space    used 302K, capacity 386K, committed 512K, reserved 1048576K
}
{Heap before GC invocations=629 (full 33):
 PSYoungGen      total 89600K, used 89600K [0x00000007b9c00000, 0x00000007c0000000, 0x00000007c0000000)
  eden space 76800K, 100% used [0x00000007b9c00000,0x00000007be700000,0x00000007be700000)
  from space 12800K, 100% used [0x00000007be700000,0x00000007bf380000,0x00000007bf380000)
  to   space 12800K, 0% used [0x00000007bf380000,0x00000007bf380000,0x00000007c0000000)
 ParOldGen       total 604160K, used 580312K [0x00000006c1800000, 0x00000006e6600000, 0x00000007b9c00000)
  object space 604160K, 96% used [0x00000006c1800000,0x00000006e4eb6000,0x00000006e6600000)
 Metaspace       used 2707K, capacity 4486K, committed 4864K, reserved 1056768K
  class space    used 302K, capacity 386K, committed 512K, reserved 1048576K
Heap after GC invocations=629 (full 33):
 PSYoungGen      total 89600K, used 12800K [0x00000007b9c00000, 0x00000007c0000000, 0x00000007c0000000)
  eden space 76800K, 0% used [0x00000007b9c00000,0x00000007b9c00000,0x00000007be700000)
  from space 12800K, 100% used [0x00000007bf380000,0x00000007c0000000,0x00000007c0000000)
  to   space 12800K, 0% used [0x00000007be700000,0x00000007be700000,0x00000007bf380000)
 ParOldGen       total 604160K, used 600472K [0x00000006c1800000, 0x00000006e6600000, 0x00000007b9c00000)
  object space 604160K, 99% used [0x00000006c1800000,0x00000006e6266000,0x00000006e6600000)
 Metaspace       used 2707K, capacity 4486K, committed 4864K, reserved 1056768K
  class space    used 302K, capacity 386K, committed 512K, reserved 1048576K
}
{Heap before GC invocations=630 (full 34):
 PSYoungGen      total 89600K, used 12800K [0x00000007b9c00000, 0x00000007c0000000, 0x00000007c0000000)
  eden space 76800K, 0% used [0x00000007b9c00000,0x00000007b9c00000,0x00000007be700000)
  from space 12800K, 100% used [0x00000007bf380000,0x00000007c0000000,0x00000007c0000000)
  to   space 12800K, 0% used [0x00000007be700000,0x00000007be700000,0x00000007bf380000)
 ParOldGen       total 604160K, used 600472K [0x00000006c1800000, 0x00000006e6600000, 0x00000007b9c00000)
  object space 604160K, 99% used [0x00000006c1800000,0x00000006e6266000,0x00000006e6600000)
 Metaspace       used 2707K, capacity 4486K, committed 4864K, reserved 1056768K
  class space    used 302K, capacity 386K, committed 512K, reserved 1048576K
Heap after GC invocations=630 (full 34):
 PSYoungGen      total 89600K, used 0K [0x00000007b9c00000, 0x00000007c0000000, 0x00000007c0000000)
  eden space 76800K, 0% used [0x00000007b9c00000,0x00000007b9c00000,0x00000007be700000)
  from space 12800K, 0% used [0x00000007bf380000,0x00000007bf380000,0x00000007c0000000)
  to   space 12800K, 0% used [0x00000007be700000,0x00000007be700000,0x00000007bf380000)
 ParOldGen       total 615936K, used 35840K [0x00000006c1800000, 0x00000006e7180000, 0x00000007b9c00000)
  object space 615936K, 5% used [0x00000006c1800000,0x00000006c3b00000,0x00000006e7180000)
 Metaspace       used 2707K, capacity 4486K, committed 4864K, reserved 1056768K
  class space    used 302K, capacity 386K, committed 512K, reserved 1048576K
}
{Heap before GC invocations=631 (full 34):
 PSYoungGen      total 89600K, used 76800K [0x00000007b9c00000, 0x00000007c0000000, 0x00000007c0000000)
  eden space 76800K, 100% used [0x00000007b9c00000,0x00000007be700000,0x00000007be700000)
  from space 12800K, 0% used [0x00000007bf380000,0x00000007bf380000,0x00000007c0000000)
  to   space 12800K, 0% used [0x00000007be700000,0x00000007be700000,0x00000007bf380000)
 ParOldGen       total 615936K, used 35840K [0x00000006c1800000, 0x00000006e7180000, 0x00000007b9c00000)
  object space 615936K, 5% used [0x00000006c1800000,0x00000006c3b00000,0x00000006e7180000)
 Metaspace       used 2707K, capacity 4486K, committed 4864K, reserved 1056768K
  class space    used 302K, capacity 386K, committed 512K, reserved 1048576K
Heap after GC invocations=631 (full 34):
 PSYoungGen      total 89600K, used 12800K [0x00000007b9c00000, 0x00000007c0000000, 0x00000007c0000000)
  eden space 76800K, 0% used [0x00000007b9c00000,0x00000007b9c00000,0x00000007be700000)
  from space 12800K, 100% used [0x00000007be700000,0x00000007bf380000,0x00000007bf380000)
  to   space 12800K, 0% used [0x00000007bf380000,0x00000007bf380000,0x00000007c0000000)
 ParOldGen       total 615936K, used 56008K [0x00000006c1800000, 0x00000006e7180000, 0x00000007b9c00000)
  object space 615936K, 9% used [0x00000006c1800000,0x00000006c4eb2000,0x00000006e7180000)
 Metaspace       used 2707K, capacity 4486K, committed 4864K, reserved 1056768K
  class space    used 302K, capacity 386K, committed 512K, reserved 1048576K
}
{Heap before GC invocations=632 (full 34):
 PSYoungGen      total 89600K, used 89600K [0x00000007b9c00000, 0x00000007c0000000, 0x00000007c0000000)
  eden space 76800K, 100% used [0x00000007b9c00000,0x00000007be700000,0x00000007be700000)
  from space 12800K, 100% used [0x00000007be700000,0x00000007bf380000,0x00000007bf380000)
  to   space 12800K, 0% used [0x00000007bf380000,0x00000007bf380000,0x00000007c0000000)
 ParOldGen       total 615936K, used 56008K [0x00000006c1800000, 0x00000006e7180000, 0x00000007b9c00000)
  object space 615936K, 9% used [0x00000006c1800000,0x00000006c4eb2000,0x00000006e7180000)
 Metaspace       used 2707K, capacity 4486K, committed 4864K, reserved 1056768K
  class space    used 302K, capacity 386K, committed 512K, reserved 1048576K
Heap after GC invocations=632 (full 34):
 PSYoungGen      total 89600K, used 12800K [0x00000007b9c00000, 0x00000007c0000000, 0x00000007c0000000)
  eden space 76800K, 0% used [0x00000007b9c00000,0x00000007b9c00000,0x00000007be700000)
  from space 12800K, 100% used [0x00000007bf380000,0x00000007c0000000,0x00000007c0000000)
  to   space 12800K, 0% used [0x00000007be700000,0x00000007be700000,0x00000007bf380000)
 ParOldGen       total 615936K, used 76176K [0x00000006c1800000, 0x00000006e7180000, 0x00000007b9c00000)
  object space 615936K, 12% used [0x00000006c1800000,0x00000006c6264000,0x00000006e7180000)
 Metaspace       used 2707K, capacity 4486K, committed 4864K, reserved 1056768K
  class space    used 302K, capacity 386K, committed 512K, reserved 1048576K
}
{Heap before GC invocations=633 (full 34):
 PSYoungGen      total 89600K, used 89600K [0x00000007b9c00000, 0x00000007c0000000, 0x00000007c0000000)
  eden space 76800K, 100% used [0x00000007b9c00000,0x00000007be700000,0x00000007be700000)
  from space 12800K, 100% used [0x00000007bf380000,0x00000007c0000000,0x00000007c0000000)
  to   space 12800K, 0% used [0x00000007be700000,0x00000007be700000,0x00000007bf380000)
 ParOldGen       total 615936K, used 76176K [0x00000006c1800000, 0x00000006e7180000, 0x00000007b9c00000)
  object space 615936K, 12% used [0x00000006c1800000,0x00000006c6264000,0x00000006e7180000)
 Metaspace       used 2707K, capacity 4486K, committed 4864K, reserved 1056768K
  class space    used 302K, capacity 386K, committed 512K, reserved 1048576K
Heap after GC invocations=633 (full 34):
 PSYoungGen      total 89600K, used 12800K [0x00000007b9c00000, 0x00000007c0000000, 0x00000007c0000000)
  eden space 76800K, 0% used [0x00000007b9c00000,0x00000007b9c00000,0x00000007be700000)
  from space 12800K, 100% used [0x00000007be700000,0x00000007bf380000,0x00000007bf380000)
  to   space 12800K, 0% used [0x00000007bf380000,0x00000007bf380000,0x00000007c0000000)
 ParOldGen       total 615936K, used 96344K [0x00000006c1800000, 0x00000006e7180000, 0x00000007b9c00000)
  object space 615936K, 15% used [0x00000006c1800000,0x00000006c7616000,0x00000006e7180000)
 Metaspace       used 2707K, capacity 4486K, committed 4864K, reserved 1056768K
  class space    used 302K, capacity 386K, committed 512K, reserved 1048576K
}
{Heap before GC invocations=634 (full 34):
 PSYoungGen      total 89600K, used 89600K [0x00000007b9c00000, 0x00000007c0000000, 0x00000007c0000000)
  eden space 76800K, 100% used [0x00000007b9c00000,0x00000007be700000,0x00000007be700000)
  from space 12800K, 100% used [0x00000007be700000,0x00000007bf380000,0x00000007bf380000)
  to   space 12800K, 0% used [0x00000007bf380000,0x00000007bf380000,0x00000007c0000000)
 ParOldGen       total 615936K, used 96344K [0x00000006c1800000, 0x00000006e7180000, 0x00000007b9c00000)
  object space 615936K, 15% used [0x00000006c1800000,0x00000006c7616000,0x00000006e7180000)
 Metaspace       used 2707K, capacity 4486K, committed 4864K, reserved 1056768K
  class space    used 302K, capacity 386K, committed 512K, reserved 1048576K
Heap after GC invocations=634 (full 34):
 PSYoungGen      total 89600K, used 12800K [0x00000007b9c00000, 0x00000007c0000000, 0x00000007c0000000)
  eden space 76800K, 0% used [0x00000007b9c00000,0x00000007b9c00000,0x00000007be700000)
  from space 12800K, 100% used [0x00000007bf380000,0x00000007c0000000,0x00000007c0000000)
  to   space 12800K, 0% used [0x00000007be700000,0x00000007be700000,0x00000007bf380000)
 ParOldGen       total 615936K, used 116512K [0x00000006c1800000, 0x00000006e7180000, 0x00000007b9c00000)
  object space 615936K, 18% used [0x00000006c1800000,0x00000006c89c8000,0x00000006e7180000)
 Metaspace       used 2707K, capacity 4486K, committed 4864K, reserved 1056768K
  class space    used 302K, capacity 386K, committed 512K, reserved 1048576K
}
{Heap before GC invocations=635 (full 34):
 PSYoungGen      total 89600K, used 89600K [0x00000007b9c00000, 0x00000007c0000000, 0x00000007c0000000)
  eden space 76800K, 100% used [0x00000007b9c00000,0x00000007be700000,0x00000007be700000)
  from space 12800K, 100% used [0x00000007bf380000,0x00000007c0000000,0x00000007c0000000)
  to   space 12800K, 0% used [0x00000007be700000,0x00000007be700000,0x00000007bf380000)
 ParOldGen       total 615936K, used 116512K [0x00000006c1800000, 0x00000006e7180000, 0x00000007b9c00000)
  object space 615936K, 18% used [0x00000006c1800000,0x00000006c89c8000,0x00000006e7180000)
 Metaspace       used 2707K, capacity 4486K, committed 4864K, reserved 1056768K
  class space    used 302K, capacity 386K, committed 512K, reserved 1048576K
Heap after GC invocations=635 (full 34):
 PSYoungGen      total 89600K, used 12800K [0x00000007b9c00000, 0x00000007c0000000, 0x00000007c0000000)
  eden space 76800K, 0% used [0x00000007b9c00000,0x00000007b9c00000,0x00000007be700000)
  from space 12800K, 100% used [0x00000007be700000,0x00000007bf380000,0x00000007bf380000)
  to   space 12800K, 0% used [0x00000007bf380000,0x00000007bf380000,0x00000007c0000000)
 ParOldGen       total 615936K, used 136680K [0x00000006c1800000, 0x00000006e7180000, 0x00000007b9c00000)
  object space 615936K, 22% used [0x00000006c1800000,0x00000006c9d7a000,0x00000006e7180000)
 Metaspace       used 2707K, capacity 4486K, committed 4864K, reserved 1056768K
  class space    used 302K, capacity 386K, committed 512K, reserved 1048576K
}
{Heap before GC invocations=636 (full 34):
 PSYoungGen      total 89600K, used 89600K [0x00000007b9c00000, 0x00000007c0000000, 0x00000007c0000000)
  eden space 76800K, 100% used [0x00000007b9c00000,0x00000007be700000,0x00000007be700000)
  from space 12800K, 100% used [0x00000007be700000,0x00000007bf380000,0x00000007bf380000)
  to   space 12800K, 0% used [0x00000007bf380000,0x00000007bf380000,0x00000007c0000000)
 ParOldGen       total 615936K, used 136680K [0x00000006c1800000, 0x00000006e7180000, 0x00000007b9c00000)
  object space 615936K, 22% used [0x00000006c1800000,0x00000006c9d7a000,0x00000006e7180000)
 Metaspace       used 2707K, capacity 4486K, committed 4864K, reserved 1056768K
  class space    used 302K, capacity 386K, committed 512K, reserved 1048576K
Heap after GC invocations=636 (full 34):
 PSYoungGen      total 89600K, used 12800K [0x00000007b9c00000, 0x00000007c0000000, 0x00000007c0000000)
  eden space 76800K, 0% used [0x00000007b9c00000,0x00000007b9c00000,0x00000007be700000)
  from space 12800K, 100% used [0x00000007bf380000,0x00000007c0000000,0x00000007c0000000)
  to   space 12800K, 0% used [0x00000007be700000,0x00000007be700000,0x00000007bf380000)
 ParOldGen       total 615936K, used 156848K [0x00000006c1800000, 0x00000006e7180000, 0x00000007b9c00000)
  object space 615936K, 25% used [0x00000006c1800000,0x00000006cb12c000,0x00000006e7180000)
 Metaspace       used 2707K, capacity 4486K, committed 4864K, reserved 1056768K
  class space    used 302K, capacity 386K, committed 512K, reserved 1048576K
}
{Heap before GC invocations=637 (full 34):
 PSYoungGen      total 89600K, used 89600K [0x00000007b9c00000, 0x00000007c0000000, 0x00000007c0000000)
  eden space 76800K, 100% used [0x00000007b9c00000,0x00000007be700000,0x00000007be700000)
  from space 12800K, 100% used [0x00000007bf380000,0x00000007c0000000,0x00000007c0000000)
  to   space 12800K, 0% used [0x00000007be700000,0x00000007be700000,0x00000007bf380000)
 ParOldGen       total 615936K, used 156848K [0x00000006c1800000, 0x00000006e7180000, 0x00000007b9c00000)
  object space 615936K, 25% used [0x00000006c1800000,0x00000006cb12c000,0x00000006e7180000)
 Metaspace       used 2707K, capacity 4486K, committed 4864K, reserved 1056768K
  class space    used 302K, capacity 386K, committed 512K, reserved 1048576K
Heap after GC invocations=637 (full 34):
 PSYoungGen      total 89600K, used 12800K [0x00000007b9c00000, 0x00000007c0000000, 0x00000007c0000000)
  eden space 76800K, 0% used [0x00000007b9c00000,0x00000007b9c00000,0x00000007be700000)
  from space 12800K, 100% used [0x00000007be700000,0x00000007bf380000,0x00000007bf380000)
  to   space 12800K, 0% used [0x00000007bf380000,0x00000007bf380000,0x00000007c0000000)
 ParOldGen       total 615936K, used 177024K [0x00000006c1800000, 0x00000006e7180000, 0x00000007b9c00000)
  object space 615936K, 28% used [0x00000006c1800000,0x00000006cc4e0000,0x00000006e7180000)
 Metaspace       used 2707K, capacity 4486K, committed 4864K, reserved 1056768K
  class space    used 302K, capacity 386K, committed 512K, reserved 1048576K
}
{Heap before GC invocations=638 (full 34):
 PSYoungGen      total 89600K, used 89600K [0x00000007b9c00000, 0x00000007c0000000, 0x00000007c0000000)
  eden space 76800K, 100% used [0x00000007b9c00000,0x00000007be700000,0x00000007be700000)
  from space 12800K, 100% used [0x00000007be700000,0x00000007bf380000,0x00000007bf380000)
  to   space 12800K, 0% used [0x00000007bf380000,0x00000007bf380000,0x00000007c0000000)
 ParOldGen       total 615936K, used 177024K [0x00000006c1800000, 0x00000006e7180000, 0x00000007b9c00000)
  object space 615936K, 28% used [0x00000006c1800000,0x00000006cc4e0000,0x00000006e7180000)
 Metaspace       used 2707K, capacity 4486K, committed 4864K, reserved 1056768K
  class space    used 302K, capacity 386K, committed 512K, reserved 1048576K
Heap after GC invocations=638 (full 34):
 PSYoungGen      total 89600K, used 12800K [0x00000007b9c00000, 0x00000007c0000000, 0x00000007c0000000)
  eden space 76800K, 0% used [0x00000007b9c00000,0x00000007b9c00000,0x00000007be700000)
  from space 12800K, 100% used [0x00000007bf380000,0x00000007c0000000,0x00000007c0000000)
  to   space 12800K, 0% used [0x00000007be700000,0x00000007be700000,0x00000007bf380000)
 ParOldGen       total 615936K, used 197184K [0x00000006c1800000, 0x00000006e7180000, 0x00000007b9c00000)
  object space 615936K, 32% used [0x00000006c1800000,0x00000006cd890000,0x00000006e7180000)
 Metaspace       used 2707K, capacity 4486K, committed 4864K, reserved 1056768K
  class space    used 302K, capacity 386K, committed 512K, reserved 1048576K
}
{Heap before GC invocations=639 (full 34):
 PSYoungGen      total 89600K, used 89600K [0x00000007b9c00000, 0x00000007c0000000, 0x00000007c0000000)
  eden space 76800K, 100% used [0x00000007b9c00000,0x00000007be700000,0x00000007be700000)
  from space 12800K, 100% used [0x00000007bf380000,0x00000007c0000000,0x00000007c0000000)
  to   space 12800K, 0% used [0x00000007be700000,0x00000007be700000,0x00000007bf380000)
 ParOldGen       total 615936K, used 197184K [0x00000006c1800000, 0x00000006e7180000, 0x00000007b9c00000)
  object space 615936K, 32% used [0x00000006c1800000,0x00000006cd890000,0x00000006e7180000)
 Metaspace       used 2707K, capacity 4486K, committed 4864K, reserved 1056768K
  class space    used 302K, capacity 386K, committed 512K, reserved 1048576K
Heap after GC invocations=639 (full 34):
 PSYoungGen      total 89600K, used 12800K [0x00000007b9c00000, 0x00000007c0000000, 0x00000007c0000000)
  eden space 76800K, 0% used [0x00000007b9c00000,0x00000007b9c00000,0x00000007be700000)
  from space 12800K, 100% used [0x00000007be700000,0x00000007bf380000,0x00000007bf380000)
  to   space 12800K, 0% used [0x00000007bf380000,0x00000007bf380000,0x00000007c0000000)
 ParOldGen       total 615936K, used 217344K [0x00000006c1800000, 0x00000006e7180000, 0x00000007b9c00000)
  object space 615936K, 35% used [0x00000006c1800000,0x00000006cec40000,0x00000006e7180000)
 Metaspace       used 2707K, capacity 4486K, committed 4864K, reserved 1056768K
  class space    used 302K, capacity 386K, committed 512K, reserved 1048576K
}
{Heap before GC invocations=640 (full 34):
 PSYoungGen      total 89600K, used 89600K [0x00000007b9c00000, 0x00000007c0000000, 0x00000007c0000000)
  eden space 76800K, 100% used [0x00000007b9c00000,0x00000007be700000,0x00000007be700000)
  from space 12800K, 100% used [0x00000007be700000,0x00000007bf380000,0x00000007bf380000)
  to   space 12800K, 0% used [0x00000007bf380000,0x00000007bf380000,0x00000007c0000000)
 ParOldGen       total 615936K, used 217344K [0x00000006c1800000, 0x00000006e7180000, 0x00000007b9c00000)
  object space 615936K, 35% used [0x00000006c1800000,0x00000006cec40000,0x00000006e7180000)
 Metaspace       used 2707K, capacity 4486K, committed 4864K, reserved 1056768K
  class space    used 302K, capacity 386K, committed 512K, reserved 1048576K
Heap after GC invocations=640 (full 34):
 PSYoungGen      total 89600K, used 12800K [0x00000007b9c00000, 0x00000007c0000000, 0x00000007c0000000)
  eden space 76800K, 0% used [0x00000007b9c00000,0x00000007b9c00000,0x00000007be700000)
  from space 12800K, 100% used [0x00000007bf380000,0x00000007c0000000,0x00000007c0000000)
  to   space 12800K, 0% used [0x00000007be700000,0x00000007be700000,0x00000007bf380000)
 ParOldGen       total 615936K, used 237512K [0x00000006c1800000, 0x00000006e7180000, 0x00000007b9c00000)
  object space 615936K, 38% used [0x00000006c1800000,0x00000006cfff2000,0x00000006e7180000)
 Metaspace       used 2707K, capacity 4486K, committed 4864K, reserved 1056768K
  class space    used 302K, capacity 386K, committed 512K, reserved 1048576K
}
{Heap before GC invocations=641 (full 34):
 PSYoungGen      total 89600K, used 89600K [0x00000007b9c00000, 0x00000007c0000000, 0x00000007c0000000)
  eden space 76800K, 100% used [0x00000007b9c00000,0x00000007be700000,0x00000007be700000)
  from space 12800K, 100% used [0x00000007bf380000,0x00000007c0000000,0x00000007c0000000)
  to   space 12800K, 0% used [0x00000007be700000,0x00000007be700000,0x00000007bf380000)
 ParOldGen       total 615936K, used 237512K [0x00000006c1800000, 0x00000006e7180000, 0x00000007b9c00000)
  object space 615936K, 38% used [0x00000006c1800000,0x00000006cfff2000,0x00000006e7180000)
 Metaspace       used 2707K, capacity 4486K, committed 4864K, reserved 1056768K
  class space    used 302K, capacity 386K, committed 512K, reserved 1048576K
Heap after GC invocations=641 (full 34):
 PSYoungGen      total 89600K, used 12800K [0x00000007b9c00000, 0x00000007c0000000, 0x00000007c0000000)
  eden space 76800K, 0% used [0x00000007b9c00000,0x00000007b9c00000,0x00000007be700000)
  from space 12800K, 100% used [0x00000007be700000,0x00000007bf380000,0x00000007bf380000)
  to   space 12800K, 0% used [0x00000007bf380000,0x00000007bf380000,0x00000007c0000000)
 ParOldGen       total 615936K, used 257680K [0x00000006c1800000, 0x00000006e7180000, 0x00000007b9c00000)
  object space 615936K, 41% used [0x00000006c1800000,0x00000006d13a4000,0x00000006e7180000)
 Metaspace       used 2707K, capacity 4486K, committed 4864K, reserved 1056768K
  class space    used 302K, capacity 386K, committed 512K, reserved 1048576K
}
{Heap before GC invocations=642 (full 34):
 PSYoungGen      total 89600K, used 89600K [0x00000007b9c00000, 0x00000007c0000000, 0x00000007c0000000)
  eden space 76800K, 100% used [0x00000007b9c00000,0x00000007be700000,0x00000007be700000)
  from space 12800K, 100% used [0x00000007be700000,0x00000007bf380000,0x00000007bf380000)
  to   space 12800K, 0% used [0x00000007bf380000,0x00000007bf380000,0x00000007c0000000)
 ParOldGen       total 615936K, used 257680K [0x00000006c1800000, 0x00000006e7180000, 0x00000007b9c00000)
  object space 615936K, 41% used [0x00000006c1800000,0x00000006d13a4000,0x00000006e7180000)
 Metaspace       used 2707K, capacity 4486K, committed 4864K, reserved 1056768K
  class space    used 302K, capacity 386K, committed 512K, reserved 1048576K
Heap after GC invocations=642 (full 34):
 PSYoungGen      total 89600K, used 12800K [0x00000007b9c00000, 0x00000007c0000000, 0x00000007c0000000)
  eden space 76800K, 0% used [0x00000007b9c00000,0x00000007b9c00000,0x00000007be700000)
  from space 12800K, 100% used [0x00000007bf380000,0x00000007c0000000,0x00000007c0000000)
  to   space 12800K, 0% used [0x00000007be700000,0x00000007be700000,0x00000007bf380000)
 ParOldGen       total 615936K, used 277848K [0x00000006c1800000, 0x00000006e7180000, 0x00000007b9c00000)
  object space 615936K, 45% used [0x00000006c1800000,0x00000006d2756000,0x00000006e7180000)
 Metaspace       used 2707K, capacity 4486K, committed 4864K, reserved 1056768K
  class space    used 302K, capacity 386K, committed 512K, reserved 1048576K
}
{Heap before GC invocations=643 (full 34):
 PSYoungGen      total 89600K, used 89600K [0x00000007b9c00000, 0x00000007c0000000, 0x00000007c0000000)
  eden space 76800K, 100% used [0x00000007b9c00000,0x00000007be700000,0x00000007be700000)
  from space 12800K, 100% used [0x00000007bf380000,0x00000007c0000000,0x00000007c0000000)
  to   space 12800K, 0% used [0x00000007be700000,0x00000007be700000,0x00000007bf380000)
 ParOldGen       total 615936K, used 277848K [0x00000006c1800000, 0x00000006e7180000, 0x00000007b9c00000)
  object space 615936K, 45% used [0x00000006c1800000,0x00000006d2756000,0x00000006e7180000)
 Metaspace       used 2707K, capacity 4486K, committed 4864K, reserved 1056768K
  class space    used 302K, capacity 386K, committed 512K, reserved 1048576K
Heap after GC invocations=643 (full 34):
 PSYoungGen      total 89600K, used 12800K [0x00000007b9c00000, 0x00000007c0000000, 0x00000007c0000000)
  eden space 76800K, 0% used [0x00000007b9c00000,0x00000007b9c00000,0x00000007be700000)
  from space 12800K, 100% used [0x00000007be700000,0x00000007bf380000,0x00000007bf380000)
  to   space 12800K, 0% used [0x00000007bf380000,0x00000007bf380000,0x00000007c0000000)
 ParOldGen       total 615936K, used 298016K [0x00000006c1800000, 0x00000006e7180000, 0x00000007b9c00000)
  object space 615936K, 48% used [0x00000006c1800000,0x00000006d3b08000,0x00000006e7180000)
 Metaspace       used 2707K, capacity 4486K, committed 4864K, reserved 1056768K
  class space    used 302K, capacity 386K, committed 512K, reserved 1048576K
}
{Heap before GC invocations=644 (full 34):
 PSYoungGen      total 89600K, used 89600K [0x00000007b9c00000, 0x00000007c0000000, 0x00000007c0000000)
  eden space 76800K, 100% used [0x00000007b9c00000,0x00000007be700000,0x00000007be700000)
  from space 12800K, 100% used [0x00000007be700000,0x00000007bf380000,0x00000007bf380000)
  to   space 12800K, 0% used [0x00000007bf380000,0x00000007bf380000,0x00000007c0000000)
 ParOldGen       total 615936K, used 298016K [0x00000006c1800000, 0x00000006e7180000, 0x00000007b9c00000)
  object space 615936K, 48% used [0x00000006c1800000,0x00000006d3b08000,0x00000006e7180000)
 Metaspace       used 2707K, capacity 4486K, committed 4864K, reserved 1056768K
  class space    used 302K, capacity 386K, committed 512K, reserved 1048576K
Heap after GC invocations=644 (full 34):
 PSYoungGen      total 89600K, used 12800K [0x00000007b9c00000, 0x00000007c0000000, 0x00000007c0000000)
  eden space 76800K, 0% used [0x00000007b9c00000,0x00000007b9c00000,0x00000007be700000)
  from space 12800K, 100% used [0x00000007bf380000,0x00000007c0000000,0x00000007c0000000)
  to   space 12800K, 0% used [0x00000007be700000,0x00000007be700000,0x00000007bf380000)
 ParOldGen       total 615936K, used 318184K [0x00000006c1800000, 0x00000006e7180000, 0x00000007b9c00000)
  object space 615936K, 51% used [0x00000006c1800000,0x00000006d4eba000,0x00000006e7180000)
 Metaspace       used 2707K, capacity 4486K, committed 4864K, reserved 1056768K
  class space    used 302K, capacity 386K, committed 512K, reserved 1048576K
}
{Heap before GC invocations=645 (full 34):
 PSYoungGen      total 89600K, used 89600K [0x00000007b9c00000, 0x00000007c0000000, 0x00000007c0000000)
  eden space 76800K, 100% used [0x00000007b9c00000,0x00000007be700000,0x00000007be700000)
  from space 12800K, 100% used [0x00000007bf380000,0x00000007c0000000,0x00000007c0000000)
  to   space 12800K, 0% used [0x00000007be700000,0x00000007be700000,0x00000007bf380000)
 ParOldGen       total 615936K, used 318184K [0x00000006c1800000, 0x00000006e7180000, 0x00000007b9c00000)
  object space 615936K, 51% used [0x00000006c1800000,0x00000006d4eba000,0x00000006e7180000)
 Metaspace       used 2707K, capacity 4486K, committed 4864K, reserved 1056768K
  class space    used 302K, capacity 386K, committed 512K, reserved 1048576K
Heap after GC invocations=645 (full 34):
 PSYoungGen      total 89600K, used 12800K [0x00000007b9c00000, 0x00000007c0000000, 0x00000007c0000000)
  eden space 76800K, 0% used [0x00000007b9c00000,0x00000007b9c00000,0x00000007be700000)
  from space 12800K, 100% used [0x00000007be700000,0x00000007bf380000,0x00000007bf380000)
  to   space 12800K, 0% used [0x00000007bf380000,0x00000007bf380000,0x00000007c0000000)
 ParOldGen       total 615936K, used 338360K [0x00000006c1800000, 0x00000006e7180000, 0x00000007b9c00000)
  object space 615936K, 54% used [0x00000006c1800000,0x00000006d626e000,0x00000006e7180000)
 Metaspace       used 2707K, capacity 4486K, committed 4864K, reserved 1056768K
  class space    used 302K, capacity 386K, committed 512K, reserved 1048576K
}
{Heap before GC invocations=646 (full 34):
 PSYoungGen      total 89600K, used 89600K [0x00000007b9c00000, 0x00000007c0000000, 0x00000007c0000000)
  eden space 76800K, 100% used [0x00000007b9c00000,0x00000007be700000,0x00000007be700000)
  from space 12800K, 100% used [0x00000007be700000,0x00000007bf380000,0x00000007bf380000)
  to   space 12800K, 0% used [0x00000007bf380000,0x00000007bf380000,0x00000007c0000000)
 ParOldGen       total 615936K, used 338360K [0x00000006c1800000, 0x00000006e7180000, 0x00000007b9c00000)
  object space 615936K, 54% used [0x00000006c1800000,0x00000006d626e000,0x00000006e7180000)
 Metaspace       used 2707K, capacity 4486K, committed 4864K, reserved 1056768K
  class space    used 302K, capacity 386K, committed 512K, reserved 1048576K
Heap after GC invocations=646 (full 34):
 PSYoungGen      total 89600K, used 12800K [0x00000007b9c00000, 0x00000007c0000000, 0x00000007c0000000)
  eden space 76800K, 0% used [0x00000007b9c00000,0x00000007b9c00000,0x00000007be700000)
  from space 12800K, 100% used [0x00000007bf380000,0x00000007c0000000,0x00000007c0000000)
  to   space 12800K, 0% used [0x00000007be700000,0x00000007be700000,0x00000007bf380000)
 ParOldGen       total 615936K, used 358520K [0x00000006c1800000, 0x00000006e7180000, 0x00000007b9c00000)
  object space 615936K, 58% used [0x00000006c1800000,0x00000006d761e000,0x00000006e7180000)
 Metaspace       used 2707K, capacity 4486K, committed 4864K, reserved 1056768K
  class space    used 302K, capacity 386K, committed 512K, reserved 1048576K
}
{Heap before GC invocations=647 (full 34):
 PSYoungGen      total 89600K, used 89600K [0x00000007b9c00000, 0x00000007c0000000, 0x00000007c0000000)
  eden space 76800K, 100% used [0x00000007b9c00000,0x00000007be700000,0x00000007be700000)
  from space 12800K, 100% used [0x00000007bf380000,0x00000007c0000000,0x00000007c0000000)
  to   space 12800K, 0% used [0x00000007be700000,0x00000007be700000,0x00000007bf380000)
 ParOldGen       total 615936K, used 358520K [0x00000006c1800000, 0x00000006e7180000, 0x00000007b9c00000)
  object space 615936K, 58% used [0x00000006c1800000,0x00000006d761e000,0x00000006e7180000)
 Metaspace       used 2707K, capacity 4486K, committed 4864K, reserved 1056768K
  class space    used 302K, capacity 386K, committed 512K, reserved 1048576K
Heap after GC invocations=647 (full 34):
 PSYoungGen      total 89600K, used 12800K [0x00000007b9c00000, 0x00000007c0000000, 0x00000007c0000000)
  eden space 76800K, 0% used [0x00000007b9c00000,0x00000007b9c00000,0x00000007be700000)
  from space 12800K, 100% used [0x00000007be700000,0x00000007bf380000,0x00000007bf380000)
  to   space 12800K, 0% used [0x00000007bf380000,0x00000007bf380000,0x00000007c0000000)
 ParOldGen       total 615936K, used 378680K [0x00000006c1800000, 0x00000006e7180000, 0x00000007b9c00000)
  object space 615936K, 61% used [0x00000006c1800000,0x00000006d89ce000,0x00000006e7180000)
 Metaspace       used 2707K, capacity 4486K, committed 4864K, reserved 1056768K
  class space    used 302K, capacity 386K, committed 512K, reserved 1048576K
}
{Heap before GC invocations=648 (full 34):
 PSYoungGen      total 89600K, used 89600K [0x00000007b9c00000, 0x00000007c0000000, 0x00000007c0000000)
  eden space 76800K, 100% used [0x00000007b9c00000,0x00000007be700000,0x00000007be700000)
  from space 12800K, 100% used [0x00000007be700000,0x00000007bf380000,0x00000007bf380000)
  to   space 12800K, 0% used [0x00000007bf380000,0x00000007bf380000,0x00000007c0000000)
 ParOldGen       total 615936K, used 378680K [0x00000006c1800000, 0x00000006e7180000, 0x00000007b9c00000)
  object space 615936K, 61% used [0x00000006c1800000,0x00000006d89ce000,0x00000006e7180000)
 Metaspace       used 2707K, capacity 4486K, committed 4864K, reserved 1056768K
  class space    used 302K, capacity 386K, committed 512K, reserved 1048576K
Heap after GC invocations=648 (full 34):
 PSYoungGen      total 89600K, used 12800K [0x00000007b9c00000, 0x00000007c0000000, 0x00000007c0000000)
  eden space 76800K, 0% used [0x00000007b9c00000,0x00000007b9c00000,0x00000007be700000)
  from space 12800K, 100% used [0x00000007bf380000,0x00000007c0000000,0x00000007c0000000)
  to   space 12800K, 0% used [0x00000007be700000,0x00000007be700000,0x00000007bf380000)
 ParOldGen       total 615936K, used 398848K [0x00000006c1800000, 0x00000006e7180000, 0x00000007b9c00000)
  object space 615936K, 64% used [0x00000006c1800000,0x00000006d9d80000,0x00000006e7180000)
 Metaspace       used 2707K, capacity 4486K, committed 4864K, reserved 1056768K
  class space    used 302K, capacity 386K, committed 512K, reserved 1048576K
}
{Heap before GC invocations=649 (full 34):
 PSYoungGen      total 89600K, used 89600K [0x00000007b9c00000, 0x00000007c0000000, 0x00000007c0000000)
  eden space 76800K, 100% used [0x00000007b9c00000,0x00000007be700000,0x00000007be700000)
  from space 12800K, 100% used [0x00000007bf380000,0x00000007c0000000,0x00000007c0000000)
  to   space 12800K, 0% used [0x00000007be700000,0x00000007be700000,0x00000007bf380000)
 ParOldGen       total 615936K, used 398848K [0x00000006c1800000, 0x00000006e7180000, 0x00000007b9c00000)
  object space 615936K, 64% used [0x00000006c1800000,0x00000006d9d80000,0x00000006e7180000)
 Metaspace       used 2707K, capacity 4486K, committed 4864K, reserved 1056768K
  class space    used 302K, capacity 386K, committed 512K, reserved 1048576K
Heap after GC invocations=649 (full 34):
 PSYoungGen      total 89600K, used 12800K [0x00000007b9c00000, 0x00000007c0000000, 0x00000007c0000000)
  eden space 76800K, 0% used [0x00000007b9c00000,0x00000007b9c00000,0x00000007be700000)
  from space 12800K, 100% used [0x00000007be700000,0x00000007bf380000,0x00000007bf380000)
  to   space 12800K, 0% used [0x00000007bf380000,0x00000007bf380000,0x00000007c0000000)
 ParOldGen       total 615936K, used 419008K [0x00000006c1800000, 0x00000006e7180000, 0x00000007b9c00000)
  object space 615936K, 68% used [0x00000006c1800000,0x00000006db130000,0x00000006e7180000)
 Metaspace       used 2707K, capacity 4486K, committed 4864K, reserved 1056768K
  class space    used 302K, capacity 386K, committed 512K, reserved 1048576K
}
{Heap before GC invocations=650 (full 34):
 PSYoungGen      total 89600K, used 89600K [0x00000007b9c00000, 0x00000007c0000000, 0x00000007c0000000)
  eden space 76800K, 100% used [0x00000007b9c00000,0x00000007be700000,0x00000007be700000)
  from space 12800K, 100% used [0x00000007be700000,0x00000007bf380000,0x00000007bf380000)
  to   space 12800K, 0% used [0x00000007bf380000,0x00000007bf380000,0x00000007c0000000)
 ParOldGen       total 615936K, used 419008K [0x00000006c1800000, 0x00000006e7180000, 0x00000007b9c00000)
  object space 615936K, 68% used [0x00000006c1800000,0x00000006db130000,0x00000006e7180000)
 Metaspace       used 2707K, capacity 4486K, committed 4864K, reserved 1056768K
  class space    used 302K, capacity 386K, committed 512K, reserved 1048576K
Heap after GC invocations=650 (full 34):
 PSYoungGen      total 89600K, used 12800K [0x00000007b9c00000, 0x00000007c0000000, 0x00000007c0000000)
  eden space 76800K, 0% used [0x00000007b9c00000,0x00000007b9c00000,0x00000007be700000)
  from space 12800K, 100% used [0x00000007bf380000,0x00000007c0000000,0x00000007c0000000)
  to   space 12800K, 0% used [0x00000007be700000,0x00000007be700000,0x00000007bf380000)
 ParOldGen       total 615936K, used 439176K [0x00000006c1800000, 0x00000006e7180000, 0x00000007b9c00000)
  object space 615936K, 71% used [0x00000006c1800000,0x00000006dc4e2000,0x00000006e7180000)
 Metaspace       used 2707K, capacity 4486K, committed 4864K, reserved 1056768K
  class space    used 302K, capacity 386K, committed 512K, reserved 1048576K
}
{Heap before GC invocations=651 (full 34):
 PSYoungGen      total 89600K, used 89600K [0x00000007b9c00000, 0x00000007c0000000, 0x00000007c0000000)
  eden space 76800K, 100% used [0x00000007b9c00000,0x00000007be700000,0x00000007be700000)
  from space 12800K, 100% used [0x00000007bf380000,0x00000007c0000000,0x00000007c0000000)
  to   space 12800K, 0% used [0x00000007be700000,0x00000007be700000,0x00000007bf380000)
 ParOldGen       total 615936K, used 439176K [0x00000006c1800000, 0x00000006e7180000, 0x00000007b9c00000)
  object space 615936K, 71% used [0x00000006c1800000,0x00000006dc4e2000,0x00000006e7180000)
 Metaspace       used 2707K, capacity 4486K, committed 4864K, reserved 1056768K
  class space    used 302K, capacity 386K, committed 512K, reserved 1048576K
Heap after GC invocations=651 (full 34):
 PSYoungGen      total 89600K, used 12800K [0x00000007b9c00000, 0x00000007c0000000, 0x00000007c0000000)
  eden space 76800K, 0% used [0x00000007b9c00000,0x00000007b9c00000,0x00000007be700000)
  from space 12800K, 100% used [0x00000007be700000,0x00000007bf380000,0x00000007bf380000)
  to   space 12800K, 0% used [0x00000007bf380000,0x00000007bf380000,0x00000007c0000000)
 ParOldGen       total 615936K, used 459336K [0x00000006c1800000, 0x00000006e7180000, 0x00000007b9c00000)
  object space 615936K, 74% used [0x00000006c1800000,0x00000006dd892000,0x00000006e7180000)
 Metaspace       used 2707K, capacity 4486K, committed 4864K, reserved 1056768K
  class space    used 302K, capacity 386K, committed 512K, reserved 1048576K
}
{Heap before GC invocations=652 (full 34):
 PSYoungGen      total 89600K, used 89600K [0x00000007b9c00000, 0x00000007c0000000, 0x00000007c0000000)
  eden space 76800K, 100% used [0x00000007b9c00000,0x00000007be700000,0x00000007be700000)
  from space 12800K, 100% used [0x00000007be700000,0x00000007bf380000,0x00000007bf380000)
  to   space 12800K, 0% used [0x00000007bf380000,0x00000007bf380000,0x00000007c0000000)
 ParOldGen       total 615936K, used 459336K [0x00000006c1800000, 0x00000006e7180000, 0x00000007b9c00000)
  object space 615936K, 74% used [0x00000006c1800000,0x00000006dd892000,0x00000006e7180000)
 Metaspace       used 2707K, capacity 4486K, committed 4864K, reserved 1056768K
  class space    used 302K, capacity 386K, committed 512K, reserved 1048576K
Heap after GC invocations=652 (full 34):
 PSYoungGen      total 89600K, used 12800K [0x00000007b9c00000, 0x00000007c0000000, 0x00000007c0000000)
  eden space 76800K, 0% used [0x00000007b9c00000,0x00000007b9c00000,0x00000007be700000)
  from space 12800K, 100% used [0x00000007bf380000,0x00000007c0000000,0x00000007c0000000)
  to   space 12800K, 0% used [0x00000007be700000,0x00000007be700000,0x00000007bf380000)
 ParOldGen       total 615936K, used 479496K [0x00000006c1800000, 0x00000006e7180000, 0x00000007b9c00000)
  object space 615936K, 77% used [0x00000006c1800000,0x00000006dec42000,0x00000006e7180000)
 Metaspace       used 2707K, capacity 4486K, committed 4864K, reserved 1056768K
  class space    used 302K, capacity 386K, committed 512K, reserved 1048576K
}
{Heap before GC invocations=653 (full 34):
 PSYoungGen      total 89600K, used 89600K [0x00000007b9c00000, 0x00000007c0000000, 0x00000007c0000000)
  eden space 76800K, 100% used [0x00000007b9c00000,0x00000007be700000,0x00000007be700000)
  from space 12800K, 100% used [0x00000007bf380000,0x00000007c0000000,0x00000007c0000000)
  to   space 12800K, 0% used [0x00000007be700000,0x00000007be700000,0x00000007bf380000)
 ParOldGen       total 615936K, used 479496K [0x00000006c1800000, 0x00000006e7180000, 0x00000007b9c00000)
  object space 615936K, 77% used [0x00000006c1800000,0x00000006dec42000,0x00000006e7180000)
 Metaspace       used 2707K, capacity 4486K, committed 4864K, reserved 1056768K
  class space    used 302K, capacity 386K, committed 512K, reserved 1048576K
Heap after GC invocations=653 (full 34):
 PSYoungGen      total 89600K, used 12800K [0x00000007b9c00000, 0x00000007c0000000, 0x00000007c0000000)
  eden space 76800K, 0% used [0x00000007b9c00000,0x00000007b9c00000,0x00000007be700000)
  from space 12800K, 100% used [0x00000007be700000,0x00000007bf380000,0x00000007bf380000)
  to   space 12800K, 0% used [0x00000007bf380000,0x00000007bf380000,0x00000007c0000000)
 ParOldGen       total 615936K, used 499656K [0x00000006c1800000, 0x00000006e7180000, 0x00000007b9c00000)
  object space 615936K, 81% used [0x00000006c1800000,0x00000006dfff2000,0x00000006e7180000)
 Metaspace       used 2707K, capacity 4486K, committed 4864K, reserved 1056768K
  class space    used 302K, capacity 386K, committed 512K, reserved 1048576K
}
{Heap before GC invocations=654 (full 34):
 PSYoungGen      total 89600K, used 89600K [0x00000007b9c00000, 0x00000007c0000000, 0x00000007c0000000)
  eden space 76800K, 100% used [0x00000007b9c00000,0x00000007be700000,0x00000007be700000)
  from space 12800K, 100% used [0x00000007be700000,0x00000007bf380000,0x00000007bf380000)
  to   space 12800K, 0% used [0x00000007bf380000,0x00000007bf380000,0x00000007c0000000)
 ParOldGen       total 615936K, used 499656K [0x00000006c1800000, 0x00000006e7180000, 0x00000007b9c00000)
  object space 615936K, 81% used [0x00000006c1800000,0x00000006dfff2000,0x00000006e7180000)
 Metaspace       used 2707K, capacity 4486K, committed 4864K, reserved 1056768K
  class space    used 302K, capacity 386K, committed 512K, reserved 1048576K
Heap after GC invocations=654 (full 34):
 PSYoungGen      total 89600K, used 12800K [0x00000007b9c00000, 0x00000007c0000000, 0x00000007c0000000)
  eden space 76800K, 0% used [0x00000007b9c00000,0x00000007b9c00000,0x00000007be700000)
  from space 12800K, 100% used [0x00000007bf380000,0x00000007c0000000,0x00000007c0000000)
  to   space 12800K, 0% used [0x00000007be700000,0x00000007be700000,0x00000007bf380000)
 ParOldGen       total 615936K, used 519824K [0x00000006c1800000, 0x00000006e7180000, 0x00000007b9c00000)
  object space 615936K, 84% used [0x00000006c1800000,0x00000006e13a4000,0x00000006e7180000)
 Metaspace       used 2707K, capacity 4486K, committed 4864K, reserved 1056768K
  class space    used 302K, capacity 386K, committed 512K, reserved 1048576K
}
{Heap before GC invocations=655 (full 34):
 PSYoungGen      total 89600K, used 89600K [0x00000007b9c00000, 0x00000007c0000000, 0x00000007c0000000)
  eden space 76800K, 100% used [0x00000007b9c00000,0x00000007be700000,0x00000007be700000)
  from space 12800K, 100% used [0x00000007bf380000,0x00000007c0000000,0x00000007c0000000)
  to   space 12800K, 0% used [0x00000007be700000,0x00000007be700000,0x00000007bf380000)
 ParOldGen       total 615936K, used 519824K [0x00000006c1800000, 0x00000006e7180000, 0x00000007b9c00000)
  object space 615936K, 84% used [0x00000006c1800000,0x00000006e13a4000,0x00000006e7180000)
 Metaspace       used 2707K, capacity 4486K, committed 4864K, reserved 1056768K
  class space    used 302K, capacity 386K, committed 512K, reserved 1048576K
Heap after GC invocations=655 (full 34):
 PSYoungGen      total 89600K, used 12800K [0x00000007b9c00000, 0x00000007c0000000, 0x00000007c0000000)
  eden space 76800K, 0% used [0x00000007b9c00000,0x00000007b9c00000,0x00000007be700000)
  from space 12800K, 100% used [0x00000007be700000,0x00000007bf380000,0x00000007bf380000)
  to   space 12800K, 0% used [0x00000007bf380000,0x00000007bf380000,0x00000007c0000000)
 ParOldGen       total 615936K, used 539992K [0x00000006c1800000, 0x00000006e7180000, 0x00000007b9c00000)
  object space 615936K, 87% used [0x00000006c1800000,0x00000006e2756000,0x00000006e7180000)
 Metaspace       used 2707K, capacity 4486K, committed 4864K, reserved 1056768K
  class space    used 302K, capacity 386K, committed 512K, reserved 1048576K
}
{Heap before GC invocations=656 (full 34):
 PSYoungGen      total 89600K, used 89600K [0x00000007b9c00000, 0x00000007c0000000, 0x00000007c0000000)
  eden space 76800K, 100% used [0x00000007b9c00000,0x00000007be700000,0x00000007be700000)
  from space 12800K, 100% used [0x00000007be700000,0x00000007bf380000,0x00000007bf380000)
  to   space 12800K, 0% used [0x00000007bf380000,0x00000007bf380000,0x00000007c0000000)
 ParOldGen       total 615936K, used 539992K [0x00000006c1800000, 0x00000006e7180000, 0x00000007b9c00000)
  object space 615936K, 87% used [0x00000006c1800000,0x00000006e2756000,0x00000006e7180000)
 Metaspace       used 2707K, capacity 4486K, committed 4864K, reserved 1056768K
  class space    used 302K, capacity 386K, committed 512K, reserved 1048576K
Heap after GC invocations=656 (full 34):
 PSYoungGen      total 89600K, used 12800K [0x00000007b9c00000, 0x00000007c0000000, 0x00000007c0000000)
  eden space 76800K, 0% used [0x00000007b9c00000,0x00000007b9c00000,0x00000007be700000)
  from space 12800K, 100% used [0x00000007bf380000,0x00000007c0000000,0x00000007c0000000)
  to   space 12800K, 0% used [0x00000007be700000,0x00000007be700000,0x00000007bf380000)
 ParOldGen       total 615936K, used 560152K [0x00000006c1800000, 0x00000006e7180000, 0x00000007b9c00000)
  object space 615936K, 90% used [0x00000006c1800000,0x00000006e3b06000,0x00000006e7180000)
 Metaspace       used 2707K, capacity 4486K, committed 4864K, reserved 1056768K
  class space    used 302K, capacity 386K, committed 512K, reserved 1048576K
}
{Heap before GC invocations=657 (full 34):
 PSYoungGen      total 89600K, used 89600K [0x00000007b9c00000, 0x00000007c0000000, 0x00000007c0000000)
  eden space 76800K, 100% used [0x00000007b9c00000,0x00000007be700000,0x00000007be700000)
  from space 12800K, 100% used [0x00000007bf380000,0x00000007c0000000,0x00000007c0000000)
  to   space 12800K, 0% used [0x00000007be700000,0x00000007be700000,0x00000007bf380000)
 ParOldGen       total 615936K, used 560152K [0x00000006c1800000, 0x00000006e7180000, 0x00000007b9c00000)
  object space 615936K, 90% used [0x00000006c1800000,0x00000006e3b06000,0x00000006e7180000)
 Metaspace       used 2707K, capacity 4486K, committed 4864K, reserved 1056768K
  class space    used 302K, capacity 386K, committed 512K, reserved 1048576K
Heap after GC invocations=657 (full 34):
 PSYoungGen      total 89600K, used 12800K [0x00000007b9c00000, 0x00000007c0000000, 0x00000007c0000000)
  eden space 76800K, 0% used [0x00000007b9c00000,0x00000007b9c00000,0x00000007be700000)
  from space 12800K, 100% used [0x00000007be700000,0x00000007bf380000,0x00000007bf380000)
  to   space 12800K, 0% used [0x00000007bf380000,0x00000007bf380000,0x00000007c0000000)
 ParOldGen       total 615936K, used 580320K [0x00000006c1800000, 0x00000006e7180000, 0x00000007b9c00000)
  object space 615936K, 94% used [0x00000006c1800000,0x00000006e4eb8000,0x00000006e7180000)
 Metaspace       used 2707K, capacity 4486K, committed 4864K, reserved 1056768K
  class space    used 302K, capacity 386K, committed 512K, reserved 1048576K
}
{Heap before GC invocations=658 (full 34):
 PSYoungGen      total 89600K, used 89600K [0x00000007b9c00000, 0x00000007c0000000, 0x00000007c0000000)
  eden space 76800K, 100% used [0x00000007b9c00000,0x00000007be700000,0x00000007be700000)
  from space 12800K, 100% used [0x00000007be700000,0x00000007bf380000,0x00000007bf380000)
  to   space 12800K, 0% used [0x00000007bf380000,0x00000007bf380000,0x00000007c0000000)
 ParOldGen       total 615936K, used 580320K [0x00000006c1800000, 0x00000006e7180000, 0x00000007b9c00000)
  object space 615936K, 94% used [0x00000006c1800000,0x00000006e4eb8000,0x00000006e7180000)
 Metaspace       used 2707K, capacity 4486K, committed 4864K, reserved 1056768K
  class space    used 302K, capacity 386K, committed 512K, reserved 1048576K
Heap after GC invocations=658 (full 34):
 PSYoungGen      total 89600K, used 12800K [0x00000007b9c00000, 0x00000007c0000000, 0x00000007c0000000)
  eden space 76800K, 0% used [0x00000007b9c00000,0x00000007b9c00000,0x00000007be700000)
  from space 12800K, 100% used [0x00000007bf380000,0x00000007c0000000,0x00000007c0000000)
  to   space 12800K, 0% used [0x00000007be700000,0x00000007be700000,0x00000007bf380000)
 ParOldGen       total 615936K, used 600488K [0x00000006c1800000, 0x00000006e7180000, 0x00000007b9c00000)
  object space 615936K, 97% used [0x00000006c1800000,0x00000006e626a000,0x00000006e7180000)
 Metaspace       used 2707K, capacity 4486K, committed 4864K, reserved 1056768K
  class space    used 302K, capacity 386K, committed 512K, reserved 1048576K
}
{Heap before GC invocations=659 (full 35):
 PSYoungGen      total 89600K, used 12800K [0x00000007b9c00000, 0x00000007c0000000, 0x00000007c0000000)
  eden space 76800K, 0% used [0x00000007b9c00000,0x00000007b9c00000,0x00000007be700000)
  from space 12800K, 100% used [0x00000007bf380000,0x00000007c0000000,0x00000007c0000000)
  to   space 12800K, 0% used [0x00000007be700000,0x00000007be700000,0x00000007bf380000)
 ParOldGen       total 615936K, used 600488K [0x00000006c1800000, 0x00000006e7180000, 0x00000007b9c00000)
  object space 615936K, 97% used [0x00000006c1800000,0x00000006e626a000,0x00000006e7180000)
 Metaspace       used 2707K, capacity 4486K, committed 4864K, reserved 1056768K
  class space    used 302K, capacity 386K, committed 512K, reserved 1048576K
Heap after GC invocations=659 (full 35):
 PSYoungGen      total 89600K, used 0K [0x00000007b9c00000, 0x00000007c0000000, 0x00000007c0000000)
  eden space 76800K, 0% used [0x00000007b9c00000,0x00000007b9c00000,0x00000007be700000)
  from space 12800K, 0% used [0x00000007bf380000,0x00000007bf380000,0x00000007c0000000)
  to   space 12800K, 0% used [0x00000007be700000,0x00000007be700000,0x00000007bf380000)
 ParOldGen       total 628224K, used 35840K [0x00000006c1800000, 0x00000006e7d80000, 0x00000007b9c00000)
  object space 628224K, 5% used [0x00000006c1800000,0x00000006c3b00000,0x00000006e7d80000)
 Metaspace       used 2707K, capacity 4486K, committed 4864K, reserved 1056768K
  class space    used 302K, capacity 386K, committed 512K, reserved 1048576K
}
{Heap before GC invocations=660 (full 35):
 PSYoungGen      total 89600K, used 76800K [0x00000007b9c00000, 0x00000007c0000000, 0x00000007c0000000)
  eden space 76800K, 100% used [0x00000007b9c00000,0x00000007be700000,0x00000007be700000)
  from space 12800K, 0% used [0x00000007bf380000,0x00000007bf380000,0x00000007c0000000)
  to   space 12800K, 0% used [0x00000007be700000,0x00000007be700000,0x00000007bf380000)
 ParOldGen       total 628224K, used 35840K [0x00000006c1800000, 0x00000006e7d80000, 0x00000007b9c00000)
  object space 628224K, 5% used [0x00000006c1800000,0x00000006c3b00000,0x00000006e7d80000)
 Metaspace       used 2707K, capacity 4486K, committed 4864K, reserved 1056768K
  class space    used 302K, capacity 386K, committed 512K, reserved 1048576K
Heap after GC invocations=660 (full 35):
 PSYoungGen      total 89600K, used 12800K [0x00000007b9c00000, 0x00000007c0000000, 0x00000007c0000000)
  eden space 76800K, 0% used [0x00000007b9c00000,0x00000007b9c00000,0x00000007be700000)
  from space 12800K, 100% used [0x00000007be700000,0x00000007bf380000,0x00000007bf380000)
  to   space 12800K, 0% used [0x00000007bf380000,0x00000007bf380000,0x00000007c0000000)
 ParOldGen       total 628224K, used 56016K [0x00000006c1800000, 0x00000006e7d80000, 0x00000007b9c00000)
  object space 628224K, 8% used [0x00000006c1800000,0x00000006c4eb4000,0x00000006e7d80000)
 Metaspace       used 2707K, capacity 4486K, committed 4864K, reserved 1056768K
  class space    used 302K, capacity 386K, committed 512K, reserved 1048576K
}
{Heap before GC invocations=661 (full 35):
 PSYoungGen      total 89600K, used 89600K [0x00000007b9c00000, 0x00000007c0000000, 0x00000007c0000000)
  eden space 76800K, 100% used [0x00000007b9c00000,0x00000007be700000,0x00000007be700000)
  from space 12800K, 100% used [0x00000007be700000,0x00000007bf380000,0x00000007bf380000)
  to   space 12800K, 0% used [0x00000007bf380000,0x00000007bf380000,0x00000007c0000000)
 ParOldGen       total 628224K, used 56016K [0x00000006c1800000, 0x00000006e7d80000, 0x00000007b9c00000)
  object space 628224K, 8% used [0x00000006c1800000,0x00000006c4eb4000,0x00000006e7d80000)
 Metaspace       used 2707K, capacity 4486K, committed 4864K, reserved 1056768K
  class space    used 302K, capacity 386K, committed 512K, reserved 1048576K
Heap after GC invocations=661 (full 35):
 PSYoungGen      total 89600K, used 12800K [0x00000007b9c00000, 0x00000007c0000000, 0x00000007c0000000)
  eden space 76800K, 0% used [0x00000007b9c00000,0x00000007b9c00000,0x00000007be700000)
  from space 12800K, 100% used [0x00000007bf380000,0x00000007c0000000,0x00000007c0000000)
  to   space 12800K, 0% used [0x00000007be700000,0x00000007be700000,0x00000007bf380000)
 ParOldGen       total 628224K, used 76184K [0x00000006c1800000, 0x00000006e7d80000, 0x00000007b9c00000)
  object space 628224K, 12% used [0x00000006c1800000,0x00000006c6266000,0x00000006e7d80000)
 Metaspace       used 2707K, capacity 4486K, committed 4864K, reserved 1056768K
  class space    used 302K, capacity 386K, committed 512K, reserved 1048576K
}
{Heap before GC invocations=662 (full 35):
 PSYoungGen      total 89600K, used 89600K [0x00000007b9c00000, 0x00000007c0000000, 0x00000007c0000000)
  eden space 76800K, 100% used [0x00000007b9c00000,0x00000007be700000,0x00000007be700000)
  from space 12800K, 100% used [0x00000007bf380000,0x00000007c0000000,0x00000007c0000000)
  to   space 12800K, 0% used [0x00000007be700000,0x00000007be700000,0x00000007bf380000)
 ParOldGen       total 628224K, used 76184K [0x00000006c1800000, 0x00000006e7d80000, 0x00000007b9c00000)
  object space 628224K, 12% used [0x00000006c1800000,0x00000006c6266000,0x00000006e7d80000)
 Metaspace       used 2707K, capacity 4486K, committed 4864K, reserved 1056768K
  class space    used 302K, capacity 386K, committed 512K, reserved 1048576K
Heap after GC invocations=662 (full 35):
 PSYoungGen      total 89600K, used 12800K [0x00000007b9c00000, 0x00000007c0000000, 0x00000007c0000000)
  eden space 76800K, 0% used [0x00000007b9c00000,0x00000007b9c00000,0x00000007be700000)
  from space 12800K, 100% used [0x00000007be700000,0x00000007bf380000,0x00000007bf380000)
  to   space 12800K, 0% used [0x00000007bf380000,0x00000007bf380000,0x00000007c0000000)
 ParOldGen       total 628224K, used 96352K [0x00000006c1800000, 0x00000006e7d80000, 0x00000007b9c00000)
  object space 628224K, 15% used [0x00000006c1800000,0x00000006c7618000,0x00000006e7d80000)
 Metaspace       used 2707K, capacity 4486K, committed 4864K, reserved 1056768K
  class space    used 302K, capacity 386K, committed 512K, reserved 1048576K
}
{Heap before GC invocations=663 (full 35):
 PSYoungGen      total 89600K, used 89600K [0x00000007b9c00000, 0x00000007c0000000, 0x00000007c0000000)
  eden space 76800K, 100% used [0x00000007b9c00000,0x00000007be700000,0x00000007be700000)
  from space 12800K, 100% used [0x00000007be700000,0x00000007bf380000,0x00000007bf380000)
  to   space 12800K, 0% used [0x00000007bf380000,0x00000007bf380000,0x00000007c0000000)
 ParOldGen       total 628224K, used 96352K [0x00000006c1800000, 0x00000006e7d80000, 0x00000007b9c00000)
  object space 628224K, 15% used [0x00000006c1800000,0x00000006c7618000,0x00000006e7d80000)
 Metaspace       used 2707K, capacity 4486K, committed 4864K, reserved 1056768K
  class space    used 302K, capacity 386K, committed 512K, reserved 1048576K
Heap after GC invocations=663 (full 35):
 PSYoungGen      total 89600K, used 12800K [0x00000007b9c00000, 0x00000007c0000000, 0x00000007c0000000)
  eden space 76800K, 0% used [0x00000007b9c00000,0x00000007b9c00000,0x00000007be700000)
  from space 12800K, 100% used [0x00000007bf380000,0x00000007c0000000,0x00000007c0000000)
  to   space 12800K, 0% used [0x00000007be700000,0x00000007be700000,0x00000007bf380000)
 ParOldGen       total 628224K, used 116528K [0x00000006c1800000, 0x00000006e7d80000, 0x00000007b9c00000)
  object space 628224K, 18% used [0x00000006c1800000,0x00000006c89cc000,0x00000006e7d80000)
 Metaspace       used 2707K, capacity 4486K, committed 4864K, reserved 1056768K
  class space    used 302K, capacity 386K, committed 512K, reserved 1048576K
}
{Heap before GC invocations=664 (full 35):
 PSYoungGen      total 89600K, used 89600K [0x00000007b9c00000, 0x00000007c0000000, 0x00000007c0000000)
  eden space 76800K, 100% used [0x00000007b9c00000,0x00000007be700000,0x00000007be700000)
  from space 12800K, 100% used [0x00000007bf380000,0x00000007c0000000,0x00000007c0000000)
  to   space 12800K, 0% used [0x00000007be700000,0x00000007be700000,0x00000007bf380000)
 ParOldGen       total 628224K, used 116528K [0x00000006c1800000, 0x00000006e7d80000, 0x00000007b9c00000)
  object space 628224K, 18% used [0x00000006c1800000,0x00000006c89cc000,0x00000006e7d80000)
 Metaspace       used 2707K, capacity 4486K, committed 4864K, reserved 1056768K
  class space    used 302K, capacity 386K, committed 512K, reserved 1048576K
Heap after GC invocations=664 (full 35):
 PSYoungGen      total 89600K, used 12800K [0x00000007b9c00000, 0x00000007c0000000, 0x00000007c0000000)
  eden space 76800K, 0% used [0x00000007b9c00000,0x00000007b9c00000,0x00000007be700000)
  from space 12800K, 100% used [0x00000007be700000,0x00000007bf380000,0x00000007bf380000)
  to   space 12800K, 0% used [0x00000007bf380000,0x00000007bf380000,0x00000007c0000000)
 ParOldGen       total 628224K, used 136696K [0x00000006c1800000, 0x00000006e7d80000, 0x00000007b9c00000)
  object space 628224K, 21% used [0x00000006c1800000,0x00000006c9d7e000,0x00000006e7d80000)
 Metaspace       used 2707K, capacity 4486K, committed 4864K, reserved 1056768K
  class space    used 302K, capacity 386K, committed 512K, reserved 1048576K
}
{Heap before GC invocations=665 (full 35):
 PSYoungGen      total 89600K, used 89600K [0x00000007b9c00000, 0x00000007c0000000, 0x00000007c0000000)
  eden space 76800K, 100% used [0x00000007b9c00000,0x00000007be700000,0x00000007be700000)
  from space 12800K, 100% used [0x00000007be700000,0x00000007bf380000,0x00000007bf380000)
  to   space 12800K, 0% used [0x00000007bf380000,0x00000007bf380000,0x00000007c0000000)
 ParOldGen       total 628224K, used 136696K [0x00000006c1800000, 0x00000006e7d80000, 0x00000007b9c00000)
  object space 628224K, 21% used [0x00000006c1800000,0x00000006c9d7e000,0x00000006e7d80000)
 Metaspace       used 2707K, capacity 4486K, committed 4864K, reserved 1056768K
  class space    used 302K, capacity 386K, committed 512K, reserved 1048576K
Heap after GC invocations=665 (full 35):
 PSYoungGen      total 89600K, used 12800K [0x00000007b9c00000, 0x00000007c0000000, 0x00000007c0000000)
  eden space 76800K, 0% used [0x00000007b9c00000,0x00000007b9c00000,0x00000007be700000)
  from space 12800K, 100% used [0x00000007bf380000,0x00000007c0000000,0x00000007c0000000)
  to   space 12800K, 0% used [0x00000007be700000,0x00000007be700000,0x00000007bf380000)
 ParOldGen       total 628224K, used 156872K [0x00000006c1800000, 0x00000006e7d80000, 0x00000007b9c00000)
  object space 628224K, 24% used [0x00000006c1800000,0x00000006cb132000,0x00000006e7d80000)
 Metaspace       used 2707K, capacity 4486K, committed 4864K, reserved 1056768K
  class space    used 302K, capacity 386K, committed 512K, reserved 1048576K
}
{Heap before GC invocations=666 (full 35):
 PSYoungGen      total 89600K, used 89600K [0x00000007b9c00000, 0x00000007c0000000, 0x00000007c0000000)
  eden space 76800K, 100% used [0x00000007b9c00000,0x00000007be700000,0x00000007be700000)
  from space 12800K, 100% used [0x00000007bf380000,0x00000007c0000000,0x00000007c0000000)
  to   space 12800K, 0% used [0x00000007be700000,0x00000007be700000,0x00000007bf380000)
 ParOldGen       total 628224K, used 156872K [0x00000006c1800000, 0x00000006e7d80000, 0x00000007b9c00000)
  object space 628224K, 24% used [0x00000006c1800000,0x00000006cb132000,0x00000006e7d80000)
 Metaspace       used 2707K, capacity 4486K, committed 4864K, reserved 1056768K
  class space    used 302K, capacity 386K, committed 512K, reserved 1048576K
Heap after GC invocations=666 (full 35):
 PSYoungGen      total 89600K, used 12800K [0x00000007b9c00000, 0x00000007c0000000, 0x00000007c0000000)
  eden space 76800K, 0% used [0x00000007b9c00000,0x00000007b9c00000,0x00000007be700000)
  from space 12800K, 100% used [0x00000007be700000,0x00000007bf380000,0x00000007bf380000)
  to   space 12800K, 0% used [0x00000007bf380000,0x00000007bf380000,0x00000007c0000000)
 ParOldGen       total 628224K, used 177032K [0x00000006c1800000, 0x00000006e7d80000, 0x00000007b9c00000)
  object space 628224K, 28% used [0x00000006c1800000,0x00000006cc4e2000,0x00000006e7d80000)
 Metaspace       used 2707K, capacity 4486K, committed 4864K, reserved 1056768K
  class space    used 302K, capacity 386K, committed 512K, reserved 1048576K
}
{Heap before GC invocations=667 (full 35):
 PSYoungGen      total 89600K, used 89600K [0x00000007b9c00000, 0x00000007c0000000, 0x00000007c0000000)
  eden space 76800K, 100% used [0x00000007b9c00000,0x00000007be700000,0x00000007be700000)
  from space 12800K, 100% used [0x00000007be700000,0x00000007bf380000,0x00000007bf380000)
  to   space 12800K, 0% used [0x00000007bf380000,0x00000007bf380000,0x00000007c0000000)
 ParOldGen       total 628224K, used 177032K [0x00000006c1800000, 0x00000006e7d80000, 0x00000007b9c00000)
  object space 628224K, 28% used [0x00000006c1800000,0x00000006cc4e2000,0x00000006e7d80000)
 Metaspace       used 2707K, capacity 4486K, committed 4864K, reserved 1056768K
  class space    used 302K, capacity 386K, committed 512K, reserved 1048576K
Heap after GC invocations=667 (full 35):
 PSYoungGen      total 89600K, used 12800K [0x00000007b9c00000, 0x00000007c0000000, 0x00000007c0000000)
  eden space 76800K, 0% used [0x00000007b9c00000,0x00000007b9c00000,0x00000007be700000)
  from space 12800K, 100% used [0x00000007bf380000,0x00000007c0000000,0x00000007c0000000)
  to   space 12800K, 0% used [0x00000007be700000,0x00000007be700000,0x00000007bf380000)
 ParOldGen       total 628224K, used 197192K [0x00000006c1800000, 0x00000006e7d80000, 0x00000007b9c00000)
  object space 628224K, 31% used [0x00000006c1800000,0x00000006cd892000,0x00000006e7d80000)
 Metaspace       used 2707K, capacity 4486K, committed 4864K, reserved 1056768K
  class space    used 302K, capacity 386K, committed 512K, reserved 1048576K
}
{Heap before GC invocations=668 (full 35):
 PSYoungGen      total 89600K, used 89600K [0x00000007b9c00000, 0x00000007c0000000, 0x00000007c0000000)
  eden space 76800K, 100% used [0x00000007b9c00000,0x00000007be700000,0x00000007be700000)
  from space 12800K, 100% used [0x00000007bf380000,0x00000007c0000000,0x00000007c0000000)
  to   space 12800K, 0% used [0x00000007be700000,0x00000007be700000,0x00000007bf380000)
 ParOldGen       total 628224K, used 197192K [0x00000006c1800000, 0x00000006e7d80000, 0x00000007b9c00000)
  object space 628224K, 31% used [0x00000006c1800000,0x00000006cd892000,0x00000006e7d80000)
 Metaspace       used 2707K, capacity 4486K, committed 4864K, reserved 1056768K
  class space    used 302K, capacity 386K, committed 512K, reserved 1048576K
Heap after GC invocations=668 (full 35):
 PSYoungGen      total 89600K, used 12800K [0x00000007b9c00000, 0x00000007c0000000, 0x00000007c0000000)
  eden space 76800K, 0% used [0x00000007b9c00000,0x00000007b9c00000,0x00000007be700000)
  from space 12800K, 100% used [0x00000007be700000,0x00000007bf380000,0x00000007bf380000)
  to   space 12800K, 0% used [0x00000007bf380000,0x00000007bf380000,0x00000007c0000000)
 ParOldGen       total 628224K, used 217376K [0x00000006c1800000, 0x00000006e7d80000, 0x00000007b9c00000)
  object space 628224K, 34% used [0x00000006c1800000,0x00000006cec48000,0x00000006e7d80000)
 Metaspace       used 2707K, capacity 4486K, committed 4864K, reserved 1056768K
  class space    used 302K, capacity 386K, committed 512K, reserved 1048576K
}
{Heap before GC invocations=669 (full 35):
 PSYoungGen      total 89600K, used 89600K [0x00000007b9c00000, 0x00000007c0000000, 0x00000007c0000000)
  eden space 76800K, 100% used [0x00000007b9c00000,0x00000007be700000,0x00000007be700000)
  from space 12800K, 100% used [0x00000007be700000,0x00000007bf380000,0x00000007bf380000)
  to   space 12800K, 0% used [0x00000007bf380000,0x00000007bf380000,0x00000007c0000000)
 ParOldGen       total 628224K, used 217376K [0x00000006c1800000, 0x00000006e7d80000, 0x00000007b9c00000)
  object space 628224K, 34% used [0x00000006c1800000,0x00000006cec48000,0x00000006e7d80000)
 Metaspace       used 2707K, capacity 4486K, committed 4864K, reserved 1056768K
  class space    used 302K, capacity 386K, committed 512K, reserved 1048576K
Heap after GC invocations=669 (full 35):
 PSYoungGen      total 89600K, used 12800K [0x00000007b9c00000, 0x00000007c0000000, 0x00000007c0000000)
  eden space 76800K, 0% used [0x00000007b9c00000,0x00000007b9c00000,0x00000007be700000)
  from space 12800K, 100% used [0x00000007bf380000,0x00000007c0000000,0x00000007c0000000)
  to   space 12800K, 0% used [0x00000007be700000,0x00000007be700000,0x00000007bf380000)
 ParOldGen       total 628224K, used 237536K [0x00000006c1800000, 0x00000006e7d80000, 0x00000007b9c00000)
  object space 628224K, 37% used [0x00000006c1800000,0x00000006cfff8000,0x00000006e7d80000)
 Metaspace       used 2707K, capacity 4486K, committed 4864K, reserved 1056768K
  class space    used 302K, capacity 386K, committed 512K, reserved 1048576K
}
{Heap before GC invocations=670 (full 35):
 PSYoungGen      total 89600K, used 89600K [0x00000007b9c00000, 0x00000007c0000000, 0x00000007c0000000)
  eden space 76800K, 100% used [0x00000007b9c00000,0x00000007be700000,0x00000007be700000)
  from space 12800K, 100% used [0x00000007bf380000,0x00000007c0000000,0x00000007c0000000)
  to   space 12800K, 0% used [0x00000007be700000,0x00000007be700000,0x00000007bf380000)
 ParOldGen       total 628224K, used 237536K [0x00000006c1800000, 0x00000006e7d80000, 0x00000007b9c00000)
  object space 628224K, 37% used [0x00000006c1800000,0x00000006cfff8000,0x00000006e7d80000)
 Metaspace       used 2707K, capacity 4486K, committed 4864K, reserved 1056768K
  class space    used 302K, capacity 386K, committed 512K, reserved 1048576K
Heap after GC invocations=670 (full 35):
 PSYoungGen      total 89600K, used 12800K [0x00000007b9c00000, 0x00000007c0000000, 0x00000007c0000000)
  eden space 76800K, 0% used [0x00000007b9c00000,0x00000007b9c00000,0x00000007be700000)
  from space 12800K, 100% used [0x00000007be700000,0x00000007bf380000,0x00000007bf380000)
  to   space 12800K, 0% used [0x00000007bf380000,0x00000007bf380000,0x00000007c0000000)
 ParOldGen       total 628224K, used 257696K [0x00000006c1800000, 0x00000006e7d80000, 0x00000007b9c00000)
  object space 628224K, 41% used [0x00000006c1800000,0x00000006d13a8000,0x00000006e7d80000)
 Metaspace       used 2707K, capacity 4486K, committed 4864K, reserved 1056768K
  class space    used 302K, capacity 386K, committed 512K, reserved 1048576K
}
{Heap before GC invocations=671 (full 35):
 PSYoungGen      total 89600K, used 89600K [0x00000007b9c00000, 0x00000007c0000000, 0x00000007c0000000)
  eden space 76800K, 100% used [0x00000007b9c00000,0x00000007be700000,0x00000007be700000)
  from space 12800K, 100% used [0x00000007be700000,0x00000007bf380000,0x00000007bf380000)
  to   space 12800K, 0% used [0x00000007bf380000,0x00000007bf380000,0x00000007c0000000)
 ParOldGen       total 628224K, used 257696K [0x00000006c1800000, 0x00000006e7d80000, 0x00000007b9c00000)
  object space 628224K, 41% used [0x00000006c1800000,0x00000006d13a8000,0x00000006e7d80000)
 Metaspace       used 2707K, capacity 4486K, committed 4864K, reserved 1056768K
  class space    used 302K, capacity 386K, committed 512K, reserved 1048576K
Heap after GC invocations=671 (full 35):
 PSYoungGen      total 89600K, used 12800K [0x00000007b9c00000, 0x00000007c0000000, 0x00000007c0000000)
  eden space 76800K, 0% used [0x00000007b9c00000,0x00000007b9c00000,0x00000007be700000)
  from space 12800K, 100% used [0x00000007bf380000,0x00000007c0000000,0x00000007c0000000)
  to   space 12800K, 0% used [0x00000007be700000,0x00000007be700000,0x00000007bf380000)
 ParOldGen       total 628224K, used 277872K [0x00000006c1800000, 0x00000006e7d80000, 0x00000007b9c00000)
  object space 628224K, 44% used [0x00000006c1800000,0x00000006d275c000,0x00000006e7d80000)
 Metaspace       used 2707K, capacity 4486K, committed 4864K, reserved 1056768K
  class space    used 302K, capacity 386K, committed 512K, reserved 1048576K
}
{Heap before GC invocations=672 (full 35):
 PSYoungGen      total 89600K, used 89600K [0x00000007b9c00000, 0x00000007c0000000, 0x00000007c0000000)
  eden space 76800K, 100% used [0x00000007b9c00000,0x00000007be700000,0x00000007be700000)
  from space 12800K, 100% used [0x00000007bf380000,0x00000007c0000000,0x00000007c0000000)
  to   space 12800K, 0% used [0x00000007be700000,0x00000007be700000,0x00000007bf380000)
 ParOldGen       total 628224K, used 277872K [0x00000006c1800000, 0x00000006e7d80000, 0x00000007b9c00000)
  object space 628224K, 44% used [0x00000006c1800000,0x00000006d275c000,0x00000006e7d80000)
 Metaspace       used 2707K, capacity 4486K, committed 4864K, reserved 1056768K
  class space    used 302K, capacity 386K, committed 512K, reserved 1048576K
Heap after GC invocations=672 (full 35):
 PSYoungGen      total 89600K, used 12800K [0x00000007b9c00000, 0x00000007c0000000, 0x00000007c0000000)
  eden space 76800K, 0% used [0x00000007b9c00000,0x00000007b9c00000,0x00000007be700000)
  from space 12800K, 100% used [0x00000007be700000,0x00000007bf380000,0x00000007bf380000)
  to   space 12800K, 0% used [0x00000007bf380000,0x00000007bf380000,0x00000007c0000000)
 ParOldGen       total 628224K, used 298040K [0x00000006c1800000, 0x00000006e7d80000, 0x00000007b9c00000)
  object space 628224K, 47% used [0x00000006c1800000,0x00000006d3b0e000,0x00000006e7d80000)
 Metaspace       used 2707K, capacity 4486K, committed 4864K, reserved 1056768K
  class space    used 302K, capacity 386K, committed 512K, reserved 1048576K
}
{Heap before GC invocations=673 (full 35):
 PSYoungGen      total 89600K, used 89600K [0x00000007b9c00000, 0x00000007c0000000, 0x00000007c0000000)
  eden space 76800K, 100% used [0x00000007b9c00000,0x00000007be700000,0x00000007be700000)
  from space 12800K, 100% used [0x00000007be700000,0x00000007bf380000,0x00000007bf380000)
  to   space 12800K, 0% used [0x00000007bf380000,0x00000007bf380000,0x00000007c0000000)
 ParOldGen       total 628224K, used 298040K [0x00000006c1800000, 0x00000006e7d80000, 0x00000007b9c00000)
  object space 628224K, 47% used [0x00000006c1800000,0x00000006d3b0e000,0x00000006e7d80000)
 Metaspace       used 2707K, capacity 4486K, committed 4864K, reserved 1056768K
  class space    used 302K, capacity 386K, committed 512K, reserved 1048576K
Heap after GC invocations=673 (full 35):
 PSYoungGen      total 89600K, used 12800K [0x00000007b9c00000, 0x00000007c0000000, 0x00000007c0000000)
  eden space 76800K, 0% used [0x00000007b9c00000,0x00000007b9c00000,0x00000007be700000)
  from space 12800K, 100% used [0x00000007bf380000,0x00000007c0000000,0x00000007c0000000)
  to   space 12800K, 0% used [0x00000007be700000,0x00000007be700000,0x00000007bf380000)
 ParOldGen       total 628224K, used 318208K [0x00000006c1800000, 0x00000006e7d80000, 0x00000007b9c00000)
  object space 628224K, 50% used [0x00000006c1800000,0x00000006d4ec0000,0x00000006e7d80000)
 Metaspace       used 2707K, capacity 4486K, committed 4864K, reserved 1056768K
  class space    used 302K, capacity 386K, committed 512K, reserved 1048576K
}
{Heap before GC invocations=674 (full 35):
 PSYoungGen      total 89600K, used 89600K [0x00000007b9c00000, 0x00000007c0000000, 0x00000007c0000000)
  eden space 76800K, 100% used [0x00000007b9c00000,0x00000007be700000,0x00000007be700000)
  from space 12800K, 100% used [0x00000007bf380000,0x00000007c0000000,0x00000007c0000000)
  to   space 12800K, 0% used [0x00000007be700000,0x00000007be700000,0x00000007bf380000)
 ParOldGen       total 628224K, used 318208K [0x00000006c1800000, 0x00000006e7d80000, 0x00000007b9c00000)
  object space 628224K, 50% used [0x00000006c1800000,0x00000006d4ec0000,0x00000006e7d80000)
 Metaspace       used 2707K, capacity 4486K, committed 4864K, reserved 1056768K
  class space    used 302K, capacity 386K, committed 512K, reserved 1048576K
Heap after GC invocations=674 (full 35):
 PSYoungGen      total 89600K, used 12800K [0x00000007b9c00000, 0x00000007c0000000, 0x00000007c0000000)
  eden space 76800K, 0% used [0x00000007b9c00000,0x00000007b9c00000,0x00000007be700000)
  from space 12800K, 100% used [0x00000007be700000,0x00000007bf380000,0x00000007bf380000)
  to   space 12800K, 0% used [0x00000007bf380000,0x00000007bf380000,0x00000007c0000000)
 ParOldGen       total 628224K, used 338376K [0x00000006c1800000, 0x00000006e7d80000, 0x00000007b9c00000)
  object space 628224K, 53% used [0x00000006c1800000,0x00000006d6272000,0x00000006e7d80000)
 Metaspace       used 2707K, capacity 4486K, committed 4864K, reserved 1056768K
  class space    used 302K, capacity 386K, committed 512K, reserved 1048576K
}
{Heap before GC invocations=675 (full 35):
 PSYoungGen      total 89600K, used 89600K [0x00000007b9c00000, 0x00000007c0000000, 0x00000007c0000000)
  eden space 76800K, 100% used [0x00000007b9c00000,0x00000007be700000,0x00000007be700000)
  from space 12800K, 100% used [0x00000007be700000,0x00000007bf380000,0x00000007bf380000)
  to   space 12800K, 0% used [0x00000007bf380000,0x00000007bf380000,0x00000007c0000000)
 ParOldGen       total 628224K, used 338376K [0x00000006c1800000, 0x00000006e7d80000, 0x00000007b9c00000)
  object space 628224K, 53% used [0x00000006c1800000,0x00000006d6272000,0x00000006e7d80000)
 Metaspace       used 2707K, capacity 4486K, committed 4864K, reserved 1056768K
  class space    used 302K, capacity 386K, committed 512K, reserved 1048576K
Heap after GC invocations=675 (full 35):
 PSYoungGen      total 89600K, used 12800K [0x00000007b9c00000, 0x00000007c0000000, 0x00000007c0000000)
  eden space 76800K, 0% used [0x00000007b9c00000,0x00000007b9c00000,0x00000007be700000)
  from space 12800K, 100% used [0x00000007bf380000,0x00000007c0000000,0x00000007c0000000)
  to   space 12800K, 0% used [0x00000007be700000,0x00000007be700000,0x00000007bf380000)
 ParOldGen       total 628224K, used 358544K [0x00000006c1800000, 0x00000006e7d80000, 0x00000007b9c00000)
  object space 628224K, 57% used [0x00000006c1800000,0x00000006d7624000,0x00000006e7d80000)
 Metaspace       used 2707K, capacity 4486K, committed 4864K, reserved 1056768K
  class space    used 302K, capacity 386K, committed 512K, reserved 1048576K
}
{Heap before GC invocations=676 (full 35):
 PSYoungGen      total 89600K, used 89600K [0x00000007b9c00000, 0x00000007c0000000, 0x00000007c0000000)
  eden space 76800K, 100% used [0x00000007b9c00000,0x00000007be700000,0x00000007be700000)
  from space 12800K, 100% used [0x00000007bf380000,0x00000007c0000000,0x00000007c0000000)
  to   space 12800K, 0% used [0x00000007be700000,0x00000007be700000,0x00000007bf380000)
 ParOldGen       total 628224K, used 358544K [0x00000006c1800000, 0x00000006e7d80000, 0x00000007b9c00000)
  object space 628224K, 57% used [0x00000006c1800000,0x00000006d7624000,0x00000006e7d80000)
 Metaspace       used 2707K, capacity 4486K, committed 4864K, reserved 1056768K
  class space    used 302K, capacity 386K, committed 512K, reserved 1048576K
Heap after GC invocations=676 (full 35):
 PSYoungGen      total 89600K, used 12800K [0x00000007b9c00000, 0x00000007c0000000, 0x00000007c0000000)
  eden space 76800K, 0% used [0x00000007b9c00000,0x00000007b9c00000,0x00000007be700000)
  from space 12800K, 100% used [0x00000007be700000,0x00000007bf380000,0x00000007bf380000)
  to   space 12800K, 0% used [0x00000007bf380000,0x00000007bf380000,0x00000007c0000000)
 ParOldGen       total 628224K, used 378712K [0x00000006c1800000, 0x00000006e7d80000, 0x00000007b9c00000)
  object space 628224K, 60% used [0x00000006c1800000,0x00000006d89d6000,0x00000006e7d80000)
 Metaspace       used 2707K, capacity 4486K, committed 4864K, reserved 1056768K
  class space    used 302K, capacity 386K, committed 512K, reserved 1048576K
}
{Heap before GC invocations=677 (full 35):
 PSYoungGen      total 89600K, used 89600K [0x00000007b9c00000, 0x00000007c0000000, 0x00000007c0000000)
  eden space 76800K, 100% used [0x00000007b9c00000,0x00000007be700000,0x00000007be700000)
  from space 12800K, 100% used [0x00000007be700000,0x00000007bf380000,0x00000007bf380000)
  to   space 12800K, 0% used [0x00000007bf380000,0x00000007bf380000,0x00000007c0000000)
 ParOldGen       total 628224K, used 378712K [0x00000006c1800000, 0x00000006e7d80000, 0x00000007b9c00000)
  object space 628224K, 60% used [0x00000006c1800000,0x00000006d89d6000,0x00000006e7d80000)
 Metaspace       used 2707K, capacity 4486K, committed 4864K, reserved 1056768K
  class space    used 302K, capacity 386K, committed 512K, reserved 1048576K
Heap after GC invocations=677 (full 35):
 PSYoungGen      total 89600K, used 12800K [0x00000007b9c00000, 0x00000007c0000000, 0x00000007c0000000)
  eden space 76800K, 0% used [0x00000007b9c00000,0x00000007b9c00000,0x00000007be700000)
  from space 12800K, 100% used [0x00000007bf380000,0x00000007c0000000,0x00000007c0000000)
  to   space 12800K, 0% used [0x00000007be700000,0x00000007be700000,0x00000007bf380000)
 ParOldGen       total 628224K, used 398880K [0x00000006c1800000, 0x00000006e7d80000, 0x00000007b9c00000)
  object space 628224K, 63% used [0x00000006c1800000,0x00000006d9d88000,0x00000006e7d80000)
 Metaspace       used 2707K, capacity 4486K, committed 4864K, reserved 1056768K
  class space    used 302K, capacity 386K, committed 512K, reserved 1048576K
}
{Heap before GC invocations=678 (full 35):
 PSYoungGen      total 89600K, used 89600K [0x00000007b9c00000, 0x00000007c0000000, 0x00000007c0000000)
  eden space 76800K, 100% used [0x00000007b9c00000,0x00000007be700000,0x00000007be700000)
  from space 12800K, 100% used [0x00000007bf380000,0x00000007c0000000,0x00000007c0000000)
  to   space 12800K, 0% used [0x00000007be700000,0x00000007be700000,0x00000007bf380000)
 ParOldGen       total 628224K, used 398880K [0x00000006c1800000, 0x00000006e7d80000, 0x00000007b9c00000)
  object space 628224K, 63% used [0x00000006c1800000,0x00000006d9d88000,0x00000006e7d80000)
 Metaspace       used 2707K, capacity 4486K, committed 4864K, reserved 1056768K
  class space    used 302K, capacity 386K, committed 512K, reserved 1048576K
Heap after GC invocations=678 (full 35):
 PSYoungGen      total 89600K, used 12800K [0x00000007b9c00000, 0x00000007c0000000, 0x00000007c0000000)
  eden space 76800K, 0% used [0x00000007b9c00000,0x00000007b9c00000,0x00000007be700000)
  from space 12800K, 100% used [0x00000007be700000,0x00000007bf380000,0x00000007bf380000)
  to   space 12800K, 0% used [0x00000007bf380000,0x00000007bf380000,0x00000007c0000000)
 ParOldGen       total 628224K, used 419056K [0x00000006c1800000, 0x00000006e7d80000, 0x00000007b9c00000)
  object space 628224K, 66% used [0x00000006c1800000,0x00000006db13c000,0x00000006e7d80000)
 Metaspace       used 2707K, capacity 4486K, committed 4864K, reserved 1056768K
  class space    used 302K, capacity 386K, committed 512K, reserved 1048576K
}
{Heap before GC invocations=679 (full 35):
 PSYoungGen      total 89600K, used 89600K [0x00000007b9c00000, 0x00000007c0000000, 0x00000007c0000000)
  eden space 76800K, 100% used [0x00000007b9c00000,0x00000007be700000,0x00000007be700000)
  from space 12800K, 100% used [0x00000007be700000,0x00000007bf380000,0x00000007bf380000)
  to   space 12800K, 0% used [0x00000007bf380000,0x00000007bf380000,0x00000007c0000000)
 ParOldGen       total 628224K, used 419056K [0x00000006c1800000, 0x00000006e7d80000, 0x00000007b9c00000)
  object space 628224K, 66% used [0x00000006c1800000,0x00000006db13c000,0x00000006e7d80000)
 Metaspace       used 2707K, capacity 4486K, committed 4864K, reserved 1056768K
  class space    used 302K, capacity 386K, committed 512K, reserved 1048576K
Heap after GC invocations=679 (full 35):
 PSYoungGen      total 89600K, used 12800K [0x00000007b9c00000, 0x00000007c0000000, 0x00000007c0000000)
  eden space 76800K, 0% used [0x00000007b9c00000,0x00000007b9c00000,0x00000007be700000)
  from space 12800K, 100% used [0x00000007bf380000,0x00000007c0000000,0x00000007c0000000)
  to   space 12800K, 0% used [0x00000007be700000,0x00000007be700000,0x00000007bf380000)
 ParOldGen       total 628224K, used 439224K [0x00000006c1800000, 0x00000006e7d80000, 0x00000007b9c00000)
  object space 628224K, 69% used [0x00000006c1800000,0x00000006dc4ee000,0x00000006e7d80000)
 Metaspace       used 2707K, capacity 4486K, committed 4864K, reserved 1056768K
  class space    used 302K, capacity 386K, committed 512K, reserved 1048576K
}
{Heap before GC invocations=680 (full 35):
 PSYoungGen      total 89600K, used 89600K [0x00000007b9c00000, 0x00000007c0000000, 0x00000007c0000000)
  eden space 76800K, 100% used [0x00000007b9c00000,0x00000007be700000,0x00000007be700000)
  from space 12800K, 100% used [0x00000007bf380000,0x00000007c0000000,0x00000007c0000000)
  to   space 12800K, 0% used [0x00000007be700000,0x00000007be700000,0x00000007bf380000)
 ParOldGen       total 628224K, used 439224K [0x00000006c1800000, 0x00000006e7d80000, 0x00000007b9c00000)
  object space 628224K, 69% used [0x00000006c1800000,0x00000006dc4ee000,0x00000006e7d80000)
 Metaspace       used 2707K, capacity 4486K, committed 4864K, reserved 1056768K
  class space    used 302K, capacity 386K, committed 512K, reserved 1048576K
Heap after GC invocations=680 (full 35):
 PSYoungGen      total 89600K, used 12800K [0x00000007b9c00000, 0x00000007c0000000, 0x00000007c0000000)
  eden space 76800K, 0% used [0x00000007b9c00000,0x00000007b9c00000,0x00000007be700000)
  from space 12800K, 100% used [0x00000007be700000,0x00000007bf380000,0x00000007bf380000)
  to   space 12800K, 0% used [0x00000007bf380000,0x00000007bf380000,0x00000007c0000000)
 ParOldGen       total 628224K, used 459392K [0x00000006c1800000, 0x00000006e7d80000, 0x00000007b9c00000)
  object space 628224K, 73% used [0x00000006c1800000,0x00000006dd8a0000,0x00000006e7d80000)
 Metaspace       used 2707K, capacity 4486K, committed 4864K, reserved 1056768K
  class space    used 302K, capacity 386K, committed 512K, reserved 1048576K
}
{Heap before GC invocations=681 (full 35):
 PSYoungGen      total 89600K, used 89600K [0x00000007b9c00000, 0x00000007c0000000, 0x00000007c0000000)
  eden space 76800K, 100% used [0x00000007b9c00000,0x00000007be700000,0x00000007be700000)
  from space 12800K, 100% used [0x00000007be700000,0x00000007bf380000,0x00000007bf380000)
  to   space 12800K, 0% used [0x00000007bf380000,0x00000007bf380000,0x00000007c0000000)
 ParOldGen       total 628224K, used 459392K [0x00000006c1800000, 0x00000006e7d80000, 0x00000007b9c00000)
  object space 628224K, 73% used [0x00000006c1800000,0x00000006dd8a0000,0x00000006e7d80000)
 Metaspace       used 2707K, capacity 4486K, committed 4864K, reserved 1056768K
  class space    used 302K, capacity 386K, committed 512K, reserved 1048576K
Heap after GC invocations=681 (full 35):
 PSYoungGen      total 89600K, used 12800K [0x00000007b9c00000, 0x00000007c0000000, 0x00000007c0000000)
  eden space 76800K, 0% used [0x00000007b9c00000,0x00000007b9c00000,0x00000007be700000)
  from space 12800K, 100% used [0x00000007bf380000,0x00000007c0000000,0x00000007c0000000)
  to   space 12800K, 0% used [0x00000007be700000,0x00000007be700000,0x00000007bf380000)
 ParOldGen       total 628224K, used 479560K [0x00000006c1800000, 0x00000006e7d80000, 0x00000007b9c00000)
  object space 628224K, 76% used [0x00000006c1800000,0x00000006dec52000,0x00000006e7d80000)
 Metaspace       used 2707K, capacity 4486K, committed 4864K, reserved 1056768K
  class space    used 302K, capacity 386K, committed 512K, reserved 1048576K
}
{Heap before GC invocations=682 (full 35):
 PSYoungGen      total 89600K, used 89600K [0x00000007b9c00000, 0x00000007c0000000, 0x00000007c0000000)
  eden space 76800K, 100% used [0x00000007b9c00000,0x00000007be700000,0x00000007be700000)
  from space 12800K, 100% used [0x00000007bf380000,0x00000007c0000000,0x00000007c0000000)
  to   space 12800K, 0% used [0x00000007be700000,0x00000007be700000,0x00000007bf380000)
 ParOldGen       total 628224K, used 479560K [0x00000006c1800000, 0x00000006e7d80000, 0x00000007b9c00000)
  object space 628224K, 76% used [0x00000006c1800000,0x00000006dec52000,0x00000006e7d80000)
 Metaspace       used 2707K, capacity 4486K, committed 4864K, reserved 1056768K
  class space    used 302K, capacity 386K, committed 512K, reserved 1048576K
Heap after GC invocations=682 (full 35):
 PSYoungGen      total 89600K, used 12800K [0x00000007b9c00000, 0x00000007c0000000, 0x00000007c0000000)
  eden space 76800K, 0% used [0x00000007b9c00000,0x00000007b9c00000,0x00000007be700000)
  from space 12800K, 100% used [0x00000007be700000,0x00000007bf380000,0x00000007bf380000)
  to   space 12800K, 0% used [0x00000007bf380000,0x00000007bf380000,0x00000007c0000000)
 ParOldGen       total 628224K, used 499728K [0x00000006c1800000, 0x00000006e7d80000, 0x00000007b9c00000)
  object space 628224K, 79% used [0x00000006c1800000,0x00000006e0004000,0x00000006e7d80000)
 Metaspace       used 2707K, capacity 4486K, committed 4864K, reserved 1056768K
  class space    used 302K, capacity 386K, committed 512K, reserved 1048576K
}
{Heap before GC invocations=683 (full 35):
 PSYoungGen      total 89600K, used 89600K [0x00000007b9c00000, 0x00000007c0000000, 0x00000007c0000000)
  eden space 76800K, 100% used [0x00000007b9c00000,0x00000007be700000,0x00000007be700000)
  from space 12800K, 100% used [0x00000007be700000,0x00000007bf380000,0x00000007bf380000)
  to   space 12800K, 0% used [0x00000007bf380000,0x00000007bf380000,0x00000007c0000000)
 ParOldGen       total 628224K, used 499728K [0x00000006c1800000, 0x00000006e7d80000, 0x00000007b9c00000)
  object space 628224K, 79% used [0x00000006c1800000,0x00000006e0004000,0x00000006e7d80000)
 Metaspace       used 2707K, capacity 4486K, committed 4864K, reserved 1056768K
  class space    used 302K, capacity 386K, committed 512K, reserved 1048576K
Heap after GC invocations=683 (full 35):
 PSYoungGen      total 89600K, used 12800K [0x00000007b9c00000, 0x00000007c0000000, 0x00000007c0000000)
  eden space 76800K, 0% used [0x00000007b9c00000,0x00000007b9c00000,0x00000007be700000)
  from space 12800K, 100% used [0x00000007bf380000,0x00000007c0000000,0x00000007c0000000)
  to   space 12800K, 0% used [0x00000007be700000,0x00000007be700000,0x00000007bf380000)
 ParOldGen       total 628224K, used 519896K [0x00000006c1800000, 0x00000006e7d80000, 0x00000007b9c00000)
  object space 628224K, 82% used [0x00000006c1800000,0x00000006e13b6000,0x00000006e7d80000)
 Metaspace       used 2707K, capacity 4486K, committed 4864K, reserved 1056768K
  class space    used 302K, capacity 386K, committed 512K, reserved 1048576K
}
{Heap before GC invocations=684 (full 35):
 PSYoungGen      total 89600K, used 89600K [0x00000007b9c00000, 0x00000007c0000000, 0x00000007c0000000)
  eden space 76800K, 100% used [0x00000007b9c00000,0x00000007be700000,0x00000007be700000)
  from space 12800K, 100% used [0x00000007bf380000,0x00000007c0000000,0x00000007c0000000)
  to   space 12800K, 0% used [0x00000007be700000,0x00000007be700000,0x00000007bf380000)
 ParOldGen       total 628224K, used 519896K [0x00000006c1800000, 0x00000006e7d80000, 0x00000007b9c00000)
  object space 628224K, 82% used [0x00000006c1800000,0x00000006e13b6000,0x00000006e7d80000)
 Metaspace       used 2707K, capacity 4486K, committed 4864K, reserved 1056768K
  class space    used 302K, capacity 386K, committed 512K, reserved 1048576K
Heap after GC invocations=684 (full 35):
 PSYoungGen      total 89600K, used 12800K [0x00000007b9c00000, 0x00000007c0000000, 0x00000007c0000000)
  eden space 76800K, 0% used [0x00000007b9c00000,0x00000007b9c00000,0x00000007be700000)
  from space 12800K, 100% used [0x00000007be700000,0x00000007bf380000,0x00000007bf380000)
  to   space 12800K, 0% used [0x00000007bf380000,0x00000007bf380000,0x00000007c0000000)
 ParOldGen       total 628224K, used 540064K [0x00000006c1800000, 0x00000006e7d80000, 0x00000007b9c00000)
  object space 628224K, 85% used [0x00000006c1800000,0x00000006e2768000,0x00000006e7d80000)
 Metaspace       used 2707K, capacity 4486K, committed 4864K, reserved 1056768K
  class space    used 302K, capacity 386K, committed 512K, reserved 1048576K
}
{Heap before GC invocations=685 (full 35):
 PSYoungGen      total 89600K, used 89600K [0x00000007b9c00000, 0x00000007c0000000, 0x00000007c0000000)
  eden space 76800K, 100% used [0x00000007b9c00000,0x00000007be700000,0x00000007be700000)
  from space 12800K, 100% used [0x00000007be700000,0x00000007bf380000,0x00000007bf380000)
  to   space 12800K, 0% used [0x00000007bf380000,0x00000007bf380000,0x00000007c0000000)
 ParOldGen       total 628224K, used 540064K [0x00000006c1800000, 0x00000006e7d80000, 0x00000007b9c00000)
  object space 628224K, 85% used [0x00000006c1800000,0x00000006e2768000,0x00000006e7d80000)
 Metaspace       used 2707K, capacity 4486K, committed 4864K, reserved 1056768K
  class space    used 302K, capacity 386K, committed 512K, reserved 1048576K
Heap after GC invocations=685 (full 35):
 PSYoungGen      total 89600K, used 12800K [0x00000007b9c00000, 0x00000007c0000000, 0x00000007c0000000)
  eden space 76800K, 0% used [0x00000007b9c00000,0x00000007b9c00000,0x00000007be700000)
  from space 12800K, 100% used [0x00000007bf380000,0x00000007c0000000,0x00000007c0000000)
  to   space 12800K, 0% used [0x00000007be700000,0x00000007be700000,0x00000007bf380000)
 ParOldGen       total 628224K, used 560232K [0x00000006c1800000, 0x00000006e7d80000, 0x00000007b9c00000)
  object space 628224K, 89% used [0x00000006c1800000,0x00000006e3b1a000,0x00000006e7d80000)
 Metaspace       used 2707K, capacity 4486K, committed 4864K, reserved 1056768K
  class space    used 302K, capacity 386K, committed 512K, reserved 1048576K
}
{Heap before GC invocations=686 (full 35):
 PSYoungGen      total 89600K, used 89600K [0x00000007b9c00000, 0x00000007c0000000, 0x00000007c0000000)
  eden space 76800K, 100% used [0x00000007b9c00000,0x00000007be700000,0x00000007be700000)
  from space 12800K, 100% used [0x00000007bf380000,0x00000007c0000000,0x00000007c0000000)
  to   space 12800K, 0% used [0x00000007be700000,0x00000007be700000,0x00000007bf380000)
 ParOldGen       total 628224K, used 560232K [0x00000006c1800000, 0x00000006e7d80000, 0x00000007b9c00000)
  object space 628224K, 89% used [0x00000006c1800000,0x00000006e3b1a000,0x00000006e7d80000)
 Metaspace       used 2707K, capacity 4486K, committed 4864K, reserved 1056768K
  class space    used 302K, capacity 386K, committed 512K, reserved 1048576K
Heap after GC invocations=686 (full 35):
 PSYoungGen      total 89600K, used 12800K [0x00000007b9c00000, 0x00000007c0000000, 0x00000007c0000000)
  eden space 76800K, 0% used [0x00000007b9c00000,0x00000007b9c00000,0x00000007be700000)
  from space 12800K, 100% used [0x00000007be700000,0x00000007bf380000,0x00000007bf380000)
  to   space 12800K, 0% used [0x00000007bf380000,0x00000007bf380000,0x00000007c0000000)
 ParOldGen       total 628224K, used 580400K [0x00000006c1800000, 0x00000006e7d80000, 0x00000007b9c00000)
  object space 628224K, 92% used [0x00000006c1800000,0x00000006e4ecc000,0x00000006e7d80000)
 Metaspace       used 2707K, capacity 4486K, committed 4864K, reserved 1056768K
  class space    used 302K, capacity 386K, committed 512K, reserved 1048576K
}
{Heap before GC invocations=687 (full 35):
 PSYoungGen      total 89600K, used 89600K [0x00000007b9c00000, 0x00000007c0000000, 0x00000007c0000000)
  eden space 76800K, 100% used [0x00000007b9c00000,0x00000007be700000,0x00000007be700000)
  from space 12800K, 100% used [0x00000007be700000,0x00000007bf380000,0x00000007bf380000)
  to   space 12800K, 0% used [0x00000007bf380000,0x00000007bf380000,0x00000007c0000000)
 ParOldGen       total 628224K, used 580400K [0x00000006c1800000, 0x00000006e7d80000, 0x00000007b9c00000)
  object space 628224K, 92% used [0x00000006c1800000,0x00000006e4ecc000,0x00000006e7d80000)
 Metaspace       used 2707K, capacity 4486K, committed 4864K, reserved 1056768K
  class space    used 302K, capacity 386K, committed 512K, reserved 1048576K
Heap after GC invocations=687 (full 35):
 PSYoungGen      total 89600K, used 12800K [0x00000007b9c00000, 0x00000007c0000000, 0x00000007c0000000)
  eden space 76800K, 0% used [0x00000007b9c00000,0x00000007b9c00000,0x00000007be700000)
  from space 12800K, 100% used [0x00000007bf380000,0x00000007c0000000,0x00000007c0000000)
  to   space 12800K, 0% used [0x00000007be700000,0x00000007be700000,0x00000007bf380000)
 ParOldGen       total 628224K, used 600568K [0x00000006c1800000, 0x00000006e7d80000, 0x00000007b9c00000)
  object space 628224K, 95% used [0x00000006c1800000,0x00000006e627e000,0x00000006e7d80000)
 Metaspace       used 2707K, capacity 4486K, committed 4864K, reserved 1056768K
  class space    used 302K, capacity 386K, committed 512K, reserved 1048576K
}
{Heap before GC invocations=688 (full 35):
 PSYoungGen      total 89600K, used 89600K [0x00000007b9c00000, 0x00000007c0000000, 0x00000007c0000000)
  eden space 76800K, 100% used [0x00000007b9c00000,0x00000007be700000,0x00000007be700000)
  from space 12800K, 100% used [0x00000007bf380000,0x00000007c0000000,0x00000007c0000000)
  to   space 12800K, 0% used [0x00000007be700000,0x00000007be700000,0x00000007bf380000)
 ParOldGen       total 628224K, used 600568K [0x00000006c1800000, 0x00000006e7d80000, 0x00000007b9c00000)
  object space 628224K, 95% used [0x00000006c1800000,0x00000006e627e000,0x00000006e7d80000)
 Metaspace       used 2707K, capacity 4486K, committed 4864K, reserved 1056768K
  class space    used 302K, capacity 386K, committed 512K, reserved 1048576K
Heap after GC invocations=688 (full 35):
 PSYoungGen      total 89600K, used 12800K [0x00000007b9c00000, 0x00000007c0000000, 0x00000007c0000000)
  eden space 76800K, 0% used [0x00000007b9c00000,0x00000007b9c00000,0x00000007be700000)
  from space 12800K, 100% used [0x00000007be700000,0x00000007bf380000,0x00000007bf380000)
  to   space 12800K, 0% used [0x00000007bf380000,0x00000007bf380000,0x00000007c0000000)
 ParOldGen       total 628224K, used 620728K [0x00000006c1800000, 0x00000006e7d80000, 0x00000007b9c00000)
  object space 628224K, 98% used [0x00000006c1800000,0x00000006e762e000,0x00000006e7d80000)
 Metaspace       used 2707K, capacity 4486K, committed 4864K, reserved 1056768K
  class space    used 302K, capacity 386K, committed 512K, reserved 1048576K
}
{Heap before GC invocations=689 (full 36):
 PSYoungGen      total 89600K, used 12800K [0x00000007b9c00000, 0x00000007c0000000, 0x00000007c0000000)
  eden space 76800K, 0% used [0x00000007b9c00000,0x00000007b9c00000,0x00000007be700000)
  from space 12800K, 100% used [0x00000007be700000,0x00000007bf380000,0x00000007bf380000)
  to   space 12800K, 0% used [0x00000007bf380000,0x00000007bf380000,0x00000007c0000000)
 ParOldGen       total 628224K, used 620728K [0x00000006c1800000, 0x00000006e7d80000, 0x00000007b9c00000)
  object space 628224K, 98% used [0x00000006c1800000,0x00000006e762e000,0x00000006e7d80000)
 Metaspace       used 2707K, capacity 4486K, committed 4864K, reserved 1056768K
  class space    used 302K, capacity 386K, committed 512K, reserved 1048576K
Heap after GC invocations=689 (full 36):
 PSYoungGen      total 89600K, used 0K [0x00000007b9c00000, 0x00000007c0000000, 0x00000007c0000000)
  eden space 76800K, 0% used [0x00000007b9c00000,0x00000007b9c00000,0x00000007be700000)
  from space 12800K, 0% used [0x00000007be700000,0x00000007be700000,0x00000007bf380000)
  to   space 12800K, 0% used [0x00000007bf380000,0x00000007bf380000,0x00000007c0000000)
 ParOldGen       total 640512K, used 35840K [0x00000006c1800000, 0x00000006e8980000, 0x00000007b9c00000)
  object space 640512K, 5% used [0x00000006c1800000,0x00000006c3b00000,0x00000006e8980000)
 Metaspace       used 2707K, capacity 4486K, committed 4864K, reserved 1056768K
  class space    used 302K, capacity 386K, committed 512K, reserved 1048576K
}
{Heap before GC invocations=690 (full 36):
 PSYoungGen      total 89600K, used 76800K [0x00000007b9c00000, 0x00000007c0000000, 0x00000007c0000000)
  eden space 76800K, 100% used [0x00000007b9c00000,0x00000007be700000,0x00000007be700000)
  from space 12800K, 0% used [0x00000007be700000,0x00000007be700000,0x00000007bf380000)
  to   space 12800K, 0% used [0x00000007bf380000,0x00000007bf380000,0x00000007c0000000)
 ParOldGen       total 640512K, used 35840K [0x00000006c1800000, 0x00000006e8980000, 0x00000007b9c00000)
  object space 640512K, 5% used [0x00000006c1800000,0x00000006c3b00000,0x00000006e8980000)
 Metaspace       used 2707K, capacity 4486K, committed 4864K, reserved 1056768K
  class space    used 302K, capacity 386K, committed 512K, reserved 1048576K
Heap after GC invocations=690 (full 36):
 PSYoungGen      total 89600K, used 12800K [0x00000007b9c00000, 0x00000007c0000000, 0x00000007c0000000)
  eden space 76800K, 0% used [0x00000007b9c00000,0x00000007b9c00000,0x00000007be700000)
  from space 12800K, 100% used [0x00000007bf380000,0x00000007c0000000,0x00000007c0000000)
  to   space 12800K, 0% used [0x00000007be700000,0x00000007be700000,0x00000007bf380000)
 ParOldGen       total 640512K, used 56000K [0x00000006c1800000, 0x00000006e8980000, 0x00000007b9c00000)
  object space 640512K, 8% used [0x00000006c1800000,0x00000006c4eb0000,0x00000006e8980000)
 Metaspace       used 2707K, capacity 4486K, committed 4864K, reserved 1056768K
  class space    used 302K, capacity 386K, committed 512K, reserved 1048576K
}
{Heap before GC invocations=691 (full 36):
 PSYoungGen      total 89600K, used 89600K [0x00000007b9c00000, 0x00000007c0000000, 0x00000007c0000000)
  eden space 76800K, 100% used [0x00000007b9c00000,0x00000007be700000,0x00000007be700000)
  from space 12800K, 100% used [0x00000007bf380000,0x00000007c0000000,0x00000007c0000000)
  to   space 12800K, 0% used [0x00000007be700000,0x00000007be700000,0x00000007bf380000)
 ParOldGen       total 640512K, used 56000K [0x00000006c1800000, 0x00000006e8980000, 0x00000007b9c00000)
  object space 640512K, 8% used [0x00000006c1800000,0x00000006c4eb0000,0x00000006e8980000)
 Metaspace       used 2707K, capacity 4486K, committed 4864K, reserved 1056768K
  class space    used 302K, capacity 386K, committed 512K, reserved 1048576K
Heap after GC invocations=691 (full 36):
 PSYoungGen      total 89600K, used 12800K [0x00000007b9c00000, 0x00000007c0000000, 0x00000007c0000000)
  eden space 76800K, 0% used [0x00000007b9c00000,0x00000007b9c00000,0x00000007be700000)
  from space 12800K, 100% used [0x00000007be700000,0x00000007bf380000,0x00000007bf380000)
  to   space 12800K, 0% used [0x00000007bf380000,0x00000007bf380000,0x00000007c0000000)
 ParOldGen       total 640512K, used 76168K [0x00000006c1800000, 0x00000006e8980000, 0x00000007b9c00000)
  object space 640512K, 11% used [0x00000006c1800000,0x00000006c6262000,0x00000006e8980000)
 Metaspace       used 2707K, capacity 4486K, committed 4864K, reserved 1056768K
  class space    used 302K, capacity 386K, committed 512K, reserved 1048576K
}
{Heap before GC invocations=692 (full 36):
 PSYoungGen      total 89600K, used 89600K [0x00000007b9c00000, 0x00000007c0000000, 0x00000007c0000000)
  eden space 76800K, 100% used [0x00000007b9c00000,0x00000007be700000,0x00000007be700000)
  from space 12800K, 100% used [0x00000007be700000,0x00000007bf380000,0x00000007bf380000)
  to   space 12800K, 0% used [0x00000007bf380000,0x00000007bf380000,0x00000007c0000000)
 ParOldGen       total 640512K, used 76168K [0x00000006c1800000, 0x00000006e8980000, 0x00000007b9c00000)
  object space 640512K, 11% used [0x00000006c1800000,0x00000006c6262000,0x00000006e8980000)
 Metaspace       used 2707K, capacity 4486K, committed 4864K, reserved 1056768K
  class space    used 302K, capacity 386K, committed 512K, reserved 1048576K
Heap after GC invocations=692 (full 36):
 PSYoungGen      total 89600K, used 12800K [0x00000007b9c00000, 0x00000007c0000000, 0x00000007c0000000)
  eden space 76800K, 0% used [0x00000007b9c00000,0x00000007b9c00000,0x00000007be700000)
  from space 12800K, 100% used [0x00000007bf380000,0x00000007c0000000,0x00000007c0000000)
  to   space 12800K, 0% used [0x00000007be700000,0x00000007be700000,0x00000007bf380000)
 ParOldGen       total 640512K, used 96328K [0x00000006c1800000, 0x00000006e8980000, 0x00000007b9c00000)
  object space 640512K, 15% used [0x00000006c1800000,0x00000006c7612000,0x00000006e8980000)
 Metaspace       used 2707K, capacity 4486K, committed 4864K, reserved 1056768K
  class space    used 302K, capacity 386K, committed 512K, reserved 1048576K
}
{Heap before GC invocations=693 (full 36):
 PSYoungGen      total 89600K, used 89600K [0x00000007b9c00000, 0x00000007c0000000, 0x00000007c0000000)
  eden space 76800K, 100% used [0x00000007b9c00000,0x00000007be700000,0x00000007be700000)
  from space 12800K, 100% used [0x00000007bf380000,0x00000007c0000000,0x00000007c0000000)
  to   space 12800K, 0% used [0x00000007be700000,0x00000007be700000,0x00000007bf380000)
 ParOldGen       total 640512K, used 96328K [0x00000006c1800000, 0x00000006e8980000, 0x00000007b9c00000)
  object space 640512K, 15% used [0x00000006c1800000,0x00000006c7612000,0x00000006e8980000)
 Metaspace       used 2707K, capacity 4486K, committed 4864K, reserved 1056768K
  class space    used 302K, capacity 386K, committed 512K, reserved 1048576K
Heap after GC invocations=693 (full 36):
 PSYoungGen      total 89600K, used 12800K [0x00000007b9c00000, 0x00000007c0000000, 0x00000007c0000000)
  eden space 76800K, 0% used [0x00000007b9c00000,0x00000007b9c00000,0x00000007be700000)
  from space 12800K, 100% used [0x00000007be700000,0x00000007bf380000,0x00000007bf380000)
  to   space 12800K, 0% used [0x00000007bf380000,0x00000007bf380000,0x00000007c0000000)
 ParOldGen       total 640512K, used 116496K [0x00000006c1800000, 0x00000006e8980000, 0x00000007b9c00000)
  object space 640512K, 18% used [0x00000006c1800000,0x00000006c89c4000,0x00000006e8980000)
 Metaspace       used 2707K, capacity 4486K, committed 4864K, reserved 1056768K
  class space    used 302K, capacity 386K, committed 512K, reserved 1048576K
}
{Heap before GC invocations=694 (full 36):
 PSYoungGen      total 89600K, used 89600K [0x00000007b9c00000, 0x00000007c0000000, 0x00000007c0000000)
  eden space 76800K, 100% used [0x00000007b9c00000,0x00000007be700000,0x00000007be700000)
  from space 12800K, 100% used [0x00000007be700000,0x00000007bf380000,0x00000007bf380000)
  to   space 12800K, 0% used [0x00000007bf380000,0x00000007bf380000,0x00000007c0000000)
 ParOldGen       total 640512K, used 116496K [0x00000006c1800000, 0x00000006e8980000, 0x00000007b9c00000)
  object space 640512K, 18% used [0x00000006c1800000,0x00000006c89c4000,0x00000006e8980000)
 Metaspace       used 2707K, capacity 4486K, committed 4864K, reserved 1056768K
  class space    used 302K, capacity 386K, committed 512K, reserved 1048576K
Heap after GC invocations=694 (full 36):
 PSYoungGen      total 89600K, used 12800K [0x00000007b9c00000, 0x00000007c0000000, 0x00000007c0000000)
  eden space 76800K, 0% used [0x00000007b9c00000,0x00000007b9c00000,0x00000007be700000)
  from space 12800K, 100% used [0x00000007bf380000,0x00000007c0000000,0x00000007c0000000)
  to   space 12800K, 0% used [0x00000007be700000,0x00000007be700000,0x00000007bf380000)
 ParOldGen       total 640512K, used 136656K [0x00000006c1800000, 0x00000006e8980000, 0x00000007b9c00000)
  object space 640512K, 21% used [0x00000006c1800000,0x00000006c9d74000,0x00000006e8980000)
 Metaspace       used 2707K, capacity 4486K, committed 4864K, reserved 1056768K
  class space    used 302K, capacity 386K, committed 512K, reserved 1048576K
}
{Heap before GC invocations=695 (full 36):
 PSYoungGen      total 89600K, used 89600K [0x00000007b9c00000, 0x00000007c0000000, 0x00000007c0000000)
  eden space 76800K, 100% used [0x00000007b9c00000,0x00000007be700000,0x00000007be700000)
  from space 12800K, 100% used [0x00000007bf380000,0x00000007c0000000,0x00000007c0000000)
  to   space 12800K, 0% used [0x00000007be700000,0x00000007be700000,0x00000007bf380000)
 ParOldGen       total 640512K, used 136656K [0x00000006c1800000, 0x00000006e8980000, 0x00000007b9c00000)
  object space 640512K, 21% used [0x00000006c1800000,0x00000006c9d74000,0x00000006e8980000)
 Metaspace       used 2707K, capacity 4486K, committed 4864K, reserved 1056768K
  class space    used 302K, capacity 386K, committed 512K, reserved 1048576K
Heap after GC invocations=695 (full 36):
 PSYoungGen      total 89600K, used 12800K [0x00000007b9c00000, 0x00000007c0000000, 0x00000007c0000000)
  eden space 76800K, 0% used [0x00000007b9c00000,0x00000007b9c00000,0x00000007be700000)
  from space 12800K, 100% used [0x00000007be700000,0x00000007bf380000,0x00000007bf380000)
  to   space 12800K, 0% used [0x00000007bf380000,0x00000007bf380000,0x00000007c0000000)
 ParOldGen       total 640512K, used 156824K [0x00000006c1800000, 0x00000006e8980000, 0x00000007b9c00000)
  object space 640512K, 24% used [0x00000006c1800000,0x00000006cb126000,0x00000006e8980000)
 Metaspace       used 2707K, capacity 4486K, committed 4864K, reserved 1056768K
  class space    used 302K, capacity 386K, committed 512K, reserved 1048576K
}
{Heap before GC invocations=696 (full 36):
 PSYoungGen      total 89600K, used 89600K [0x00000007b9c00000, 0x00000007c0000000, 0x00000007c0000000)
  eden space 76800K, 100% used [0x00000007b9c00000,0x00000007be700000,0x00000007be700000)
  from space 12800K, 100% used [0x00000007be700000,0x00000007bf380000,0x00000007bf380000)
  to   space 12800K, 0% used [0x00000007bf380000,0x00000007bf380000,0x00000007c0000000)
 ParOldGen       total 640512K, used 156824K [0x00000006c1800000, 0x00000006e8980000, 0x00000007b9c00000)
  object space 640512K, 24% used [0x00000006c1800000,0x00000006cb126000,0x00000006e8980000)
 Metaspace       used 2707K, capacity 4486K, committed 4864K, reserved 1056768K
  class space    used 302K, capacity 386K, committed 512K, reserved 1048576K
Heap after GC invocations=696 (full 36):
 PSYoungGen      total 89600K, used 12800K [0x00000007b9c00000, 0x00000007c0000000, 0x00000007c0000000)
  eden space 76800K, 0% used [0x00000007b9c00000,0x00000007b9c00000,0x00000007be700000)
  from space 12800K, 100% used [0x00000007bf380000,0x00000007c0000000,0x00000007c0000000)
  to   space 12800K, 0% used [0x00000007be700000,0x00000007be700000,0x00000007bf380000)
 ParOldGen       total 640512K, used 176984K [0x00000006c1800000, 0x00000006e8980000, 0x00000007b9c00000)
  object space 640512K, 27% used [0x00000006c1800000,0x00000006cc4d6000,0x00000006e8980000)
 Metaspace       used 2707K, capacity 4486K, committed 4864K, reserved 1056768K
  class space    used 302K, capacity 386K, committed 512K, reserved 1048576K
}
{Heap before GC invocations=697 (full 36):
 PSYoungGen      total 89600K, used 89600K [0x00000007b9c00000, 0x00000007c0000000, 0x00000007c0000000)
  eden space 76800K, 100% used [0x00000007b9c00000,0x00000007be700000,0x00000007be700000)
  from space 12800K, 100% used [0x00000007bf380000,0x00000007c0000000,0x00000007c0000000)
  to   space 12800K, 0% used [0x00000007be700000,0x00000007be700000,0x00000007bf380000)
 ParOldGen       total 640512K, used 176984K [0x00000006c1800000, 0x00000006e8980000, 0x00000007b9c00000)
  object space 640512K, 27% used [0x00000006c1800000,0x00000006cc4d6000,0x00000006e8980000)
 Metaspace       used 2707K, capacity 4486K, committed 4864K, reserved 1056768K
  class space    used 302K, capacity 386K, committed 512K, reserved 1048576K
Heap after GC invocations=697 (full 36):
 PSYoungGen      total 89600K, used 12800K [0x00000007b9c00000, 0x00000007c0000000, 0x00000007c0000000)
  eden space 76800K, 0% used [0x00000007b9c00000,0x00000007b9c00000,0x00000007be700000)
  from space 12800K, 100% used [0x00000007be700000,0x00000007bf380000,0x00000007bf380000)
  to   space 12800K, 0% used [0x00000007bf380000,0x00000007bf380000,0x00000007c0000000)
 ParOldGen       total 640512K, used 197152K [0x00000006c1800000, 0x00000006e8980000, 0x00000007b9c00000)
  object space 640512K, 30% used [0x00000006c1800000,0x00000006cd888000,0x00000006e8980000)
 Metaspace       used 2707K, capacity 4486K, committed 4864K, reserved 1056768K
  class space    used 302K, capacity 386K, committed 512K, reserved 1048576K
}
{Heap before GC invocations=698 (full 36):
 PSYoungGen      total 89600K, used 89600K [0x00000007b9c00000, 0x00000007c0000000, 0x00000007c0000000)
  eden space 76800K, 100% used [0x00000007b9c00000,0x00000007be700000,0x00000007be700000)
  from space 12800K, 100% used [0x00000007be700000,0x00000007bf380000,0x00000007bf380000)
  to   space 12800K, 0% used [0x00000007bf380000,0x00000007bf380000,0x00000007c0000000)
 ParOldGen       total 640512K, used 197152K [0x00000006c1800000, 0x00000006e8980000, 0x00000007b9c00000)
  object space 640512K, 30% used [0x00000006c1800000,0x00000006cd888000,0x00000006e8980000)
 Metaspace       used 2707K, capacity 4486K, committed 4864K, reserved 1056768K
  class space    used 302K, capacity 386K, committed 512K, reserved 1048576K
Heap after GC invocations=698 (full 36):
 PSYoungGen      total 89600K, used 12800K [0x00000007b9c00000, 0x00000007c0000000, 0x00000007c0000000)
  eden space 76800K, 0% used [0x00000007b9c00000,0x00000007b9c00000,0x00000007be700000)
  from space 12800K, 100% used [0x00000007bf380000,0x00000007c0000000,0x00000007c0000000)
  to   space 12800K, 0% used [0x00000007be700000,0x00000007be700000,0x00000007bf380000)
 ParOldGen       total 640512K, used 217320K [0x00000006c1800000, 0x00000006e8980000, 0x00000007b9c00000)
  object space 640512K, 33% used [0x00000006c1800000,0x00000006cec3a000,0x00000006e8980000)
 Metaspace       used 2707K, capacity 4486K, committed 4864K, reserved 1056768K
  class space    used 302K, capacity 386K, committed 512K, reserved 1048576K
}
{Heap before GC invocations=699 (full 36):
 PSYoungGen      total 89600K, used 89600K [0x00000007b9c00000, 0x00000007c0000000, 0x00000007c0000000)
  eden space 76800K, 100% used [0x00000007b9c00000,0x00000007be700000,0x00000007be700000)
  from space 12800K, 100% used [0x00000007bf380000,0x00000007c0000000,0x00000007c0000000)
  to   space 12800K, 0% used [0x00000007be700000,0x00000007be700000,0x00000007bf380000)
 ParOldGen       total 640512K, used 217320K [0x00000006c1800000, 0x00000006e8980000, 0x00000007b9c00000)
  object space 640512K, 33% used [0x00000006c1800000,0x00000006cec3a000,0x00000006e8980000)
 Metaspace       used 2707K, capacity 4486K, committed 4864K, reserved 1056768K
  class space    used 302K, capacity 386K, committed 512K, reserved 1048576K
Heap after GC invocations=699 (full 36):
 PSYoungGen      total 89600K, used 12800K [0x00000007b9c00000, 0x00000007c0000000, 0x00000007c0000000)
  eden space 76800K, 0% used [0x00000007b9c00000,0x00000007b9c00000,0x00000007be700000)
  from space 12800K, 100% used [0x00000007be700000,0x00000007bf380000,0x00000007bf380000)
  to   space 12800K, 0% used [0x00000007bf380000,0x00000007bf380000,0x00000007c0000000)
 ParOldGen       total 640512K, used 237496K [0x00000006c1800000, 0x00000006e8980000, 0x00000007b9c00000)
  object space 640512K, 37% used [0x00000006c1800000,0x00000006cffee000,0x00000006e8980000)
 Metaspace       used 2707K, capacity 4486K, committed 4864K, reserved 1056768K
  class space    used 302K, capacity 386K, committed 512K, reserved 1048576K
}
{Heap before GC invocations=700 (full 36):
 PSYoungGen      total 89600K, used 89600K [0x00000007b9c00000, 0x00000007c0000000, 0x00000007c0000000)
  eden space 76800K, 100% used [0x00000007b9c00000,0x00000007be700000,0x00000007be700000)
  from space 12800K, 100% used [0x00000007be700000,0x00000007bf380000,0x00000007bf380000)
  to   space 12800K, 0% used [0x00000007bf380000,0x00000007bf380000,0x00000007c0000000)
 ParOldGen       total 640512K, used 237496K [0x00000006c1800000, 0x00000006e8980000, 0x00000007b9c00000)
  object space 640512K, 37% used [0x00000006c1800000,0x00000006cffee000,0x00000006e8980000)
 Metaspace       used 2707K, capacity 4486K, committed 4864K, reserved 1056768K
  class space    used 302K, capacity 386K, committed 512K, reserved 1048576K
Heap after GC invocations=700 (full 36):
 PSYoungGen      total 89600K, used 12800K [0x00000007b9c00000, 0x00000007c0000000, 0x00000007c0000000)
  eden space 76800K, 0% used [0x00000007b9c00000,0x00000007b9c00000,0x00000007be700000)
  from space 12800K, 100% used [0x00000007bf380000,0x00000007c0000000,0x00000007c0000000)
  to   space 12800K, 0% used [0x00000007be700000,0x00000007be700000,0x00000007bf380000)
 ParOldGen       total 640512K, used 257664K [0x00000006c1800000, 0x00000006e8980000, 0x00000007b9c00000)
  object space 640512K, 40% used [0x00000006c1800000,0x00000006d13a0000,0x00000006e8980000)
 Metaspace       used 2707K, capacity 4486K, committed 4864K, reserved 1056768K
  class space    used 302K, capacity 386K, committed 512K, reserved 1048576K
}
{Heap before GC invocations=701 (full 36):
 PSYoungGen      total 89600K, used 89600K [0x00000007b9c00000, 0x00000007c0000000, 0x00000007c0000000)
  eden space 76800K, 100% used [0x00000007b9c00000,0x00000007be700000,0x00000007be700000)
  from space 12800K, 100% used [0x00000007bf380000,0x00000007c0000000,0x00000007c0000000)
  to   space 12800K, 0% used [0x00000007be700000,0x00000007be700000,0x00000007bf380000)
 ParOldGen       total 640512K, used 257664K [0x00000006c1800000, 0x00000006e8980000, 0x00000007b9c00000)
  object space 640512K, 40% used [0x00000006c1800000,0x00000006d13a0000,0x00000006e8980000)
 Metaspace       used 2707K, capacity 4486K, committed 4864K, reserved 1056768K
  class space    used 302K, capacity 386K, committed 512K, reserved 1048576K
Heap after GC invocations=701 (full 36):
 PSYoungGen      total 89600K, used 12800K [0x00000007b9c00000, 0x00000007c0000000, 0x00000007c0000000)
  eden space 76800K, 0% used [0x00000007b9c00000,0x00000007b9c00000,0x00000007be700000)
  from space 12800K, 100% used [0x00000007be700000,0x00000007bf380000,0x00000007bf380000)
  to   space 12800K, 0% used [0x00000007bf380000,0x00000007bf380000,0x00000007c0000000)
 ParOldGen       total 640512K, used 277824K [0x00000006c1800000, 0x00000006e8980000, 0x00000007b9c00000)
  object space 640512K, 43% used [0x00000006c1800000,0x00000006d2750000,0x00000006e8980000)
 Metaspace       used 2707K, capacity 4486K, committed 4864K, reserved 1056768K
  class space    used 302K, capacity 386K, committed 512K, reserved 1048576K
}
{Heap before GC invocations=702 (full 36):
 PSYoungGen      total 89600K, used 89600K [0x00000007b9c00000, 0x00000007c0000000, 0x00000007c0000000)
  eden space 76800K, 100% used [0x00000007b9c00000,0x00000007be700000,0x00000007be700000)
  from space 12800K, 100% used [0x00000007be700000,0x00000007bf380000,0x00000007bf380000)
  to   space 12800K, 0% used [0x00000007bf380000,0x00000007bf380000,0x00000007c0000000)
 ParOldGen       total 640512K, used 277824K [0x00000006c1800000, 0x00000006e8980000, 0x00000007b9c00000)
  object space 640512K, 43% used [0x00000006c1800000,0x00000006d2750000,0x00000006e8980000)
 Metaspace       used 2707K, capacity 4486K, committed 4864K, reserved 1056768K
  class space    used 302K, capacity 386K, committed 512K, reserved 1048576K
Heap after GC invocations=702 (full 36):
 PSYoungGen      total 89600K, used 12800K [0x00000007b9c00000, 0x00000007c0000000, 0x00000007c0000000)
  eden space 76800K, 0% used [0x00000007b9c00000,0x00000007b9c00000,0x00000007be700000)
  from space 12800K, 100% used [0x00000007bf380000,0x00000007c0000000,0x00000007c0000000)
  to   space 12800K, 0% used [0x00000007be700000,0x00000007be700000,0x00000007bf380000)
 ParOldGen       total 640512K, used 297984K [0x00000006c1800000, 0x00000006e8980000, 0x00000007b9c00000)
  object space 640512K, 46% used [0x00000006c1800000,0x00000006d3b00000,0x00000006e8980000)
 Metaspace       used 2707K, capacity 4486K, committed 4864K, reserved 1056768K
  class space    used 302K, capacity 386K, committed 512K, reserved 1048576K
}
{Heap before GC invocations=703 (full 36):
 PSYoungGen      total 89600K, used 89600K [0x00000007b9c00000, 0x00000007c0000000, 0x00000007c0000000)
  eden space 76800K, 100% used [0x00000007b9c00000,0x00000007be700000,0x00000007be700000)
  from space 12800K, 100% used [0x00000007bf380000,0x00000007c0000000,0x00000007c0000000)
  to   space 12800K, 0% used [0x00000007be700000,0x00000007be700000,0x00000007bf380000)
 ParOldGen       total 640512K, used 297984K [0x00000006c1800000, 0x00000006e8980000, 0x00000007b9c00000)
  object space 640512K, 46% used [0x00000006c1800000,0x00000006d3b00000,0x00000006e8980000)
 Metaspace       used 2707K, capacity 4486K, committed 4864K, reserved 1056768K
  class space    used 302K, capacity 386K, committed 512K, reserved 1048576K
Heap after GC invocations=703 (full 36):
 PSYoungGen      total 89600K, used 12800K [0x00000007b9c00000, 0x00000007c0000000, 0x00000007c0000000)
  eden space 76800K, 0% used [0x00000007b9c00000,0x00000007b9c00000,0x00000007be700000)
  from space 12800K, 100% used [0x00000007be700000,0x00000007bf380000,0x00000007bf380000)
  to   space 12800K, 0% used [0x00000007bf380000,0x00000007bf380000,0x00000007c0000000)
 ParOldGen       total 640512K, used 318152K [0x00000006c1800000, 0x00000006e8980000, 0x00000007b9c00000)
  object space 640512K, 49% used [0x00000006c1800000,0x00000006d4eb2000,0x00000006e8980000)
 Metaspace       used 2707K, capacity 4486K, committed 4864K, reserved 1056768K
  class space    used 302K, capacity 386K, committed 512K, reserved 1048576K
}
{Heap before GC invocations=704 (full 36):
 PSYoungGen      total 89600K, used 89600K [0x00000007b9c00000, 0x00000007c0000000, 0x00000007c0000000)
  eden space 76800K, 100% used [0x00000007b9c00000,0x00000007be700000,0x00000007be700000)
  from space 12800K, 100% used [0x00000007be700000,0x00000007bf380000,0x00000007bf380000)
  to   space 12800K, 0% used [0x00000007bf380000,0x00000007bf380000,0x00000007c0000000)
 ParOldGen       total 640512K, used 318152K [0x00000006c1800000, 0x00000006e8980000, 0x00000007b9c00000)
  object space 640512K, 49% used [0x00000006c1800000,0x00000006d4eb2000,0x00000006e8980000)
 Metaspace       used 2707K, capacity 4486K, committed 4864K, reserved 1056768K
  class space    used 302K, capacity 386K, committed 512K, reserved 1048576K
Heap after GC invocations=704 (full 36):
 PSYoungGen      total 89600K, used 12800K [0x00000007b9c00000, 0x00000007c0000000, 0x00000007c0000000)
  eden space 76800K, 0% used [0x00000007b9c00000,0x00000007b9c00000,0x00000007be700000)
  from space 12800K, 100% used [0x00000007bf380000,0x00000007c0000000,0x00000007c0000000)
  to   space 12800K, 0% used [0x00000007be700000,0x00000007be700000,0x00000007bf380000)
 ParOldGen       total 640512K, used 338328K [0x00000006c1800000, 0x00000006e8980000, 0x00000007b9c00000)
  object space 640512K, 52% used [0x00000006c1800000,0x00000006d6266000,0x00000006e8980000)
 Metaspace       used 2707K, capacity 4486K, committed 4864K, reserved 1056768K
  class space    used 302K, capacity 386K, committed 512K, reserved 1048576K
}
{Heap before GC invocations=705 (full 36):
 PSYoungGen      total 89600K, used 89600K [0x00000007b9c00000, 0x00000007c0000000, 0x00000007c0000000)
  eden space 76800K, 100% used [0x00000007b9c00000,0x00000007be700000,0x00000007be700000)
  from space 12800K, 100% used [0x00000007bf380000,0x00000007c0000000,0x00000007c0000000)
  to   space 12800K, 0% used [0x00000007be700000,0x00000007be700000,0x00000007bf380000)
 ParOldGen       total 640512K, used 338328K [0x00000006c1800000, 0x00000006e8980000, 0x00000007b9c00000)
  object space 640512K, 52% used [0x00000006c1800000,0x00000006d6266000,0x00000006e8980000)
 Metaspace       used 2707K, capacity 4486K, committed 4864K, reserved 1056768K
  class space    used 302K, capacity 386K, committed 512K, reserved 1048576K
Heap after GC invocations=705 (full 36):
 PSYoungGen      total 89600K, used 12800K [0x00000007b9c00000, 0x00000007c0000000, 0x00000007c0000000)
  eden space 76800K, 0% used [0x00000007b9c00000,0x00000007b9c00000,0x00000007be700000)
  from space 12800K, 100% used [0x00000007be700000,0x00000007bf380000,0x00000007bf380000)
  to   space 12800K, 0% used [0x00000007bf380000,0x00000007bf380000,0x00000007c0000000)
 ParOldGen       total 640512K, used 358488K [0x00000006c1800000, 0x00000006e8980000, 0x00000007b9c00000)
  object space 640512K, 55% used [0x00000006c1800000,0x00000006d7616000,0x00000006e8980000)
 Metaspace       used 2707K, capacity 4486K, committed 4864K, reserved 1056768K
  class space    used 302K, capacity 386K, committed 512K, reserved 1048576K
}
{Heap before GC invocations=706 (full 36):
 PSYoungGen      total 89600K, used 89600K [0x00000007b9c00000, 0x00000007c0000000, 0x00000007c0000000)
  eden space 76800K, 100% used [0x00000007b9c00000,0x00000007be700000,0x00000007be700000)
  from space 12800K, 100% used [0x00000007be700000,0x00000007bf380000,0x00000007bf380000)
  to   space 12800K, 0% used [0x00000007bf380000,0x00000007bf380000,0x00000007c0000000)
 ParOldGen       total 640512K, used 358488K [0x00000006c1800000, 0x00000006e8980000, 0x00000007b9c00000)
  object space 640512K, 55% used [0x00000006c1800000,0x00000006d7616000,0x00000006e8980000)
 Metaspace       used 2707K, capacity 4486K, committed 4864K, reserved 1056768K
  class space    used 302K, capacity 386K, committed 512K, reserved 1048576K
Heap after GC invocations=706 (full 36):
 PSYoungGen      total 89600K, used 12800K [0x00000007b9c00000, 0x00000007c0000000, 0x00000007c0000000)
  eden space 76800K, 0% used [0x00000007b9c00000,0x00000007b9c00000,0x00000007be700000)
  from space 12800K, 100% used [0x00000007bf380000,0x00000007c0000000,0x00000007c0000000)
  to   space 12800K, 0% used [0x00000007be700000,0x00000007be700000,0x00000007bf380000)
 ParOldGen       total 640512K, used 378656K [0x00000006c1800000, 0x00000006e8980000, 0x00000007b9c00000)
  object space 640512K, 59% used [0x00000006c1800000,0x00000006d89c8000,0x00000006e8980000)
 Metaspace       used 2707K, capacity 4486K, committed 4864K, reserved 1056768K
  class space    used 302K, capacity 386K, committed 512K, reserved 1048576K
}
{Heap before GC invocations=707 (full 36):
 PSYoungGen      total 89600K, used 89600K [0x00000007b9c00000, 0x00000007c0000000, 0x00000007c0000000)
  eden space 76800K, 100% used [0x00000007b9c00000,0x00000007be700000,0x00000007be700000)
  from space 12800K, 100% used [0x00000007bf380000,0x00000007c0000000,0x00000007c0000000)
  to   space 12800K, 0% used [0x00000007be700000,0x00000007be700000,0x00000007bf380000)
 ParOldGen       total 640512K, used 378656K [0x00000006c1800000, 0x00000006e8980000, 0x00000007b9c00000)
  object space 640512K, 59% used [0x00000006c1800000,0x00000006d89c8000,0x00000006e8980000)
 Metaspace       used 2707K, capacity 4486K, committed 4864K, reserved 1056768K
  class space    used 302K, capacity 386K, committed 512K, reserved 1048576K
Heap after GC invocations=707 (full 36):
 PSYoungGen      total 89600K, used 12800K [0x00000007b9c00000, 0x00000007c0000000, 0x00000007c0000000)
  eden space 76800K, 0% used [0x00000007b9c00000,0x00000007b9c00000,0x00000007be700000)
  from space 12800K, 100% used [0x00000007be700000,0x00000007bf380000,0x00000007bf380000)
  to   space 12800K, 0% used [0x00000007bf380000,0x00000007bf380000,0x00000007c0000000)
 ParOldGen       total 640512K, used 398816K [0x00000006c1800000, 0x00000006e8980000, 0x00000007b9c00000)
  object space 640512K, 62% used [0x00000006c1800000,0x00000006d9d78000,0x00000006e8980000)
 Metaspace       used 2707K, capacity 4486K, committed 4864K, reserved 1056768K
  class space    used 302K, capacity 386K, committed 512K, reserved 1048576K
}
{Heap before GC invocations=708 (full 36):
 PSYoungGen      total 89600K, used 89600K [0x00000007b9c00000, 0x00000007c0000000, 0x00000007c0000000)
  eden space 76800K, 100% used [0x00000007b9c00000,0x00000007be700000,0x00000007be700000)
  from space 12800K, 100% used [0x00000007be700000,0x00000007bf380000,0x00000007bf380000)
  to   space 12800K, 0% used [0x00000007bf380000,0x00000007bf380000,0x00000007c0000000)
 ParOldGen       total 640512K, used 398816K [0x00000006c1800000, 0x00000006e8980000, 0x00000007b9c00000)
  object space 640512K, 62% used [0x00000006c1800000,0x00000006d9d78000,0x00000006e8980000)
 Metaspace       used 2707K, capacity 4486K, committed 4864K, reserved 1056768K
  class space    used 302K, capacity 386K, committed 512K, reserved 1048576K
Heap after GC invocations=708 (full 36):
 PSYoungGen      total 89600K, used 12800K [0x00000007b9c00000, 0x00000007c0000000, 0x00000007c0000000)
  eden space 76800K, 0% used [0x00000007b9c00000,0x00000007b9c00000,0x00000007be700000)
  from space 12800K, 100% used [0x00000007bf380000,0x00000007c0000000,0x00000007c0000000)
  to   space 12800K, 0% used [0x00000007be700000,0x00000007be700000,0x00000007bf380000)
 ParOldGen       total 640512K, used 418984K [0x00000006c1800000, 0x00000006e8980000, 0x00000007b9c00000)
  object space 640512K, 65% used [0x00000006c1800000,0x00000006db12a000,0x00000006e8980000)
 Metaspace       used 2707K, capacity 4486K, committed 4864K, reserved 1056768K
  class space    used 302K, capacity 386K, committed 512K, reserved 1048576K
}
{Heap before GC invocations=709 (full 36):
 PSYoungGen      total 89600K, used 89600K [0x00000007b9c00000, 0x00000007c0000000, 0x00000007c0000000)
  eden space 76800K, 100% used [0x00000007b9c00000,0x00000007be700000,0x00000007be700000)
  from space 12800K, 100% used [0x00000007bf380000,0x00000007c0000000,0x00000007c0000000)
  to   space 12800K, 0% used [0x00000007be700000,0x00000007be700000,0x00000007bf380000)
 ParOldGen       total 640512K, used 418984K [0x00000006c1800000, 0x00000006e8980000, 0x00000007b9c00000)
  object space 640512K, 65% used [0x00000006c1800000,0x00000006db12a000,0x00000006e8980000)
 Metaspace       used 2707K, capacity 4486K, committed 4864K, reserved 1056768K
  class space    used 302K, capacity 386K, committed 512K, reserved 1048576K
Heap after GC invocations=709 (full 36):
 PSYoungGen      total 89600K, used 12800K [0x00000007b9c00000, 0x00000007c0000000, 0x00000007c0000000)
  eden space 76800K, 0% used [0x00000007b9c00000,0x00000007b9c00000,0x00000007be700000)
  from space 12800K, 100% used [0x00000007be700000,0x00000007bf380000,0x00000007bf380000)
  to   space 12800K, 0% used [0x00000007bf380000,0x00000007bf380000,0x00000007c0000000)
 ParOldGen       total 640512K, used 439152K [0x00000006c1800000, 0x00000006e8980000, 0x00000007b9c00000)
  object space 640512K, 68% used [0x00000006c1800000,0x00000006dc4dc000,0x00000006e8980000)
 Metaspace       used 2707K, capacity 4486K, committed 4864K, reserved 1056768K
  class space    used 302K, capacity 386K, committed 512K, reserved 1048576K
}
{Heap before GC invocations=710 (full 36):
 PSYoungGen      total 89600K, used 89600K [0x00000007b9c00000, 0x00000007c0000000, 0x00000007c0000000)
  eden space 76800K, 100% used [0x00000007b9c00000,0x00000007be700000,0x00000007be700000)
  from space 12800K, 100% used [0x00000007be700000,0x00000007bf380000,0x00000007bf380000)
  to   space 12800K, 0% used [0x00000007bf380000,0x00000007bf380000,0x00000007c0000000)
 ParOldGen       total 640512K, used 439152K [0x00000006c1800000, 0x00000006e8980000, 0x00000007b9c00000)
  object space 640512K, 68% used [0x00000006c1800000,0x00000006dc4dc000,0x00000006e8980000)
 Metaspace       used 2707K, capacity 4486K, committed 4864K, reserved 1056768K
  class space    used 302K, capacity 386K, committed 512K, reserved 1048576K
Heap after GC invocations=710 (full 36):
 PSYoungGen      total 89600K, used 12800K [0x00000007b9c00000, 0x00000007c0000000, 0x00000007c0000000)
  eden space 76800K, 0% used [0x00000007b9c00000,0x00000007b9c00000,0x00000007be700000)
  from space 12800K, 100% used [0x00000007bf380000,0x00000007c0000000,0x00000007c0000000)
  to   space 12800K, 0% used [0x00000007be700000,0x00000007be700000,0x00000007bf380000)
 ParOldGen       total 640512K, used 459320K [0x00000006c1800000, 0x00000006e8980000, 0x00000007b9c00000)
  object space 640512K, 71% used [0x00000006c1800000,0x00000006dd88e000,0x00000006e8980000)
 Metaspace       used 2707K, capacity 4486K, committed 4864K, reserved 1056768K
  class space    used 302K, capacity 386K, committed 512K, reserved 1048576K
}
{Heap before GC invocations=711 (full 36):
 PSYoungGen      total 89600K, used 89600K [0x00000007b9c00000, 0x00000007c0000000, 0x00000007c0000000)
  eden space 76800K, 100% used [0x00000007b9c00000,0x00000007be700000,0x00000007be700000)
  from space 12800K, 100% used [0x00000007bf380000,0x00000007c0000000,0x00000007c0000000)
  to   space 12800K, 0% used [0x00000007be700000,0x00000007be700000,0x00000007bf380000)
 ParOldGen       total 640512K, used 459320K [0x00000006c1800000, 0x00000006e8980000, 0x00000007b9c00000)
  object space 640512K, 71% used [0x00000006c1800000,0x00000006dd88e000,0x00000006e8980000)
 Metaspace       used 2707K, capacity 4486K, committed 4864K, reserved 1056768K
  class space    used 302K, capacity 386K, committed 512K, reserved 1048576K
Heap after GC invocations=711 (full 36):
 PSYoungGen      total 89600K, used 12800K [0x00000007b9c00000, 0x00000007c0000000, 0x00000007c0000000)
  eden space 76800K, 0% used [0x00000007b9c00000,0x00000007b9c00000,0x00000007be700000)
  from space 12800K, 100% used [0x00000007be700000,0x00000007bf380000,0x00000007bf380000)
  to   space 12800K, 0% used [0x00000007bf380000,0x00000007bf380000,0x00000007c0000000)
 ParOldGen       total 640512K, used 479488K [0x00000006c1800000, 0x00000006e8980000, 0x00000007b9c00000)
  object space 640512K, 74% used [0x00000006c1800000,0x00000006dec40000,0x00000006e8980000)
 Metaspace       used 2707K, capacity 4486K, committed 4864K, reserved 1056768K
  class space    used 302K, capacity 386K, committed 512K, reserved 1048576K
}
{Heap before GC invocations=712 (full 36):
 PSYoungGen      total 89600K, used 89600K [0x00000007b9c00000, 0x00000007c0000000, 0x00000007c0000000)
  eden space 76800K, 100% used [0x00000007b9c00000,0x00000007be700000,0x00000007be700000)
  from space 12800K, 100% used [0x00000007be700000,0x00000007bf380000,0x00000007bf380000)
  to   space 12800K, 0% used [0x00000007bf380000,0x00000007bf380000,0x00000007c0000000)
 ParOldGen       total 640512K, used 479488K [0x00000006c1800000, 0x00000006e8980000, 0x00000007b9c00000)
  object space 640512K, 74% used [0x00000006c1800000,0x00000006dec40000,0x00000006e8980000)
 Metaspace       used 2707K, capacity 4486K, committed 4864K, reserved 1056768K
  class space    used 302K, capacity 386K, committed 512K, reserved 1048576K
Heap after GC invocations=712 (full 36):
 PSYoungGen      total 89600K, used 12800K [0x00000007b9c00000, 0x00000007c0000000, 0x00000007c0000000)
  eden space 76800K, 0% used [0x00000007b9c00000,0x00000007b9c00000,0x00000007be700000)
  from space 12800K, 100% used [0x00000007bf380000,0x00000007c0000000,0x00000007c0000000)
  to   space 12800K, 0% used [0x00000007be700000,0x00000007be700000,0x00000007bf380000)
 ParOldGen       total 640512K, used 499656K [0x00000006c1800000, 0x00000006e8980000, 0x00000007b9c00000)
  object space 640512K, 78% used [0x00000006c1800000,0x00000006dfff2000,0x00000006e8980000)
 Metaspace       used 2707K, capacity 4486K, committed 4864K, reserved 1056768K
  class space    used 302K, capacity 386K, committed 512K, reserved 1048576K
}
{Heap before GC invocations=713 (full 36):
 PSYoungGen      total 89600K, used 89600K [0x00000007b9c00000, 0x00000007c0000000, 0x00000007c0000000)
  eden space 76800K, 100% used [0x00000007b9c00000,0x00000007be700000,0x00000007be700000)
  from space 12800K, 100% used [0x00000007bf380000,0x00000007c0000000,0x00000007c0000000)
  to   space 12800K, 0% used [0x00000007be700000,0x00000007be700000,0x00000007bf380000)
 ParOldGen       total 640512K, used 499656K [0x00000006c1800000, 0x00000006e8980000, 0x00000007b9c00000)
  object space 640512K, 78% used [0x00000006c1800000,0x00000006dfff2000,0x00000006e8980000)
 Metaspace       used 2707K, capacity 4486K, committed 4864K, reserved 1056768K
  class space    used 302K, capacity 386K, committed 512K, reserved 1048576K
Heap after GC invocations=713 (full 36):
 PSYoungGen      total 89600K, used 12800K [0x00000007b9c00000, 0x00000007c0000000, 0x00000007c0000000)
  eden space 76800K, 0% used [0x00000007b9c00000,0x00000007b9c00000,0x00000007be700000)
  from space 12800K, 100% used [0x00000007be700000,0x00000007bf380000,0x00000007bf380000)
  to   space 12800K, 0% used [0x00000007bf380000,0x00000007bf380000,0x00000007c0000000)
 ParOldGen       total 640512K, used 519824K [0x00000006c1800000, 0x00000006e8980000, 0x00000007b9c00000)
  object space 640512K, 81% used [0x00000006c1800000,0x00000006e13a4000,0x00000006e8980000)
 Metaspace       used 2707K, capacity 4486K, committed 4864K, reserved 1056768K
  class space    used 302K, capacity 386K, committed 512K, reserved 1048576K
}
{Heap before GC invocations=714 (full 36):
 PSYoungGen      total 89600K, used 89600K [0x00000007b9c00000, 0x00000007c0000000, 0x00000007c0000000)
  eden space 76800K, 100% used [0x00000007b9c00000,0x00000007be700000,0x00000007be700000)
  from space 12800K, 100% used [0x00000007be700000,0x00000007bf380000,0x00000007bf380000)
  to   space 12800K, 0% used [0x00000007bf380000,0x00000007bf380000,0x00000007c0000000)
 ParOldGen       total 640512K, used 519824K [0x00000006c1800000, 0x00000006e8980000, 0x00000007b9c00000)
  object space 640512K, 81% used [0x00000006c1800000,0x00000006e13a4000,0x00000006e8980000)
 Metaspace       used 2707K, capacity 4486K, committed 4864K, reserved 1056768K
  class space    used 302K, capacity 386K, committed 512K, reserved 1048576K
Heap after GC invocations=714 (full 36):
 PSYoungGen      total 89600K, used 12800K [0x00000007b9c00000, 0x00000007c0000000, 0x00000007c0000000)
  eden space 76800K, 0% used [0x00000007b9c00000,0x00000007b9c00000,0x00000007be700000)
  from space 12800K, 100% used [0x00000007bf380000,0x00000007c0000000,0x00000007c0000000)
  to   space 12800K, 0% used [0x00000007be700000,0x00000007be700000,0x00000007bf380000)
 ParOldGen       total 640512K, used 539992K [0x00000006c1800000, 0x00000006e8980000, 0x00000007b9c00000)
  object space 640512K, 84% used [0x00000006c1800000,0x00000006e2756000,0x00000006e8980000)
 Metaspace       used 2707K, capacity 4486K, committed 4864K, reserved 1056768K
  class space    used 302K, capacity 386K, committed 512K, reserved 1048576K
}
{Heap before GC invocations=715 (full 36):
 PSYoungGen      total 89600K, used 89600K [0x00000007b9c00000, 0x00000007c0000000, 0x00000007c0000000)
  eden space 76800K, 100% used [0x00000007b9c00000,0x00000007be700000,0x00000007be700000)
  from space 12800K, 100% used [0x00000007bf380000,0x00000007c0000000,0x00000007c0000000)
  to   space 12800K, 0% used [0x00000007be700000,0x00000007be700000,0x00000007bf380000)
 ParOldGen       total 640512K, used 539992K [0x00000006c1800000, 0x00000006e8980000, 0x00000007b9c00000)
  object space 640512K, 84% used [0x00000006c1800000,0x00000006e2756000,0x00000006e8980000)
 Metaspace       used 2707K, capacity 4486K, committed 4864K, reserved 1056768K
  class space    used 302K, capacity 386K, committed 512K, reserved 1048576K
Heap after GC invocations=715 (full 36):
 PSYoungGen      total 89600K, used 12800K [0x00000007b9c00000, 0x00000007c0000000, 0x00000007c0000000)
  eden space 76800K, 0% used [0x00000007b9c00000,0x00000007b9c00000,0x00000007be700000)
  from space 12800K, 100% used [0x00000007be700000,0x00000007bf380000,0x00000007bf380000)
  to   space 12800K, 0% used [0x00000007bf380000,0x00000007bf380000,0x00000007c0000000)
 ParOldGen       total 640512K, used 560152K [0x00000006c1800000, 0x00000006e8980000, 0x00000007b9c00000)
  object space 640512K, 87% used [0x00000006c1800000,0x00000006e3b06000,0x00000006e8980000)
 Metaspace       used 2707K, capacity 4486K, committed 4864K, reserved 1056768K
  class space    used 302K, capacity 386K, committed 512K, reserved 1048576K
}
{Heap before GC invocations=716 (full 36):
 PSYoungGen      total 89600K, used 89600K [0x00000007b9c00000, 0x00000007c0000000, 0x00000007c0000000)
  eden space 76800K, 100% used [0x00000007b9c00000,0x00000007be700000,0x00000007be700000)
  from space 12800K, 100% used [0x00000007be700000,0x00000007bf380000,0x00000007bf380000)
  to   space 12800K, 0% used [0x00000007bf380000,0x00000007bf380000,0x00000007c0000000)
 ParOldGen       total 640512K, used 560152K [0x00000006c1800000, 0x00000006e8980000, 0x00000007b9c00000)
  object space 640512K, 87% used [0x00000006c1800000,0x00000006e3b06000,0x00000006e8980000)
 Metaspace       used 2707K, capacity 4486K, committed 4864K, reserved 1056768K
  class space    used 302K, capacity 386K, committed 512K, reserved 1048576K
Heap after GC invocations=716 (full 36):
 PSYoungGen      total 89600K, used 12800K [0x00000007b9c00000, 0x00000007c0000000, 0x00000007c0000000)
  eden space 76800K, 0% used [0x00000007b9c00000,0x00000007b9c00000,0x00000007be700000)
  from space 12800K, 100% used [0x00000007bf380000,0x00000007c0000000,0x00000007c0000000)
  to   space 12800K, 0% used [0x00000007be700000,0x00000007be700000,0x00000007bf380000)
 ParOldGen       total 640512K, used 580320K [0x00000006c1800000, 0x00000006e8980000, 0x00000007b9c00000)
  object space 640512K, 90% used [0x00000006c1800000,0x00000006e4eb8000,0x00000006e8980000)
 Metaspace       used 2707K, capacity 4486K, committed 4864K, reserved 1056768K
  class space    used 302K, capacity 386K, committed 512K, reserved 1048576K
}
{Heap before GC invocations=717 (full 36):
 PSYoungGen      total 89600K, used 89600K [0x00000007b9c00000, 0x00000007c0000000, 0x00000007c0000000)
  eden space 76800K, 100% used [0x00000007b9c00000,0x00000007be700000,0x00000007be700000)
  from space 12800K, 100% used [0x00000007bf380000,0x00000007c0000000,0x00000007c0000000)
  to   space 12800K, 0% used [0x00000007be700000,0x00000007be700000,0x00000007bf380000)
 ParOldGen       total 640512K, used 580320K [0x00000006c1800000, 0x00000006e8980000, 0x00000007b9c00000)
  object space 640512K, 90% used [0x00000006c1800000,0x00000006e4eb8000,0x00000006e8980000)
 Metaspace       used 2707K, capacity 4486K, committed 4864K, reserved 1056768K
  class space    used 302K, capacity 386K, committed 512K, reserved 1048576K
Heap after GC invocations=717 (full 36):
 PSYoungGen      total 89600K, used 12800K [0x00000007b9c00000, 0x00000007c0000000, 0x00000007c0000000)
  eden space 76800K, 0% used [0x00000007b9c00000,0x00000007b9c00000,0x00000007be700000)
  from space 12800K, 100% used [0x00000007be700000,0x00000007bf380000,0x00000007bf380000)
  to   space 12800K, 0% used [0x00000007bf380000,0x00000007bf380000,0x00000007c0000000)
 ParOldGen       total 640512K, used 600496K [0x00000006c1800000, 0x00000006e8980000, 0x00000007b9c00000)
  object space 640512K, 93% used [0x00000006c1800000,0x00000006e626c000,0x00000006e8980000)
 Metaspace       used 2707K, capacity 4486K, committed 4864K, reserved 1056768K
  class space    used 302K, capacity 386K, committed 512K, reserved 1048576K
}
{Heap before GC invocations=718 (full 36):
 PSYoungGen      total 89600K, used 89600K [0x00000007b9c00000, 0x00000007c0000000, 0x00000007c0000000)
  eden space 76800K, 100% used [0x00000007b9c00000,0x00000007be700000,0x00000007be700000)
  from space 12800K, 100% used [0x00000007be700000,0x00000007bf380000,0x00000007bf380000)
  to   space 12800K, 0% used [0x00000007bf380000,0x00000007bf380000,0x00000007c0000000)
 ParOldGen       total 640512K, used 600496K [0x00000006c1800000, 0x00000006e8980000, 0x00000007b9c00000)
  object space 640512K, 93% used [0x00000006c1800000,0x00000006e626c000,0x00000006e8980000)
 Metaspace       used 2707K, capacity 4486K, committed 4864K, reserved 1056768K
  class space    used 302K, capacity 386K, committed 512K, reserved 1048576K
Heap after GC invocations=718 (full 36):
 PSYoungGen      total 89600K, used 12800K [0x00000007b9c00000, 0x00000007c0000000, 0x00000007c0000000)
  eden space 76800K, 0% used [0x00000007b9c00000,0x00000007b9c00000,0x00000007be700000)
  from space 12800K, 100% used [0x00000007bf380000,0x00000007c0000000,0x00000007c0000000)
  to   space 12800K, 0% used [0x00000007be700000,0x00000007be700000,0x00000007bf380000)
 ParOldGen       total 640512K, used 620656K [0x00000006c1800000, 0x00000006e8980000, 0x00000007b9c00000)
  object space 640512K, 96% used [0x00000006c1800000,0x00000006e761c000,0x00000006e8980000)
 Metaspace       used 2707K, capacity 4486K, committed 4864K, reserved 1056768K
  class space    used 302K, capacity 386K, committed 512K, reserved 1048576K
}
{Heap before GC invocations=719 (full 37):
 PSYoungGen      total 89600K, used 12800K [0x00000007b9c00000, 0x00000007c0000000, 0x00000007c0000000)
  eden space 76800K, 0% used [0x00000007b9c00000,0x00000007b9c00000,0x00000007be700000)
  from space 12800K, 100% used [0x00000007bf380000,0x00000007c0000000,0x00000007c0000000)
  to   space 12800K, 0% used [0x00000007be700000,0x00000007be700000,0x00000007bf380000)
 ParOldGen       total 640512K, used 620656K [0x00000006c1800000, 0x00000006e8980000, 0x00000007b9c00000)
  object space 640512K, 96% used [0x00000006c1800000,0x00000006e761c000,0x00000006e8980000)
 Metaspace       used 2707K, capacity 4486K, committed 4864K, reserved 1056768K
  class space    used 302K, capacity 386K, committed 512K, reserved 1048576K
Heap after GC invocations=719 (full 37):
 PSYoungGen      total 89600K, used 0K [0x00000007b9c00000, 0x00000007c0000000, 0x00000007c0000000)
  eden space 76800K, 0% used [0x00000007b9c00000,0x00000007b9c00000,0x00000007be700000)
  from space 12800K, 0% used [0x00000007bf380000,0x00000007bf380000,0x00000007c0000000)
  to   space 12800K, 0% used [0x00000007be700000,0x00000007be700000,0x00000007bf380000)
 ParOldGen       total 652800K, used 35840K [0x00000006c1800000, 0x00000006e9580000, 0x00000007b9c00000)
  object space 652800K, 5% used [0x00000006c1800000,0x00000006c3b00000,0x00000006e9580000)
 Metaspace       used 2707K, capacity 4486K, committed 4864K, reserved 1056768K
  class space    used 302K, capacity 386K, committed 512K, reserved 1048576K
}
{Heap before GC invocations=720 (full 37):
 PSYoungGen      total 89600K, used 76800K [0x00000007b9c00000, 0x00000007c0000000, 0x00000007c0000000)
  eden space 76800K, 100% used [0x00000007b9c00000,0x00000007be700000,0x00000007be700000)
  from space 12800K, 0% used [0x00000007bf380000,0x00000007bf380000,0x00000007c0000000)
  to   space 12800K, 0% used [0x00000007be700000,0x00000007be700000,0x00000007bf380000)
 ParOldGen       total 652800K, used 35840K [0x00000006c1800000, 0x00000006e9580000, 0x00000007b9c00000)
  object space 652800K, 5% used [0x00000006c1800000,0x00000006c3b00000,0x00000006e9580000)
 Metaspace       used 2707K, capacity 4486K, committed 4864K, reserved 1056768K
  class space    used 302K, capacity 386K, committed 512K, reserved 1048576K
Heap after GC invocations=720 (full 37):
 PSYoungGen      total 89600K, used 12800K [0x00000007b9c00000, 0x00000007c0000000, 0x00000007c0000000)
  eden space 76800K, 0% used [0x00000007b9c00000,0x00000007b9c00000,0x00000007be700000)
  from space 12800K, 100% used [0x00000007be700000,0x00000007bf380000,0x00000007bf380000)
  to   space 12800K, 0% used [0x00000007bf380000,0x00000007bf380000,0x00000007c0000000)
 ParOldGen       total 652800K, used 56008K [0x00000006c1800000, 0x00000006e9580000, 0x00000007b9c00000)
  object space 652800K, 8% used [0x00000006c1800000,0x00000006c4eb2000,0x00000006e9580000)
 Metaspace       used 2707K, capacity 4486K, committed 4864K, reserved 1056768K
  class space    used 302K, capacity 386K, committed 512K, reserved 1048576K
}
{Heap before GC invocations=721 (full 37):
 PSYoungGen      total 89600K, used 89600K [0x00000007b9c00000, 0x00000007c0000000, 0x00000007c0000000)
  eden space 76800K, 100% used [0x00000007b9c00000,0x00000007be700000,0x00000007be700000)
  from space 12800K, 100% used [0x00000007be700000,0x00000007bf380000,0x00000007bf380000)
  to   space 12800K, 0% used [0x00000007bf380000,0x00000007bf380000,0x00000007c0000000)
 ParOldGen       total 652800K, used 56008K [0x00000006c1800000, 0x00000006e9580000, 0x00000007b9c00000)
  object space 652800K, 8% used [0x00000006c1800000,0x00000006c4eb2000,0x00000006e9580000)
 Metaspace       used 2707K, capacity 4486K, committed 4864K, reserved 1056768K
  class space    used 302K, capacity 386K, committed 512K, reserved 1048576K
Heap after GC invocations=721 (full 37):
 PSYoungGen      total 89600K, used 12800K [0x00000007b9c00000, 0x00000007c0000000, 0x00000007c0000000)
  eden space 76800K, 0% used [0x00000007b9c00000,0x00000007b9c00000,0x00000007be700000)
  from space 12800K, 100% used [0x00000007bf380000,0x00000007c0000000,0x00000007c0000000)
  to   space 12800K, 0% used [0x00000007be700000,0x00000007be700000,0x00000007bf380000)
 ParOldGen       total 652800K, used 76168K [0x00000006c1800000, 0x00000006e9580000, 0x00000007b9c00000)
  object space 652800K, 11% used [0x00000006c1800000,0x00000006c6262000,0x00000006e9580000)
 Metaspace       used 2707K, capacity 4486K, committed 4864K, reserved 1056768K
  class space    used 302K, capacity 386K, committed 512K, reserved 1048576K
}
{Heap before GC invocations=722 (full 37):
 PSYoungGen      total 89600K, used 89600K [0x00000007b9c00000, 0x00000007c0000000, 0x00000007c0000000)
  eden space 76800K, 100% used [0x00000007b9c00000,0x00000007be700000,0x00000007be700000)
  from space 12800K, 100% used [0x00000007bf380000,0x00000007c0000000,0x00000007c0000000)
  to   space 12800K, 0% used [0x00000007be700000,0x00000007be700000,0x00000007bf380000)
 ParOldGen       total 652800K, used 76168K [0x00000006c1800000, 0x00000006e9580000, 0x00000007b9c00000)
  object space 652800K, 11% used [0x00000006c1800000,0x00000006c6262000,0x00000006e9580000)
 Metaspace       used 2707K, capacity 4486K, committed 4864K, reserved 1056768K
  class space    used 302K, capacity 386K, committed 512K, reserved 1048576K
Heap after GC invocations=722 (full 37):
 PSYoungGen      total 89600K, used 12800K [0x00000007b9c00000, 0x00000007c0000000, 0x00000007c0000000)
  eden space 76800K, 0% used [0x00000007b9c00000,0x00000007b9c00000,0x00000007be700000)
  from space 12800K, 100% used [0x00000007be700000,0x00000007bf380000,0x00000007bf380000)
  to   space 12800K, 0% used [0x00000007bf380000,0x00000007bf380000,0x00000007c0000000)
 ParOldGen       total 652800K, used 96328K [0x00000006c1800000, 0x00000006e9580000, 0x00000007b9c00000)
  object space 652800K, 14% used [0x00000006c1800000,0x00000006c7612000,0x00000006e9580000)
 Metaspace       used 2707K, capacity 4486K, committed 4864K, reserved 1056768K
  class space    used 302K, capacity 386K, committed 512K, reserved 1048576K
}
{Heap before GC invocations=723 (full 37):
 PSYoungGen      total 89600K, used 89600K [0x00000007b9c00000, 0x00000007c0000000, 0x00000007c0000000)
  eden space 76800K, 100% used [0x00000007b9c00000,0x00000007be700000,0x00000007be700000)
  from space 12800K, 100% used [0x00000007be700000,0x00000007bf380000,0x00000007bf380000)
  to   space 12800K, 0% used [0x00000007bf380000,0x00000007bf380000,0x00000007c0000000)
 ParOldGen       total 652800K, used 96328K [0x00000006c1800000, 0x00000006e9580000, 0x00000007b9c00000)
  object space 652800K, 14% used [0x00000006c1800000,0x00000006c7612000,0x00000006e9580000)
 Metaspace       used 2707K, capacity 4486K, committed 4864K, reserved 1056768K
  class space    used 302K, capacity 386K, committed 512K, reserved 1048576K
Heap after GC invocations=723 (full 37):
 PSYoungGen      total 89600K, used 12800K [0x00000007b9c00000, 0x00000007c0000000, 0x00000007c0000000)
  eden space 76800K, 0% used [0x00000007b9c00000,0x00000007b9c00000,0x00000007be700000)
  from space 12800K, 100% used [0x00000007bf380000,0x00000007c0000000,0x00000007c0000000)
  to   space 12800K, 0% used [0x00000007be700000,0x00000007be700000,0x00000007bf380000)
 ParOldGen       total 652800K, used 116496K [0x00000006c1800000, 0x00000006e9580000, 0x00000007b9c00000)
  object space 652800K, 17% used [0x00000006c1800000,0x00000006c89c4000,0x00000006e9580000)
 Metaspace       used 2707K, capacity 4486K, committed 4864K, reserved 1056768K
  class space    used 302K, capacity 386K, committed 512K, reserved 1048576K
}
{Heap before GC invocations=724 (full 37):
 PSYoungGen      total 89600K, used 89600K [0x00000007b9c00000, 0x00000007c0000000, 0x00000007c0000000)
  eden space 76800K, 100% used [0x00000007b9c00000,0x00000007be700000,0x00000007be700000)
  from space 12800K, 100% used [0x00000007bf380000,0x00000007c0000000,0x00000007c0000000)
  to   space 12800K, 0% used [0x00000007be700000,0x00000007be700000,0x00000007bf380000)
 ParOldGen       total 652800K, used 116496K [0x00000006c1800000, 0x00000006e9580000, 0x00000007b9c00000)
  object space 652800K, 17% used [0x00000006c1800000,0x00000006c89c4000,0x00000006e9580000)
 Metaspace       used 2707K, capacity 4486K, committed 4864K, reserved 1056768K
  class space    used 302K, capacity 386K, committed 512K, reserved 1048576K
Heap after GC invocations=724 (full 37):
 PSYoungGen      total 89600K, used 12800K [0x00000007b9c00000, 0x00000007c0000000, 0x00000007c0000000)
  eden space 76800K, 0% used [0x00000007b9c00000,0x00000007b9c00000,0x00000007be700000)
  from space 12800K, 100% used [0x00000007be700000,0x00000007bf380000,0x00000007bf380000)
  to   space 12800K, 0% used [0x00000007bf380000,0x00000007bf380000,0x00000007c0000000)
 ParOldGen       total 652800K, used 136672K [0x00000006c1800000, 0x00000006e9580000, 0x00000007b9c00000)
  object space 652800K, 20% used [0x00000006c1800000,0x00000006c9d78000,0x00000006e9580000)
 Metaspace       used 2707K, capacity 4486K, committed 4864K, reserved 1056768K
  class space    used 302K, capacity 386K, committed 512K, reserved 1048576K
}
{Heap before GC invocations=725 (full 37):
 PSYoungGen      total 89600K, used 89600K [0x00000007b9c00000, 0x00000007c0000000, 0x00000007c0000000)
  eden space 76800K, 100% used [0x00000007b9c00000,0x00000007be700000,0x00000007be700000)
  from space 12800K, 100% used [0x00000007be700000,0x00000007bf380000,0x00000007bf380000)
  to   space 12800K, 0% used [0x00000007bf380000,0x00000007bf380000,0x00000007c0000000)
 ParOldGen       total 652800K, used 136672K [0x00000006c1800000, 0x00000006e9580000, 0x00000007b9c00000)
  object space 652800K, 20% used [0x00000006c1800000,0x00000006c9d78000,0x00000006e9580000)
 Metaspace       used 2707K, capacity 4486K, committed 4864K, reserved 1056768K
  class space    used 302K, capacity 386K, committed 512K, reserved 1048576K
Heap after GC invocations=725 (full 37):
 PSYoungGen      total 89600K, used 12800K [0x00000007b9c00000, 0x00000007c0000000, 0x00000007c0000000)
  eden space 76800K, 0% used [0x00000007b9c00000,0x00000007b9c00000,0x00000007be700000)
  from space 12800K, 100% used [0x00000007bf380000,0x00000007c0000000,0x00000007c0000000)
  to   space 12800K, 0% used [0x00000007be700000,0x00000007be700000,0x00000007bf380000)
 ParOldGen       total 652800K, used 156840K [0x00000006c1800000, 0x00000006e9580000, 0x00000007b9c00000)
  object space 652800K, 24% used [0x00000006c1800000,0x00000006cb12a000,0x00000006e9580000)
 Metaspace       used 2707K, capacity 4486K, committed 4864K, reserved 1056768K
  class space    used 302K, capacity 386K, committed 512K, reserved 1048576K
}
{Heap before GC invocations=726 (full 37):
 PSYoungGen      total 89600K, used 89600K [0x00000007b9c00000, 0x00000007c0000000, 0x00000007c0000000)
  eden space 76800K, 100% used [0x00000007b9c00000,0x00000007be700000,0x00000007be700000)
  from space 12800K, 100% used [0x00000007bf380000,0x00000007c0000000,0x00000007c0000000)
  to   space 12800K, 0% used [0x00000007be700000,0x00000007be700000,0x00000007bf380000)
 ParOldGen       total 652800K, used 156840K [0x00000006c1800000, 0x00000006e9580000, 0x00000007b9c00000)
  object space 652800K, 24% used [0x00000006c1800000,0x00000006cb12a000,0x00000006e9580000)
 Metaspace       used 2707K, capacity 4486K, committed 4864K, reserved 1056768K
  class space    used 302K, capacity 386K, committed 512K, reserved 1048576K
Heap after GC invocations=726 (full 37):
 PSYoungGen      total 89600K, used 12800K [0x00000007b9c00000, 0x00000007c0000000, 0x00000007c0000000)
  eden space 76800K, 0% used [0x00000007b9c00000,0x00000007b9c00000,0x00000007be700000)
  from space 12800K, 100% used [0x00000007be700000,0x00000007bf380000,0x00000007bf380000)
  to   space 12800K, 0% used [0x00000007bf380000,0x00000007bf380000,0x00000007c0000000)
 ParOldGen       total 652800K, used 177008K [0x00000006c1800000, 0x00000006e9580000, 0x00000007b9c00000)
  object space 652800K, 27% used [0x00000006c1800000,0x00000006cc4dc000,0x00000006e9580000)
 Metaspace       used 2707K, capacity 4486K, committed 4864K, reserved 1056768K
  class space    used 302K, capacity 386K, committed 512K, reserved 1048576K
}
{Heap before GC invocations=727 (full 37):
 PSYoungGen      total 89600K, used 89600K [0x00000007b9c00000, 0x00000007c0000000, 0x00000007c0000000)
  eden space 76800K, 100% used [0x00000007b9c00000,0x00000007be700000,0x00000007be700000)
  from space 12800K, 100% used [0x00000007be700000,0x00000007bf380000,0x00000007bf380000)
  to   space 12800K, 0% used [0x00000007bf380000,0x00000007bf380000,0x00000007c0000000)
 ParOldGen       total 652800K, used 177008K [0x00000006c1800000, 0x00000006e9580000, 0x00000007b9c00000)
  object space 652800K, 27% used [0x00000006c1800000,0x00000006cc4dc000,0x00000006e9580000)
 Metaspace       used 2707K, capacity 4486K, committed 4864K, reserved 1056768K
  class space    used 302K, capacity 386K, committed 512K, reserved 1048576K
Heap after GC invocations=727 (full 37):
 PSYoungGen      total 89600K, used 12800K [0x00000007b9c00000, 0x00000007c0000000, 0x00000007c0000000)
  eden space 76800K, 0% used [0x00000007b9c00000,0x00000007b9c00000,0x00000007be700000)
  from space 12800K, 100% used [0x00000007bf380000,0x00000007c0000000,0x00000007c0000000)
  to   space 12800K, 0% used [0x00000007be700000,0x00000007be700000,0x00000007bf380000)
 ParOldGen       total 652800K, used 197184K [0x00000006c1800000, 0x00000006e9580000, 0x00000007b9c00000)
  object space 652800K, 30% used [0x00000006c1800000,0x00000006cd890000,0x00000006e9580000)
 Metaspace       used 2707K, capacity 4486K, committed 4864K, reserved 1056768K
  class space    used 302K, capacity 386K, committed 512K, reserved 1048576K
}
{Heap before GC invocations=728 (full 37):
 PSYoungGen      total 89600K, used 89600K [0x00000007b9c00000, 0x00000007c0000000, 0x00000007c0000000)
  eden space 76800K, 100% used [0x00000007b9c00000,0x00000007be700000,0x00000007be700000)
  from space 12800K, 100% used [0x00000007bf380000,0x00000007c0000000,0x00000007c0000000)
  to   space 12800K, 0% used [0x00000007be700000,0x00000007be700000,0x00000007bf380000)
 ParOldGen       total 652800K, used 197184K [0x00000006c1800000, 0x00000006e9580000, 0x00000007b9c00000)
  object space 652800K, 30% used [0x00000006c1800000,0x00000006cd890000,0x00000006e9580000)
 Metaspace       used 2707K, capacity 4486K, committed 4864K, reserved 1056768K
  class space    used 302K, capacity 386K, committed 512K, reserved 1048576K
Heap after GC invocations=728 (full 37):
 PSYoungGen      total 89600K, used 12800K [0x00000007b9c00000, 0x00000007c0000000, 0x00000007c0000000)
  eden space 76800K, 0% used [0x00000007b9c00000,0x00000007b9c00000,0x00000007be700000)
  from space 12800K, 100% used [0x00000007be700000,0x00000007bf380000,0x00000007bf380000)
  to   space 12800K, 0% used [0x00000007bf380000,0x00000007bf380000,0x00000007c0000000)
 ParOldGen       total 652800K, used 217352K [0x00000006c1800000, 0x00000006e9580000, 0x00000007b9c00000)
  object space 652800K, 33% used [0x00000006c1800000,0x00000006cec42000,0x00000006e9580000)
 Metaspace       used 2707K, capacity 4486K, committed 4864K, reserved 1056768K
  class space    used 302K, capacity 386K, committed 512K, reserved 1048576K
}
{Heap before GC invocations=729 (full 37):
 PSYoungGen      total 89600K, used 89600K [0x00000007b9c00000, 0x00000007c0000000, 0x00000007c0000000)
  eden space 76800K, 100% used [0x00000007b9c00000,0x00000007be700000,0x00000007be700000)
  from space 12800K, 100% used [0x00000007be700000,0x00000007bf380000,0x00000007bf380000)
  to   space 12800K, 0% used [0x00000007bf380000,0x00000007bf380000,0x00000007c0000000)
 ParOldGen       total 652800K, used 217352K [0x00000006c1800000, 0x00000006e9580000, 0x00000007b9c00000)
  object space 652800K, 33% used [0x00000006c1800000,0x00000006cec42000,0x00000006e9580000)
 Metaspace       used 2707K, capacity 4486K, committed 4864K, reserved 1056768K
  class space    used 302K, capacity 386K, committed 512K, reserved 1048576K
Heap after GC invocations=729 (full 37):
 PSYoungGen      total 89600K, used 12800K [0x00000007b9c00000, 0x00000007c0000000, 0x00000007c0000000)
  eden space 76800K, 0% used [0x00000007b9c00000,0x00000007b9c00000,0x00000007be700000)
  from space 12800K, 100% used [0x00000007bf380000,0x00000007c0000000,0x00000007c0000000)
  to   space 12800K, 0% used [0x00000007be700000,0x00000007be700000,0x00000007bf380000)
 ParOldGen       total 652800K, used 237512K [0x00000006c1800000, 0x00000006e9580000, 0x00000007b9c00000)
  object space 652800K, 36% used [0x00000006c1800000,0x00000006cfff2000,0x00000006e9580000)
 Metaspace       used 2707K, capacity 4486K, committed 4864K, reserved 1056768K
  class space    used 302K, capacity 386K, committed 512K, reserved 1048576K
}
{Heap before GC invocations=730 (full 37):
 PSYoungGen      total 89600K, used 89600K [0x00000007b9c00000, 0x00000007c0000000, 0x00000007c0000000)
  eden space 76800K, 100% used [0x00000007b9c00000,0x00000007be700000,0x00000007be700000)
  from space 12800K, 100% used [0x00000007bf380000,0x00000007c0000000,0x00000007c0000000)
  to   space 12800K, 0% used [0x00000007be700000,0x00000007be700000,0x00000007bf380000)
 ParOldGen       total 652800K, used 237512K [0x00000006c1800000, 0x00000006e9580000, 0x00000007b9c00000)
  object space 652800K, 36% used [0x00000006c1800000,0x00000006cfff2000,0x00000006e9580000)
 Metaspace       used 2707K, capacity 4486K, committed 4864K, reserved 1056768K
  class space    used 302K, capacity 386K, committed 512K, reserved 1048576K
Heap after GC invocations=730 (full 37):
 PSYoungGen      total 89600K, used 12800K [0x00000007b9c00000, 0x00000007c0000000, 0x00000007c0000000)
  eden space 76800K, 0% used [0x00000007b9c00000,0x00000007b9c00000,0x00000007be700000)
  from space 12800K, 100% used [0x00000007be700000,0x00000007bf380000,0x00000007bf380000)
  to   space 12800K, 0% used [0x00000007bf380000,0x00000007bf380000,0x00000007c0000000)
 ParOldGen       total 652800K, used 257680K [0x00000006c1800000, 0x00000006e9580000, 0x00000007b9c00000)
  object space 652800K, 39% used [0x00000006c1800000,0x00000006d13a4000,0x00000006e9580000)
 Metaspace       used 2707K, capacity 4486K, committed 4864K, reserved 1056768K
  class space    used 302K, capacity 386K, committed 512K, reserved 1048576K
}
{Heap before GC invocations=731 (full 37):
 PSYoungGen      total 89600K, used 89600K [0x00000007b9c00000, 0x00000007c0000000, 0x00000007c0000000)
  eden space 76800K, 100% used [0x00000007b9c00000,0x00000007be700000,0x00000007be700000)
  from space 12800K, 100% used [0x00000007be700000,0x00000007bf380000,0x00000007bf380000)
  to   space 12800K, 0% used [0x00000007bf380000,0x00000007bf380000,0x00000007c0000000)
 ParOldGen       total 652800K, used 257680K [0x00000006c1800000, 0x00000006e9580000, 0x00000007b9c00000)
  object space 652800K, 39% used [0x00000006c1800000,0x00000006d13a4000,0x00000006e9580000)
 Metaspace       used 2707K, capacity 4486K, committed 4864K, reserved 1056768K
  class space    used 302K, capacity 386K, committed 512K, reserved 1048576K
Heap after GC invocations=731 (full 37):
 PSYoungGen      total 89600K, used 12800K [0x00000007b9c00000, 0x00000007c0000000, 0x00000007c0000000)
  eden space 76800K, 0% used [0x00000007b9c00000,0x00000007b9c00000,0x00000007be700000)
  from space 12800K, 100% used [0x00000007bf380000,0x00000007c0000000,0x00000007c0000000)
  to   space 12800K, 0% used [0x00000007be700000,0x00000007be700000,0x00000007bf380000)
 ParOldGen       total 652800K, used 277840K [0x00000006c1800000, 0x00000006e9580000, 0x00000007b9c00000)
  object space 652800K, 42% used [0x00000006c1800000,0x00000006d2754000,0x00000006e9580000)
 Metaspace       used 2707K, capacity 4486K, committed 4864K, reserved 1056768K
  class space    used 302K, capacity 386K, committed 512K, reserved 1048576K
}
{Heap before GC invocations=732 (full 37):
 PSYoungGen      total 89600K, used 89600K [0x00000007b9c00000, 0x00000007c0000000, 0x00000007c0000000)
  eden space 76800K, 100% used [0x00000007b9c00000,0x00000007be700000,0x00000007be700000)
  from space 12800K, 100% used [0x00000007bf380000,0x00000007c0000000,0x00000007c0000000)
  to   space 12800K, 0% used [0x00000007be700000,0x00000007be700000,0x00000007bf380000)
 ParOldGen       total 652800K, used 277840K [0x00000006c1800000, 0x00000006e9580000, 0x00000007b9c00000)
  object space 652800K, 42% used [0x00000006c1800000,0x00000006d2754000,0x00000006e9580000)
 Metaspace       used 2707K, capacity 4486K, committed 4864K, reserved 1056768K
  class space    used 302K, capacity 386K, committed 512K, reserved 1048576K
Heap after GC invocations=732 (full 37):
 PSYoungGen      total 89600K, used 12800K [0x00000007b9c00000, 0x00000007c0000000, 0x00000007c0000000)
  eden space 76800K, 0% used [0x00000007b9c00000,0x00000007b9c00000,0x00000007be700000)
  from space 12800K, 100% used [0x00000007be700000,0x00000007bf380000,0x00000007bf380000)
  to   space 12800K, 0% used [0x00000007bf380000,0x00000007bf380000,0x00000007c0000000)
 ParOldGen       total 652800K, used 298000K [0x00000006c1800000, 0x00000006e9580000, 0x00000007b9c00000)
  object space 652800K, 45% used [0x00000006c1800000,0x00000006d3b04000,0x00000006e9580000)
 Metaspace       used 2707K, capacity 4486K, committed 4864K, reserved 1056768K
  class space    used 302K, capacity 386K, committed 512K, reserved 1048576K
}
{Heap before GC invocations=733 (full 37):
 PSYoungGen      total 89600K, used 89600K [0x00000007b9c00000, 0x00000007c0000000, 0x00000007c0000000)
  eden space 76800K, 100% used [0x00000007b9c00000,0x00000007be700000,0x00000007be700000)
  from space 12800K, 100% used [0x00000007be700000,0x00000007bf380000,0x00000007bf380000)
  to   space 12800K, 0% used [0x00000007bf380000,0x00000007bf380000,0x00000007c0000000)
 ParOldGen       total 652800K, used 298000K [0x00000006c1800000, 0x00000006e9580000, 0x00000007b9c00000)
  object space 652800K, 45% used [0x00000006c1800000,0x00000006d3b04000,0x00000006e9580000)
 Metaspace       used 2707K, capacity 4486K, committed 4864K, reserved 1056768K
  class space    used 302K, capacity 386K, committed 512K, reserved 1048576K
Heap after GC invocations=733 (full 37):
 PSYoungGen      total 89600K, used 12800K [0x00000007b9c00000, 0x00000007c0000000, 0x00000007c0000000)
  eden space 76800K, 0% used [0x00000007b9c00000,0x00000007b9c00000,0x00000007be700000)
  from space 12800K, 100% used [0x00000007bf380000,0x00000007c0000000,0x00000007c0000000)
  to   space 12800K, 0% used [0x00000007be700000,0x00000007be700000,0x00000007bf380000)
 ParOldGen       total 652800K, used 318168K [0x00000006c1800000, 0x00000006e9580000, 0x00000007b9c00000)
  object space 652800K, 48% used [0x00000006c1800000,0x00000006d4eb6000,0x00000006e9580000)
 Metaspace       used 2707K, capacity 4486K, committed 4864K, reserved 1056768K
  class space    used 302K, capacity 386K, committed 512K, reserved 1048576K
}
{Heap before GC invocations=734 (full 37):
 PSYoungGen      total 89600K, used 89600K [0x00000007b9c00000, 0x00000007c0000000, 0x00000007c0000000)
  eden space 76800K, 100% used [0x00000007b9c00000,0x00000007be700000,0x00000007be700000)
  from space 12800K, 100% used [0x00000007bf380000,0x00000007c0000000,0x00000007c0000000)
  to   space 12800K, 0% used [0x00000007be700000,0x00000007be700000,0x00000007bf380000)
 ParOldGen       total 652800K, used 318168K [0x00000006c1800000, 0x00000006e9580000, 0x00000007b9c00000)
  object space 652800K, 48% used [0x00000006c1800000,0x00000006d4eb6000,0x00000006e9580000)
 Metaspace       used 2707K, capacity 4486K, committed 4864K, reserved 1056768K
  class space    used 302K, capacity 386K, committed 512K, reserved 1048576K
Heap after GC invocations=734 (full 37):
 PSYoungGen      total 89600K, used 12800K [0x00000007b9c00000, 0x00000007c0000000, 0x00000007c0000000)
  eden space 76800K, 0% used [0x00000007b9c00000,0x00000007b9c00000,0x00000007be700000)
  from space 12800K, 100% used [0x00000007be700000,0x00000007bf380000,0x00000007bf380000)
  to   space 12800K, 0% used [0x00000007bf380000,0x00000007bf380000,0x00000007c0000000)
 ParOldGen       total 652800K, used 338336K [0x00000006c1800000, 0x00000006e9580000, 0x00000007b9c00000)
  object space 652800K, 51% used [0x00000006c1800000,0x00000006d6268000,0x00000006e9580000)
 Metaspace       used 2707K, capacity 4486K, committed 4864K, reserved 1056768K
  class space    used 302K, capacity 386K, committed 512K, reserved 1048576K
}
{Heap before GC invocations=735 (full 37):
 PSYoungGen      total 89600K, used 89600K [0x00000007b9c00000, 0x00000007c0000000, 0x00000007c0000000)
  eden space 76800K, 100% used [0x00000007b9c00000,0x00000007be700000,0x00000007be700000)
  from space 12800K, 100% used [0x00000007be700000,0x00000007bf380000,0x00000007bf380000)
  to   space 12800K, 0% used [0x00000007bf380000,0x00000007bf380000,0x00000007c0000000)
 ParOldGen       total 652800K, used 338336K [0x00000006c1800000, 0x00000006e9580000, 0x00000007b9c00000)
  object space 652800K, 51% used [0x00000006c1800000,0x00000006d6268000,0x00000006e9580000)
 Metaspace       used 2707K, capacity 4486K, committed 4864K, reserved 1056768K
  class space    used 302K, capacity 386K, committed 512K, reserved 1048576K
Heap after GC invocations=735 (full 37):
 PSYoungGen      total 89600K, used 12800K [0x00000007b9c00000, 0x00000007c0000000, 0x00000007c0000000)
  eden space 76800K, 0% used [0x00000007b9c00000,0x00000007b9c00000,0x00000007be700000)
  from space 12800K, 100% used [0x00000007bf380000,0x00000007c0000000,0x00000007c0000000)
  to   space 12800K, 0% used [0x00000007be700000,0x00000007be700000,0x00000007bf380000)
 ParOldGen       total 652800K, used 358504K [0x00000006c1800000, 0x00000006e9580000, 0x00000007b9c00000)
  object space 652800K, 54% used [0x00000006c1800000,0x00000006d761a000,0x00000006e9580000)
 Metaspace       used 2707K, capacity 4486K, committed 4864K, reserved 1056768K
  class space    used 302K, capacity 386K, committed 512K, reserved 1048576K
}
{Heap before GC invocations=736 (full 37):
 PSYoungGen      total 89600K, used 89600K [0x00000007b9c00000, 0x00000007c0000000, 0x00000007c0000000)
  eden space 76800K, 100% used [0x00000007b9c00000,0x00000007be700000,0x00000007be700000)
  from space 12800K, 100% used [0x00000007bf380000,0x00000007c0000000,0x00000007c0000000)
  to   space 12800K, 0% used [0x00000007be700000,0x00000007be700000,0x00000007bf380000)
 ParOldGen       total 652800K, used 358504K [0x00000006c1800000, 0x00000006e9580000, 0x00000007b9c00000)
  object space 652800K, 54% used [0x00000006c1800000,0x00000006d761a000,0x00000006e9580000)
 Metaspace       used 2707K, capacity 4486K, committed 4864K, reserved 1056768K
  class space    used 302K, capacity 386K, committed 512K, reserved 1048576K
Heap after GC invocations=736 (full 37):
 PSYoungGen      total 89600K, used 12800K [0x00000007b9c00000, 0x00000007c0000000, 0x00000007c0000000)
  eden space 76800K, 0% used [0x00000007b9c00000,0x00000007b9c00000,0x00000007be700000)
  from space 12800K, 100% used [0x00000007be700000,0x00000007bf380000,0x00000007bf380000)
  to   space 12800K, 0% used [0x00000007bf380000,0x00000007bf380000,0x00000007c0000000)
 ParOldGen       total 652800K, used 378680K [0x00000006c1800000, 0x00000006e9580000, 0x00000007b9c00000)
  object space 652800K, 58% used [0x00000006c1800000,0x00000006d89ce000,0x00000006e9580000)
 Metaspace       used 2707K, capacity 4486K, committed 4864K, reserved 1056768K
  class space    used 302K, capacity 386K, committed 512K, reserved 1048576K
}
{Heap before GC invocations=737 (full 37):
 PSYoungGen      total 89600K, used 89600K [0x00000007b9c00000, 0x00000007c0000000, 0x00000007c0000000)
  eden space 76800K, 100% used [0x00000007b9c00000,0x00000007be700000,0x00000007be700000)
  from space 12800K, 100% used [0x00000007be700000,0x00000007bf380000,0x00000007bf380000)
  to   space 12800K, 0% used [0x00000007bf380000,0x00000007bf380000,0x00000007c0000000)
 ParOldGen       total 652800K, used 378680K [0x00000006c1800000, 0x00000006e9580000, 0x00000007b9c00000)
  object space 652800K, 58% used [0x00000006c1800000,0x00000006d89ce000,0x00000006e9580000)
 Metaspace       used 2707K, capacity 4486K, committed 4864K, reserved 1056768K
  class space    used 302K, capacity 386K, committed 512K, reserved 1048576K
Heap after GC invocations=737 (full 37):
 PSYoungGen      total 89600K, used 12800K [0x00000007b9c00000, 0x00000007c0000000, 0x00000007c0000000)
  eden space 76800K, 0% used [0x00000007b9c00000,0x00000007b9c00000,0x00000007be700000)
  from space 12800K, 100% used [0x00000007bf380000,0x00000007c0000000,0x00000007c0000000)
  to   space 12800K, 0% used [0x00000007be700000,0x00000007be700000,0x00000007bf380000)
 ParOldGen       total 652800K, used 398848K [0x00000006c1800000, 0x00000006e9580000, 0x00000007b9c00000)
  object space 652800K, 61% used [0x00000006c1800000,0x00000006d9d80000,0x00000006e9580000)
 Metaspace       used 2707K, capacity 4486K, committed 4864K, reserved 1056768K
  class space    used 302K, capacity 386K, committed 512K, reserved 1048576K
}
{Heap before GC invocations=738 (full 37):
 PSYoungGen      total 89600K, used 89600K [0x00000007b9c00000, 0x00000007c0000000, 0x00000007c0000000)
  eden space 76800K, 100% used [0x00000007b9c00000,0x00000007be700000,0x00000007be700000)
  from space 12800K, 100% used [0x00000007bf380000,0x00000007c0000000,0x00000007c0000000)
  to   space 12800K, 0% used [0x00000007be700000,0x00000007be700000,0x00000007bf380000)
 ParOldGen       total 652800K, used 398848K [0x00000006c1800000, 0x00000006e9580000, 0x00000007b9c00000)
  object space 652800K, 61% used [0x00000006c1800000,0x00000006d9d80000,0x00000006e9580000)
 Metaspace       used 2707K, capacity 4486K, committed 4864K, reserved 1056768K
  class space    used 302K, capacity 386K, committed 512K, reserved 1048576K
Heap after GC invocations=738 (full 37):
 PSYoungGen      total 89600K, used 12800K [0x00000007b9c00000, 0x00000007c0000000, 0x00000007c0000000)
  eden space 76800K, 0% used [0x00000007b9c00000,0x00000007b9c00000,0x00000007be700000)
  from space 12800K, 100% used [0x00000007be700000,0x00000007bf380000,0x00000007bf380000)
  to   space 12800K, 0% used [0x00000007bf380000,0x00000007bf380000,0x00000007c0000000)
 ParOldGen       total 652800K, used 419008K [0x00000006c1800000, 0x00000006e9580000, 0x00000007b9c00000)
  object space 652800K, 64% used [0x00000006c1800000,0x00000006db130000,0x00000006e9580000)
 Metaspace       used 2707K, capacity 4486K, committed 4864K, reserved 1056768K
  class space    used 302K, capacity 386K, committed 512K, reserved 1048576K
}
{Heap before GC invocations=739 (full 37):
 PSYoungGen      total 89600K, used 89600K [0x00000007b9c00000, 0x00000007c0000000, 0x00000007c0000000)
  eden space 76800K, 100% used [0x00000007b9c00000,0x00000007be700000,0x00000007be700000)
  from space 12800K, 100% used [0x00000007be700000,0x00000007bf380000,0x00000007bf380000)
  to   space 12800K, 0% used [0x00000007bf380000,0x00000007bf380000,0x00000007c0000000)
 ParOldGen       total 652800K, used 419008K [0x00000006c1800000, 0x00000006e9580000, 0x00000007b9c00000)
  object space 652800K, 64% used [0x00000006c1800000,0x00000006db130000,0x00000006e9580000)
 Metaspace       used 2707K, capacity 4486K, committed 4864K, reserved 1056768K
  class space    used 302K, capacity 386K, committed 512K, reserved 1048576K
Heap after GC invocations=739 (full 37):
 PSYoungGen      total 89600K, used 12800K [0x00000007b9c00000, 0x00000007c0000000, 0x00000007c0000000)
  eden space 76800K, 0% used [0x00000007b9c00000,0x00000007b9c00000,0x00000007be700000)
  from space 12800K, 100% used [0x00000007bf380000,0x00000007c0000000,0x00000007c0000000)
  to   space 12800K, 0% used [0x00000007be700000,0x00000007be700000,0x00000007bf380000)
 ParOldGen       total 652800K, used 439176K [0x00000006c1800000, 0x00000006e9580000, 0x00000007b9c00000)
  object space 652800K, 67% used [0x00000006c1800000,0x00000006dc4e2000,0x00000006e9580000)
 Metaspace       used 2707K, capacity 4486K, committed 4864K, reserved 1056768K
  class space    used 302K, capacity 386K, committed 512K, reserved 1048576K
}
{Heap before GC invocations=740 (full 37):
 PSYoungGen      total 89600K, used 89600K [0x00000007b9c00000, 0x00000007c0000000, 0x00000007c0000000)
  eden space 76800K, 100% used [0x00000007b9c00000,0x00000007be700000,0x00000007be700000)
  from space 12800K, 100% used [0x00000007bf380000,0x00000007c0000000,0x00000007c0000000)
  to   space 12800K, 0% used [0x00000007be700000,0x00000007be700000,0x00000007bf380000)
 ParOldGen       total 652800K, used 439176K [0x00000006c1800000, 0x00000006e9580000, 0x00000007b9c00000)
  object space 652800K, 67% used [0x00000006c1800000,0x00000006dc4e2000,0x00000006e9580000)
 Metaspace       used 2707K, capacity 4486K, committed 4864K, reserved 1056768K
  class space    used 302K, capacity 386K, committed 512K, reserved 1048576K
Heap after GC invocations=740 (full 37):
 PSYoungGen      total 89600K, used 12800K [0x00000007b9c00000, 0x00000007c0000000, 0x00000007c0000000)
  eden space 76800K, 0% used [0x00000007b9c00000,0x00000007b9c00000,0x00000007be700000)
  from space 12800K, 100% used [0x00000007be700000,0x00000007bf380000,0x00000007bf380000)
  to   space 12800K, 0% used [0x00000007bf380000,0x00000007bf380000,0x00000007c0000000)
 ParOldGen       total 652800K, used 459344K [0x00000006c1800000, 0x00000006e9580000, 0x00000007b9c00000)
  object space 652800K, 70% used [0x00000006c1800000,0x00000006dd894000,0x00000006e9580000)
 Metaspace       used 2707K, capacity 4486K, committed 4864K, reserved 1056768K
  class space    used 302K, capacity 386K, committed 512K, reserved 1048576K
}
{Heap before GC invocations=741 (full 37):
 PSYoungGen      total 89600K, used 89600K [0x00000007b9c00000, 0x00000007c0000000, 0x00000007c0000000)
  eden space 76800K, 100% used [0x00000007b9c00000,0x00000007be700000,0x00000007be700000)
  from space 12800K, 100% used [0x00000007be700000,0x00000007bf380000,0x00000007bf380000)
  to   space 12800K, 0% used [0x00000007bf380000,0x00000007bf380000,0x00000007c0000000)
 ParOldGen       total 652800K, used 459344K [0x00000006c1800000, 0x00000006e9580000, 0x00000007b9c00000)
  object space 652800K, 70% used [0x00000006c1800000,0x00000006dd894000,0x00000006e9580000)
 Metaspace       used 2707K, capacity 4486K, committed 4864K, reserved 1056768K
  class space    used 302K, capacity 386K, committed 512K, reserved 1048576K
Heap after GC invocations=741 (full 37):
 PSYoungGen      total 89600K, used 12800K [0x00000007b9c00000, 0x00000007c0000000, 0x00000007c0000000)
  eden space 76800K, 0% used [0x00000007b9c00000,0x00000007b9c00000,0x00000007be700000)
  from space 12800K, 100% used [0x00000007bf380000,0x00000007c0000000,0x00000007c0000000)
  to   space 12800K, 0% used [0x00000007be700000,0x00000007be700000,0x00000007bf380000)
 ParOldGen       total 652800K, used 479512K [0x00000006c1800000, 0x00000006e9580000, 0x00000007b9c00000)
  object space 652800K, 73% used [0x00000006c1800000,0x00000006dec46000,0x00000006e9580000)
 Metaspace       used 2707K, capacity 4486K, committed 4864K, reserved 1056768K
  class space    used 302K, capacity 386K, committed 512K, reserved 1048576K
}
{Heap before GC invocations=742 (full 37):
 PSYoungGen      total 89600K, used 89600K [0x00000007b9c00000, 0x00000007c0000000, 0x00000007c0000000)
  eden space 76800K, 100% used [0x00000007b9c00000,0x00000007be700000,0x00000007be700000)
  from space 12800K, 100% used [0x00000007bf380000,0x00000007c0000000,0x00000007c0000000)
  to   space 12800K, 0% used [0x00000007be700000,0x00000007be700000,0x00000007bf380000)
 ParOldGen       total 652800K, used 479512K [0x00000006c1800000, 0x00000006e9580000, 0x00000007b9c00000)
  object space 652800K, 73% used [0x00000006c1800000,0x00000006dec46000,0x00000006e9580000)
 Metaspace       used 2707K, capacity 4486K, committed 4864K, reserved 1056768K
  class space    used 302K, capacity 386K, committed 512K, reserved 1048576K
Heap after GC invocations=742 (full 37):
 PSYoungGen      total 89600K, used 12800K [0x00000007b9c00000, 0x00000007c0000000, 0x00000007c0000000)
  eden space 76800K, 0% used [0x00000007b9c00000,0x00000007b9c00000,0x00000007be700000)
  from space 12800K, 100% used [0x00000007be700000,0x00000007bf380000,0x00000007bf380000)
  to   space 12800K, 0% used [0x00000007bf380000,0x00000007bf380000,0x00000007c0000000)
 ParOldGen       total 652800K, used 499680K [0x00000006c1800000, 0x00000006e9580000, 0x00000007b9c00000)
  object space 652800K, 76% used [0x00000006c1800000,0x00000006dfff8000,0x00000006e9580000)
 Metaspace       used 2707K, capacity 4486K, committed 4864K, reserved 1056768K
  class space    used 302K, capacity 386K, committed 512K, reserved 1048576K
}
{Heap before GC invocations=743 (full 37):
 PSYoungGen      total 89600K, used 89600K [0x00000007b9c00000, 0x00000007c0000000, 0x00000007c0000000)
  eden space 76800K, 100% used [0x00000007b9c00000,0x00000007be700000,0x00000007be700000)
  from space 12800K, 100% used [0x00000007be700000,0x00000007bf380000,0x00000007bf380000)
  to   space 12800K, 0% used [0x00000007bf380000,0x00000007bf380000,0x00000007c0000000)
 ParOldGen       total 652800K, used 499680K [0x00000006c1800000, 0x00000006e9580000, 0x00000007b9c00000)
  object space 652800K, 76% used [0x00000006c1800000,0x00000006dfff8000,0x00000006e9580000)
 Metaspace       used 2707K, capacity 4486K, committed 4864K, reserved 1056768K
  class space    used 302K, capacity 386K, committed 512K, reserved 1048576K
Heap after GC invocations=743 (full 37):
 PSYoungGen      total 89600K, used 12800K [0x00000007b9c00000, 0x00000007c0000000, 0x00000007c0000000)
  eden space 76800K, 0% used [0x00000007b9c00000,0x00000007b9c00000,0x00000007be700000)
  from space 12800K, 100% used [0x00000007bf380000,0x00000007c0000000,0x00000007c0000000)
  to   space 12800K, 0% used [0x00000007be700000,0x00000007be700000,0x00000007bf380000)
 ParOldGen       total 652800K, used 519848K [0x00000006c1800000, 0x00000006e9580000, 0x00000007b9c00000)
  object space 652800K, 79% used [0x00000006c1800000,0x00000006e13aa000,0x00000006e9580000)
 Metaspace       used 2707K, capacity 4486K, committed 4864K, reserved 1056768K
  class space    used 302K, capacity 386K, committed 512K, reserved 1048576K
}
{Heap before GC invocations=744 (full 37):
 PSYoungGen      total 89600K, used 89600K [0x00000007b9c00000, 0x00000007c0000000, 0x00000007c0000000)
  eden space 76800K, 100% used [0x00000007b9c00000,0x00000007be700000,0x00000007be700000)
  from space 12800K, 100% used [0x00000007bf380000,0x00000007c0000000,0x00000007c0000000)
  to   space 12800K, 0% used [0x00000007be700000,0x00000007be700000,0x00000007bf380000)
 ParOldGen       total 652800K, used 519848K [0x00000006c1800000, 0x00000006e9580000, 0x00000007b9c00000)
  object space 652800K, 79% used [0x00000006c1800000,0x00000006e13aa000,0x00000006e9580000)
 Metaspace       used 2707K, capacity 4486K, committed 4864K, reserved 1056768K
  class space    used 302K, capacity 386K, committed 512K, reserved 1048576K
Heap after GC invocations=744 (full 37):
 PSYoungGen      total 89600K, used 12800K [0x00000007b9c00000, 0x00000007c0000000, 0x00000007c0000000)
  eden space 76800K, 0% used [0x00000007b9c00000,0x00000007b9c00000,0x00000007be700000)
  from space 12800K, 100% used [0x00000007be700000,0x00000007bf380000,0x00000007bf380000)
  to   space 12800K, 0% used [0x00000007bf380000,0x00000007bf380000,0x00000007c0000000)
 ParOldGen       total 652800K, used 540016K [0x00000006c1800000, 0x00000006e9580000, 0x00000007b9c00000)
  object space 652800K, 82% used [0x00000006c1800000,0x00000006e275c000,0x00000006e9580000)
 Metaspace       used 2707K, capacity 4486K, committed 4864K, reserved 1056768K
  class space    used 302K, capacity 386K, committed 512K, reserved 1048576K
}
{Heap before GC invocations=745 (full 37):
 PSYoungGen      total 89600K, used 89600K [0x00000007b9c00000, 0x00000007c0000000, 0x00000007c0000000)
  eden space 76800K, 100% used [0x00000007b9c00000,0x00000007be700000,0x00000007be700000)
  from space 12800K, 100% used [0x00000007be700000,0x00000007bf380000,0x00000007bf380000)
  to   space 12800K, 0% used [0x00000007bf380000,0x00000007bf380000,0x00000007c0000000)
 ParOldGen       total 652800K, used 540016K [0x00000006c1800000, 0x00000006e9580000, 0x00000007b9c00000)
  object space 652800K, 82% used [0x00000006c1800000,0x00000006e275c000,0x00000006e9580000)
 Metaspace       used 2707K, capacity 4486K, committed 4864K, reserved 1056768K
  class space    used 302K, capacity 386K, committed 512K, reserved 1048576K
Heap after GC invocations=745 (full 37):
 PSYoungGen      total 89600K, used 12800K [0x00000007b9c00000, 0x00000007c0000000, 0x00000007c0000000)
  eden space 76800K, 0% used [0x00000007b9c00000,0x00000007b9c00000,0x00000007be700000)
  from space 12800K, 100% used [0x00000007bf380000,0x00000007c0000000,0x00000007c0000000)
  to   space 12800K, 0% used [0x00000007be700000,0x00000007be700000,0x00000007bf380000)
 ParOldGen       total 652800K, used 560176K [0x00000006c1800000, 0x00000006e9580000, 0x00000007b9c00000)
  object space 652800K, 85% used [0x00000006c1800000,0x00000006e3b0c000,0x00000006e9580000)
 Metaspace       used 2707K, capacity 4486K, committed 4864K, reserved 1056768K
  class space    used 302K, capacity 386K, committed 512K, reserved 1048576K
}
{Heap before GC invocations=746 (full 37):
 PSYoungGen      total 89600K, used 89600K [0x00000007b9c00000, 0x00000007c0000000, 0x00000007c0000000)
  eden space 76800K, 100% used [0x00000007b9c00000,0x00000007be700000,0x00000007be700000)
  from space 12800K, 100% used [0x00000007bf380000,0x00000007c0000000,0x00000007c0000000)
  to   space 12800K, 0% used [0x00000007be700000,0x00000007be700000,0x00000007bf380000)
 ParOldGen       total 652800K, used 560176K [0x00000006c1800000, 0x00000006e9580000, 0x00000007b9c00000)
  object space 652800K, 85% used [0x00000006c1800000,0x00000006e3b0c000,0x00000006e9580000)
 Metaspace       used 2707K, capacity 4486K, committed 4864K, reserved 1056768K
  class space    used 302K, capacity 386K, committed 512K, reserved 1048576K
Heap after GC invocations=746 (full 37):
 PSYoungGen      total 89600K, used 12800K [0x00000007b9c00000, 0x00000007c0000000, 0x00000007c0000000)
  eden space 76800K, 0% used [0x00000007b9c00000,0x00000007b9c00000,0x00000007be700000)
  from space 12800K, 100% used [0x00000007be700000,0x00000007bf380000,0x00000007bf380000)
  to   space 12800K, 0% used [0x00000007bf380000,0x00000007bf380000,0x00000007c0000000)
 ParOldGen       total 652800K, used 580344K [0x00000006c1800000, 0x00000006e9580000, 0x00000007b9c00000)
  object space 652800K, 88% used [0x00000006c1800000,0x00000006e4ebe000,0x00000006e9580000)
 Metaspace       used 2707K, capacity 4486K, committed 4864K, reserved 1056768K
  class space    used 302K, capacity 386K, committed 512K, reserved 1048576K
}
{Heap before GC invocations=747 (full 37):
 PSYoungGen      total 89600K, used 89600K [0x00000007b9c00000, 0x00000007c0000000, 0x00000007c0000000)
  eden space 76800K, 100% used [0x00000007b9c00000,0x00000007be700000,0x00000007be700000)
  from space 12800K, 100% used [0x00000007be700000,0x00000007bf380000,0x00000007bf380000)
  to   space 12800K, 0% used [0x00000007bf380000,0x00000007bf380000,0x00000007c0000000)
 ParOldGen       total 652800K, used 580344K [0x00000006c1800000, 0x00000006e9580000, 0x00000007b9c00000)
  object space 652800K, 88% used [0x00000006c1800000,0x00000006e4ebe000,0x00000006e9580000)
 Metaspace       used 2707K, capacity 4486K, committed 4864K, reserved 1056768K
  class space    used 302K, capacity 386K, committed 512K, reserved 1048576K
Heap after GC invocations=747 (full 37):
 PSYoungGen      total 89600K, used 12800K [0x00000007b9c00000, 0x00000007c0000000, 0x00000007c0000000)
  eden space 76800K, 0% used [0x00000007b9c00000,0x00000007b9c00000,0x00000007be700000)
  from space 12800K, 100% used [0x00000007bf380000,0x00000007c0000000,0x00000007c0000000)
  to   space 12800K, 0% used [0x00000007be700000,0x00000007be700000,0x00000007bf380000)
 ParOldGen       total 652800K, used 600512K [0x00000006c1800000, 0x00000006e9580000, 0x00000007b9c00000)
  object space 652800K, 91% used [0x00000006c1800000,0x00000006e6270000,0x00000006e9580000)
 Metaspace       used 2707K, capacity 4486K, committed 4864K, reserved 1056768K
  class space    used 302K, capacity 386K, committed 512K, reserved 1048576K
}
{Heap before GC invocations=748 (full 37):
 PSYoungGen      total 89600K, used 89600K [0x00000007b9c00000, 0x00000007c0000000, 0x00000007c0000000)
  eden space 76800K, 100% used [0x00000007b9c00000,0x00000007be700000,0x00000007be700000)
  from space 12800K, 100% used [0x00000007bf380000,0x00000007c0000000,0x00000007c0000000)
  to   space 12800K, 0% used [0x00000007be700000,0x00000007be700000,0x00000007bf380000)
 ParOldGen       total 652800K, used 600512K [0x00000006c1800000, 0x00000006e9580000, 0x00000007b9c00000)
  object space 652800K, 91% used [0x00000006c1800000,0x00000006e6270000,0x00000006e9580000)
 Metaspace       used 2707K, capacity 4486K, committed 4864K, reserved 1056768K
  class space    used 302K, capacity 386K, committed 512K, reserved 1048576K
Heap after GC invocations=748 (full 37):
 PSYoungGen      total 89600K, used 12800K [0x00000007b9c00000, 0x00000007c0000000, 0x00000007c0000000)
  eden space 76800K, 0% used [0x00000007b9c00000,0x00000007b9c00000,0x00000007be700000)
  from space 12800K, 100% used [0x00000007be700000,0x00000007bf380000,0x00000007bf380000)
  to   space 12800K, 0% used [0x00000007bf380000,0x00000007bf380000,0x00000007c0000000)
 ParOldGen       total 652800K, used 620672K [0x00000006c1800000, 0x00000006e9580000, 0x00000007b9c00000)
  object space 652800K, 95% used [0x00000006c1800000,0x00000006e7620000,0x00000006e9580000)
 Metaspace       used 2707K, capacity 4486K, committed 4864K, reserved 1056768K
  class space    used 302K, capacity 386K, committed 512K, reserved 1048576K
}
{Heap before GC invocations=749 (full 37):
 PSYoungGen      total 89600K, used 89600K [0x00000007b9c00000, 0x00000007c0000000, 0x00000007c0000000)
  eden space 76800K, 100% used [0x00000007b9c00000,0x00000007be700000,0x00000007be700000)
  from space 12800K, 100% used [0x00000007be700000,0x00000007bf380000,0x00000007bf380000)
  to   space 12800K, 0% used [0x00000007bf380000,0x00000007bf380000,0x00000007c0000000)
 ParOldGen       total 652800K, used 620672K [0x00000006c1800000, 0x00000006e9580000, 0x00000007b9c00000)
  object space 652800K, 95% used [0x00000006c1800000,0x00000006e7620000,0x00000006e9580000)
 Metaspace       used 2707K, capacity 4486K, committed 4864K, reserved 1056768K
  class space    used 302K, capacity 386K, committed 512K, reserved 1048576K
Heap after GC invocations=749 (full 37):
 PSYoungGen      total 89600K, used 12800K [0x00000007b9c00000, 0x00000007c0000000, 0x00000007c0000000)
  eden space 76800K, 0% used [0x00000007b9c00000,0x00000007b9c00000,0x00000007be700000)
  from space 12800K, 100% used [0x00000007bf380000,0x00000007c0000000,0x00000007c0000000)
  to   space 12800K, 0% used [0x00000007be700000,0x00000007be700000,0x00000007bf380000)
 ParOldGen       total 652800K, used 640840K [0x00000006c1800000, 0x00000006e9580000, 0x00000007b9c00000)
  object space 652800K, 98% used [0x00000006c1800000,0x00000006e89d2000,0x00000006e9580000)
 Metaspace       used 2707K, capacity 4486K, committed 4864K, reserved 1056768K
  class space    used 302K, capacity 386K, committed 512K, reserved 1048576K
}
{Heap before GC invocations=750 (full 38):
 PSYoungGen      total 89600K, used 12800K [0x00000007b9c00000, 0x00000007c0000000, 0x00000007c0000000)
  eden space 76800K, 0% used [0x00000007b9c00000,0x00000007b9c00000,0x00000007be700000)
  from space 12800K, 100% used [0x00000007bf380000,0x00000007c0000000,0x00000007c0000000)
  to   space 12800K, 0% used [0x00000007be700000,0x00000007be700000,0x00000007bf380000)
 ParOldGen       total 652800K, used 640840K [0x00000006c1800000, 0x00000006e9580000, 0x00000007b9c00000)
  object space 652800K, 98% used [0x00000006c1800000,0x00000006e89d2000,0x00000006e9580000)
 Metaspace       used 2707K, capacity 4486K, committed 4864K, reserved 1056768K
  class space    used 302K, capacity 386K, committed 512K, reserved 1048576K
Heap after GC invocations=750 (full 38):
 PSYoungGen      total 89600K, used 0K [0x00000007b9c00000, 0x00000007c0000000, 0x00000007c0000000)
  eden space 76800K, 0% used [0x00000007b9c00000,0x00000007b9c00000,0x00000007be700000)
  from space 12800K, 0% used [0x00000007bf380000,0x00000007bf380000,0x00000007c0000000)
  to   space 12800K, 0% used [0x00000007be700000,0x00000007be700000,0x00000007bf380000)
 ParOldGen       total 665088K, used 35840K [0x00000006c1800000, 0x00000006ea180000, 0x00000007b9c00000)
  object space 665088K, 5% used [0x00000006c1800000,0x00000006c3b00000,0x00000006ea180000)
 Metaspace       used 2707K, capacity 4486K, committed 4864K, reserved 1056768K
  class space    used 302K, capacity 386K, committed 512K, reserved 1048576K
}
{Heap before GC invocations=751 (full 38):
 PSYoungGen      total 89600K, used 76800K [0x00000007b9c00000, 0x00000007c0000000, 0x00000007c0000000)
  eden space 76800K, 100% used [0x00000007b9c00000,0x00000007be700000,0x00000007be700000)
  from space 12800K, 0% used [0x00000007bf380000,0x00000007bf380000,0x00000007c0000000)
  to   space 12800K, 0% used [0x00000007be700000,0x00000007be700000,0x00000007bf380000)
 ParOldGen       total 665088K, used 35840K [0x00000006c1800000, 0x00000006ea180000, 0x00000007b9c00000)
  object space 665088K, 5% used [0x00000006c1800000,0x00000006c3b00000,0x00000006ea180000)
 Metaspace       used 2707K, capacity 4486K, committed 4864K, reserved 1056768K
  class space    used 302K, capacity 386K, committed 512K, reserved 1048576K
Heap after GC invocations=751 (full 38):
 PSYoungGen      total 89600K, used 12800K [0x00000007b9c00000, 0x00000007c0000000, 0x00000007c0000000)
  eden space 76800K, 0% used [0x00000007b9c00000,0x00000007b9c00000,0x00000007be700000)
  from space 12800K, 100% used [0x00000007be700000,0x00000007bf380000,0x00000007bf380000)
  to   space 12800K, 0% used [0x00000007bf380000,0x00000007bf380000,0x00000007c0000000)
 ParOldGen       total 665088K, used 56008K [0x00000006c1800000, 0x00000006ea180000, 0x00000007b9c00000)
  object space 665088K, 8% used [0x00000006c1800000,0x00000006c4eb2000,0x00000006ea180000)
 Metaspace       used 2707K, capacity 4486K, committed 4864K, reserved 1056768K
  class space    used 302K, capacity 386K, committed 512K, reserved 1048576K
}
{Heap before GC invocations=752 (full 38):
 PSYoungGen      total 89600K, used 89600K [0x00000007b9c00000, 0x00000007c0000000, 0x00000007c0000000)
  eden space 76800K, 100% used [0x00000007b9c00000,0x00000007be700000,0x00000007be700000)
  from space 12800K, 100% used [0x00000007be700000,0x00000007bf380000,0x00000007bf380000)
  to   space 12800K, 0% used [0x00000007bf380000,0x00000007bf380000,0x00000007c0000000)
 ParOldGen       total 665088K, used 56008K [0x00000006c1800000, 0x00000006ea180000, 0x00000007b9c00000)
  object space 665088K, 8% used [0x00000006c1800000,0x00000006c4eb2000,0x00000006ea180000)
 Metaspace       used 2707K, capacity 4486K, committed 4864K, reserved 1056768K
  class space    used 302K, capacity 386K, committed 512K, reserved 1048576K
Heap after GC invocations=752 (full 38):
 PSYoungGen      total 89600K, used 12800K [0x00000007b9c00000, 0x00000007c0000000, 0x00000007c0000000)
  eden space 76800K, 0% used [0x00000007b9c00000,0x00000007b9c00000,0x00000007be700000)
  from space 12800K, 100% used [0x00000007bf380000,0x00000007c0000000,0x00000007c0000000)
  to   space 12800K, 0% used [0x00000007be700000,0x00000007be700000,0x00000007bf380000)
 ParOldGen       total 665088K, used 76176K [0x00000006c1800000, 0x00000006ea180000, 0x00000007b9c00000)
  object space 665088K, 11% used [0x00000006c1800000,0x00000006c6264000,0x00000006ea180000)
 Metaspace       used 2707K, capacity 4486K, committed 4864K, reserved 1056768K
  class space    used 302K, capacity 386K, committed 512K, reserved 1048576K
}
{Heap before GC invocations=753 (full 38):
 PSYoungGen      total 89600K, used 89600K [0x00000007b9c00000, 0x00000007c0000000, 0x00000007c0000000)
  eden space 76800K, 100% used [0x00000007b9c00000,0x00000007be700000,0x00000007be700000)
  from space 12800K, 100% used [0x00000007bf380000,0x00000007c0000000,0x00000007c0000000)
  to   space 12800K, 0% used [0x00000007be700000,0x00000007be700000,0x00000007bf380000)
 ParOldGen       total 665088K, used 76176K [0x00000006c1800000, 0x00000006ea180000, 0x00000007b9c00000)
  object space 665088K, 11% used [0x00000006c1800000,0x00000006c6264000,0x00000006ea180000)
 Metaspace       used 2707K, capacity 4486K, committed 4864K, reserved 1056768K
  class space    used 302K, capacity 386K, committed 512K, reserved 1048576K
Heap after GC invocations=753 (full 38):
 PSYoungGen      total 89600K, used 12800K [0x00000007b9c00000, 0x00000007c0000000, 0x00000007c0000000)
  eden space 76800K, 0% used [0x00000007b9c00000,0x00000007b9c00000,0x00000007be700000)
  from space 12800K, 100% used [0x00000007be700000,0x00000007bf380000,0x00000007bf380000)
  to   space 12800K, 0% used [0x00000007bf380000,0x00000007bf380000,0x00000007c0000000)
 ParOldGen       total 665088K, used 96352K [0x00000006c1800000, 0x00000006ea180000, 0x00000007b9c00000)
  object space 665088K, 14% used [0x00000006c1800000,0x00000006c7618000,0x00000006ea180000)
 Metaspace       used 2707K, capacity 4486K, committed 4864K, reserved 1056768K
  class space    used 302K, capacity 386K, committed 512K, reserved 1048576K
}
{Heap before GC invocations=754 (full 38):
 PSYoungGen      total 89600K, used 89600K [0x00000007b9c00000, 0x00000007c0000000, 0x00000007c0000000)
  eden space 76800K, 100% used [0x00000007b9c00000,0x00000007be700000,0x00000007be700000)
  from space 12800K, 100% used [0x00000007be700000,0x00000007bf380000,0x00000007bf380000)
  to   space 12800K, 0% used [0x00000007bf380000,0x00000007bf380000,0x00000007c0000000)
 ParOldGen       total 665088K, used 96352K [0x00000006c1800000, 0x00000006ea180000, 0x00000007b9c00000)
  object space 665088K, 14% used [0x00000006c1800000,0x00000006c7618000,0x00000006ea180000)
 Metaspace       used 2707K, capacity 4486K, committed 4864K, reserved 1056768K
  class space    used 302K, capacity 386K, committed 512K, reserved 1048576K
Heap after GC invocations=754 (full 38):
 PSYoungGen      total 89600K, used 12800K [0x00000007b9c00000, 0x00000007c0000000, 0x00000007c0000000)
  eden space 76800K, 0% used [0x00000007b9c00000,0x00000007b9c00000,0x00000007be700000)
  from space 12800K, 100% used [0x00000007bf380000,0x00000007c0000000,0x00000007c0000000)
  to   space 12800K, 0% used [0x00000007be700000,0x00000007be700000,0x00000007bf380000)
 ParOldGen       total 665088K, used 116520K [0x00000006c1800000, 0x00000006ea180000, 0x00000007b9c00000)
  object space 665088K, 17% used [0x00000006c1800000,0x00000006c89ca000,0x00000006ea180000)
 Metaspace       used 2707K, capacity 4486K, committed 4864K, reserved 1056768K
  class space    used 302K, capacity 386K, committed 512K, reserved 1048576K
}
{Heap before GC invocations=755 (full 38):
 PSYoungGen      total 89600K, used 89600K [0x00000007b9c00000, 0x00000007c0000000, 0x00000007c0000000)
  eden space 76800K, 100% used [0x00000007b9c00000,0x00000007be700000,0x00000007be700000)
  from space 12800K, 100% used [0x00000007bf380000,0x00000007c0000000,0x00000007c0000000)
  to   space 12800K, 0% used [0x00000007be700000,0x00000007be700000,0x00000007bf380000)
 ParOldGen       total 665088K, used 116520K [0x00000006c1800000, 0x00000006ea180000, 0x00000007b9c00000)
  object space 665088K, 17% used [0x00000006c1800000,0x00000006c89ca000,0x00000006ea180000)
 Metaspace       used 2707K, capacity 4486K, committed 4864K, reserved 1056768K
  class space    used 302K, capacity 386K, committed 512K, reserved 1048576K
Heap after GC invocations=755 (full 38):
 PSYoungGen      total 89600K, used 12800K [0x00000007b9c00000, 0x00000007c0000000, 0x00000007c0000000)
  eden space 76800K, 0% used [0x00000007b9c00000,0x00000007b9c00000,0x00000007be700000)
  from space 12800K, 100% used [0x00000007be700000,0x00000007bf380000,0x00000007bf380000)
  to   space 12800K, 0% used [0x00000007bf380000,0x00000007bf380000,0x00000007c0000000)
 ParOldGen       total 665088K, used 136688K [0x00000006c1800000, 0x00000006ea180000, 0x00000007b9c00000)
  object space 665088K, 20% used [0x00000006c1800000,0x00000006c9d7c000,0x00000006ea180000)
 Metaspace       used 2707K, capacity 4486K, committed 4864K, reserved 1056768K
  class space    used 302K, capacity 386K, committed 512K, reserved 1048576K
}
{Heap before GC invocations=756 (full 38):
 PSYoungGen      total 89600K, used 89600K [0x00000007b9c00000, 0x00000007c0000000, 0x00000007c0000000)
  eden space 76800K, 100% used [0x00000007b9c00000,0x00000007be700000,0x00000007be700000)
  from space 12800K, 100% used [0x00000007be700000,0x00000007bf380000,0x00000007bf380000)
  to   space 12800K, 0% used [0x00000007bf380000,0x00000007bf380000,0x00000007c0000000)
 ParOldGen       total 665088K, used 136688K [0x00000006c1800000, 0x00000006ea180000, 0x00000007b9c00000)
  object space 665088K, 20% used [0x00000006c1800000,0x00000006c9d7c000,0x00000006ea180000)
 Metaspace       used 2707K, capacity 4486K, committed 4864K, reserved 1056768K
  class space    used 302K, capacity 386K, committed 512K, reserved 1048576K
Heap after GC invocations=756 (full 38):
 PSYoungGen      total 89600K, used 12800K [0x00000007b9c00000, 0x00000007c0000000, 0x00000007c0000000)
  eden space 76800K, 0% used [0x00000007b9c00000,0x00000007b9c00000,0x00000007be700000)
  from space 12800K, 100% used [0x00000007bf380000,0x00000007c0000000,0x00000007c0000000)
  to   space 12800K, 0% used [0x00000007be700000,0x00000007be700000,0x00000007bf380000)
 ParOldGen       total 665088K, used 156856K [0x00000006c1800000, 0x00000006ea180000, 0x00000007b9c00000)
  object space 665088K, 23% used [0x00000006c1800000,0x00000006cb12e000,0x00000006ea180000)
 Metaspace       used 2707K, capacity 4486K, committed 4864K, reserved 1056768K
  class space    used 302K, capacity 386K, committed 512K, reserved 1048576K
}
{Heap before GC invocations=757 (full 38):
 PSYoungGen      total 89600K, used 89600K [0x00000007b9c00000, 0x00000007c0000000, 0x00000007c0000000)
  eden space 76800K, 100% used [0x00000007b9c00000,0x00000007be700000,0x00000007be700000)
  from space 12800K, 100% used [0x00000007bf380000,0x00000007c0000000,0x00000007c0000000)
  to   space 12800K, 0% used [0x00000007be700000,0x00000007be700000,0x00000007bf380000)
 ParOldGen       total 665088K, used 156856K [0x00000006c1800000, 0x00000006ea180000, 0x00000007b9c00000)
  object space 665088K, 23% used [0x00000006c1800000,0x00000006cb12e000,0x00000006ea180000)
 Metaspace       used 2707K, capacity 4486K, committed 4864K, reserved 1056768K
  class space    used 302K, capacity 386K, committed 512K, reserved 1048576K
Heap after GC invocations=757 (full 38):
 PSYoungGen      total 89600K, used 12800K [0x00000007b9c00000, 0x00000007c0000000, 0x00000007c0000000)
  eden space 76800K, 0% used [0x00000007b9c00000,0x00000007b9c00000,0x00000007be700000)
  from space 12800K, 100% used [0x00000007be700000,0x00000007bf380000,0x00000007bf380000)
  to   space 12800K, 0% used [0x00000007bf380000,0x00000007bf380000,0x00000007c0000000)
 ParOldGen       total 665088K, used 177024K [0x00000006c1800000, 0x00000006ea180000, 0x00000007b9c00000)
  object space 665088K, 26% used [0x00000006c1800000,0x00000006cc4e0000,0x00000006ea180000)
 Metaspace       used 2707K, capacity 4486K, committed 4864K, reserved 1056768K
  class space    used 302K, capacity 386K, committed 512K, reserved 1048576K
}
{Heap before GC invocations=758 (full 38):
 PSYoungGen      total 89600K, used 89600K [0x00000007b9c00000, 0x00000007c0000000, 0x00000007c0000000)
  eden space 76800K, 100% used [0x00000007b9c00000,0x00000007be700000,0x00000007be700000)
  from space 12800K, 100% used [0x00000007be700000,0x00000007bf380000,0x00000007bf380000)
  to   space 12800K, 0% used [0x00000007bf380000,0x00000007bf380000,0x00000007c0000000)
 ParOldGen       total 665088K, used 177024K [0x00000006c1800000, 0x00000006ea180000, 0x00000007b9c00000)
  object space 665088K, 26% used [0x00000006c1800000,0x00000006cc4e0000,0x00000006ea180000)
 Metaspace       used 2707K, capacity 4486K, committed 4864K, reserved 1056768K
  class space    used 302K, capacity 386K, committed 512K, reserved 1048576K
Heap after GC invocations=758 (full 38):
 PSYoungGen      total 89600K, used 12800K [0x00000007b9c00000, 0x00000007c0000000, 0x00000007c0000000)
  eden space 76800K, 0% used [0x00000007b9c00000,0x00000007b9c00000,0x00000007be700000)
  from space 12800K, 100% used [0x00000007bf380000,0x00000007c0000000,0x00000007c0000000)
  to   space 12800K, 0% used [0x00000007be700000,0x00000007be700000,0x00000007bf380000)
 ParOldGen       total 665088K, used 197184K [0x00000006c1800000, 0x00000006ea180000, 0x00000007b9c00000)
  object space 665088K, 29% used [0x00000006c1800000,0x00000006cd890000,0x00000006ea180000)
 Metaspace       used 2707K, capacity 4486K, committed 4864K, reserved 1056768K
  class space    used 302K, capacity 386K, committed 512K, reserved 1048576K
}
{Heap before GC invocations=759 (full 38):
 PSYoungGen      total 89600K, used 89600K [0x00000007b9c00000, 0x00000007c0000000, 0x00000007c0000000)
  eden space 76800K, 100% used [0x00000007b9c00000,0x00000007be700000,0x00000007be700000)
  from space 12800K, 100% used [0x00000007bf380000,0x00000007c0000000,0x00000007c0000000)
  to   space 12800K, 0% used [0x00000007be700000,0x00000007be700000,0x00000007bf380000)
 ParOldGen       total 665088K, used 197184K [0x00000006c1800000, 0x00000006ea180000, 0x00000007b9c00000)
  object space 665088K, 29% used [0x00000006c1800000,0x00000006cd890000,0x00000006ea180000)
 Metaspace       used 2707K, capacity 4486K, committed 4864K, reserved 1056768K
  class space    used 302K, capacity 386K, committed 512K, reserved 1048576K
Heap after GC invocations=759 (full 38):
 PSYoungGen      total 89600K, used 12800K [0x00000007b9c00000, 0x00000007c0000000, 0x00000007c0000000)
  eden space 76800K, 0% used [0x00000007b9c00000,0x00000007b9c00000,0x00000007be700000)
  from space 12800K, 100% used [0x00000007be700000,0x00000007bf380000,0x00000007bf380000)
  to   space 12800K, 0% used [0x00000007bf380000,0x00000007bf380000,0x00000007c0000000)
 ParOldGen       total 665088K, used 217352K [0x00000006c1800000, 0x00000006ea180000, 0x00000007b9c00000)
  object space 665088K, 32% used [0x00000006c1800000,0x00000006cec42000,0x00000006ea180000)
 Metaspace       used 2707K, capacity 4486K, committed 4864K, reserved 1056768K
  class space    used 302K, capacity 386K, committed 512K, reserved 1048576K
}
{Heap before GC invocations=760 (full 38):
 PSYoungGen      total 89600K, used 89600K [0x00000007b9c00000, 0x00000007c0000000, 0x00000007c0000000)
  eden space 76800K, 100% used [0x00000007b9c00000,0x00000007be700000,0x00000007be700000)
  from space 12800K, 100% used [0x00000007be700000,0x00000007bf380000,0x00000007bf380000)
  to   space 12800K, 0% used [0x00000007bf380000,0x00000007bf380000,0x00000007c0000000)
 ParOldGen       total 665088K, used 217352K [0x00000006c1800000, 0x00000006ea180000, 0x00000007b9c00000)
  object space 665088K, 32% used [0x00000006c1800000,0x00000006cec42000,0x00000006ea180000)
 Metaspace       used 2707K, capacity 4486K, committed 4864K, reserved 1056768K
  class space    used 302K, capacity 386K, committed 512K, reserved 1048576K
Heap after GC invocations=760 (full 38):
 PSYoungGen      total 89600K, used 12800K [0x00000007b9c00000, 0x00000007c0000000, 0x00000007c0000000)
  eden space 76800K, 0% used [0x00000007b9c00000,0x00000007b9c00000,0x00000007be700000)
  from space 12800K, 100% used [0x00000007bf380000,0x00000007c0000000,0x00000007c0000000)
  to   space 12800K, 0% used [0x00000007be700000,0x00000007be700000,0x00000007bf380000)
 ParOldGen       total 665088K, used 237520K [0x00000006c1800000, 0x00000006ea180000, 0x00000007b9c00000)
  object space 665088K, 35% used [0x00000006c1800000,0x00000006cfff4000,0x00000006ea180000)
 Metaspace       used 2707K, capacity 4486K, committed 4864K, reserved 1056768K
  class space    used 302K, capacity 386K, committed 512K, reserved 1048576K
}
{Heap before GC invocations=761 (full 38):
 PSYoungGen      total 89600K, used 89600K [0x00000007b9c00000, 0x00000007c0000000, 0x00000007c0000000)
  eden space 76800K, 100% used [0x00000007b9c00000,0x00000007be700000,0x00000007be700000)
  from space 12800K, 100% used [0x00000007bf380000,0x00000007c0000000,0x00000007c0000000)
  to   space 12800K, 0% used [0x00000007be700000,0x00000007be700000,0x00000007bf380000)
 ParOldGen       total 665088K, used 237520K [0x00000006c1800000, 0x00000006ea180000, 0x00000007b9c00000)
  object space 665088K, 35% used [0x00000006c1800000,0x00000006cfff4000,0x00000006ea180000)
 Metaspace       used 2707K, capacity 4486K, committed 4864K, reserved 1056768K
  class space    used 302K, capacity 386K, committed 512K, reserved 1048576K
Heap after GC invocations=761 (full 38):
 PSYoungGen      total 89600K, used 12800K [0x00000007b9c00000, 0x00000007c0000000, 0x00000007c0000000)
  eden space 76800K, 0% used [0x00000007b9c00000,0x00000007b9c00000,0x00000007be700000)
  from space 12800K, 100% used [0x00000007be700000,0x00000007bf380000,0x00000007bf380000)
  to   space 12800K, 0% used [0x00000007bf380000,0x00000007bf380000,0x00000007c0000000)
 ParOldGen       total 665088K, used 257688K [0x00000006c1800000, 0x00000006ea180000, 0x00000007b9c00000)
  object space 665088K, 38% used [0x00000006c1800000,0x00000006d13a6000,0x00000006ea180000)
 Metaspace       used 2707K, capacity 4486K, committed 4864K, reserved 1056768K
  class space    used 302K, capacity 386K, committed 512K, reserved 1048576K
}
{Heap before GC invocations=762 (full 38):
 PSYoungGen      total 89600K, used 89600K [0x00000007b9c00000, 0x00000007c0000000, 0x00000007c0000000)
  eden space 76800K, 100% used [0x00000007b9c00000,0x00000007be700000,0x00000007be700000)
  from space 12800K, 100% used [0x00000007be700000,0x00000007bf380000,0x00000007bf380000)
  to   space 12800K, 0% used [0x00000007bf380000,0x00000007bf380000,0x00000007c0000000)
 ParOldGen       total 665088K, used 257688K [0x00000006c1800000, 0x00000006ea180000, 0x00000007b9c00000)
  object space 665088K, 38% used [0x00000006c1800000,0x00000006d13a6000,0x00000006ea180000)
 Metaspace       used 2707K, capacity 4486K, committed 4864K, reserved 1056768K
  class space    used 302K, capacity 386K, committed 512K, reserved 1048576K
Heap after GC invocations=762 (full 38):
 PSYoungGen      total 89600K, used 12800K [0x00000007b9c00000, 0x00000007c0000000, 0x00000007c0000000)
  eden space 76800K, 0% used [0x00000007b9c00000,0x00000007b9c00000,0x00000007be700000)
  from space 12800K, 100% used [0x00000007bf380000,0x00000007c0000000,0x00000007c0000000)
  to   space 12800K, 0% used [0x00000007be700000,0x00000007be700000,0x00000007bf380000)
 ParOldGen       total 665088K, used 277856K [0x00000006c1800000, 0x00000006ea180000, 0x00000007b9c00000)
  object space 665088K, 41% used [0x00000006c1800000,0x00000006d2758000,0x00000006ea180000)
 Metaspace       used 2707K, capacity 4486K, committed 4864K, reserved 1056768K
  class space    used 302K, capacity 386K, committed 512K, reserved 1048576K
}
{Heap before GC invocations=763 (full 38):
 PSYoungGen      total 89600K, used 89600K [0x00000007b9c00000, 0x00000007c0000000, 0x00000007c0000000)
  eden space 76800K, 100% used [0x00000007b9c00000,0x00000007be700000,0x00000007be700000)
  from space 12800K, 100% used [0x00000007bf380000,0x00000007c0000000,0x00000007c0000000)
  to   space 12800K, 0% used [0x00000007be700000,0x00000007be700000,0x00000007bf380000)
 ParOldGen       total 665088K, used 277856K [0x00000006c1800000, 0x00000006ea180000, 0x00000007b9c00000)
  object space 665088K, 41% used [0x00000006c1800000,0x00000006d2758000,0x00000006ea180000)
 Metaspace       used 2707K, capacity 4486K, committed 4864K, reserved 1056768K
  class space    used 302K, capacity 386K, committed 512K, reserved 1048576K
Heap after GC invocations=763 (full 38):
 PSYoungGen      total 89600K, used 12800K [0x00000007b9c00000, 0x00000007c0000000, 0x00000007c0000000)
  eden space 76800K, 0% used [0x00000007b9c00000,0x00000007b9c00000,0x00000007be700000)
  from space 12800K, 100% used [0x00000007be700000,0x00000007bf380000,0x00000007bf380000)
  to   space 12800K, 0% used [0x00000007bf380000,0x00000007bf380000,0x00000007c0000000)
 ParOldGen       total 665088K, used 298024K [0x00000006c1800000, 0x00000006ea180000, 0x00000007b9c00000)
  object space 665088K, 44% used [0x00000006c1800000,0x00000006d3b0a000,0x00000006ea180000)
 Metaspace       used 2707K, capacity 4486K, committed 4864K, reserved 1056768K
  class space    used 302K, capacity 386K, committed 512K, reserved 1048576K
}
{Heap before GC invocations=764 (full 38):
 PSYoungGen      total 89600K, used 89600K [0x00000007b9c00000, 0x00000007c0000000, 0x00000007c0000000)
  eden space 76800K, 100% used [0x00000007b9c00000,0x00000007be700000,0x00000007be700000)
  from space 12800K, 100% used [0x00000007be700000,0x00000007bf380000,0x00000007bf380000)
  to   space 12800K, 0% used [0x00000007bf380000,0x00000007bf380000,0x00000007c0000000)
 ParOldGen       total 665088K, used 298024K [0x00000006c1800000, 0x00000006ea180000, 0x00000007b9c00000)
  object space 665088K, 44% used [0x00000006c1800000,0x00000006d3b0a000,0x00000006ea180000)
 Metaspace       used 2707K, capacity 4486K, committed 4864K, reserved 1056768K
  class space    used 302K, capacity 386K, committed 512K, reserved 1048576K
Heap after GC invocations=764 (full 38):
 PSYoungGen      total 89600K, used 12800K [0x00000007b9c00000, 0x00000007c0000000, 0x00000007c0000000)
  eden space 76800K, 0% used [0x00000007b9c00000,0x00000007b9c00000,0x00000007be700000)
  from space 12800K, 100% used [0x00000007bf380000,0x00000007c0000000,0x00000007c0000000)
  to   space 12800K, 0% used [0x00000007be700000,0x00000007be700000,0x00000007bf380000)
 ParOldGen       total 665088K, used 318184K [0x00000006c1800000, 0x00000006ea180000, 0x00000007b9c00000)
  object space 665088K, 47% used [0x00000006c1800000,0x00000006d4eba000,0x00000006ea180000)
 Metaspace       used 2707K, capacity 4486K, committed 4864K, reserved 1056768K
  class space    used 302K, capacity 386K, committed 512K, reserved 1048576K
}
{Heap before GC invocations=765 (full 38):
 PSYoungGen      total 89600K, used 89600K [0x00000007b9c00000, 0x00000007c0000000, 0x00000007c0000000)
  eden space 76800K, 100% used [0x00000007b9c00000,0x00000007be700000,0x00000007be700000)
  from space 12800K, 100% used [0x00000007bf380000,0x00000007c0000000,0x00000007c0000000)
  to   space 12800K, 0% used [0x00000007be700000,0x00000007be700000,0x00000007bf380000)
 ParOldGen       total 665088K, used 318184K [0x00000006c1800000, 0x00000006ea180000, 0x00000007b9c00000)
  object space 665088K, 47% used [0x00000006c1800000,0x00000006d4eba000,0x00000006ea180000)
 Metaspace       used 2707K, capacity 4486K, committed 4864K, reserved 1056768K
  class space    used 302K, capacity 386K, committed 512K, reserved 1048576K
Heap after GC invocations=765 (full 38):
 PSYoungGen      total 89600K, used 12800K [0x00000007b9c00000, 0x00000007c0000000, 0x00000007c0000000)
  eden space 76800K, 0% used [0x00000007b9c00000,0x00000007b9c00000,0x00000007be700000)
  from space 12800K, 100% used [0x00000007be700000,0x00000007bf380000,0x00000007bf380000)
  to   space 12800K, 0% used [0x00000007bf380000,0x00000007bf380000,0x00000007c0000000)
 ParOldGen       total 665088K, used 338352K [0x00000006c1800000, 0x00000006ea180000, 0x00000007b9c00000)
  object space 665088K, 50% used [0x00000006c1800000,0x00000006d626c000,0x00000006ea180000)
 Metaspace       used 2707K, capacity 4486K, committed 4864K, reserved 1056768K
  class space    used 302K, capacity 386K, committed 512K, reserved 1048576K
}
{Heap before GC invocations=766 (full 38):
 PSYoungGen      total 89600K, used 89600K [0x00000007b9c00000, 0x00000007c0000000, 0x00000007c0000000)
  eden space 76800K, 100% used [0x00000007b9c00000,0x00000007be700000,0x00000007be700000)
  from space 12800K, 100% used [0x00000007be700000,0x00000007bf380000,0x00000007bf380000)
  to   space 12800K, 0% used [0x00000007bf380000,0x00000007bf380000,0x00000007c0000000)
 ParOldGen       total 665088K, used 338352K [0x00000006c1800000, 0x00000006ea180000, 0x00000007b9c00000)
  object space 665088K, 50% used [0x00000006c1800000,0x00000006d626c000,0x00000006ea180000)
 Metaspace       used 2707K, capacity 4486K, committed 4864K, reserved 1056768K
  class space    used 302K, capacity 386K, committed 512K, reserved 1048576K
Heap after GC invocations=766 (full 38):
 PSYoungGen      total 89600K, used 12800K [0x00000007b9c00000, 0x00000007c0000000, 0x00000007c0000000)
  eden space 76800K, 0% used [0x00000007b9c00000,0x00000007b9c00000,0x00000007be700000)
  from space 12800K, 100% used [0x00000007bf380000,0x00000007c0000000,0x00000007c0000000)
  to   space 12800K, 0% used [0x00000007be700000,0x00000007be700000,0x00000007bf380000)
 ParOldGen       total 665088K, used 358512K [0x00000006c1800000, 0x00000006ea180000, 0x00000007b9c00000)
  object space 665088K, 53% used [0x00000006c1800000,0x00000006d761c000,0x00000006ea180000)
 Metaspace       used 2707K, capacity 4486K, committed 4864K, reserved 1056768K
  class space    used 302K, capacity 386K, committed 512K, reserved 1048576K
}
{Heap before GC invocations=767 (full 38):
 PSYoungGen      total 89600K, used 89600K [0x00000007b9c00000, 0x00000007c0000000, 0x00000007c0000000)
  eden space 76800K, 100% used [0x00000007b9c00000,0x00000007be700000,0x00000007be700000)
  from space 12800K, 100% used [0x00000007bf380000,0x00000007c0000000,0x00000007c0000000)
  to   space 12800K, 0% used [0x00000007be700000,0x00000007be700000,0x00000007bf380000)
 ParOldGen       total 665088K, used 358512K [0x00000006c1800000, 0x00000006ea180000, 0x00000007b9c00000)
  object space 665088K, 53% used [0x00000006c1800000,0x00000006d761c000,0x00000006ea180000)
 Metaspace       used 2707K, capacity 4486K, committed 4864K, reserved 1056768K
  class space    used 302K, capacity 386K, committed 512K, reserved 1048576K
Heap after GC invocations=767 (full 38):
 PSYoungGen      total 89600K, used 12800K [0x00000007b9c00000, 0x00000007c0000000, 0x00000007c0000000)
  eden space 76800K, 0% used [0x00000007b9c00000,0x00000007b9c00000,0x00000007be700000)
  from space 12800K, 100% used [0x00000007be700000,0x00000007bf380000,0x00000007bf380000)
  to   space 12800K, 0% used [0x00000007bf380000,0x00000007bf380000,0x00000007c0000000)
 ParOldGen       total 665088K, used 378680K [0x00000006c1800000, 0x00000006ea180000, 0x00000007b9c00000)
  object space 665088K, 56% used [0x00000006c1800000,0x00000006d89ce000,0x00000006ea180000)
 Metaspace       used 2707K, capacity 4486K, committed 4864K, reserved 1056768K
  class space    used 302K, capacity 386K, committed 512K, reserved 1048576K
}
{Heap before GC invocations=768 (full 38):
 PSYoungGen      total 89600K, used 89600K [0x00000007b9c00000, 0x00000007c0000000, 0x00000007c0000000)
  eden space 76800K, 100% used [0x00000007b9c00000,0x00000007be700000,0x00000007be700000)
  from space 12800K, 100% used [0x00000007be700000,0x00000007bf380000,0x00000007bf380000)
  to   space 12800K, 0% used [0x00000007bf380000,0x00000007bf380000,0x00000007c0000000)
 ParOldGen       total 665088K, used 378680K [0x00000006c1800000, 0x00000006ea180000, 0x00000007b9c00000)
  object space 665088K, 56% used [0x00000006c1800000,0x00000006d89ce000,0x00000006ea180000)
 Metaspace       used 2707K, capacity 4486K, committed 4864K, reserved 1056768K
  class space    used 302K, capacity 386K, committed 512K, reserved 1048576K
Heap after GC invocations=768 (full 38):
 PSYoungGen      total 89600K, used 12800K [0x00000007b9c00000, 0x00000007c0000000, 0x00000007c0000000)
  eden space 76800K, 0% used [0x00000007b9c00000,0x00000007b9c00000,0x00000007be700000)
  from space 12800K, 100% used [0x00000007bf380000,0x00000007c0000000,0x00000007c0000000)
  to   space 12800K, 0% used [0x00000007be700000,0x00000007be700000,0x00000007bf380000)
 ParOldGen       total 665088K, used 398848K [0x00000006c1800000, 0x00000006ea180000, 0x00000007b9c00000)
  object space 665088K, 59% used [0x00000006c1800000,0x00000006d9d80000,0x00000006ea180000)
 Metaspace       used 2707K, capacity 4486K, committed 4864K, reserved 1056768K
  class space    used 302K, capacity 386K, committed 512K, reserved 1048576K
}
{Heap before GC invocations=769 (full 38):
 PSYoungGen      total 89600K, used 89600K [0x00000007b9c00000, 0x00000007c0000000, 0x00000007c0000000)
  eden space 76800K, 100% used [0x00000007b9c00000,0x00000007be700000,0x00000007be700000)
  from space 12800K, 100% used [0x00000007bf380000,0x00000007c0000000,0x00000007c0000000)
  to   space 12800K, 0% used [0x00000007be700000,0x00000007be700000,0x00000007bf380000)
 ParOldGen       total 665088K, used 398848K [0x00000006c1800000, 0x00000006ea180000, 0x00000007b9c00000)
  object space 665088K, 59% used [0x00000006c1800000,0x00000006d9d80000,0x00000006ea180000)
 Metaspace       used 2707K, capacity 4486K, committed 4864K, reserved 1056768K
  class space    used 302K, capacity 386K, committed 512K, reserved 1048576K
Heap after GC invocations=769 (full 38):
 PSYoungGen      total 89600K, used 12800K [0x00000007b9c00000, 0x00000007c0000000, 0x00000007c0000000)
  eden space 76800K, 0% used [0x00000007b9c00000,0x00000007b9c00000,0x00000007be700000)
  from space 12800K, 100% used [0x00000007be700000,0x00000007bf380000,0x00000007bf380000)
  to   space 12800K, 0% used [0x00000007bf380000,0x00000007bf380000,0x00000007c0000000)
 ParOldGen       total 665088K, used 419016K [0x00000006c1800000, 0x00000006ea180000, 0x00000007b9c00000)
  object space 665088K, 63% used [0x00000006c1800000,0x00000006db132000,0x00000006ea180000)
 Metaspace       used 2707K, capacity 4486K, committed 4864K, reserved 1056768K
  class space    used 302K, capacity 386K, committed 512K, reserved 1048576K
}
{Heap before GC invocations=770 (full 38):
 PSYoungGen      total 89600K, used 89600K [0x00000007b9c00000, 0x00000007c0000000, 0x00000007c0000000)
  eden space 76800K, 100% used [0x00000007b9c00000,0x00000007be700000,0x00000007be700000)
  from space 12800K, 100% used [0x00000007be700000,0x00000007bf380000,0x00000007bf380000)
  to   space 12800K, 0% used [0x00000007bf380000,0x00000007bf380000,0x00000007c0000000)
 ParOldGen       total 665088K, used 419016K [0x00000006c1800000, 0x00000006ea180000, 0x00000007b9c00000)
  object space 665088K, 63% used [0x00000006c1800000,0x00000006db132000,0x00000006ea180000)
 Metaspace       used 2707K, capacity 4486K, committed 4864K, reserved 1056768K
  class space    used 302K, capacity 386K, committed 512K, reserved 1048576K
Heap after GC invocations=770 (full 38):
 PSYoungGen      total 89600K, used 12800K [0x00000007b9c00000, 0x00000007c0000000, 0x00000007c0000000)
  eden space 76800K, 0% used [0x00000007b9c00000,0x00000007b9c00000,0x00000007be700000)
  from space 12800K, 100% used [0x00000007bf380000,0x00000007c0000000,0x00000007c0000000)
  to   space 12800K, 0% used [0x00000007be700000,0x00000007be700000,0x00000007bf380000)
 ParOldGen       total 665088K, used 439176K [0x00000006c1800000, 0x00000006ea180000, 0x00000007b9c00000)
  object space 665088K, 66% used [0x00000006c1800000,0x00000006dc4e2000,0x00000006ea180000)
 Metaspace       used 2707K, capacity 4486K, committed 4864K, reserved 1056768K
  class space    used 302K, capacity 386K, committed 512K, reserved 1048576K
}
{Heap before GC invocations=771 (full 38):
 PSYoungGen      total 89600K, used 89600K [0x00000007b9c00000, 0x00000007c0000000, 0x00000007c0000000)
  eden space 76800K, 100% used [0x00000007b9c00000,0x00000007be700000,0x00000007be700000)
  from space 12800K, 100% used [0x00000007bf380000,0x00000007c0000000,0x00000007c0000000)
  to   space 12800K, 0% used [0x00000007be700000,0x00000007be700000,0x00000007bf380000)
 ParOldGen       total 665088K, used 439176K [0x00000006c1800000, 0x00000006ea180000, 0x00000007b9c00000)
  object space 665088K, 66% used [0x00000006c1800000,0x00000006dc4e2000,0x00000006ea180000)
 Metaspace       used 2707K, capacity 4486K, committed 4864K, reserved 1056768K
  class space    used 302K, capacity 386K, committed 512K, reserved 1048576K
Heap after GC invocations=771 (full 38):
 PSYoungGen      total 89600K, used 12800K [0x00000007b9c00000, 0x00000007c0000000, 0x00000007c0000000)
  eden space 76800K, 0% used [0x00000007b9c00000,0x00000007b9c00000,0x00000007be700000)
  from space 12800K, 100% used [0x00000007be700000,0x00000007bf380000,0x00000007bf380000)
  to   space 12800K, 0% used [0x00000007bf380000,0x00000007bf380000,0x00000007c0000000)
 ParOldGen       total 665088K, used 459336K [0x00000006c1800000, 0x00000006ea180000, 0x00000007b9c00000)
  object space 665088K, 69% used [0x00000006c1800000,0x00000006dd892000,0x00000006ea180000)
 Metaspace       used 2707K, capacity 4486K, committed 4864K, reserved 1056768K
  class space    used 302K, capacity 386K, committed 512K, reserved 1048576K
}
{Heap before GC invocations=772 (full 38):
 PSYoungGen      total 89600K, used 89600K [0x00000007b9c00000, 0x00000007c0000000, 0x00000007c0000000)
  eden space 76800K, 100% used [0x00000007b9c00000,0x00000007be700000,0x00000007be700000)
  from space 12800K, 100% used [0x00000007be700000,0x00000007bf380000,0x00000007bf380000)
  to   space 12800K, 0% used [0x00000007bf380000,0x00000007bf380000,0x00000007c0000000)
 ParOldGen       total 665088K, used 459336K [0x00000006c1800000, 0x00000006ea180000, 0x00000007b9c00000)
  object space 665088K, 69% used [0x00000006c1800000,0x00000006dd892000,0x00000006ea180000)
 Metaspace       used 2707K, capacity 4486K, committed 4864K, reserved 1056768K
  class space    used 302K, capacity 386K, committed 512K, reserved 1048576K
Heap after GC invocations=772 (full 38):
 PSYoungGen      total 89600K, used 12800K [0x00000007b9c00000, 0x00000007c0000000, 0x00000007c0000000)
  eden space 76800K, 0% used [0x00000007b9c00000,0x00000007b9c00000,0x00000007be700000)
  from space 12800K, 100% used [0x00000007bf380000,0x00000007c0000000,0x00000007c0000000)
  to   space 12800K, 0% used [0x00000007be700000,0x00000007be700000,0x00000007bf380000)
 ParOldGen       total 665088K, used 479504K [0x00000006c1800000, 0x00000006ea180000, 0x00000007b9c00000)
  object space 665088K, 72% used [0x00000006c1800000,0x00000006dec44000,0x00000006ea180000)
 Metaspace       used 2707K, capacity 4486K, committed 4864K, reserved 1056768K
  class space    used 302K, capacity 386K, committed 512K, reserved 1048576K
}
{Heap before GC invocations=773 (full 38):
 PSYoungGen      total 89600K, used 89600K [0x00000007b9c00000, 0x00000007c0000000, 0x00000007c0000000)
  eden space 76800K, 100% used [0x00000007b9c00000,0x00000007be700000,0x00000007be700000)
  from space 12800K, 100% used [0x00000007bf380000,0x00000007c0000000,0x00000007c0000000)
  to   space 12800K, 0% used [0x00000007be700000,0x00000007be700000,0x00000007bf380000)
 ParOldGen       total 665088K, used 479504K [0x00000006c1800000, 0x00000006ea180000, 0x00000007b9c00000)
  object space 665088K, 72% used [0x00000006c1800000,0x00000006dec44000,0x00000006ea180000)
 Metaspace       used 2707K, capacity 4486K, committed 4864K, reserved 1056768K
  class space    used 302K, capacity 386K, committed 512K, reserved 1048576K
Heap after GC invocations=773 (full 38):
 PSYoungGen      total 89600K, used 12800K [0x00000007b9c00000, 0x00000007c0000000, 0x00000007c0000000)
  eden space 76800K, 0% used [0x00000007b9c00000,0x00000007b9c00000,0x00000007be700000)
  from space 12800K, 100% used [0x00000007be700000,0x00000007bf380000,0x00000007bf380000)
  to   space 12800K, 0% used [0x00000007bf380000,0x00000007bf380000,0x00000007c0000000)
 ParOldGen       total 665088K, used 499672K [0x00000006c1800000, 0x00000006ea180000, 0x00000007b9c00000)
  object space 665088K, 75% used [0x00000006c1800000,0x00000006dfff6000,0x00000006ea180000)
 Metaspace       used 2707K, capacity 4486K, committed 4864K, reserved 1056768K
  class space    used 302K, capacity 386K, committed 512K, reserved 1048576K
}
{Heap before GC invocations=774 (full 38):
 PSYoungGen      total 89600K, used 89600K [0x00000007b9c00000, 0x00000007c0000000, 0x00000007c0000000)
  eden space 76800K, 100% used [0x00000007b9c00000,0x00000007be700000,0x00000007be700000)
  from space 12800K, 100% used [0x00000007be700000,0x00000007bf380000,0x00000007bf380000)
  to   space 12800K, 0% used [0x00000007bf380000,0x00000007bf380000,0x00000007c0000000)
 ParOldGen       total 665088K, used 499672K [0x00000006c1800000, 0x00000006ea180000, 0x00000007b9c00000)
  object space 665088K, 75% used [0x00000006c1800000,0x00000006dfff6000,0x00000006ea180000)
 Metaspace       used 2707K, capacity 4486K, committed 4864K, reserved 1056768K
  class space    used 302K, capacity 386K, committed 512K, reserved 1048576K
Heap after GC invocations=774 (full 38):
 PSYoungGen      total 89600K, used 12800K [0x00000007b9c00000, 0x00000007c0000000, 0x00000007c0000000)
  eden space 76800K, 0% used [0x00000007b9c00000,0x00000007b9c00000,0x00000007be700000)
  from space 12800K, 100% used [0x00000007bf380000,0x00000007c0000000,0x00000007c0000000)
  to   space 12800K, 0% used [0x00000007be700000,0x00000007be700000,0x00000007bf380000)
 ParOldGen       total 665088K, used 519840K [0x00000006c1800000, 0x00000006ea180000, 0x00000007b9c00000)
  object space 665088K, 78% used [0x00000006c1800000,0x00000006e13a8000,0x00000006ea180000)
 Metaspace       used 2707K, capacity 4486K, committed 4864K, reserved 1056768K
  class space    used 302K, capacity 386K, committed 512K, reserved 1048576K
}
{Heap before GC invocations=775 (full 38):
 PSYoungGen      total 89600K, used 89600K [0x00000007b9c00000, 0x00000007c0000000, 0x00000007c0000000)
  eden space 76800K, 100% used [0x00000007b9c00000,0x00000007be700000,0x00000007be700000)
  from space 12800K, 100% used [0x00000007bf380000,0x00000007c0000000,0x00000007c0000000)
  to   space 12800K, 0% used [0x00000007be700000,0x00000007be700000,0x00000007bf380000)
 ParOldGen       total 665088K, used 519840K [0x00000006c1800000, 0x00000006ea180000, 0x00000007b9c00000)
  object space 665088K, 78% used [0x00000006c1800000,0x00000006e13a8000,0x00000006ea180000)
 Metaspace       used 2707K, capacity 4486K, committed 4864K, reserved 1056768K
  class space    used 302K, capacity 386K, committed 512K, reserved 1048576K
Heap after GC invocations=775 (full 38):
 PSYoungGen      total 89600K, used 12800K [0x00000007b9c00000, 0x00000007c0000000, 0x00000007c0000000)
  eden space 76800K, 0% used [0x00000007b9c00000,0x00000007b9c00000,0x00000007be700000)
  from space 12800K, 100% used [0x00000007be700000,0x00000007bf380000,0x00000007bf380000)
  to   space 12800K, 0% used [0x00000007bf380000,0x00000007bf380000,0x00000007c0000000)
 ParOldGen       total 665088K, used 540008K [0x00000006c1800000, 0x00000006ea180000, 0x00000007b9c00000)
  object space 665088K, 81% used [0x00000006c1800000,0x00000006e275a000,0x00000006ea180000)
 Metaspace       used 2707K, capacity 4486K, committed 4864K, reserved 1056768K
  class space    used 302K, capacity 386K, committed 512K, reserved 1048576K
}
{Heap before GC invocations=776 (full 38):
 PSYoungGen      total 89600K, used 89600K [0x00000007b9c00000, 0x00000007c0000000, 0x00000007c0000000)
  eden space 76800K, 100% used [0x00000007b9c00000,0x00000007be700000,0x00000007be700000)
  from space 12800K, 100% used [0x00000007be700000,0x00000007bf380000,0x00000007bf380000)
  to   space 12800K, 0% used [0x00000007bf380000,0x00000007bf380000,0x00000007c0000000)
 ParOldGen       total 665088K, used 540008K [0x00000006c1800000, 0x00000006ea180000, 0x00000007b9c00000)
  object space 665088K, 81% used [0x00000006c1800000,0x00000006e275a000,0x00000006ea180000)
 Metaspace       used 2707K, capacity 4486K, committed 4864K, reserved 1056768K
  class space    used 302K, capacity 386K, committed 512K, reserved 1048576K
Heap after GC invocations=776 (full 38):
 PSYoungGen      total 89600K, used 12800K [0x00000007b9c00000, 0x00000007c0000000, 0x00000007c0000000)
  eden space 76800K, 0% used [0x00000007b9c00000,0x00000007b9c00000,0x00000007be700000)
  from space 12800K, 100% used [0x00000007bf380000,0x00000007c0000000,0x00000007c0000000)
  to   space 12800K, 0% used [0x00000007be700000,0x00000007be700000,0x00000007bf380000)
 ParOldGen       total 665088K, used 560168K [0x00000006c1800000, 0x00000006ea180000, 0x00000007b9c00000)
  object space 665088K, 84% used [0x00000006c1800000,0x00000006e3b0a000,0x00000006ea180000)
 Metaspace       used 2707K, capacity 4486K, committed 4864K, reserved 1056768K
  class space    used 302K, capacity 386K, committed 512K, reserved 1048576K
}
{Heap before GC invocations=777 (full 38):
 PSYoungGen      total 89600K, used 89600K [0x00000007b9c00000, 0x00000007c0000000, 0x00000007c0000000)
  eden space 76800K, 100% used [0x00000007b9c00000,0x00000007be700000,0x00000007be700000)
  from space 12800K, 100% used [0x00000007bf380000,0x00000007c0000000,0x00000007c0000000)
  to   space 12800K, 0% used [0x00000007be700000,0x00000007be700000,0x00000007bf380000)
 ParOldGen       total 665088K, used 560168K [0x00000006c1800000, 0x00000006ea180000, 0x00000007b9c00000)
  object space 665088K, 84% used [0x00000006c1800000,0x00000006e3b0a000,0x00000006ea180000)
 Metaspace       used 2707K, capacity 4486K, committed 4864K, reserved 1056768K
  class space    used 302K, capacity 386K, committed 512K, reserved 1048576K
Heap after GC invocations=777 (full 38):
 PSYoungGen      total 89600K, used 12800K [0x00000007b9c00000, 0x00000007c0000000, 0x00000007c0000000)
  eden space 76800K, 0% used [0x00000007b9c00000,0x00000007b9c00000,0x00000007be700000)
  from space 12800K, 100% used [0x00000007be700000,0x00000007bf380000,0x00000007bf380000)
  to   space 12800K, 0% used [0x00000007bf380000,0x00000007bf380000,0x00000007c0000000)
 ParOldGen       total 665088K, used 580336K [0x00000006c1800000, 0x00000006ea180000, 0x00000007b9c00000)
  object space 665088K, 87% used [0x00000006c1800000,0x00000006e4ebc000,0x00000006ea180000)
 Metaspace       used 2707K, capacity 4486K, committed 4864K, reserved 1056768K
  class space    used 302K, capacity 386K, committed 512K, reserved 1048576K
}
{Heap before GC invocations=778 (full 38):
 PSYoungGen      total 89600K, used 89600K [0x00000007b9c00000, 0x00000007c0000000, 0x00000007c0000000)
  eden space 76800K, 100% used [0x00000007b9c00000,0x00000007be700000,0x00000007be700000)
  from space 12800K, 100% used [0x00000007be700000,0x00000007bf380000,0x00000007bf380000)
  to   space 12800K, 0% used [0x00000007bf380000,0x00000007bf380000,0x00000007c0000000)
 ParOldGen       total 665088K, used 580336K [0x00000006c1800000, 0x00000006ea180000, 0x00000007b9c00000)
  object space 665088K, 87% used [0x00000006c1800000,0x00000006e4ebc000,0x00000006ea180000)
 Metaspace       used 2707K, capacity 4486K, committed 4864K, reserved 1056768K
  class space    used 302K, capacity 386K, committed 512K, reserved 1048576K
Heap after GC invocations=778 (full 38):
 PSYoungGen      total 89600K, used 12800K [0x00000007b9c00000, 0x00000007c0000000, 0x00000007c0000000)
  eden space 76800K, 0% used [0x00000007b9c00000,0x00000007b9c00000,0x00000007be700000)
  from space 12800K, 100% used [0x00000007bf380000,0x00000007c0000000,0x00000007c0000000)
  to   space 12800K, 0% used [0x00000007be700000,0x00000007be700000,0x00000007bf380000)
 ParOldGen       total 665088K, used 600504K [0x00000006c1800000, 0x00000006ea180000, 0x00000007b9c00000)
  object space 665088K, 90% used [0x00000006c1800000,0x00000006e626e000,0x00000006ea180000)
 Metaspace       used 2707K, capacity 4486K, committed 4864K, reserved 1056768K
  class space    used 302K, capacity 386K, committed 512K, reserved 1048576K
}
{Heap before GC invocations=779 (full 38):
 PSYoungGen      total 89600K, used 89600K [0x00000007b9c00000, 0x00000007c0000000, 0x00000007c0000000)
  eden space 76800K, 100% used [0x00000007b9c00000,0x00000007be700000,0x00000007be700000)
  from space 12800K, 100% used [0x00000007bf380000,0x00000007c0000000,0x00000007c0000000)
  to   space 12800K, 0% used [0x00000007be700000,0x00000007be700000,0x00000007bf380000)
 ParOldGen       total 665088K, used 600504K [0x00000006c1800000, 0x00000006ea180000, 0x00000007b9c00000)
  object space 665088K, 90% used [0x00000006c1800000,0x00000006e626e000,0x00000006ea180000)
 Metaspace       used 2707K, capacity 4486K, committed 4864K, reserved 1056768K
  class space    used 302K, capacity 386K, committed 512K, reserved 1048576K
Heap after GC invocations=779 (full 38):
 PSYoungGen      total 89600K, used 12800K [0x00000007b9c00000, 0x00000007c0000000, 0x00000007c0000000)
  eden space 76800K, 0% used [0x00000007b9c00000,0x00000007b9c00000,0x00000007be700000)
  from space 12800K, 100% used [0x00000007be700000,0x00000007bf380000,0x00000007bf380000)
  to   space 12800K, 0% used [0x00000007bf380000,0x00000007bf380000,0x00000007c0000000)
 ParOldGen       total 665088K, used 620680K [0x00000006c1800000, 0x00000006ea180000, 0x00000007b9c00000)
  object space 665088K, 93% used [0x00000006c1800000,0x00000006e7622000,0x00000006ea180000)
 Metaspace       used 2707K, capacity 4486K, committed 4864K, reserved 1056768K
  class space    used 302K, capacity 386K, committed 512K, reserved 1048576K
}
{Heap before GC invocations=780 (full 38):
 PSYoungGen      total 89600K, used 89600K [0x00000007b9c00000, 0x00000007c0000000, 0x00000007c0000000)
  eden space 76800K, 100% used [0x00000007b9c00000,0x00000007be700000,0x00000007be700000)
  from space 12800K, 100% used [0x00000007be700000,0x00000007bf380000,0x00000007bf380000)
  to   space 12800K, 0% used [0x00000007bf380000,0x00000007bf380000,0x00000007c0000000)
 ParOldGen       total 665088K, used 620680K [0x00000006c1800000, 0x00000006ea180000, 0x00000007b9c00000)
  object space 665088K, 93% used [0x00000006c1800000,0x00000006e7622000,0x00000006ea180000)
 Metaspace       used 2707K, capacity 4486K, committed 4864K, reserved 1056768K
  class space    used 302K, capacity 386K, committed 512K, reserved 1048576K
Heap after GC invocations=780 (full 38):
 PSYoungGen      total 89600K, used 12800K [0x00000007b9c00000, 0x00000007c0000000, 0x00000007c0000000)
  eden space 76800K, 0% used [0x00000007b9c00000,0x00000007b9c00000,0x00000007be700000)
  from space 12800K, 100% used [0x00000007bf380000,0x00000007c0000000,0x00000007c0000000)
  to   space 12800K, 0% used [0x00000007be700000,0x00000007be700000,0x00000007bf380000)
 ParOldGen       total 665088K, used 640840K [0x00000006c1800000, 0x00000006ea180000, 0x00000007b9c00000)
  object space 665088K, 96% used [0x00000006c1800000,0x00000006e89d2000,0x00000006ea180000)
 Metaspace       used 2707K, capacity 4486K, committed 4864K, reserved 1056768K
  class space    used 302K, capacity 386K, committed 512K, reserved 1048576K
}
{Heap before GC invocations=781 (full 38):
 PSYoungGen      total 89600K, used 89600K [0x00000007b9c00000, 0x00000007c0000000, 0x00000007c0000000)
  eden space 76800K, 100% used [0x00000007b9c00000,0x00000007be700000,0x00000007be700000)
  from space 12800K, 100% used [0x00000007bf380000,0x00000007c0000000,0x00000007c0000000)
  to   space 12800K, 0% used [0x00000007be700000,0x00000007be700000,0x00000007bf380000)
 ParOldGen       total 665088K, used 640840K [0x00000006c1800000, 0x00000006ea180000, 0x00000007b9c00000)
  object space 665088K, 96% used [0x00000006c1800000,0x00000006e89d2000,0x00000006ea180000)
 Metaspace       used 2707K, capacity 4486K, committed 4864K, reserved 1056768K
  class space    used 302K, capacity 386K, committed 512K, reserved 1048576K
Heap after GC invocations=781 (full 38):
 PSYoungGen      total 89600K, used 12800K [0x00000007b9c00000, 0x00000007c0000000, 0x00000007c0000000)
  eden space 76800K, 0% used [0x00000007b9c00000,0x00000007b9c00000,0x00000007be700000)
  from space 12800K, 100% used [0x00000007be700000,0x00000007bf380000,0x00000007bf380000)
  to   space 12800K, 0% used [0x00000007bf380000,0x00000007bf380000,0x00000007c0000000)
 ParOldGen       total 665088K, used 661008K [0x00000006c1800000, 0x00000006ea180000, 0x00000007b9c00000)
  object space 665088K, 99% used [0x00000006c1800000,0x00000006e9d84000,0x00000006ea180000)
 Metaspace       used 2707K, capacity 4486K, committed 4864K, reserved 1056768K
  class space    used 302K, capacity 386K, committed 512K, reserved 1048576K
}
{Heap before GC invocations=782 (full 39):
 PSYoungGen      total 89600K, used 12800K [0x00000007b9c00000, 0x00000007c0000000, 0x00000007c0000000)
  eden space 76800K, 0% used [0x00000007b9c00000,0x00000007b9c00000,0x00000007be700000)
  from space 12800K, 100% used [0x00000007be700000,0x00000007bf380000,0x00000007bf380000)
  to   space 12800K, 0% used [0x00000007bf380000,0x00000007bf380000,0x00000007c0000000)
 ParOldGen       total 665088K, used 661008K [0x00000006c1800000, 0x00000006ea180000, 0x00000007b9c00000)
  object space 665088K, 99% used [0x00000006c1800000,0x00000006e9d84000,0x00000006ea180000)
 Metaspace       used 2707K, capacity 4486K, committed 4864K, reserved 1056768K
  class space    used 302K, capacity 386K, committed 512K, reserved 1048576K
Heap after GC invocations=782 (full 39):
 PSYoungGen      total 89600K, used 0K [0x00000007b9c00000, 0x00000007c0000000, 0x00000007c0000000)
  eden space 76800K, 0% used [0x00000007b9c00000,0x00000007b9c00000,0x00000007be700000)
  from space 12800K, 0% used [0x00000007be700000,0x00000007be700000,0x00000007bf380000)
  to   space 12800K, 0% used [0x00000007bf380000,0x00000007bf380000,0x00000007c0000000)
 ParOldGen       total 677376K, used 35840K [0x00000006c1800000, 0x00000006ead80000, 0x00000007b9c00000)
  object space 677376K, 5% used [0x00000006c1800000,0x00000006c3b00000,0x00000006ead80000)
 Metaspace       used 2707K, capacity 4486K, committed 4864K, reserved 1056768K
  class space    used 302K, capacity 386K, committed 512K, reserved 1048576K
}
{Heap before GC invocations=783 (full 39):
 PSYoungGen      total 89600K, used 76800K [0x00000007b9c00000, 0x00000007c0000000, 0x00000007c0000000)
  eden space 76800K, 100% used [0x00000007b9c00000,0x00000007be700000,0x00000007be700000)
  from space 12800K, 0% used [0x00000007be700000,0x00000007be700000,0x00000007bf380000)
  to   space 12800K, 0% used [0x00000007bf380000,0x00000007bf380000,0x00000007c0000000)
 ParOldGen       total 677376K, used 35840K [0x00000006c1800000, 0x00000006ead80000, 0x00000007b9c00000)
  object space 677376K, 5% used [0x00000006c1800000,0x00000006c3b00000,0x00000006ead80000)
 Metaspace       used 2707K, capacity 4486K, committed 4864K, reserved 1056768K
  class space    used 302K, capacity 386K, committed 512K, reserved 1048576K
Heap after GC invocations=783 (full 39):
 PSYoungGen      total 89600K, used 12800K [0x00000007b9c00000, 0x00000007c0000000, 0x00000007c0000000)
  eden space 76800K, 0% used [0x00000007b9c00000,0x00000007b9c00000,0x00000007be700000)
  from space 12800K, 100% used [0x00000007bf380000,0x00000007c0000000,0x00000007c0000000)
  to   space 12800K, 0% used [0x00000007be700000,0x00000007be700000,0x00000007bf380000)
 ParOldGen       total 677376K, used 56008K [0x00000006c1800000, 0x00000006ead80000, 0x00000007b9c00000)
  object space 677376K, 8% used [0x00000006c1800000,0x00000006c4eb2000,0x00000006ead80000)
 Metaspace       used 2707K, capacity 4486K, committed 4864K, reserved 1056768K
  class space    used 302K, capacity 386K, committed 512K, reserved 1048576K
}
{Heap before GC invocations=784 (full 39):
 PSYoungGen      total 89600K, used 89600K [0x00000007b9c00000, 0x00000007c0000000, 0x00000007c0000000)
  eden space 76800K, 100% used [0x00000007b9c00000,0x00000007be700000,0x00000007be700000)
  from space 12800K, 100% used [0x00000007bf380000,0x00000007c0000000,0x00000007c0000000)
  to   space 12800K, 0% used [0x00000007be700000,0x00000007be700000,0x00000007bf380000)
 ParOldGen       total 677376K, used 56008K [0x00000006c1800000, 0x00000006ead80000, 0x00000007b9c00000)
  object space 677376K, 8% used [0x00000006c1800000,0x00000006c4eb2000,0x00000006ead80000)
 Metaspace       used 2707K, capacity 4486K, committed 4864K, reserved 1056768K
  class space    used 302K, capacity 386K, committed 512K, reserved 1048576K
Heap after GC invocations=784 (full 39):
 PSYoungGen      total 89600K, used 12800K [0x00000007b9c00000, 0x00000007c0000000, 0x00000007c0000000)
  eden space 76800K, 0% used [0x00000007b9c00000,0x00000007b9c00000,0x00000007be700000)
  from space 12800K, 100% used [0x00000007be700000,0x00000007bf380000,0x00000007bf380000)
  to   space 12800K, 0% used [0x00000007bf380000,0x00000007bf380000,0x00000007c0000000)
 ParOldGen       total 677376K, used 76176K [0x00000006c1800000, 0x00000006ead80000, 0x00000007b9c00000)
  object space 677376K, 11% used [0x00000006c1800000,0x00000006c6264000,0x00000006ead80000)
 Metaspace       used 2707K, capacity 4486K, committed 4864K, reserved 1056768K
  class space    used 302K, capacity 386K, committed 512K, reserved 1048576K
}
{Heap before GC invocations=785 (full 39):
 PSYoungGen      total 89600K, used 89600K [0x00000007b9c00000, 0x00000007c0000000, 0x00000007c0000000)
  eden space 76800K, 100% used [0x00000007b9c00000,0x00000007be700000,0x00000007be700000)
  from space 12800K, 100% used [0x00000007be700000,0x00000007bf380000,0x00000007bf380000)
  to   space 12800K, 0% used [0x00000007bf380000,0x00000007bf380000,0x00000007c0000000)
 ParOldGen       total 677376K, used 76176K [0x00000006c1800000, 0x00000006ead80000, 0x00000007b9c00000)
  object space 677376K, 11% used [0x00000006c1800000,0x00000006c6264000,0x00000006ead80000)
 Metaspace       used 2707K, capacity 4486K, committed 4864K, reserved 1056768K
  class space    used 302K, capacity 386K, committed 512K, reserved 1048576K
Heap after GC invocations=785 (full 39):
 PSYoungGen      total 89600K, used 12800K [0x00000007b9c00000, 0x00000007c0000000, 0x00000007c0000000)
  eden space 76800K, 0% used [0x00000007b9c00000,0x00000007b9c00000,0x00000007be700000)
  from space 12800K, 100% used [0x00000007bf380000,0x00000007c0000000,0x00000007c0000000)
  to   space 12800K, 0% used [0x00000007be700000,0x00000007be700000,0x00000007bf380000)
 ParOldGen       total 677376K, used 96344K [0x00000006c1800000, 0x00000006ead80000, 0x00000007b9c00000)
  object space 677376K, 14% used [0x00000006c1800000,0x00000006c7616000,0x00000006ead80000)
 Metaspace       used 2707K, capacity 4486K, committed 4864K, reserved 1056768K
  class space    used 302K, capacity 386K, committed 512K, reserved 1048576K
}
{Heap before GC invocations=786 (full 39):
 PSYoungGen      total 89600K, used 89600K [0x00000007b9c00000, 0x00000007c0000000, 0x00000007c0000000)
  eden space 76800K, 100% used [0x00000007b9c00000,0x00000007be700000,0x00000007be700000)
  from space 12800K, 100% used [0x00000007bf380000,0x00000007c0000000,0x00000007c0000000)
  to   space 12800K, 0% used [0x00000007be700000,0x00000007be700000,0x00000007bf380000)
 ParOldGen       total 677376K, used 96344K [0x00000006c1800000, 0x00000006ead80000, 0x00000007b9c00000)
  object space 677376K, 14% used [0x00000006c1800000,0x00000006c7616000,0x00000006ead80000)
 Metaspace       used 2707K, capacity 4486K, committed 4864K, reserved 1056768K
  class space    used 302K, capacity 386K, committed 512K, reserved 1048576K
Heap after GC invocations=786 (full 39):
 PSYoungGen      total 89600K, used 12800K [0x00000007b9c00000, 0x00000007c0000000, 0x00000007c0000000)
  eden space 76800K, 0% used [0x00000007b9c00000,0x00000007b9c00000,0x00000007be700000)
  from space 12800K, 100% used [0x00000007be700000,0x00000007bf380000,0x00000007bf380000)
  to   space 12800K, 0% used [0x00000007bf380000,0x00000007bf380000,0x00000007c0000000)
 ParOldGen       total 677376K, used 116512K [0x00000006c1800000, 0x00000006ead80000, 0x00000007b9c00000)
  object space 677376K, 17% used [0x00000006c1800000,0x00000006c89c8000,0x00000006ead80000)
 Metaspace       used 2707K, capacity 4486K, committed 4864K, reserved 1056768K
  class space    used 302K, capacity 386K, committed 512K, reserved 1048576K
}
{Heap before GC invocations=787 (full 39):
 PSYoungGen      total 89600K, used 89600K [0x00000007b9c00000, 0x00000007c0000000, 0x00000007c0000000)
  eden space 76800K, 100% used [0x00000007b9c00000,0x00000007be700000,0x00000007be700000)
  from space 12800K, 100% used [0x00000007be700000,0x00000007bf380000,0x00000007bf380000)
  to   space 12800K, 0% used [0x00000007bf380000,0x00000007bf380000,0x00000007c0000000)
 ParOldGen       total 677376K, used 116512K [0x00000006c1800000, 0x00000006ead80000, 0x00000007b9c00000)
  object space 677376K, 17% used [0x00000006c1800000,0x00000006c89c8000,0x00000006ead80000)
 Metaspace       used 2707K, capacity 4486K, committed 4864K, reserved 1056768K
  class space    used 302K, capacity 386K, committed 512K, reserved 1048576K
Heap after GC invocations=787 (full 39):
 PSYoungGen      total 89600K, used 12800K [0x00000007b9c00000, 0x00000007c0000000, 0x00000007c0000000)
  eden space 76800K, 0% used [0x00000007b9c00000,0x00000007b9c00000,0x00000007be700000)
  from space 12800K, 100% used [0x00000007bf380000,0x00000007c0000000,0x00000007c0000000)
  to   space 12800K, 0% used [0x00000007be700000,0x00000007be700000,0x00000007bf380000)
 ParOldGen       total 677376K, used 136672K [0x00000006c1800000, 0x00000006ead80000, 0x00000007b9c00000)
  object space 677376K, 20% used [0x00000006c1800000,0x00000006c9d78000,0x00000006ead80000)
 Metaspace       used 2707K, capacity 4486K, committed 4864K, reserved 1056768K
  class space    used 302K, capacity 386K, committed 512K, reserved 1048576K
}
{Heap before GC invocations=788 (full 39):
 PSYoungGen      total 89600K, used 89600K [0x00000007b9c00000, 0x00000007c0000000, 0x00000007c0000000)
  eden space 76800K, 100% used [0x00000007b9c00000,0x00000007be700000,0x00000007be700000)
  from space 12800K, 100% used [0x00000007bf380000,0x00000007c0000000,0x00000007c0000000)
  to   space 12800K, 0% used [0x00000007be700000,0x00000007be700000,0x00000007bf380000)
 ParOldGen       total 677376K, used 136672K [0x00000006c1800000, 0x00000006ead80000, 0x00000007b9c00000)
  object space 677376K, 20% used [0x00000006c1800000,0x00000006c9d78000,0x00000006ead80000)
 Metaspace       used 2707K, capacity 4486K, committed 4864K, reserved 1056768K
  class space    used 302K, capacity 386K, committed 512K, reserved 1048576K
Heap after GC invocations=788 (full 39):
 PSYoungGen      total 89600K, used 12800K [0x00000007b9c00000, 0x00000007c0000000, 0x00000007c0000000)
  eden space 76800K, 0% used [0x00000007b9c00000,0x00000007b9c00000,0x00000007be700000)
  from space 12800K, 100% used [0x00000007be700000,0x00000007bf380000,0x00000007bf380000)
  to   space 12800K, 0% used [0x00000007bf380000,0x00000007bf380000,0x00000007c0000000)
 ParOldGen       total 677376K, used 156832K [0x00000006c1800000, 0x00000006ead80000, 0x00000007b9c00000)
  object space 677376K, 23% used [0x00000006c1800000,0x00000006cb128000,0x00000006ead80000)
 Metaspace       used 2707K, capacity 4486K, committed 4864K, reserved 1056768K
  class space    used 302K, capacity 386K, committed 512K, reserved 1048576K
}
{Heap before GC invocations=789 (full 39):
 PSYoungGen      total 89600K, used 89600K [0x00000007b9c00000, 0x00000007c0000000, 0x00000007c0000000)
  eden space 76800K, 100% used [0x00000007b9c00000,0x00000007be700000,0x00000007be700000)
  from space 12800K, 100% used [0x00000007be700000,0x00000007bf380000,0x00000007bf380000)
  to   space 12800K, 0% used [0x00000007bf380000,0x00000007bf380000,0x00000007c0000000)
 ParOldGen       total 677376K, used 156832K [0x00000006c1800000, 0x00000006ead80000, 0x00000007b9c00000)
  object space 677376K, 23% used [0x00000006c1800000,0x00000006cb128000,0x00000006ead80000)
 Metaspace       used 2707K, capacity 4486K, committed 4864K, reserved 1056768K
  class space    used 302K, capacity 386K, committed 512K, reserved 1048576K
Heap after GC invocations=789 (full 39):
 PSYoungGen      total 89600K, used 12800K [0x00000007b9c00000, 0x00000007c0000000, 0x00000007c0000000)
  eden space 76800K, 0% used [0x00000007b9c00000,0x00000007b9c00000,0x00000007be700000)
  from space 12800K, 100% used [0x00000007bf380000,0x00000007c0000000,0x00000007c0000000)
  to   space 12800K, 0% used [0x00000007be700000,0x00000007be700000,0x00000007bf380000)
 ParOldGen       total 677376K, used 177000K [0x00000006c1800000, 0x00000006ead80000, 0x00000007b9c00000)
  object space 677376K, 26% used [0x00000006c1800000,0x00000006cc4da000,0x00000006ead80000)
 Metaspace       used 2707K, capacity 4486K, committed 4864K, reserved 1056768K
  class space    used 302K, capacity 386K, committed 512K, reserved 1048576K
}
{Heap before GC invocations=790 (full 39):
 PSYoungGen      total 89600K, used 89600K [0x00000007b9c00000, 0x00000007c0000000, 0x00000007c0000000)
  eden space 76800K, 100% used [0x00000007b9c00000,0x00000007be700000,0x00000007be700000)
  from space 12800K, 100% used [0x00000007bf380000,0x00000007c0000000,0x00000007c0000000)
  to   space 12800K, 0% used [0x00000007be700000,0x00000007be700000,0x00000007bf380000)
 ParOldGen       total 677376K, used 177000K [0x00000006c1800000, 0x00000006ead80000, 0x00000007b9c00000)
  object space 677376K, 26% used [0x00000006c1800000,0x00000006cc4da000,0x00000006ead80000)
 Metaspace       used 2707K, capacity 4486K, committed 4864K, reserved 1056768K
  class space    used 302K, capacity 386K, committed 512K, reserved 1048576K
Heap after GC invocations=790 (full 39):
 PSYoungGen      total 89600K, used 12800K [0x00000007b9c00000, 0x00000007c0000000, 0x00000007c0000000)
  eden space 76800K, 0% used [0x00000007b9c00000,0x00000007b9c00000,0x00000007be700000)
  from space 12800K, 100% used [0x00000007be700000,0x00000007bf380000,0x00000007bf380000)
  to   space 12800K, 0% used [0x00000007bf380000,0x00000007bf380000,0x00000007c0000000)
 ParOldGen       total 677376K, used 197176K [0x00000006c1800000, 0x00000006ead80000, 0x00000007b9c00000)
  object space 677376K, 29% used [0x00000006c1800000,0x00000006cd88e000,0x00000006ead80000)
 Metaspace       used 2707K, capacity 4486K, committed 4864K, reserved 1056768K
  class space    used 302K, capacity 386K, committed 512K, reserved 1048576K
}
{Heap before GC invocations=791 (full 39):
 PSYoungGen      total 89600K, used 89600K [0x00000007b9c00000, 0x00000007c0000000, 0x00000007c0000000)
  eden space 76800K, 100% used [0x00000007b9c00000,0x00000007be700000,0x00000007be700000)
  from space 12800K, 100% used [0x00000007be700000,0x00000007bf380000,0x00000007bf380000)
  to   space 12800K, 0% used [0x00000007bf380000,0x00000007bf380000,0x00000007c0000000)
 ParOldGen       total 677376K, used 197176K [0x00000006c1800000, 0x00000006ead80000, 0x00000007b9c00000)
  object space 677376K, 29% used [0x00000006c1800000,0x00000006cd88e000,0x00000006ead80000)
 Metaspace       used 2707K, capacity 4486K, committed 4864K, reserved 1056768K
  class space    used 302K, capacity 386K, committed 512K, reserved 1048576K
Heap after GC invocations=791 (full 39):
 PSYoungGen      total 89600K, used 12800K [0x00000007b9c00000, 0x00000007c0000000, 0x00000007c0000000)
  eden space 76800K, 0% used [0x00000007b9c00000,0x00000007b9c00000,0x00000007be700000)
  from space 12800K, 100% used [0x00000007bf380000,0x00000007c0000000,0x00000007c0000000)
  to   space 12800K, 0% used [0x00000007be700000,0x00000007be700000,0x00000007bf380000)
 ParOldGen       total 677376K, used 217344K [0x00000006c1800000, 0x00000006ead80000, 0x00000007b9c00000)
  object space 677376K, 32% used [0x00000006c1800000,0x00000006cec40000,0x00000006ead80000)
 Metaspace       used 2707K, capacity 4486K, committed 4864K, reserved 1056768K
  class space    used 302K, capacity 386K, committed 512K, reserved 1048576K
}
{Heap before GC invocations=792 (full 39):
 PSYoungGen      total 89600K, used 89600K [0x00000007b9c00000, 0x00000007c0000000, 0x00000007c0000000)
  eden space 76800K, 100% used [0x00000007b9c00000,0x00000007be700000,0x00000007be700000)
  from space 12800K, 100% used [0x00000007bf380000,0x00000007c0000000,0x00000007c0000000)
  to   space 12800K, 0% used [0x00000007be700000,0x00000007be700000,0x00000007bf380000)
 ParOldGen       total 677376K, used 217344K [0x00000006c1800000, 0x00000006ead80000, 0x00000007b9c00000)
  object space 677376K, 32% used [0x00000006c1800000,0x00000006cec40000,0x00000006ead80000)
 Metaspace       used 2707K, capacity 4486K, committed 4864K, reserved 1056768K
  class space    used 302K, capacity 386K, committed 512K, reserved 1048576K
Heap after GC invocations=792 (full 39):
 PSYoungGen      total 89600K, used 12800K [0x00000007b9c00000, 0x00000007c0000000, 0x00000007c0000000)
  eden space 76800K, 0% used [0x00000007b9c00000,0x00000007b9c00000,0x00000007be700000)
  from space 12800K, 100% used [0x00000007be700000,0x00000007bf380000,0x00000007bf380000)
  to   space 12800K, 0% used [0x00000007bf380000,0x00000007bf380000,0x00000007c0000000)
 ParOldGen       total 677376K, used 237520K [0x00000006c1800000, 0x00000006ead80000, 0x00000007b9c00000)
  object space 677376K, 35% used [0x00000006c1800000,0x00000006cfff4000,0x00000006ead80000)
 Metaspace       used 2707K, capacity 4486K, committed 4864K, reserved 1056768K
  class space    used 302K, capacity 386K, committed 512K, reserved 1048576K
}
{Heap before GC invocations=793 (full 39):
 PSYoungGen      total 89600K, used 89600K [0x00000007b9c00000, 0x00000007c0000000, 0x00000007c0000000)
  eden space 76800K, 100% used [0x00000007b9c00000,0x00000007be700000,0x00000007be700000)
  from space 12800K, 100% used [0x00000007be700000,0x00000007bf380000,0x00000007bf380000)
  to   space 12800K, 0% used [0x00000007bf380000,0x00000007bf380000,0x00000007c0000000)
 ParOldGen       total 677376K, used 237520K [0x00000006c1800000, 0x00000006ead80000, 0x00000007b9c00000)
  object space 677376K, 35% used [0x00000006c1800000,0x00000006cfff4000,0x00000006ead80000)
 Metaspace       used 2707K, capacity 4486K, committed 4864K, reserved 1056768K
  class space    used 302K, capacity 386K, committed 512K, reserved 1048576K
Heap after GC invocations=793 (full 39):
 PSYoungGen      total 89600K, used 12800K [0x00000007b9c00000, 0x00000007c0000000, 0x00000007c0000000)
  eden space 76800K, 0% used [0x00000007b9c00000,0x00000007b9c00000,0x00000007be700000)
  from space 12800K, 100% used [0x00000007bf380000,0x00000007c0000000,0x00000007c0000000)
  to   space 12800K, 0% used [0x00000007be700000,0x00000007be700000,0x00000007bf380000)
 ParOldGen       total 677376K, used 257688K [0x00000006c1800000, 0x00000006ead80000, 0x00000007b9c00000)
  object space 677376K, 38% used [0x00000006c1800000,0x00000006d13a6000,0x00000006ead80000)
 Metaspace       used 2707K, capacity 4486K, committed 4864K, reserved 1056768K
  class space    used 302K, capacity 386K, committed 512K, reserved 1048576K
}
{Heap before GC invocations=794 (full 39):
 PSYoungGen      total 89600K, used 89600K [0x00000007b9c00000, 0x00000007c0000000, 0x00000007c0000000)
  eden space 76800K, 100% used [0x00000007b9c00000,0x00000007be700000,0x00000007be700000)
  from space 12800K, 100% used [0x00000007bf380000,0x00000007c0000000,0x00000007c0000000)
  to   space 12800K, 0% used [0x00000007be700000,0x00000007be700000,0x00000007bf380000)
 ParOldGen       total 677376K, used 257688K [0x00000006c1800000, 0x00000006ead80000, 0x00000007b9c00000)
  object space 677376K, 38% used [0x00000006c1800000,0x00000006d13a6000,0x00000006ead80000)
 Metaspace       used 2707K, capacity 4486K, committed 4864K, reserved 1056768K
  class space    used 302K, capacity 386K, committed 512K, reserved 1048576K
Heap after GC invocations=794 (full 39):
 PSYoungGen      total 89600K, used 12800K [0x00000007b9c00000, 0x00000007c0000000, 0x00000007c0000000)
  eden space 76800K, 0% used [0x00000007b9c00000,0x00000007b9c00000,0x00000007be700000)
  from space 12800K, 100% used [0x00000007be700000,0x00000007bf380000,0x00000007bf380000)
  to   space 12800K, 0% used [0x00000007bf380000,0x00000007bf380000,0x00000007c0000000)
 ParOldGen       total 677376K, used 277856K [0x00000006c1800000, 0x00000006ead80000, 0x00000007b9c00000)
  object space 677376K, 41% used [0x00000006c1800000,0x00000006d2758000,0x00000006ead80000)
 Metaspace       used 2707K, capacity 4486K, committed 4864K, reserved 1056768K
  class space    used 302K, capacity 386K, committed 512K, reserved 1048576K
}
{Heap before GC invocations=795 (full 39):
 PSYoungGen      total 89600K, used 89600K [0x00000007b9c00000, 0x00000007c0000000, 0x00000007c0000000)
  eden space 76800K, 100% used [0x00000007b9c00000,0x00000007be700000,0x00000007be700000)
  from space 12800K, 100% used [0x00000007be700000,0x00000007bf380000,0x00000007bf380000)
  to   space 12800K, 0% used [0x00000007bf380000,0x00000007bf380000,0x00000007c0000000)
 ParOldGen       total 677376K, used 277856K [0x00000006c1800000, 0x00000006ead80000, 0x00000007b9c00000)
  object space 677376K, 41% used [0x00000006c1800000,0x00000006d2758000,0x00000006ead80000)
 Metaspace       used 2707K, capacity 4486K, committed 4864K, reserved 1056768K
  class space    used 302K, capacity 386K, committed 512K, reserved 1048576K
Heap after GC invocations=795 (full 39):
 PSYoungGen      total 89600K, used 12800K [0x00000007b9c00000, 0x00000007c0000000, 0x00000007c0000000)
  eden space 76800K, 0% used [0x00000007b9c00000,0x00000007b9c00000,0x00000007be700000)
  from space 12800K, 100% used [0x00000007bf380000,0x00000007c0000000,0x00000007c0000000)
  to   space 12800K, 0% used [0x00000007be700000,0x00000007be700000,0x00000007bf380000)
 ParOldGen       total 677376K, used 298024K [0x00000006c1800000, 0x00000006ead80000, 0x00000007b9c00000)
  object space 677376K, 43% used [0x00000006c1800000,0x00000006d3b0a000,0x00000006ead80000)
 Metaspace       used 2707K, capacity 4486K, committed 4864K, reserved 1056768K
  class space    used 302K, capacity 386K, committed 512K, reserved 1048576K
}
{Heap before GC invocations=796 (full 39):
 PSYoungGen      total 89600K, used 89600K [0x00000007b9c00000, 0x00000007c0000000, 0x00000007c0000000)
  eden space 76800K, 100% used [0x00000007b9c00000,0x00000007be700000,0x00000007be700000)
  from space 12800K, 100% used [0x00000007bf380000,0x00000007c0000000,0x00000007c0000000)
  to   space 12800K, 0% used [0x00000007be700000,0x00000007be700000,0x00000007bf380000)
 ParOldGen       total 677376K, used 298024K [0x00000006c1800000, 0x00000006ead80000, 0x00000007b9c00000)
  object space 677376K, 43% used [0x00000006c1800000,0x00000006d3b0a000,0x00000006ead80000)
 Metaspace       used 2707K, capacity 4486K, committed 4864K, reserved 1056768K
  class space    used 302K, capacity 386K, committed 512K, reserved 1048576K
Heap after GC invocations=796 (full 39):
 PSYoungGen      total 89600K, used 12800K [0x00000007b9c00000, 0x00000007c0000000, 0x00000007c0000000)
  eden space 76800K, 0% used [0x00000007b9c00000,0x00000007b9c00000,0x00000007be700000)
  from space 12800K, 100% used [0x00000007be700000,0x00000007bf380000,0x00000007bf380000)
  to   space 12800K, 0% used [0x00000007bf380000,0x00000007bf380000,0x00000007c0000000)
 ParOldGen       total 677376K, used 318192K [0x00000006c1800000, 0x00000006ead80000, 0x00000007b9c00000)
  object space 677376K, 46% used [0x00000006c1800000,0x00000006d4ebc000,0x00000006ead80000)
 Metaspace       used 2707K, capacity 4486K, committed 4864K, reserved 1056768K
  class space    used 302K, capacity 386K, committed 512K, reserved 1048576K
}
{Heap before GC invocations=797 (full 39):
 PSYoungGen      total 89600K, used 89600K [0x00000007b9c00000, 0x00000007c0000000, 0x00000007c0000000)
  eden space 76800K, 100% used [0x00000007b9c00000,0x00000007be700000,0x00000007be700000)
  from space 12800K, 100% used [0x00000007be700000,0x00000007bf380000,0x00000007bf380000)
  to   space 12800K, 0% used [0x00000007bf380000,0x00000007bf380000,0x00000007c0000000)
 ParOldGen       total 677376K, used 318192K [0x00000006c1800000, 0x00000006ead80000, 0x00000007b9c00000)
  object space 677376K, 46% used [0x00000006c1800000,0x00000006d4ebc000,0x00000006ead80000)
 Metaspace       used 2707K, capacity 4486K, committed 4864K, reserved 1056768K
  class space    used 302K, capacity 386K, committed 512K, reserved 1048576K
Heap after GC invocations=797 (full 39):
 PSYoungGen      total 89600K, used 12800K [0x00000007b9c00000, 0x00000007c0000000, 0x00000007c0000000)
  eden space 76800K, 0% used [0x00000007b9c00000,0x00000007b9c00000,0x00000007be700000)
  from space 12800K, 100% used [0x00000007bf380000,0x00000007c0000000,0x00000007c0000000)
  to   space 12800K, 0% used [0x00000007be700000,0x00000007be700000,0x00000007bf380000)
 ParOldGen       total 677376K, used 338360K [0x00000006c1800000, 0x00000006ead80000, 0x00000007b9c00000)
  object space 677376K, 49% used [0x00000006c1800000,0x00000006d626e000,0x00000006ead80000)
 Metaspace       used 2707K, capacity 4486K, committed 4864K, reserved 1056768K
  class space    used 302K, capacity 386K, committed 512K, reserved 1048576K
}
{Heap before GC invocations=798 (full 39):
 PSYoungGen      total 89600K, used 89600K [0x00000007b9c00000, 0x00000007c0000000, 0x00000007c0000000)
  eden space 76800K, 100% used [0x00000007b9c00000,0x00000007be700000,0x00000007be700000)
  from space 12800K, 100% used [0x00000007bf380000,0x00000007c0000000,0x00000007c0000000)
  to   space 12800K, 0% used [0x00000007be700000,0x00000007be700000,0x00000007bf380000)
 ParOldGen       total 677376K, used 338360K [0x00000006c1800000, 0x00000006ead80000, 0x00000007b9c00000)
  object space 677376K, 49% used [0x00000006c1800000,0x00000006d626e000,0x00000006ead80000)
 Metaspace       used 2707K, capacity 4486K, committed 4864K, reserved 1056768K
  class space    used 302K, capacity 386K, committed 512K, reserved 1048576K
Heap after GC invocations=798 (full 39):
 PSYoungGen      total 89600K, used 12800K [0x00000007b9c00000, 0x00000007c0000000, 0x00000007c0000000)
  eden space 76800K, 0% used [0x00000007b9c00000,0x00000007b9c00000,0x00000007be700000)
  from space 12800K, 100% used [0x00000007be700000,0x00000007bf380000,0x00000007bf380000)
  to   space 12800K, 0% used [0x00000007bf380000,0x00000007bf380000,0x00000007c0000000)
 ParOldGen       total 677376K, used 358536K [0x00000006c1800000, 0x00000006ead80000, 0x00000007b9c00000)
  object space 677376K, 52% used [0x00000006c1800000,0x00000006d7622000,0x00000006ead80000)
 Metaspace       used 2707K, capacity 4486K, committed 4864K, reserved 1056768K
  class space    used 302K, capacity 386K, committed 512K, reserved 1048576K
}
{Heap before GC invocations=799 (full 39):
 PSYoungGen      total 89600K, used 89600K [0x00000007b9c00000, 0x00000007c0000000, 0x00000007c0000000)
  eden space 76800K, 100% used [0x00000007b9c00000,0x00000007be700000,0x00000007be700000)
  from space 12800K, 100% used [0x00000007be700000,0x00000007bf380000,0x00000007bf380000)
  to   space 12800K, 0% used [0x00000007bf380000,0x00000007bf380000,0x00000007c0000000)
 ParOldGen       total 677376K, used 358536K [0x00000006c1800000, 0x00000006ead80000, 0x00000007b9c00000)
  object space 677376K, 52% used [0x00000006c1800000,0x00000006d7622000,0x00000006ead80000)
 Metaspace       used 2707K, capacity 4486K, committed 4864K, reserved 1056768K
  class space    used 302K, capacity 386K, committed 512K, reserved 1048576K
Heap after GC invocations=799 (full 39):
 PSYoungGen      total 89600K, used 12800K [0x00000007b9c00000, 0x00000007c0000000, 0x00000007c0000000)
  eden space 76800K, 0% used [0x00000007b9c00000,0x00000007b9c00000,0x00000007be700000)
  from space 12800K, 100% used [0x00000007bf380000,0x00000007c0000000,0x00000007c0000000)
  to   space 12800K, 0% used [0x00000007be700000,0x00000007be700000,0x00000007bf380000)
 ParOldGen       total 677376K, used 378704K [0x00000006c1800000, 0x00000006ead80000, 0x00000007b9c00000)
  object space 677376K, 55% used [0x00000006c1800000,0x00000006d89d4000,0x00000006ead80000)
 Metaspace       used 2707K, capacity 4486K, committed 4864K, reserved 1056768K
  class space    used 302K, capacity 386K, committed 512K, reserved 1048576K
}
{Heap before GC invocations=800 (full 39):
 PSYoungGen      total 89600K, used 89600K [0x00000007b9c00000, 0x00000007c0000000, 0x00000007c0000000)
  eden space 76800K, 100% used [0x00000007b9c00000,0x00000007be700000,0x00000007be700000)
  from space 12800K, 100% used [0x00000007bf380000,0x00000007c0000000,0x00000007c0000000)
  to   space 12800K, 0% used [0x00000007be700000,0x00000007be700000,0x00000007bf380000)
 ParOldGen       total 677376K, used 378704K [0x00000006c1800000, 0x00000006ead80000, 0x00000007b9c00000)
  object space 677376K, 55% used [0x00000006c1800000,0x00000006d89d4000,0x00000006ead80000)
 Metaspace       used 2707K, capacity 4486K, committed 4864K, reserved 1056768K
  class space    used 302K, capacity 386K, committed 512K, reserved 1048576K
Heap after GC invocations=800 (full 39):
 PSYoungGen      total 89600K, used 12800K [0x00000007b9c00000, 0x00000007c0000000, 0x00000007c0000000)
  eden space 76800K, 0% used [0x00000007b9c00000,0x00000007b9c00000,0x00000007be700000)
  from space 12800K, 100% used [0x00000007be700000,0x00000007bf380000,0x00000007bf380000)
  to   space 12800K, 0% used [0x00000007bf380000,0x00000007bf380000,0x00000007c0000000)
 ParOldGen       total 677376K, used 398872K [0x00000006c1800000, 0x00000006ead80000, 0x00000007b9c00000)
  object space 677376K, 58% used [0x00000006c1800000,0x00000006d9d86000,0x00000006ead80000)
 Metaspace       used 2707K, capacity 4486K, committed 4864K, reserved 1056768K
  class space    used 302K, capacity 386K, committed 512K, reserved 1048576K
}
{Heap before GC invocations=801 (full 39):
 PSYoungGen      total 89600K, used 89600K [0x00000007b9c00000, 0x00000007c0000000, 0x00000007c0000000)
  eden space 76800K, 100% used [0x00000007b9c00000,0x00000007be700000,0x00000007be700000)
  from space 12800K, 100% used [0x00000007be700000,0x00000007bf380000,0x00000007bf380000)
  to   space 12800K, 0% used [0x00000007bf380000,0x00000007bf380000,0x00000007c0000000)
 ParOldGen       total 677376K, used 398872K [0x00000006c1800000, 0x00000006ead80000, 0x00000007b9c00000)
  object space 677376K, 58% used [0x00000006c1800000,0x00000006d9d86000,0x00000006ead80000)
 Metaspace       used 2707K, capacity 4486K, committed 4864K, reserved 1056768K
  class space    used 302K, capacity 386K, committed 512K, reserved 1048576K
Heap after GC invocations=801 (full 39):
 PSYoungGen      total 89600K, used 12800K [0x00000007b9c00000, 0x00000007c0000000, 0x00000007c0000000)
  eden space 76800K, 0% used [0x00000007b9c00000,0x00000007b9c00000,0x00000007be700000)
  from space 12800K, 100% used [0x00000007bf380000,0x00000007c0000000,0x00000007c0000000)
  to   space 12800K, 0% used [0x00000007be700000,0x00000007be700000,0x00000007bf380000)
 ParOldGen       total 677376K, used 419040K [0x00000006c1800000, 0x00000006ead80000, 0x00000007b9c00000)
  object space 677376K, 61% used [0x00000006c1800000,0x00000006db138000,0x00000006ead80000)
 Metaspace       used 2707K, capacity 4486K, committed 4864K, reserved 1056768K
  class space    used 302K, capacity 386K, committed 512K, reserved 1048576K
}
{Heap before GC invocations=802 (full 39):
 PSYoungGen      total 89600K, used 89600K [0x00000007b9c00000, 0x00000007c0000000, 0x00000007c0000000)
  eden space 76800K, 100% used [0x00000007b9c00000,0x00000007be700000,0x00000007be700000)
  from space 12800K, 100% used [0x00000007bf380000,0x00000007c0000000,0x00000007c0000000)
  to   space 12800K, 0% used [0x00000007be700000,0x00000007be700000,0x00000007bf380000)
 ParOldGen       total 677376K, used 419040K [0x00000006c1800000, 0x00000006ead80000, 0x00000007b9c00000)
  object space 677376K, 61% used [0x00000006c1800000,0x00000006db138000,0x00000006ead80000)
 Metaspace       used 2707K, capacity 4486K, committed 4864K, reserved 1056768K
  class space    used 302K, capacity 386K, committed 512K, reserved 1048576K
Heap after GC invocations=802 (full 39):
 PSYoungGen      total 89600K, used 12800K [0x00000007b9c00000, 0x00000007c0000000, 0x00000007c0000000)
  eden space 76800K, 0% used [0x00000007b9c00000,0x00000007b9c00000,0x00000007be700000)
  from space 12800K, 100% used [0x00000007be700000,0x00000007bf380000,0x00000007bf380000)
  to   space 12800K, 0% used [0x00000007bf380000,0x00000007bf380000,0x00000007c0000000)
 ParOldGen       total 677376K, used 439200K [0x00000006c1800000, 0x00000006ead80000, 0x00000007b9c00000)
  object space 677376K, 64% used [0x00000006c1800000,0x00000006dc4e8000,0x00000006ead80000)
 Metaspace       used 2707K, capacity 4486K, committed 4864K, reserved 1056768K
  class space    used 302K, capacity 386K, committed 512K, reserved 1048576K
}
{Heap before GC invocations=803 (full 39):
 PSYoungGen      total 89600K, used 89600K [0x00000007b9c00000, 0x00000007c0000000, 0x00000007c0000000)
  eden space 76800K, 100% used [0x00000007b9c00000,0x00000007be700000,0x00000007be700000)
  from space 12800K, 100% used [0x00000007be700000,0x00000007bf380000,0x00000007bf380000)
  to   space 12800K, 0% used [0x00000007bf380000,0x00000007bf380000,0x00000007c0000000)
 ParOldGen       total 677376K, used 439200K [0x00000006c1800000, 0x00000006ead80000, 0x00000007b9c00000)
  object space 677376K, 64% used [0x00000006c1800000,0x00000006dc4e8000,0x00000006ead80000)
 Metaspace       used 2707K, capacity 4486K, committed 4864K, reserved 1056768K
  class space    used 302K, capacity 386K, committed 512K, reserved 1048576K
Heap after GC invocations=803 (full 39):
 PSYoungGen      total 89600K, used 12800K [0x00000007b9c00000, 0x00000007c0000000, 0x00000007c0000000)
  eden space 76800K, 0% used [0x00000007b9c00000,0x00000007b9c00000,0x00000007be700000)
  from space 12800K, 100% used [0x00000007bf380000,0x00000007c0000000,0x00000007c0000000)
  to   space 12800K, 0% used [0x00000007be700000,0x00000007be700000,0x00000007bf380000)
 ParOldGen       total 677376K, used 459360K [0x00000006c1800000, 0x00000006ead80000, 0x00000007b9c00000)
  object space 677376K, 67% used [0x00000006c1800000,0x00000006dd898000,0x00000006ead80000)
 Metaspace       used 2707K, capacity 4486K, committed 4864K, reserved 1056768K
  class space    used 302K, capacity 386K, committed 512K, reserved 1048576K
}
{Heap before GC invocations=804 (full 39):
 PSYoungGen      total 89600K, used 89600K [0x00000007b9c00000, 0x00000007c0000000, 0x00000007c0000000)
  eden space 76800K, 100% used [0x00000007b9c00000,0x00000007be700000,0x00000007be700000)
  from space 12800K, 100% used [0x00000007bf380000,0x00000007c0000000,0x00000007c0000000)
  to   space 12800K, 0% used [0x00000007be700000,0x00000007be700000,0x00000007bf380000)
 ParOldGen       total 677376K, used 459360K [0x00000006c1800000, 0x00000006ead80000, 0x00000007b9c00000)
  object space 677376K, 67% used [0x00000006c1800000,0x00000006dd898000,0x00000006ead80000)
 Metaspace       used 2707K, capacity 4486K, committed 4864K, reserved 1056768K
  class space    used 302K, capacity 386K, committed 512K, reserved 1048576K
Heap after GC invocations=804 (full 39):
 PSYoungGen      total 89600K, used 12800K [0x00000007b9c00000, 0x00000007c0000000, 0x00000007c0000000)
  eden space 76800K, 0% used [0x00000007b9c00000,0x00000007b9c00000,0x00000007be700000)
  from space 12800K, 100% used [0x00000007be700000,0x00000007bf380000,0x00000007bf380000)
  to   space 12800K, 0% used [0x00000007bf380000,0x00000007bf380000,0x00000007c0000000)
 ParOldGen       total 677376K, used 479520K [0x00000006c1800000, 0x00000006ead80000, 0x00000007b9c00000)
  object space 677376K, 70% used [0x00000006c1800000,0x00000006dec48000,0x00000006ead80000)
 Metaspace       used 2707K, capacity 4486K, committed 4864K, reserved 1056768K
  class space    used 302K, capacity 386K, committed 512K, reserved 1048576K
}
{Heap before GC invocations=805 (full 39):
 PSYoungGen      total 89600K, used 89600K [0x00000007b9c00000, 0x00000007c0000000, 0x00000007c0000000)
  eden space 76800K, 100% used [0x00000007b9c00000,0x00000007be700000,0x00000007be700000)
  from space 12800K, 100% used [0x00000007be700000,0x00000007bf380000,0x00000007bf380000)
  to   space 12800K, 0% used [0x00000007bf380000,0x00000007bf380000,0x00000007c0000000)
 ParOldGen       total 677376K, used 479520K [0x00000006c1800000, 0x00000006ead80000, 0x00000007b9c00000)
  object space 677376K, 70% used [0x00000006c1800000,0x00000006dec48000,0x00000006ead80000)
 Metaspace       used 2707K, capacity 4486K, committed 4864K, reserved 1056768K
  class space    used 302K, capacity 386K, committed 512K, reserved 1048576K
Heap after GC invocations=805 (full 39):
 PSYoungGen      total 89600K, used 12800K [0x00000007b9c00000, 0x00000007c0000000, 0x00000007c0000000)
  eden space 76800K, 0% used [0x00000007b9c00000,0x00000007b9c00000,0x00000007be700000)
  from space 12800K, 100% used [0x00000007bf380000,0x00000007c0000000,0x00000007c0000000)
  to   space 12800K, 0% used [0x00000007be700000,0x00000007be700000,0x00000007bf380000)
 ParOldGen       total 677376K, used 499680K [0x00000006c1800000, 0x00000006ead80000, 0x00000007b9c00000)
  object space 677376K, 73% used [0x00000006c1800000,0x00000006dfff8000,0x00000006ead80000)
 Metaspace       used 2707K, capacity 4486K, committed 4864K, reserved 1056768K
  class space    used 302K, capacity 386K, committed 512K, reserved 1048576K
}
{Heap before GC invocations=806 (full 39):
 PSYoungGen      total 89600K, used 89600K [0x00000007b9c00000, 0x00000007c0000000, 0x00000007c0000000)
  eden space 76800K, 100% used [0x00000007b9c00000,0x00000007be700000,0x00000007be700000)
  from space 12800K, 100% used [0x00000007bf380000,0x00000007c0000000,0x00000007c0000000)
  to   space 12800K, 0% used [0x00000007be700000,0x00000007be700000,0x00000007bf380000)
 ParOldGen       total 677376K, used 499680K [0x00000006c1800000, 0x00000006ead80000, 0x00000007b9c00000)
  object space 677376K, 73% used [0x00000006c1800000,0x00000006dfff8000,0x00000006ead80000)
 Metaspace       used 2707K, capacity 4486K, committed 4864K, reserved 1056768K
  class space    used 302K, capacity 386K, committed 512K, reserved 1048576K
Heap after GC invocations=806 (full 39):
 PSYoungGen      total 89600K, used 12800K [0x00000007b9c00000, 0x00000007c0000000, 0x00000007c0000000)
  eden space 76800K, 0% used [0x00000007b9c00000,0x00000007b9c00000,0x00000007be700000)
  from space 12800K, 100% used [0x00000007be700000,0x00000007bf380000,0x00000007bf380000)
  to   space 12800K, 0% used [0x00000007bf380000,0x00000007bf380000,0x00000007c0000000)
 ParOldGen       total 677376K, used 519848K [0x00000006c1800000, 0x00000006ead80000, 0x00000007b9c00000)
  object space 677376K, 76% used [0x00000006c1800000,0x00000006e13aa000,0x00000006ead80000)
 Metaspace       used 2707K, capacity 4486K, committed 4864K, reserved 1056768K
  class space    used 302K, capacity 386K, committed 512K, reserved 1048576K
}
{Heap before GC invocations=807 (full 39):
 PSYoungGen      total 89600K, used 89600K [0x00000007b9c00000, 0x00000007c0000000, 0x00000007c0000000)
  eden space 76800K, 100% used [0x00000007b9c00000,0x00000007be700000,0x00000007be700000)
  from space 12800K, 100% used [0x00000007be700000,0x00000007bf380000,0x00000007bf380000)
  to   space 12800K, 0% used [0x00000007bf380000,0x00000007bf380000,0x00000007c0000000)
 ParOldGen       total 677376K, used 519848K [0x00000006c1800000, 0x00000006ead80000, 0x00000007b9c00000)
  object space 677376K, 76% used [0x00000006c1800000,0x00000006e13aa000,0x00000006ead80000)
 Metaspace       used 2707K, capacity 4486K, committed 4864K, reserved 1056768K
  class space    used 302K, capacity 386K, committed 512K, reserved 1048576K
Heap after GC invocations=807 (full 39):
 PSYoungGen      total 89600K, used 12800K [0x00000007b9c00000, 0x00000007c0000000, 0x00000007c0000000)
  eden space 76800K, 0% used [0x00000007b9c00000,0x00000007b9c00000,0x00000007be700000)
  from space 12800K, 100% used [0x00000007bf380000,0x00000007c0000000,0x00000007c0000000)
  to   space 12800K, 0% used [0x00000007be700000,0x00000007be700000,0x00000007bf380000)
 ParOldGen       total 677376K, used 540016K [0x00000006c1800000, 0x00000006ead80000, 0x00000007b9c00000)
  object space 677376K, 79% used [0x00000006c1800000,0x00000006e275c000,0x00000006ead80000)
 Metaspace       used 2707K, capacity 4486K, committed 4864K, reserved 1056768K
  class space    used 302K, capacity 386K, committed 512K, reserved 1048576K
}
{Heap before GC invocations=808 (full 39):
 PSYoungGen      total 89600K, used 89600K [0x00000007b9c00000, 0x00000007c0000000, 0x00000007c0000000)
  eden space 76800K, 100% used [0x00000007b9c00000,0x00000007be700000,0x00000007be700000)
  from space 12800K, 100% used [0x00000007bf380000,0x00000007c0000000,0x00000007c0000000)
  to   space 12800K, 0% used [0x00000007be700000,0x00000007be700000,0x00000007bf380000)
 ParOldGen       total 677376K, used 540016K [0x00000006c1800000, 0x00000006ead80000, 0x00000007b9c00000)
  object space 677376K, 79% used [0x00000006c1800000,0x00000006e275c000,0x00000006ead80000)
 Metaspace       used 2707K, capacity 4486K, committed 4864K, reserved 1056768K
  class space    used 302K, capacity 386K, committed 512K, reserved 1048576K
Heap after GC invocations=808 (full 39):
 PSYoungGen      total 89600K, used 12800K [0x00000007b9c00000, 0x00000007c0000000, 0x00000007c0000000)
  eden space 76800K, 0% used [0x00000007b9c00000,0x00000007b9c00000,0x00000007be700000)
  from space 12800K, 100% used [0x00000007be700000,0x00000007bf380000,0x00000007bf380000)
  to   space 12800K, 0% used [0x00000007bf380000,0x00000007bf380000,0x00000007c0000000)
 ParOldGen       total 677376K, used 560176K [0x00000006c1800000, 0x00000006ead80000, 0x00000007b9c00000)
  object space 677376K, 82% used [0x00000006c1800000,0x00000006e3b0c000,0x00000006ead80000)
 Metaspace       used 2707K, capacity 4486K, committed 4864K, reserved 1056768K
  class space    used 302K, capacity 386K, committed 512K, reserved 1048576K
}
{Heap before GC invocations=809 (full 39):
 PSYoungGen      total 89600K, used 89600K [0x00000007b9c00000, 0x00000007c0000000, 0x00000007c0000000)
  eden space 76800K, 100% used [0x00000007b9c00000,0x00000007be700000,0x00000007be700000)
  from space 12800K, 100% used [0x00000007be700000,0x00000007bf380000,0x00000007bf380000)
  to   space 12800K, 0% used [0x00000007bf380000,0x00000007bf380000,0x00000007c0000000)
 ParOldGen       total 677376K, used 560176K [0x00000006c1800000, 0x00000006ead80000, 0x00000007b9c00000)
  object space 677376K, 82% used [0x00000006c1800000,0x00000006e3b0c000,0x00000006ead80000)
 Metaspace       used 2707K, capacity 4486K, committed 4864K, reserved 1056768K
  class space    used 302K, capacity 386K, committed 512K, reserved 1048576K
Heap after GC invocations=809 (full 39):
 PSYoungGen      total 89600K, used 12800K [0x00000007b9c00000, 0x00000007c0000000, 0x00000007c0000000)
  eden space 76800K, 0% used [0x00000007b9c00000,0x00000007b9c00000,0x00000007be700000)
  from space 12800K, 100% used [0x00000007bf380000,0x00000007c0000000,0x00000007c0000000)
  to   space 12800K, 0% used [0x00000007be700000,0x00000007be700000,0x00000007bf380000)
 ParOldGen       total 677376K, used 580344K [0x00000006c1800000, 0x00000006ead80000, 0x00000007b9c00000)
  object space 677376K, 85% used [0x00000006c1800000,0x00000006e4ebe000,0x00000006ead80000)
 Metaspace       used 2707K, capacity 4486K, committed 4864K, reserved 1056768K
  class space    used 302K, capacity 386K, committed 512K, reserved 1048576K
}
{Heap before GC invocations=810 (full 39):
 PSYoungGen      total 89600K, used 89600K [0x00000007b9c00000, 0x00000007c0000000, 0x00000007c0000000)
  eden space 76800K, 100% used [0x00000007b9c00000,0x00000007be700000,0x00000007be700000)
  from space 12800K, 100% used [0x00000007bf380000,0x00000007c0000000,0x00000007c0000000)
  to   space 12800K, 0% used [0x00000007be700000,0x00000007be700000,0x00000007bf380000)
 ParOldGen       total 677376K, used 580344K [0x00000006c1800000, 0x00000006ead80000, 0x00000007b9c00000)
  object space 677376K, 85% used [0x00000006c1800000,0x00000006e4ebe000,0x00000006ead80000)
 Metaspace       used 2707K, capacity 4486K, committed 4864K, reserved 1056768K
  class space    used 302K, capacity 386K, committed 512K, reserved 1048576K
Heap after GC invocations=810 (full 39):
 PSYoungGen      total 89600K, used 12800K [0x00000007b9c00000, 0x00000007c0000000, 0x00000007c0000000)
  eden space 76800K, 0% used [0x00000007b9c00000,0x00000007b9c00000,0x00000007be700000)
  from space 12800K, 100% used [0x00000007be700000,0x00000007bf380000,0x00000007bf380000)
  to   space 12800K, 0% used [0x00000007bf380000,0x00000007bf380000,0x00000007c0000000)
 ParOldGen       total 677376K, used 600512K [0x00000006c1800000, 0x00000006ead80000, 0x00000007b9c00000)
  object space 677376K, 88% used [0x00000006c1800000,0x00000006e6270000,0x00000006ead80000)
 Metaspace       used 2707K, capacity 4486K, committed 4864K, reserved 1056768K
  class space    used 302K, capacity 386K, committed 512K, reserved 1048576K
}
{Heap before GC invocations=811 (full 39):
 PSYoungGen      total 89600K, used 89600K [0x00000007b9c00000, 0x00000007c0000000, 0x00000007c0000000)
  eden space 76800K, 100% used [0x00000007b9c00000,0x00000007be700000,0x00000007be700000)
  from space 12800K, 100% used [0x00000007be700000,0x00000007bf380000,0x00000007bf380000)
  to   space 12800K, 0% used [0x00000007bf380000,0x00000007bf380000,0x00000007c0000000)
 ParOldGen       total 677376K, used 600512K [0x00000006c1800000, 0x00000006ead80000, 0x00000007b9c00000)
  object space 677376K, 88% used [0x00000006c1800000,0x00000006e6270000,0x00000006ead80000)
 Metaspace       used 2707K, capacity 4486K, committed 4864K, reserved 1056768K
  class space    used 302K, capacity 386K, committed 512K, reserved 1048576K
Heap after GC invocations=811 (full 39):
 PSYoungGen      total 89600K, used 12800K [0x00000007b9c00000, 0x00000007c0000000, 0x00000007c0000000)
  eden space 76800K, 0% used [0x00000007b9c00000,0x00000007b9c00000,0x00000007be700000)
  from space 12800K, 100% used [0x00000007bf380000,0x00000007c0000000,0x00000007c0000000)
  to   space 12800K, 0% used [0x00000007be700000,0x00000007be700000,0x00000007bf380000)
 ParOldGen       total 677376K, used 620680K [0x00000006c1800000, 0x00000006ead80000, 0x00000007b9c00000)
  object space 677376K, 91% used [0x00000006c1800000,0x00000006e7622000,0x00000006ead80000)
 Metaspace       used 2707K, capacity 4486K, committed 4864K, reserved 1056768K
  class space    used 302K, capacity 386K, committed 512K, reserved 1048576K
}
{Heap before GC invocations=812 (full 39):
 PSYoungGen      total 89600K, used 89600K [0x00000007b9c00000, 0x00000007c0000000, 0x00000007c0000000)
  eden space 76800K, 100% used [0x00000007b9c00000,0x00000007be700000,0x00000007be700000)
  from space 12800K, 100% used [0x00000007bf380000,0x00000007c0000000,0x00000007c0000000)
  to   space 12800K, 0% used [0x00000007be700000,0x00000007be700000,0x00000007bf380000)
 ParOldGen       total 677376K, used 620680K [0x00000006c1800000, 0x00000006ead80000, 0x00000007b9c00000)
  object space 677376K, 91% used [0x00000006c1800000,0x00000006e7622000,0x00000006ead80000)
 Metaspace       used 2707K, capacity 4486K, committed 4864K, reserved 1056768K
  class space    used 302K, capacity 386K, committed 512K, reserved 1048576K
Heap after GC invocations=812 (full 39):
 PSYoungGen      total 89600K, used 12800K [0x00000007b9c00000, 0x00000007c0000000, 0x00000007c0000000)
  eden space 76800K, 0% used [0x00000007b9c00000,0x00000007b9c00000,0x00000007be700000)
  from space 12800K, 100% used [0x00000007be700000,0x00000007bf380000,0x00000007bf380000)
  to   space 12800K, 0% used [0x00000007bf380000,0x00000007bf380000,0x00000007c0000000)
 ParOldGen       total 677376K, used 640848K [0x00000006c1800000, 0x00000006ead80000, 0x00000007b9c00000)
  object space 677376K, 94% used [0x00000006c1800000,0x00000006e89d4000,0x00000006ead80000)
 Metaspace       used 2707K, capacity 4486K, committed 4864K, reserved 1056768K
  class space    used 302K, capacity 386K, committed 512K, reserved 1048576K
}
{Heap before GC invocations=813 (full 39):
 PSYoungGen      total 89600K, used 89600K [0x00000007b9c00000, 0x00000007c0000000, 0x00000007c0000000)
  eden space 76800K, 100% used [0x00000007b9c00000,0x00000007be700000,0x00000007be700000)
  from space 12800K, 100% used [0x00000007be700000,0x00000007bf380000,0x00000007bf380000)
  to   space 12800K, 0% used [0x00000007bf380000,0x00000007bf380000,0x00000007c0000000)
 ParOldGen       total 677376K, used 640848K [0x00000006c1800000, 0x00000006ead80000, 0x00000007b9c00000)
  object space 677376K, 94% used [0x00000006c1800000,0x00000006e89d4000,0x00000006ead80000)
 Metaspace       used 2707K, capacity 4486K, committed 4864K, reserved 1056768K
  class space    used 302K, capacity 386K, committed 512K, reserved 1048576K
Heap after GC invocations=813 (full 39):
 PSYoungGen      total 89600K, used 12800K [0x00000007b9c00000, 0x00000007c0000000, 0x00000007c0000000)
  eden space 76800K, 0% used [0x00000007b9c00000,0x00000007b9c00000,0x00000007be700000)
  from space 12800K, 100% used [0x00000007bf380000,0x00000007c0000000,0x00000007c0000000)
  to   space 12800K, 0% used [0x00000007be700000,0x00000007be700000,0x00000007bf380000)
 ParOldGen       total 677376K, used 661008K [0x00000006c1800000, 0x00000006ead80000, 0x00000007b9c00000)
  object space 677376K, 97% used [0x00000006c1800000,0x00000006e9d84000,0x00000006ead80000)
 Metaspace       used 2707K, capacity 4486K, committed 4864K, reserved 1056768K
  class space    used 302K, capacity 386K, committed 512K, reserved 1048576K
}
{Heap before GC invocations=814 (full 40):
 PSYoungGen      total 89600K, used 12800K [0x00000007b9c00000, 0x00000007c0000000, 0x00000007c0000000)
  eden space 76800K, 0% used [0x00000007b9c00000,0x00000007b9c00000,0x00000007be700000)
  from space 12800K, 100% used [0x00000007bf380000,0x00000007c0000000,0x00000007c0000000)
  to   space 12800K, 0% used [0x00000007be700000,0x00000007be700000,0x00000007bf380000)
 ParOldGen       total 677376K, used 661008K [0x00000006c1800000, 0x00000006ead80000, 0x00000007b9c00000)
  object space 677376K, 97% used [0x00000006c1800000,0x00000006e9d84000,0x00000006ead80000)
 Metaspace       used 2707K, capacity 4486K, committed 4864K, reserved 1056768K
  class space    used 302K, capacity 386K, committed 512K, reserved 1048576K
Heap after GC invocations=814 (full 40):
 PSYoungGen      total 89600K, used 0K [0x00000007b9c00000, 0x00000007c0000000, 0x00000007c0000000)
  eden space 76800K, 0% used [0x00000007b9c00000,0x00000007b9c00000,0x00000007be700000)
  from space 12800K, 0% used [0x00000007bf380000,0x00000007bf380000,0x00000007c0000000)
  to   space 12800K, 0% used [0x00000007be700000,0x00000007be700000,0x00000007bf380000)
 ParOldGen       total 689664K, used 35840K [0x00000006c1800000, 0x00000006eb980000, 0x00000007b9c00000)
  object space 689664K, 5% used [0x00000006c1800000,0x00000006c3b00000,0x00000006eb980000)
 Metaspace       used 2707K, capacity 4486K, committed 4864K, reserved 1056768K
  class space    used 302K, capacity 386K, committed 512K, reserved 1048576K
}
{Heap before GC invocations=815 (full 40):
 PSYoungGen      total 89600K, used 76800K [0x00000007b9c00000, 0x00000007c0000000, 0x00000007c0000000)
  eden space 76800K, 100% used [0x00000007b9c00000,0x00000007be700000,0x00000007be700000)
  from space 12800K, 0% used [0x00000007bf380000,0x00000007bf380000,0x00000007c0000000)
  to   space 12800K, 0% used [0x00000007be700000,0x00000007be700000,0x00000007bf380000)
 ParOldGen       total 689664K, used 35840K [0x00000006c1800000, 0x00000006eb980000, 0x00000007b9c00000)
  object space 689664K, 5% used [0x00000006c1800000,0x00000006c3b00000,0x00000006eb980000)
 Metaspace       used 2707K, capacity 4486K, committed 4864K, reserved 1056768K
  class space    used 302K, capacity 386K, committed 512K, reserved 1048576K
Heap after GC invocations=815 (full 40):
 PSYoungGen      total 89600K, used 12800K [0x00000007b9c00000, 0x00000007c0000000, 0x00000007c0000000)
  eden space 76800K, 0% used [0x00000007b9c00000,0x00000007b9c00000,0x00000007be700000)
  from space 12800K, 100% used [0x00000007be700000,0x00000007bf380000,0x00000007bf380000)
  to   space 12800K, 0% used [0x00000007bf380000,0x00000007bf380000,0x00000007c0000000)
 ParOldGen       total 689664K, used 56008K [0x00000006c1800000, 0x00000006eb980000, 0x00000007b9c00000)
  object space 689664K, 8% used [0x00000006c1800000,0x00000006c4eb2000,0x00000006eb980000)
 Metaspace       used 2707K, capacity 4486K, committed 4864K, reserved 1056768K
  class space    used 302K, capacity 386K, committed 512K, reserved 1048576K
}
{Heap before GC invocations=816 (full 40):
 PSYoungGen      total 89600K, used 89600K [0x00000007b9c00000, 0x00000007c0000000, 0x00000007c0000000)
  eden space 76800K, 100% used [0x00000007b9c00000,0x00000007be700000,0x00000007be700000)
  from space 12800K, 100% used [0x00000007be700000,0x00000007bf380000,0x00000007bf380000)
  to   space 12800K, 0% used [0x00000007bf380000,0x00000007bf380000,0x00000007c0000000)
 ParOldGen       total 689664K, used 56008K [0x00000006c1800000, 0x00000006eb980000, 0x00000007b9c00000)
  object space 689664K, 8% used [0x00000006c1800000,0x00000006c4eb2000,0x00000006eb980000)
 Metaspace       used 2707K, capacity 4486K, committed 4864K, reserved 1056768K
  class space    used 302K, capacity 386K, committed 512K, reserved 1048576K
Heap after GC invocations=816 (full 40):
 PSYoungGen      total 89600K, used 12800K [0x00000007b9c00000, 0x00000007c0000000, 0x00000007c0000000)
  eden space 76800K, 0% used [0x00000007b9c00000,0x00000007b9c00000,0x00000007be700000)
  from space 12800K, 100% used [0x00000007bf380000,0x00000007c0000000,0x00000007c0000000)
  to   space 12800K, 0% used [0x00000007be700000,0x00000007be700000,0x00000007bf380000)
 ParOldGen       total 689664K, used 76168K [0x00000006c1800000, 0x00000006eb980000, 0x00000007b9c00000)
  object space 689664K, 11% used [0x00000006c1800000,0x00000006c6262000,0x00000006eb980000)
 Metaspace       used 2707K, capacity 4486K, committed 4864K, reserved 1056768K
  class space    used 302K, capacity 386K, committed 512K, reserved 1048576K
}
{Heap before GC invocations=817 (full 40):
 PSYoungGen      total 89600K, used 89600K [0x00000007b9c00000, 0x00000007c0000000, 0x00000007c0000000)
  eden space 76800K, 100% used [0x00000007b9c00000,0x00000007be700000,0x00000007be700000)
  from space 12800K, 100% used [0x00000007bf380000,0x00000007c0000000,0x00000007c0000000)
  to   space 12800K, 0% used [0x00000007be700000,0x00000007be700000,0x00000007bf380000)
 ParOldGen       total 689664K, used 76168K [0x00000006c1800000, 0x00000006eb980000, 0x00000007b9c00000)
  object space 689664K, 11% used [0x00000006c1800000,0x00000006c6262000,0x00000006eb980000)
 Metaspace       used 2707K, capacity 4486K, committed 4864K, reserved 1056768K
  class space    used 302K, capacity 386K, committed 512K, reserved 1048576K
Heap after GC invocations=817 (full 40):
 PSYoungGen      total 89600K, used 12800K [0x00000007b9c00000, 0x00000007c0000000, 0x00000007c0000000)
  eden space 76800K, 0% used [0x00000007b9c00000,0x00000007b9c00000,0x00000007be700000)
  from space 12800K, 100% used [0x00000007be700000,0x00000007bf380000,0x00000007bf380000)
  to   space 12800K, 0% used [0x00000007bf380000,0x00000007bf380000,0x00000007c0000000)
 ParOldGen       total 689664K, used 96328K [0x00000006c1800000, 0x00000006eb980000, 0x00000007b9c00000)
  object space 689664K, 13% used [0x00000006c1800000,0x00000006c7612000,0x00000006eb980000)
 Metaspace       used 2707K, capacity 4486K, committed 4864K, reserved 1056768K
  class space    used 302K, capacity 386K, committed 512K, reserved 1048576K
}
{Heap before GC invocations=818 (full 40):
 PSYoungGen      total 89600K, used 89600K [0x00000007b9c00000, 0x00000007c0000000, 0x00000007c0000000)
  eden space 76800K, 100% used [0x00000007b9c00000,0x00000007be700000,0x00000007be700000)
  from space 12800K, 100% used [0x00000007be700000,0x00000007bf380000,0x00000007bf380000)
  to   space 12800K, 0% used [0x00000007bf380000,0x00000007bf380000,0x00000007c0000000)
 ParOldGen       total 689664K, used 96328K [0x00000006c1800000, 0x00000006eb980000, 0x00000007b9c00000)
  object space 689664K, 13% used [0x00000006c1800000,0x00000006c7612000,0x00000006eb980000)
 Metaspace       used 2707K, capacity 4486K, committed 4864K, reserved 1056768K
  class space    used 302K, capacity 386K, committed 512K, reserved 1048576K
Heap after GC invocations=818 (full 40):
 PSYoungGen      total 89600K, used 12800K [0x00000007b9c00000, 0x00000007c0000000, 0x00000007c0000000)
  eden space 76800K, 0% used [0x00000007b9c00000,0x00000007b9c00000,0x00000007be700000)
  from space 12800K, 100% used [0x00000007bf380000,0x00000007c0000000,0x00000007c0000000)
  to   space 12800K, 0% used [0x00000007be700000,0x00000007be700000,0x00000007bf380000)
 ParOldGen       total 689664K, used 116496K [0x00000006c1800000, 0x00000006eb980000, 0x00000007b9c00000)
  object space 689664K, 16% used [0x00000006c1800000,0x00000006c89c4000,0x00000006eb980000)
 Metaspace       used 2707K, capacity 4486K, committed 4864K, reserved 1056768K
  class space    used 302K, capacity 386K, committed 512K, reserved 1048576K
}
{Heap before GC invocations=819 (full 40):
 PSYoungGen      total 89600K, used 89600K [0x00000007b9c00000, 0x00000007c0000000, 0x00000007c0000000)
  eden space 76800K, 100% used [0x00000007b9c00000,0x00000007be700000,0x00000007be700000)
  from space 12800K, 100% used [0x00000007bf380000,0x00000007c0000000,0x00000007c0000000)
  to   space 12800K, 0% used [0x00000007be700000,0x00000007be700000,0x00000007bf380000)
 ParOldGen       total 689664K, used 116496K [0x00000006c1800000, 0x00000006eb980000, 0x00000007b9c00000)
  object space 689664K, 16% used [0x00000006c1800000,0x00000006c89c4000,0x00000006eb980000)
 Metaspace       used 2707K, capacity 4486K, committed 4864K, reserved 1056768K
  class space    used 302K, capacity 386K, committed 512K, reserved 1048576K
Heap after GC invocations=819 (full 40):
 PSYoungGen      total 89600K, used 12800K [0x00000007b9c00000, 0x00000007c0000000, 0x00000007c0000000)
  eden space 76800K, 0% used [0x00000007b9c00000,0x00000007b9c00000,0x00000007be700000)
  from space 12800K, 100% used [0x00000007be700000,0x00000007bf380000,0x00000007bf380000)
  to   space 12800K, 0% used [0x00000007bf380000,0x00000007bf380000,0x00000007c0000000)
 ParOldGen       total 689664K, used 136664K [0x00000006c1800000, 0x00000006eb980000, 0x00000007b9c00000)
  object space 689664K, 19% used [0x00000006c1800000,0x00000006c9d76000,0x00000006eb980000)
 Metaspace       used 2707K, capacity 4486K, committed 4864K, reserved 1056768K
  class space    used 302K, capacity 386K, committed 512K, reserved 1048576K
}
{Heap before GC invocations=820 (full 40):
 PSYoungGen      total 89600K, used 89600K [0x00000007b9c00000, 0x00000007c0000000, 0x00000007c0000000)
  eden space 76800K, 100% used [0x00000007b9c00000,0x00000007be700000,0x00000007be700000)
  from space 12800K, 100% used [0x00000007be700000,0x00000007bf380000,0x00000007bf380000)
  to   space 12800K, 0% used [0x00000007bf380000,0x00000007bf380000,0x00000007c0000000)
 ParOldGen       total 689664K, used 136664K [0x00000006c1800000, 0x00000006eb980000, 0x00000007b9c00000)
  object space 689664K, 19% used [0x00000006c1800000,0x00000006c9d76000,0x00000006eb980000)
 Metaspace       used 2707K, capacity 4486K, committed 4864K, reserved 1056768K
  class space    used 302K, capacity 386K, committed 512K, reserved 1048576K
Heap after GC invocations=820 (full 40):
 PSYoungGen      total 89600K, used 12800K [0x00000007b9c00000, 0x00000007c0000000, 0x00000007c0000000)
  eden space 76800K, 0% used [0x00000007b9c00000,0x00000007b9c00000,0x00000007be700000)
  from space 12800K, 100% used [0x00000007bf380000,0x00000007c0000000,0x00000007c0000000)
  to   space 12800K, 0% used [0x00000007be700000,0x00000007be700000,0x00000007bf380000)
 ParOldGen       total 689664K, used 156832K [0x00000006c1800000, 0x00000006eb980000, 0x00000007b9c00000)
  object space 689664K, 22% used [0x00000006c1800000,0x00000006cb128000,0x00000006eb980000)
 Metaspace       used 2707K, capacity 4486K, committed 4864K, reserved 1056768K
  class space    used 302K, capacity 386K, committed 512K, reserved 1048576K
}
{Heap before GC invocations=821 (full 40):
 PSYoungGen      total 89600K, used 89600K [0x00000007b9c00000, 0x00000007c0000000, 0x00000007c0000000)
  eden space 76800K, 100% used [0x00000007b9c00000,0x00000007be700000,0x00000007be700000)
  from space 12800K, 100% used [0x00000007bf380000,0x00000007c0000000,0x00000007c0000000)
  to   space 12800K, 0% used [0x00000007be700000,0x00000007be700000,0x00000007bf380000)
 ParOldGen       total 689664K, used 156832K [0x00000006c1800000, 0x00000006eb980000, 0x00000007b9c00000)
  object space 689664K, 22% used [0x00000006c1800000,0x00000006cb128000,0x00000006eb980000)
 Metaspace       used 2707K, capacity 4486K, committed 4864K, reserved 1056768K
  class space    used 302K, capacity 386K, committed 512K, reserved 1048576K
Heap after GC invocations=821 (full 40):
 PSYoungGen      total 89600K, used 12800K [0x00000007b9c00000, 0x00000007c0000000, 0x00000007c0000000)
  eden space 76800K, 0% used [0x00000007b9c00000,0x00000007b9c00000,0x00000007be700000)
  from space 12800K, 100% used [0x00000007be700000,0x00000007bf380000,0x00000007bf380000)
  to   space 12800K, 0% used [0x00000007bf380000,0x00000007bf380000,0x00000007c0000000)
 ParOldGen       total 689664K, used 177000K [0x00000006c1800000, 0x00000006eb980000, 0x00000007b9c00000)
  object space 689664K, 25% used [0x00000006c1800000,0x00000006cc4da000,0x00000006eb980000)
 Metaspace       used 2707K, capacity 4486K, committed 4864K, reserved 1056768K
  class space    used 302K, capacity 386K, committed 512K, reserved 1048576K
}
{Heap before GC invocations=822 (full 40):
 PSYoungGen      total 89600K, used 89600K [0x00000007b9c00000, 0x00000007c0000000, 0x00000007c0000000)
  eden space 76800K, 100% used [0x00000007b9c00000,0x00000007be700000,0x00000007be700000)
  from space 12800K, 100% used [0x00000007be700000,0x00000007bf380000,0x00000007bf380000)
  to   space 12800K, 0% used [0x00000007bf380000,0x00000007bf380000,0x00000007c0000000)
 ParOldGen       total 689664K, used 177000K [0x00000006c1800000, 0x00000006eb980000, 0x00000007b9c00000)
  object space 689664K, 25% used [0x00000006c1800000,0x00000006cc4da000,0x00000006eb980000)
 Metaspace       used 2707K, capacity 4486K, committed 4864K, reserved 1056768K
  class space    used 302K, capacity 386K, committed 512K, reserved 1048576K
Heap after GC invocations=822 (full 40):
 PSYoungGen      total 89600K, used 12800K [0x00000007b9c00000, 0x00000007c0000000, 0x00000007c0000000)
  eden space 76800K, 0% used [0x00000007b9c00000,0x00000007b9c00000,0x00000007be700000)
  from space 12800K, 100% used [0x00000007bf380000,0x00000007c0000000,0x00000007c0000000)
  to   space 12800K, 0% used [0x00000007be700000,0x00000007be700000,0x00000007bf380000)
 ParOldGen       total 689664K, used 197168K [0x00000006c1800000, 0x00000006eb980000, 0x00000007b9c00000)
  object space 689664K, 28% used [0x00000006c1800000,0x00000006cd88c000,0x00000006eb980000)
 Metaspace       used 2707K, capacity 4486K, committed 4864K, reserved 1056768K
  class space    used 302K, capacity 386K, committed 512K, reserved 1048576K
}
{Heap before GC invocations=823 (full 40):
 PSYoungGen      total 89600K, used 89600K [0x00000007b9c00000, 0x00000007c0000000, 0x00000007c0000000)
  eden space 76800K, 100% used [0x00000007b9c00000,0x00000007be700000,0x00000007be700000)
  from space 12800K, 100% used [0x00000007bf380000,0x00000007c0000000,0x00000007c0000000)
  to   space 12800K, 0% used [0x00000007be700000,0x00000007be700000,0x00000007bf380000)
 ParOldGen       total 689664K, used 197168K [0x00000006c1800000, 0x00000006eb980000, 0x00000007b9c00000)
  object space 689664K, 28% used [0x00000006c1800000,0x00000006cd88c000,0x00000006eb980000)
 Metaspace       used 2707K, capacity 4486K, committed 4864K, reserved 1056768K
  class space    used 302K, capacity 386K, committed 512K, reserved 1048576K
Heap after GC invocations=823 (full 40):
 PSYoungGen      total 89600K, used 12800K [0x00000007b9c00000, 0x00000007c0000000, 0x00000007c0000000)
  eden space 76800K, 0% used [0x00000007b9c00000,0x00000007b9c00000,0x00000007be700000)
  from space 12800K, 100% used [0x00000007be700000,0x00000007bf380000,0x00000007bf380000)
  to   space 12800K, 0% used [0x00000007bf380000,0x00000007bf380000,0x00000007c0000000)
 ParOldGen       total 689664K, used 217336K [0x00000006c1800000, 0x00000006eb980000, 0x00000007b9c00000)
  object space 689664K, 31% used [0x00000006c1800000,0x00000006cec3e000,0x00000006eb980000)
 Metaspace       used 2707K, capacity 4486K, committed 4864K, reserved 1056768K
  class space    used 302K, capacity 386K, committed 512K, reserved 1048576K
}
{Heap before GC invocations=824 (full 40):
 PSYoungGen      total 89600K, used 89600K [0x00000007b9c00000, 0x00000007c0000000, 0x00000007c0000000)
  eden space 76800K, 100% used [0x00000007b9c00000,0x00000007be700000,0x00000007be700000)
  from space 12800K, 100% used [0x00000007be700000,0x00000007bf380000,0x00000007bf380000)
  to   space 12800K, 0% used [0x00000007bf380000,0x00000007bf380000,0x00000007c0000000)
 ParOldGen       total 689664K, used 217336K [0x00000006c1800000, 0x00000006eb980000, 0x00000007b9c00000)
  object space 689664K, 31% used [0x00000006c1800000,0x00000006cec3e000,0x00000006eb980000)
 Metaspace       used 2707K, capacity 4486K, committed 4864K, reserved 1056768K
  class space    used 302K, capacity 386K, committed 512K, reserved 1048576K
Heap after GC invocations=824 (full 40):
 PSYoungGen      total 89600K, used 12800K [0x00000007b9c00000, 0x00000007c0000000, 0x00000007c0000000)
  eden space 76800K, 0% used [0x00000007b9c00000,0x00000007b9c00000,0x00000007be700000)
  from space 12800K, 100% used [0x00000007bf380000,0x00000007c0000000,0x00000007c0000000)
  to   space 12800K, 0% used [0x00000007be700000,0x00000007be700000,0x00000007bf380000)
 ParOldGen       total 689664K, used 237504K [0x00000006c1800000, 0x00000006eb980000, 0x00000007b9c00000)
  object space 689664K, 34% used [0x00000006c1800000,0x00000006cfff0000,0x00000006eb980000)
 Metaspace       used 2707K, capacity 4486K, committed 4864K, reserved 1056768K
  class space    used 302K, capacity 386K, committed 512K, reserved 1048576K
}
{Heap before GC invocations=825 (full 40):
 PSYoungGen      total 89600K, used 89600K [0x00000007b9c00000, 0x00000007c0000000, 0x00000007c0000000)
  eden space 76800K, 100% used [0x00000007b9c00000,0x00000007be700000,0x00000007be700000)
  from space 12800K, 100% used [0x00000007bf380000,0x00000007c0000000,0x00000007c0000000)
  to   space 12800K, 0% used [0x00000007be700000,0x00000007be700000,0x00000007bf380000)
 ParOldGen       total 689664K, used 237504K [0x00000006c1800000, 0x00000006eb980000, 0x00000007b9c00000)
  object space 689664K, 34% used [0x00000006c1800000,0x00000006cfff0000,0x00000006eb980000)
 Metaspace       used 2707K, capacity 4486K, committed 4864K, reserved 1056768K
  class space    used 302K, capacity 386K, committed 512K, reserved 1048576K
Heap after GC invocations=825 (full 40):
 PSYoungGen      total 89600K, used 12800K [0x00000007b9c00000, 0x00000007c0000000, 0x00000007c0000000)
  eden space 76800K, 0% used [0x00000007b9c00000,0x00000007b9c00000,0x00000007be700000)
  from space 12800K, 100% used [0x00000007be700000,0x00000007bf380000,0x00000007bf380000)
  to   space 12800K, 0% used [0x00000007bf380000,0x00000007bf380000,0x00000007c0000000)
 ParOldGen       total 689664K, used 257664K [0x00000006c1800000, 0x00000006eb980000, 0x00000007b9c00000)
  object space 689664K, 37% used [0x00000006c1800000,0x00000006d13a0000,0x00000006eb980000)
 Metaspace       used 2707K, capacity 4486K, committed 4864K, reserved 1056768K
  class space    used 302K, capacity 386K, committed 512K, reserved 1048576K
}
{Heap before GC invocations=826 (full 40):
 PSYoungGen      total 89600K, used 89600K [0x00000007b9c00000, 0x00000007c0000000, 0x00000007c0000000)
  eden space 76800K, 100% used [0x00000007b9c00000,0x00000007be700000,0x00000007be700000)
  from space 12800K, 100% used [0x00000007be700000,0x00000007bf380000,0x00000007bf380000)
  to   space 12800K, 0% used [0x00000007bf380000,0x00000007bf380000,0x00000007c0000000)
 ParOldGen       total 689664K, used 257664K [0x00000006c1800000, 0x00000006eb980000, 0x00000007b9c00000)
  object space 689664K, 37% used [0x00000006c1800000,0x00000006d13a0000,0x00000006eb980000)
 Metaspace       used 2707K, capacity 4486K, committed 4864K, reserved 1056768K
  class space    used 302K, capacity 386K, committed 512K, reserved 1048576K
Heap after GC invocations=826 (full 40):
 PSYoungGen      total 89600K, used 12800K [0x00000007b9c00000, 0x00000007c0000000, 0x00000007c0000000)
  eden space 76800K, 0% used [0x00000007b9c00000,0x00000007b9c00000,0x00000007be700000)
  from space 12800K, 100% used [0x00000007bf380000,0x00000007c0000000,0x00000007c0000000)
  to   space 12800K, 0% used [0x00000007be700000,0x00000007be700000,0x00000007bf380000)
 ParOldGen       total 689664K, used 277824K [0x00000006c1800000, 0x00000006eb980000, 0x00000007b9c00000)
  object space 689664K, 40% used [0x00000006c1800000,0x00000006d2750000,0x00000006eb980000)
 Metaspace       used 2707K, capacity 4486K, committed 4864K, reserved 1056768K
  class space    used 302K, capacity 386K, committed 512K, reserved 1048576K
}
{Heap before GC invocations=827 (full 40):
 PSYoungGen      total 89600K, used 89600K [0x00000007b9c00000, 0x00000007c0000000, 0x00000007c0000000)
  eden space 76800K, 100% used [0x00000007b9c00000,0x00000007be700000,0x00000007be700000)
  from space 12800K, 100% used [0x00000007bf380000,0x00000007c0000000,0x00000007c0000000)
  to   space 12800K, 0% used [0x00000007be700000,0x00000007be700000,0x00000007bf380000)
 ParOldGen       total 689664K, used 277824K [0x00000006c1800000, 0x00000006eb980000, 0x00000007b9c00000)
  object space 689664K, 40% used [0x00000006c1800000,0x00000006d2750000,0x00000006eb980000)
 Metaspace       used 2707K, capacity 4486K, committed 4864K, reserved 1056768K
  class space    used 302K, capacity 386K, committed 512K, reserved 1048576K
Heap after GC invocations=827 (full 40):
 PSYoungGen      total 89600K, used 12800K [0x00000007b9c00000, 0x00000007c0000000, 0x00000007c0000000)
  eden space 76800K, 0% used [0x00000007b9c00000,0x00000007b9c00000,0x00000007be700000)
  from space 12800K, 100% used [0x00000007be700000,0x00000007bf380000,0x00000007bf380000)
  to   space 12800K, 0% used [0x00000007bf380000,0x00000007bf380000,0x00000007c0000000)
 ParOldGen       total 689664K, used 297984K [0x00000006c1800000, 0x00000006eb980000, 0x00000007b9c00000)
  object space 689664K, 43% used [0x00000006c1800000,0x00000006d3b00000,0x00000006eb980000)
 Metaspace       used 2707K, capacity 4486K, committed 4864K, reserved 1056768K
  class space    used 302K, capacity 386K, committed 512K, reserved 1048576K
}
{Heap before GC invocations=828 (full 40):
 PSYoungGen      total 89600K, used 89600K [0x00000007b9c00000, 0x00000007c0000000, 0x00000007c0000000)
  eden space 76800K, 100% used [0x00000007b9c00000,0x00000007be700000,0x00000007be700000)
  from space 12800K, 100% used [0x00000007be700000,0x00000007bf380000,0x00000007bf380000)
  to   space 12800K, 0% used [0x00000007bf380000,0x00000007bf380000,0x00000007c0000000)
 ParOldGen       total 689664K, used 297984K [0x00000006c1800000, 0x00000006eb980000, 0x00000007b9c00000)
  object space 689664K, 43% used [0x00000006c1800000,0x00000006d3b00000,0x00000006eb980000)
 Metaspace       used 2707K, capacity 4486K, committed 4864K, reserved 1056768K
  class space    used 302K, capacity 386K, committed 512K, reserved 1048576K
Heap after GC invocations=828 (full 40):
 PSYoungGen      total 89600K, used 12800K [0x00000007b9c00000, 0x00000007c0000000, 0x00000007c0000000)
  eden space 76800K, 0% used [0x00000007b9c00000,0x00000007b9c00000,0x00000007be700000)
  from space 12800K, 100% used [0x00000007bf380000,0x00000007c0000000,0x00000007c0000000)
  to   space 12800K, 0% used [0x00000007be700000,0x00000007be700000,0x00000007bf380000)
 ParOldGen       total 689664K, used 318160K [0x00000006c1800000, 0x00000006eb980000, 0x00000007b9c00000)
  object space 689664K, 46% used [0x00000006c1800000,0x00000006d4eb4000,0x00000006eb980000)
 Metaspace       used 2707K, capacity 4486K, committed 4864K, reserved 1056768K
  class space    used 302K, capacity 386K, committed 512K, reserved 1048576K
}
{Heap before GC invocations=829 (full 40):
 PSYoungGen      total 89600K, used 89600K [0x00000007b9c00000, 0x00000007c0000000, 0x00000007c0000000)
  eden space 76800K, 100% used [0x00000007b9c00000,0x00000007be700000,0x00000007be700000)
  from space 12800K, 100% used [0x00000007bf380000,0x00000007c0000000,0x00000007c0000000)
  to   space 12800K, 0% used [0x00000007be700000,0x00000007be700000,0x00000007bf380000)
 ParOldGen       total 689664K, used 318160K [0x00000006c1800000, 0x00000006eb980000, 0x00000007b9c00000)
  object space 689664K, 46% used [0x00000006c1800000,0x00000006d4eb4000,0x00000006eb980000)
 Metaspace       used 2707K, capacity 4486K, committed 4864K, reserved 1056768K
  class space    used 302K, capacity 386K, committed 512K, reserved 1048576K
Heap after GC invocations=829 (full 40):
 PSYoungGen      total 89600K, used 12800K [0x00000007b9c00000, 0x00000007c0000000, 0x00000007c0000000)
  eden space 76800K, 0% used [0x00000007b9c00000,0x00000007b9c00000,0x00000007be700000)
  from space 12800K, 100% used [0x00000007be700000,0x00000007bf380000,0x00000007bf380000)
  to   space 12800K, 0% used [0x00000007bf380000,0x00000007bf380000,0x00000007c0000000)
 ParOldGen       total 689664K, used 338328K [0x00000006c1800000, 0x00000006eb980000, 0x00000007b9c00000)
  object space 689664K, 49% used [0x00000006c1800000,0x00000006d6266000,0x00000006eb980000)
 Metaspace       used 2707K, capacity 4486K, committed 4864K, reserved 1056768K
  class space    used 302K, capacity 386K, committed 512K, reserved 1048576K
}
{Heap before GC invocations=830 (full 40):
 PSYoungGen      total 89600K, used 89600K [0x00000007b9c00000, 0x00000007c0000000, 0x00000007c0000000)
  eden space 76800K, 100% used [0x00000007b9c00000,0x00000007be700000,0x00000007be700000)
  from space 12800K, 100% used [0x00000007be700000,0x00000007bf380000,0x00000007bf380000)
  to   space 12800K, 0% used [0x00000007bf380000,0x00000007bf380000,0x00000007c0000000)
 ParOldGen       total 689664K, used 338328K [0x00000006c1800000, 0x00000006eb980000, 0x00000007b9c00000)
  object space 689664K, 49% used [0x00000006c1800000,0x00000006d6266000,0x00000006eb980000)
 Metaspace       used 2707K, capacity 4486K, committed 4864K, reserved 1056768K
  class space    used 302K, capacity 386K, committed 512K, reserved 1048576K
Heap after GC invocations=830 (full 40):
 PSYoungGen      total 89600K, used 12800K [0x00000007b9c00000, 0x00000007c0000000, 0x00000007c0000000)
  eden space 76800K, 0% used [0x00000007b9c00000,0x00000007b9c00000,0x00000007be700000)
  from space 12800K, 100% used [0x00000007bf380000,0x00000007c0000000,0x00000007c0000000)
  to   space 12800K, 0% used [0x00000007be700000,0x00000007be700000,0x00000007bf380000)
 ParOldGen       total 689664K, used 358496K [0x00000006c1800000, 0x00000006eb980000, 0x00000007b9c00000)
  object space 689664K, 51% used [0x00000006c1800000,0x00000006d7618000,0x00000006eb980000)
 Metaspace       used 2707K, capacity 4486K, committed 4864K, reserved 1056768K
  class space    used 302K, capacity 386K, committed 512K, reserved 1048576K
}
{Heap before GC invocations=831 (full 40):
 PSYoungGen      total 89600K, used 89600K [0x00000007b9c00000, 0x00000007c0000000, 0x00000007c0000000)
  eden space 76800K, 100% used [0x00000007b9c00000,0x00000007be700000,0x00000007be700000)
  from space 12800K, 100% used [0x00000007bf380000,0x00000007c0000000,0x00000007c0000000)
  to   space 12800K, 0% used [0x00000007be700000,0x00000007be700000,0x00000007bf380000)
 ParOldGen       total 689664K, used 358496K [0x00000006c1800000, 0x00000006eb980000, 0x00000007b9c00000)
  object space 689664K, 51% used [0x00000006c1800000,0x00000006d7618000,0x00000006eb980000)
 Metaspace       used 2707K, capacity 4486K, committed 4864K, reserved 1056768K
  class space    used 302K, capacity 386K, committed 512K, reserved 1048576K
Heap after GC invocations=831 (full 40):
 PSYoungGen      total 89600K, used 12800K [0x00000007b9c00000, 0x00000007c0000000, 0x00000007c0000000)
  eden space 76800K, 0% used [0x00000007b9c00000,0x00000007b9c00000,0x00000007be700000)
  from space 12800K, 100% used [0x00000007be700000,0x00000007bf380000,0x00000007bf380000)
  to   space 12800K, 0% used [0x00000007bf380000,0x00000007bf380000,0x00000007c0000000)
 ParOldGen       total 689664K, used 378656K [0x00000006c1800000, 0x00000006eb980000, 0x00000007b9c00000)
  object space 689664K, 54% used [0x00000006c1800000,0x00000006d89c8000,0x00000006eb980000)
 Metaspace       used 2707K, capacity 4486K, committed 4864K, reserved 1056768K
  class space    used 302K, capacity 386K, committed 512K, reserved 1048576K
}
{Heap before GC invocations=832 (full 40):
 PSYoungGen      total 89600K, used 89600K [0x00000007b9c00000, 0x00000007c0000000, 0x00000007c0000000)
  eden space 76800K, 100% used [0x00000007b9c00000,0x00000007be700000,0x00000007be700000)
  from space 12800K, 100% used [0x00000007be700000,0x00000007bf380000,0x00000007bf380000)
  to   space 12800K, 0% used [0x00000007bf380000,0x00000007bf380000,0x00000007c0000000)
 ParOldGen       total 689664K, used 378656K [0x00000006c1800000, 0x00000006eb980000, 0x00000007b9c00000)
  object space 689664K, 54% used [0x00000006c1800000,0x00000006d89c8000,0x00000006eb980000)
 Metaspace       used 2707K, capacity 4486K, committed 4864K, reserved 1056768K
  class space    used 302K, capacity 386K, committed 512K, reserved 1048576K
Heap after GC invocations=832 (full 40):
 PSYoungGen      total 89600K, used 12800K [0x00000007b9c00000, 0x00000007c0000000, 0x00000007c0000000)
  eden space 76800K, 0% used [0x00000007b9c00000,0x00000007b9c00000,0x00000007be700000)
  from space 12800K, 100% used [0x00000007bf380000,0x00000007c0000000,0x00000007c0000000)
  to   space 12800K, 0% used [0x00000007be700000,0x00000007be700000,0x00000007bf380000)
 ParOldGen       total 689664K, used 398824K [0x00000006c1800000, 0x00000006eb980000, 0x00000007b9c00000)
  object space 689664K, 57% used [0x00000006c1800000,0x00000006d9d7a000,0x00000006eb980000)
 Metaspace       used 2707K, capacity 4486K, committed 4864K, reserved 1056768K
  class space    used 302K, capacity 386K, committed 512K, reserved 1048576K
}
{Heap before GC invocations=833 (full 40):
 PSYoungGen      total 89600K, used 89600K [0x00000007b9c00000, 0x00000007c0000000, 0x00000007c0000000)
  eden space 76800K, 100% used [0x00000007b9c00000,0x00000007be700000,0x00000007be700000)
  from space 12800K, 100% used [0x00000007bf380000,0x00000007c0000000,0x00000007c0000000)
  to   space 12800K, 0% used [0x00000007be700000,0x00000007be700000,0x00000007bf380000)
 ParOldGen       total 689664K, used 398824K [0x00000006c1800000, 0x00000006eb980000, 0x00000007b9c00000)
  object space 689664K, 57% used [0x00000006c1800000,0x00000006d9d7a000,0x00000006eb980000)
 Metaspace       used 2707K, capacity 4486K, committed 4864K, reserved 1056768K
  class space    used 302K, capacity 386K, committed 512K, reserved 1048576K
Heap after GC invocations=833 (full 40):
 PSYoungGen      total 89600K, used 12800K [0x00000007b9c00000, 0x00000007c0000000, 0x00000007c0000000)
  eden space 76800K, 0% used [0x00000007b9c00000,0x00000007b9c00000,0x00000007be700000)
  from space 12800K, 100% used [0x00000007be700000,0x00000007bf380000,0x00000007bf380000)
  to   space 12800K, 0% used [0x00000007bf380000,0x00000007bf380000,0x00000007c0000000)
 ParOldGen       total 689664K, used 418984K [0x00000006c1800000, 0x00000006eb980000, 0x00000007b9c00000)
  object space 689664K, 60% used [0x00000006c1800000,0x00000006db12a000,0x00000006eb980000)
 Metaspace       used 2707K, capacity 4486K, committed 4864K, reserved 1056768K
  class space    used 302K, capacity 386K, committed 512K, reserved 1048576K
}
{Heap before GC invocations=834 (full 40):
 PSYoungGen      total 89600K, used 89600K [0x00000007b9c00000, 0x00000007c0000000, 0x00000007c0000000)
  eden space 76800K, 100% used [0x00000007b9c00000,0x00000007be700000,0x00000007be700000)
  from space 12800K, 100% used [0x00000007be700000,0x00000007bf380000,0x00000007bf380000)
  to   space 12800K, 0% used [0x00000007bf380000,0x00000007bf380000,0x00000007c0000000)
 ParOldGen       total 689664K, used 418984K [0x00000006c1800000, 0x00000006eb980000, 0x00000007b9c00000)
  object space 689664K, 60% used [0x00000006c1800000,0x00000006db12a000,0x00000006eb980000)
 Metaspace       used 2707K, capacity 4486K, committed 4864K, reserved 1056768K
  class space    used 302K, capacity 386K, committed 512K, reserved 1048576K
Heap after GC invocations=834 (full 40):
 PSYoungGen      total 89600K, used 12800K [0x00000007b9c00000, 0x00000007c0000000, 0x00000007c0000000)
  eden space 76800K, 0% used [0x00000007b9c00000,0x00000007b9c00000,0x00000007be700000)
  from space 12800K, 100% used [0x00000007bf380000,0x00000007c0000000,0x00000007c0000000)
  to   space 12800K, 0% used [0x00000007be700000,0x00000007be700000,0x00000007bf380000)
 ParOldGen       total 689664K, used 439152K [0x00000006c1800000, 0x00000006eb980000, 0x00000007b9c00000)
  object space 689664K, 63% used [0x00000006c1800000,0x00000006dc4dc000,0x00000006eb980000)
 Metaspace       used 2707K, capacity 4486K, committed 4864K, reserved 1056768K
  class space    used 302K, capacity 386K, committed 512K, reserved 1048576K
}
{Heap before GC invocations=835 (full 40):
 PSYoungGen      total 89600K, used 89600K [0x00000007b9c00000, 0x00000007c0000000, 0x00000007c0000000)
  eden space 76800K, 100% used [0x00000007b9c00000,0x00000007be700000,0x00000007be700000)
  from space 12800K, 100% used [0x00000007bf380000,0x00000007c0000000,0x00000007c0000000)
  to   space 12800K, 0% used [0x00000007be700000,0x00000007be700000,0x00000007bf380000)
 ParOldGen       total 689664K, used 439152K [0x00000006c1800000, 0x00000006eb980000, 0x00000007b9c00000)
  object space 689664K, 63% used [0x00000006c1800000,0x00000006dc4dc000,0x00000006eb980000)
 Metaspace       used 2707K, capacity 4486K, committed 4864K, reserved 1056768K
  class space    used 302K, capacity 386K, committed 512K, reserved 1048576K
Heap after GC invocations=835 (full 40):
 PSYoungGen      total 89600K, used 12800K [0x00000007b9c00000, 0x00000007c0000000, 0x00000007c0000000)
  eden space 76800K, 0% used [0x00000007b9c00000,0x00000007b9c00000,0x00000007be700000)
  from space 12800K, 100% used [0x00000007be700000,0x00000007bf380000,0x00000007bf380000)
  to   space 12800K, 0% used [0x00000007bf380000,0x00000007bf380000,0x00000007c0000000)
 ParOldGen       total 689664K, used 459312K [0x00000006c1800000, 0x00000006eb980000, 0x00000007b9c00000)
  object space 689664K, 66% used [0x00000006c1800000,0x00000006dd88c000,0x00000006eb980000)
 Metaspace       used 2707K, capacity 4486K, committed 4864K, reserved 1056768K
  class space    used 302K, capacity 386K, committed 512K, reserved 1048576K
}
{Heap before GC invocations=836 (full 40):
 PSYoungGen      total 89600K, used 89600K [0x00000007b9c00000, 0x00000007c0000000, 0x00000007c0000000)
  eden space 76800K, 100% used [0x00000007b9c00000,0x00000007be700000,0x00000007be700000)
  from space 12800K, 100% used [0x00000007be700000,0x00000007bf380000,0x00000007bf380000)
  to   space 12800K, 0% used [0x00000007bf380000,0x00000007bf380000,0x00000007c0000000)
 ParOldGen       total 689664K, used 459312K [0x00000006c1800000, 0x00000006eb980000, 0x00000007b9c00000)
  object space 689664K, 66% used [0x00000006c1800000,0x00000006dd88c000,0x00000006eb980000)
 Metaspace       used 2707K, capacity 4486K, committed 4864K, reserved 1056768K
  class space    used 302K, capacity 386K, committed 512K, reserved 1048576K
Heap after GC invocations=836 (full 40):
 PSYoungGen      total 89600K, used 12800K [0x00000007b9c00000, 0x00000007c0000000, 0x00000007c0000000)
  eden space 76800K, 0% used [0x00000007b9c00000,0x00000007b9c00000,0x00000007be700000)
  from space 12800K, 100% used [0x00000007bf380000,0x00000007c0000000,0x00000007c0000000)
  to   space 12800K, 0% used [0x00000007be700000,0x00000007be700000,0x00000007bf380000)
 ParOldGen       total 689664K, used 479480K [0x00000006c1800000, 0x00000006eb980000, 0x00000007b9c00000)
  object space 689664K, 69% used [0x00000006c1800000,0x00000006dec3e000,0x00000006eb980000)
 Metaspace       used 2707K, capacity 4486K, committed 4864K, reserved 1056768K
  class space    used 302K, capacity 386K, committed 512K, reserved 1048576K
}
{Heap before GC invocations=837 (full 40):
 PSYoungGen      total 89600K, used 89600K [0x00000007b9c00000, 0x00000007c0000000, 0x00000007c0000000)
  eden space 76800K, 100% used [0x00000007b9c00000,0x00000007be700000,0x00000007be700000)
  from space 12800K, 100% used [0x00000007bf380000,0x00000007c0000000,0x00000007c0000000)
  to   space 12800K, 0% used [0x00000007be700000,0x00000007be700000,0x00000007bf380000)
 ParOldGen       total 689664K, used 479480K [0x00000006c1800000, 0x00000006eb980000, 0x00000007b9c00000)
  object space 689664K, 69% used [0x00000006c1800000,0x00000006dec3e000,0x00000006eb980000)
 Metaspace       used 2707K, capacity 4486K, committed 4864K, reserved 1056768K
  class space    used 302K, capacity 386K, committed 512K, reserved 1048576K
Heap after GC invocations=837 (full 40):
 PSYoungGen      total 89600K, used 12800K [0x00000007b9c00000, 0x00000007c0000000, 0x00000007c0000000)
  eden space 76800K, 0% used [0x00000007b9c00000,0x00000007b9c00000,0x00000007be700000)
  from space 12800K, 100% used [0x00000007be700000,0x00000007bf380000,0x00000007bf380000)
  to   space 12800K, 0% used [0x00000007bf380000,0x00000007bf380000,0x00000007c0000000)
 ParOldGen       total 689664K, used 499648K [0x00000006c1800000, 0x00000006eb980000, 0x00000007b9c00000)
  object space 689664K, 72% used [0x00000006c1800000,0x00000006dfff0000,0x00000006eb980000)
 Metaspace       used 2707K, capacity 4486K, committed 4864K, reserved 1056768K
  class space    used 302K, capacity 386K, committed 512K, reserved 1048576K
}
{Heap before GC invocations=838 (full 40):
 PSYoungGen      total 89600K, used 89600K [0x00000007b9c00000, 0x00000007c0000000, 0x00000007c0000000)
  eden space 76800K, 100% used [0x00000007b9c00000,0x00000007be700000,0x00000007be700000)
  from space 12800K, 100% used [0x00000007be700000,0x00000007bf380000,0x00000007bf380000)
  to   space 12800K, 0% used [0x00000007bf380000,0x00000007bf380000,0x00000007c0000000)
 ParOldGen       total 689664K, used 499648K [0x00000006c1800000, 0x00000006eb980000, 0x00000007b9c00000)
  object space 689664K, 72% used [0x00000006c1800000,0x00000006dfff0000,0x00000006eb980000)
 Metaspace       used 2707K, capacity 4486K, committed 4864K, reserved 1056768K
  class space    used 302K, capacity 386K, committed 512K, reserved 1048576K
Heap after GC invocations=838 (full 40):
 PSYoungGen      total 89600K, used 12800K [0x00000007b9c00000, 0x00000007c0000000, 0x00000007c0000000)
  eden space 76800K, 0% used [0x00000007b9c00000,0x00000007b9c00000,0x00000007be700000)
  from space 12800K, 100% used [0x00000007bf380000,0x00000007c0000000,0x00000007c0000000)
  to   space 12800K, 0% used [0x00000007be700000,0x00000007be700000,0x00000007bf380000)
 ParOldGen       total 689664K, used 519816K [0x00000006c1800000, 0x00000006eb980000, 0x00000007b9c00000)
  object space 689664K, 75% used [0x00000006c1800000,0x00000006e13a2000,0x00000006eb980000)
 Metaspace       used 2707K, capacity 4486K, committed 4864K, reserved 1056768K
  class space    used 302K, capacity 386K, committed 512K, reserved 1048576K
}
{Heap before GC invocations=839 (full 40):
 PSYoungGen      total 89600K, used 89600K [0x00000007b9c00000, 0x00000007c0000000, 0x00000007c0000000)
  eden space 76800K, 100% used [0x00000007b9c00000,0x00000007be700000,0x00000007be700000)
  from space 12800K, 100% used [0x00000007bf380000,0x00000007c0000000,0x00000007c0000000)
  to   space 12800K, 0% used [0x00000007be700000,0x00000007be700000,0x00000007bf380000)
 ParOldGen       total 689664K, used 519816K [0x00000006c1800000, 0x00000006eb980000, 0x00000007b9c00000)
  object space 689664K, 75% used [0x00000006c1800000,0x00000006e13a2000,0x00000006eb980000)
 Metaspace       used 2707K, capacity 4486K, committed 4864K, reserved 1056768K
  class space    used 302K, capacity 386K, committed 512K, reserved 1048576K
Heap after GC invocations=839 (full 40):
 PSYoungGen      total 89600K, used 12800K [0x00000007b9c00000, 0x00000007c0000000, 0x00000007c0000000)
  eden space 76800K, 0% used [0x00000007b9c00000,0x00000007b9c00000,0x00000007be700000)
  from space 12800K, 100% used [0x00000007be700000,0x00000007bf380000,0x00000007bf380000)
  to   space 12800K, 0% used [0x00000007bf380000,0x00000007bf380000,0x00000007c0000000)
 ParOldGen       total 689664K, used 539984K [0x00000006c1800000, 0x00000006eb980000, 0x00000007b9c00000)
  object space 689664K, 78% used [0x00000006c1800000,0x00000006e2754000,0x00000006eb980000)
 Metaspace       used 2707K, capacity 4486K, committed 4864K, reserved 1056768K
  class space    used 302K, capacity 386K, committed 512K, reserved 1048576K
}
{Heap before GC invocations=840 (full 40):
 PSYoungGen      total 89600K, used 89600K [0x00000007b9c00000, 0x00000007c0000000, 0x00000007c0000000)
  eden space 76800K, 100% used [0x00000007b9c00000,0x00000007be700000,0x00000007be700000)
  from space 12800K, 100% used [0x00000007be700000,0x00000007bf380000,0x00000007bf380000)
  to   space 12800K, 0% used [0x00000007bf380000,0x00000007bf380000,0x00000007c0000000)
 ParOldGen       total 689664K, used 539984K [0x00000006c1800000, 0x00000006eb980000, 0x00000007b9c00000)
  object space 689664K, 78% used [0x00000006c1800000,0x00000006e2754000,0x00000006eb980000)
 Metaspace       used 2707K, capacity 4486K, committed 4864K, reserved 1056768K
  class space    used 302K, capacity 386K, committed 512K, reserved 1048576K
Heap after GC invocations=840 (full 40):
 PSYoungGen      total 89600K, used 12800K [0x00000007b9c00000, 0x00000007c0000000, 0x00000007c0000000)
  eden space 76800K, 0% used [0x00000007b9c00000,0x00000007b9c00000,0x00000007be700000)
  from space 12800K, 100% used [0x00000007bf380000,0x00000007c0000000,0x00000007c0000000)
  to   space 12800K, 0% used [0x00000007be700000,0x00000007be700000,0x00000007bf380000)
 ParOldGen       total 689664K, used 560144K [0x00000006c1800000, 0x00000006eb980000, 0x00000007b9c00000)
  object space 689664K, 81% used [0x00000006c1800000,0x00000006e3b04000,0x00000006eb980000)
 Metaspace       used 2707K, capacity 4486K, committed 4864K, reserved 1056768K
  class space    used 302K, capacity 386K, committed 512K, reserved 1048576K
}
{Heap before GC invocations=841 (full 40):
 PSYoungGen      total 89600K, used 89600K [0x00000007b9c00000, 0x00000007c0000000, 0x00000007c0000000)
  eden space 76800K, 100% used [0x00000007b9c00000,0x00000007be700000,0x00000007be700000)
  from space 12800K, 100% used [0x00000007bf380000,0x00000007c0000000,0x00000007c0000000)
  to   space 12800K, 0% used [0x00000007be700000,0x00000007be700000,0x00000007bf380000)
 ParOldGen       total 689664K, used 560144K [0x00000006c1800000, 0x00000006eb980000, 0x00000007b9c00000)
  object space 689664K, 81% used [0x00000006c1800000,0x00000006e3b04000,0x00000006eb980000)
 Metaspace       used 2707K, capacity 4486K, committed 4864K, reserved 1056768K
  class space    used 302K, capacity 386K, committed 512K, reserved 1048576K
Heap after GC invocations=841 (full 40):
 PSYoungGen      total 89600K, used 12800K [0x00000007b9c00000, 0x00000007c0000000, 0x00000007c0000000)
  eden space 76800K, 0% used [0x00000007b9c00000,0x00000007b9c00000,0x00000007be700000)
  from space 12800K, 100% used [0x00000007be700000,0x00000007bf380000,0x00000007bf380000)
  to   space 12800K, 0% used [0x00000007bf380000,0x00000007bf380000,0x00000007c0000000)
 ParOldGen       total 689664K, used 580304K [0x00000006c1800000, 0x00000006eb980000, 0x00000007b9c00000)
  object space 689664K, 84% used [0x00000006c1800000,0x00000006e4eb4000,0x00000006eb980000)
 Metaspace       used 2707K, capacity 4486K, committed 4864K, reserved 1056768K
  class space    used 302K, capacity 386K, committed 512K, reserved 1048576K
}
{Heap before GC invocations=842 (full 40):
 PSYoungGen      total 89600K, used 89600K [0x00000007b9c00000, 0x00000007c0000000, 0x00000007c0000000)
  eden space 76800K, 100% used [0x00000007b9c00000,0x00000007be700000,0x00000007be700000)
  from space 12800K, 100% used [0x00000007be700000,0x00000007bf380000,0x00000007bf380000)
  to   space 12800K, 0% used [0x00000007bf380000,0x00000007bf380000,0x00000007c0000000)
 ParOldGen       total 689664K, used 580304K [0x00000006c1800000, 0x00000006eb980000, 0x00000007b9c00000)
  object space 689664K, 84% used [0x00000006c1800000,0x00000006e4eb4000,0x00000006eb980000)
 Metaspace       used 2707K, capacity 4486K, committed 4864K, reserved 1056768K
  class space    used 302K, capacity 386K, committed 512K, reserved 1048576K
Heap after GC invocations=842 (full 40):
 PSYoungGen      total 89600K, used 12800K [0x00000007b9c00000, 0x00000007c0000000, 0x00000007c0000000)
  eden space 76800K, 0% used [0x00000007b9c00000,0x00000007b9c00000,0x00000007be700000)
  from space 12800K, 100% used [0x00000007bf380000,0x00000007c0000000,0x00000007c0000000)
  to   space 12800K, 0% used [0x00000007be700000,0x00000007be700000,0x00000007bf380000)
 ParOldGen       total 689664K, used 600472K [0x00000006c1800000, 0x00000006eb980000, 0x00000007b9c00000)
  object space 689664K, 87% used [0x00000006c1800000,0x00000006e6266000,0x00000006eb980000)
 Metaspace       used 2707K, capacity 4486K, committed 4864K, reserved 1056768K
  class space    used 302K, capacity 386K, committed 512K, reserved 1048576K
}
{Heap before GC invocations=843 (full 40):
 PSYoungGen      total 89600K, used 89600K [0x00000007b9c00000, 0x00000007c0000000, 0x00000007c0000000)
  eden space 76800K, 100% used [0x00000007b9c00000,0x00000007be700000,0x00000007be700000)
  from space 12800K, 100% used [0x00000007bf380000,0x00000007c0000000,0x00000007c0000000)
  to   space 12800K, 0% used [0x00000007be700000,0x00000007be700000,0x00000007bf380000)
 ParOldGen       total 689664K, used 600472K [0x00000006c1800000, 0x00000006eb980000, 0x00000007b9c00000)
  object space 689664K, 87% used [0x00000006c1800000,0x00000006e6266000,0x00000006eb980000)
 Metaspace       used 2707K, capacity 4486K, committed 4864K, reserved 1056768K
  class space    used 302K, capacity 386K, committed 512K, reserved 1048576K
Heap after GC invocations=843 (full 40):
 PSYoungGen      total 89600K, used 12800K [0x00000007b9c00000, 0x00000007c0000000, 0x00000007c0000000)
  eden space 76800K, 0% used [0x00000007b9c00000,0x00000007b9c00000,0x00000007be700000)
  from space 12800K, 100% used [0x00000007be700000,0x00000007bf380000,0x00000007bf380000)
  to   space 12800K, 0% used [0x00000007bf380000,0x00000007bf380000,0x00000007c0000000)
 ParOldGen       total 689664K, used 620632K [0x00000006c1800000, 0x00000006eb980000, 0x00000007b9c00000)
  object space 689664K, 89% used [0x00000006c1800000,0x00000006e7616000,0x00000006eb980000)
 Metaspace       used 2707K, capacity 4486K, committed 4864K, reserved 1056768K
  class space    used 302K, capacity 386K, committed 512K, reserved 1048576K
}
{Heap before GC invocations=844 (full 40):
 PSYoungGen      total 89600K, used 89600K [0x00000007b9c00000, 0x00000007c0000000, 0x00000007c0000000)
  eden space 76800K, 100% used [0x00000007b9c00000,0x00000007be700000,0x00000007be700000)
  from space 12800K, 100% used [0x00000007be700000,0x00000007bf380000,0x00000007bf380000)
  to   space 12800K, 0% used [0x00000007bf380000,0x00000007bf380000,0x00000007c0000000)
 ParOldGen       total 689664K, used 620632K [0x00000006c1800000, 0x00000006eb980000, 0x00000007b9c00000)
  object space 689664K, 89% used [0x00000006c1800000,0x00000006e7616000,0x00000006eb980000)
 Metaspace       used 2707K, capacity 4486K, committed 4864K, reserved 1056768K
  class space    used 302K, capacity 386K, committed 512K, reserved 1048576K
Heap after GC invocations=844 (full 40):
 PSYoungGen      total 89600K, used 12800K [0x00000007b9c00000, 0x00000007c0000000, 0x00000007c0000000)
  eden space 76800K, 0% used [0x00000007b9c00000,0x00000007b9c00000,0x00000007be700000)
  from space 12800K, 100% used [0x00000007bf380000,0x00000007c0000000,0x00000007c0000000)
  to   space 12800K, 0% used [0x00000007be700000,0x00000007be700000,0x00000007bf380000)
 ParOldGen       total 689664K, used 640792K [0x00000006c1800000, 0x00000006eb980000, 0x00000007b9c00000)
  object space 689664K, 92% used [0x00000006c1800000,0x00000006e89c6000,0x00000006eb980000)
 Metaspace       used 2707K, capacity 4486K, committed 4864K, reserved 1056768K
  class space    used 302K, capacity 386K, committed 512K, reserved 1048576K
}
{Heap before GC invocations=845 (full 40):
 PSYoungGen      total 89600K, used 89600K [0x00000007b9c00000, 0x00000007c0000000, 0x00000007c0000000)
  eden space 76800K, 100% used [0x00000007b9c00000,0x00000007be700000,0x00000007be700000)
  from space 12800K, 100% used [0x00000007bf380000,0x00000007c0000000,0x00000007c0000000)
  to   space 12800K, 0% used [0x00000007be700000,0x00000007be700000,0x00000007bf380000)
 ParOldGen       total 689664K, used 640792K [0x00000006c1800000, 0x00000006eb980000, 0x00000007b9c00000)
  object space 689664K, 92% used [0x00000006c1800000,0x00000006e89c6000,0x00000006eb980000)
 Metaspace       used 2707K, capacity 4486K, committed 4864K, reserved 1056768K
  class space    used 302K, capacity 386K, committed 512K, reserved 1048576K
Heap after GC invocations=845 (full 40):
 PSYoungGen      total 89600K, used 12800K [0x00000007b9c00000, 0x00000007c0000000, 0x00000007c0000000)
  eden space 76800K, 0% used [0x00000007b9c00000,0x00000007b9c00000,0x00000007be700000)
  from space 12800K, 100% used [0x00000007be700000,0x00000007bf380000,0x00000007bf380000)
  to   space 12800K, 0% used [0x00000007bf380000,0x00000007bf380000,0x00000007c0000000)
 ParOldGen       total 689664K, used 660952K [0x00000006c1800000, 0x00000006eb980000, 0x00000007b9c00000)
  object space 689664K, 95% used [0x00000006c1800000,0x00000006e9d76000,0x00000006eb980000)
 Metaspace       used 2707K, capacity 4486K, committed 4864K, reserved 1056768K
  class space    used 302K, capacity 386K, committed 512K, reserved 1048576K
}
{Heap before GC invocations=846 (full 40):
 PSYoungGen      total 89600K, used 89600K [0x00000007b9c00000, 0x00000007c0000000, 0x00000007c0000000)
  eden space 76800K, 100% used [0x00000007b9c00000,0x00000007be700000,0x00000007be700000)
  from space 12800K, 100% used [0x00000007be700000,0x00000007bf380000,0x00000007bf380000)
  to   space 12800K, 0% used [0x00000007bf380000,0x00000007bf380000,0x00000007c0000000)
 ParOldGen       total 689664K, used 660952K [0x00000006c1800000, 0x00000006eb980000, 0x00000007b9c00000)
  object space 689664K, 95% used [0x00000006c1800000,0x00000006e9d76000,0x00000006eb980000)
 Metaspace       used 2707K, capacity 4486K, committed 4864K, reserved 1056768K
  class space    used 302K, capacity 386K, committed 512K, reserved 1048576K
Heap after GC invocations=846 (full 40):
 PSYoungGen      total 89600K, used 12800K [0x00000007b9c00000, 0x00000007c0000000, 0x00000007c0000000)
  eden space 76800K, 0% used [0x00000007b9c00000,0x00000007b9c00000,0x00000007be700000)
  from space 12800K, 100% used [0x00000007bf380000,0x00000007c0000000,0x00000007c0000000)
  to   space 12800K, 0% used [0x00000007be700000,0x00000007be700000,0x00000007bf380000)
 ParOldGen       total 689664K, used 681120K [0x00000006c1800000, 0x00000006eb980000, 0x00000007b9c00000)
  object space 689664K, 98% used [0x00000006c1800000,0x00000006eb128000,0x00000006eb980000)
 Metaspace       used 2707K, capacity 4486K, committed 4864K, reserved 1056768K
  class space    used 302K, capacity 386K, committed 512K, reserved 1048576K
}
{Heap before GC invocations=847 (full 41):
 PSYoungGen      total 89600K, used 12800K [0x00000007b9c00000, 0x00000007c0000000, 0x00000007c0000000)
  eden space 76800K, 0% used [0x00000007b9c00000,0x00000007b9c00000,0x00000007be700000)
  from space 12800K, 100% used [0x00000007bf380000,0x00000007c0000000,0x00000007c0000000)
  to   space 12800K, 0% used [0x00000007be700000,0x00000007be700000,0x00000007bf380000)
 ParOldGen       total 689664K, used 681120K [0x00000006c1800000, 0x00000006eb980000, 0x00000007b9c00000)
  object space 689664K, 98% used [0x00000006c1800000,0x00000006eb128000,0x00000006eb980000)
 Metaspace       used 2707K, capacity 4486K, committed 4864K, reserved 1056768K
  class space    used 302K, capacity 386K, committed 512K, reserved 1048576K
Heap after GC invocations=847 (full 41):
 PSYoungGen      total 89600K, used 0K [0x00000007b9c00000, 0x00000007c0000000, 0x00000007c0000000)
  eden space 76800K, 0% used [0x00000007b9c00000,0x00000007b9c00000,0x00000007be700000)
  from space 12800K, 0% used [0x00000007bf380000,0x00000007bf380000,0x00000007c0000000)
  to   space 12800K, 0% used [0x00000007be700000,0x00000007be700000,0x00000007bf380000)
 ParOldGen       total 701952K, used 35840K [0x00000006c1800000, 0x00000006ec580000, 0x00000007b9c00000)
  object space 701952K, 5% used [0x00000006c1800000,0x00000006c3b00000,0x00000006ec580000)
 Metaspace       used 2707K, capacity 4486K, committed 4864K, reserved 1056768K
  class space    used 302K, capacity 386K, committed 512K, reserved 1048576K
}
{Heap before GC invocations=848 (full 41):
 PSYoungGen      total 89600K, used 76800K [0x00000007b9c00000, 0x00000007c0000000, 0x00000007c0000000)
  eden space 76800K, 100% used [0x00000007b9c00000,0x00000007be700000,0x00000007be700000)
  from space 12800K, 0% used [0x00000007bf380000,0x00000007bf380000,0x00000007c0000000)
  to   space 12800K, 0% used [0x00000007be700000,0x00000007be700000,0x00000007bf380000)
 ParOldGen       total 701952K, used 35840K [0x00000006c1800000, 0x00000006ec580000, 0x00000007b9c00000)
  object space 701952K, 5% used [0x00000006c1800000,0x00000006c3b00000,0x00000006ec580000)
 Metaspace       used 2707K, capacity 4486K, committed 4864K, reserved 1056768K
  class space    used 302K, capacity 386K, committed 512K, reserved 1048576K
Heap after GC invocations=848 (full 41):
 PSYoungGen      total 89600K, used 12800K [0x00000007b9c00000, 0x00000007c0000000, 0x00000007c0000000)
  eden space 76800K, 0% used [0x00000007b9c00000,0x00000007b9c00000,0x00000007be700000)
  from space 12800K, 100% used [0x00000007be700000,0x00000007bf380000,0x00000007bf380000)
  to   space 12800K, 0% used [0x00000007bf380000,0x00000007bf380000,0x00000007c0000000)
 ParOldGen       total 701952K, used 56008K [0x00000006c1800000, 0x00000006ec580000, 0x00000007b9c00000)
  object space 701952K, 7% used [0x00000006c1800000,0x00000006c4eb2000,0x00000006ec580000)
 Metaspace       used 2707K, capacity 4486K, committed 4864K, reserved 1056768K
  class space    used 302K, capacity 386K, committed 512K, reserved 1048576K
}
{Heap before GC invocations=849 (full 41):
 PSYoungGen      total 89600K, used 89600K [0x00000007b9c00000, 0x00000007c0000000, 0x00000007c0000000)
  eden space 76800K, 100% used [0x00000007b9c00000,0x00000007be700000,0x00000007be700000)
  from space 12800K, 100% used [0x00000007be700000,0x00000007bf380000,0x00000007bf380000)
  to   space 12800K, 0% used [0x00000007bf380000,0x00000007bf380000,0x00000007c0000000)
 ParOldGen       total 701952K, used 56008K [0x00000006c1800000, 0x00000006ec580000, 0x00000007b9c00000)
  object space 701952K, 7% used [0x00000006c1800000,0x00000006c4eb2000,0x00000006ec580000)
 Metaspace       used 2707K, capacity 4486K, committed 4864K, reserved 1056768K
  class space    used 302K, capacity 386K, committed 512K, reserved 1048576K
Heap after GC invocations=849 (full 41):
 PSYoungGen      total 89600K, used 12800K [0x00000007b9c00000, 0x00000007c0000000, 0x00000007c0000000)
  eden space 76800K, 0% used [0x00000007b9c00000,0x00000007b9c00000,0x00000007be700000)
  from space 12800K, 100% used [0x00000007bf380000,0x00000007c0000000,0x00000007c0000000)
  to   space 12800K, 0% used [0x00000007be700000,0x00000007be700000,0x00000007bf380000)
 ParOldGen       total 701952K, used 76168K [0x00000006c1800000, 0x00000006ec580000, 0x00000007b9c00000)
  object space 701952K, 10% used [0x00000006c1800000,0x00000006c6262000,0x00000006ec580000)
 Metaspace       used 2707K, capacity 4486K, committed 4864K, reserved 1056768K
  class space    used 302K, capacity 386K, committed 512K, reserved 1048576K
}
{Heap before GC invocations=850 (full 41):
 PSYoungGen      total 89600K, used 89600K [0x00000007b9c00000, 0x00000007c0000000, 0x00000007c0000000)
  eden space 76800K, 100% used [0x00000007b9c00000,0x00000007be700000,0x00000007be700000)
  from space 12800K, 100% used [0x00000007bf380000,0x00000007c0000000,0x00000007c0000000)
  to   space 12800K, 0% used [0x00000007be700000,0x00000007be700000,0x00000007bf380000)
 ParOldGen       total 701952K, used 76168K [0x00000006c1800000, 0x00000006ec580000, 0x00000007b9c00000)
  object space 701952K, 10% used [0x00000006c1800000,0x00000006c6262000,0x00000006ec580000)
 Metaspace       used 2707K, capacity 4486K, committed 4864K, reserved 1056768K
  class space    used 302K, capacity 386K, committed 512K, reserved 1048576K
Heap after GC invocations=850 (full 41):
 PSYoungGen      total 89600K, used 12800K [0x00000007b9c00000, 0x00000007c0000000, 0x00000007c0000000)
  eden space 76800K, 0% used [0x00000007b9c00000,0x00000007b9c00000,0x00000007be700000)
  from space 12800K, 100% used [0x00000007be700000,0x00000007bf380000,0x00000007bf380000)
  to   space 12800K, 0% used [0x00000007bf380000,0x00000007bf380000,0x00000007c0000000)
 ParOldGen       total 701952K, used 96336K [0x00000006c1800000, 0x00000006ec580000, 0x00000007b9c00000)
  object space 701952K, 13% used [0x00000006c1800000,0x00000006c7614000,0x00000006ec580000)
 Metaspace       used 2707K, capacity 4486K, committed 4864K, reserved 1056768K
  class space    used 302K, capacity 386K, committed 512K, reserved 1048576K
}
{Heap before GC invocations=851 (full 41):
 PSYoungGen      total 89600K, used 89600K [0x00000007b9c00000, 0x00000007c0000000, 0x00000007c0000000)
  eden space 76800K, 100% used [0x00000007b9c00000,0x00000007be700000,0x00000007be700000)
  from space 12800K, 100% used [0x00000007be700000,0x00000007bf380000,0x00000007bf380000)
  to   space 12800K, 0% used [0x00000007bf380000,0x00000007bf380000,0x00000007c0000000)
 ParOldGen       total 701952K, used 96336K [0x00000006c1800000, 0x00000006ec580000, 0x00000007b9c00000)
  object space 701952K, 13% used [0x00000006c1800000,0x00000006c7614000,0x00000006ec580000)
 Metaspace       used 2707K, capacity 4486K, committed 4864K, reserved 1056768K
  class space    used 302K, capacity 386K, committed 512K, reserved 1048576K
Heap after GC invocations=851 (full 41):
 PSYoungGen      total 89600K, used 12800K [0x00000007b9c00000, 0x00000007c0000000, 0x00000007c0000000)
  eden space 76800K, 0% used [0x00000007b9c00000,0x00000007b9c00000,0x00000007be700000)
  from space 12800K, 100% used [0x00000007bf380000,0x00000007c0000000,0x00000007c0000000)
  to   space 12800K, 0% used [0x00000007be700000,0x00000007be700000,0x00000007bf380000)
 ParOldGen       total 701952K, used 116504K [0x00000006c1800000, 0x00000006ec580000, 0x00000007b9c00000)
  object space 701952K, 16% used [0x00000006c1800000,0x00000006c89c6000,0x00000006ec580000)
 Metaspace       used 2707K, capacity 4486K, committed 4864K, reserved 1056768K
  class space    used 302K, capacity 386K, committed 512K, reserved 1048576K
}
{Heap before GC invocations=852 (full 41):
 PSYoungGen      total 89600K, used 89600K [0x00000007b9c00000, 0x00000007c0000000, 0x00000007c0000000)
  eden space 76800K, 100% used [0x00000007b9c00000,0x00000007be700000,0x00000007be700000)
  from space 12800K, 100% used [0x00000007bf380000,0x00000007c0000000,0x00000007c0000000)
  to   space 12800K, 0% used [0x00000007be700000,0x00000007be700000,0x00000007bf380000)
 ParOldGen       total 701952K, used 116504K [0x00000006c1800000, 0x00000006ec580000, 0x00000007b9c00000)
  object space 701952K, 16% used [0x00000006c1800000,0x00000006c89c6000,0x00000006ec580000)
 Metaspace       used 2707K, capacity 4486K, committed 4864K, reserved 1056768K
  class space    used 302K, capacity 386K, committed 512K, reserved 1048576K
Heap after GC invocations=852 (full 41):
 PSYoungGen      total 89600K, used 12800K [0x00000007b9c00000, 0x00000007c0000000, 0x00000007c0000000)
  eden space 76800K, 0% used [0x00000007b9c00000,0x00000007b9c00000,0x00000007be700000)
  from space 12800K, 100% used [0x00000007be700000,0x00000007bf380000,0x00000007bf380000)
  to   space 12800K, 0% used [0x00000007bf380000,0x00000007bf380000,0x00000007c0000000)
 ParOldGen       total 701952K, used 136672K [0x00000006c1800000, 0x00000006ec580000, 0x00000007b9c00000)
  object space 701952K, 19% used [0x00000006c1800000,0x00000006c9d78000,0x00000006ec580000)
 Metaspace       used 2707K, capacity 4486K, committed 4864K, reserved 1056768K
  class space    used 302K, capacity 386K, committed 512K, reserved 1048576K
}
{Heap before GC invocations=853 (full 41):
 PSYoungGen      total 89600K, used 89600K [0x00000007b9c00000, 0x00000007c0000000, 0x00000007c0000000)
  eden space 76800K, 100% used [0x00000007b9c00000,0x00000007be700000,0x00000007be700000)
  from space 12800K, 100% used [0x00000007be700000,0x00000007bf380000,0x00000007bf380000)
  to   space 12800K, 0% used [0x00000007bf380000,0x00000007bf380000,0x00000007c0000000)
 ParOldGen       total 701952K, used 136672K [0x00000006c1800000, 0x00000006ec580000, 0x00000007b9c00000)
  object space 701952K, 19% used [0x00000006c1800000,0x00000006c9d78000,0x00000006ec580000)
 Metaspace       used 2707K, capacity 4486K, committed 4864K, reserved 1056768K
  class space    used 302K, capacity 386K, committed 512K, reserved 1048576K
Heap after GC invocations=853 (full 41):
 PSYoungGen      total 89600K, used 12800K [0x00000007b9c00000, 0x00000007c0000000, 0x00000007c0000000)
  eden space 76800K, 0% used [0x00000007b9c00000,0x00000007b9c00000,0x00000007be700000)
  from space 12800K, 100% used [0x00000007bf380000,0x00000007c0000000,0x00000007c0000000)
  to   space 12800K, 0% used [0x00000007be700000,0x00000007be700000,0x00000007bf380000)
 ParOldGen       total 701952K, used 156832K [0x00000006c1800000, 0x00000006ec580000, 0x00000007b9c00000)
  object space 701952K, 22% used [0x00000006c1800000,0x00000006cb128000,0x00000006ec580000)
 Metaspace       used 2707K, capacity 4486K, committed 4864K, reserved 1056768K
  class space    used 302K, capacity 386K, committed 512K, reserved 1048576K
}
{Heap before GC invocations=854 (full 41):
 PSYoungGen      total 89600K, used 89600K [0x00000007b9c00000, 0x00000007c0000000, 0x00000007c0000000)
  eden space 76800K, 100% used [0x00000007b9c00000,0x00000007be700000,0x00000007be700000)
  from space 12800K, 100% used [0x00000007bf380000,0x00000007c0000000,0x00000007c0000000)
  to   space 12800K, 0% used [0x00000007be700000,0x00000007be700000,0x00000007bf380000)
 ParOldGen       total 701952K, used 156832K [0x00000006c1800000, 0x00000006ec580000, 0x00000007b9c00000)
  object space 701952K, 22% used [0x00000006c1800000,0x00000006cb128000,0x00000006ec580000)
 Metaspace       used 2707K, capacity 4486K, committed 4864K, reserved 1056768K
  class space    used 302K, capacity 386K, committed 512K, reserved 1048576K
Heap after GC invocations=854 (full 41):
 PSYoungGen      total 89600K, used 12800K [0x00000007b9c00000, 0x00000007c0000000, 0x00000007c0000000)
  eden space 76800K, 0% used [0x00000007b9c00000,0x00000007b9c00000,0x00000007be700000)
  from space 12800K, 100% used [0x00000007be700000,0x00000007bf380000,0x00000007bf380000)
  to   space 12800K, 0% used [0x00000007bf380000,0x00000007bf380000,0x00000007c0000000)
 ParOldGen       total 701952K, used 177000K [0x00000006c1800000, 0x00000006ec580000, 0x00000007b9c00000)
  object space 701952K, 25% used [0x00000006c1800000,0x00000006cc4da000,0x00000006ec580000)
 Metaspace       used 2707K, capacity 4486K, committed 4864K, reserved 1056768K
  class space    used 302K, capacity 386K, committed 512K, reserved 1048576K
}
{Heap before GC invocations=855 (full 41):
 PSYoungGen      total 89600K, used 89600K [0x00000007b9c00000, 0x00000007c0000000, 0x00000007c0000000)
  eden space 76800K, 100% used [0x00000007b9c00000,0x00000007be700000,0x00000007be700000)
  from space 12800K, 100% used [0x00000007be700000,0x00000007bf380000,0x00000007bf380000)
  to   space 12800K, 0% used [0x00000007bf380000,0x00000007bf380000,0x00000007c0000000)
 ParOldGen       total 701952K, used 177000K [0x00000006c1800000, 0x00000006ec580000, 0x00000007b9c00000)
  object space 701952K, 25% used [0x00000006c1800000,0x00000006cc4da000,0x00000006ec580000)
 Metaspace       used 2707K, capacity 4486K, committed 4864K, reserved 1056768K
  class space    used 302K, capacity 386K, committed 512K, reserved 1048576K
Heap after GC invocations=855 (full 41):
 PSYoungGen      total 89600K, used 12800K [0x00000007b9c00000, 0x00000007c0000000, 0x00000007c0000000)
  eden space 76800K, 0% used [0x00000007b9c00000,0x00000007b9c00000,0x00000007be700000)
  from space 12800K, 100% used [0x00000007bf380000,0x00000007c0000000,0x00000007c0000000)
  to   space 12800K, 0% used [0x00000007be700000,0x00000007be700000,0x00000007bf380000)
 ParOldGen       total 701952K, used 197168K [0x00000006c1800000, 0x00000006ec580000, 0x00000007b9c00000)
  object space 701952K, 28% used [0x00000006c1800000,0x00000006cd88c000,0x00000006ec580000)
 Metaspace       used 2707K, capacity 4486K, committed 4864K, reserved 1056768K
  class space    used 302K, capacity 386K, committed 512K, reserved 1048576K
}
{Heap before GC invocations=856 (full 41):
 PSYoungGen      total 89600K, used 89600K [0x00000007b9c00000, 0x00000007c0000000, 0x00000007c0000000)
  eden space 76800K, 100% used [0x00000007b9c00000,0x00000007be700000,0x00000007be700000)
  from space 12800K, 100% used [0x00000007bf380000,0x00000007c0000000,0x00000007c0000000)
  to   space 12800K, 0% used [0x00000007be700000,0x00000007be700000,0x00000007bf380000)
 ParOldGen       total 701952K, used 197168K [0x00000006c1800000, 0x00000006ec580000, 0x00000007b9c00000)
  object space 701952K, 28% used [0x00000006c1800000,0x00000006cd88c000,0x00000006ec580000)
 Metaspace       used 2707K, capacity 4486K, committed 4864K, reserved 1056768K
  class space    used 302K, capacity 386K, committed 512K, reserved 1048576K
Heap after GC invocations=856 (full 41):
 PSYoungGen      total 89600K, used 12800K [0x00000007b9c00000, 0x00000007c0000000, 0x00000007c0000000)
  eden space 76800K, 0% used [0x00000007b9c00000,0x00000007b9c00000,0x00000007be700000)
  from space 12800K, 100% used [0x00000007be700000,0x00000007bf380000,0x00000007bf380000)
  to   space 12800K, 0% used [0x00000007bf380000,0x00000007bf380000,0x00000007c0000000)
 ParOldGen       total 701952K, used 217328K [0x00000006c1800000, 0x00000006ec580000, 0x00000007b9c00000)
  object space 701952K, 30% used [0x00000006c1800000,0x00000006cec3c000,0x00000006ec580000)
 Metaspace       used 2707K, capacity 4486K, committed 4864K, reserved 1056768K
  class space    used 302K, capacity 386K, committed 512K, reserved 1048576K
}
{Heap before GC invocations=857 (full 41):
 PSYoungGen      total 89600K, used 89600K [0x00000007b9c00000, 0x00000007c0000000, 0x00000007c0000000)
  eden space 76800K, 100% used [0x00000007b9c00000,0x00000007be700000,0x00000007be700000)
  from space 12800K, 100% used [0x00000007be700000,0x00000007bf380000,0x00000007bf380000)
  to   space 12800K, 0% used [0x00000007bf380000,0x00000007bf380000,0x00000007c0000000)
 ParOldGen       total 701952K, used 217328K [0x00000006c1800000, 0x00000006ec580000, 0x00000007b9c00000)
  object space 701952K, 30% used [0x00000006c1800000,0x00000006cec3c000,0x00000006ec580000)
 Metaspace       used 2707K, capacity 4486K, committed 4864K, reserved 1056768K
  class space    used 302K, capacity 386K, committed 512K, reserved 1048576K
Heap after GC invocations=857 (full 41):
 PSYoungGen      total 89600K, used 12800K [0x00000007b9c00000, 0x00000007c0000000, 0x00000007c0000000)
  eden space 76800K, 0% used [0x00000007b9c00000,0x00000007b9c00000,0x00000007be700000)
  from space 12800K, 100% used [0x00000007bf380000,0x00000007c0000000,0x00000007c0000000)
  to   space 12800K, 0% used [0x00000007be700000,0x00000007be700000,0x00000007bf380000)
 ParOldGen       total 701952K, used 237488K [0x00000006c1800000, 0x00000006ec580000, 0x00000007b9c00000)
  object space 701952K, 33% used [0x00000006c1800000,0x00000006cffec000,0x00000006ec580000)
 Metaspace       used 2707K, capacity 4486K, committed 4864K, reserved 1056768K
  class space    used 302K, capacity 386K, committed 512K, reserved 1048576K
}
{Heap before GC invocations=858 (full 41):
 PSYoungGen      total 89600K, used 89600K [0x00000007b9c00000, 0x00000007c0000000, 0x00000007c0000000)
  eden space 76800K, 100% used [0x00000007b9c00000,0x00000007be700000,0x00000007be700000)
  from space 12800K, 100% used [0x00000007bf380000,0x00000007c0000000,0x00000007c0000000)
  to   space 12800K, 0% used [0x00000007be700000,0x00000007be700000,0x00000007bf380000)
 ParOldGen       total 701952K, used 237488K [0x00000006c1800000, 0x00000006ec580000, 0x00000007b9c00000)
  object space 701952K, 33% used [0x00000006c1800000,0x00000006cffec000,0x00000006ec580000)
 Metaspace       used 2707K, capacity 4486K, committed 4864K, reserved 1056768K
  class space    used 302K, capacity 386K, committed 512K, reserved 1048576K
Heap after GC invocations=858 (full 41):
 PSYoungGen      total 89600K, used 12800K [0x00000007b9c00000, 0x00000007c0000000, 0x00000007c0000000)
  eden space 76800K, 0% used [0x00000007b9c00000,0x00000007b9c00000,0x00000007be700000)
  from space 12800K, 100% used [0x00000007be700000,0x00000007bf380000,0x00000007bf380000)
  to   space 12800K, 0% used [0x00000007bf380000,0x00000007bf380000,0x00000007c0000000)
 ParOldGen       total 701952K, used 257656K [0x00000006c1800000, 0x00000006ec580000, 0x00000007b9c00000)
  object space 701952K, 36% used [0x00000006c1800000,0x00000006d139e000,0x00000006ec580000)
 Metaspace       used 2707K, capacity 4486K, committed 4864K, reserved 1056768K
  class space    used 302K, capacity 386K, committed 512K, reserved 1048576K
}
{Heap before GC invocations=859 (full 41):
 PSYoungGen      total 89600K, used 89600K [0x00000007b9c00000, 0x00000007c0000000, 0x00000007c0000000)
  eden space 76800K, 100% used [0x00000007b9c00000,0x00000007be700000,0x00000007be700000)
  from space 12800K, 100% used [0x00000007be700000,0x00000007bf380000,0x00000007bf380000)
  to   space 12800K, 0% used [0x00000007bf380000,0x00000007bf380000,0x00000007c0000000)
 ParOldGen       total 701952K, used 257656K [0x00000006c1800000, 0x00000006ec580000, 0x00000007b9c00000)
  object space 701952K, 36% used [0x00000006c1800000,0x00000006d139e000,0x00000006ec580000)
 Metaspace       used 2707K, capacity 4486K, committed 4864K, reserved 1056768K
  class space    used 302K, capacity 386K, committed 512K, reserved 1048576K
Heap after GC invocations=859 (full 41):
 PSYoungGen      total 89600K, used 12800K [0x00000007b9c00000, 0x00000007c0000000, 0x00000007c0000000)
  eden space 76800K, 0% used [0x00000007b9c00000,0x00000007b9c00000,0x00000007be700000)
  from space 12800K, 100% used [0x00000007bf380000,0x00000007c0000000,0x00000007c0000000)
  to   space 12800K, 0% used [0x00000007be700000,0x00000007be700000,0x00000007bf380000)
 ParOldGen       total 701952K, used 277824K [0x00000006c1800000, 0x00000006ec580000, 0x00000007b9c00000)
  object space 701952K, 39% used [0x00000006c1800000,0x00000006d2750000,0x00000006ec580000)
 Metaspace       used 2707K, capacity 4486K, committed 4864K, reserved 1056768K
  class space    used 302K, capacity 386K, committed 512K, reserved 1048576K
}
{Heap before GC invocations=860 (full 41):
 PSYoungGen      total 89600K, used 89600K [0x00000007b9c00000, 0x00000007c0000000, 0x00000007c0000000)
  eden space 76800K, 100% used [0x00000007b9c00000,0x00000007be700000,0x00000007be700000)
  from space 12800K, 100% used [0x00000007bf380000,0x00000007c0000000,0x00000007c0000000)
  to   space 12800K, 0% used [0x00000007be700000,0x00000007be700000,0x00000007bf380000)
 ParOldGen       total 701952K, used 277824K [0x00000006c1800000, 0x00000006ec580000, 0x00000007b9c00000)
  object space 701952K, 39% used [0x00000006c1800000,0x00000006d2750000,0x00000006ec580000)
 Metaspace       used 2707K, capacity 4486K, committed 4864K, reserved 1056768K
  class space    used 302K, capacity 386K, committed 512K, reserved 1048576K
Heap after GC invocations=860 (full 41):
 PSYoungGen      total 89600K, used 12800K [0x00000007b9c00000, 0x00000007c0000000, 0x00000007c0000000)
  eden space 76800K, 0% used [0x00000007b9c00000,0x00000007b9c00000,0x00000007be700000)
  from space 12800K, 100% used [0x00000007be700000,0x00000007bf380000,0x00000007bf380000)
  to   space 12800K, 0% used [0x00000007bf380000,0x00000007bf380000,0x00000007c0000000)
 ParOldGen       total 701952K, used 297992K [0x00000006c1800000, 0x00000006ec580000, 0x00000007b9c00000)
  object space 701952K, 42% used [0x00000006c1800000,0x00000006d3b02000,0x00000006ec580000)
 Metaspace       used 2707K, capacity 4486K, committed 4864K, reserved 1056768K
  class space    used 302K, capacity 386K, committed 512K, reserved 1048576K
}
{Heap before GC invocations=861 (full 41):
 PSYoungGen      total 89600K, used 89600K [0x00000007b9c00000, 0x00000007c0000000, 0x00000007c0000000)
  eden space 76800K, 100% used [0x00000007b9c00000,0x00000007be700000,0x00000007be700000)
  from space 12800K, 100% used [0x00000007be700000,0x00000007bf380000,0x00000007bf380000)
  to   space 12800K, 0% used [0x00000007bf380000,0x00000007bf380000,0x00000007c0000000)
 ParOldGen       total 701952K, used 297992K [0x00000006c1800000, 0x00000006ec580000, 0x00000007b9c00000)
  object space 701952K, 42% used [0x00000006c1800000,0x00000006d3b02000,0x00000006ec580000)
 Metaspace       used 2707K, capacity 4486K, committed 4864K, reserved 1056768K
  class space    used 302K, capacity 386K, committed 512K, reserved 1048576K
Heap after GC invocations=861 (full 41):
 PSYoungGen      total 89600K, used 12800K [0x00000007b9c00000, 0x00000007c0000000, 0x00000007c0000000)
  eden space 76800K, 0% used [0x00000007b9c00000,0x00000007b9c00000,0x00000007be700000)
  from space 12800K, 100% used [0x00000007bf380000,0x00000007c0000000,0x00000007c0000000)
  to   space 12800K, 0% used [0x00000007be700000,0x00000007be700000,0x00000007bf380000)
 ParOldGen       total 701952K, used 318160K [0x00000006c1800000, 0x00000006ec580000, 0x00000007b9c00000)
  object space 701952K, 45% used [0x00000006c1800000,0x00000006d4eb4000,0x00000006ec580000)
 Metaspace       used 2707K, capacity 4486K, committed 4864K, reserved 1056768K
  class space    used 302K, capacity 386K, committed 512K, reserved 1048576K
}
{Heap before GC invocations=862 (full 41):
 PSYoungGen      total 89600K, used 89600K [0x00000007b9c00000, 0x00000007c0000000, 0x00000007c0000000)
  eden space 76800K, 100% used [0x00000007b9c00000,0x00000007be700000,0x00000007be700000)
  from space 12800K, 100% used [0x00000007bf380000,0x00000007c0000000,0x00000007c0000000)
  to   space 12800K, 0% used [0x00000007be700000,0x00000007be700000,0x00000007bf380000)
 ParOldGen       total 701952K, used 318160K [0x00000006c1800000, 0x00000006ec580000, 0x00000007b9c00000)
  object space 701952K, 45% used [0x00000006c1800000,0x00000006d4eb4000,0x00000006ec580000)
 Metaspace       used 2707K, capacity 4486K, committed 4864K, reserved 1056768K
  class space    used 302K, capacity 386K, committed 512K, reserved 1048576K
Heap after GC invocations=862 (full 41):
 PSYoungGen      total 89600K, used 12800K [0x00000007b9c00000, 0x00000007c0000000, 0x00000007c0000000)
  eden space 76800K, 0% used [0x00000007b9c00000,0x00000007b9c00000,0x00000007be700000)
  from space 12800K, 100% used [0x00000007be700000,0x00000007bf380000,0x00000007bf380000)
  to   space 12800K, 0% used [0x00000007bf380000,0x00000007bf380000,0x00000007c0000000)
 ParOldGen       total 701952K, used 338328K [0x00000006c1800000, 0x00000006ec580000, 0x00000007b9c00000)
  object space 701952K, 48% used [0x00000006c1800000,0x00000006d6266000,0x00000006ec580000)
 Metaspace       used 2707K, capacity 4486K, committed 4864K, reserved 1056768K
  class space    used 302K, capacity 386K, committed 512K, reserved 1048576K
}
{Heap before GC invocations=863 (full 41):
 PSYoungGen      total 89600K, used 89600K [0x00000007b9c00000, 0x00000007c0000000, 0x00000007c0000000)
  eden space 76800K, 100% used [0x00000007b9c00000,0x00000007be700000,0x00000007be700000)
  from space 12800K, 100% used [0x00000007be700000,0x00000007bf380000,0x00000007bf380000)
  to   space 12800K, 0% used [0x00000007bf380000,0x00000007bf380000,0x00000007c0000000)
 ParOldGen       total 701952K, used 338328K [0x00000006c1800000, 0x00000006ec580000, 0x00000007b9c00000)
  object space 701952K, 48% used [0x00000006c1800000,0x00000006d6266000,0x00000006ec580000)
 Metaspace       used 2707K, capacity 4486K, committed 4864K, reserved 1056768K
  class space    used 302K, capacity 386K, committed 512K, reserved 1048576K
Heap after GC invocations=863 (full 41):
 PSYoungGen      total 89600K, used 12800K [0x00000007b9c00000, 0x00000007c0000000, 0x00000007c0000000)
  eden space 76800K, 0% used [0x00000007b9c00000,0x00000007b9c00000,0x00000007be700000)
  from space 12800K, 100% used [0x00000007bf380000,0x00000007c0000000,0x00000007c0000000)
  to   space 12800K, 0% used [0x00000007be700000,0x00000007be700000,0x00000007bf380000)
 ParOldGen       total 701952K, used 358504K [0x00000006c1800000, 0x00000006ec580000, 0x00000007b9c00000)
  object space 701952K, 51% used [0x00000006c1800000,0x00000006d761a000,0x00000006ec580000)
 Metaspace       used 2707K, capacity 4486K, committed 4864K, reserved 1056768K
  class space    used 302K, capacity 386K, committed 512K, reserved 1048576K
}
{Heap before GC invocations=864 (full 41):
 PSYoungGen      total 89600K, used 89600K [0x00000007b9c00000, 0x00000007c0000000, 0x00000007c0000000)
  eden space 76800K, 100% used [0x00000007b9c00000,0x00000007be700000,0x00000007be700000)
  from space 12800K, 100% used [0x00000007bf380000,0x00000007c0000000,0x00000007c0000000)
  to   space 12800K, 0% used [0x00000007be700000,0x00000007be700000,0x00000007bf380000)
 ParOldGen       total 701952K, used 358504K [0x00000006c1800000, 0x00000006ec580000, 0x00000007b9c00000)
  object space 701952K, 51% used [0x00000006c1800000,0x00000006d761a000,0x00000006ec580000)
 Metaspace       used 2707K, capacity 4486K, committed 4864K, reserved 1056768K
  class space    used 302K, capacity 386K, committed 512K, reserved 1048576K
Heap after GC invocations=864 (full 41):
 PSYoungGen      total 89600K, used 12800K [0x00000007b9c00000, 0x00000007c0000000, 0x00000007c0000000)
  eden space 76800K, 0% used [0x00000007b9c00000,0x00000007b9c00000,0x00000007be700000)
  from space 12800K, 100% used [0x00000007be700000,0x00000007bf380000,0x00000007bf380000)
  to   space 12800K, 0% used [0x00000007bf380000,0x00000007bf380000,0x00000007c0000000)
 ParOldGen       total 701952K, used 378672K [0x00000006c1800000, 0x00000006ec580000, 0x00000007b9c00000)
  object space 701952K, 53% used [0x00000006c1800000,0x00000006d89cc000,0x00000006ec580000)
 Metaspace       used 2707K, capacity 4486K, committed 4864K, reserved 1056768K
  class space    used 302K, capacity 386K, committed 512K, reserved 1048576K
}
{Heap before GC invocations=865 (full 41):
 PSYoungGen      total 89600K, used 89600K [0x00000007b9c00000, 0x00000007c0000000, 0x00000007c0000000)
  eden space 76800K, 100% used [0x00000007b9c00000,0x00000007be700000,0x00000007be700000)
  from space 12800K, 100% used [0x00000007be700000,0x00000007bf380000,0x00000007bf380000)
  to   space 12800K, 0% used [0x00000007bf380000,0x00000007bf380000,0x00000007c0000000)
 ParOldGen       total 701952K, used 378672K [0x00000006c1800000, 0x00000006ec580000, 0x00000007b9c00000)
  object space 701952K, 53% used [0x00000006c1800000,0x00000006d89cc000,0x00000006ec580000)
 Metaspace       used 2707K, capacity 4486K, committed 4864K, reserved 1056768K
  class space    used 302K, capacity 386K, committed 512K, reserved 1048576K
Heap after GC invocations=865 (full 41):
 PSYoungGen      total 89600K, used 12800K [0x00000007b9c00000, 0x00000007c0000000, 0x00000007c0000000)
  eden space 76800K, 0% used [0x00000007b9c00000,0x00000007b9c00000,0x00000007be700000)
  from space 12800K, 100% used [0x00000007bf380000,0x00000007c0000000,0x00000007c0000000)
  to   space 12800K, 0% used [0x00000007be700000,0x00000007be700000,0x00000007bf380000)
 ParOldGen       total 701952K, used 398840K [0x00000006c1800000, 0x00000006ec580000, 0x00000007b9c00000)
  object space 701952K, 56% used [0x00000006c1800000,0x00000006d9d7e000,0x00000006ec580000)
 Metaspace       used 2707K, capacity 4486K, committed 4864K, reserved 1056768K
  class space    used 302K, capacity 386K, committed 512K, reserved 1048576K
}
{Heap before GC invocations=866 (full 41):
 PSYoungGen      total 89600K, used 89600K [0x00000007b9c00000, 0x00000007c0000000, 0x00000007c0000000)
  eden space 76800K, 100% used [0x00000007b9c00000,0x00000007be700000,0x00000007be700000)
  from space 12800K, 100% used [0x00000007bf380000,0x00000007c0000000,0x00000007c0000000)
  to   space 12800K, 0% used [0x00000007be700000,0x00000007be700000,0x00000007bf380000)
 ParOldGen       total 701952K, used 398840K [0x00000006c1800000, 0x00000006ec580000, 0x00000007b9c00000)
  object space 701952K, 56% used [0x00000006c1800000,0x00000006d9d7e000,0x00000006ec580000)
 Metaspace       used 2707K, capacity 4486K, committed 4864K, reserved 1056768K
  class space    used 302K, capacity 386K, committed 512K, reserved 1048576K
Heap after GC invocations=866 (full 41):
 PSYoungGen      total 89600K, used 12800K [0x00000007b9c00000, 0x00000007c0000000, 0x00000007c0000000)
  eden space 76800K, 0% used [0x00000007b9c00000,0x00000007b9c00000,0x00000007be700000)
  from space 12800K, 100% used [0x00000007be700000,0x00000007bf380000,0x00000007bf380000)
  to   space 12800K, 0% used [0x00000007bf380000,0x00000007bf380000,0x00000007c0000000)
 ParOldGen       total 701952K, used 419008K [0x00000006c1800000, 0x00000006ec580000, 0x00000007b9c00000)
  object space 701952K, 59% used [0x00000006c1800000,0x00000006db130000,0x00000006ec580000)
 Metaspace       used 2707K, capacity 4486K, committed 4864K, reserved 1056768K
  class space    used 302K, capacity 386K, committed 512K, reserved 1048576K
}
{Heap before GC invocations=867 (full 41):
 PSYoungGen      total 89600K, used 89600K [0x00000007b9c00000, 0x00000007c0000000, 0x00000007c0000000)
  eden space 76800K, 100% used [0x00000007b9c00000,0x00000007be700000,0x00000007be700000)
  from space 12800K, 100% used [0x00000007be700000,0x00000007bf380000,0x00000007bf380000)
  to   space 12800K, 0% used [0x00000007bf380000,0x00000007bf380000,0x00000007c0000000)
 ParOldGen       total 701952K, used 419008K [0x00000006c1800000, 0x00000006ec580000, 0x00000007b9c00000)
  object space 701952K, 59% used [0x00000006c1800000,0x00000006db130000,0x00000006ec580000)
 Metaspace       used 2707K, capacity 4486K, committed 4864K, reserved 1056768K
  class space    used 302K, capacity 386K, committed 512K, reserved 1048576K
Heap after GC invocations=867 (full 41):
 PSYoungGen      total 89600K, used 12800K [0x00000007b9c00000, 0x00000007c0000000, 0x00000007c0000000)
  eden space 76800K, 0% used [0x00000007b9c00000,0x00000007b9c00000,0x00000007be700000)
  from space 12800K, 100% used [0x00000007bf380000,0x00000007c0000000,0x00000007c0000000)
  to   space 12800K, 0% used [0x00000007be700000,0x00000007be700000,0x00000007bf380000)
 ParOldGen       total 701952K, used 439176K [0x00000006c1800000, 0x00000006ec580000, 0x00000007b9c00000)
  object space 701952K, 62% used [0x00000006c1800000,0x00000006dc4e2000,0x00000006ec580000)
 Metaspace       used 2707K, capacity 4486K, committed 4864K, reserved 1056768K
  class space    used 302K, capacity 386K, committed 512K, reserved 1048576K
}
{Heap before GC invocations=868 (full 41):
 PSYoungGen      total 89600K, used 89600K [0x00000007b9c00000, 0x00000007c0000000, 0x00000007c0000000)
  eden space 76800K, 100% used [0x00000007b9c00000,0x00000007be700000,0x00000007be700000)
  from space 12800K, 100% used [0x00000007bf380000,0x00000007c0000000,0x00000007c0000000)
  to   space 12800K, 0% used [0x00000007be700000,0x00000007be700000,0x00000007bf380000)
 ParOldGen       total 701952K, used 439176K [0x00000006c1800000, 0x00000006ec580000, 0x00000007b9c00000)
  object space 701952K, 62% used [0x00000006c1800000,0x00000006dc4e2000,0x00000006ec580000)
 Metaspace       used 2707K, capacity 4486K, committed 4864K, reserved 1056768K
  class space    used 302K, capacity 386K, committed 512K, reserved 1048576K
Heap after GC invocations=868 (full 41):
 PSYoungGen      total 89600K, used 12800K [0x00000007b9c00000, 0x00000007c0000000, 0x00000007c0000000)
  eden space 76800K, 0% used [0x00000007b9c00000,0x00000007b9c00000,0x00000007be700000)
  from space 12800K, 100% used [0x00000007be700000,0x00000007bf380000,0x00000007bf380000)
  to   space 12800K, 0% used [0x00000007bf380000,0x00000007bf380000,0x00000007c0000000)
 ParOldGen       total 701952K, used 459336K [0x00000006c1800000, 0x00000006ec580000, 0x00000007b9c00000)
  object space 701952K, 65% used [0x00000006c1800000,0x00000006dd892000,0x00000006ec580000)
 Metaspace       used 2707K, capacity 4486K, committed 4864K, reserved 1056768K
  class space    used 302K, capacity 386K, committed 512K, reserved 1048576K
}
{Heap before GC invocations=869 (full 41):
 PSYoungGen      total 89600K, used 89600K [0x00000007b9c00000, 0x00000007c0000000, 0x00000007c0000000)
  eden space 76800K, 100% used [0x00000007b9c00000,0x00000007be700000,0x00000007be700000)
  from space 12800K, 100% used [0x00000007be700000,0x00000007bf380000,0x00000007bf380000)
  to   space 12800K, 0% used [0x00000007bf380000,0x00000007bf380000,0x00000007c0000000)
 ParOldGen       total 701952K, used 459336K [0x00000006c1800000, 0x00000006ec580000, 0x00000007b9c00000)
  object space 701952K, 65% used [0x00000006c1800000,0x00000006dd892000,0x00000006ec580000)
 Metaspace       used 2707K, capacity 4486K, committed 4864K, reserved 1056768K
  class space    used 302K, capacity 386K, committed 512K, reserved 1048576K
Heap after GC invocations=869 (full 41):
 PSYoungGen      total 89600K, used 12800K [0x00000007b9c00000, 0x00000007c0000000, 0x00000007c0000000)
  eden space 76800K, 0% used [0x00000007b9c00000,0x00000007b9c00000,0x00000007be700000)
  from space 12800K, 100% used [0x00000007bf380000,0x00000007c0000000,0x00000007c0000000)
  to   space 12800K, 0% used [0x00000007be700000,0x00000007be700000,0x00000007bf380000)
 ParOldGen       total 701952K, used 479504K [0x00000006c1800000, 0x00000006ec580000, 0x00000007b9c00000)
  object space 701952K, 68% used [0x00000006c1800000,0x00000006dec44000,0x00000006ec580000)
 Metaspace       used 2707K, capacity 4486K, committed 4864K, reserved 1056768K
  class space    used 302K, capacity 386K, committed 512K, reserved 1048576K
}
{Heap before GC invocations=870 (full 41):
 PSYoungGen      total 89600K, used 89600K [0x00000007b9c00000, 0x00000007c0000000, 0x00000007c0000000)
  eden space 76800K, 100% used [0x00000007b9c00000,0x00000007be700000,0x00000007be700000)
  from space 12800K, 100% used [0x00000007bf380000,0x00000007c0000000,0x00000007c0000000)
  to   space 12800K, 0% used [0x00000007be700000,0x00000007be700000,0x00000007bf380000)
 ParOldGen       total 701952K, used 479504K [0x00000006c1800000, 0x00000006ec580000, 0x00000007b9c00000)
  object space 701952K, 68% used [0x00000006c1800000,0x00000006dec44000,0x00000006ec580000)
 Metaspace       used 2707K, capacity 4486K, committed 4864K, reserved 1056768K
  class space    used 302K, capacity 386K, committed 512K, reserved 1048576K
Heap after GC invocations=870 (full 41):
 PSYoungGen      total 89600K, used 12800K [0x00000007b9c00000, 0x00000007c0000000, 0x00000007c0000000)
  eden space 76800K, 0% used [0x00000007b9c00000,0x00000007b9c00000,0x00000007be700000)
  from space 12800K, 100% used [0x00000007be700000,0x00000007bf380000,0x00000007bf380000)
  to   space 12800K, 0% used [0x00000007bf380000,0x00000007bf380000,0x00000007c0000000)
 ParOldGen       total 701952K, used 499664K [0x00000006c1800000, 0x00000006ec580000, 0x00000007b9c00000)
  object space 701952K, 71% used [0x00000006c1800000,0x00000006dfff4000,0x00000006ec580000)
 Metaspace       used 2707K, capacity 4486K, committed 4864K, reserved 1056768K
  class space    used 302K, capacity 386K, committed 512K, reserved 1048576K
}
{Heap before GC invocations=871 (full 41):
 PSYoungGen      total 89600K, used 89600K [0x00000007b9c00000, 0x00000007c0000000, 0x00000007c0000000)
  eden space 76800K, 100% used [0x00000007b9c00000,0x00000007be700000,0x00000007be700000)
  from space 12800K, 100% used [0x00000007be700000,0x00000007bf380000,0x00000007bf380000)
  to   space 12800K, 0% used [0x00000007bf380000,0x00000007bf380000,0x00000007c0000000)
 ParOldGen       total 701952K, used 499664K [0x00000006c1800000, 0x00000006ec580000, 0x00000007b9c00000)
  object space 701952K, 71% used [0x00000006c1800000,0x00000006dfff4000,0x00000006ec580000)
 Metaspace       used 2707K, capacity 4486K, committed 4864K, reserved 1056768K
  class space    used 302K, capacity 386K, committed 512K, reserved 1048576K
Heap after GC invocations=871 (full 41):
 PSYoungGen      total 89600K, used 12800K [0x00000007b9c00000, 0x00000007c0000000, 0x00000007c0000000)
  eden space 76800K, 0% used [0x00000007b9c00000,0x00000007b9c00000,0x00000007be700000)
  from space 12800K, 100% used [0x00000007bf380000,0x00000007c0000000,0x00000007c0000000)
  to   space 12800K, 0% used [0x00000007be700000,0x00000007be700000,0x00000007bf380000)
 ParOldGen       total 701952K, used 519832K [0x00000006c1800000, 0x00000006ec580000, 0x00000007b9c00000)
  object space 701952K, 74% used [0x00000006c1800000,0x00000006e13a6000,0x00000006ec580000)
 Metaspace       used 2707K, capacity 4486K, committed 4864K, reserved 1056768K
  class space    used 302K, capacity 386K, committed 512K, reserved 1048576K
}
{Heap before GC invocations=872 (full 41):
 PSYoungGen      total 89600K, used 89600K [0x00000007b9c00000, 0x00000007c0000000, 0x00000007c0000000)
  eden space 76800K, 100% used [0x00000007b9c00000,0x00000007be700000,0x00000007be700000)
  from space 12800K, 100% used [0x00000007bf380000,0x00000007c0000000,0x00000007c0000000)
  to   space 12800K, 0% used [0x00000007be700000,0x00000007be700000,0x00000007bf380000)
 ParOldGen       total 701952K, used 519832K [0x00000006c1800000, 0x00000006ec580000, 0x00000007b9c00000)
  object space 701952K, 74% used [0x00000006c1800000,0x00000006e13a6000,0x00000006ec580000)
 Metaspace       used 2707K, capacity 4486K, committed 4864K, reserved 1056768K
  class space    used 302K, capacity 386K, committed 512K, reserved 1048576K
Heap after GC invocations=872 (full 41):
 PSYoungGen      total 89600K, used 12800K [0x00000007b9c00000, 0x00000007c0000000, 0x00000007c0000000)
  eden space 76800K, 0% used [0x00000007b9c00000,0x00000007b9c00000,0x00000007be700000)
  from space 12800K, 100% used [0x00000007be700000,0x00000007bf380000,0x00000007bf380000)
  to   space 12800K, 0% used [0x00000007bf380000,0x00000007bf380000,0x00000007c0000000)
 ParOldGen       total 701952K, used 540000K [0x00000006c1800000, 0x00000006ec580000, 0x00000007b9c00000)
  object space 701952K, 76% used [0x00000006c1800000,0x00000006e2758000,0x00000006ec580000)
 Metaspace       used 2707K, capacity 4486K, committed 4864K, reserved 1056768K
  class space    used 302K, capacity 386K, committed 512K, reserved 1048576K
}
{Heap before GC invocations=873 (full 41):
 PSYoungGen      total 89600K, used 89600K [0x00000007b9c00000, 0x00000007c0000000, 0x00000007c0000000)
  eden space 76800K, 100% used [0x00000007b9c00000,0x00000007be700000,0x00000007be700000)
  from space 12800K, 100% used [0x00000007be700000,0x00000007bf380000,0x00000007bf380000)
  to   space 12800K, 0% used [0x00000007bf380000,0x00000007bf380000,0x00000007c0000000)
 ParOldGen       total 701952K, used 540000K [0x00000006c1800000, 0x00000006ec580000, 0x00000007b9c00000)
  object space 701952K, 76% used [0x00000006c1800000,0x00000006e2758000,0x00000006ec580000)
 Metaspace       used 2707K, capacity 4486K, committed 4864K, reserved 1056768K
  class space    used 302K, capacity 386K, committed 512K, reserved 1048576K
Heap after GC invocations=873 (full 41):
 PSYoungGen      total 89600K, used 12800K [0x00000007b9c00000, 0x00000007c0000000, 0x00000007c0000000)
  eden space 76800K, 0% used [0x00000007b9c00000,0x00000007b9c00000,0x00000007be700000)
  from space 12800K, 100% used [0x00000007bf380000,0x00000007c0000000,0x00000007c0000000)
  to   space 12800K, 0% used [0x00000007be700000,0x00000007be700000,0x00000007bf380000)
 ParOldGen       total 701952K, used 560168K [0x00000006c1800000, 0x00000006ec580000, 0x00000007b9c00000)
  object space 701952K, 79% used [0x00000006c1800000,0x00000006e3b0a000,0x00000006ec580000)
 Metaspace       used 2707K, capacity 4486K, committed 4864K, reserved 1056768K
  class space    used 302K, capacity 386K, committed 512K, reserved 1048576K
}
{Heap before GC invocations=874 (full 41):
 PSYoungGen      total 89600K, used 89600K [0x00000007b9c00000, 0x00000007c0000000, 0x00000007c0000000)
  eden space 76800K, 100% used [0x00000007b9c00000,0x00000007be700000,0x00000007be700000)
  from space 12800K, 100% used [0x00000007bf380000,0x00000007c0000000,0x00000007c0000000)
  to   space 12800K, 0% used [0x00000007be700000,0x00000007be700000,0x00000007bf380000)
 ParOldGen       total 701952K, used 560168K [0x00000006c1800000, 0x00000006ec580000, 0x00000007b9c00000)
  object space 701952K, 79% used [0x00000006c1800000,0x00000006e3b0a000,0x00000006ec580000)
 Metaspace       used 2707K, capacity 4486K, committed 4864K, reserved 1056768K
  class space    used 302K, capacity 386K, committed 512K, reserved 1048576K
Heap after GC invocations=874 (full 41):
 PSYoungGen      total 89600K, used 12800K [0x00000007b9c00000, 0x00000007c0000000, 0x00000007c0000000)
  eden space 76800K, 0% used [0x00000007b9c00000,0x00000007b9c00000,0x00000007be700000)
  from space 12800K, 100% used [0x00000007be700000,0x00000007bf380000,0x00000007bf380000)
  to   space 12800K, 0% used [0x00000007bf380000,0x00000007bf380000,0x00000007c0000000)
 ParOldGen       total 701952K, used 580344K [0x00000006c1800000, 0x00000006ec580000, 0x00000007b9c00000)
  object space 701952K, 82% used [0x00000006c1800000,0x00000006e4ebe000,0x00000006ec580000)
 Metaspace       used 2707K, capacity 4486K, committed 4864K, reserved 1056768K
  class space    used 302K, capacity 386K, committed 512K, reserved 1048576K
}
{Heap before GC invocations=875 (full 41):
 PSYoungGen      total 89600K, used 89600K [0x00000007b9c00000, 0x00000007c0000000, 0x00000007c0000000)
  eden space 76800K, 100% used [0x00000007b9c00000,0x00000007be700000,0x00000007be700000)
  from space 12800K, 100% used [0x00000007be700000,0x00000007bf380000,0x00000007bf380000)
  to   space 12800K, 0% used [0x00000007bf380000,0x00000007bf380000,0x00000007c0000000)
 ParOldGen       total 701952K, used 580344K [0x00000006c1800000, 0x00000006ec580000, 0x00000007b9c00000)
  object space 701952K, 82% used [0x00000006c1800000,0x00000006e4ebe000,0x00000006ec580000)
 Metaspace       used 2707K, capacity 4486K, committed 4864K, reserved 1056768K
  class space    used 302K, capacity 386K, committed 512K, reserved 1048576K
Heap after GC invocations=875 (full 41):
 PSYoungGen      total 89600K, used 12800K [0x00000007b9c00000, 0x00000007c0000000, 0x00000007c0000000)
  eden space 76800K, 0% used [0x00000007b9c00000,0x00000007b9c00000,0x00000007be700000)
  from space 12800K, 100% used [0x00000007bf380000,0x00000007c0000000,0x00000007c0000000)
  to   space 12800K, 0% used [0x00000007be700000,0x00000007be700000,0x00000007bf380000)
 ParOldGen       total 701952K, used 600512K [0x00000006c1800000, 0x00000006ec580000, 0x00000007b9c00000)
  object space 701952K, 85% used [0x00000006c1800000,0x00000006e6270000,0x00000006ec580000)
 Metaspace       used 2707K, capacity 4486K, committed 4864K, reserved 1056768K
  class space    used 302K, capacity 386K, committed 512K, reserved 1048576K
}
{Heap before GC invocations=876 (full 41):
 PSYoungGen      total 89600K, used 89600K [0x00000007b9c00000, 0x00000007c0000000, 0x00000007c0000000)
  eden space 76800K, 100% used [0x00000007b9c00000,0x00000007be700000,0x00000007be700000)
  from space 12800K, 100% used [0x00000007bf380000,0x00000007c0000000,0x00000007c0000000)
  to   space 12800K, 0% used [0x00000007be700000,0x00000007be700000,0x00000007bf380000)
 ParOldGen       total 701952K, used 600512K [0x00000006c1800000, 0x00000006ec580000, 0x00000007b9c00000)
  object space 701952K, 85% used [0x00000006c1800000,0x00000006e6270000,0x00000006ec580000)
 Metaspace       used 2707K, capacity 4486K, committed 4864K, reserved 1056768K
  class space    used 302K, capacity 386K, committed 512K, reserved 1048576K
Heap after GC invocations=876 (full 41):
 PSYoungGen      total 89600K, used 12800K [0x00000007b9c00000, 0x00000007c0000000, 0x00000007c0000000)
  eden space 76800K, 0% used [0x00000007b9c00000,0x00000007b9c00000,0x00000007be700000)
  from space 12800K, 100% used [0x00000007be700000,0x00000007bf380000,0x00000007bf380000)
  to   space 12800K, 0% used [0x00000007bf380000,0x00000007bf380000,0x00000007c0000000)
 ParOldGen       total 701952K, used 620680K [0x00000006c1800000, 0x00000006ec580000, 0x00000007b9c00000)
  object space 701952K, 88% used [0x00000006c1800000,0x00000006e7622000,0x00000006ec580000)
 Metaspace       used 2707K, capacity 4486K, committed 4864K, reserved 1056768K
  class space    used 302K, capacity 386K, committed 512K, reserved 1048576K
}
{Heap before GC invocations=877 (full 41):
 PSYoungGen      total 89600K, used 89600K [0x00000007b9c00000, 0x00000007c0000000, 0x00000007c0000000)
  eden space 76800K, 100% used [0x00000007b9c00000,0x00000007be700000,0x00000007be700000)
  from space 12800K, 100% used [0x00000007be700000,0x00000007bf380000,0x00000007bf380000)
  to   space 12800K, 0% used [0x00000007bf380000,0x00000007bf380000,0x00000007c0000000)
 ParOldGen       total 701952K, used 620680K [0x00000006c1800000, 0x00000006ec580000, 0x00000007b9c00000)
  object space 701952K, 88% used [0x00000006c1800000,0x00000006e7622000,0x00000006ec580000)
 Metaspace       used 2707K, capacity 4486K, committed 4864K, reserved 1056768K
  class space    used 302K, capacity 386K, committed 512K, reserved 1048576K
Heap after GC invocations=877 (full 41):
 PSYoungGen      total 89600K, used 12800K [0x00000007b9c00000, 0x00000007c0000000, 0x00000007c0000000)
  eden space 76800K, 0% used [0x00000007b9c00000,0x00000007b9c00000,0x00000007be700000)
  from space 12800K, 100% used [0x00000007bf380000,0x00000007c0000000,0x00000007c0000000)
  to   space 12800K, 0% used [0x00000007be700000,0x00000007be700000,0x00000007bf380000)
 ParOldGen       total 701952K, used 640856K [0x00000006c1800000, 0x00000006ec580000, 0x00000007b9c00000)
  object space 701952K, 91% used [0x00000006c1800000,0x00000006e89d6000,0x00000006ec580000)
 Metaspace       used 2707K, capacity 4486K, committed 4864K, reserved 1056768K
  class space    used 302K, capacity 386K, committed 512K, reserved 1048576K
}
{Heap before GC invocations=878 (full 41):
 PSYoungGen      total 89600K, used 89600K [0x00000007b9c00000, 0x00000007c0000000, 0x00000007c0000000)
  eden space 76800K, 100% used [0x00000007b9c00000,0x00000007be700000,0x00000007be700000)
  from space 12800K, 100% used [0x00000007bf380000,0x00000007c0000000,0x00000007c0000000)
  to   space 12800K, 0% used [0x00000007be700000,0x00000007be700000,0x00000007bf380000)
 ParOldGen       total 701952K, used 640856K [0x00000006c1800000, 0x00000006ec580000, 0x00000007b9c00000)
  object space 701952K, 91% used [0x00000006c1800000,0x00000006e89d6000,0x00000006ec580000)
 Metaspace       used 2707K, capacity 4486K, committed 4864K, reserved 1056768K
  class space    used 302K, capacity 386K, committed 512K, reserved 1048576K
Heap after GC invocations=878 (full 41):
 PSYoungGen      total 89600K, used 12800K [0x00000007b9c00000, 0x00000007c0000000, 0x00000007c0000000)
  eden space 76800K, 0% used [0x00000007b9c00000,0x00000007b9c00000,0x00000007be700000)
  from space 12800K, 100% used [0x00000007be700000,0x00000007bf380000,0x00000007bf380000)
  to   space 12800K, 0% used [0x00000007bf380000,0x00000007bf380000,0x00000007c0000000)
 ParOldGen       total 701952K, used 661032K [0x00000006c1800000, 0x00000006ec580000, 0x00000007b9c00000)
  object space 701952K, 94% used [0x00000006c1800000,0x00000006e9d8a000,0x00000006ec580000)
 Metaspace       used 2707K, capacity 4486K, committed 4864K, reserved 1056768K
  class space    used 302K, capacity 386K, committed 512K, reserved 1048576K
}
{Heap before GC invocations=879 (full 41):
 PSYoungGen      total 89600K, used 89600K [0x00000007b9c00000, 0x00000007c0000000, 0x00000007c0000000)
  eden space 76800K, 100% used [0x00000007b9c00000,0x00000007be700000,0x00000007be700000)
  from space 12800K, 100% used [0x00000007be700000,0x00000007bf380000,0x00000007bf380000)
  to   space 12800K, 0% used [0x00000007bf380000,0x00000007bf380000,0x00000007c0000000)
 ParOldGen       total 701952K, used 661032K [0x00000006c1800000, 0x00000006ec580000, 0x00000007b9c00000)
  object space 701952K, 94% used [0x00000006c1800000,0x00000006e9d8a000,0x00000006ec580000)
 Metaspace       used 2707K, capacity 4486K, committed 4864K, reserved 1056768K
  class space    used 302K, capacity 386K, committed 512K, reserved 1048576K
Heap after GC invocations=879 (full 41):
 PSYoungGen      total 89600K, used 12800K [0x00000007b9c00000, 0x00000007c0000000, 0x00000007c0000000)
  eden space 76800K, 0% used [0x00000007b9c00000,0x00000007b9c00000,0x00000007be700000)
  from space 12800K, 100% used [0x00000007bf380000,0x00000007c0000000,0x00000007c0000000)
  to   space 12800K, 0% used [0x00000007be700000,0x00000007be700000,0x00000007bf380000)
 ParOldGen       total 701952K, used 681200K [0x00000006c1800000, 0x00000006ec580000, 0x00000007b9c00000)
  object space 701952K, 97% used [0x00000006c1800000,0x00000006eb13c000,0x00000006ec580000)
 Metaspace       used 2707K, capacity 4486K, committed 4864K, reserved 1056768K
  class space    used 302K, capacity 386K, committed 512K, reserved 1048576K
}
{Heap before GC invocations=880 (full 41):
 PSYoungGen      total 89600K, used 89600K [0x00000007b9c00000, 0x00000007c0000000, 0x00000007c0000000)
  eden space 76800K, 100% used [0x00000007b9c00000,0x00000007be700000,0x00000007be700000)
  from space 12800K, 100% used [0x00000007bf380000,0x00000007c0000000,0x00000007c0000000)
  to   space 12800K, 0% used [0x00000007be700000,0x00000007be700000,0x00000007bf380000)
 ParOldGen       total 701952K, used 681200K [0x00000006c1800000, 0x00000006ec580000, 0x00000007b9c00000)
  object space 701952K, 97% used [0x00000006c1800000,0x00000006eb13c000,0x00000006ec580000)
 Metaspace       used 2707K, capacity 4486K, committed 4864K, reserved 1056768K
  class space    used 302K, capacity 386K, committed 512K, reserved 1048576K
Heap after GC invocations=880 (full 41):
 PSYoungGen      total 89600K, used 12800K [0x00000007b9c00000, 0x00000007c0000000, 0x00000007c0000000)
  eden space 76800K, 0% used [0x00000007b9c00000,0x00000007b9c00000,0x00000007be700000)
  from space 12800K, 100% used [0x00000007be700000,0x00000007bf380000,0x00000007bf380000)
  to   space 12800K, 0% used [0x00000007bf380000,0x00000007bf380000,0x00000007c0000000)
 ParOldGen       total 701952K, used 701368K [0x00000006c1800000, 0x00000006ec580000, 0x00000007b9c00000)
  object space 701952K, 99% used [0x00000006c1800000,0x00000006ec4ee000,0x00000006ec580000)
 Metaspace       used 2707K, capacity 4486K, committed 4864K, reserved 1056768K
  class space    used 302K, capacity 386K, committed 512K, reserved 1048576K
}
{Heap before GC invocations=881 (full 42):
 PSYoungGen      total 89600K, used 12800K [0x00000007b9c00000, 0x00000007c0000000, 0x00000007c0000000)
  eden space 76800K, 0% used [0x00000007b9c00000,0x00000007b9c00000,0x00000007be700000)
  from space 12800K, 100% used [0x00000007be700000,0x00000007bf380000,0x00000007bf380000)
  to   space 12800K, 0% used [0x00000007bf380000,0x00000007bf380000,0x00000007c0000000)
 ParOldGen       total 701952K, used 701368K [0x00000006c1800000, 0x00000006ec580000, 0x00000007b9c00000)
  object space 701952K, 99% used [0x00000006c1800000,0x00000006ec4ee000,0x00000006ec580000)
 Metaspace       used 2707K, capacity 4486K, committed 4864K, reserved 1056768K
  class space    used 302K, capacity 386K, committed 512K, reserved 1048576K
Heap after GC invocations=881 (full 42):
 PSYoungGen      total 89600K, used 0K [0x00000007b9c00000, 0x00000007c0000000, 0x00000007c0000000)
  eden space 76800K, 0% used [0x00000007b9c00000,0x00000007b9c00000,0x00000007be700000)
  from space 12800K, 0% used [0x00000007be700000,0x00000007be700000,0x00000007bf380000)
  to   space 12800K, 0% used [0x00000007bf380000,0x00000007bf380000,0x00000007c0000000)
 ParOldGen       total 714240K, used 35840K [0x00000006c1800000, 0x00000006ed180000, 0x00000007b9c00000)
  object space 714240K, 5% used [0x00000006c1800000,0x00000006c3b00000,0x00000006ed180000)
 Metaspace       used 2707K, capacity 4486K, committed 4864K, reserved 1056768K
  class space    used 302K, capacity 386K, committed 512K, reserved 1048576K
}
{Heap before GC invocations=882 (full 42):
 PSYoungGen      total 89600K, used 76800K [0x00000007b9c00000, 0x00000007c0000000, 0x00000007c0000000)
  eden space 76800K, 100% used [0x00000007b9c00000,0x00000007be700000,0x00000007be700000)
  from space 12800K, 0% used [0x00000007be700000,0x00000007be700000,0x00000007bf380000)
  to   space 12800K, 0% used [0x00000007bf380000,0x00000007bf380000,0x00000007c0000000)
 ParOldGen       total 714240K, used 35840K [0x00000006c1800000, 0x00000006ed180000, 0x00000007b9c00000)
  object space 714240K, 5% used [0x00000006c1800000,0x00000006c3b00000,0x00000006ed180000)
 Metaspace       used 2707K, capacity 4486K, committed 4864K, reserved 1056768K
  class space    used 302K, capacity 386K, committed 512K, reserved 1048576K
Heap after GC invocations=882 (full 42):
 PSYoungGen      total 89600K, used 12800K [0x00000007b9c00000, 0x00000007c0000000, 0x00000007c0000000)
  eden space 76800K, 0% used [0x00000007b9c00000,0x00000007b9c00000,0x00000007be700000)
  from space 12800K, 100% used [0x00000007bf380000,0x00000007c0000000,0x00000007c0000000)
  to   space 12800K, 0% used [0x00000007be700000,0x00000007be700000,0x00000007bf380000)
 ParOldGen       total 714240K, used 56008K [0x00000006c1800000, 0x00000006ed180000, 0x00000007b9c00000)
  object space 714240K, 7% used [0x00000006c1800000,0x00000006c4eb2000,0x00000006ed180000)
 Metaspace       used 2707K, capacity 4486K, committed 4864K, reserved 1056768K
  class space    used 302K, capacity 386K, committed 512K, reserved 1048576K
}
{Heap before GC invocations=883 (full 42):
 PSYoungGen      total 89600K, used 89600K [0x00000007b9c00000, 0x00000007c0000000, 0x00000007c0000000)
  eden space 76800K, 100% used [0x00000007b9c00000,0x00000007be700000,0x00000007be700000)
  from space 12800K, 100% used [0x00000007bf380000,0x00000007c0000000,0x00000007c0000000)
  to   space 12800K, 0% used [0x00000007be700000,0x00000007be700000,0x00000007bf380000)
 ParOldGen       total 714240K, used 56008K [0x00000006c1800000, 0x00000006ed180000, 0x00000007b9c00000)
  object space 714240K, 7% used [0x00000006c1800000,0x00000006c4eb2000,0x00000006ed180000)
 Metaspace       used 2707K, capacity 4486K, committed 4864K, reserved 1056768K
  class space    used 302K, capacity 386K, committed 512K, reserved 1048576K
Heap after GC invocations=883 (full 42):
 PSYoungGen      total 89600K, used 12800K [0x00000007b9c00000, 0x00000007c0000000, 0x00000007c0000000)
  eden space 76800K, 0% used [0x00000007b9c00000,0x00000007b9c00000,0x00000007be700000)
  from space 12800K, 100% used [0x00000007be700000,0x00000007bf380000,0x00000007bf380000)
  to   space 12800K, 0% used [0x00000007bf380000,0x00000007bf380000,0x00000007c0000000)
 ParOldGen       total 714240K, used 76176K [0x00000006c1800000, 0x00000006ed180000, 0x00000007b9c00000)
  object space 714240K, 10% used [0x00000006c1800000,0x00000006c6264000,0x00000006ed180000)
 Metaspace       used 2707K, capacity 4486K, committed 4864K, reserved 1056768K
  class space    used 302K, capacity 386K, committed 512K, reserved 1048576K
}
{Heap before GC invocations=884 (full 42):
 PSYoungGen      total 89600K, used 89600K [0x00000007b9c00000, 0x00000007c0000000, 0x00000007c0000000)
  eden space 76800K, 100% used [0x00000007b9c00000,0x00000007be700000,0x00000007be700000)
  from space 12800K, 100% used [0x00000007be700000,0x00000007bf380000,0x00000007bf380000)
  to   space 12800K, 0% used [0x00000007bf380000,0x00000007bf380000,0x00000007c0000000)
 ParOldGen       total 714240K, used 76176K [0x00000006c1800000, 0x00000006ed180000, 0x00000007b9c00000)
  object space 714240K, 10% used [0x00000006c1800000,0x00000006c6264000,0x00000006ed180000)
 Metaspace       used 2707K, capacity 4486K, committed 4864K, reserved 1056768K
  class space    used 302K, capacity 386K, committed 512K, reserved 1048576K
Heap after GC invocations=884 (full 42):
 PSYoungGen      total 89600K, used 12800K [0x00000007b9c00000, 0x00000007c0000000, 0x00000007c0000000)
  eden space 76800K, 0% used [0x00000007b9c00000,0x00000007b9c00000,0x00000007be700000)
  from space 12800K, 100% used [0x00000007bf380000,0x00000007c0000000,0x00000007c0000000)
  to   space 12800K, 0% used [0x00000007be700000,0x00000007be700000,0x00000007bf380000)
 ParOldGen       total 714240K, used 96344K [0x00000006c1800000, 0x00000006ed180000, 0x00000007b9c00000)
  object space 714240K, 13% used [0x00000006c1800000,0x00000006c7616000,0x00000006ed180000)
 Metaspace       used 2707K, capacity 4486K, committed 4864K, reserved 1056768K
  class space    used 302K, capacity 386K, committed 512K, reserved 1048576K
}
{Heap before GC invocations=885 (full 42):
 PSYoungGen      total 89600K, used 89600K [0x00000007b9c00000, 0x00000007c0000000, 0x00000007c0000000)
  eden space 76800K, 100% used [0x00000007b9c00000,0x00000007be700000,0x00000007be700000)
  from space 12800K, 100% used [0x00000007bf380000,0x00000007c0000000,0x00000007c0000000)
  to   space 12800K, 0% used [0x00000007be700000,0x00000007be700000,0x00000007bf380000)
 ParOldGen       total 714240K, used 96344K [0x00000006c1800000, 0x00000006ed180000, 0x00000007b9c00000)
  object space 714240K, 13% used [0x00000006c1800000,0x00000006c7616000,0x00000006ed180000)
 Metaspace       used 2707K, capacity 4486K, committed 4864K, reserved 1056768K
  class space    used 302K, capacity 386K, committed 512K, reserved 1048576K
Heap after GC invocations=885 (full 42):
 PSYoungGen      total 89600K, used 12800K [0x00000007b9c00000, 0x00000007c0000000, 0x00000007c0000000)
  eden space 76800K, 0% used [0x00000007b9c00000,0x00000007b9c00000,0x00000007be700000)
  from space 12800K, 100% used [0x00000007be700000,0x00000007bf380000,0x00000007bf380000)
  to   space 12800K, 0% used [0x00000007bf380000,0x00000007bf380000,0x00000007c0000000)
 ParOldGen       total 714240K, used 116512K [0x00000006c1800000, 0x00000006ed180000, 0x00000007b9c00000)
  object space 714240K, 16% used [0x00000006c1800000,0x00000006c89c8000,0x00000006ed180000)
 Metaspace       used 2707K, capacity 4486K, committed 4864K, reserved 1056768K
  class space    used 302K, capacity 386K, committed 512K, reserved 1048576K
}
{Heap before GC invocations=886 (full 42):
 PSYoungGen      total 89600K, used 89600K [0x00000007b9c00000, 0x00000007c0000000, 0x00000007c0000000)
  eden space 76800K, 100% used [0x00000007b9c00000,0x00000007be700000,0x00000007be700000)
  from space 12800K, 100% used [0x00000007be700000,0x00000007bf380000,0x00000007bf380000)
  to   space 12800K, 0% used [0x00000007bf380000,0x00000007bf380000,0x00000007c0000000)
 ParOldGen       total 714240K, used 116512K [0x00000006c1800000, 0x00000006ed180000, 0x00000007b9c00000)
  object space 714240K, 16% used [0x00000006c1800000,0x00000006c89c8000,0x00000006ed180000)
 Metaspace       used 2707K, capacity 4486K, committed 4864K, reserved 1056768K
  class space    used 302K, capacity 386K, committed 512K, reserved 1048576K
Heap after GC invocations=886 (full 42):
 PSYoungGen      total 89600K, used 12800K [0x00000007b9c00000, 0x00000007c0000000, 0x00000007c0000000)
  eden space 76800K, 0% used [0x00000007b9c00000,0x00000007b9c00000,0x00000007be700000)
  from space 12800K, 100% used [0x00000007bf380000,0x00000007c0000000,0x00000007c0000000)
  to   space 12800K, 0% used [0x00000007be700000,0x00000007be700000,0x00000007bf380000)
 ParOldGen       total 714240K, used 136680K [0x00000006c1800000, 0x00000006ed180000, 0x00000007b9c00000)
  object space 714240K, 19% used [0x00000006c1800000,0x00000006c9d7a000,0x00000006ed180000)
 Metaspace       used 2707K, capacity 4486K, committed 4864K, reserved 1056768K
  class space    used 302K, capacity 386K, committed 512K, reserved 1048576K
}
{Heap before GC invocations=887 (full 42):
 PSYoungGen      total 89600K, used 89600K [0x00000007b9c00000, 0x00000007c0000000, 0x00000007c0000000)
  eden space 76800K, 100% used [0x00000007b9c00000,0x00000007be700000,0x00000007be700000)
  from space 12800K, 100% used [0x00000007bf380000,0x00000007c0000000,0x00000007c0000000)
  to   space 12800K, 0% used [0x00000007be700000,0x00000007be700000,0x00000007bf380000)
 ParOldGen       total 714240K, used 136680K [0x00000006c1800000, 0x00000006ed180000, 0x00000007b9c00000)
  object space 714240K, 19% used [0x00000006c1800000,0x00000006c9d7a000,0x00000006ed180000)
 Metaspace       used 2707K, capacity 4486K, committed 4864K, reserved 1056768K
  class space    used 302K, capacity 386K, committed 512K, reserved 1048576K
Heap after GC invocations=887 (full 42):
 PSYoungGen      total 89600K, used 12800K [0x00000007b9c00000, 0x00000007c0000000, 0x00000007c0000000)
  eden space 76800K, 0% used [0x00000007b9c00000,0x00000007b9c00000,0x00000007be700000)
  from space 12800K, 100% used [0x00000007be700000,0x00000007bf380000,0x00000007bf380000)
  to   space 12800K, 0% used [0x00000007bf380000,0x00000007bf380000,0x00000007c0000000)
 ParOldGen       total 714240K, used 156848K [0x00000006c1800000, 0x00000006ed180000, 0x00000007b9c00000)
  object space 714240K, 21% used [0x00000006c1800000,0x00000006cb12c000,0x00000006ed180000)
 Metaspace       used 2707K, capacity 4486K, committed 4864K, reserved 1056768K
  class space    used 302K, capacity 386K, committed 512K, reserved 1048576K
}
{Heap before GC invocations=888 (full 42):
 PSYoungGen      total 89600K, used 89600K [0x00000007b9c00000, 0x00000007c0000000, 0x00000007c0000000)
  eden space 76800K, 100% used [0x00000007b9c00000,0x00000007be700000,0x00000007be700000)
  from space 12800K, 100% used [0x00000007be700000,0x00000007bf380000,0x00000007bf380000)
  to   space 12800K, 0% used [0x00000007bf380000,0x00000007bf380000,0x00000007c0000000)
 ParOldGen       total 714240K, used 156848K [0x00000006c1800000, 0x00000006ed180000, 0x00000007b9c00000)
  object space 714240K, 21% used [0x00000006c1800000,0x00000006cb12c000,0x00000006ed180000)
 Metaspace       used 2707K, capacity 4486K, committed 4864K, reserved 1056768K
  class space    used 302K, capacity 386K, committed 512K, reserved 1048576K
Heap after GC invocations=888 (full 42):
 PSYoungGen      total 89600K, used 12800K [0x00000007b9c00000, 0x00000007c0000000, 0x00000007c0000000)
  eden space 76800K, 0% used [0x00000007b9c00000,0x00000007b9c00000,0x00000007be700000)
  from space 12800K, 100% used [0x00000007bf380000,0x00000007c0000000,0x00000007c0000000)
  to   space 12800K, 0% used [0x00000007be700000,0x00000007be700000,0x00000007bf380000)
 ParOldGen       total 714240K, used 177016K [0x00000006c1800000, 0x00000006ed180000, 0x00000007b9c00000)
  object space 714240K, 24% used [0x00000006c1800000,0x00000006cc4de000,0x00000006ed180000)
 Metaspace       used 2707K, capacity 4486K, committed 4864K, reserved 1056768K
  class space    used 302K, capacity 386K, committed 512K, reserved 1048576K
}
{Heap before GC invocations=889 (full 42):
 PSYoungGen      total 89600K, used 89600K [0x00000007b9c00000, 0x00000007c0000000, 0x00000007c0000000)
  eden space 76800K, 100% used [0x00000007b9c00000,0x00000007be700000,0x00000007be700000)
  from space 12800K, 100% used [0x00000007bf380000,0x00000007c0000000,0x00000007c0000000)
  to   space 12800K, 0% used [0x00000007be700000,0x00000007be700000,0x00000007bf380000)
 ParOldGen       total 714240K, used 177016K [0x00000006c1800000, 0x00000006ed180000, 0x00000007b9c00000)
  object space 714240K, 24% used [0x00000006c1800000,0x00000006cc4de000,0x00000006ed180000)
 Metaspace       used 2707K, capacity 4486K, committed 4864K, reserved 1056768K
  class space    used 302K, capacity 386K, committed 512K, reserved 1048576K
Heap after GC invocations=889 (full 42):
 PSYoungGen      total 89600K, used 12800K [0x00000007b9c00000, 0x00000007c0000000, 0x00000007c0000000)
  eden space 76800K, 0% used [0x00000007b9c00000,0x00000007b9c00000,0x00000007be700000)
  from space 12800K, 100% used [0x00000007be700000,0x00000007bf380000,0x00000007bf380000)
  to   space 12800K, 0% used [0x00000007bf380000,0x00000007bf380000,0x00000007c0000000)
 ParOldGen       total 714240K, used 197184K [0x00000006c1800000, 0x00000006ed180000, 0x00000007b9c00000)
  object space 714240K, 27% used [0x00000006c1800000,0x00000006cd890000,0x00000006ed180000)
 Metaspace       used 2707K, capacity 4486K, committed 4864K, reserved 1056768K
  class space    used 302K, capacity 386K, committed 512K, reserved 1048576K
}
{Heap before GC invocations=890 (full 42):
 PSYoungGen      total 89600K, used 89600K [0x00000007b9c00000, 0x00000007c0000000, 0x00000007c0000000)
  eden space 76800K, 100% used [0x00000007b9c00000,0x00000007be700000,0x00000007be700000)
  from space 12800K, 100% used [0x00000007be700000,0x00000007bf380000,0x00000007bf380000)
  to   space 12800K, 0% used [0x00000007bf380000,0x00000007bf380000,0x00000007c0000000)
 ParOldGen       total 714240K, used 197184K [0x00000006c1800000, 0x00000006ed180000, 0x00000007b9c00000)
  object space 714240K, 27% used [0x00000006c1800000,0x00000006cd890000,0x00000006ed180000)
 Metaspace       used 2707K, capacity 4486K, committed 4864K, reserved 1056768K
  class space    used 302K, capacity 386K, committed 512K, reserved 1048576K
Heap after GC invocations=890 (full 42):
 PSYoungGen      total 89600K, used 12800K [0x00000007b9c00000, 0x00000007c0000000, 0x00000007c0000000)
  eden space 76800K, 0% used [0x00000007b9c00000,0x00000007b9c00000,0x00000007be700000)
  from space 12800K, 100% used [0x00000007bf380000,0x00000007c0000000,0x00000007c0000000)
  to   space 12800K, 0% used [0x00000007be700000,0x00000007be700000,0x00000007bf380000)
 ParOldGen       total 714240K, used 217352K [0x00000006c1800000, 0x00000006ed180000, 0x00000007b9c00000)
  object space 714240K, 30% used [0x00000006c1800000,0x00000006cec42000,0x00000006ed180000)
 Metaspace       used 2707K, capacity 4486K, committed 4864K, reserved 1056768K
  class space    used 302K, capacity 386K, committed 512K, reserved 1048576K
}
{Heap before GC invocations=891 (full 42):
 PSYoungGen      total 89600K, used 89600K [0x00000007b9c00000, 0x00000007c0000000, 0x00000007c0000000)
  eden space 76800K, 100% used [0x00000007b9c00000,0x00000007be700000,0x00000007be700000)
  from space 12800K, 100% used [0x00000007bf380000,0x00000007c0000000,0x00000007c0000000)
  to   space 12800K, 0% used [0x00000007be700000,0x00000007be700000,0x00000007bf380000)
 ParOldGen       total 714240K, used 217352K [0x00000006c1800000, 0x00000006ed180000, 0x00000007b9c00000)
  object space 714240K, 30% used [0x00000006c1800000,0x00000006cec42000,0x00000006ed180000)
 Metaspace       used 2707K, capacity 4486K, committed 4864K, reserved 1056768K
  class space    used 302K, capacity 386K, committed 512K, reserved 1048576K
Heap after GC invocations=891 (full 42):
 PSYoungGen      total 89600K, used 12800K [0x00000007b9c00000, 0x00000007c0000000, 0x00000007c0000000)
  eden space 76800K, 0% used [0x00000007b9c00000,0x00000007b9c00000,0x00000007be700000)
  from space 12800K, 100% used [0x00000007be700000,0x00000007bf380000,0x00000007bf380000)
  to   space 12800K, 0% used [0x00000007bf380000,0x00000007bf380000,0x00000007c0000000)
 ParOldGen       total 714240K, used 237520K [0x00000006c1800000, 0x00000006ed180000, 0x00000007b9c00000)
  object space 714240K, 33% used [0x00000006c1800000,0x00000006cfff4000,0x00000006ed180000)
 Metaspace       used 2707K, capacity 4486K, committed 4864K, reserved 1056768K
  class space    used 302K, capacity 386K, committed 512K, reserved 1048576K
}
{Heap before GC invocations=892 (full 42):
 PSYoungGen      total 89600K, used 89600K [0x00000007b9c00000, 0x00000007c0000000, 0x00000007c0000000)
  eden space 76800K, 100% used [0x00000007b9c00000,0x00000007be700000,0x00000007be700000)
  from space 12800K, 100% used [0x00000007be700000,0x00000007bf380000,0x00000007bf380000)
  to   space 12800K, 0% used [0x00000007bf380000,0x00000007bf380000,0x00000007c0000000)
 ParOldGen       total 714240K, used 237520K [0x00000006c1800000, 0x00000006ed180000, 0x00000007b9c00000)
  object space 714240K, 33% used [0x00000006c1800000,0x00000006cfff4000,0x00000006ed180000)
 Metaspace       used 2707K, capacity 4486K, committed 4864K, reserved 1056768K
  class space    used 302K, capacity 386K, committed 512K, reserved 1048576K
Heap after GC invocations=892 (full 42):
 PSYoungGen      total 89600K, used 12800K [0x00000007b9c00000, 0x00000007c0000000, 0x00000007c0000000)
  eden space 76800K, 0% used [0x00000007b9c00000,0x00000007b9c00000,0x00000007be700000)
  from space 12800K, 100% used [0x00000007bf380000,0x00000007c0000000,0x00000007c0000000)
  to   space 12800K, 0% used [0x00000007be700000,0x00000007be700000,0x00000007bf380000)
 ParOldGen       total 714240K, used 257688K [0x00000006c1800000, 0x00000006ed180000, 0x00000007b9c00000)
  object space 714240K, 36% used [0x00000006c1800000,0x00000006d13a6000,0x00000006ed180000)
 Metaspace       used 2707K, capacity 4486K, committed 4864K, reserved 1056768K
  class space    used 302K, capacity 386K, committed 512K, reserved 1048576K
}
{Heap before GC invocations=893 (full 42):
 PSYoungGen      total 89600K, used 89600K [0x00000007b9c00000, 0x00000007c0000000, 0x00000007c0000000)
  eden space 76800K, 100% used [0x00000007b9c00000,0x00000007be700000,0x00000007be700000)
  from space 12800K, 100% used [0x00000007bf380000,0x00000007c0000000,0x00000007c0000000)
  to   space 12800K, 0% used [0x00000007be700000,0x00000007be700000,0x00000007bf380000)
 ParOldGen       total 714240K, used 257688K [0x00000006c1800000, 0x00000006ed180000, 0x00000007b9c00000)
  object space 714240K, 36% used [0x00000006c1800000,0x00000006d13a6000,0x00000006ed180000)
 Metaspace       used 2707K, capacity 4486K, committed 4864K, reserved 1056768K
  class space    used 302K, capacity 386K, committed 512K, reserved 1048576K
Heap after GC invocations=893 (full 42):
 PSYoungGen      total 89600K, used 12800K [0x00000007b9c00000, 0x00000007c0000000, 0x00000007c0000000)
  eden space 76800K, 0% used [0x00000007b9c00000,0x00000007b9c00000,0x00000007be700000)
  from space 12800K, 100% used [0x00000007be700000,0x00000007bf380000,0x00000007bf380000)
  to   space 12800K, 0% used [0x00000007bf380000,0x00000007bf380000,0x00000007c0000000)
 ParOldGen       total 714240K, used 277856K [0x00000006c1800000, 0x00000006ed180000, 0x00000007b9c00000)
  object space 714240K, 38% used [0x00000006c1800000,0x00000006d2758000,0x00000006ed180000)
 Metaspace       used 2707K, capacity 4486K, committed 4864K, reserved 1056768K
  class space    used 302K, capacity 386K, committed 512K, reserved 1048576K
}
{Heap before GC invocations=894 (full 42):
 PSYoungGen      total 89600K, used 89600K [0x00000007b9c00000, 0x00000007c0000000, 0x00000007c0000000)
  eden space 76800K, 100% used [0x00000007b9c00000,0x00000007be700000,0x00000007be700000)
  from space 12800K, 100% used [0x00000007be700000,0x00000007bf380000,0x00000007bf380000)
  to   space 12800K, 0% used [0x00000007bf380000,0x00000007bf380000,0x00000007c0000000)
 ParOldGen       total 714240K, used 277856K [0x00000006c1800000, 0x00000006ed180000, 0x00000007b9c00000)
  object space 714240K, 38% used [0x00000006c1800000,0x00000006d2758000,0x00000006ed180000)
 Metaspace       used 2707K, capacity 4486K, committed 4864K, reserved 1056768K
  class space    used 302K, capacity 386K, committed 512K, reserved 1048576K
Heap after GC invocations=894 (full 42):
 PSYoungGen      total 89600K, used 12800K [0x00000007b9c00000, 0x00000007c0000000, 0x00000007c0000000)
  eden space 76800K, 0% used [0x00000007b9c00000,0x00000007b9c00000,0x00000007be700000)
  from space 12800K, 100% used [0x00000007bf380000,0x00000007c0000000,0x00000007c0000000)
  to   space 12800K, 0% used [0x00000007be700000,0x00000007be700000,0x00000007bf380000)
 ParOldGen       total 714240K, used 298024K [0x00000006c1800000, 0x00000006ed180000, 0x00000007b9c00000)
  object space 714240K, 41% used [0x00000006c1800000,0x00000006d3b0a000,0x00000006ed180000)
 Metaspace       used 2707K, capacity 4486K, committed 4864K, reserved 1056768K
  class space    used 302K, capacity 386K, committed 512K, reserved 1048576K
}
{Heap before GC invocations=895 (full 42):
 PSYoungGen      total 89600K, used 89600K [0x00000007b9c00000, 0x00000007c0000000, 0x00000007c0000000)
  eden space 76800K, 100% used [0x00000007b9c00000,0x00000007be700000,0x00000007be700000)
  from space 12800K, 100% used [0x00000007bf380000,0x00000007c0000000,0x00000007c0000000)
  to   space 12800K, 0% used [0x00000007be700000,0x00000007be700000,0x00000007bf380000)
 ParOldGen       total 714240K, used 298024K [0x00000006c1800000, 0x00000006ed180000, 0x00000007b9c00000)
  object space 714240K, 41% used [0x00000006c1800000,0x00000006d3b0a000,0x00000006ed180000)
 Metaspace       used 2707K, capacity 4486K, committed 4864K, reserved 1056768K
  class space    used 302K, capacity 386K, committed 512K, reserved 1048576K
Heap after GC invocations=895 (full 42):
 PSYoungGen      total 89600K, used 12800K [0x00000007b9c00000, 0x00000007c0000000, 0x00000007c0000000)
  eden space 76800K, 0% used [0x00000007b9c00000,0x00000007b9c00000,0x00000007be700000)
  from space 12800K, 100% used [0x00000007be700000,0x00000007bf380000,0x00000007bf380000)
  to   space 12800K, 0% used [0x00000007bf380000,0x00000007bf380000,0x00000007c0000000)
 ParOldGen       total 714240K, used 318184K [0x00000006c1800000, 0x00000006ed180000, 0x00000007b9c00000)
  object space 714240K, 44% used [0x00000006c1800000,0x00000006d4eba000,0x00000006ed180000)
 Metaspace       used 2707K, capacity 4486K, committed 4864K, reserved 1056768K
  class space    used 302K, capacity 386K, committed 512K, reserved 1048576K
}
{Heap before GC invocations=896 (full 42):
 PSYoungGen      total 89600K, used 89600K [0x00000007b9c00000, 0x00000007c0000000, 0x00000007c0000000)
  eden space 76800K, 100% used [0x00000007b9c00000,0x00000007be700000,0x00000007be700000)
  from space 12800K, 100% used [0x00000007be700000,0x00000007bf380000,0x00000007bf380000)
  to   space 12800K, 0% used [0x00000007bf380000,0x00000007bf380000,0x00000007c0000000)
 ParOldGen       total 714240K, used 318184K [0x00000006c1800000, 0x00000006ed180000, 0x00000007b9c00000)
  object space 714240K, 44% used [0x00000006c1800000,0x00000006d4eba000,0x00000006ed180000)
 Metaspace       used 2707K, capacity 4486K, committed 4864K, reserved 1056768K
  class space    used 302K, capacity 386K, committed 512K, reserved 1048576K
Heap after GC invocations=896 (full 42):
 PSYoungGen      total 89600K, used 12800K [0x00000007b9c00000, 0x00000007c0000000, 0x00000007c0000000)
  eden space 76800K, 0% used [0x00000007b9c00000,0x00000007b9c00000,0x00000007be700000)
  from space 12800K, 100% used [0x00000007bf380000,0x00000007c0000000,0x00000007c0000000)
  to   space 12800K, 0% used [0x00000007be700000,0x00000007be700000,0x00000007bf380000)
 ParOldGen       total 714240K, used 338344K [0x00000006c1800000, 0x00000006ed180000, 0x00000007b9c00000)
  object space 714240K, 47% used [0x00000006c1800000,0x00000006d626a000,0x00000006ed180000)
 Metaspace       used 2707K, capacity 4486K, committed 4864K, reserved 1056768K
  class space    used 302K, capacity 386K, committed 512K, reserved 1048576K
}
{Heap before GC invocations=897 (full 42):
 PSYoungGen      total 89600K, used 89600K [0x00000007b9c00000, 0x00000007c0000000, 0x00000007c0000000)
  eden space 76800K, 100% used [0x00000007b9c00000,0x00000007be700000,0x00000007be700000)
  from space 12800K, 100% used [0x00000007bf380000,0x00000007c0000000,0x00000007c0000000)
  to   space 12800K, 0% used [0x00000007be700000,0x00000007be700000,0x00000007bf380000)
 ParOldGen       total 714240K, used 338344K [0x00000006c1800000, 0x00000006ed180000, 0x00000007b9c00000)
  object space 714240K, 47% used [0x00000006c1800000,0x00000006d626a000,0x00000006ed180000)
 Metaspace       used 2707K, capacity 4486K, committed 4864K, reserved 1056768K
  class space    used 302K, capacity 386K, committed 512K, reserved 1048576K
Heap after GC invocations=897 (full 42):
 PSYoungGen      total 89600K, used 12800K [0x00000007b9c00000, 0x00000007c0000000, 0x00000007c0000000)
  eden space 76800K, 0% used [0x00000007b9c00000,0x00000007b9c00000,0x00000007be700000)
  from space 12800K, 100% used [0x00000007be700000,0x00000007bf380000,0x00000007bf380000)
  to   space 12800K, 0% used [0x00000007bf380000,0x00000007bf380000,0x00000007c0000000)
 ParOldGen       total 714240K, used 358504K [0x00000006c1800000, 0x00000006ed180000, 0x00000007b9c00000)
  object space 714240K, 50% used [0x00000006c1800000,0x00000006d761a000,0x00000006ed180000)
 Metaspace       used 2707K, capacity 4486K, committed 4864K, reserved 1056768K
  class space    used 302K, capacity 386K, committed 512K, reserved 1048576K
}
{Heap before GC invocations=898 (full 42):
 PSYoungGen      total 89600K, used 89600K [0x00000007b9c00000, 0x00000007c0000000, 0x00000007c0000000)
  eden space 76800K, 100% used [0x00000007b9c00000,0x00000007be700000,0x00000007be700000)
  from space 12800K, 100% used [0x00000007be700000,0x00000007bf380000,0x00000007bf380000)
  to   space 12800K, 0% used [0x00000007bf380000,0x00000007bf380000,0x00000007c0000000)
 ParOldGen       total 714240K, used 358504K [0x00000006c1800000, 0x00000006ed180000, 0x00000007b9c00000)
  object space 714240K, 50% used [0x00000006c1800000,0x00000006d761a000,0x00000006ed180000)
 Metaspace       used 2707K, capacity 4486K, committed 4864K, reserved 1056768K
  class space    used 302K, capacity 386K, committed 512K, reserved 1048576K
Heap after GC invocations=898 (full 42):
 PSYoungGen      total 89600K, used 12800K [0x00000007b9c00000, 0x00000007c0000000, 0x00000007c0000000)
  eden space 76800K, 0% used [0x00000007b9c00000,0x00000007b9c00000,0x00000007be700000)
  from space 12800K, 100% used [0x00000007bf380000,0x00000007c0000000,0x00000007c0000000)
  to   space 12800K, 0% used [0x00000007be700000,0x00000007be700000,0x00000007bf380000)
 ParOldGen       total 714240K, used 378672K [0x00000006c1800000, 0x00000006ed180000, 0x00000007b9c00000)
  object space 714240K, 53% used [0x00000006c1800000,0x00000006d89cc000,0x00000006ed180000)
 Metaspace       used 2707K, capacity 4486K, committed 4864K, reserved 1056768K
  class space    used 302K, capacity 386K, committed 512K, reserved 1048576K
}
{Heap before GC invocations=899 (full 42):
 PSYoungGen      total 89600K, used 89600K [0x00000007b9c00000, 0x00000007c0000000, 0x00000007c0000000)
  eden space 76800K, 100% used [0x00000007b9c00000,0x00000007be700000,0x00000007be700000)
  from space 12800K, 100% used [0x00000007bf380000,0x00000007c0000000,0x00000007c0000000)
  to   space 12800K, 0% used [0x00000007be700000,0x00000007be700000,0x00000007bf380000)
 ParOldGen       total 714240K, used 378672K [0x00000006c1800000, 0x00000006ed180000, 0x00000007b9c00000)
  object space 714240K, 53% used [0x00000006c1800000,0x00000006d89cc000,0x00000006ed180000)
 Metaspace       used 2707K, capacity 4486K, committed 4864K, reserved 1056768K
  class space    used 302K, capacity 386K, committed 512K, reserved 1048576K
Heap after GC invocations=899 (full 42):
 PSYoungGen      total 89600K, used 12800K [0x00000007b9c00000, 0x00000007c0000000, 0x00000007c0000000)
  eden space 76800K, 0% used [0x00000007b9c00000,0x00000007b9c00000,0x00000007be700000)
  from space 12800K, 100% used [0x00000007be700000,0x00000007bf380000,0x00000007bf380000)
  to   space 12800K, 0% used [0x00000007bf380000,0x00000007bf380000,0x00000007c0000000)
 ParOldGen       total 714240K, used 398840K [0x00000006c1800000, 0x00000006ed180000, 0x00000007b9c00000)
  object space 714240K, 55% used [0x00000006c1800000,0x00000006d9d7e000,0x00000006ed180000)
 Metaspace       used 2707K, capacity 4486K, committed 4864K, reserved 1056768K
  class space    used 302K, capacity 386K, committed 512K, reserved 1048576K
}
{Heap before GC invocations=900 (full 42):
 PSYoungGen      total 89600K, used 89600K [0x00000007b9c00000, 0x00000007c0000000, 0x00000007c0000000)
  eden space 76800K, 100% used [0x00000007b9c00000,0x00000007be700000,0x00000007be700000)
  from space 12800K, 100% used [0x00000007be700000,0x00000007bf380000,0x00000007bf380000)
  to   space 12800K, 0% used [0x00000007bf380000,0x00000007bf380000,0x00000007c0000000)
 ParOldGen       total 714240K, used 398840K [0x00000006c1800000, 0x00000006ed180000, 0x00000007b9c00000)
  object space 714240K, 55% used [0x00000006c1800000,0x00000006d9d7e000,0x00000006ed180000)
 Metaspace       used 2707K, capacity 4486K, committed 4864K, reserved 1056768K
  class space    used 302K, capacity 386K, committed 512K, reserved 1048576K
Heap after GC invocations=900 (full 42):
 PSYoungGen      total 89600K, used 12800K [0x00000007b9c00000, 0x00000007c0000000, 0x00000007c0000000)
  eden space 76800K, 0% used [0x00000007b9c00000,0x00000007b9c00000,0x00000007be700000)
  from space 12800K, 100% used [0x00000007bf380000,0x00000007c0000000,0x00000007c0000000)
  to   space 12800K, 0% used [0x00000007be700000,0x00000007be700000,0x00000007bf380000)
 ParOldGen       total 714240K, used 419008K [0x00000006c1800000, 0x00000006ed180000, 0x00000007b9c00000)
  object space 714240K, 58% used [0x00000006c1800000,0x00000006db130000,0x00000006ed180000)
 Metaspace       used 2707K, capacity 4486K, committed 4864K, reserved 1056768K
  class space    used 302K, capacity 386K, committed 512K, reserved 1048576K
}
{Heap before GC invocations=901 (full 42):
 PSYoungGen      total 89600K, used 89600K [0x00000007b9c00000, 0x00000007c0000000, 0x00000007c0000000)
  eden space 76800K, 100% used [0x00000007b9c00000,0x00000007be700000,0x00000007be700000)
  from space 12800K, 100% used [0x00000007bf380000,0x00000007c0000000,0x00000007c0000000)
  to   space 12800K, 0% used [0x00000007be700000,0x00000007be700000,0x00000007bf380000)
 ParOldGen       total 714240K, used 419008K [0x00000006c1800000, 0x00000006ed180000, 0x00000007b9c00000)
  object space 714240K, 58% used [0x00000006c1800000,0x00000006db130000,0x00000006ed180000)
 Metaspace       used 2707K, capacity 4486K, committed 4864K, reserved 1056768K
  class space    used 302K, capacity 386K, committed 512K, reserved 1048576K
Heap after GC invocations=901 (full 42):
 PSYoungGen      total 89600K, used 12800K [0x00000007b9c00000, 0x00000007c0000000, 0x00000007c0000000)
  eden space 76800K, 0% used [0x00000007b9c00000,0x00000007b9c00000,0x00000007be700000)
  from space 12800K, 100% used [0x00000007be700000,0x00000007bf380000,0x00000007bf380000)
  to   space 12800K, 0% used [0x00000007bf380000,0x00000007bf380000,0x00000007c0000000)
 ParOldGen       total 714240K, used 439176K [0x00000006c1800000, 0x00000006ed180000, 0x00000007b9c00000)
  object space 714240K, 61% used [0x00000006c1800000,0x00000006dc4e2000,0x00000006ed180000)
 Metaspace       used 2707K, capacity 4486K, committed 4864K, reserved 1056768K
  class space    used 302K, capacity 386K, committed 512K, reserved 1048576K
}
{Heap before GC invocations=902 (full 42):
 PSYoungGen      total 89600K, used 89600K [0x00000007b9c00000, 0x00000007c0000000, 0x00000007c0000000)
  eden space 76800K, 100% used [0x00000007b9c00000,0x00000007be700000,0x00000007be700000)
  from space 12800K, 100% used [0x00000007be700000,0x00000007bf380000,0x00000007bf380000)
  to   space 12800K, 0% used [0x00000007bf380000,0x00000007bf380000,0x00000007c0000000)
 ParOldGen       total 714240K, used 439176K [0x00000006c1800000, 0x00000006ed180000, 0x00000007b9c00000)
  object space 714240K, 61% used [0x00000006c1800000,0x00000006dc4e2000,0x00000006ed180000)
 Metaspace       used 2707K, capacity 4486K, committed 4864K, reserved 1056768K
  class space    used 302K, capacity 386K, committed 512K, reserved 1048576K
Heap after GC invocations=902 (full 42):
 PSYoungGen      total 89600K, used 12800K [0x00000007b9c00000, 0x00000007c0000000, 0x00000007c0000000)
  eden space 76800K, 0% used [0x00000007b9c00000,0x00000007b9c00000,0x00000007be700000)
  from space 12800K, 100% used [0x00000007bf380000,0x00000007c0000000,0x00000007c0000000)
  to   space 12800K, 0% used [0x00000007be700000,0x00000007be700000,0x00000007bf380000)
 ParOldGen       total 714240K, used 459344K [0x00000006c1800000, 0x00000006ed180000, 0x00000007b9c00000)
  object space 714240K, 64% used [0x00000006c1800000,0x00000006dd894000,0x00000006ed180000)
 Metaspace       used 2707K, capacity 4486K, committed 4864K, reserved 1056768K
  class space    used 302K, capacity 386K, committed 512K, reserved 1048576K
}
{Heap before GC invocations=903 (full 42):
 PSYoungGen      total 89600K, used 89600K [0x00000007b9c00000, 0x00000007c0000000, 0x00000007c0000000)
  eden space 76800K, 100% used [0x00000007b9c00000,0x00000007be700000,0x00000007be700000)
  from space 12800K, 100% used [0x00000007bf380000,0x00000007c0000000,0x00000007c0000000)
  to   space 12800K, 0% used [0x00000007be700000,0x00000007be700000,0x00000007bf380000)
 ParOldGen       total 714240K, used 459344K [0x00000006c1800000, 0x00000006ed180000, 0x00000007b9c00000)
  object space 714240K, 64% used [0x00000006c1800000,0x00000006dd894000,0x00000006ed180000)
 Metaspace       used 2707K, capacity 4486K, committed 4864K, reserved 1056768K
  class space    used 302K, capacity 386K, committed 512K, reserved 1048576K
Heap after GC invocations=903 (full 42):
 PSYoungGen      total 89600K, used 12800K [0x00000007b9c00000, 0x00000007c0000000, 0x00000007c0000000)
  eden space 76800K, 0% used [0x00000007b9c00000,0x00000007b9c00000,0x00000007be700000)
  from space 12800K, 100% used [0x00000007be700000,0x00000007bf380000,0x00000007bf380000)
  to   space 12800K, 0% used [0x00000007bf380000,0x00000007bf380000,0x00000007c0000000)
 ParOldGen       total 714240K, used 479520K [0x00000006c1800000, 0x00000006ed180000, 0x00000007b9c00000)
  object space 714240K, 67% used [0x00000006c1800000,0x00000006dec48000,0x00000006ed180000)
 Metaspace       used 2707K, capacity 4486K, committed 4864K, reserved 1056768K
  class space    used 302K, capacity 386K, committed 512K, reserved 1048576K
}
{Heap before GC invocations=904 (full 42):
 PSYoungGen      total 89600K, used 89600K [0x00000007b9c00000, 0x00000007c0000000, 0x00000007c0000000)
  eden space 76800K, 100% used [0x00000007b9c00000,0x00000007be700000,0x00000007be700000)
  from space 12800K, 100% used [0x00000007be700000,0x00000007bf380000,0x00000007bf380000)
  to   space 12800K, 0% used [0x00000007bf380000,0x00000007bf380000,0x00000007c0000000)
 ParOldGen       total 714240K, used 479520K [0x00000006c1800000, 0x00000006ed180000, 0x00000007b9c00000)
  object space 714240K, 67% used [0x00000006c1800000,0x00000006dec48000,0x00000006ed180000)
 Metaspace       used 2707K, capacity 4486K, committed 4864K, reserved 1056768K
  class space    used 302K, capacity 386K, committed 512K, reserved 1048576K
Heap after GC invocations=904 (full 42):
 PSYoungGen      total 89600K, used 12800K [0x00000007b9c00000, 0x00000007c0000000, 0x00000007c0000000)
  eden space 76800K, 0% used [0x00000007b9c00000,0x00000007b9c00000,0x00000007be700000)
  from space 12800K, 100% used [0x00000007bf380000,0x00000007c0000000,0x00000007c0000000)
  to   space 12800K, 0% used [0x00000007be700000,0x00000007be700000,0x00000007bf380000)
 ParOldGen       total 714240K, used 499688K [0x00000006c1800000, 0x00000006ed180000, 0x00000007b9c00000)
  object space 714240K, 69% used [0x00000006c1800000,0x00000006dfffa000,0x00000006ed180000)
 Metaspace       used 2707K, capacity 4486K, committed 4864K, reserved 1056768K
  class space    used 302K, capacity 386K, committed 512K, reserved 1048576K
}
{Heap before GC invocations=905 (full 42):
 PSYoungGen      total 89600K, used 89600K [0x00000007b9c00000, 0x00000007c0000000, 0x00000007c0000000)
  eden space 76800K, 100% used [0x00000007b9c00000,0x00000007be700000,0x00000007be700000)
  from space 12800K, 100% used [0x00000007bf380000,0x00000007c0000000,0x00000007c0000000)
  to   space 12800K, 0% used [0x00000007be700000,0x00000007be700000,0x00000007bf380000)
 ParOldGen       total 714240K, used 499688K [0x00000006c1800000, 0x00000006ed180000, 0x00000007b9c00000)
  object space 714240K, 69% used [0x00000006c1800000,0x00000006dfffa000,0x00000006ed180000)
 Metaspace       used 2707K, capacity 4486K, committed 4864K, reserved 1056768K
  class space    used 302K, capacity 386K, committed 512K, reserved 1048576K
Heap after GC invocations=905 (full 42):
 PSYoungGen      total 89600K, used 12800K [0x00000007b9c00000, 0x00000007c0000000, 0x00000007c0000000)
  eden space 76800K, 0% used [0x00000007b9c00000,0x00000007b9c00000,0x00000007be700000)
  from space 12800K, 100% used [0x00000007be700000,0x00000007bf380000,0x00000007bf380000)
  to   space 12800K, 0% used [0x00000007bf380000,0x00000007bf380000,0x00000007c0000000)
 ParOldGen       total 714240K, used 519848K [0x00000006c1800000, 0x00000006ed180000, 0x00000007b9c00000)
  object space 714240K, 72% used [0x00000006c1800000,0x00000006e13aa000,0x00000006ed180000)
 Metaspace       used 2707K, capacity 4486K, committed 4864K, reserved 1056768K
  class space    used 302K, capacity 386K, committed 512K, reserved 1048576K
}
{Heap before GC invocations=906 (full 42):
 PSYoungGen      total 89600K, used 89600K [0x00000007b9c00000, 0x00000007c0000000, 0x00000007c0000000)
  eden space 76800K, 100% used [0x00000007b9c00000,0x00000007be700000,0x00000007be700000)
  from space 12800K, 100% used [0x00000007be700000,0x00000007bf380000,0x00000007bf380000)
  to   space 12800K, 0% used [0x00000007bf380000,0x00000007bf380000,0x00000007c0000000)
 ParOldGen       total 714240K, used 519848K [0x00000006c1800000, 0x00000006ed180000, 0x00000007b9c00000)
  object space 714240K, 72% used [0x00000006c1800000,0x00000006e13aa000,0x00000006ed180000)
 Metaspace       used 2707K, capacity 4486K, committed 4864K, reserved 1056768K
  class space    used 302K, capacity 386K, committed 512K, reserved 1048576K
Heap after GC invocations=906 (full 42):
 PSYoungGen      total 89600K, used 12800K [0x00000007b9c00000, 0x00000007c0000000, 0x00000007c0000000)
  eden space 76800K, 0% used [0x00000007b9c00000,0x00000007b9c00000,0x00000007be700000)
  from space 12800K, 100% used [0x00000007bf380000,0x00000007c0000000,0x00000007c0000000)
  to   space 12800K, 0% used [0x00000007be700000,0x00000007be700000,0x00000007bf380000)
 ParOldGen       total 714240K, used 540016K [0x00000006c1800000, 0x00000006ed180000, 0x00000007b9c00000)
  object space 714240K, 75% used [0x00000006c1800000,0x00000006e275c000,0x00000006ed180000)
 Metaspace       used 2707K, capacity 4486K, committed 4864K, reserved 1056768K
  class space    used 302K, capacity 386K, committed 512K, reserved 1048576K
}
{Heap before GC invocations=907 (full 42):
 PSYoungGen      total 89600K, used 89600K [0x00000007b9c00000, 0x00000007c0000000, 0x00000007c0000000)
  eden space 76800K, 100% used [0x00000007b9c00000,0x00000007be700000,0x00000007be700000)
  from space 12800K, 100% used [0x00000007bf380000,0x00000007c0000000,0x00000007c0000000)
  to   space 12800K, 0% used [0x00000007be700000,0x00000007be700000,0x00000007bf380000)
 ParOldGen       total 714240K, used 540016K [0x00000006c1800000, 0x00000006ed180000, 0x00000007b9c00000)
  object space 714240K, 75% used [0x00000006c1800000,0x00000006e275c000,0x00000006ed180000)
 Metaspace       used 2707K, capacity 4486K, committed 4864K, reserved 1056768K
  class space    used 302K, capacity 386K, committed 512K, reserved 1048576K
Heap after GC invocations=907 (full 42):
 PSYoungGen      total 89600K, used 12800K [0x00000007b9c00000, 0x00000007c0000000, 0x00000007c0000000)
  eden space 76800K, 0% used [0x00000007b9c00000,0x00000007b9c00000,0x00000007be700000)
  from space 12800K, 100% used [0x00000007be700000,0x00000007bf380000,0x00000007bf380000)
  to   space 12800K, 0% used [0x00000007bf380000,0x00000007bf380000,0x00000007c0000000)
 ParOldGen       total 714240K, used 560184K [0x00000006c1800000, 0x00000006ed180000, 0x00000007b9c00000)
  object space 714240K, 78% used [0x00000006c1800000,0x00000006e3b0e000,0x00000006ed180000)
 Metaspace       used 2707K, capacity 4486K, committed 4864K, reserved 1056768K
  class space    used 302K, capacity 386K, committed 512K, reserved 1048576K
}
{Heap before GC invocations=908 (full 42):
 PSYoungGen      total 89600K, used 89600K [0x00000007b9c00000, 0x00000007c0000000, 0x00000007c0000000)
  eden space 76800K, 100% used [0x00000007b9c00000,0x00000007be700000,0x00000007be700000)
  from space 12800K, 100% used [0x00000007be700000,0x00000007bf380000,0x00000007bf380000)
  to   space 12800K, 0% used [0x00000007bf380000,0x00000007bf380000,0x00000007c0000000)
 ParOldGen       total 714240K, used 560184K [0x00000006c1800000, 0x00000006ed180000, 0x00000007b9c00000)
  object space 714240K, 78% used [0x00000006c1800000,0x00000006e3b0e000,0x00000006ed180000)
 Metaspace       used 2707K, capacity 4486K, committed 4864K, reserved 1056768K
  class space    used 302K, capacity 386K, committed 512K, reserved 1048576K
Heap after GC invocations=908 (full 42):
 PSYoungGen      total 89600K, used 12800K [0x00000007b9c00000, 0x00000007c0000000, 0x00000007c0000000)
  eden space 76800K, 0% used [0x00000007b9c00000,0x00000007b9c00000,0x00000007be700000)
  from space 12800K, 100% used [0x00000007bf380000,0x00000007c0000000,0x00000007c0000000)
  to   space 12800K, 0% used [0x00000007be700000,0x00000007be700000,0x00000007bf380000)
 ParOldGen       total 714240K, used 580344K [0x00000006c1800000, 0x00000006ed180000, 0x00000007b9c00000)
  object space 714240K, 81% used [0x00000006c1800000,0x00000006e4ebe000,0x00000006ed180000)
 Metaspace       used 2707K, capacity 4486K, committed 4864K, reserved 1056768K
  class space    used 302K, capacity 386K, committed 512K, reserved 1048576K
}
{Heap before GC invocations=909 (full 42):
 PSYoungGen      total 89600K, used 89600K [0x00000007b9c00000, 0x00000007c0000000, 0x00000007c0000000)
  eden space 76800K, 100% used [0x00000007b9c00000,0x00000007be700000,0x00000007be700000)
  from space 12800K, 100% used [0x00000007bf380000,0x00000007c0000000,0x00000007c0000000)
  to   space 12800K, 0% used [0x00000007be700000,0x00000007be700000,0x00000007bf380000)
 ParOldGen       total 714240K, used 580344K [0x00000006c1800000, 0x00000006ed180000, 0x00000007b9c00000)
  object space 714240K, 81% used [0x00000006c1800000,0x00000006e4ebe000,0x00000006ed180000)
 Metaspace       used 2707K, capacity 4486K, committed 4864K, reserved 1056768K
  class space    used 302K, capacity 386K, committed 512K, reserved 1048576K
Heap after GC invocations=909 (full 42):
 PSYoungGen      total 89600K, used 12800K [0x00000007b9c00000, 0x00000007c0000000, 0x00000007c0000000)
  eden space 76800K, 0% used [0x00000007b9c00000,0x00000007b9c00000,0x00000007be700000)
  from space 12800K, 100% used [0x00000007be700000,0x00000007bf380000,0x00000007bf380000)
  to   space 12800K, 0% used [0x00000007bf380000,0x00000007bf380000,0x00000007c0000000)
 ParOldGen       total 714240K, used 600504K [0x00000006c1800000, 0x00000006ed180000, 0x00000007b9c00000)
  object space 714240K, 84% used [0x00000006c1800000,0x00000006e626e000,0x00000006ed180000)
 Metaspace       used 2707K, capacity 4486K, committed 4864K, reserved 1056768K
  class space    used 302K, capacity 386K, committed 512K, reserved 1048576K
}
{Heap before GC invocations=910 (full 42):
 PSYoungGen      total 89600K, used 89600K [0x00000007b9c00000, 0x00000007c0000000, 0x00000007c0000000)
  eden space 76800K, 100% used [0x00000007b9c00000,0x00000007be700000,0x00000007be700000)
  from space 12800K, 100% used [0x00000007be700000,0x00000007bf380000,0x00000007bf380000)
  to   space 12800K, 0% used [0x00000007bf380000,0x00000007bf380000,0x00000007c0000000)
 ParOldGen       total 714240K, used 600504K [0x00000006c1800000, 0x00000006ed180000, 0x00000007b9c00000)
  object space 714240K, 84% used [0x00000006c1800000,0x00000006e626e000,0x00000006ed180000)
 Metaspace       used 2707K, capacity 4486K, committed 4864K, reserved 1056768K
  class space    used 302K, capacity 386K, committed 512K, reserved 1048576K
Heap after GC invocations=910 (full 42):
 PSYoungGen      total 89600K, used 12800K [0x00000007b9c00000, 0x00000007c0000000, 0x00000007c0000000)
  eden space 76800K, 0% used [0x00000007b9c00000,0x00000007b9c00000,0x00000007be700000)
  from space 12800K, 100% used [0x00000007bf380000,0x00000007c0000000,0x00000007c0000000)
  to   space 12800K, 0% used [0x00000007be700000,0x00000007be700000,0x00000007bf380000)
 ParOldGen       total 714240K, used 620672K [0x00000006c1800000, 0x00000006ed180000, 0x00000007b9c00000)
  object space 714240K, 86% used [0x00000006c1800000,0x00000006e7620000,0x00000006ed180000)
 Metaspace       used 2707K, capacity 4486K, committed 4864K, reserved 1056768K
  class space    used 302K, capacity 386K, committed 512K, reserved 1048576K
}
{Heap before GC invocations=911 (full 42):
 PSYoungGen      total 89600K, used 89600K [0x00000007b9c00000, 0x00000007c0000000, 0x00000007c0000000)
  eden space 76800K, 100% used [0x00000007b9c00000,0x00000007be700000,0x00000007be700000)
  from space 12800K, 100% used [0x00000007bf380000,0x00000007c0000000,0x00000007c0000000)
  to   space 12800K, 0% used [0x00000007be700000,0x00000007be700000,0x00000007bf380000)
 ParOldGen       total 714240K, used 620672K [0x00000006c1800000, 0x00000006ed180000, 0x00000007b9c00000)
  object space 714240K, 86% used [0x00000006c1800000,0x00000006e7620000,0x00000006ed180000)
 Metaspace       used 2707K, capacity 4486K, committed 4864K, reserved 1056768K
  class space    used 302K, capacity 386K, committed 512K, reserved 1048576K
Heap after GC invocations=911 (full 42):
 PSYoungGen      total 89600K, used 12800K [0x00000007b9c00000, 0x00000007c0000000, 0x00000007c0000000)
  eden space 76800K, 0% used [0x00000007b9c00000,0x00000007b9c00000,0x00000007be700000)
  from space 12800K, 100% used [0x00000007be700000,0x00000007bf380000,0x00000007bf380000)
  to   space 12800K, 0% used [0x00000007bf380000,0x00000007bf380000,0x00000007c0000000)
 ParOldGen       total 714240K, used 640848K [0x00000006c1800000, 0x00000006ed180000, 0x00000007b9c00000)
  object space 714240K, 89% used [0x00000006c1800000,0x00000006e89d4000,0x00000006ed180000)
 Metaspace       used 2707K, capacity 4486K, committed 4864K, reserved 1056768K
  class space    used 302K, capacity 386K, committed 512K, reserved 1048576K
}
{Heap before GC invocations=912 (full 42):
 PSYoungGen      total 89600K, used 89600K [0x00000007b9c00000, 0x00000007c0000000, 0x00000007c0000000)
  eden space 76800K, 100% used [0x00000007b9c00000,0x00000007be700000,0x00000007be700000)
  from space 12800K, 100% used [0x00000007be700000,0x00000007bf380000,0x00000007bf380000)
  to   space 12800K, 0% used [0x00000007bf380000,0x00000007bf380000,0x00000007c0000000)
 ParOldGen       total 714240K, used 640848K [0x00000006c1800000, 0x00000006ed180000, 0x00000007b9c00000)
  object space 714240K, 89% used [0x00000006c1800000,0x00000006e89d4000,0x00000006ed180000)
 Metaspace       used 2707K, capacity 4486K, committed 4864K, reserved 1056768K
  class space    used 302K, capacity 386K, committed 512K, reserved 1048576K
Heap after GC invocations=912 (full 42):
 PSYoungGen      total 89600K, used 12800K [0x00000007b9c00000, 0x00000007c0000000, 0x00000007c0000000)
  eden space 76800K, 0% used [0x00000007b9c00000,0x00000007b9c00000,0x00000007be700000)
  from space 12800K, 100% used [0x00000007bf380000,0x00000007c0000000,0x00000007c0000000)
  to   space 12800K, 0% used [0x00000007be700000,0x00000007be700000,0x00000007bf380000)
 ParOldGen       total 714240K, used 661024K [0x00000006c1800000, 0x00000006ed180000, 0x00000007b9c00000)
  object space 714240K, 92% used [0x00000006c1800000,0x00000006e9d88000,0x00000006ed180000)
 Metaspace       used 2707K, capacity 4486K, committed 4864K, reserved 1056768K
  class space    used 302K, capacity 386K, committed 512K, reserved 1048576K
}
{Heap before GC invocations=913 (full 42):
 PSYoungGen      total 89600K, used 89600K [0x00000007b9c00000, 0x00000007c0000000, 0x00000007c0000000)
  eden space 76800K, 100% used [0x00000007b9c00000,0x00000007be700000,0x00000007be700000)
  from space 12800K, 100% used [0x00000007bf380000,0x00000007c0000000,0x00000007c0000000)
  to   space 12800K, 0% used [0x00000007be700000,0x00000007be700000,0x00000007bf380000)
 ParOldGen       total 714240K, used 661024K [0x00000006c1800000, 0x00000006ed180000, 0x00000007b9c00000)
  object space 714240K, 92% used [0x00000006c1800000,0x00000006e9d88000,0x00000006ed180000)
 Metaspace       used 2707K, capacity 4486K, committed 4864K, reserved 1056768K
  class space    used 302K, capacity 386K, committed 512K, reserved 1048576K
Heap after GC invocations=913 (full 42):
 PSYoungGen      total 89600K, used 12800K [0x00000007b9c00000, 0x00000007c0000000, 0x00000007c0000000)
  eden space 76800K, 0% used [0x00000007b9c00000,0x00000007b9c00000,0x00000007be700000)
  from space 12800K, 100% used [0x00000007be700000,0x00000007bf380000,0x00000007bf380000)
  to   space 12800K, 0% used [0x00000007bf380000,0x00000007bf380000,0x00000007c0000000)
 ParOldGen       total 714240K, used 681192K [0x00000006c1800000, 0x00000006ed180000, 0x00000007b9c00000)
  object space 714240K, 95% used [0x00000006c1800000,0x00000006eb13a000,0x00000006ed180000)
 Metaspace       used 2707K, capacity 4486K, committed 4864K, reserved 1056768K
  class space    used 302K, capacity 386K, committed 512K, reserved 1048576K
}
{Heap before GC invocations=914 (full 42):
 PSYoungGen      total 89600K, used 89600K [0x00000007b9c00000, 0x00000007c0000000, 0x00000007c0000000)
  eden space 76800K, 100% used [0x00000007b9c00000,0x00000007be700000,0x00000007be700000)
  from space 12800K, 100% used [0x00000007be700000,0x00000007bf380000,0x00000007bf380000)
  to   space 12800K, 0% used [0x00000007bf380000,0x00000007bf380000,0x00000007c0000000)
 ParOldGen       total 714240K, used 681192K [0x00000006c1800000, 0x00000006ed180000, 0x00000007b9c00000)
  object space 714240K, 95% used [0x00000006c1800000,0x00000006eb13a000,0x00000006ed180000)
 Metaspace       used 2707K, capacity 4486K, committed 4864K, reserved 1056768K
  class space    used 302K, capacity 386K, committed 512K, reserved 1048576K
Heap after GC invocations=914 (full 42):
 PSYoungGen      total 89600K, used 12800K [0x00000007b9c00000, 0x00000007c0000000, 0x00000007c0000000)
  eden space 76800K, 0% used [0x00000007b9c00000,0x00000007b9c00000,0x00000007be700000)
  from space 12800K, 100% used [0x00000007bf380000,0x00000007c0000000,0x00000007c0000000)
  to   space 12800K, 0% used [0x00000007be700000,0x00000007be700000,0x00000007bf380000)
 ParOldGen       total 714240K, used 701352K [0x00000006c1800000, 0x00000006ed180000, 0x00000007b9c00000)
  object space 714240K, 98% used [0x00000006c1800000,0x00000006ec4ea000,0x00000006ed180000)
 Metaspace       used 2707K, capacity 4486K, committed 4864K, reserved 1056768K
  class space    used 302K, capacity 386K, committed 512K, reserved 1048576K
}
{Heap before GC invocations=915 (full 43):
 PSYoungGen      total 89600K, used 12800K [0x00000007b9c00000, 0x00000007c0000000, 0x00000007c0000000)
  eden space 76800K, 0% used [0x00000007b9c00000,0x00000007b9c00000,0x00000007be700000)
  from space 12800K, 100% used [0x00000007bf380000,0x00000007c0000000,0x00000007c0000000)
  to   space 12800K, 0% used [0x00000007be700000,0x00000007be700000,0x00000007bf380000)
 ParOldGen       total 714240K, used 701352K [0x00000006c1800000, 0x00000006ed180000, 0x00000007b9c00000)
  object space 714240K, 98% used [0x00000006c1800000,0x00000006ec4ea000,0x00000006ed180000)
 Metaspace       used 2707K, capacity 4486K, committed 4864K, reserved 1056768K
  class space    used 302K, capacity 386K, committed 512K, reserved 1048576K
Heap after GC invocations=915 (full 43):
 PSYoungGen      total 89600K, used 0K [0x00000007b9c00000, 0x00000007c0000000, 0x00000007c0000000)
  eden space 76800K, 0% used [0x00000007b9c00000,0x00000007b9c00000,0x00000007be700000)
  from space 12800K, 0% used [0x00000007bf380000,0x00000007bf380000,0x00000007c0000000)
  to   space 12800K, 0% used [0x00000007be700000,0x00000007be700000,0x00000007bf380000)
 ParOldGen       total 726528K, used 35840K [0x00000006c1800000, 0x00000006edd80000, 0x00000007b9c00000)
  object space 726528K, 4% used [0x00000006c1800000,0x00000006c3b00000,0x00000006edd80000)
 Metaspace       used 2707K, capacity 4486K, committed 4864K, reserved 1056768K
  class space    used 302K, capacity 386K, committed 512K, reserved 1048576K
}
{Heap before GC invocations=916 (full 43):
 PSYoungGen      total 89600K, used 76800K [0x00000007b9c00000, 0x00000007c0000000, 0x00000007c0000000)
  eden space 76800K, 100% used [0x00000007b9c00000,0x00000007be700000,0x00000007be700000)
  from space 12800K, 0% used [0x00000007bf380000,0x00000007bf380000,0x00000007c0000000)
  to   space 12800K, 0% used [0x00000007be700000,0x00000007be700000,0x00000007bf380000)
 ParOldGen       total 726528K, used 35840K [0x00000006c1800000, 0x00000006edd80000, 0x00000007b9c00000)
  object space 726528K, 4% used [0x00000006c1800000,0x00000006c3b00000,0x00000006edd80000)
 Metaspace       used 2707K, capacity 4486K, committed 4864K, reserved 1056768K
  class space    used 302K, capacity 386K, committed 512K, reserved 1048576K
Heap after GC invocations=916 (full 43):
 PSYoungGen      total 89600K, used 12800K [0x00000007b9c00000, 0x00000007c0000000, 0x00000007c0000000)
  eden space 76800K, 0% used [0x00000007b9c00000,0x00000007b9c00000,0x00000007be700000)
  from space 12800K, 100% used [0x00000007be700000,0x00000007bf380000,0x00000007bf380000)
  to   space 12800K, 0% used [0x00000007bf380000,0x00000007bf380000,0x00000007c0000000)
 ParOldGen       total 726528K, used 56008K [0x00000006c1800000, 0x00000006edd80000, 0x00000007b9c00000)
  object space 726528K, 7% used [0x00000006c1800000,0x00000006c4eb2000,0x00000006edd80000)
 Metaspace       used 2707K, capacity 4486K, committed 4864K, reserved 1056768K
  class space    used 302K, capacity 386K, committed 512K, reserved 1048576K
}
